2025-02-28T15:25:14.9681248Z Current runner version: '2.322.0'
2025-02-28T15:25:14.9706397Z ##[group]Operating System
2025-02-28T15:25:14.9707335Z Ubuntu
2025-02-28T15:25:14.9707936Z 24.04.2
2025-02-28T15:25:14.9708492Z LTS
2025-02-28T15:25:14.9708942Z ##[endgroup]
2025-02-28T15:25:14.9709511Z ##[group]Runner Image
2025-02-28T15:25:14.9710118Z Image: ubuntu-24.04
2025-02-28T15:25:14.9710651Z Version: 20250223.1.0
2025-02-28T15:25:14.9711756Z Included Software: https://github.com/actions/runner-images/blob/ubuntu24/20250223.1/images/ubuntu/Ubuntu2404-Readme.md
2025-02-28T15:25:14.9713139Z Image Release: https://github.com/actions/runner-images/releases/tag/ubuntu24%2F20250223.1
2025-02-28T15:25:14.9714223Z ##[endgroup]
2025-02-28T15:25:14.9714853Z ##[group]Runner Image Provisioner
2025-02-28T15:25:14.9715499Z 2.0.422.1
2025-02-28T15:25:14.9715981Z ##[endgroup]
2025-02-28T15:25:14.9718174Z ##[group]GITHUB_TOKEN Permissions
2025-02-28T15:25:14.9720274Z Actions: read
2025-02-28T15:25:14.9721131Z Attestations: read
2025-02-28T15:25:14.9721829Z Checks: read
2025-02-28T15:25:14.9722343Z Contents: read
2025-02-28T15:25:14.9722983Z Deployments: read
2025-02-28T15:25:14.9724138Z Discussions: read
2025-02-28T15:25:14.9725013Z Issues: read
2025-02-28T15:25:14.9725799Z Metadata: read
2025-02-28T15:25:14.9726604Z Packages: read
2025-02-28T15:25:14.9727392Z Pages: read
2025-02-28T15:25:14.9727959Z PullRequests: read
2025-02-28T15:25:14.9728583Z RepositoryProjects: read
2025-02-28T15:25:14.9729201Z SecurityEvents: read
2025-02-28T15:25:14.9729721Z Statuses: read
2025-02-28T15:25:14.9730292Z ##[endgroup]
2025-02-28T15:25:14.9733194Z Secret source: None
2025-02-28T15:25:14.9734608Z Prepare workflow directory
2025-02-28T15:25:15.0197225Z Prepare all required actions
2025-02-28T15:25:15.0232894Z Getting action download info
2025-02-28T15:25:15.2313011Z Download action repository 'actions/checkout@v4.2.2' (SHA:11bd71901bbe5b1630ceea73d27597364c9af683)
2025-02-28T15:25:15.3159300Z Download action repository 'actions/setup-python@v5.4.0' (SHA:42375524e23c412d93fb67b49958b491fce71c38)
2025-02-28T15:25:15.4131032Z Download action repository 'beeware/.github@main' (SHA:a66b93162808d34adf5280c28104b75f8e0d70d3)
2025-02-28T15:25:15.5826395Z Download action repository 'actions/download-artifact@v4.1.8' (SHA:fa0a91b85d4f404e444e00e005971372dc801d16)
2025-02-28T15:25:15.8177122Z Download action repository 'actions/upload-artifact@v4.6.1' (SHA:4cec3d8aa04e39d1a68397de0c4cd6fb9dce8ec1)
2025-02-28T15:25:16.1972157Z Getting action download info
2025-02-28T15:25:16.2808192Z Download action repository 'actions/checkout@v4.1.6' (SHA:a5ac7e51b41094c92402da3b24376905380afc29)
2025-02-28T15:25:16.3693194Z Complete job name: Test travertino (ubuntu-latest, 3.9)
2025-02-28T15:25:16.4519348Z ##[group]Run actions/checkout@v4.2.2
2025-02-28T15:25:16.4520824Z with:
2025-02-28T15:25:16.4521302Z   fetch-depth: 0
2025-02-28T15:25:16.4521805Z   repository: beeware/toga
2025-02-28T15:25:16.4522574Z   token: ***
2025-02-28T15:25:16.4523057Z   ssh-strict: true
2025-02-28T15:25:16.4523787Z   ssh-user: git
2025-02-28T15:25:16.4524465Z   persist-credentials: true
2025-02-28T15:25:16.4525014Z   clean: true
2025-02-28T15:25:16.4525502Z   sparse-checkout-cone-mode: true
2025-02-28T15:25:16.4526101Z   fetch-tags: false
2025-02-28T15:25:16.4526598Z   show-progress: true
2025-02-28T15:25:16.4527089Z   lfs: false
2025-02-28T15:25:16.4527530Z   submodules: false
2025-02-28T15:25:16.4528027Z   set-safe-directory: true
2025-02-28T15:25:16.4528845Z env:
2025-02-28T15:25:16.4529292Z   min_python_version: 3.9
2025-02-28T15:25:16.4529834Z   max_python_version: 3.12
2025-02-28T15:25:16.4530366Z   FORCE_COLOR: 1
2025-02-28T15:25:16.4530826Z ##[endgroup]
2025-02-28T15:25:16.6207095Z Syncing repository: beeware/toga
2025-02-28T15:25:16.6209420Z ##[group]Getting Git version info
2025-02-28T15:25:16.6210408Z Working directory is '/home/runner/work/toga/toga'
2025-02-28T15:25:16.6212114Z [command]/usr/bin/git version
2025-02-28T15:25:16.6250661Z git version 2.48.1
2025-02-28T15:25:16.6279633Z ##[endgroup]
2025-02-28T15:25:16.6296336Z Temporarily overriding HOME='/home/runner/work/_temp/a2fab0e3-65d5-4c60-a418-87c67aaf8ec5' before making global git config changes
2025-02-28T15:25:16.6299631Z Adding repository directory to the temporary git global config as a safe directory
2025-02-28T15:25:16.6302316Z [command]/usr/bin/git config --global --add safe.directory /home/runner/work/toga/toga
2025-02-28T15:25:16.6338349Z Deleting the contents of '/home/runner/work/toga/toga'
2025-02-28T15:25:16.6342870Z ##[group]Initializing the repository
2025-02-28T15:25:16.6347748Z [command]/usr/bin/git init /home/runner/work/toga/toga
2025-02-28T15:25:16.6409810Z hint: Using 'master' as the name for the initial branch. This default branch name
2025-02-28T15:25:16.6411376Z hint: is subject to change. To configure the initial branch name to use in all
2025-02-28T15:25:16.6412573Z hint: of your new repositories, which will suppress this warning, call:
2025-02-28T15:25:16.6414237Z hint:
2025-02-28T15:25:16.6414924Z hint: 	git config --global init.defaultBranch <name>
2025-02-28T15:25:16.6416081Z hint:
2025-02-28T15:25:16.6417336Z hint: Names commonly chosen instead of 'master' are 'main', 'trunk' and
2025-02-28T15:25:16.6419519Z hint: 'development'. The just-created branch can be renamed via this command:
2025-02-28T15:25:16.6421256Z hint:
2025-02-28T15:25:16.6422074Z hint: 	git branch -m <name>
2025-02-28T15:25:16.6423749Z Initialized empty Git repository in /home/runner/work/toga/toga/.git/
2025-02-28T15:25:16.6428310Z [command]/usr/bin/git remote add origin https://github.com/beeware/toga
2025-02-28T15:25:16.6465729Z ##[endgroup]
2025-02-28T15:25:16.6466755Z ##[group]Disabling automatic garbage collection
2025-02-28T15:25:16.6470904Z [command]/usr/bin/git config --local gc.auto 0
2025-02-28T15:25:16.6502267Z ##[endgroup]
2025-02-28T15:25:16.6503982Z ##[group]Setting up auth
2025-02-28T15:25:16.6510292Z [command]/usr/bin/git config --local --name-only --get-regexp core\.sshCommand
2025-02-28T15:25:16.6542924Z [command]/usr/bin/git submodule foreach --recursive sh -c "git config --local --name-only --get-regexp 'core\.sshCommand' && git config --local --unset-all 'core.sshCommand' || :"
2025-02-28T15:25:16.6967635Z [command]/usr/bin/git config --local --name-only --get-regexp http\.https\:\/\/github\.com\/\.extraheader
2025-02-28T15:25:16.6999661Z [command]/usr/bin/git submodule foreach --recursive sh -c "git config --local --name-only --get-regexp 'http\.https\:\/\/github\.com\/\.extraheader' && git config --local --unset-all 'http.https://github.com/.extraheader' || :"
2025-02-28T15:25:16.7241017Z [command]/usr/bin/git config --local http.https://github.com/.extraheader AUTHORIZATION: basic ***
2025-02-28T15:25:16.7279306Z ##[endgroup]
2025-02-28T15:25:16.7280210Z ##[group]Fetching the repository
2025-02-28T15:25:16.7288869Z [command]/usr/bin/git -c protocol.version=2 fetch --prune --no-recurse-submodules origin +refs/heads/*:refs/remotes/origin/* +refs/tags/*:refs/tags/* +68266e24a68fb42fbbeefb9a1fc4181dfda30fbe:refs/remotes/pull/3217/merge
2025-02-28T15:25:18.8813251Z From https://github.com/beeware/toga
2025-02-28T15:25:18.8815267Z  * [new branch]          main         -> origin/main
2025-02-28T15:25:18.8816023Z  * [new branch]          pre-0.5      -> origin/pre-0.5
2025-02-28T15:25:18.8816793Z  * [new tag]             0.2.6        -> 0.2.6
2025-02-28T15:25:18.8817360Z  * [new tag]             v0.0.1rc1    -> v0.0.1rc1
2025-02-28T15:25:18.8817930Z  * [new tag]             v0.0.1rc10   -> v0.0.1rc10
2025-02-28T15:25:18.8819415Z  * [new tag]             v0.0.1rc5    -> v0.0.1rc5
2025-02-28T15:25:18.8820065Z  * [new tag]             v0.0.1rc6    -> v0.0.1rc6
2025-02-28T15:25:18.8821238Z  * [new tag]             v0.1.0       -> v0.1.0
2025-02-28T15:25:18.8821984Z  * [new tag]             v0.1.1       -> v0.1.1
2025-02-28T15:25:18.8822700Z  * [new tag]             v0.1.2       -> v0.1.2
2025-02-28T15:25:18.8823458Z  * [new tag]             v0.2.0       -> v0.2.0
2025-02-28T15:25:18.8826804Z  * [new tag]             v0.2.0.dev1  -> v0.2.0.dev1
2025-02-28T15:25:18.8827909Z  * [new tag]             v0.2.1       -> v0.2.1
2025-02-28T15:25:18.8828625Z  * [new tag]             v0.2.10      -> v0.2.10
2025-02-28T15:25:18.8829435Z  * [new tag]             v0.2.11      -> v0.2.11
2025-02-28T15:25:18.8830052Z  * [new tag]             v0.2.12      -> v0.2.12
2025-02-28T15:25:18.8830692Z  * [new tag]             v0.2.13      -> v0.2.13
2025-02-28T15:25:18.8832975Z  * [new tag]             v0.2.14      -> v0.2.14
2025-02-28T15:25:18.8833888Z  * [new tag]             v0.2.15      -> v0.2.15
2025-02-28T15:25:18.8834746Z  * [new tag]             v0.2.2       -> v0.2.2
2025-02-28T15:25:18.8835540Z  * [new tag]             v0.2.3       -> v0.2.3
2025-02-28T15:25:18.8836199Z  * [new tag]             v0.2.4       -> v0.2.4
2025-02-28T15:25:18.8836816Z  * [new tag]             v0.2.5       -> v0.2.5
2025-02-28T15:25:18.8838304Z  * [new tag]             v0.2.6       -> v0.2.6
2025-02-28T15:25:18.8839554Z  * [new tag]             v0.2.7       -> v0.2.7
2025-02-28T15:25:18.8840875Z  * [new tag]             v0.2.8       -> v0.2.8
2025-02-28T15:25:18.8842210Z  * [new tag]             v0.2.9       -> v0.2.9
2025-02-28T15:25:18.8843846Z  * [new tag]             v0.3.0       -> v0.3.0
2025-02-28T15:25:18.8845678Z  * [new tag]             v0.3.0.dev1  -> v0.3.0.dev1
2025-02-28T15:25:18.8846874Z  * [new tag]             v0.3.0.dev10 -> v0.3.0.dev10
2025-02-28T15:25:18.8848339Z  * [new tag]             v0.3.0.dev11 -> v0.3.0.dev11
2025-02-28T15:25:18.8849680Z  * [new tag]             v0.3.0.dev12 -> v0.3.0.dev12
2025-02-28T15:25:18.8851101Z  * [new tag]             v0.3.0.dev13 -> v0.3.0.dev13
2025-02-28T15:25:18.8852563Z  * [new tag]             v0.3.0.dev14 -> v0.3.0.dev14
2025-02-28T15:25:18.8854211Z  * [new tag]             v0.3.0.dev15 -> v0.3.0.dev15
2025-02-28T15:25:18.8855654Z  * [new tag]             v0.3.0.dev16 -> v0.3.0.dev16
2025-02-28T15:25:18.8856972Z  * [new tag]             v0.3.0.dev17 -> v0.3.0.dev17
2025-02-28T15:25:18.8858359Z  * [new tag]             v0.3.0.dev18 -> v0.3.0.dev18
2025-02-28T15:25:18.8859959Z  * [new tag]             v0.3.0.dev19 -> v0.3.0.dev19
2025-02-28T15:25:18.8861298Z  * [new tag]             v0.3.0.dev2  -> v0.3.0.dev2
2025-02-28T15:25:18.8862832Z  * [new tag]             v0.3.0.dev20 -> v0.3.0.dev20
2025-02-28T15:25:18.8864586Z  * [new tag]             v0.3.0.dev21 -> v0.3.0.dev21
2025-02-28T15:25:18.8865990Z  * [new tag]             v0.3.0.dev22 -> v0.3.0.dev22
2025-02-28T15:25:18.8867582Z  * [new tag]             v0.3.0.dev23 -> v0.3.0.dev23
2025-02-28T15:25:18.8869070Z  * [new tag]             v0.3.0.dev24 -> v0.3.0.dev24
2025-02-28T15:25:18.8870452Z  * [new tag]             v0.3.0.dev25 -> v0.3.0.dev25
2025-02-28T15:25:18.8872152Z  * [new tag]             v0.3.0.dev26 -> v0.3.0.dev26
2025-02-28T15:25:18.8873514Z  * [new tag]             v0.3.0.dev27 -> v0.3.0.dev27
2025-02-28T15:25:18.8875162Z  * [new tag]             v0.3.0.dev28 -> v0.3.0.dev28
2025-02-28T15:25:18.8876582Z  * [new tag]             v0.3.0.dev29 -> v0.3.0.dev29
2025-02-28T15:25:18.8877985Z  * [new tag]             v0.3.0.dev3  -> v0.3.0.dev3
2025-02-28T15:25:18.8879540Z  * [new tag]             v0.3.0.dev30 -> v0.3.0.dev30
2025-02-28T15:25:18.8880964Z  * [new tag]             v0.3.0.dev32 -> v0.3.0.dev32
2025-02-28T15:25:18.8882439Z  * [new tag]             v0.3.0.dev33 -> v0.3.0.dev33
2025-02-28T15:25:18.8883944Z  * [new tag]             v0.3.0.dev34 -> v0.3.0.dev34
2025-02-28T15:25:18.8885517Z  * [new tag]             v0.3.0.dev35 -> v0.3.0.dev35
2025-02-28T15:25:18.8887011Z  * [new tag]             v0.3.0.dev36 -> v0.3.0.dev36
2025-02-28T15:25:18.8888368Z  * [new tag]             v0.3.0.dev37 -> v0.3.0.dev37
2025-02-28T15:25:18.8889841Z  * [new tag]             v0.3.0.dev38 -> v0.3.0.dev38
2025-02-28T15:25:18.8891243Z  * [new tag]             v0.3.0.dev39 -> v0.3.0.dev39
2025-02-28T15:25:18.8892704Z  * [new tag]             v0.3.0.dev4  -> v0.3.0.dev4
2025-02-28T15:25:18.8894400Z  * [new tag]             v0.3.0.dev5  -> v0.3.0.dev5
2025-02-28T15:25:18.8895769Z  * [new tag]             v0.3.0.dev6  -> v0.3.0.dev6
2025-02-28T15:25:18.8897146Z  * [new tag]             v0.3.0.dev7  -> v0.3.0.dev7
2025-02-28T15:25:18.8898576Z  * [new tag]             v0.3.0.dev8  -> v0.3.0.dev8
2025-02-28T15:25:18.8900077Z  * [new tag]             v0.3.0.dev9  -> v0.3.0.dev9
2025-02-28T15:25:18.8901460Z  * [new tag]             v0.3.0rc0    -> v0.3.0rc0
2025-02-28T15:25:18.8903012Z  * [new tag]             v0.3.1       -> v0.3.1
2025-02-28T15:25:18.8904956Z  * [new tag]             v0.4.0       -> v0.4.0
2025-02-28T15:25:18.8906320Z  * [new tag]             v0.4.1       -> v0.4.1
2025-02-28T15:25:18.8907872Z  * [new tag]             v0.4.2       -> v0.4.2
2025-02-28T15:25:18.8909827Z  * [new tag]             v0.4.3       -> v0.4.3
2025-02-28T15:25:18.8910994Z  * [new tag]             v0.4.4       -> v0.4.4
2025-02-28T15:25:18.8912563Z  * [new tag]             v0.4.5       -> v0.4.5
2025-02-28T15:25:18.8914260Z  * [new tag]             v0.4.6       -> v0.4.6
2025-02-28T15:25:18.8916336Z  * [new tag]             v0.4.7       -> v0.4.7
2025-02-28T15:25:18.8917652Z  * [new tag]             v0.4.8       -> v0.4.8
2025-02-28T15:25:18.8918848Z  * [new tag]             v0.4.9       -> v0.4.9
2025-02-28T15:25:18.8922721Z  * [new ref]             68266e24a68fb42fbbeefb9a1fc4181dfda30fbe -> pull/3217/merge
2025-02-28T15:25:18.9127427Z ##[endgroup]
2025-02-28T15:25:18.9128205Z ##[group]Determining the checkout info
2025-02-28T15:25:18.9129127Z ##[endgroup]
2025-02-28T15:25:18.9134004Z [command]/usr/bin/git sparse-checkout disable
2025-02-28T15:25:18.9170749Z [command]/usr/bin/git config --local --unset-all extensions.worktreeConfig
2025-02-28T15:25:18.9197388Z ##[group]Checking out the ref
2025-02-28T15:25:18.9201037Z [command]/usr/bin/git checkout --progress --force refs/remotes/pull/3217/merge
2025-02-28T15:25:19.1041845Z Note: switching to 'refs/remotes/pull/3217/merge'.
2025-02-28T15:25:19.1042413Z 
2025-02-28T15:25:19.1042810Z You are in 'detached HEAD' state. You can look around, make experimental
2025-02-28T15:25:19.1043971Z changes and commit them, and you can discard any commits you make in this
2025-02-28T15:25:19.1045018Z state without impacting any branches by switching back to a branch.
2025-02-28T15:25:19.1045575Z 
2025-02-28T15:25:19.1045929Z If you want to create a new branch to retain commits you create, you may
2025-02-28T15:25:19.1046572Z do so (now or later) by using -c with the switch command. Example:
2025-02-28T15:25:19.1046945Z 
2025-02-28T15:25:19.1047116Z   git switch -c <new-branch-name>
2025-02-28T15:25:19.1047374Z 
2025-02-28T15:25:19.1047507Z Or undo this operation with:
2025-02-28T15:25:19.1047712Z 
2025-02-28T15:25:19.1047817Z   git switch -
2025-02-28T15:25:19.1047987Z 
2025-02-28T15:25:19.1048569Z Turn off this advice by setting config variable advice.detachedHead to false
2025-02-28T15:25:19.1048996Z 
2025-02-28T15:25:19.1049430Z HEAD is now at 68266e24a Merge ee512b602a87bb9213021e3ceab7c75b22852c2d into 39458b6f220cd2eeafe9dcf5d470bd504914850a
2025-02-28T15:25:19.1065864Z ##[endgroup]
2025-02-28T15:25:19.1108898Z [command]/usr/bin/git log -1 --format=%H
2025-02-28T15:25:19.1133173Z 68266e24a68fb42fbbeefb9a1fc4181dfda30fbe
2025-02-28T15:25:19.1350679Z ##[group]Run actions/setup-python@v5.4.0
2025-02-28T15:25:19.1351001Z with:
2025-02-28T15:25:19.1351203Z   python-version: 3.9
2025-02-28T15:25:19.1351439Z   allow-prereleases: true
2025-02-28T15:25:19.1351672Z   check-latest: false
2025-02-28T15:25:19.1352005Z   token: ***
2025-02-28T15:25:19.1352223Z   update-environment: true
2025-02-28T15:25:19.1352449Z env:
2025-02-28T15:25:19.1352631Z   min_python_version: 3.9
2025-02-28T15:25:19.1352857Z   max_python_version: 3.12
2025-02-28T15:25:19.1353076Z   FORCE_COLOR: 1
2025-02-28T15:25:19.1353415Z ##[endgroup]
2025-02-28T15:25:19.3060277Z ##[group]Installed versions
2025-02-28T15:25:19.3122872Z Successfully set up CPython (3.9.21)
2025-02-28T15:25:19.3123790Z ##[endgroup]
2025-02-28T15:25:19.3267878Z ##[group]Run beeware/.github/.github/actions/install-requirement@main
2025-02-28T15:25:19.3268269Z with:
2025-02-28T15:25:19.3268663Z   requirements: tox
2025-02-28T15:25:19.3268868Z   extra: dev
2025-02-28T15:25:19.3269067Z   project-root: travertino
2025-02-28T15:25:19.3269312Z   workflow-repo: beeware/.github
2025-02-28T15:25:19.3269554Z env:
2025-02-28T15:25:19.3269738Z   min_python_version: 3.9
2025-02-28T15:25:19.3269960Z   max_python_version: 3.12
2025-02-28T15:25:19.3270173Z   FORCE_COLOR: 1
2025-02-28T15:25:19.3270443Z   pythonLocation: /opt/hostedtoolcache/Python/3.9.21/x64
2025-02-28T15:25:19.3270870Z   PKG_CONFIG_PATH: /opt/hostedtoolcache/Python/3.9.21/x64/lib/pkgconfig
2025-02-28T15:25:19.3271276Z   Python_ROOT_DIR: /opt/hostedtoolcache/Python/3.9.21/x64
2025-02-28T15:25:19.3271628Z   Python2_ROOT_DIR: /opt/hostedtoolcache/Python/3.9.21/x64
2025-02-28T15:25:19.3271979Z   Python3_ROOT_DIR: /opt/hostedtoolcache/Python/3.9.21/x64
2025-02-28T15:25:19.3272369Z   LD_LIBRARY_PATH: /opt/hostedtoolcache/Python/3.9.21/x64/lib
2025-02-28T15:25:19.3272672Z ##[endgroup]
2025-02-28T15:25:19.3417725Z ##[group]Run actions/checkout@v4.1.6
2025-02-28T15:25:19.3417994Z with:
2025-02-28T15:25:19.3418191Z   repository: beeware/.github
2025-02-28T15:25:19.3418436Z   path: .github-beeware
2025-02-28T15:25:19.3418771Z   token: ***
2025-02-28T15:25:19.3418975Z   ssh-strict: true
2025-02-28T15:25:19.3419181Z   ssh-user: git
2025-02-28T15:25:19.3419395Z   persist-credentials: true
2025-02-28T15:25:19.3419627Z   clean: true
2025-02-28T15:25:19.3419834Z   sparse-checkout-cone-mode: true
2025-02-28T15:25:19.3420086Z   fetch-depth: 1
2025-02-28T15:25:19.3420284Z   fetch-tags: false
2025-02-28T15:25:19.3420488Z   show-progress: true
2025-02-28T15:25:19.3420694Z   lfs: false
2025-02-28T15:25:19.3420913Z   submodules: false
2025-02-28T15:25:19.3421118Z   set-safe-directory: true
2025-02-28T15:25:19.3421354Z env:
2025-02-28T15:25:19.3421539Z   min_python_version: 3.9
2025-02-28T15:25:19.3421771Z   max_python_version: 3.12
2025-02-28T15:25:19.3421980Z   FORCE_COLOR: 1
2025-02-28T15:25:19.3422239Z   pythonLocation: /opt/hostedtoolcache/Python/3.9.21/x64
2025-02-28T15:25:19.3422696Z   PKG_CONFIG_PATH: /opt/hostedtoolcache/Python/3.9.21/x64/lib/pkgconfig
2025-02-28T15:25:19.3423089Z   Python_ROOT_DIR: /opt/hostedtoolcache/Python/3.9.21/x64
2025-02-28T15:25:19.3423750Z   Python2_ROOT_DIR: /opt/hostedtoolcache/Python/3.9.21/x64
2025-02-28T15:25:19.3424104Z   Python3_ROOT_DIR: /opt/hostedtoolcache/Python/3.9.21/x64
2025-02-28T15:25:19.3424469Z   LD_LIBRARY_PATH: /opt/hostedtoolcache/Python/3.9.21/x64/lib
2025-02-28T15:25:19.3424776Z ##[endgroup]
2025-02-28T15:25:19.4344935Z Syncing repository: beeware/.github
2025-02-28T15:25:19.4349376Z ##[group]Getting Git version info
2025-02-28T15:25:19.4350038Z Working directory is '/home/runner/work/toga/toga/.github-beeware'
2025-02-28T15:25:19.4397146Z [command]/usr/bin/git version
2025-02-28T15:25:19.4432618Z git version 2.48.1
2025-02-28T15:25:19.4457141Z ##[endgroup]
2025-02-28T15:25:19.4469846Z Temporarily overriding HOME='/home/runner/work/_temp/95c5e5f3-4200-46ed-856f-f111b2ff5620' before making global git config changes
2025-02-28T15:25:19.4471131Z Adding repository directory to the temporary git global config as a safe directory
2025-02-28T15:25:19.4474778Z [command]/usr/bin/git config --global --add safe.directory /home/runner/work/toga/toga/.github-beeware
2025-02-28T15:25:19.4505251Z ##[group]Initializing the repository
2025-02-28T15:25:19.4509483Z [command]/usr/bin/git init /home/runner/work/toga/toga/.github-beeware
2025-02-28T15:25:19.4546702Z hint: Using 'master' as the name for the initial branch. This default branch name
2025-02-28T15:25:19.4547648Z hint: is subject to change. To configure the initial branch name to use in all
2025-02-28T15:25:19.4548312Z hint: of your new repositories, which will suppress this warning, call:
2025-02-28T15:25:19.4548955Z hint:
2025-02-28T15:25:19.4549374Z hint: 	git config --global init.defaultBranch <name>
2025-02-28T15:25:19.4550003Z hint:
2025-02-28T15:25:19.4550354Z hint: Names commonly chosen instead of 'master' are 'main', 'trunk' and
2025-02-28T15:25:19.4551059Z hint: 'development'. The just-created branch can be renamed via this command:
2025-02-28T15:25:19.4551497Z hint:
2025-02-28T15:25:19.4551718Z hint: 	git branch -m <name>
2025-02-28T15:25:19.4552205Z Initialized empty Git repository in /home/runner/work/toga/toga/.github-beeware/.git/
2025-02-28T15:25:19.4558413Z [command]/usr/bin/git remote add origin https://github.com/beeware/.github
2025-02-28T15:25:19.4591025Z ##[endgroup]
2025-02-28T15:25:19.4591782Z ##[group]Disabling automatic garbage collection
2025-02-28T15:25:19.4596816Z [command]/usr/bin/git config --local gc.auto 0
2025-02-28T15:25:19.4626466Z ##[endgroup]
2025-02-28T15:25:19.4627130Z ##[group]Setting up auth
2025-02-28T15:25:19.4633625Z [command]/usr/bin/git config --local --name-only --get-regexp core\.sshCommand
2025-02-28T15:25:19.4663202Z [command]/usr/bin/git submodule foreach --recursive sh -c "git config --local --name-only --get-regexp 'core\.sshCommand' && git config --local --unset-all 'core.sshCommand' || :"
2025-02-28T15:25:19.4896800Z [command]/usr/bin/git config --local --name-only --get-regexp http\.https\:\/\/github\.com\/\.extraheader
2025-02-28T15:25:19.4925919Z [command]/usr/bin/git submodule foreach --recursive sh -c "git config --local --name-only --get-regexp 'http\.https\:\/\/github\.com\/\.extraheader' && git config --local --unset-all 'http.https://github.com/.extraheader' || :"
2025-02-28T15:25:19.5174225Z [command]/usr/bin/git config --local http.https://github.com/.extraheader AUTHORIZATION: basic ***
2025-02-28T15:25:19.5217969Z ##[endgroup]
2025-02-28T15:25:19.5218761Z ##[group]Determining the default branch
2025-02-28T15:25:19.5221967Z Retrieving the default branch name
2025-02-28T15:25:19.8398640Z Default branch 'main'
2025-02-28T15:25:19.8399511Z ##[endgroup]
2025-02-28T15:25:19.8401214Z ##[group]Fetching the repository
2025-02-28T15:25:19.8408831Z [command]/usr/bin/git -c protocol.version=2 fetch --no-tags --prune --no-recurse-submodules --depth=1 origin +refs/heads/main:refs/remotes/origin/main
2025-02-28T15:25:20.0783970Z From https://github.com/beeware/.github
2025-02-28T15:25:20.0784607Z  * [new branch]      main       -> origin/main
2025-02-28T15:25:20.0811331Z ##[endgroup]
2025-02-28T15:25:20.0811785Z ##[group]Determining the checkout info
2025-02-28T15:25:20.0813760Z ##[endgroup]
2025-02-28T15:25:20.0818971Z [command]/usr/bin/git sparse-checkout disable
2025-02-28T15:25:20.0855225Z [command]/usr/bin/git config --local --unset-all extensions.worktreeConfig
2025-02-28T15:25:20.0884045Z ##[group]Checking out the ref
2025-02-28T15:25:20.0888747Z [command]/usr/bin/git checkout --progress --force -B main refs/remotes/origin/main
2025-02-28T15:25:20.0960285Z Switched to a new branch 'main'
2025-02-28T15:25:20.0963637Z branch 'main' set up to track 'origin/main'.
2025-02-28T15:25:20.0968995Z ##[endgroup]
2025-02-28T15:25:20.1008624Z [command]/usr/bin/git log -1 --format='%H'
2025-02-28T15:25:20.1033755Z 'a66b93162808d34adf5280c28104b75f8e0d70d3'
2025-02-28T15:25:20.1155342Z ##[group]Run echo "project-root=$(cd "travertino"; pwd -P)" | tee -a ${GITHUB_OUTPUT}
2025-02-28T15:25:20.1155966Z [36;1mecho "project-root=$(cd "travertino"; pwd -P)" | tee -a ${GITHUB_OUTPUT}[0m
2025-02-28T15:25:20.1209552Z shell: /usr/bin/bash --noprofile --norc -e -o pipefail {0}
2025-02-28T15:25:20.1209894Z env:
2025-02-28T15:25:20.1210084Z   min_python_version: 3.9
2025-02-28T15:25:20.1210309Z   max_python_version: 3.12
2025-02-28T15:25:20.1210525Z   FORCE_COLOR: 1
2025-02-28T15:25:20.1210797Z   pythonLocation: /opt/hostedtoolcache/Python/3.9.21/x64
2025-02-28T15:25:20.1211225Z   PKG_CONFIG_PATH: /opt/hostedtoolcache/Python/3.9.21/x64/lib/pkgconfig
2025-02-28T15:25:20.1211637Z   Python_ROOT_DIR: /opt/hostedtoolcache/Python/3.9.21/x64
2025-02-28T15:25:20.1211989Z   Python2_ROOT_DIR: /opt/hostedtoolcache/Python/3.9.21/x64
2025-02-28T15:25:20.1212351Z   Python3_ROOT_DIR: /opt/hostedtoolcache/Python/3.9.21/x64
2025-02-28T15:25:20.1212925Z   LD_LIBRARY_PATH: /opt/hostedtoolcache/Python/3.9.21/x64/lib
2025-02-28T15:25:20.1213237Z ##[endgroup]
2025-02-28T15:25:20.1312658Z project-root=/home/runner/work/toga/toga/travertino
2025-02-28T15:25:20.1353093Z ##[group]Run python -m pip install --upgrade pip
2025-02-28T15:25:20.1353663Z [36;1mpython -m pip install --upgrade pip[0m
2025-02-28T15:25:20.1354018Z [36;1mpython -m pip install --upgrade setuptools build wheel[0m
2025-02-28T15:25:20.1398115Z shell: /usr/bin/bash --noprofile --norc -e -o pipefail {0}
2025-02-28T15:25:20.1398435Z env:
2025-02-28T15:25:20.1398629Z   min_python_version: 3.9
2025-02-28T15:25:20.1398850Z   max_python_version: 3.12
2025-02-28T15:25:20.1399064Z   FORCE_COLOR: 1
2025-02-28T15:25:20.1399328Z   pythonLocation: /opt/hostedtoolcache/Python/3.9.21/x64
2025-02-28T15:25:20.1399749Z   PKG_CONFIG_PATH: /opt/hostedtoolcache/Python/3.9.21/x64/lib/pkgconfig
2025-02-28T15:25:20.1400152Z   Python_ROOT_DIR: /opt/hostedtoolcache/Python/3.9.21/x64
2025-02-28T15:25:20.1400522Z   Python2_ROOT_DIR: /opt/hostedtoolcache/Python/3.9.21/x64
2025-02-28T15:25:20.1400880Z   Python3_ROOT_DIR: /opt/hostedtoolcache/Python/3.9.21/x64
2025-02-28T15:25:20.1401244Z   LD_LIBRARY_PATH: /opt/hostedtoolcache/Python/3.9.21/x64/lib
2025-02-28T15:25:20.1401544Z ##[endgroup]
2025-02-28T15:25:22.0599809Z Requirement already satisfied: pip in /opt/hostedtoolcache/Python/3.9.21/x64/lib/python3.9/site-packages (25.0.1)
2025-02-28T15:25:22.8377326Z Requirement already satisfied: setuptools in /opt/hostedtoolcache/Python/3.9.21/x64/lib/python3.9/site-packages (58.1.0)
2025-02-28T15:25:23.0017849Z Collecting setuptools
2025-02-28T15:25:23.0269448Z   Downloading setuptools-75.8.2-py3-none-any.whl.metadata (6.7 kB)
2025-02-28T15:25:23.0641215Z Collecting build
2025-02-28T15:25:23.0722951Z   Downloading build-1.2.2.post1-py3-none-any.whl.metadata (6.5 kB)
2025-02-28T15:25:23.1060481Z Collecting wheel
2025-02-28T15:25:23.1137341Z   Downloading wheel-0.45.1-py3-none-any.whl.metadata (2.3 kB)
2025-02-28T15:25:23.1370261Z Collecting packaging>=19.1 (from build)
2025-02-28T15:25:23.1447624Z   Downloading packaging-24.2-py3-none-any.whl.metadata (3.2 kB)
2025-02-28T15:25:23.1591153Z Collecting pyproject_hooks (from build)
2025-02-28T15:25:23.1669248Z   Downloading pyproject_hooks-1.2.0-py3-none-any.whl.metadata (1.3 kB)
2025-02-28T15:25:23.2054816Z Collecting importlib-metadata>=4.6 (from build)
2025-02-28T15:25:23.2136291Z   Downloading importlib_metadata-8.6.1-py3-none-any.whl.metadata (4.7 kB)
2025-02-28T15:25:23.2390187Z Collecting tomli>=1.1.0 (from build)
2025-02-28T15:25:23.2573179Z   Downloading tomli-2.2.1-py3-none-any.whl.metadata (10 kB)
2025-02-28T15:25:23.2815060Z Collecting zipp>=3.20 (from importlib-metadata>=4.6->build)
2025-02-28T15:25:23.2892622Z   Downloading zipp-3.21.0-py3-none-any.whl.metadata (3.7 kB)
2025-02-28T15:25:23.3066721Z Downloading setuptools-75.8.2-py3-none-any.whl (1.2 MB)
2025-02-28T15:25:23.3413975Z [?25l   [90m━━━━━━━━━━━━━━━━━━━━━━━━━━━━━━━━━━━━━━━━[0m [32m0.0/1.2 MB[0m [31m?[0m eta [36m-:--:--[0m
2025-02-28T15:25:23.3415113Z [2K   [90m━━━━━━━━━━━━━━━━━━━━━━━━━━━━━━━━━━━━━━━━[0m [32m1.2/1.2 MB[0m [31m58.9 MB/s[0m eta [36m0:00:00[0m
2025-02-28T15:25:23.3491991Z [?25hDownloading build-1.2.2.post1-py3-none-any.whl (22 kB)
2025-02-28T15:25:23.3594161Z Downloading wheel-0.45.1-py3-none-any.whl (72 kB)
2025-02-28T15:25:23.3701973Z Downloading importlib_metadata-8.6.1-py3-none-any.whl (26 kB)
2025-02-28T15:25:23.3800875Z Downloading packaging-24.2-py3-none-any.whl (65 kB)
2025-02-28T15:25:23.3905555Z Downloading tomli-2.2.1-py3-none-any.whl (14 kB)
2025-02-28T15:25:23.4002935Z Downloading pyproject_hooks-1.2.0-py3-none-any.whl (10 kB)
2025-02-28T15:25:23.4099221Z Downloading zipp-3.21.0-py3-none-any.whl (9.6 kB)
2025-02-28T15:25:23.4692192Z Installing collected packages: zipp, wheel, tomli, setuptools, pyproject_hooks, packaging, importlib-metadata, build
2025-02-28T15:25:23.5341159Z   Attempting uninstall: setuptools
2025-02-28T15:25:23.5347017Z     Found existing installation: setuptools 58.1.0
2025-02-28T15:25:23.5549595Z     Uninstalling setuptools-58.1.0:
2025-02-28T15:25:23.5645375Z       Successfully uninstalled setuptools-58.1.0
2025-02-28T15:25:24.3431515Z Successfully installed build-1.2.2.post1 importlib-metadata-8.6.1 packaging-24.2 pyproject_hooks-1.2.0 setuptools-75.8.2 tomli-2.2.1 wheel-0.45.1 zipp-3.21.0
2025-02-28T15:25:24.3958079Z ##[group]Run python -m install_requirement tox \
2025-02-28T15:25:24.3958448Z [36;1mpython -m install_requirement tox \[0m
2025-02-28T15:25:24.3958734Z [36;1m  --extra "dev" \[0m
2025-02-28T15:25:24.3959100Z [36;1m  --project-root "$(printf -- "%q" "/home/runner/work/toga/toga/travertino")"[0m
2025-02-28T15:25:24.4005310Z shell: /usr/bin/bash --noprofile --norc -e -o pipefail {0}
2025-02-28T15:25:24.4005647Z env:
2025-02-28T15:25:24.4005844Z   min_python_version: 3.9
2025-02-28T15:25:24.4006078Z   max_python_version: 3.12
2025-02-28T15:25:24.4006296Z   FORCE_COLOR: 1
2025-02-28T15:25:24.4006583Z   pythonLocation: /opt/hostedtoolcache/Python/3.9.21/x64
2025-02-28T15:25:24.4007012Z   PKG_CONFIG_PATH: /opt/hostedtoolcache/Python/3.9.21/x64/lib/pkgconfig
2025-02-28T15:25:24.4007442Z   Python_ROOT_DIR: /opt/hostedtoolcache/Python/3.9.21/x64
2025-02-28T15:25:24.4007820Z   Python2_ROOT_DIR: /opt/hostedtoolcache/Python/3.9.21/x64
2025-02-28T15:25:24.4008208Z   Python3_ROOT_DIR: /opt/hostedtoolcache/Python/3.9.21/x64
2025-02-28T15:25:24.4008578Z   LD_LIBRARY_PATH: /opt/hostedtoolcache/Python/3.9.21/x64/lib
2025-02-28T15:25:24.4008895Z ##[endgroup]
2025-02-28T15:25:24.7900893Z Installing tox==4.24.1...
2025-02-28T15:25:25.2049540Z Collecting tox==4.24.1
2025-02-28T15:25:25.2276038Z   Downloading tox-4.24.1-py3-none-any.whl.metadata (3.7 kB)
2025-02-28T15:25:25.2622850Z Collecting cachetools>=5.5 (from tox==4.24.1)
2025-02-28T15:25:25.2701886Z   Downloading cachetools-5.5.2-py3-none-any.whl.metadata (5.4 kB)
2025-02-28T15:25:25.2856662Z Collecting chardet>=5.2 (from tox==4.24.1)
2025-02-28T15:25:25.2931765Z   Downloading chardet-5.2.0-py3-none-any.whl.metadata (3.4 kB)
2025-02-28T15:25:25.3137260Z Collecting colorama>=0.4.6 (from tox==4.24.1)
2025-02-28T15:25:25.3214988Z   Downloading colorama-0.4.6-py2.py3-none-any.whl.metadata (17 kB)
2025-02-28T15:25:25.3457788Z Collecting filelock>=3.16.1 (from tox==4.24.1)
2025-02-28T15:25:25.3535714Z   Downloading filelock-3.17.0-py3-none-any.whl.metadata (2.9 kB)
2025-02-28T15:25:25.3597123Z Requirement already satisfied: packaging>=24.2 in /opt/hostedtoolcache/Python/3.9.21/x64/lib/python3.9/site-packages (from tox==4.24.1) (24.2)
2025-02-28T15:25:25.3778740Z Collecting platformdirs>=4.3.6 (from tox==4.24.1)
2025-02-28T15:25:25.3861503Z   Downloading platformdirs-4.3.6-py3-none-any.whl.metadata (11 kB)
2025-02-28T15:25:25.4052630Z Collecting pluggy>=1.5 (from tox==4.24.1)
2025-02-28T15:25:25.4130165Z   Downloading pluggy-1.5.0-py3-none-any.whl.metadata (4.8 kB)
2025-02-28T15:25:25.4303756Z Collecting pyproject-api>=1.8 (from tox==4.24.1)
2025-02-28T15:25:25.4385735Z   Downloading pyproject_api-1.9.0-py3-none-any.whl.metadata (2.7 kB)
2025-02-28T15:25:25.4434165Z Requirement already satisfied: tomli>=2.1 in /opt/hostedtoolcache/Python/3.9.21/x64/lib/python3.9/site-packages (from tox==4.24.1) (2.2.1)
2025-02-28T15:25:25.4609949Z Collecting typing-extensions>=4.12.2 (from tox==4.24.1)
2025-02-28T15:25:25.4689526Z   Downloading typing_extensions-4.12.2-py3-none-any.whl.metadata (3.0 kB)
2025-02-28T15:25:25.5157787Z Collecting virtualenv>=20.27.1 (from tox==4.24.1)
2025-02-28T15:25:25.5236176Z   Downloading virtualenv-20.29.2-py3-none-any.whl.metadata (4.5 kB)
2025-02-28T15:25:25.5544309Z Collecting distlib<1,>=0.3.7 (from virtualenv>=20.27.1->tox==4.24.1)
2025-02-28T15:25:25.5625814Z   Downloading distlib-0.3.9-py2.py3-none-any.whl.metadata (5.2 kB)
2025-02-28T15:25:25.5823574Z Downloading tox-4.24.1-py3-none-any.whl (171 kB)
2025-02-28T15:25:25.6035526Z Downloading cachetools-5.5.2-py3-none-any.whl (10 kB)
2025-02-28T15:25:25.6149264Z Downloading chardet-5.2.0-py3-none-any.whl (199 kB)
2025-02-28T15:25:25.6254736Z Downloading colorama-0.4.6-py2.py3-none-any.whl (25 kB)
2025-02-28T15:25:25.6350225Z Downloading filelock-3.17.0-py3-none-any.whl (16 kB)
2025-02-28T15:25:25.6450355Z Downloading platformdirs-4.3.6-py3-none-any.whl (18 kB)
2025-02-28T15:25:25.6547072Z Downloading pluggy-1.5.0-py3-none-any.whl (20 kB)
2025-02-28T15:25:25.6644288Z Downloading pyproject_api-1.9.0-py3-none-any.whl (13 kB)
2025-02-28T15:25:25.6742465Z Downloading typing_extensions-4.12.2-py3-none-any.whl (37 kB)
2025-02-28T15:25:25.6850839Z Downloading virtualenv-20.29.2-py3-none-any.whl (4.3 MB)
2025-02-28T15:25:25.7200522Z [?25l   [90m━━━━━━━━━━━━━━━━━━━━━━━━━━━━━━━━━━━━━━━━[0m [32m0.0/4.3 MB[0m [31m?[0m eta [36m-:--:--[0m
2025-02-28T15:25:25.7201344Z [2K   [90m━━━━━━━━━━━━━━━━━━━━━━━━━━━━━━━━━━━━━━━━[0m [32m4.3/4.3 MB[0m [31m132.7 MB/s[0m eta [36m0:00:00[0m
2025-02-28T15:25:25.7292588Z [?25hDownloading distlib-0.3.9-py2.py3-none-any.whl (468 kB)
2025-02-28T15:25:25.8051329Z Installing collected packages: distlib, typing-extensions, pyproject-api, pluggy, platformdirs, filelock, colorama, chardet, cachetools, virtualenv, tox
2025-02-28T15:25:26.3984392Z Successfully installed cachetools-5.5.2 chardet-5.2.0 colorama-0.4.6 distlib-0.3.9 filelock-3.17.0 platformdirs-4.3.6 pluggy-1.5.0 pyproject-api-1.9.0 tox-4.24.1 typing-extensions-4.12.2 virtualenv-20.29.2
2025-02-28T15:25:26.4491427Z 
2025-02-28T15:25:26.4491987Z Successfully installed:
2025-02-28T15:25:26.4492445Z  tox==4.24.1
2025-02-28T15:25:26.4682442Z ##[group]Run actions/download-artifact@v4.1.8
2025-02-28T15:25:26.4682749Z with:
2025-02-28T15:25:26.4682942Z   pattern: Packages-toga-*
2025-02-28T15:25:26.4683179Z   merge-multiple: true
2025-02-28T15:25:26.4683601Z   path: dist
2025-02-28T15:25:26.4683807Z   repository: beeware/toga
2025-02-28T15:25:26.4684028Z   run-id: 13591189051
2025-02-28T15:25:26.4684223Z env:
2025-02-28T15:25:26.4684404Z   min_python_version: 3.9
2025-02-28T15:25:26.4684625Z   max_python_version: 3.12
2025-02-28T15:25:26.4684837Z   FORCE_COLOR: 1
2025-02-28T15:25:26.4685098Z   pythonLocation: /opt/hostedtoolcache/Python/3.9.21/x64
2025-02-28T15:25:26.4685502Z   PKG_CONFIG_PATH: /opt/hostedtoolcache/Python/3.9.21/x64/lib/pkgconfig
2025-02-28T15:25:26.4685925Z   Python_ROOT_DIR: /opt/hostedtoolcache/Python/3.9.21/x64
2025-02-28T15:25:26.4686276Z   Python2_ROOT_DIR: /opt/hostedtoolcache/Python/3.9.21/x64
2025-02-28T15:25:26.4686629Z   Python3_ROOT_DIR: /opt/hostedtoolcache/Python/3.9.21/x64
2025-02-28T15:25:26.4687011Z   LD_LIBRARY_PATH: /opt/hostedtoolcache/Python/3.9.21/x64/lib
2025-02-28T15:25:26.4687302Z ##[endgroup]
2025-02-28T15:25:26.7809603Z Found 36 artifact(s)
2025-02-28T15:25:26.7811236Z Filtering artifacts by pattern 'Packages-toga-*'
2025-02-28T15:25:26.7832087Z Preparing to download the following artifacts:
2025-02-28T15:25:26.7832944Z - Packages-toga-winforms (ID: 2671287482, Size: 912634)
2025-02-28T15:25:26.7833843Z - Packages-toga-dummy (ID: 2671286695, Size: 148605)
2025-02-28T15:25:26.7834490Z - Packages-toga-core (ID: 2671286668, Size: 1154108)
2025-02-28T15:25:26.7835102Z - Packages-toga-iOS (ID: 2671286641, Size: 872393)
2025-02-28T15:25:26.7835701Z - Packages-toga-demo (ID: 2671286618, Size: 1242392)
2025-02-28T15:25:26.7836351Z - Packages-toga-web (ID: 2671286591, Size: 34849)
2025-02-28T15:25:26.7836950Z - Packages-toga-cocoa (ID: 2671286553, Size: 929372)
2025-02-28T15:25:26.7837545Z - Packages-toga-gtk (ID: 2671286494, Size: 142140)
2025-02-28T15:25:26.7838165Z - Packages-toga-travertino (ID: 2671286454, Size: 62313)
2025-02-28T15:25:26.7838824Z - Packages-toga-android (ID: 2671286345, Size: 138242)
2025-02-28T15:25:26.7839431Z - Packages-toga-toga (ID: 2671286304, Size: 7265)
2025-02-28T15:25:26.7840036Z - Packages-toga-textual (ID: 2671286253, Size: 32043)
2025-02-28T15:25:26.8654006Z Redirecting to blob download url: https://productionresultssa15.blob.core.windows.net/actions-results/2833d74d-b108-4855-a138-f9cc692c54c9/workflow-job-run-3124742b-843a-5b41-b426-aef8afedb9f7/artifacts/442c3fefacaa5f4a317396d7241d3673a3eab28c29b7e651a0b97534d592e35d.zip
2025-02-28T15:25:26.8657009Z Starting download of artifact to: /home/runner/work/toga/toga/dist
2025-02-28T15:25:26.8852967Z Redirecting to blob download url: https://productionresultssa15.blob.core.windows.net/actions-results/2833d74d-b108-4855-a138-f9cc692c54c9/workflow-job-run-98be74ae-5157-5c81-b7d0-b2ef5821a81e/artifacts/6e0cae3735cba3d010b2e4c6917aa1f2ffe72638fbddcfcf5e7d00e456e64178.zip
2025-02-28T15:25:26.8855437Z Starting download of artifact to: /home/runner/work/toga/toga/dist
2025-02-28T15:25:26.8923954Z (node:2002) [DEP0005] DeprecationWarning: Buffer() is deprecated due to security and usability issues. Please use the Buffer.alloc(), Buffer.allocUnsafe(), or Buffer.from() methods instead.
2025-02-28T15:25:26.8924821Z (Use `node --trace-deprecation ...` to show where the warning was created)
2025-02-28T15:25:26.8975729Z Redirecting to blob download url: https://productionresultssa15.blob.core.windows.net/actions-results/2833d74d-b108-4855-a138-f9cc692c54c9/workflow-job-run-18bbcbc6-8763-5d15-2620-0ac883eea9b0/artifacts/42ca5e4547811af7883a91d6c65b481266e15c0cdc8d243ec9aae2b558253c02.zip
2025-02-28T15:25:26.8977602Z Starting download of artifact to: /home/runner/work/toga/toga/dist
2025-02-28T15:25:26.9006991Z Redirecting to blob download url: https://productionresultssa15.blob.core.windows.net/actions-results/2833d74d-b108-4855-a138-f9cc692c54c9/workflow-job-run-996a8579-f179-559d-4190-0dfa80ff20d7/artifacts/78e64f25892d1e62a7fba16b04b2d38f38656067df6d708afd5432245debf794.zip
2025-02-28T15:25:26.9009024Z Starting download of artifact to: /home/runner/work/toga/toga/dist
2025-02-28T15:25:26.9020184Z Redirecting to blob download url: https://productionresultssa15.blob.core.windows.net/actions-results/2833d74d-b108-4855-a138-f9cc692c54c9/workflow-job-run-832e8880-3eb6-5d89-0c04-ef547b46a59e/artifacts/dd722970e727682fe8f4f464e3511dbda02932b6586e5f2f8ac9f8f11f50cdc9.zip
2025-02-28T15:25:26.9022081Z Starting download of artifact to: /home/runner/work/toga/toga/dist
2025-02-28T15:25:26.9035475Z Redirecting to blob download url: https://productionresultssa15.blob.core.windows.net/actions-results/2833d74d-b108-4855-a138-f9cc692c54c9/workflow-job-run-f1ed5179-285b-5126-8d3b-2df284d1f11c/artifacts/a55c024fa54bd7854415e2c7edfeb2c5046af07e859f8da7b852b08eadc84e2a.zip
2025-02-28T15:25:26.9037030Z Starting download of artifact to: /home/runner/work/toga/toga/dist
2025-02-28T15:25:26.9050790Z Redirecting to blob download url: https://productionresultssa15.blob.core.windows.net/actions-results/2833d74d-b108-4855-a138-f9cc692c54c9/workflow-job-run-137efbf3-bb9f-5901-016f-a9ca027ec083/artifacts/3f2c1a4e1441705d00c0abbd5f3913c6b215c2d9365be6ffa9fcc342e7742def.zip
2025-02-28T15:25:26.9052006Z Starting download of artifact to: /home/runner/work/toga/toga/dist
2025-02-28T15:25:26.9110000Z Redirecting to blob download url: https://productionresultssa15.blob.core.windows.net/actions-results/2833d74d-b108-4855-a138-f9cc692c54c9/workflow-job-run-7815ca6b-1b41-513e-fbe7-8eccb083611a/artifacts/1660c57eb65463a413672e3e25e0e2a0d8c8794547115554b39228f20230f22e.zip
2025-02-28T15:25:26.9111308Z Starting download of artifact to: /home/runner/work/toga/toga/dist
2025-02-28T15:25:26.9127192Z Redirecting to blob download url: https://productionresultssa15.blob.core.windows.net/actions-results/2833d74d-b108-4855-a138-f9cc692c54c9/workflow-job-run-e2a6fa47-47a3-5188-27fb-56f4e71042c8/artifacts/5425332638acb926f3e0f42935440601f1f6cf4c943281c5f8b926bd1948bc25.zip
2025-02-28T15:25:26.9128498Z Starting download of artifact to: /home/runner/work/toga/toga/dist
2025-02-28T15:25:26.9145210Z Redirecting to blob download url: https://productionresultssa15.blob.core.windows.net/actions-results/2833d74d-b108-4855-a138-f9cc692c54c9/workflow-job-run-46aa3184-e851-51af-58d5-831072cd673f/artifacts/485660db63ec446c9f562cc6bdf49c64bf27c37a329b95a30a2467812096f020.zip
2025-02-28T15:25:26.9146514Z Starting download of artifact to: /home/runner/work/toga/toga/dist
2025-02-28T15:25:26.9161300Z Redirecting to blob download url: https://productionresultssa15.blob.core.windows.net/actions-results/2833d74d-b108-4855-a138-f9cc692c54c9/workflow-job-run-866e389a-a1a0-5c67-a00f-72c22223abfe/artifacts/b4bca85baf5c112d5a88797759fe2e27b3de49b97e7268608199152765d6405a.zip
2025-02-28T15:25:26.9162961Z Starting download of artifact to: /home/runner/work/toga/toga/dist
2025-02-28T15:25:26.9571453Z Redirecting to blob download url: https://productionresultssa15.blob.core.windows.net/actions-results/2833d74d-b108-4855-a138-f9cc692c54c9/workflow-job-run-c851c84b-57ed-5071-9878-2279ccd891b8/artifacts/5eb57499beb40f05e15583bbf1c077df75bc75fa11156590733b79c2f9774e5a.zip
2025-02-28T15:25:26.9573233Z Starting download of artifact to: /home/runner/work/toga/toga/dist
2025-02-28T15:25:26.9707741Z Artifact download completed successfully.
2025-02-28T15:25:26.9795911Z Artifact download completed successfully.
2025-02-28T15:25:26.9805504Z Artifact download completed successfully.
2025-02-28T15:25:26.9823100Z Artifact download completed successfully.
2025-02-28T15:25:26.9931763Z Artifact download completed successfully.
2025-02-28T15:25:26.9949241Z Artifact download completed successfully.
2025-02-28T15:25:26.9971425Z Artifact download completed successfully.
2025-02-28T15:25:27.0454284Z Artifact download completed successfully.
2025-02-28T15:25:27.0486781Z Artifact download completed successfully.
2025-02-28T15:25:27.0507588Z Artifact download completed successfully.
2025-02-28T15:25:27.0574178Z Artifact download completed successfully.
2025-02-28T15:25:27.0575140Z Artifact download completed successfully.
2025-02-28T15:25:27.0575632Z Total of 12 artifact(s) downloaded
2025-02-28T15:25:27.0583258Z Download artifact has finished successfully
2025-02-28T15:25:27.0719650Z ##[group]Run # The $(ls ...) shell expansion is done in the Github environment; the value of
2025-02-28T15:25:27.0720233Z [36;1m# The $(ls ...) shell expansion is done in the Github environment; the value of[0m
2025-02-28T15:25:27.0720766Z [36;1m# TOGA_INSTALL_COMMAND will be a literal string without any shell expansions to[0m
2025-02-28T15:25:27.0721312Z [36;1m# perform. We don't *explicitly* install the Travertino wheel; we provide the[0m
2025-02-28T15:25:27.0721823Z [36;1m# dist dir as a source of wheels, and rely on pip to resolve the explicit[0m
2025-02-28T15:25:27.0722256Z [36;1m# version match to the Travertino wheel in that folder.[0m
2025-02-28T15:25:27.0722904Z [36;1mexport TOGA_INSTALL_COMMAND="python -m pip install --find-links ../dist ../$(ls dist/toga_core-*.whl)[dev] ../$(ls dist/toga_dummy-*.whl)"[0m
2025-02-28T15:25:27.0723775Z [36;1mtox -e py-cov-trav[0m
2025-02-28T15:25:27.0724085Z [36;1mtox -qe coverage$(tr -dc "0-9" <<< "3.9")-trav[0m
2025-02-28T15:25:27.0724523Z [36;1mmv travertino/.coverage travertino/.coverage.ubuntu-latest.3.9[0m
2025-02-28T15:25:27.0771165Z shell: /usr/bin/bash --noprofile --norc -e -o pipefail {0}
2025-02-28T15:25:27.0771491Z env:
2025-02-28T15:25:27.0771679Z   min_python_version: 3.9
2025-02-28T15:25:27.0771907Z   max_python_version: 3.12
2025-02-28T15:25:27.0772118Z   FORCE_COLOR: 1
2025-02-28T15:25:27.0772384Z   pythonLocation: /opt/hostedtoolcache/Python/3.9.21/x64
2025-02-28T15:25:27.0772803Z   PKG_CONFIG_PATH: /opt/hostedtoolcache/Python/3.9.21/x64/lib/pkgconfig
2025-02-28T15:25:27.0773221Z   Python_ROOT_DIR: /opt/hostedtoolcache/Python/3.9.21/x64
2025-02-28T15:25:27.0773725Z   Python2_ROOT_DIR: /opt/hostedtoolcache/Python/3.9.21/x64
2025-02-28T15:25:27.0774084Z   Python3_ROOT_DIR: /opt/hostedtoolcache/Python/3.9.21/x64
2025-02-28T15:25:27.0774436Z   LD_LIBRARY_PATH: /opt/hostedtoolcache/Python/3.9.21/x64/lib
2025-02-28T15:25:27.0774739Z ##[endgroup]
2025-02-28T15:25:27.9278479Z [1m[35mpy-cov-trav:[0m[36m freeze[22m[2m>[0m python -m pip freeze --all[0m
2025-02-28T15:25:28.4474459Z [1m[35mpy-cov-trav:[0m[36m pip==25.0.1,setuptools==75.8.0,wheel==0.45.1[0m
2025-02-28T15:25:28.4495582Z [1m[35mpy-cov-trav:[0m[36m commands[0][22m /home/runner/work/toga/toga/travertino[2m>[0m python -m pip install --find-links ../dist '../dist/toga_core-0.4.9.dev629+g68266e24a-py3-none-any.whl[dev]' ../dist/toga_dummy-0.4.9.dev629+g68266e24a-py3-none-any.whl[0m
2025-02-28T15:25:28.9544179Z Looking in links: ../dist
2025-02-28T15:25:28.9602984Z Processing /home/runner/work/toga/toga/dist/toga_core-0.4.9.dev629+g68266e24a-py3-none-any.whl (from toga-core==0.4.9.dev629+g68266e24a)
2025-02-28T15:25:28.9716906Z Processing /home/runner/work/toga/toga/dist/toga_dummy-0.4.9.dev629+g68266e24a-py3-none-any.whl
2025-02-28T15:25:29.0142653Z Processing /home/runner/work/toga/toga/dist/travertino-0.4.9.dev629+g68266e24a-py3-none-any.whl (from toga-core==0.4.9.dev629+g68266e24a->toga-core==0.4.9.dev629+g68266e24a)
2025-02-28T15:25:29.2972782Z Collecting coverage==7.6.12 (from coverage[toml]==7.6.12; extra == "dev"->toga-core==0.4.9.dev629+g68266e24a->toga-core==0.4.9.dev629+g68266e24a)
2025-02-28T15:25:29.3237320Z   Downloading coverage-7.6.12-cp39-cp39-manylinux_2_5_x86_64.manylinux1_x86_64.manylinux_2_17_x86_64.manylinux2014_x86_64.whl.metadata (8.5 kB)
2025-02-28T15:25:29.3409982Z Collecting coverage-conditional-plugin==0.9.0 (from toga-core==0.4.9.dev629+g68266e24a->toga-core==0.4.9.dev629+g68266e24a)
2025-02-28T15:25:29.3496015Z   Downloading coverage_conditional_plugin-0.9.0-py3-none-any.whl.metadata (6.9 kB)
2025-02-28T15:25:29.4980737Z Collecting Pillow==11.1.0 (from toga-core==0.4.9.dev629+g68266e24a->toga-core==0.4.9.dev629+g68266e24a)
2025-02-28T15:25:29.5055853Z   Downloading pillow-11.1.0-cp39-cp39-manylinux_2_28_x86_64.whl.metadata (9.1 kB)
2025-02-28T15:25:29.5502197Z Collecting pre-commit==4.1.0 (from toga-core==0.4.9.dev629+g68266e24a->toga-core==0.4.9.dev629+g68266e24a)
2025-02-28T15:25:29.5579453Z   Downloading pre_commit-4.1.0-py2.py3-none-any.whl.metadata (1.3 kB)
2025-02-28T15:25:29.6146103Z Collecting pytest==8.3.4 (from toga-core==0.4.9.dev629+g68266e24a->toga-core==0.4.9.dev629+g68266e24a)
2025-02-28T15:25:29.6221360Z   Downloading pytest-8.3.4-py3-none-any.whl.metadata (7.5 kB)
2025-02-28T15:25:29.6469884Z Collecting pytest-asyncio==0.25.3 (from toga-core==0.4.9.dev629+g68266e24a->toga-core==0.4.9.dev629+g68266e24a)
2025-02-28T15:25:29.6539845Z   Downloading pytest_asyncio-0.25.3-py3-none-any.whl.metadata (3.9 kB)
2025-02-28T15:25:29.6698050Z Collecting pytest-freezer==0.4.9 (from toga-core==0.4.9.dev629+g68266e24a->toga-core==0.4.9.dev629+g68266e24a)
2025-02-28T15:25:29.6783631Z   Downloading pytest_freezer-0.4.9-py3-none-any.whl.metadata (2.1 kB)
2025-02-28T15:25:29.7108190Z Collecting setuptools-scm==8.1.0 (from toga-core==0.4.9.dev629+g68266e24a->toga-core==0.4.9.dev629+g68266e24a)
2025-02-28T15:25:29.7182907Z   Downloading setuptools_scm-8.1.0-py3-none-any.whl.metadata (6.6 kB)
2025-02-28T15:25:29.7660811Z Collecting tox==4.24.1 (from toga-core==0.4.9.dev629+g68266e24a->toga-core==0.4.9.dev629+g68266e24a)
2025-02-28T15:25:29.7674230Z   Using cached tox-4.24.1-py3-none-any.whl.metadata (3.7 kB)
2025-02-28T15:25:29.7865427Z Collecting typing-extensions==4.12.2 (from toga-core==0.4.9.dev629+g68266e24a->toga-core==0.4.9.dev629+g68266e24a)
2025-02-28T15:25:29.7877603Z   Using cached typing_extensions-4.12.2-py3-none-any.whl.metadata (3.0 kB)
2025-02-28T15:25:29.8311638Z Collecting importlib_metadata (from coverage-conditional-plugin==0.9.0->toga-core==0.4.9.dev629+g68266e24a->toga-core==0.4.9.dev629+g68266e24a)
2025-02-28T15:25:29.8327944Z   Using cached importlib_metadata-8.6.1-py3-none-any.whl.metadata (4.7 kB)
2025-02-28T15:25:29.8554543Z Collecting packaging>=20.4 (from coverage-conditional-plugin==0.9.0->toga-core==0.4.9.dev629+g68266e24a->toga-core==0.4.9.dev629+g68266e24a)
2025-02-28T15:25:29.8566893Z   Using cached packaging-24.2-py3-none-any.whl.metadata (3.2 kB)
2025-02-28T15:25:29.8732840Z Collecting tomli (from coverage[toml]==7.6.12; extra == "dev"->toga-core==0.4.9.dev629+g68266e24a->toga-core==0.4.9.dev629+g68266e24a)
2025-02-28T15:25:29.8745374Z   Using cached tomli-2.2.1-py3-none-any.whl.metadata (10 kB)
2025-02-28T15:25:29.8897186Z Collecting cfgv>=2.0.0 (from pre-commit==4.1.0->toga-core==0.4.9.dev629+g68266e24a->toga-core==0.4.9.dev629+g68266e24a)
2025-02-28T15:25:29.8969074Z   Downloading cfgv-3.4.0-py2.py3-none-any.whl.metadata (8.5 kB)
2025-02-28T15:25:29.9485661Z Collecting identify>=1.0.0 (from pre-commit==4.1.0->toga-core==0.4.9.dev629+g68266e24a->toga-core==0.4.9.dev629+g68266e24a)
2025-02-28T15:25:29.9557304Z   Downloading identify-2.6.8-py2.py3-none-any.whl.metadata (4.4 kB)
2025-02-28T15:25:29.9798660Z Collecting nodeenv>=0.11.1 (from pre-commit==4.1.0->toga-core==0.4.9.dev629+g68266e24a->toga-core==0.4.9.dev629+g68266e24a)
2025-02-28T15:25:29.9869330Z   Downloading nodeenv-1.9.1-py2.py3-none-any.whl.metadata (21 kB)
2025-02-28T15:25:30.0237157Z Collecting pyyaml>=5.1 (from pre-commit==4.1.0->toga-core==0.4.9.dev629+g68266e24a->toga-core==0.4.9.dev629+g68266e24a)
2025-02-28T15:25:30.0326487Z   Downloading PyYAML-6.0.2-cp39-cp39-manylinux_2_17_x86_64.manylinux2014_x86_64.whl.metadata (2.1 kB)
2025-02-28T15:25:30.0796224Z Collecting virtualenv>=20.10.0 (from pre-commit==4.1.0->toga-core==0.4.9.dev629+g68266e24a->toga-core==0.4.9.dev629+g68266e24a)
2025-02-28T15:25:30.0808730Z   Using cached virtualenv-20.29.2-py3-none-any.whl.metadata (4.5 kB)
2025-02-28T15:25:30.1017056Z Collecting exceptiongroup>=1.0.0rc8 (from pytest==8.3.4->toga-core==0.4.9.dev629+g68266e24a->toga-core==0.4.9.dev629+g68266e24a)
2025-02-28T15:25:30.1098078Z   Downloading exceptiongroup-1.2.2-py3-none-any.whl.metadata (6.6 kB)
2025-02-28T15:25:30.1229473Z Collecting iniconfig (from pytest==8.3.4->toga-core==0.4.9.dev629+g68266e24a->toga-core==0.4.9.dev629+g68266e24a)
2025-02-28T15:25:30.1298939Z   Downloading iniconfig-2.0.0-py3-none-any.whl.metadata (2.6 kB)
2025-02-28T15:25:30.1514565Z Collecting pluggy<2,>=1.5 (from pytest==8.3.4->toga-core==0.4.9.dev629+g68266e24a->toga-core==0.4.9.dev629+g68266e24a)
2025-02-28T15:25:30.1526802Z   Using cached pluggy-1.5.0-py3-none-any.whl.metadata (4.8 kB)
2025-02-28T15:25:30.1948831Z Collecting freezegun>=1.1 (from pytest-freezer==0.4.9->toga-core==0.4.9.dev629+g68266e24a->toga-core==0.4.9.dev629+g68266e24a)
2025-02-28T15:25:30.2021899Z   Downloading freezegun-1.5.1-py3-none-any.whl.metadata (11 kB)
2025-02-28T15:25:30.2113561Z Requirement already satisfied: setuptools in /home/runner/work/toga/toga/.tox/py-cov-trav/lib/python3.9/site-packages (from setuptools-scm==8.1.0->toga-core==0.4.9.dev629+g68266e24a->toga-core==0.4.9.dev629+g68266e24a) (75.8.0)
2025-02-28T15:25:30.2365377Z Collecting cachetools>=5.5 (from tox==4.24.1->toga-core==0.4.9.dev629+g68266e24a->toga-core==0.4.9.dev629+g68266e24a)
2025-02-28T15:25:30.2378500Z   Using cached cachetools-5.5.2-py3-none-any.whl.metadata (5.4 kB)
2025-02-28T15:25:30.2500304Z Collecting chardet>=5.2 (from tox==4.24.1->toga-core==0.4.9.dev629+g68266e24a->toga-core==0.4.9.dev629+g68266e24a)
2025-02-28T15:25:30.2513179Z   Using cached chardet-5.2.0-py3-none-any.whl.metadata (3.4 kB)
2025-02-28T15:25:30.2688810Z Collecting colorama>=0.4.6 (from tox==4.24.1->toga-core==0.4.9.dev629+g68266e24a->toga-core==0.4.9.dev629+g68266e24a)
2025-02-28T15:25:30.2701735Z   Using cached colorama-0.4.6-py2.py3-none-any.whl.metadata (17 kB)
2025-02-28T15:25:30.2903522Z Collecting filelock>=3.16.1 (from tox==4.24.1->toga-core==0.4.9.dev629+g68266e24a->toga-core==0.4.9.dev629+g68266e24a)
2025-02-28T15:25:30.2915514Z   Using cached filelock-3.17.0-py3-none-any.whl.metadata (2.9 kB)
2025-02-28T15:25:30.3164182Z Collecting platformdirs>=4.3.6 (from tox==4.24.1->toga-core==0.4.9.dev629+g68266e24a->toga-core==0.4.9.dev629+g68266e24a)
2025-02-28T15:25:30.3176290Z   Using cached platformdirs-4.3.6-py3-none-any.whl.metadata (11 kB)
2025-02-28T15:25:30.3336618Z Collecting pyproject-api>=1.8 (from tox==4.24.1->toga-core==0.4.9.dev629+g68266e24a->toga-core==0.4.9.dev629+g68266e24a)
2025-02-28T15:25:30.3349411Z   Using cached pyproject_api-1.9.0-py3-none-any.whl.metadata (2.7 kB)
2025-02-28T15:25:30.3762338Z Collecting python-dateutil>=2.7 (from freezegun>=1.1->pytest-freezer==0.4.9->toga-core==0.4.9.dev629+g68266e24a->toga-core==0.4.9.dev629+g68266e24a)
2025-02-28T15:25:30.3835763Z   Downloading python_dateutil-2.9.0.post0-py2.py3-none-any.whl.metadata (8.4 kB)
2025-02-28T15:25:30.4161579Z Collecting distlib<1,>=0.3.7 (from virtualenv>=20.10.0->pre-commit==4.1.0->toga-core==0.4.9.dev629+g68266e24a->toga-core==0.4.9.dev629+g68266e24a)
2025-02-28T15:25:30.4174144Z   Using cached distlib-0.3.9-py2.py3-none-any.whl.metadata (5.2 kB)
2025-02-28T15:25:30.4481314Z Collecting zipp>=3.20 (from importlib_metadata->coverage-conditional-plugin==0.9.0->toga-core==0.4.9.dev629+g68266e24a->toga-core==0.4.9.dev629+g68266e24a)
2025-02-28T15:25:30.4493535Z   Using cached zipp-3.21.0-py3-none-any.whl.metadata (3.7 kB)
2025-02-28T15:25:30.4871393Z Collecting six>=1.5 (from python-dateutil>=2.7->freezegun>=1.1->pytest-freezer==0.4.9->toga-core==0.4.9.dev629+g68266e24a->toga-core==0.4.9.dev629+g68266e24a)
2025-02-28T15:25:30.5000261Z   Downloading six-1.17.0-py2.py3-none-any.whl.metadata (1.7 kB)
2025-02-28T15:25:30.5166804Z Downloading coverage-7.6.12-cp39-cp39-manylinux_2_5_x86_64.manylinux1_x86_64.manylinux_2_17_x86_64.manylinux2014_x86_64.whl (236 kB)
2025-02-28T15:25:30.5428980Z Downloading coverage_conditional_plugin-0.9.0-py3-none-any.whl (7.3 kB)
2025-02-28T15:25:30.5521423Z Downloading pillow-11.1.0-cp39-cp39-manylinux_2_28_x86_64.whl (4.5 MB)
2025-02-28T15:25:30.5896031Z [?25l   [90m━━━━━━━━━━━━━━━━━━━━━━━━━━━━━━━━━━━━━━━━[0m [32m0.0/4.5 MB[0m [31m?[0m eta [36m-:--:--[0m
2025-02-28T15:25:30.5897315Z [2K   [90m━━━━━━━━━━━━━━━━━━━━━━━━━━━━━━━━━━━━━━━━[0m [32m4.5/4.5 MB[0m [31m130.2 MB/s[0m eta [36m0:00:00[0m
2025-02-28T15:25:30.6068998Z [?25hDownloading pre_commit-4.1.0-py2.py3-none-any.whl (220 kB)
2025-02-28T15:25:30.6176712Z Downloading pytest-8.3.4-py3-none-any.whl (343 kB)
2025-02-28T15:25:30.6283740Z Downloading pytest_asyncio-0.25.3-py3-none-any.whl (19 kB)
2025-02-28T15:25:30.6391675Z Downloading pytest_freezer-0.4.9-py3-none-any.whl (3.2 kB)
2025-02-28T15:25:30.6482643Z Downloading setuptools_scm-8.1.0-py3-none-any.whl (43 kB)
2025-02-28T15:25:30.6515854Z Using cached tox-4.24.1-py3-none-any.whl (171 kB)
2025-02-28T15:25:30.6529476Z Using cached typing_extensions-4.12.2-py3-none-any.whl (37 kB)
2025-02-28T15:25:30.6542856Z Using cached cachetools-5.5.2-py3-none-any.whl (10 kB)
2025-02-28T15:25:30.6613621Z Downloading cfgv-3.4.0-py2.py3-none-any.whl (7.2 kB)
2025-02-28T15:25:30.6645910Z Using cached chardet-5.2.0-py3-none-any.whl (199 kB)
2025-02-28T15:25:30.6659988Z Using cached colorama-0.4.6-py2.py3-none-any.whl (25 kB)
2025-02-28T15:25:30.6736283Z Downloading exceptiongroup-1.2.2-py3-none-any.whl (16 kB)
2025-02-28T15:25:30.6766252Z Using cached filelock-3.17.0-py3-none-any.whl (16 kB)
2025-02-28T15:25:30.6842754Z Downloading freezegun-1.5.1-py3-none-any.whl (17 kB)
2025-02-28T15:25:30.6933711Z Downloading identify-2.6.8-py2.py3-none-any.whl (99 kB)
2025-02-28T15:25:30.7029877Z Downloading nodeenv-1.9.1-py2.py3-none-any.whl (22 kB)
2025-02-28T15:25:30.7062553Z Using cached packaging-24.2-py3-none-any.whl (65 kB)
2025-02-28T15:25:30.7075759Z Using cached platformdirs-4.3.6-py3-none-any.whl (18 kB)
2025-02-28T15:25:30.7088226Z Using cached pluggy-1.5.0-py3-none-any.whl (20 kB)
2025-02-28T15:25:30.7100831Z Using cached pyproject_api-1.9.0-py3-none-any.whl (13 kB)
2025-02-28T15:25:30.7171945Z Downloading PyYAML-6.0.2-cp39-cp39-manylinux_2_17_x86_64.manylinux2014_x86_64.whl (737 kB)
2025-02-28T15:25:30.7259279Z [?25l   [90m━━━━━━━━━━━━━━━━━━━━━━━━━━━━━━━━━━━━━━━━[0m [32m0.0/737.4 kB[0m [31m?[0m eta [36m-:--:--[0m
2025-02-28T15:25:30.7260621Z [2K   [90m━━━━━━━━━━━━━━━━━━━━━━━━━━━━━━━━━━━━━━━[0m [32m737.4/737.4 kB[0m [31m106.7 MB/s[0m eta [36m0:00:00[0m
2025-02-28T15:25:30.7271430Z [?25hUsing cached tomli-2.2.1-py3-none-any.whl (14 kB)
2025-02-28T15:25:30.7284777Z Using cached virtualenv-20.29.2-py3-none-any.whl (4.3 MB)
2025-02-28T15:25:30.7329719Z Using cached importlib_metadata-8.6.1-py3-none-any.whl (26 kB)
2025-02-28T15:25:30.7403143Z Downloading iniconfig-2.0.0-py3-none-any.whl (5.9 kB)
2025-02-28T15:25:30.7437004Z Using cached distlib-0.3.9-py2.py3-none-any.whl (468 kB)
2025-02-28T15:25:30.7514326Z Downloading python_dateutil-2.9.0.post0-py2.py3-none-any.whl (229 kB)
2025-02-28T15:25:30.7556387Z Using cached zipp-3.21.0-py3-none-any.whl (9.6 kB)
2025-02-28T15:25:30.7626251Z Downloading six-1.17.0-py2.py3-none-any.whl (11 kB)
2025-02-28T15:25:30.8628204Z Installing collected packages: distlib, zipp, typing-extensions, travertino, tomli, six, pyyaml, pluggy, platformdirs, Pillow, packaging, nodeenv, iniconfig, identify, filelock, exceptiongroup, coverage, colorama, chardet, cfgv, cachetools, virtualenv, toga-core, setuptools-scm, python-dateutil, pytest, pyproject-api, importlib_metadata, tox, toga-dummy, pytest-asyncio, pre-commit, freezegun, coverage-conditional-plugin, pytest-freezer
2025-02-28T15:25:32.4807665Z Successfully installed Pillow-11.1.0 cachetools-5.5.2 cfgv-3.4.0 chardet-5.2.0 colorama-0.4.6 coverage-7.6.12 coverage-conditional-plugin-0.9.0 distlib-0.3.9 exceptiongroup-1.2.2 filelock-3.17.0 freezegun-1.5.1 identify-2.6.8 importlib_metadata-8.6.1 iniconfig-2.0.0 nodeenv-1.9.1 packaging-24.2 platformdirs-4.3.6 pluggy-1.5.0 pre-commit-4.1.0 pyproject-api-1.9.0 pytest-8.3.4 pytest-asyncio-0.25.3 pytest-freezer-0.4.9 python-dateutil-2.9.0.post0 pyyaml-6.0.2 setuptools-scm-8.1.0 six-1.17.0 toga-core-0.4.9.dev629+g68266e24a toga-dummy-0.4.9.dev629+g68266e24a tomli-2.2.1 tox-4.24.1 travertino-0.4.9.dev629+g68266e24a typing-extensions-4.12.2 virtualenv-20.29.2 zipp-3.21.0
2025-02-28T15:25:32.5618444Z [1m[35mpy-cov-trav:[0m[36m commands[1][22m /home/runner/work/toga/toga/travertino[2m>[0m python -m coverage run -m pytest -vv --color yes[0m
2025-02-28T15:25:33.1601909Z [1m============================= test session starts ==============================[0m
2025-02-28T15:25:33.1603565Z platform linux -- Python 3.9.21, pytest-8.3.4, pluggy-1.5.0 -- /home/runner/work/toga/toga/.tox/py-cov-trav/bin/python
2025-02-28T15:25:33.1604839Z cachedir: /home/runner/work/toga/toga/.tox/py-cov-trav/.pytest_cache
2025-02-28T15:25:33.1605493Z rootdir: /home/runner/work/toga/toga/travertino
2025-02-28T15:25:33.1605881Z configfile: pyproject.toml
2025-02-28T15:25:33.1606221Z plugins: pytest_freezer-0.4.9, asyncio-0.25.3
2025-02-28T15:25:33.1606691Z asyncio: mode=strict, asyncio_default_fixture_loop_scope=function
2025-02-28T15:25:33.8905405Z [1mcollecting ... [0mcollected 645 items
2025-02-28T15:25:33.8905881Z 
2025-02-28T15:25:33.8974907Z tests/colors/test_alpha_blending.py::test_alpha_blending_over[front_color0-back_color0-expected_blended_color0] [32mPASSED[0m[32m [  0%][0m
2025-02-28T15:25:33.8992167Z tests/colors/test_alpha_blending.py::test_alpha_blending_over[front_color1-back_color1-expected_blended_color1] [32mPASSED[0m[32m [  0%][0m
2025-02-28T15:25:33.9009362Z tests/colors/test_alpha_blending.py::test_alpha_blending_over[front_color2-back_color2-expected_blended_color2] [32mPASSED[0m[32m [  0%][0m
2025-02-28T15:25:33.9026842Z tests/colors/test_alpha_blending.py::test_alpha_blending_over[front_color3-back_color3-expected_blended_color3] [32mPASSED[0m[32m [  0%][0m
2025-02-28T15:25:33.9043056Z tests/colors/test_alpha_blending.py::test_alpha_blending_over[front_color4-back_color4-expected_blended_color4] [32mPASSED[0m[32m [  0%][0m
2025-02-28T15:25:33.9059468Z tests/colors/test_alpha_blending.py::test_alpha_blending_over[front_color5-back_color5-expected_blended_color5] [32mPASSED[0m[32m [  0%][0m
2025-02-28T15:25:33.9075622Z tests/colors/test_alpha_blending.py::test_alpha_blending_over[front_color6-back_color6-expected_blended_color6] [32mPASSED[0m[32m [  1%][0m
2025-02-28T15:25:33.9091824Z tests/colors/test_alpha_blending.py::test_alpha_blending_over[front_color7-back_color7-expected_blended_color7] [32mPASSED[0m[32m [  1%][0m
2025-02-28T15:25:33.9108323Z tests/colors/test_alpha_blending.py::test_alpha_blending_over[front_color8-back_color8-expected_blended_color8] [32mPASSED[0m[32m [  1%][0m
2025-02-28T15:25:33.9124491Z tests/colors/test_alpha_blending.py::test_alpha_blending_over[front_color9-back_color9-expected_blended_color9] [32mPASSED[0m[32m [  1%][0m
2025-02-28T15:25:33.9140806Z tests/colors/test_alpha_blending.py::test_alpha_blending_over[front_color10-back_color10-expected_blended_color10] [32mPASSED[0m[32m [  1%][0m
2025-02-28T15:25:33.9157337Z tests/colors/test_alpha_blending.py::test_alpha_blending_over[front_color11-back_color11-expected_blended_color11] [32mPASSED[0m[32m [  1%][0m
2025-02-28T15:25:33.9173781Z tests/colors/test_alpha_blending.py::test_alpha_blending_over[front_color12-back_color12-expected_blended_color12] [32mPASSED[0m[32m [  2%][0m
2025-02-28T15:25:33.9189830Z tests/colors/test_alpha_blending.py::test_alpha_blending_over[front_color13-back_color13-expected_blended_color13] [32mPASSED[0m[32m [  2%][0m
2025-02-28T15:25:33.9206308Z tests/colors/test_alpha_blending.py::test_alpha_blending_over[front_color14-back_color14-expected_blended_color14] [32mPASSED[0m[32m [  2%][0m
2025-02-28T15:25:33.9223675Z tests/colors/test_alpha_blending.py::test_alpha_blending_over[front_color15-back_color15-expected_blended_color15] [32mPASSED[0m[32m [  2%][0m
2025-02-28T15:25:33.9240192Z tests/colors/test_alpha_blending.py::test_alpha_blending_over[front_color16-back_color16-expected_blended_color16] [32mPASSED[0m[32m [  2%][0m
2025-02-28T15:25:33.9256762Z tests/colors/test_alpha_blending.py::test_alpha_blending_over[front_color17-back_color17-expected_blended_color17] [32mPASSED[0m[32m [  2%][0m
2025-02-28T15:25:33.9273014Z tests/colors/test_alpha_blending.py::test_alpha_blending_over[front_color18-back_color18-expected_blended_color18] [32mPASSED[0m[32m [  2%][0m
2025-02-28T15:25:33.9289799Z tests/colors/test_alpha_blending.py::test_alpha_blending_over[front_color19-back_color19-expected_blended_color19] [32mPASSED[0m[32m [  3%][0m
2025-02-28T15:25:33.9305640Z tests/colors/test_alpha_blending.py::test_alpha_blending_over[front_color20-back_color20-expected_blended_color20] [32mPASSED[0m[32m [  3%][0m
2025-02-28T15:25:33.9321776Z tests/colors/test_alpha_blending.py::test_alpha_blending_over[front_color21-back_color21-expected_blended_color21] [32mPASSED[0m[32m [  3%][0m
2025-02-28T15:25:33.9338267Z tests/colors/test_alpha_blending.py::test_alpha_blending_over[front_color22-back_color22-expected_blended_color22] [32mPASSED[0m[32m [  3%][0m
2025-02-28T15:25:33.9354665Z tests/colors/test_alpha_blending.py::test_alpha_blending_over[front_color23-back_color23-expected_blended_color23] [32mPASSED[0m[32m [  3%][0m
2025-02-28T15:25:33.9370868Z tests/colors/test_alpha_blending.py::test_alpha_blending_over[front_color24-back_color24-expected_blended_color24] [32mPASSED[0m[32m [  3%][0m
2025-02-28T15:25:33.9387047Z tests/colors/test_alpha_blending.py::test_alpha_blending_over[front_color25-back_color25-expected_blended_color25] [32mPASSED[0m[32m [  4%][0m
2025-02-28T15:25:33.9404854Z tests/colors/test_alpha_blending.py::test_alpha_blending_over[front_color26-back_color26-expected_blended_color26] [32mPASSED[0m[32m [  4%][0m
2025-02-28T15:25:33.9421417Z tests/colors/test_alpha_blending.py::test_alpha_blending_over[front_color27-back_color27-expected_blended_color27] [32mPASSED[0m[32m [  4%][0m
2025-02-28T15:25:33.9438566Z tests/colors/test_alpha_blending.py::test_alpha_blending_over[front_color28-back_color28-expected_blended_color28] [32mPASSED[0m[32m [  4%][0m
2025-02-28T15:25:33.9454992Z tests/colors/test_alpha_blending.py::test_alpha_blending_over[front_color29-back_color29-expected_blended_color29] [32mPASSED[0m[32m [  4%][0m
2025-02-28T15:25:33.9473843Z tests/colors/test_alpha_blending.py::test_alpha_blending_over[front_color30-back_color30-expected_blended_color30] [32mPASSED[0m[32m [  4%][0m
2025-02-28T15:25:33.9490051Z tests/colors/test_alpha_blending.py::test_alpha_blending_over[front_color31-back_color31-expected_blended_color31] [32mPASSED[0m[32m [  4%][0m
2025-02-28T15:25:33.9507025Z tests/colors/test_alpha_blending.py::test_alpha_blending_over[front_color32-back_color32-expected_blended_color32] [32mPASSED[0m[32m [  5%][0m
2025-02-28T15:25:33.9523683Z tests/colors/test_alpha_blending.py::test_alpha_blending_over[front_color33-back_color33-expected_blended_color33] [32mPASSED[0m[32m [  5%][0m
2025-02-28T15:25:33.9539910Z tests/colors/test_alpha_blending.py::test_alpha_blending_over[front_color34-back_color34-expected_blended_color34] [32mPASSED[0m[32m [  5%][0m
2025-02-28T15:25:33.9556466Z tests/colors/test_alpha_blending.py::test_alpha_blending_over[front_color35-back_color35-expected_blended_color35] [32mPASSED[0m[32m [  5%][0m
2025-02-28T15:25:33.9572508Z tests/colors/test_alpha_blending.py::test_alpha_blending_over[front_color36-back_color36-expected_blended_color36] [32mPASSED[0m[32m [  5%][0m
2025-02-28T15:25:33.9589140Z tests/colors/test_alpha_blending.py::test_alpha_blending_over[front_color37-back_color37-expected_blended_color37] [32mPASSED[0m[32m [  5%][0m
2025-02-28T15:25:33.9605849Z tests/colors/test_alpha_blending.py::test_alpha_blending_over[front_color38-back_color38-expected_blended_color38] [32mPASSED[0m[32m [  6%][0m
2025-02-28T15:25:33.9622175Z tests/colors/test_alpha_blending.py::test_alpha_blending_over[front_color39-back_color39-expected_blended_color39] [32mPASSED[0m[32m [  6%][0m
2025-02-28T15:25:33.9639037Z tests/colors/test_alpha_blending.py::test_alpha_blending_over[front_color40-back_color40-expected_blended_color40] [32mPASSED[0m[32m [  6%][0m
2025-02-28T15:25:33.9655597Z tests/colors/test_alpha_blending.py::test_alpha_blending_over[front_color41-back_color41-expected_blended_color41] [32mPASSED[0m[32m [  6%][0m
2025-02-28T15:25:33.9672051Z tests/colors/test_alpha_blending.py::test_alpha_blending_over[front_color42-back_color42-expected_blended_color42] [32mPASSED[0m[32m [  6%][0m
2025-02-28T15:25:33.9689695Z tests/colors/test_alpha_blending.py::test_alpha_blending_over[front_color43-back_color43-expected_blended_color43] [32mPASSED[0m[32m [  6%][0m
2025-02-28T15:25:33.9708060Z tests/colors/test_alpha_blending.py::test_alpha_blending_over[front_color44-back_color44-expected_blended_color44] [32mPASSED[0m[32m [  6%][0m
2025-02-28T15:25:33.9725983Z tests/colors/test_alpha_blending.py::test_alpha_blending_over[front_color45-back_color45-expected_blended_color45] [32mPASSED[0m[32m [  7%][0m
2025-02-28T15:25:33.9742328Z tests/colors/test_alpha_blending.py::test_alpha_blending_over[front_color46-back_color46-expected_blended_color46] [32mPASSED[0m[32m [  7%][0m
2025-02-28T15:25:33.9759619Z tests/colors/test_alpha_blending.py::test_alpha_blending_over[front_color47-back_color47-expected_blended_color47] [32mPASSED[0m[32m [  7%][0m
2025-02-28T15:25:33.9776761Z tests/colors/test_alpha_blending.py::test_alpha_blending_over[front_color48-back_color48-expected_blended_color48] [32mPASSED[0m[32m [  7%][0m
2025-02-28T15:25:33.9794031Z tests/colors/test_alpha_blending.py::test_alpha_blending_over[front_color49-back_color49-expected_blended_color49] [32mPASSED[0m[32m [  7%][0m
2025-02-28T15:25:33.9810875Z tests/colors/test_alpha_blending.py::test_alpha_blending_over[front_color50-back_color50-expected_blended_color50] [32mPASSED[0m[32m [  7%][0m
2025-02-28T15:25:33.9828108Z tests/colors/test_alpha_blending.py::test_alpha_blending_over[front_color51-back_color51-expected_blended_color51] [32mPASSED[0m[32m [  8%][0m
2025-02-28T15:25:33.9845378Z tests/colors/test_alpha_blending.py::test_alpha_blending_over[front_color52-back_color52-expected_blended_color52] [32mPASSED[0m[32m [  8%][0m
2025-02-28T15:25:33.9861810Z tests/colors/test_alpha_blending.py::test_alpha_blending_over[front_color53-back_color53-expected_blended_color53] [32mPASSED[0m[32m [  8%][0m
2025-02-28T15:25:33.9878508Z tests/colors/test_alpha_blending.py::test_alpha_blending_over[front_color54-back_color54-expected_blended_color54] [32mPASSED[0m[32m [  8%][0m
2025-02-28T15:25:33.9894698Z tests/colors/test_alpha_blending.py::test_alpha_blending_over[front_color55-back_color55-expected_blended_color55] [32mPASSED[0m[32m [  8%][0m
2025-02-28T15:25:33.9911011Z tests/colors/test_alpha_blending.py::test_alpha_blending_over[front_color56-back_color56-expected_blended_color56] [32mPASSED[0m[32m [  8%][0m
2025-02-28T15:25:33.9927530Z tests/colors/test_alpha_blending.py::test_alpha_blending_over[front_color57-back_color57-expected_blended_color57] [32mPASSED[0m[32m [  8%][0m
2025-02-28T15:25:33.9944071Z tests/colors/test_alpha_blending.py::test_alpha_blending_over[front_color58-back_color58-expected_blended_color58] [32mPASSED[0m[32m [  9%][0m
2025-02-28T15:25:33.9960308Z tests/colors/test_alpha_blending.py::test_alpha_blending_over[front_color59-back_color59-expected_blended_color59] [32mPASSED[0m[32m [  9%][0m
2025-02-28T15:25:33.9977010Z tests/colors/test_alpha_blending.py::test_alpha_blending_over[front_color60-back_color60-expected_blended_color60] [32mPASSED[0m[32m [  9%][0m
2025-02-28T15:25:33.9994282Z tests/colors/test_alpha_blending.py::test_alpha_blending_over[front_color61-back_color61-expected_blended_color61] [32mPASSED[0m[32m [  9%][0m
2025-02-28T15:25:34.0010660Z tests/colors/test_alpha_blending.py::test_alpha_blending_over[front_color62-back_color62-expected_blended_color62] [32mPASSED[0m[32m [  9%][0m
2025-02-28T15:25:34.0027627Z tests/colors/test_alpha_blending.py::test_alpha_blending_over[front_color63-back_color63-expected_blended_color63] [32mPASSED[0m[32m [  9%][0m
2025-02-28T15:25:34.0043870Z tests/colors/test_alpha_blending.py::test_alpha_blending_over[front_color64-back_color64-expected_blended_color64] [32mPASSED[0m[32m [ 10%][0m
2025-02-28T15:25:34.0059975Z tests/colors/test_alpha_blending.py::test_alpha_blending_over[front_color65-back_color65-expected_blended_color65] [32mPASSED[0m[32m [ 10%][0m
2025-02-28T15:25:34.0076534Z tests/colors/test_alpha_blending.py::test_alpha_blending_over[front_color66-back_color66-expected_blended_color66] [32mPASSED[0m[32m [ 10%][0m
2025-02-28T15:25:34.0092396Z tests/colors/test_alpha_blending.py::test_alpha_blending_over[front_color67-back_color67-expected_blended_color67] [32mPASSED[0m[32m [ 10%][0m
2025-02-28T15:25:34.0108812Z tests/colors/test_alpha_blending.py::test_alpha_blending_over[front_color68-back_color68-expected_blended_color68] [32mPASSED[0m[32m [ 10%][0m
2025-02-28T15:25:34.0125266Z tests/colors/test_alpha_blending.py::test_alpha_blending_over[front_color69-back_color69-expected_blended_color69] [32mPASSED[0m[32m [ 10%][0m
2025-02-28T15:25:34.0144495Z tests/colors/test_alpha_blending.py::test_alpha_blending_over[front_color70-back_color70-expected_blended_color70] [32mPASSED[0m[32m [ 11%][0m
2025-02-28T15:25:34.0160827Z tests/colors/test_alpha_blending.py::test_alpha_blending_over[front_color71-back_color71-expected_blended_color71] [32mPASSED[0m[32m [ 11%][0m
2025-02-28T15:25:34.0177485Z tests/colors/test_alpha_blending.py::test_alpha_blending_over[front_color72-back_color72-expected_blended_color72] [32mPASSED[0m[32m [ 11%][0m
2025-02-28T15:25:34.0193844Z tests/colors/test_alpha_blending.py::test_alpha_blending_over[front_color73-back_color73-expected_blended_color73] [32mPASSED[0m[32m [ 11%][0m
2025-02-28T15:25:34.0209785Z tests/colors/test_alpha_blending.py::test_alpha_blending_over[front_color74-back_color74-expected_blended_color74] [32mPASSED[0m[32m [ 11%][0m
2025-02-28T15:25:34.0226222Z tests/colors/test_alpha_blending.py::test_alpha_blending_over[front_color75-back_color75-expected_blended_color75] [32mPASSED[0m[32m [ 11%][0m
2025-02-28T15:25:34.0242621Z tests/colors/test_alpha_blending.py::test_alpha_blending_over[front_color76-back_color76-expected_blended_color76] [32mPASSED[0m[32m [ 11%][0m
2025-02-28T15:25:34.0259181Z tests/colors/test_alpha_blending.py::test_alpha_blending_over[front_color77-back_color77-expected_blended_color77] [32mPASSED[0m[32m [ 12%][0m
2025-02-28T15:25:34.0275344Z tests/colors/test_alpha_blending.py::test_alpha_blending_over[front_color78-back_color78-expected_blended_color78] [32mPASSED[0m[32m [ 12%][0m
2025-02-28T15:25:34.0291859Z tests/colors/test_alpha_blending.py::test_alpha_blending_over[front_color79-back_color79-expected_blended_color79] [32mPASSED[0m[32m [ 12%][0m
2025-02-28T15:25:34.0308355Z tests/colors/test_alpha_blending.py::test_alpha_blending_over[front_color80-back_color80-expected_blended_color80] [32mPASSED[0m[32m [ 12%][0m
2025-02-28T15:25:34.0329019Z tests/colors/test_alpha_blending.py::test_alpha_unblend_over[front_color0-back_color0] [32mPASSED[0m[32m [ 12%][0m
2025-02-28T15:25:34.0345264Z tests/colors/test_alpha_blending.py::test_alpha_unblend_over[front_color1-back_color1] [32mPASSED[0m[32m [ 12%][0m
2025-02-28T15:25:34.0361278Z tests/colors/test_alpha_blending.py::test_alpha_unblend_over[front_color2-back_color2] [32mPASSED[0m[32m [ 13%][0m
2025-02-28T15:25:34.0377345Z tests/colors/test_alpha_blending.py::test_alpha_unblend_over[front_color3-back_color3] [32mPASSED[0m[32m [ 13%][0m
2025-02-28T15:25:34.0393196Z tests/colors/test_alpha_blending.py::test_alpha_unblend_over[front_color4-back_color4] [32mPASSED[0m[32m [ 13%][0m
2025-02-28T15:25:34.0409334Z tests/colors/test_alpha_blending.py::test_alpha_unblend_over[front_color5-back_color5] [32mPASSED[0m[32m [ 13%][0m
2025-02-28T15:25:34.0425446Z tests/colors/test_alpha_blending.py::test_alpha_unblend_over[front_color6-back_color6] [32mPASSED[0m[32m [ 13%][0m
2025-02-28T15:25:34.0440005Z tests/colors/test_alpha_blending.py::test_alpha_unblend_over[front_color7-back_color7] [32mPASSED[0m[32m [ 13%][0m
2025-02-28T15:25:34.0456670Z tests/colors/test_alpha_blending.py::test_alpha_unblend_over[front_color8-back_color8] [32mPASSED[0m[32m [ 13%][0m
2025-02-28T15:25:34.0472746Z tests/colors/test_alpha_blending.py::test_alpha_unblend_over[front_color9-back_color9] [32mPASSED[0m[32m [ 14%][0m
2025-02-28T15:25:34.0488971Z tests/colors/test_alpha_blending.py::test_alpha_unblend_over[front_color10-back_color10] [32mPASSED[0m[32m [ 14%][0m
2025-02-28T15:25:34.0505435Z tests/colors/test_alpha_blending.py::test_alpha_unblend_over[front_color11-back_color11] [32mPASSED[0m[32m [ 14%][0m
2025-02-28T15:25:34.0521568Z tests/colors/test_alpha_blending.py::test_alpha_unblend_over[front_color12-back_color12] [32mPASSED[0m[32m [ 14%][0m
2025-02-28T15:25:34.0537980Z tests/colors/test_alpha_blending.py::test_alpha_unblend_over[front_color13-back_color13] [32mPASSED[0m[32m [ 14%][0m
2025-02-28T15:25:34.0555328Z tests/colors/test_alpha_blending.py::test_alpha_unblend_over[front_color14-back_color14] [32mPASSED[0m[32m [ 14%][0m
2025-02-28T15:25:34.0571253Z tests/colors/test_alpha_blending.py::test_alpha_unblend_over[front_color15-back_color15] [32mPASSED[0m[32m [ 15%][0m
2025-02-28T15:25:34.0587300Z tests/colors/test_alpha_blending.py::test_alpha_unblend_over[front_color16-back_color16] [32mPASSED[0m[32m [ 15%][0m
2025-02-28T15:25:34.0604199Z tests/colors/test_alpha_blending.py::test_alpha_unblend_over[front_color17-back_color17] [32mPASSED[0m[32m [ 15%][0m
2025-02-28T15:25:34.0620371Z tests/colors/test_alpha_blending.py::test_alpha_unblend_over[front_color18-back_color18] [32mPASSED[0m[32m [ 15%][0m
2025-02-28T15:25:34.0636865Z tests/colors/test_alpha_blending.py::test_alpha_unblend_over[front_color19-back_color19] [32mPASSED[0m[32m [ 15%][0m
2025-02-28T15:25:34.0652721Z tests/colors/test_alpha_blending.py::test_alpha_unblend_over[front_color20-back_color20] [32mPASSED[0m[32m [ 15%][0m
2025-02-28T15:25:34.0669813Z tests/colors/test_alpha_blending.py::test_alpha_unblend_over[front_color21-back_color21] [32mPASSED[0m[32m [ 15%][0m
2025-02-28T15:25:34.0686409Z tests/colors/test_alpha_blending.py::test_alpha_unblend_over[front_color22-back_color22] [32mPASSED[0m[32m [ 16%][0m
2025-02-28T15:25:34.0702610Z tests/colors/test_alpha_blending.py::test_alpha_unblend_over[front_color23-back_color23] [32mPASSED[0m[32m [ 16%][0m
2025-02-28T15:25:34.0719091Z tests/colors/test_alpha_blending.py::test_alpha_unblend_over[front_color24-back_color24] [32mPASSED[0m[32m [ 16%][0m
2025-02-28T15:25:34.0735677Z tests/colors/test_alpha_blending.py::test_alpha_unblend_over[front_color25-back_color25] [32mPASSED[0m[32m [ 16%][0m
2025-02-28T15:25:34.0751753Z tests/colors/test_alpha_blending.py::test_alpha_unblend_over[front_color26-back_color26] [32mPASSED[0m[32m [ 16%][0m
2025-02-28T15:25:34.0767948Z tests/colors/test_alpha_blending.py::test_alpha_unblend_over[front_color27-back_color27] [32mPASSED[0m[32m [ 16%][0m
2025-02-28T15:25:34.0784294Z tests/colors/test_alpha_blending.py::test_alpha_unblend_over[front_color28-back_color28] [32mPASSED[0m[32m [ 17%][0m
2025-02-28T15:25:34.0800985Z tests/colors/test_alpha_blending.py::test_alpha_unblend_over[front_color29-back_color29] [32mPASSED[0m[32m [ 17%][0m
2025-02-28T15:25:34.0816534Z tests/colors/test_alpha_blending.py::test_alpha_unblend_over[front_color30-back_color30] [32mPASSED[0m[32m [ 17%][0m
2025-02-28T15:25:34.0832251Z tests/colors/test_alpha_blending.py::test_alpha_unblend_over[front_color31-back_color31] [32mPASSED[0m[32m [ 17%][0m
2025-02-28T15:25:34.0849369Z tests/colors/test_alpha_blending.py::test_alpha_unblend_over[front_color32-back_color32] [32mPASSED[0m[32m [ 17%][0m
2025-02-28T15:25:34.0866070Z tests/colors/test_alpha_blending.py::test_alpha_unblend_over[front_color33-back_color33] [32mPASSED[0m[32m [ 17%][0m
2025-02-28T15:25:34.0882117Z tests/colors/test_alpha_blending.py::test_alpha_unblend_over[front_color34-back_color34] [32mPASSED[0m[32m [ 17%][0m
2025-02-28T15:25:34.0898312Z tests/colors/test_alpha_blending.py::test_alpha_unblend_over[front_color35-back_color35] [32mPASSED[0m[32m [ 18%][0m
2025-02-28T15:25:34.0914593Z tests/colors/test_alpha_blending.py::test_alpha_unblend_over[front_color36-back_color36] [32mPASSED[0m[32m [ 18%][0m
2025-02-28T15:25:34.0930155Z tests/colors/test_alpha_blending.py::test_alpha_unblend_over[front_color37-back_color37] [32mPASSED[0m[32m [ 18%][0m
2025-02-28T15:25:34.0946447Z tests/colors/test_alpha_blending.py::test_alpha_unblend_over[front_color38-back_color38] [32mPASSED[0m[32m [ 18%][0m
2025-02-28T15:25:34.0963572Z tests/colors/test_alpha_blending.py::test_alpha_unblend_over[front_color39-back_color39] [32mPASSED[0m[32m [ 18%][0m
2025-02-28T15:25:34.0979828Z tests/colors/test_alpha_blending.py::test_alpha_unblend_over[front_color40-back_color40] [32mPASSED[0m[32m [ 18%][0m
2025-02-28T15:25:34.0996293Z tests/colors/test_alpha_blending.py::test_alpha_unblend_over[front_color41-back_color41] [32mPASSED[0m[32m [ 19%][0m
2025-02-28T15:25:34.1012853Z tests/colors/test_alpha_blending.py::test_alpha_unblend_over[front_color42-back_color42] [32mPASSED[0m[32m [ 19%][0m
2025-02-28T15:25:34.1029365Z tests/colors/test_alpha_blending.py::test_alpha_unblend_over[front_color43-back_color43] [32mPASSED[0m[32m [ 19%][0m
2025-02-28T15:25:34.1046417Z tests/colors/test_alpha_blending.py::test_alpha_unblend_over[front_color44-back_color44] [32mPASSED[0m[32m [ 19%][0m
2025-02-28T15:25:34.1062843Z tests/colors/test_alpha_blending.py::test_alpha_unblend_over[front_color45-back_color45] [32mPASSED[0m[32m [ 19%][0m
2025-02-28T15:25:34.1079115Z tests/colors/test_alpha_blending.py::test_alpha_unblend_over[front_color46-back_color46] [32mPASSED[0m[32m [ 19%][0m
2025-02-28T15:25:34.1095828Z tests/colors/test_alpha_blending.py::test_alpha_unblend_over[front_color47-back_color47] [32mPASSED[0m[32m [ 20%][0m
2025-02-28T15:25:34.1112550Z tests/colors/test_alpha_blending.py::test_alpha_unblend_over[front_color48-back_color48] [32mPASSED[0m[32m [ 20%][0m
2025-02-28T15:25:34.1129175Z tests/colors/test_alpha_blending.py::test_alpha_unblend_over[front_color49-back_color49] [32mPASSED[0m[32m [ 20%][0m
2025-02-28T15:25:34.1145687Z tests/colors/test_alpha_blending.py::test_alpha_unblend_over[front_color50-back_color50] [32mPASSED[0m[32m [ 20%][0m
2025-02-28T15:25:34.1162565Z tests/colors/test_alpha_blending.py::test_alpha_unblend_over[front_color51-back_color51] [32mPASSED[0m[32m [ 20%][0m
2025-02-28T15:25:34.1179249Z tests/colors/test_alpha_blending.py::test_alpha_unblend_over[front_color52-back_color52] [32mPASSED[0m[32m [ 20%][0m
2025-02-28T15:25:34.1196461Z tests/colors/test_alpha_blending.py::test_alpha_unblend_over[front_color53-back_color53] [32mPASSED[0m[32m [ 20%][0m
2025-02-28T15:25:34.1218741Z tests/colors/test_alpha_blending.py::test_alpha_unblend_over[front_color54-back_color54] [32mPASSED[0m[32m [ 21%][0m
2025-02-28T15:25:34.1236340Z tests/colors/test_alpha_blending.py::test_alpha_unblend_over[front_color55-back_color55] [32mPASSED[0m[32m [ 21%][0m
2025-02-28T15:25:34.1252599Z tests/colors/test_alpha_blending.py::test_alpha_unblend_over[front_color56-back_color56] [32mPASSED[0m[32m [ 21%][0m
2025-02-28T15:25:34.1269182Z tests/colors/test_alpha_blending.py::test_alpha_unblend_over[front_color57-back_color57] [32mPASSED[0m[32m [ 21%][0m
2025-02-28T15:25:34.1285364Z tests/colors/test_alpha_blending.py::test_alpha_unblend_over[front_color58-back_color58] [32mPASSED[0m[32m [ 21%][0m
2025-02-28T15:25:34.1302037Z tests/colors/test_alpha_blending.py::test_alpha_unblend_over[front_color59-back_color59] [32mPASSED[0m[32m [ 21%][0m
2025-02-28T15:25:34.1318414Z tests/colors/test_alpha_blending.py::test_alpha_unblend_over[front_color60-back_color60] [32mPASSED[0m[32m [ 22%][0m
2025-02-28T15:25:34.1335962Z tests/colors/test_alpha_blending.py::test_alpha_unblend_over[front_color61-back_color61] [32mPASSED[0m[32m [ 22%][0m
2025-02-28T15:25:34.1352428Z tests/colors/test_alpha_blending.py::test_alpha_unblend_over[front_color62-back_color62] [32mPASSED[0m[32m [ 22%][0m
2025-02-28T15:25:34.1369979Z tests/colors/test_alpha_blending.py::test_alpha_unblend_over[front_color63-back_color63] [32mPASSED[0m[32m [ 22%][0m
2025-02-28T15:25:34.1387065Z tests/colors/test_alpha_blending.py::test_alpha_unblend_over[front_color64-back_color64] [32mPASSED[0m[32m [ 22%][0m
2025-02-28T15:25:34.1403619Z tests/colors/test_alpha_blending.py::test_alpha_unblend_over[front_color65-back_color65] [32mPASSED[0m[32m [ 22%][0m
2025-02-28T15:25:34.1419793Z tests/colors/test_alpha_blending.py::test_alpha_unblend_over[front_color66-back_color66] [32mPASSED[0m[32m [ 22%][0m
2025-02-28T15:25:34.1435307Z tests/colors/test_alpha_blending.py::test_alpha_unblend_over[front_color67-back_color67] [32mPASSED[0m[32m [ 23%][0m
2025-02-28T15:25:34.1452043Z tests/colors/test_alpha_blending.py::test_alpha_unblend_over[front_color68-back_color68] [32mPASSED[0m[32m [ 23%][0m
2025-02-28T15:25:34.1468615Z tests/colors/test_alpha_blending.py::test_alpha_unblend_over[front_color69-back_color69] [32mPASSED[0m[32m [ 23%][0m
2025-02-28T15:25:34.1486185Z tests/colors/test_alpha_blending.py::test_alpha_unblend_over[front_color70-back_color70] [32mPASSED[0m[32m [ 23%][0m
2025-02-28T15:25:34.1503239Z tests/colors/test_alpha_blending.py::test_alpha_unblend_over[front_color71-back_color71] [32mPASSED[0m[32m [ 23%][0m
2025-02-28T15:25:34.1519645Z tests/colors/test_alpha_blending.py::test_alpha_unblend_over[front_color72-back_color72] [32mPASSED[0m[32m [ 23%][0m
2025-02-28T15:25:34.1535953Z tests/colors/test_alpha_blending.py::test_alpha_unblend_over[front_color73-back_color73] [32mPASSED[0m[32m [ 24%][0m
2025-02-28T15:25:34.1552361Z tests/colors/test_alpha_blending.py::test_alpha_unblend_over[front_color74-back_color74] [32mPASSED[0m[32m [ 24%][0m
2025-02-28T15:25:34.1570538Z tests/colors/test_alpha_blending.py::test_alpha_unblend_over[front_color75-back_color75] [32mPASSED[0m[32m [ 24%][0m
2025-02-28T15:25:34.1587207Z tests/colors/test_color_conversion.py::test_rgba_to_rgb[input_color0-expected_color0] [32mPASSED[0m[32m [ 24%][0m
2025-02-28T15:25:34.1602372Z tests/colors/test_color_conversion.py::test_rgba_to_rgb[input_color1-expected_color1] [32mPASSED[0m[32m [ 24%][0m
2025-02-28T15:25:34.1617601Z tests/colors/test_color_conversion.py::test_rgba_to_rgb[input_color2-expected_color2] [32mPASSED[0m[32m [ 24%][0m
2025-02-28T15:25:34.1632583Z tests/colors/test_color_conversion.py::test_rgba_to_rgb[input_color3-expected_color3] [32mPASSED[0m[32m [ 24%][0m
2025-02-28T15:25:34.1649005Z tests/colors/test_color_conversion.py::test_rgba_to_rgb[input_color4-expected_color4] [32mPASSED[0m[32m [ 25%][0m
2025-02-28T15:25:34.1665256Z tests/colors/test_color_conversion.py::test_rgba_to_rgb[input_color5-expected_color5] [32mPASSED[0m[32m [ 25%][0m
2025-02-28T15:25:34.1682197Z tests/colors/test_color_conversion.py::test_rgba_to_rgb[input_color6-expected_color6] [32mPASSED[0m[32m [ 25%][0m
2025-02-28T15:25:34.1698075Z tests/colors/test_color_conversion.py::test_rgba_to_rgb[input_color7-expected_color7] [32mPASSED[0m[32m [ 25%][0m
2025-02-28T15:25:34.1713649Z tests/colors/test_color_conversion.py::test_rgba_to_rgb[input_color8-expected_color8] [32mPASSED[0m[32m [ 25%][0m
2025-02-28T15:25:34.1729688Z tests/colors/test_color_conversion.py::test_rgba_to_rgb[input_color9-expected_color9] [32mPASSED[0m[32m [ 25%][0m
2025-02-28T15:25:34.1745298Z tests/colors/test_color_conversion.py::test_rgba_to_rgb[input_color10-expected_color10] [32mPASSED[0m[32m [ 26%][0m
2025-02-28T15:25:34.1761707Z tests/colors/test_color_conversion.py::test_rgba_to_rgb[input_color11-expected_color11] [32mPASSED[0m[32m [ 26%][0m
2025-02-28T15:25:34.1777752Z tests/colors/test_color_conversion.py::test_rgba_to_rgb[input_color12-expected_color12] [32mPASSED[0m[32m [ 26%][0m
2025-02-28T15:25:34.1793256Z tests/colors/test_color_conversion.py::test_rgba_to_rgb[input_color13-expected_color13] [32mPASSED[0m[32m [ 26%][0m
2025-02-28T15:25:34.1808935Z tests/colors/test_color_conversion.py::test_rgba_to_rgb[input_color14-expected_color14] [32mPASSED[0m[32m [ 26%][0m
2025-02-28T15:25:34.1824809Z tests/colors/test_color_conversion.py::test_rgba_to_rgb[input_color15-expected_color15] [32mPASSED[0m[32m [ 26%][0m
2025-02-28T15:25:34.1840255Z tests/colors/test_color_conversion.py::test_rgba_to_hsla[input_color0-expected_color0] [32mPASSED[0m[32m [ 26%][0m
2025-02-28T15:25:34.1856552Z tests/colors/test_color_conversion.py::test_rgba_to_hsla[input_color1-expected_color1] [32mPASSED[0m[32m [ 27%][0m
2025-02-28T15:25:34.1872328Z tests/colors/test_color_conversion.py::test_rgba_to_hsla[input_color2-expected_color2] [32mPASSED[0m[32m [ 27%][0m
2025-02-28T15:25:34.1887996Z tests/colors/test_color_conversion.py::test_rgba_to_hsla[input_color3-expected_color3] [32mPASSED[0m[32m [ 27%][0m
2025-02-28T15:25:34.1903773Z tests/colors/test_color_conversion.py::test_rgba_to_hsla[input_color4-expected_color4] [32mPASSED[0m[32m [ 27%][0m
2025-02-28T15:25:34.1919096Z tests/colors/test_color_conversion.py::test_rgba_to_hsla[input_color5-expected_color5] [32mPASSED[0m[32m [ 27%][0m
2025-02-28T15:25:34.1934585Z tests/colors/test_color_conversion.py::test_rgba_to_hsla[input_color6-expected_color6] [32mPASSED[0m[32m [ 27%][0m
2025-02-28T15:25:34.1949730Z tests/colors/test_color_conversion.py::test_rgba_to_hsla[input_color7-expected_color7] [32mPASSED[0m[32m [ 28%][0m
2025-02-28T15:25:34.1964942Z tests/colors/test_color_conversion.py::test_rgba_to_hsla[input_color8-expected_color8] [32mPASSED[0m[32m [ 28%][0m
2025-02-28T15:25:34.1980783Z tests/colors/test_color_conversion.py::test_rgba_to_hsla[input_color9-expected_color9] [32mPASSED[0m[32m [ 28%][0m
2025-02-28T15:25:34.1996830Z tests/colors/test_color_conversion.py::test_rgba_to_hsla[input_color10-expected_color10] [32mPASSED[0m[32m [ 28%][0m
2025-02-28T15:25:34.2012066Z tests/colors/test_color_conversion.py::test_rgba_to_hsla[input_color11-expected_color11] [32mPASSED[0m[32m [ 28%][0m
2025-02-28T15:25:34.2027606Z tests/colors/test_color_conversion.py::test_rgba_to_hsla[input_color12-expected_color12] [32mPASSED[0m[32m [ 28%][0m
2025-02-28T15:25:34.2042826Z tests/colors/test_color_conversion.py::test_rgba_to_hsla[input_color13-expected_color13] [32mPASSED[0m[32m [ 28%][0m
2025-02-28T15:25:34.2058049Z tests/colors/test_color_conversion.py::test_rgba_to_hsla[input_color14-expected_color14] [32mPASSED[0m[32m [ 29%][0m
2025-02-28T15:25:34.2072866Z tests/colors/test_color_conversion.py::test_rgba_to_hsla[input_color15-expected_color15] [32mPASSED[0m[32m [ 29%][0m
2025-02-28T15:25:34.2088131Z tests/colors/test_color_conversion.py::test_rgba_to_hsl[input_color0-expected_color0] [32mPASSED[0m[32m [ 29%][0m
2025-02-28T15:25:34.2104380Z tests/colors/test_color_conversion.py::test_rgba_to_hsl[input_color1-expected_color1] [32mPASSED[0m[32m [ 29%][0m
2025-02-28T15:25:34.2119065Z tests/colors/test_color_conversion.py::test_rgba_to_hsl[input_color2-expected_color2] [32mPASSED[0m[32m [ 29%][0m
2025-02-28T15:25:34.2134320Z tests/colors/test_color_conversion.py::test_rgba_to_hsl[input_color3-expected_color3] [32mPASSED[0m[32m [ 29%][0m
2025-02-28T15:25:34.2149729Z tests/colors/test_color_conversion.py::test_rgba_to_hsl[input_color4-expected_color4] [32mPASSED[0m[32m [ 30%][0m
2025-02-28T15:25:34.2164955Z tests/colors/test_color_conversion.py::test_rgba_to_hsl[input_color5-expected_color5] [32mPASSED[0m[32m [ 30%][0m
2025-02-28T15:25:34.2179615Z tests/colors/test_color_conversion.py::test_rgba_to_hsl[input_color6-expected_color6] [32mPASSED[0m[32m [ 30%][0m
2025-02-28T15:25:34.2196096Z tests/colors/test_color_conversion.py::test_rgba_to_hsl[input_color7-expected_color7] [32mPASSED[0m[32m [ 30%][0m
2025-02-28T15:25:34.2211091Z tests/colors/test_color_conversion.py::test_rgba_to_hsl[input_color8-expected_color8] [32mPASSED[0m[32m [ 30%][0m
2025-02-28T15:25:34.2227766Z tests/colors/test_color_conversion.py::test_rgba_to_hsl[input_color9-expected_color9] [32mPASSED[0m[32m [ 30%][0m
2025-02-28T15:25:34.2243084Z tests/colors/test_color_conversion.py::test_rgba_to_hsl[input_color10-expected_color10] [32mPASSED[0m[32m [ 31%][0m
2025-02-28T15:25:34.2258590Z tests/colors/test_color_conversion.py::test_rgba_to_hsl[input_color11-expected_color11] [32mPASSED[0m[32m [ 31%][0m
2025-02-28T15:25:34.2274090Z tests/colors/test_color_conversion.py::test_rgba_to_hsl[input_color12-expected_color12] [32mPASSED[0m[32m [ 31%][0m
2025-02-28T15:25:34.2289246Z tests/colors/test_color_conversion.py::test_rgba_to_hsl[input_color13-expected_color13] [32mPASSED[0m[32m [ 31%][0m
2025-02-28T15:25:34.2305132Z tests/colors/test_color_conversion.py::test_rgba_to_hsl[input_color14-expected_color14] [32mPASSED[0m[32m [ 31%][0m
2025-02-28T15:25:34.2320000Z tests/colors/test_color_conversion.py::test_rgba_to_hsl[input_color15-expected_color15] [32mPASSED[0m[32m [ 31%][0m
2025-02-28T15:25:34.2335122Z tests/colors/test_color_conversion.py::test_rgb_to_rgba[input_color0-expected_color0] [32mPASSED[0m[32m [ 31%][0m
2025-02-28T15:25:34.2350319Z tests/colors/test_color_conversion.py::test_rgb_to_rgba[input_color1-expected_color1] [32mPASSED[0m[32m [ 32%][0m
2025-02-28T15:25:34.2366460Z tests/colors/test_color_conversion.py::test_rgb_to_rgba[input_color2-expected_color2] [32mPASSED[0m[32m [ 32%][0m
2025-02-28T15:25:34.2381357Z tests/colors/test_color_conversion.py::test_rgb_to_rgba[input_color3-expected_color3] [32mPASSED[0m[32m [ 32%][0m
2025-02-28T15:25:34.2396630Z tests/colors/test_color_conversion.py::test_rgb_to_rgba[input_color4-expected_color4] [32mPASSED[0m[32m [ 32%][0m
2025-02-28T15:25:34.2412402Z tests/colors/test_color_conversion.py::test_rgb_to_rgba[input_color5-expected_color5] [32mPASSED[0m[32m [ 32%][0m
2025-02-28T15:25:34.2427655Z tests/colors/test_color_conversion.py::test_rgb_to_rgba[input_color6-expected_color6] [32mPASSED[0m[32m [ 32%][0m
2025-02-28T15:25:34.2442706Z tests/colors/test_color_conversion.py::test_rgb_to_rgba[input_color7-expected_color7] [32mPASSED[0m[32m [ 33%][0m
2025-02-28T15:25:34.2457939Z tests/colors/test_color_conversion.py::test_rgb_to_rgba[input_color8-expected_color8] [32mPASSED[0m[32m [ 33%][0m
2025-02-28T15:25:34.2474126Z tests/colors/test_color_conversion.py::test_rgb_to_rgba[input_color9-expected_color9] [32mPASSED[0m[32m [ 33%][0m
2025-02-28T15:25:34.2489183Z tests/colors/test_color_conversion.py::test_rgb_to_rgba[input_color10-expected_color10] [32mPASSED[0m[32m [ 33%][0m
2025-02-28T15:25:34.2504408Z tests/colors/test_color_conversion.py::test_rgb_to_rgba[input_color11-expected_color11] [32mPASSED[0m[32m [ 33%][0m
2025-02-28T15:25:34.2519241Z tests/colors/test_color_conversion.py::test_rgb_to_hsla[input_color0-expected_color0] [32mPASSED[0m[32m [ 33%][0m
2025-02-28T15:25:34.2535656Z tests/colors/test_color_conversion.py::test_rgb_to_hsla[input_color1-expected_color1] [32mPASSED[0m[32m [ 33%][0m
2025-02-28T15:25:34.2550590Z tests/colors/test_color_conversion.py::test_rgb_to_hsla[input_color2-expected_color2] [32mPASSED[0m[32m [ 34%][0m
2025-02-28T15:25:34.2565844Z tests/colors/test_color_conversion.py::test_rgb_to_hsla[input_color3-expected_color3] [32mPASSED[0m[32m [ 34%][0m
2025-02-28T15:25:34.2581061Z tests/colors/test_color_conversion.py::test_rgb_to_hsla[input_color4-expected_color4] [32mPASSED[0m[32m [ 34%][0m
2025-02-28T15:25:34.2596599Z tests/colors/test_color_conversion.py::test_rgb_to_hsla[input_color5-expected_color5] [32mPASSED[0m[32m [ 34%][0m
2025-02-28T15:25:34.2612499Z tests/colors/test_color_conversion.py::test_rgb_to_hsla[input_color6-expected_color6] [32mPASSED[0m[32m [ 34%][0m
2025-02-28T15:25:34.2627990Z tests/colors/test_color_conversion.py::test_rgb_to_hsla[input_color7-expected_color7] [32mPASSED[0m[32m [ 34%][0m
2025-02-28T15:25:34.2643737Z tests/colors/test_color_conversion.py::test_rgb_to_hsla[input_color8-expected_color8] [32mPASSED[0m[32m [ 35%][0m
2025-02-28T15:25:34.2658748Z tests/colors/test_color_conversion.py::test_rgb_to_hsla[input_color9-expected_color9] [32mPASSED[0m[32m [ 35%][0m
2025-02-28T15:25:34.2674653Z tests/colors/test_color_conversion.py::test_rgb_to_hsla[input_color10-expected_color10] [32mPASSED[0m[32m [ 35%][0m
2025-02-28T15:25:34.2689936Z tests/colors/test_color_conversion.py::test_rgb_to_hsla[input_color11-expected_color11] [32mPASSED[0m[32m [ 35%][0m
2025-02-28T15:25:34.2704884Z tests/colors/test_color_conversion.py::test_rgb_to_hsl[input_color0-expected_color0] [32mPASSED[0m[32m [ 35%][0m
2025-02-28T15:25:34.2720861Z tests/colors/test_color_conversion.py::test_rgb_to_hsl[input_color1-expected_color1] [32mPASSED[0m[32m [ 35%][0m
2025-02-28T15:25:34.2736990Z tests/colors/test_color_conversion.py::test_rgb_to_hsl[input_color2-expected_color2] [32mPASSED[0m[32m [ 35%][0m
2025-02-28T15:25:34.2752102Z tests/colors/test_color_conversion.py::test_rgb_to_hsl[input_color3-expected_color3] [32mPASSED[0m[32m [ 36%][0m
2025-02-28T15:25:34.2767387Z tests/colors/test_color_conversion.py::test_rgb_to_hsl[input_color4-expected_color4] [32mPASSED[0m[32m [ 36%][0m
2025-02-28T15:25:34.2783194Z tests/colors/test_color_conversion.py::test_rgb_to_hsl[input_color5-expected_color5] [32mPASSED[0m[32m [ 36%][0m
2025-02-28T15:25:34.2799083Z tests/colors/test_color_conversion.py::test_rgb_to_hsl[input_color6-expected_color6] [32mPASSED[0m[32m [ 36%][0m
2025-02-28T15:25:34.2814572Z tests/colors/test_color_conversion.py::test_rgb_to_hsl[input_color7-expected_color7] [32mPASSED[0m[32m [ 36%][0m
2025-02-28T15:25:34.2829490Z tests/colors/test_color_conversion.py::test_rgb_to_hsl[input_color8-expected_color8] [32mPASSED[0m[32m [ 36%][0m
2025-02-28T15:25:34.2844913Z tests/colors/test_color_conversion.py::test_rgb_to_hsl[input_color9-expected_color9] [32mPASSED[0m[32m [ 37%][0m
2025-02-28T15:25:34.2859639Z tests/colors/test_color_conversion.py::test_rgb_to_hsl[input_color10-expected_color10] [32mPASSED[0m[32m [ 37%][0m
2025-02-28T15:25:34.2874831Z tests/colors/test_color_conversion.py::test_rgb_to_hsl[input_color11-expected_color11] [32mPASSED[0m[32m [ 37%][0m
2025-02-28T15:25:34.2889666Z tests/colors/test_color_conversion.py::test_hsla_to_hsl[input_color0-expected_color0] [32mPASSED[0m[32m [ 37%][0m
2025-02-28T15:25:34.2904875Z tests/colors/test_color_conversion.py::test_hsla_to_hsl[input_color1-expected_color1] [32mPASSED[0m[32m [ 37%][0m
2025-02-28T15:25:34.2920510Z tests/colors/test_color_conversion.py::test_hsla_to_hsl[input_color2-expected_color2] [32mPASSED[0m[32m [ 37%][0m
2025-02-28T15:25:34.2936332Z tests/colors/test_color_conversion.py::test_hsla_to_hsl[input_color3-expected_color3] [32mPASSED[0m[32m [ 37%][0m
2025-02-28T15:25:34.2951154Z tests/colors/test_color_conversion.py::test_hsla_to_hsl[input_color4-expected_color4] [32mPASSED[0m[32m [ 38%][0m
2025-02-28T15:25:34.2966537Z tests/colors/test_color_conversion.py::test_hsla_to_hsl[input_color5-expected_color5] [32mPASSED[0m[32m [ 38%][0m
2025-02-28T15:25:34.2981513Z tests/colors/test_color_conversion.py::test_hsla_to_hsl[input_color6-expected_color6] [32mPASSED[0m[32m [ 38%][0m
2025-02-28T15:25:34.2996622Z tests/colors/test_color_conversion.py::test_hsla_to_hsl[input_color7-expected_color7] [32mPASSED[0m[32m [ 38%][0m
2025-02-28T15:25:34.3011722Z tests/colors/test_color_conversion.py::test_hsla_to_hsl[input_color8-expected_color8] [32mPASSED[0m[32m [ 38%][0m
2025-02-28T15:25:34.3026850Z tests/colors/test_color_conversion.py::test_hsla_to_hsl[input_color9-expected_color9] [32mPASSED[0m[32m [ 38%][0m
2025-02-28T15:25:34.3041682Z tests/colors/test_color_conversion.py::test_hsla_to_hsl[input_color10-expected_color10] [32mPASSED[0m[32m [ 39%][0m
2025-02-28T15:25:34.3057008Z tests/colors/test_color_conversion.py::test_hsla_to_hsl[input_color11-expected_color11] [32mPASSED[0m[32m [ 39%][0m
2025-02-28T15:25:34.3072183Z tests/colors/test_color_conversion.py::test_hsla_to_hsl[input_color12-expected_color12] [32mPASSED[0m[32m [ 39%][0m
2025-02-28T15:25:34.3087308Z tests/colors/test_color_conversion.py::test_hsla_to_hsl[input_color13-expected_color13] [32mPASSED[0m[32m [ 39%][0m
2025-02-28T15:25:34.3102346Z tests/colors/test_color_conversion.py::test_hsla_to_hsl[input_color14-expected_color14] [32mPASSED[0m[32m [ 39%][0m
2025-02-28T15:25:34.3117879Z tests/colors/test_color_conversion.py::test_hsla_to_hsl[input_color15-expected_color15] [32mPASSED[0m[32m [ 39%][0m
2025-02-28T15:25:34.3134107Z tests/colors/test_color_conversion.py::test_hsla_to_rgba[input_color0-expected_color0] [32mPASSED[0m[32m [ 40%][0m
2025-02-28T15:25:34.3149585Z tests/colors/test_color_conversion.py::test_hsla_to_rgba[input_color1-expected_color1] [32mPASSED[0m[32m [ 40%][0m
2025-02-28T15:25:34.3165009Z tests/colors/test_color_conversion.py::test_hsla_to_rgba[input_color2-expected_color2] [32mPASSED[0m[32m [ 40%][0m
2025-02-28T15:25:34.3179891Z tests/colors/test_color_conversion.py::test_hsla_to_rgba[input_color3-expected_color3] [32mPASSED[0m[32m [ 40%][0m
2025-02-28T15:25:34.3194850Z tests/colors/test_color_conversion.py::test_hsla_to_rgba[input_color4-expected_color4] [32mPASSED[0m[32m [ 40%][0m
2025-02-28T15:25:34.3210787Z tests/colors/test_color_conversion.py::test_hsla_to_rgba[input_color5-expected_color5] [32mPASSED[0m[32m [ 40%][0m
2025-02-28T15:25:34.3226394Z tests/colors/test_color_conversion.py::test_hsla_to_rgba[input_color6-expected_color6] [32mPASSED[0m[32m [ 40%][0m
2025-02-28T15:25:34.3242197Z tests/colors/test_color_conversion.py::test_hsla_to_rgba[input_color7-expected_color7] [32mPASSED[0m[32m [ 41%][0m
2025-02-28T15:25:34.3258190Z tests/colors/test_color_conversion.py::test_hsla_to_rgba[input_color8-expected_color8] [32mPASSED[0m[32m [ 41%][0m
2025-02-28T15:25:34.3274290Z tests/colors/test_color_conversion.py::test_hsla_to_rgba[input_color9-expected_color9] [32mPASSED[0m[32m [ 41%][0m
2025-02-28T15:25:34.3290081Z tests/colors/test_color_conversion.py::test_hsla_to_rgba[input_color10-expected_color10] [32mPASSED[0m[32m [ 41%][0m
2025-02-28T15:25:34.3305961Z tests/colors/test_color_conversion.py::test_hsla_to_rgba[input_color11-expected_color11] [32mPASSED[0m[32m [ 41%][0m
2025-02-28T15:25:34.3321759Z tests/colors/test_color_conversion.py::test_hsla_to_rgba[input_color12-expected_color12] [32mPASSED[0m[32m [ 41%][0m
2025-02-28T15:25:34.3337720Z tests/colors/test_color_conversion.py::test_hsla_to_rgba[input_color13-expected_color13] [32mPASSED[0m[32m [ 42%][0m
2025-02-28T15:25:34.3353756Z tests/colors/test_color_conversion.py::test_hsla_to_rgba[input_color14-expected_color14] [32mPASSED[0m[32m [ 42%][0m
2025-02-28T15:25:34.3369653Z tests/colors/test_color_conversion.py::test_hsla_to_rgba[input_color15-expected_color15] [32mPASSED[0m[32m [ 42%][0m
2025-02-28T15:25:34.3385798Z tests/colors/test_color_conversion.py::test_hsla_to_rgb[input_color0-expected_color0] [32mPASSED[0m[32m [ 42%][0m
2025-02-28T15:25:34.3401471Z tests/colors/test_color_conversion.py::test_hsla_to_rgb[input_color1-expected_color1] [32mPASSED[0m[32m [ 42%][0m
2025-02-28T15:25:34.3417463Z tests/colors/test_color_conversion.py::test_hsla_to_rgb[input_color2-expected_color2] [32mPASSED[0m[32m [ 42%][0m
2025-02-28T15:25:34.3433461Z tests/colors/test_color_conversion.py::test_hsla_to_rgb[input_color3-expected_color3] [32mPASSED[0m[32m [ 42%][0m
2025-02-28T15:25:34.3449480Z tests/colors/test_color_conversion.py::test_hsla_to_rgb[input_color4-expected_color4] [32mPASSED[0m[32m [ 43%][0m
2025-02-28T15:25:34.3465252Z tests/colors/test_color_conversion.py::test_hsla_to_rgb[input_color5-expected_color5] [32mPASSED[0m[32m [ 43%][0m
2025-02-28T15:25:34.3480803Z tests/colors/test_color_conversion.py::test_hsla_to_rgb[input_color6-expected_color6] [32mPASSED[0m[32m [ 43%][0m
2025-02-28T15:25:34.3496855Z tests/colors/test_color_conversion.py::test_hsla_to_rgb[input_color7-expected_color7] [32mPASSED[0m[32m [ 43%][0m
2025-02-28T15:25:34.3512553Z tests/colors/test_color_conversion.py::test_hsla_to_rgb[input_color8-expected_color8] [32mPASSED[0m[32m [ 43%][0m
2025-02-28T15:25:34.3528498Z tests/colors/test_color_conversion.py::test_hsla_to_rgb[input_color9-expected_color9] [32mPASSED[0m[32m [ 43%][0m
2025-02-28T15:25:34.3544342Z tests/colors/test_color_conversion.py::test_hsla_to_rgb[input_color10-expected_color10] [32mPASSED[0m[32m [ 44%][0m
2025-02-28T15:25:34.3560211Z tests/colors/test_color_conversion.py::test_hsla_to_rgb[input_color11-expected_color11] [32mPASSED[0m[32m [ 44%][0m
2025-02-28T15:25:34.3575478Z tests/colors/test_color_conversion.py::test_hsla_to_rgb[input_color12-expected_color12] [32mPASSED[0m[32m [ 44%][0m
2025-02-28T15:25:34.3590629Z tests/colors/test_color_conversion.py::test_hsla_to_rgb[input_color13-expected_color13] [32mPASSED[0m[32m [ 44%][0m
2025-02-28T15:25:34.3606123Z tests/colors/test_color_conversion.py::test_hsla_to_rgb[input_color14-expected_color14] [32mPASSED[0m[32m [ 44%][0m
2025-02-28T15:25:34.3621287Z tests/colors/test_color_conversion.py::test_hsla_to_rgb[input_color15-expected_color15] [32mPASSED[0m[32m [ 44%][0m
2025-02-28T15:25:34.3637427Z tests/colors/test_color_conversion.py::test_hsl_to_hsla[input_color0-expected_color0] [32mPASSED[0m[32m [ 44%][0m
2025-02-28T15:25:34.3652462Z tests/colors/test_color_conversion.py::test_hsl_to_hsla[input_color1-expected_color1] [32mPASSED[0m[32m [ 45%][0m
2025-02-28T15:25:34.3667841Z tests/colors/test_color_conversion.py::test_hsl_to_hsla[input_color2-expected_color2] [32mPASSED[0m[32m [ 45%][0m
2025-02-28T15:25:34.3683955Z tests/colors/test_color_conversion.py::test_hsl_to_hsla[input_color3-expected_color3] [32mPASSED[0m[32m [ 45%][0m
2025-02-28T15:25:34.3699263Z tests/colors/test_color_conversion.py::test_hsl_to_hsla[input_color4-expected_color4] [32mPASSED[0m[32m [ 45%][0m
2025-02-28T15:25:34.3715021Z tests/colors/test_color_conversion.py::test_hsl_to_hsla[input_color5-expected_color5] [32mPASSED[0m[32m [ 45%][0m
2025-02-28T15:25:34.3729863Z tests/colors/test_color_conversion.py::test_hsl_to_hsla[input_color6-expected_color6] [32mPASSED[0m[32m [ 45%][0m
2025-02-28T15:25:34.3746451Z tests/colors/test_color_conversion.py::test_hsl_to_hsla[input_color7-expected_color7] [32mPASSED[0m[32m [ 46%][0m
2025-02-28T15:25:34.3761425Z tests/colors/test_color_conversion.py::test_hsl_to_hsla[input_color8-expected_color8] [32mPASSED[0m[32m [ 46%][0m
2025-02-28T15:25:34.3777583Z tests/colors/test_color_conversion.py::test_hsl_to_hsla[input_color9-expected_color9] [32mPASSED[0m[32m [ 46%][0m
2025-02-28T15:25:34.3792614Z tests/colors/test_color_conversion.py::test_hsl_to_hsla[input_color10-expected_color10] [32mPASSED[0m[32m [ 46%][0m
2025-02-28T15:25:34.3807925Z tests/colors/test_color_conversion.py::test_hsl_to_hsla[input_color11-expected_color11] [32mPASSED[0m[32m [ 46%][0m
2025-02-28T15:25:34.3824369Z tests/colors/test_color_conversion.py::test_hsl_to_rgba[input_color0-expected_color0] [32mPASSED[0m[32m [ 46%][0m
2025-02-28T15:25:34.3839307Z tests/colors/test_color_conversion.py::test_hsl_to_rgba[input_color1-expected_color1] [32mPASSED[0m[32m [ 46%][0m
2025-02-28T15:25:34.3854483Z tests/colors/test_color_conversion.py::test_hsl_to_rgba[input_color2-expected_color2] [32mPASSED[0m[32m [ 47%][0m
2025-02-28T15:25:34.3869655Z tests/colors/test_color_conversion.py::test_hsl_to_rgba[input_color3-expected_color3] [32mPASSED[0m[32m [ 47%][0m
2025-02-28T15:25:34.3885118Z tests/colors/test_color_conversion.py::test_hsl_to_rgba[input_color4-expected_color4] [32mPASSED[0m[32m [ 47%][0m
2025-02-28T15:25:34.3901252Z tests/colors/test_color_conversion.py::test_hsl_to_rgba[input_color5-expected_color5] [32mPASSED[0m[32m [ 47%][0m
2025-02-28T15:25:34.3916531Z tests/colors/test_color_conversion.py::test_hsl_to_rgba[input_color6-expected_color6] [32mPASSED[0m[32m [ 47%][0m
2025-02-28T15:25:34.3932309Z tests/colors/test_color_conversion.py::test_hsl_to_rgba[input_color7-expected_color7] [32mPASSED[0m[32m [ 47%][0m
2025-02-28T15:25:34.3947902Z tests/colors/test_color_conversion.py::test_hsl_to_rgba[input_color8-expected_color8] [32mPASSED[0m[32m [ 48%][0m
2025-02-28T15:25:34.3962947Z tests/colors/test_color_conversion.py::test_hsl_to_rgba[input_color9-expected_color9] [32mPASSED[0m[32m [ 48%][0m
2025-02-28T15:25:34.3978358Z tests/colors/test_color_conversion.py::test_hsl_to_rgba[input_color10-expected_color10] [32mPASSED[0m[32m [ 48%][0m
2025-02-28T15:25:34.3994397Z tests/colors/test_color_conversion.py::test_hsl_to_rgba[input_color11-expected_color11] [32mPASSED[0m[32m [ 48%][0m
2025-02-28T15:25:34.4009447Z tests/colors/test_color_conversion.py::test_hsl_to_rgb[input_color0-expected_color0] [32mPASSED[0m[32m [ 48%][0m
2025-02-28T15:25:34.4024990Z tests/colors/test_color_conversion.py::test_hsl_to_rgb[input_color1-expected_color1] [32mPASSED[0m[32m [ 48%][0m
2025-02-28T15:25:34.4040398Z tests/colors/test_color_conversion.py::test_hsl_to_rgb[input_color2-expected_color2] [32mPASSED[0m[32m [ 48%][0m
2025-02-28T15:25:34.4055997Z tests/colors/test_color_conversion.py::test_hsl_to_rgb[input_color3-expected_color3] [32mPASSED[0m[32m [ 49%][0m
2025-02-28T15:25:34.4071019Z tests/colors/test_color_conversion.py::test_hsl_to_rgb[input_color4-expected_color4] [32mPASSED[0m[32m [ 49%][0m
2025-02-28T15:25:34.4086438Z tests/colors/test_color_conversion.py::test_hsl_to_rgb[input_color5-expected_color5] [32mPASSED[0m[32m [ 49%][0m
2025-02-28T15:25:34.4101434Z tests/colors/test_color_conversion.py::test_hsl_to_rgb[input_color6-expected_color6] [32mPASSED[0m[32m [ 49%][0m
2025-02-28T15:25:34.4116763Z tests/colors/test_color_conversion.py::test_hsl_to_rgb[input_color7-expected_color7] [32mPASSED[0m[32m [ 49%][0m
2025-02-28T15:25:34.4133043Z tests/colors/test_color_conversion.py::test_hsl_to_rgb[input_color8-expected_color8] [32mPASSED[0m[32m [ 49%][0m
2025-02-28T15:25:34.4148648Z tests/colors/test_color_conversion.py::test_hsl_to_rgb[input_color9-expected_color9] [32mPASSED[0m[32m [ 50%][0m
2025-02-28T15:25:34.4164226Z tests/colors/test_color_conversion.py::test_hsl_to_rgb[input_color10-expected_color10] [32mPASSED[0m[32m [ 50%][0m
2025-02-28T15:25:34.4180283Z tests/colors/test_color_conversion.py::test_hsl_to_rgb[input_color11-expected_color11] [32mPASSED[0m[32m [ 50%][0m
2025-02-28T15:25:34.4195125Z tests/colors/test_constructor.py::test_repr[rgb-value0-rgb(10, 20, 30)] [32mPASSED[0m[32m [ 50%][0m
2025-02-28T15:25:34.4209661Z tests/colors/test_constructor.py::test_repr[rgba-value1-rgba(10, 20, 30, 0.5)] [32mPASSED[0m[32m [ 50%][0m
2025-02-28T15:25:34.4225293Z tests/colors/test_constructor.py::test_repr[hsl-value2-hsl(10, 0.2, 0.3)] [32mPASSED[0m[32m [ 50%][0m
2025-02-28T15:25:34.4239983Z tests/colors/test_constructor.py::test_repr[hsla-value3-hsla(10, 0.2, 0.3, 0.5)] [32mPASSED[0m[32m [ 51%][0m
2025-02-28T15:25:34.4252763Z tests/colors/test_constructor.py::test_rgb_hash [32mPASSED[0m[32m                   [ 51%][0m
2025-02-28T15:25:34.4266494Z tests/colors/test_constructor.py::test_rgba_hash [32mPASSED[0m[32m                  [ 51%][0m
2025-02-28T15:25:34.4279160Z tests/colors/test_constructor.py::test_hsl_hash [32mPASSED[0m[32m                   [ 51%][0m
2025-02-28T15:25:34.4292015Z tests/colors/test_constructor.py::test_hsla_hash [32mPASSED[0m[32m                  [ 51%][0m
2025-02-28T15:25:34.4307349Z tests/colors/test_constructor.py::test_hsl[value0-expected0] [32mPASSED[0m[32m      [ 51%][0m
2025-02-28T15:25:34.4322205Z tests/colors/test_constructor.py::test_hsl[value1-expected1] [32mPASSED[0m[32m      [ 51%][0m
2025-02-28T15:25:34.4337442Z tests/colors/test_constructor.py::test_hsl[value2-expected2] [32mPASSED[0m[32m      [ 52%][0m
2025-02-28T15:25:34.4352469Z tests/colors/test_constructor.py::test_hsl[value3-expected3] [32mPASSED[0m[32m      [ 52%][0m
2025-02-28T15:25:34.4367788Z tests/colors/test_constructor.py::test_hsl[value4-expected4] [32mPASSED[0m[32m      [ 52%][0m
2025-02-28T15:25:34.4382979Z tests/colors/test_constructor.py::test_hsl[value5-expected5] [32mPASSED[0m[32m      [ 52%][0m
2025-02-28T15:25:34.4398317Z tests/colors/test_constructor.py::test_hsl[value6-expected6] [32mPASSED[0m[32m      [ 52%][0m
2025-02-28T15:25:34.4413873Z tests/colors/test_constructor.py::test_hsl[value7-expected7] [32mPASSED[0m[32m      [ 52%][0m
2025-02-28T15:25:34.4428935Z tests/colors/test_constructor.py::test_hsl[value8-expected8] [32mPASSED[0m[32m      [ 53%][0m
2025-02-28T15:25:34.4444188Z tests/colors/test_constructor.py::test_hsl[value9-expected9] [32mPASSED[0m[32m      [ 53%][0m
2025-02-28T15:25:34.4458836Z tests/colors/test_constructor.py::test_hsl[value10-expected10] [32mPASSED[0m[32m    [ 53%][0m
2025-02-28T15:25:34.4473799Z tests/colors/test_constructor.py::test_hsl[value11-expected11] [32mPASSED[0m[32m    [ 53%][0m
2025-02-28T15:25:34.4488655Z tests/colors/test_constructor.py::test_hsl[value12-expected12] [32mPASSED[0m[32m    [ 53%][0m
2025-02-28T15:25:34.4503722Z tests/colors/test_constructor.py::test_hsl[value13-expected13] [32mPASSED[0m[32m    [ 53%][0m
2025-02-28T15:25:34.4518984Z tests/colors/test_constructor.py::test_hsl[value14-expected14] [32mPASSED[0m[32m    [ 53%][0m
2025-02-28T15:25:34.4534024Z tests/colors/test_constructor.py::test_hsl[value15-expected15] [32mPASSED[0m[32m    [ 54%][0m
2025-02-28T15:25:34.4549248Z tests/colors/test_constructor.py::test_hsl[value16-expected16] [32mPASSED[0m[32m    [ 54%][0m
2025-02-28T15:25:34.4564149Z tests/colors/test_constructor.py::test_hsl[value17-expected17] [32mPASSED[0m[32m    [ 54%][0m
2025-02-28T15:25:34.4579630Z tests/colors/test_constructor.py::test_hsl[value18-expected18] [32mPASSED[0m[32m    [ 54%][0m
2025-02-28T15:25:34.4594720Z tests/colors/test_constructor.py::test_hsl[value19-expected19] [32mPASSED[0m[32m    [ 54%][0m
2025-02-28T15:25:34.4626289Z tests/colors/test_constructor.py::test_hsl[value20-expected20] [32mPASSED[0m[32m    [ 54%][0m
2025-02-28T15:25:34.4627620Z tests/colors/test_constructor.py::test_hsl[value21-expected21] [32mPASSED[0m[32m    [ 55%][0m
2025-02-28T15:25:34.4640672Z tests/colors/test_constructor.py::test_hsl[value22-expected22] [32mPASSED[0m[32m    [ 55%][0m
2025-02-28T15:25:34.4656094Z tests/colors/test_constructor.py::test_hsl[value23-expected23] [32mPASSED[0m[32m    [ 55%][0m
2025-02-28T15:25:34.4670931Z tests/colors/test_constructor.py::test_hsl[value24-expected24] [32mPASSED[0m[32m    [ 55%][0m
2025-02-28T15:25:34.4685961Z tests/colors/test_constructor.py::test_hsl[value25-expected25] [32mPASSED[0m[32m    [ 55%][0m
2025-02-28T15:25:34.4701418Z tests/colors/test_constructor.py::test_hsl[value26-expected26] [32mPASSED[0m[32m    [ 55%][0m
2025-02-28T15:25:34.4716873Z tests/colors/test_constructor.py::test_hsl[value27-expected27] [32mPASSED[0m[32m    [ 55%][0m
2025-02-28T15:25:34.4735316Z tests/colors/test_constructor.py::test_hsl[value28-expected28] [32mPASSED[0m[32m    [ 56%][0m
2025-02-28T15:25:34.4750968Z tests/colors/test_constructor.py::test_hsl[value29-expected29] [32mPASSED[0m[32m    [ 56%][0m
2025-02-28T15:25:34.4766370Z tests/colors/test_constructor.py::test_hsl[value30-expected30] [32mPASSED[0m[32m    [ 56%][0m
2025-02-28T15:25:34.4781212Z tests/colors/test_constructor.py::test_hsl[value31-expected31] [32mPASSED[0m[32m    [ 56%][0m
2025-02-28T15:25:34.4797075Z tests/colors/test_constructor.py::test_hsl[value32-expected32] [32mPASSED[0m[32m    [ 56%][0m
2025-02-28T15:25:34.4811800Z tests/colors/test_constructor.py::test_hsl[value33-expected33] [32mPASSED[0m[32m    [ 56%][0m
2025-02-28T15:25:34.4826920Z tests/colors/test_constructor.py::test_hsl[value34-expected34] [32mPASSED[0m[32m    [ 57%][0m
2025-02-28T15:25:34.4841956Z tests/colors/test_constructor.py::test_hsl[value35-expected35] [32mPASSED[0m[32m    [ 57%][0m
2025-02-28T15:25:34.4857685Z tests/colors/test_constructor.py::test_hsl[value36-expected36] [32mPASSED[0m[32m    [ 57%][0m
2025-02-28T15:25:34.4872545Z tests/colors/test_constructor.py::test_hsl[value37-expected37] [32mPASSED[0m[32m    [ 57%][0m
2025-02-28T15:25:34.4887738Z tests/colors/test_constructor.py::test_hsl[value38-expected38] [32mPASSED[0m[32m    [ 57%][0m
2025-02-28T15:25:34.4902445Z tests/colors/test_constructor.py::test_hsl[value39-expected39] [32mPASSED[0m[32m    [ 57%][0m
2025-02-28T15:25:34.4917518Z tests/colors/test_constructor.py::test_hsl[value40-expected40] [32mPASSED[0m[32m    [ 57%][0m
2025-02-28T15:25:34.4933795Z tests/colors/test_constructor.py::test_hsl[value41-expected41] [32mPASSED[0m[32m    [ 58%][0m
2025-02-28T15:25:34.4948392Z tests/colors/test_constructor.py::test_hsl[value42-expected42] [32mPASSED[0m[32m    [ 58%][0m
2025-02-28T15:25:34.4963021Z tests/colors/test_constructor.py::test_hsl[value43-expected43] [32mPASSED[0m[32m    [ 58%][0m
2025-02-28T15:25:34.4978431Z tests/colors/test_constructor.py::test_hsl[value44-expected44] [32mPASSED[0m[32m    [ 58%][0m
2025-02-28T15:25:34.4994054Z tests/colors/test_constructor.py::test_hsl[value45-expected45] [32mPASSED[0m[32m    [ 58%][0m
2025-02-28T15:25:34.5008783Z tests/colors/test_constructor.py::test_hsl[value46-expected46] [32mPASSED[0m[32m    [ 58%][0m
2025-02-28T15:25:34.5023690Z tests/colors/test_constructor.py::test_hsl[value47-expected47] [32mPASSED[0m[32m    [ 59%][0m
2025-02-28T15:25:34.5038596Z tests/colors/test_constructor.py::test_hsl[value48-expected48] [32mPASSED[0m[32m    [ 59%][0m
2025-02-28T15:25:34.5053701Z tests/colors/test_constructor.py::test_hsl[value49-expected49] [32mPASSED[0m[32m    [ 59%][0m
2025-02-28T15:25:34.5068481Z tests/colors/test_constructor.py::test_hsl_alpha[value0-expected0] [32mPASSED[0m[32m [ 59%][0m
2025-02-28T15:25:34.5083139Z tests/colors/test_constructor.py::test_hsl_alpha[value1-expected1] [32mPASSED[0m[32m [ 59%][0m
2025-02-28T15:25:34.5098156Z tests/colors/test_constructor.py::test_hsl_alpha[value2-expected2] [32mPASSED[0m[32m [ 59%][0m
2025-02-28T15:25:34.5112839Z tests/colors/test_constructor.py::test_hsl_alpha[value3-expected3] [32mPASSED[0m[32m [ 60%][0m
2025-02-28T15:25:34.5127826Z tests/colors/test_constructor.py::test_hsl_alpha[value4-expected4] [32mPASSED[0m[32m [ 60%][0m
2025-02-28T15:25:34.5142509Z tests/colors/test_constructor.py::test_hsl_alpha[value5-expected5] [32mPASSED[0m[32m [ 60%][0m
2025-02-28T15:25:34.5158415Z tests/colors/test_constructor.py::test_hsl_alpha[value6-expected6] [32mPASSED[0m[32m [ 60%][0m
2025-02-28T15:25:34.5178439Z tests/colors/test_constructor.py::test_invalid_color_constructor[rgb-value0-red-0-255--1] [32mPASSED[0m[32m [ 60%][0m
2025-02-28T15:25:34.5197813Z tests/colors/test_constructor.py::test_invalid_color_constructor[rgb-value1-red-0-255-256] [32mPASSED[0m[32m [ 60%][0m
2025-02-28T15:25:34.5217363Z tests/colors/test_constructor.py::test_invalid_color_constructor[rgb-value2-green-0-255--1] [32mPASSED[0m[32m [ 60%][0m
2025-02-28T15:25:34.5236587Z tests/colors/test_constructor.py::test_invalid_color_constructor[rgb-value3-green-0-255-256] [32mPASSED[0m[32m [ 61%][0m
2025-02-28T15:25:34.5256141Z tests/colors/test_constructor.py::test_invalid_color_constructor[rgb-value4-blue-0-255--1] [32mPASSED[0m[32m [ 61%][0m
2025-02-28T15:25:34.5275279Z tests/colors/test_constructor.py::test_invalid_color_constructor[rgb-value5-blue-0-255-256] [32mPASSED[0m[32m [ 61%][0m
2025-02-28T15:25:34.5292140Z tests/colors/test_constructor.py::test_invalid_color_constructor[rgba-value6-red-0-255--1] [32mPASSED[0m[32m [ 61%][0m
2025-02-28T15:25:34.5308936Z tests/colors/test_constructor.py::test_invalid_color_constructor[rgba-value7-red-0-255-256] [32mPASSED[0m[32m [ 61%][0m
2025-02-28T15:25:34.5326877Z tests/colors/test_constructor.py::test_invalid_color_constructor[rgba-value8-green-0-255--1] [32mPASSED[0m[32m [ 61%][0m
2025-02-28T15:25:34.5343776Z tests/colors/test_constructor.py::test_invalid_color_constructor[rgba-value9-green-0-255-256] [32mPASSED[0m[32m [ 62%][0m
2025-02-28T15:25:34.5360154Z tests/colors/test_constructor.py::test_invalid_color_constructor[rgba-value10-blue-0-255--1] [32mPASSED[0m[32m [ 62%][0m
2025-02-28T15:25:34.5378349Z tests/colors/test_constructor.py::test_invalid_color_constructor[rgba-value11-blue-0-255-256] [32mPASSED[0m[32m [ 62%][0m
2025-02-28T15:25:34.5398507Z tests/colors/test_constructor.py::test_invalid_color_constructor[rgba-value12-alpha-0-1--0.5] [32mPASSED[0m[32m [ 62%][0m
2025-02-28T15:25:34.5417983Z tests/colors/test_constructor.py::test_invalid_color_constructor[rgba-value13-alpha-0-1-1.1] [32mPASSED[0m[32m [ 62%][0m
2025-02-28T15:25:34.5438112Z tests/colors/test_constructor.py::test_invalid_color_constructor[hsl-value14-hue-0-360--1] [32mPASSED[0m[32m [ 62%][0m
2025-02-28T15:25:34.5457613Z tests/colors/test_constructor.py::test_invalid_color_constructor[hsl-value15-hue-0-360-361] [32mPASSED[0m[32m [ 62%][0m
2025-02-28T15:25:34.5477359Z tests/colors/test_constructor.py::test_invalid_color_constructor[hsl-value16-saturation-0-1--0.1] [32mPASSED[0m[32m [ 63%][0m
2025-02-28T15:25:34.5496924Z tests/colors/test_constructor.py::test_invalid_color_constructor[hsl-value17-saturation-0-1-1.1] [32mPASSED[0m[32m [ 63%][0m
2025-02-28T15:25:34.5516707Z tests/colors/test_constructor.py::test_invalid_color_constructor[hsl-value18-lightness-0-1--0.1] [32mPASSED[0m[32m [ 63%][0m
2025-02-28T15:25:34.5535955Z tests/colors/test_constructor.py::test_invalid_color_constructor[hsl-value19-lightness-0-1-1.1] [32mPASSED[0m[32m [ 63%][0m
2025-02-28T15:25:34.5553927Z tests/colors/test_constructor.py::test_invalid_color_constructor[hsla-value20-hue-0-360--1] [32mPASSED[0m[32m [ 63%][0m
2025-02-28T15:25:34.5570622Z tests/colors/test_constructor.py::test_invalid_color_constructor[hsla-value21-hue-0-360-361] [32mPASSED[0m[32m [ 63%][0m
2025-02-28T15:25:34.5587715Z tests/colors/test_constructor.py::test_invalid_color_constructor[hsla-value22-saturation-0-1--0.1] [32mPASSED[0m[32m [ 64%][0m
2025-02-28T15:25:34.5605699Z tests/colors/test_constructor.py::test_invalid_color_constructor[hsla-value23-saturation-0-1-1.1] [32mPASSED[0m[32m [ 64%][0m
2025-02-28T15:25:34.5622587Z tests/colors/test_constructor.py::test_invalid_color_constructor[hsla-value24-lightness-0-1--0.1] [32mPASSED[0m[32m [ 64%][0m
2025-02-28T15:25:34.5639830Z tests/colors/test_constructor.py::test_invalid_color_constructor[hsla-value25-lightness-0-1-1.1] [32mPASSED[0m[32m [ 64%][0m
2025-02-28T15:25:34.5660301Z tests/colors/test_constructor.py::test_invalid_color_constructor[hsla-value26-alpha-0-1--0.1] [32mPASSED[0m[32m [ 64%][0m
2025-02-28T15:25:34.5678132Z tests/colors/test_constructor.py::test_invalid_color_constructor[hsla-value27-alpha-0-1-1.1] [32mPASSED[0m[32m [ 64%][0m
2025-02-28T15:25:34.5691589Z tests/colors/test_parsing.py::test_noop [32mPASSED[0m[32m                           [ 64%][0m
2025-02-28T15:25:34.5706172Z tests/colors/test_parsing.py::test_rgb[rgb(1,2,3)-expected0] [32mPASSED[0m[32m      [ 65%][0m
2025-02-28T15:25:34.5720334Z tests/colors/test_parsing.py::test_rgb[rgb(1, 2, 3)-expected1] [32mPASSED[0m[32m    [ 65%][0m
2025-02-28T15:25:34.5734581Z tests/colors/test_parsing.py::test_rgb[rgb( 1 , 2 , 3)-expected2] [32mPASSED[0m[32m [ 65%][0m
2025-02-28T15:25:34.5749253Z tests/colors/test_parsing.py::test_rgb[#123-expected3] [32mPASSED[0m[32m            [ 65%][0m
2025-02-28T15:25:34.5763584Z tests/colors/test_parsing.py::test_rgb[#112233-expected4] [32mPASSED[0m[32m         [ 65%][0m
2025-02-28T15:25:34.5777654Z tests/colors/test_parsing.py::test_rgb[#abc-expected5] [32mPASSED[0m[32m            [ 65%][0m
2025-02-28T15:25:34.5791661Z tests/colors/test_parsing.py::test_rgb[#ABC-expected6] [32mPASSED[0m[32m            [ 66%][0m
2025-02-28T15:25:34.5806309Z tests/colors/test_parsing.py::test_rgb[#abcdef-expected7] [32mPASSED[0m[32m         [ 66%][0m
2025-02-28T15:25:34.5819737Z tests/colors/test_parsing.py::test_rgb[#ABCDEF-expected8] [32mPASSED[0m[32m         [ 66%][0m
2025-02-28T15:25:34.5832660Z tests/colors/test_parsing.py::test_rgb_invalid[10, 20] [32mPASSED[0m[32m            [ 66%][0m
2025-02-28T15:25:34.5846297Z tests/colors/test_parsing.py::test_rgb_invalid[a, 10, 20] [32mPASSED[0m[32m         [ 66%][0m
2025-02-28T15:25:34.5859284Z tests/colors/test_parsing.py::test_rgb_invalid[10, b, 20] [32mPASSED[0m[32m         [ 66%][0m
2025-02-28T15:25:34.5872237Z tests/colors/test_parsing.py::test_rgb_invalid[10, 20, c] [32mPASSED[0m[32m         [ 66%][0m
2025-02-28T15:25:34.5886091Z tests/colors/test_parsing.py::test_rgb_invalid[10, 20, 30, 0.5] [32mPASSED[0m[32m   [ 67%][0m
2025-02-28T15:25:34.5899825Z tests/colors/test_parsing.py::test_rgba[rgba(1,2,3,0.5)-expected0] [32mPASSED[0m[32m [ 67%][0m
2025-02-28T15:25:34.5914198Z tests/colors/test_parsing.py::test_rgba[rgba(1, 2, 3, 0.5)-expected1] [32mPASSED[0m[32m [ 67%][0m
2025-02-28T15:25:34.5928295Z tests/colors/test_parsing.py::test_rgba[rgba( 1 , 2 , 3 , 0.5)-expected2] [32mPASSED[0m[32m [ 67%][0m
2025-02-28T15:25:34.5942708Z tests/colors/test_parsing.py::test_rgba[#1234-expected3] [32mPASSED[0m[32m          [ 67%][0m
2025-02-28T15:25:34.5957505Z tests/colors/test_parsing.py::test_rgba[#11223344-expected4] [32mPASSED[0m[32m      [ 67%][0m
2025-02-28T15:25:34.5972269Z tests/colors/test_parsing.py::test_rgba[#abcd-expected5] [32mPASSED[0m[32m          [ 68%][0m
2025-02-28T15:25:34.5986431Z tests/colors/test_parsing.py::test_rgba[#ABCD-expected6] [32mPASSED[0m[32m          [ 68%][0m
2025-02-28T15:25:34.6000473Z tests/colors/test_parsing.py::test_rgba[#abcdefba-expected7] [32mPASSED[0m[32m      [ 68%][0m
2025-02-28T15:25:34.6016173Z tests/colors/test_parsing.py::test_rgba[#ABCDEFBA-expected8] [32mPASSED[0m[32m      [ 68%][0m
2025-02-28T15:25:34.6029883Z tests/colors/test_parsing.py::test_rgba_invalid[10, 20, 30] [32mPASSED[0m[32m       [ 68%][0m
2025-02-28T15:25:34.6044725Z tests/colors/test_parsing.py::test_rgba_invalid[a, 10, 20, 0.5] [32mPASSED[0m[32m   [ 68%][0m
2025-02-28T15:25:34.6057925Z tests/colors/test_parsing.py::test_rgba_invalid[10, b, 20, 0.5] [32mPASSED[0m[32m   [ 68%][0m
2025-02-28T15:25:34.6071086Z tests/colors/test_parsing.py::test_rgba_invalid[10, 20, c, 0.5] [32mPASSED[0m[32m   [ 69%][0m
2025-02-28T15:25:34.6084551Z tests/colors/test_parsing.py::test_rgba_invalid[10, 20, 30, c] [32mPASSED[0m[32m    [ 69%][0m
2025-02-28T15:25:34.6098763Z tests/colors/test_parsing.py::test_rgba_invalid[10, 20, 30, 0.5, 5] [32mPASSED[0m[32m [ 69%][0m
2025-02-28T15:25:34.6112848Z tests/colors/test_parsing.py::test_hsl[1,20%,30%] [32mPASSED[0m[32m                 [ 69%][0m
2025-02-28T15:25:34.6126506Z tests/colors/test_parsing.py::test_hsl[1, 20%, 30%] [32mPASSED[0m[32m               [ 69%][0m
2025-02-28T15:25:34.6139984Z tests/colors/test_parsing.py::test_hsl[1, 20% , 30%] [32mPASSED[0m[32m              [ 69%][0m
2025-02-28T15:25:34.6153056Z tests/colors/test_parsing.py::test_hsl_invalid[1, 20%] [32mPASSED[0m[32m            [ 70%][0m
2025-02-28T15:25:34.6166385Z tests/colors/test_parsing.py::test_hsl_invalid[a, 20%, 30%] [32mPASSED[0m[32m       [ 70%][0m
2025-02-28T15:25:34.6179547Z tests/colors/test_parsing.py::test_hsl_invalid[1, a, 30%] [32mPASSED[0m[32m         [ 70%][0m
2025-02-28T15:25:34.6192674Z tests/colors/test_parsing.py::test_hsl_invalid[1, 20%, a)] [32mPASSED[0m[32m        [ 70%][0m
2025-02-28T15:25:34.6206114Z tests/colors/test_parsing.py::test_hsl_invalid[1, 20%, 30%, 0.5)] [32mPASSED[0m[32m [ 70%][0m
2025-02-28T15:25:34.6220499Z tests/colors/test_parsing.py::test_hsla[1,20%,30%,0.5] [32mPASSED[0m[32m            [ 70%][0m
2025-02-28T15:25:34.6234292Z tests/colors/test_parsing.py::test_hsla[1, 20%, 30%, 0.5] [32mPASSED[0m[32m         [ 71%][0m
2025-02-28T15:25:34.6248432Z tests/colors/test_parsing.py::test_hsla[ 1, 20% , 30% , 0.5] [32mPASSED[0m[32m      [ 71%][0m
2025-02-28T15:25:34.6261692Z tests/colors/test_parsing.py::test_hsla_invalid[1, 20%, 30%] [32mPASSED[0m[32m      [ 71%][0m
2025-02-28T15:25:34.6275050Z tests/colors/test_parsing.py::test_hsla_invalid[a, 20%, 30%, 0.5] [32mPASSED[0m[32m [ 71%][0m
2025-02-28T15:25:34.6288232Z tests/colors/test_parsing.py::test_hsla_invalid[1, a, 30%, 0.5] [32mPASSED[0m[32m   [ 71%][0m
2025-02-28T15:25:34.6301902Z tests/colors/test_parsing.py::test_hsla_invalid[1, 20%, a, 0.5] [32mPASSED[0m[32m   [ 71%][0m
2025-02-28T15:25:34.6315247Z tests/colors/test_parsing.py::test_hsla_invalid[1, 20%, 30%, a] [32mPASSED[0m[32m   [ 71%][0m
2025-02-28T15:25:34.6328751Z tests/colors/test_parsing.py::test_hsla_invalid[1, 20%, 30%, 0.5, 5] [32mPASSED[0m[32m [ 72%][0m
2025-02-28T15:25:34.6342459Z tests/colors/test_parsing.py::test_named_color[Red-expected0] [32mPASSED[0m[32m     [ 72%][0m
2025-02-28T15:25:34.6356771Z tests/colors/test_parsing.py::test_named_color[RED-expected1] [32mPASSED[0m[32m     [ 72%][0m
2025-02-28T15:25:34.6370454Z tests/colors/test_parsing.py::test_named_color[red-expected2] [32mPASSED[0m[32m     [ 72%][0m
2025-02-28T15:25:34.6385506Z tests/colors/test_parsing.py::test_named_color[rEd-expected3] [32mPASSED[0m[32m     [ 72%][0m
2025-02-28T15:25:34.6400511Z tests/colors/test_parsing.py::test_named_color[CornflowerBlue-expected4] [32mPASSED[0m[32m [ 72%][0m
2025-02-28T15:25:34.6416082Z tests/colors/test_parsing.py::test_named_color[cornflowerblue-expected5] [32mPASSED[0m[32m [ 73%][0m
2025-02-28T15:25:34.6430042Z tests/colors/test_parsing.py::test_named_color[CORNFLOWERBLUE-expected6] [32mPASSED[0m[32m [ 73%][0m
2025-02-28T15:25:34.6444325Z tests/colors/test_parsing.py::test_named_color[Cornflowerblue-expected7] [32mPASSED[0m[32m [ 73%][0m
2025-02-28T15:25:34.6458250Z tests/colors/test_parsing.py::test_named_color[CoRnFlOwErBlUe-expected8] [32mPASSED[0m[32m [ 73%][0m
2025-02-28T15:25:34.6470057Z tests/colors/test_parsing.py::test_named_color_invalid [32mPASSED[0m[32m            [ 73%][0m
2025-02-28T15:25:34.6483030Z tests/colors/test_parsing.py::test_hash_mark_invalid[1] [32mPASSED[0m[32m           [ 73%][0m
2025-02-28T15:25:34.6497070Z tests/colors/test_parsing.py::test_hash_mark_invalid[2] [32mPASSED[0m[32m           [ 73%][0m
2025-02-28T15:25:34.6510086Z tests/colors/test_parsing.py::test_hash_mark_invalid[5] [32mPASSED[0m[32m           [ 74%][0m
2025-02-28T15:25:34.6523101Z tests/colors/test_parsing.py::test_hash_mark_invalid[7] [32mPASSED[0m[32m           [ 74%][0m
2025-02-28T15:25:34.6536475Z tests/colors/test_parsing.py::test_hash_mark_invalid[9] [32mPASSED[0m[32m           [ 74%][0m
2025-02-28T15:25:34.6549982Z tests/colors/test_parsing.py::test_hash_mark_invalid[10] [32mPASSED[0m[32m          [ 74%][0m
2025-02-28T15:25:34.6576104Z tests/test_choices.py::test_none[Style] [32mPASSED[0m[32m                           [ 74%][0m
2025-02-28T15:25:34.6595930Z tests/test_choices.py::test_none[DeprecatedStyle] [32mPASSED[0m[32m                 [ 74%][0m
2025-02-28T15:25:34.6619335Z tests/test_choices.py::test_allow_string[Style] [32mPASSED[0m[32m                   [ 75%][0m
2025-02-28T15:25:34.6639885Z tests/test_choices.py::test_allow_string[DeprecatedStyle] [32mPASSED[0m[32m         [ 75%][0m
2025-02-28T15:25:34.6662713Z tests/test_choices.py::test_allow_integer[Style] [32mPASSED[0m[32m                  [ 75%][0m
2025-02-28T15:25:34.6681700Z tests/test_choices.py::test_allow_integer[DeprecatedStyle] [32mPASSED[0m[32m        [ 75%][0m
2025-02-28T15:25:34.6705765Z tests/test_choices.py::test_allow_number[Style] [32mPASSED[0m[32m                   [ 75%][0m
2025-02-28T15:25:34.6724930Z tests/test_choices.py::test_allow_number[DeprecatedStyle] [32mPASSED[0m[32m         [ 75%][0m
2025-02-28T15:25:34.6749505Z tests/test_choices.py::test_allow_color[Style] [32mPASSED[0m[32m                    [ 75%][0m
2025-02-28T15:25:34.6772179Z tests/test_choices.py::test_allow_color[DeprecatedStyle] [32mPASSED[0m[32m          [ 76%][0m
2025-02-28T15:25:34.6794736Z tests/test_choices.py::test_values[Style] [32mPASSED[0m[32m                         [ 76%][0m
2025-02-28T15:25:34.6813204Z tests/test_choices.py::test_values[DeprecatedStyle] [32mPASSED[0m[32m               [ 76%][0m
2025-02-28T15:25:34.6840180Z tests/test_choices.py::test_multiple_choices[Style] [32mPASSED[0m[32m               [ 76%][0m
2025-02-28T15:25:34.6862937Z tests/test_choices.py::test_multiple_choices[DeprecatedStyle] [32mPASSED[0m[32m     [ 76%][0m
2025-02-28T15:25:34.6879342Z tests/test_choices.py::test_string_symbol[Style] [32mPASSED[0m[32m                  [ 76%][0m
2025-02-28T15:25:34.6897027Z tests/test_choices.py::test_string_symbol[DeprecatedStyle] [32mPASSED[0m[32m        [ 77%][0m
2025-02-28T15:25:34.6909690Z tests/test_fonts.py::test_equality[font0] [32mPASSED[0m[32m                         [ 77%][0m
2025-02-28T15:25:34.6922497Z tests/test_fonts.py::test_equality[font1] [32mPASSED[0m[32m                         [ 77%][0m
2025-02-28T15:25:34.6935792Z tests/test_fonts.py::test_equality[font2] [32mPASSED[0m[32m                         [ 77%][0m
2025-02-28T15:25:34.6949162Z tests/test_fonts.py::test_inqequality[font0] [32mPASSED[0m[32m                      [ 77%][0m
2025-02-28T15:25:34.6961905Z tests/test_fonts.py::test_inqequality[font1] [32mPASSED[0m[32m                      [ 77%][0m
2025-02-28T15:25:34.6974918Z tests/test_fonts.py::test_inqequality[font2] [32mPASSED[0m[32m                      [ 77%][0m
2025-02-28T15:25:34.6987495Z tests/test_fonts.py::test_inqequality[a string] [32mPASSED[0m[32m                   [ 78%][0m
2025-02-28T15:25:34.7000119Z tests/test_fonts.py::test_inqequality[5] [32mPASSED[0m[32m                          [ 78%][0m
2025-02-28T15:25:34.7011961Z tests/test_fonts.py::test_hash [32mPASSED[0m[32m                                    [ 78%][0m
2025-02-28T15:25:34.7026773Z tests/test_fonts.py::test_repr[12-kwargs0-12pt] [32mPASSED[0m[32m                   [ 78%][0m
2025-02-28T15:25:34.7040990Z tests/test_fonts.py::test_repr[12-kwargs1-italic 12pt] [32mPASSED[0m[32m            [ 78%][0m
2025-02-28T15:25:34.7055654Z tests/test_fonts.py::test_repr[12-kwargs2-italic small-caps 12pt] [32mPASSED[0m[32m [ 78%][0m
2025-02-28T15:25:34.7070095Z tests/test_fonts.py::test_repr[12-kwargs3-italic small-caps bold 12pt] [32mPASSED[0m[32m [ 79%][0m
2025-02-28T15:25:34.7084577Z tests/test_fonts.py::test_repr[12-kwargs4-small-caps bold 12pt] [32mPASSED[0m[32m   [ 79%][0m
2025-02-28T15:25:34.7098876Z tests/test_fonts.py::test_repr[12-kwargs5-bold 12pt] [32mPASSED[0m[32m              [ 79%][0m
2025-02-28T15:25:34.7113046Z tests/test_fonts.py::test_repr[12-kwargs6-italic bold 12pt] [32mPASSED[0m[32m       [ 79%][0m
2025-02-28T15:25:34.7127552Z tests/test_fonts.py::test_repr[-1-kwargs7-system default size] [32mPASSED[0m[32m    [ 79%][0m
2025-02-28T15:25:34.7141570Z tests/test_fonts.py::test_repr[-1-kwargs8-italic system default size] [32mPASSED[0m[32m [ 79%][0m
2025-02-28T15:25:34.7154256Z tests/test_fonts.py::test_simple_construction[12_0] [32mPASSED[0m[32m               [ 80%][0m
2025-02-28T15:25:34.7166567Z tests/test_fonts.py::test_simple_construction[12_1] [32mPASSED[0m[32m               [ 80%][0m
2025-02-28T15:25:34.7179294Z tests/test_fonts.py::test_simple_construction[12pt] [32mPASSED[0m[32m               [ 80%][0m
2025-02-28T15:25:34.7191836Z tests/test_fonts.py::test_simple_construction[12 pt] [32mPASSED[0m[32m              [ 80%][0m
2025-02-28T15:25:34.7203883Z tests/test_fonts.py::test_invalid_construction [32mPASSED[0m[32m                    [ 80%][0m
2025-02-28T15:25:34.7216662Z tests/test_fonts.py::test_family[Comics Sans] [32mPASSED[0m[32m                     [ 80%][0m
2025-02-28T15:25:34.7229835Z tests/test_fonts.py::test_family[Wingdings] [32mPASSED[0m[32m                       [ 80%][0m
2025-02-28T15:25:34.7243726Z tests/test_fonts.py::test_family['Comic Sans'] [32mPASSED[0m[32m                    [ 81%][0m
2025-02-28T15:25:34.7256475Z tests/test_fonts.py::test_family["Comic Sans"] [32mPASSED[0m[32m                    [ 81%][0m
2025-02-28T15:25:34.7269980Z tests/test_fonts.py::test_style[italic-italic0] [32mPASSED[0m[32m                   [ 81%][0m
2025-02-28T15:25:34.7283554Z tests/test_fonts.py::test_style[italic-italic1] [32mPASSED[0m[32m                   [ 81%][0m
2025-02-28T15:25:34.7296775Z tests/test_fonts.py::test_style[oblique-oblique0] [32mPASSED[0m[32m                 [ 81%][0m
2025-02-28T15:25:34.7310598Z tests/test_fonts.py::test_style[oblique-oblique1] [32mPASSED[0m[32m                 [ 81%][0m
2025-02-28T15:25:34.7324587Z tests/test_fonts.py::test_style[something else-normal] [32mPASSED[0m[32m            [ 82%][0m
2025-02-28T15:25:34.7337524Z tests/test_fonts.py::test_make_normal_style[kwargs0] [32mPASSED[0m[32m              [ 82%][0m
2025-02-28T15:25:34.7350161Z tests/test_fonts.py::test_make_normal_style[kwargs1] [32mPASSED[0m[32m              [ 82%][0m
2025-02-28T15:25:34.7363779Z tests/test_fonts.py::test_make_slanted[italic-italic] [32mPASSED[0m[32m             [ 82%][0m
2025-02-28T15:25:34.7378107Z tests/test_fonts.py::test_make_slanted[oblique-oblique] [32mPASSED[0m[32m           [ 82%][0m
2025-02-28T15:25:34.7392314Z tests/test_fonts.py::test_variant[small-caps-small-caps0] [32mPASSED[0m[32m         [ 82%][0m
2025-02-28T15:25:34.7405611Z tests/test_fonts.py::test_variant[small-caps-small-caps1] [32mPASSED[0m[32m         [ 82%][0m
2025-02-28T15:25:34.7418918Z tests/test_fonts.py::test_variant[something else-normal] [32mPASSED[0m[32m          [ 83%][0m
2025-02-28T15:25:34.7432920Z tests/test_fonts.py::test_make_normal_variant[kwargs0] [32mPASSED[0m[32m            [ 83%][0m
2025-02-28T15:25:34.7446184Z tests/test_fonts.py::test_make_normal_variant[kwargs1] [32mPASSED[0m[32m            [ 83%][0m
2025-02-28T15:25:34.7458750Z tests/test_fonts.py::test_make_small_caps [32mPASSED[0m[32m                         [ 83%][0m
2025-02-28T15:25:34.7472466Z tests/test_fonts.py::test_weight[bold-bold0] [32mPASSED[0m[32m                      [ 83%][0m
2025-02-28T15:25:34.7486709Z tests/test_fonts.py::test_weight[bold-bold1] [32mPASSED[0m[32m                      [ 83%][0m
2025-02-28T15:25:34.7500267Z tests/test_fonts.py::test_weight[something else-normal] [32mPASSED[0m[32m           [ 84%][0m
2025-02-28T15:25:34.7513245Z tests/test_fonts.py::test_make_normal_weight[kwargs0] [32mPASSED[0m[32m             [ 84%][0m
2025-02-28T15:25:34.7526137Z tests/test_fonts.py::test_make_normal_weight[kwargs1] [32mPASSED[0m[32m             [ 84%][0m
2025-02-28T15:25:34.7538973Z tests/test_fonts.py::test_make_bold [32mPASSED[0m[32m                               [ 84%][0m
2025-02-28T15:25:34.7551123Z tests/test_layout.py::test_viewport_default [32mPASSED[0m[32m                       [ 84%][0m
2025-02-28T15:25:34.7563073Z tests/test_layout.py::test_viewport_constructor [32mPASSED[0m[32m                   [ 84%][0m
2025-02-28T15:25:34.7578465Z tests/test_layout.py::test_repr [32mPASSED[0m[32m                                   [ 84%][0m
2025-02-28T15:25:34.7593979Z tests/test_layout.py::test_initial [32mPASSED[0m[32m                                [ 85%][0m
2025-02-28T15:25:34.7612893Z tests/test_layout.py::test_set_content_dimension[content_top-5-expected10-7-expected20] [32mPASSED[0m[32m [ 85%][0m
2025-02-28T15:25:34.7631972Z tests/test_layout.py::test_set_content_dimension[content_left-5-expected11-7-expected21] [32mPASSED[0m[32m [ 85%][0m
2025-02-28T15:25:34.7650488Z tests/test_layout.py::test_set_content_dimension[min_content_width-8-expected12-9-expected22] [32mPASSED[0m[32m [ 85%][0m
2025-02-28T15:25:34.7669946Z tests/test_layout.py::test_set_content_dimension[content_width-5-expected13-7-expected23] [32mPASSED[0m[32m [ 85%][0m
2025-02-28T15:25:34.7688665Z tests/test_layout.py::test_set_content_dimension[min_content_height-7-expected14-8-expected24] [32mPASSED[0m[32m [ 85%][0m
2025-02-28T15:25:34.7707251Z tests/test_layout.py::test_set_content_dimension[content_height-10-expected15-12-expected25] [32mPASSED[0m[32m [ 86%][0m
2025-02-28T15:25:34.7723102Z tests/test_layout.py::test_descendent_offsets [32mPASSED[0m[32m                     [ 86%][0m
2025-02-28T15:25:34.7740494Z tests/test_layout.py::test_absolute_equalities [32mPASSED[0m[32m                    [ 86%][0m
2025-02-28T15:25:34.7757460Z tests/test_node.py::test_create_leaf [32mPASSED[0m[32m                              [ 86%][0m
2025-02-28T15:25:34.7778195Z tests/test_node.py::test_create_node [32mPASSED[0m[32m                              [ 86%][0m
2025-02-28T15:25:34.7804537Z tests/test_node.py::test_refresh[Style] [32mPASSED[0m[32m                           [ 86%][0m
2025-02-28T15:25:34.7836485Z tests/test_node.py::test_refresh[OldStyle] [32mPASSED[0m[32m                        [ 86%][0m
2025-02-28T15:25:34.7851294Z tests/test_node.py::test_refresh_no_op [32mPASSED[0m[32m                            [ 87%][0m
2025-02-28T15:25:34.7873588Z tests/test_node.py::test_type_error_in_layout[TypeErrorStyle] [32mPASSED[0m[32m     [ 87%][0m
2025-02-28T15:25:34.7894645Z tests/test_node.py::test_type_error_in_layout[OldTypeErrorStyle] [32mPASSED[0m[32m  [ 87%][0m
2025-02-28T15:25:34.7910678Z tests/test_node.py::test_add [32mPASSED[0m[32m                                      [ 87%][0m
2025-02-28T15:25:34.7930861Z tests/test_node.py::test_insert [32mPASSED[0m[32m                                   [ 87%][0m
2025-02-28T15:25:34.7950439Z tests/test_node.py::test_insert_leaf [32mPASSED[0m[32m                              [ 87%][0m
2025-02-28T15:25:34.7969463Z tests/test_node.py::test_remove [32mPASSED[0m[32m                                   [ 88%][0m
2025-02-28T15:25:34.7989142Z tests/test_node.py::test_remove_leaf [32mPASSED[0m[32m                              [ 88%][0m
2025-02-28T15:25:34.8008481Z tests/test_node.py::test_clear [32mPASSED[0m[32m                                    [ 88%][0m
2025-02-28T15:25:34.8023569Z tests/test_node.py::test_clear_leaf [32mPASSED[0m[32m                               [ 88%][0m
2025-02-28T15:25:34.8041557Z tests/test_node.py::test_create_with_no_applicator [32mPASSED[0m[32m                [ 88%][0m
2025-02-28T15:25:34.8061658Z tests/test_node.py::test_create_with_applicator [32mPASSED[0m[32m                   [ 88%][0m
2025-02-28T15:25:34.8077777Z tests/test_node.py::test_assign_applicator[node0] [32mPASSED[0m[32m                 [ 88%][0m
2025-02-28T15:25:34.8093748Z tests/test_node.py::test_assign_applicator[node1] [32mPASSED[0m[32m                 [ 89%][0m
2025-02-28T15:25:34.8106993Z tests/test_node.py::test_assign_applicator_none[node0] [32mPASSED[0m[32m            [ 89%][0m
2025-02-28T15:25:34.8121415Z tests/test_node.py::test_assign_applicator_none[node1] [32mPASSED[0m[32m            [ 89%][0m
2025-02-28T15:25:34.8146524Z tests/test_node.py::test_assign_style_with_applicator [32mPASSED[0m[32m             [ 89%][0m
2025-02-28T15:25:34.8169836Z tests/test_node.py::test_assign_style_with_no_applicator [32mPASSED[0m[32m          [ 89%][0m
2025-02-28T15:25:34.8185366Z tests/test_node.py::test_apply_before_node_is_ready [32mPASSED[0m[32m               [ 89%][0m
2025-02-28T15:25:34.8199646Z tests/test_node.py::test_applicator_has_node_reference [32mPASSED[0m[32m            [ 90%][0m
2025-02-28T15:25:34.8212353Z tests/test_size.py::test_at_least_repr [32mPASSED[0m[32m                            [ 90%][0m
2025-02-28T15:25:34.8224395Z tests/test_size.py::test_at_least_eq [32mPASSED[0m[32m                              [ 90%][0m
2025-02-28T15:25:34.8237902Z tests/test_size.py::test_size_repr [32mPASSED[0m[32m                                [ 90%][0m
2025-02-28T15:25:34.8251034Z tests/test_style.py::test_invalid_style [32mPASSED[0m[32m                           [ 90%][0m
2025-02-28T15:25:34.8268738Z tests/test_style.py::test_positional_argument[Style] [32mPASSED[0m[32m              [ 90%][0m
2025-02-28T15:25:34.8283110Z tests/test_style.py::test_positional_argument[DeprecatedStyle] [32mPASSED[0m[32m    [ 91%][0m
2025-02-28T15:25:34.8302768Z tests/test_style.py::test_create_and_copy[Style] [32mPASSED[0m[32m                  [ 91%][0m
2025-02-28T15:25:34.8322347Z tests/test_style.py::test_create_and_copy[DeprecatedStyle] [32mPASSED[0m[32m        [ 91%][0m
2025-02-28T15:25:34.8338986Z tests/test_style.py::test_deprecated_copy [32mPASSED[0m[32m                         [ 91%][0m
2025-02-28T15:25:34.8355856Z tests/test_style.py::test_apply[Style] [32mPASSED[0m[32m                            [ 91%][0m
2025-02-28T15:25:34.8380448Z tests/test_style.py::test_apply[DeprecatedStyle] [32mPASSED[0m[32m                  [ 91%][0m
2025-02-28T15:25:34.8398061Z tests/test_style.py::test_property_with_explicit_const[Style] [32mPASSED[0m[32m     [ 91%][0m
2025-02-28T15:25:34.8416047Z tests/test_style.py::test_property_with_explicit_const[DeprecatedStyle] [32mPASSED[0m[32m [ 92%][0m
2025-02-28T15:25:34.8433028Z tests/test_style.py::test_property_with_explicit_value[Style] [32mPASSED[0m[32m     [ 92%][0m
2025-02-28T15:25:34.8449900Z tests/test_style.py::test_property_with_explicit_value[DeprecatedStyle] [32mPASSED[0m[32m [ 92%][0m
2025-02-28T15:25:34.8466723Z tests/test_style.py::test_property_with_explicit_none[Style] [32mPASSED[0m[32m      [ 92%][0m
2025-02-28T15:25:34.8483912Z tests/test_style.py::test_property_with_explicit_none[DeprecatedStyle] [32mPASSED[0m[32m [ 92%][0m
2025-02-28T15:25:34.8500763Z tests/test_style.py::test_property_with_implicit_default[Style] [32mPASSED[0m[32m   [ 92%][0m
2025-02-28T15:25:34.8517938Z tests/test_style.py::test_property_with_implicit_default[DeprecatedStyle] [32mPASSED[0m[32m [ 93%][0m
2025-02-28T15:25:34.8531961Z tests/test_style.py::test_set_initial_no_apply[Style] [32mPASSED[0m[32m             [ 93%][0m
2025-02-28T15:25:34.8546449Z tests/test_style.py::test_set_initial_no_apply[DeprecatedStyle] [32mPASSED[0m[32m   [ 93%][0m
2025-02-28T15:25:34.8573181Z tests/test_style.py::test_directional_property[Style] [32mPASSED[0m[32m             [ 93%][0m
2025-02-28T15:25:34.8600382Z tests/test_style.py::test_directional_property[DeprecatedStyle] [32mPASSED[0m[32m   [ 93%][0m
2025-02-28T15:25:34.8617323Z tests/test_style.py::test_list_property[value0-expected0] [32mPASSED[0m[32m         [ 93%][0m
2025-02-28T15:25:34.8633960Z tests/test_style.py::test_list_property[value1-expected1] [32mPASSED[0m[32m         [ 93%][0m
2025-02-28T15:25:34.8650567Z tests/test_style.py::test_list_property[value2-expected2] [32mPASSED[0m[32m         [ 94%][0m
2025-02-28T15:25:34.8667543Z tests/test_style.py::test_list_property[value3-expected3] [32mPASSED[0m[32m         [ 94%][0m
2025-02-28T15:25:34.8684441Z tests/test_style.py::test_list_property[value4-expected4] [32mPASSED[0m[32m         [ 94%][0m
2025-02-28T15:25:34.8701010Z tests/test_style.py::test_list_property[value5-expected5] [32mPASSED[0m[32m         [ 94%][0m
2025-02-28T15:25:34.8719110Z tests/test_style.py::test_list_property[value6-expected6] [32mPASSED[0m[32m         [ 94%][0m
2025-02-28T15:25:34.8738650Z tests/test_style.py::test_list_property_invalid[5-TypeError-Value for list property list_prop must be a sequence\\.] [32mPASSED[0m[32m [ 94%][0m
2025-02-28T15:25:34.8758344Z tests/test_style.py::test_list_property_invalid[<genexpr>-TypeError-Value for list property list_prop must be a sequence.] [32mPASSED[0m[32m [ 95%][0m
2025-02-28T15:25:34.8781300Z tests/test_style.py::test_list_property_invalid[value2-ValueError-Invalid item value 'bogus' for list property list_prop; Valid values are: none, value1, value2, value3, <integer>] [32mPASSED[0m[32m [ 95%][0m
2025-02-28T15:25:34.8802610Z tests/test_style.py::test_list_property_invalid[value3-ValueError-List properties cannot be set to an empty sequence; to reset a property, use del `style.list_prop`\\.] [32mPASSED[0m[32m [ 95%][0m
2025-02-28T15:25:34.8819949Z tests/test_style.py::test_list_property_invalid[value4-ValueError-List properties cannot be set to an empty sequence; to reset a property, use del `style.list_prop`\\.] [32mPASSED[0m[32m [ 95%][0m
2025-02-28T15:25:34.8841193Z tests/test_style.py::test_list_property_immutable [32mPASSED[0m[32m                 [ 95%][0m
2025-02-28T15:25:34.8856682Z tests/test_style.py::test_list_property_list_like [32mPASSED[0m[32m                 [ 95%][0m
2025-02-28T15:25:34.8874995Z tests/test_style.py::test_set_multiple_properties[Style] [32mPASSED[0m[32m          [ 95%][0m
2025-02-28T15:25:34.8892696Z tests/test_style.py::test_set_multiple_properties[DeprecatedStyle] [32mPASSED[0m[32m [ 96%][0m
2025-02-28T15:25:34.8910572Z tests/test_style.py::test_str[Style] [32mPASSED[0m[32m                              [ 96%][0m
2025-02-28T15:25:34.8928148Z tests/test_style.py::test_str[DeprecatedStyle] [32mPASSED[0m[32m                    [ 96%][0m
2025-02-28T15:25:34.8950646Z tests/test_style.py::test_dict[Style] [32mPASSED[0m[32m                             [ 96%][0m
2025-02-28T15:25:34.8973876Z tests/test_style.py::test_dict[DeprecatedStyle] [32mPASSED[0m[32m                   [ 96%][0m
2025-02-28T15:25:34.8999390Z tests/test_style.py::test_set_to_initial[Style] [32mPASSED[0m[32m                   [ 96%][0m
2025-02-28T15:25:34.9023752Z tests/test_style.py::test_set_to_initial[DeprecatedStyle] [32mPASSED[0m[32m         [ 97%][0m
2025-02-28T15:25:34.9049284Z tests/test_style.py::test_union_operators[True-Style] [32mPASSED[0m[32m             [ 97%][0m
2025-02-28T15:25:34.9074513Z tests/test_style.py::test_union_operators[True-DeprecatedStyle] [32mPASSED[0m[32m   [ 97%][0m
2025-02-28T15:25:34.9096391Z tests/test_style.py::test_union_operators[False-Style] [32mPASSED[0m[32m            [ 97%][0m
2025-02-28T15:25:34.9118031Z tests/test_style.py::test_union_operators[False-DeprecatedStyle] [32mPASSED[0m[32m  [ 97%][0m
2025-02-28T15:25:34.9136883Z tests/test_style.py::test_union_operators_invalid_type[Style-StyleSubclass] [32mPASSED[0m[32m [ 97%][0m
2025-02-28T15:25:34.9152647Z tests/test_style.py::test_union_operators_invalid_type[Style-Sibling] [32mPASSED[0m[32m [ 97%][0m
2025-02-28T15:25:34.9168273Z tests/test_style.py::test_union_operators_invalid_type[Style-int] [32mPASSED[0m[32m [ 98%][0m
2025-02-28T15:25:34.9183879Z tests/test_style.py::test_union_operators_invalid_type[Style-list] [32mPASSED[0m[32m [ 98%][0m
2025-02-28T15:25:34.9200656Z tests/test_style.py::test_union_operators_invalid_type[DeprecatedStyle-DeprecatedStyleSubclass] [32mPASSED[0m[32m [ 98%][0m
2025-02-28T15:25:34.9216391Z tests/test_style.py::test_union_operators_invalid_type[DeprecatedStyle-Sibling] [32mPASSED[0m[32m [ 98%][0m
2025-02-28T15:25:34.9231811Z tests/test_style.py::test_union_operators_invalid_type[DeprecatedStyle-int] [32mPASSED[0m[32m [ 98%][0m
2025-02-28T15:25:34.9248373Z tests/test_style.py::test_union_operators_invalid_type[DeprecatedStyle-list] [32mPASSED[0m[32m [ 98%][0m
2025-02-28T15:25:34.9268165Z tests/test_style.py::test_union_operators_invalid_key_value[right0-ValueError-Style] [32mPASSED[0m[32m [ 99%][0m
2025-02-28T15:25:34.9286490Z tests/test_style.py::test_union_operators_invalid_key_value[right0-ValueError-DeprecatedStyle] [32mPASSED[0m[32m [ 99%][0m
2025-02-28T15:25:34.9305135Z tests/test_style.py::test_union_operators_invalid_key_value[right1-NameError-Style] [32mPASSED[0m[32m [ 99%][0m
2025-02-28T15:25:34.9323098Z tests/test_style.py::test_union_operators_invalid_key_value[right1-NameError-DeprecatedStyle] [32mPASSED[0m[32m [ 99%][0m
2025-02-28T15:25:34.9336877Z tests/test_style.py::test_deprecated_class_methods [32mPASSED[0m[32m                [ 99%][0m
2025-02-28T15:25:34.9352026Z tests/test_style.py::test_deprecated_reapply [32mPASSED[0m[32m                      [ 99%][0m
2025-02-28T15:25:34.9392331Z tests/test_style.py::test_deprecated_import [32mPASSED[0m[32m                       [100%][0m
2025-02-28T15:25:34.9392863Z 
2025-02-28T15:25:34.9393234Z [32m============================= [32m[1m645 passed[0m[32m in 1.79s[0m[32m ==============================[0m
2025-02-28T15:25:34.9869956Z   py-cov-trav: OK (7.42=setup[0.88]+cmd[4.11,2.42] seconds)
2025-02-28T15:25:34.9870594Z   congratulations :) (7.68 seconds)
2025-02-28T15:25:36.0543797Z Python 3.9.21
2025-02-28T15:25:36.5681287Z Looking in links: ../dist
2025-02-28T15:25:36.5738942Z Processing /home/runner/work/toga/toga/dist/toga_core-0.4.9.dev629+g68266e24a-py3-none-any.whl (from toga-core==0.4.9.dev629+g68266e24a)
2025-02-28T15:25:36.5845832Z Processing /home/runner/work/toga/toga/dist/toga_dummy-0.4.9.dev629+g68266e24a-py3-none-any.whl
2025-02-28T15:25:36.6237917Z Processing /home/runner/work/toga/toga/dist/travertino-0.4.9.dev629+g68266e24a-py3-none-any.whl (from toga-core==0.4.9.dev629+g68266e24a->toga-core==0.4.9.dev629+g68266e24a)
2025-02-28T15:25:36.8911432Z Collecting coverage==7.6.12 (from coverage[toml]==7.6.12; extra == "dev"->toga-core==0.4.9.dev629+g68266e24a->toga-core==0.4.9.dev629+g68266e24a)
2025-02-28T15:25:36.8927799Z   Using cached coverage-7.6.12-cp39-cp39-manylinux_2_5_x86_64.manylinux1_x86_64.manylinux_2_17_x86_64.manylinux2014_x86_64.whl.metadata (8.5 kB)
2025-02-28T15:25:36.9084962Z Collecting coverage-conditional-plugin==0.9.0 (from toga-core==0.4.9.dev629+g68266e24a->toga-core==0.4.9.dev629+g68266e24a)
2025-02-28T15:25:36.9097539Z   Using cached coverage_conditional_plugin-0.9.0-py3-none-any.whl.metadata (6.9 kB)
2025-02-28T15:25:37.0562542Z Collecting Pillow==11.1.0 (from toga-core==0.4.9.dev629+g68266e24a->toga-core==0.4.9.dev629+g68266e24a)
2025-02-28T15:25:37.0577681Z   Using cached pillow-11.1.0-cp39-cp39-manylinux_2_28_x86_64.whl.metadata (9.1 kB)
2025-02-28T15:25:37.1000031Z Collecting pre-commit==4.1.0 (from toga-core==0.4.9.dev629+g68266e24a->toga-core==0.4.9.dev629+g68266e24a)
2025-02-28T15:25:37.1013822Z   Using cached pre_commit-4.1.0-py2.py3-none-any.whl.metadata (1.3 kB)
2025-02-28T15:25:37.1529763Z Collecting pytest==8.3.4 (from toga-core==0.4.9.dev629+g68266e24a->toga-core==0.4.9.dev629+g68266e24a)
2025-02-28T15:25:37.1544891Z   Using cached pytest-8.3.4-py3-none-any.whl.metadata (7.5 kB)
2025-02-28T15:25:37.1777258Z Collecting pytest-asyncio==0.25.3 (from toga-core==0.4.9.dev629+g68266e24a->toga-core==0.4.9.dev629+g68266e24a)
2025-02-28T15:25:37.1790745Z   Using cached pytest_asyncio-0.25.3-py3-none-any.whl.metadata (3.9 kB)
2025-02-28T15:25:37.1920943Z Collecting pytest-freezer==0.4.9 (from toga-core==0.4.9.dev629+g68266e24a->toga-core==0.4.9.dev629+g68266e24a)
2025-02-28T15:25:37.1934508Z   Using cached pytest_freezer-0.4.9-py3-none-any.whl.metadata (2.1 kB)
2025-02-28T15:25:37.2235030Z Collecting setuptools-scm==8.1.0 (from toga-core==0.4.9.dev629+g68266e24a->toga-core==0.4.9.dev629+g68266e24a)
2025-02-28T15:25:37.2248041Z   Using cached setuptools_scm-8.1.0-py3-none-any.whl.metadata (6.6 kB)
2025-02-28T15:25:37.2714219Z Collecting tox==4.24.1 (from toga-core==0.4.9.dev629+g68266e24a->toga-core==0.4.9.dev629+g68266e24a)
2025-02-28T15:25:37.2727176Z   Using cached tox-4.24.1-py3-none-any.whl.metadata (3.7 kB)
2025-02-28T15:25:37.2924059Z Collecting typing-extensions==4.12.2 (from toga-core==0.4.9.dev629+g68266e24a->toga-core==0.4.9.dev629+g68266e24a)
2025-02-28T15:25:37.2936876Z   Using cached typing_extensions-4.12.2-py3-none-any.whl.metadata (3.0 kB)
2025-02-28T15:25:37.3369049Z Collecting importlib_metadata (from coverage-conditional-plugin==0.9.0->toga-core==0.4.9.dev629+g68266e24a->toga-core==0.4.9.dev629+g68266e24a)
2025-02-28T15:25:37.3382131Z   Using cached importlib_metadata-8.6.1-py3-none-any.whl.metadata (4.7 kB)
2025-02-28T15:25:37.3632210Z Collecting packaging>=20.4 (from coverage-conditional-plugin==0.9.0->toga-core==0.4.9.dev629+g68266e24a->toga-core==0.4.9.dev629+g68266e24a)
2025-02-28T15:25:37.3644736Z   Using cached packaging-24.2-py3-none-any.whl.metadata (3.2 kB)
2025-02-28T15:25:37.3819405Z Collecting tomli (from coverage[toml]==7.6.12; extra == "dev"->toga-core==0.4.9.dev629+g68266e24a->toga-core==0.4.9.dev629+g68266e24a)
2025-02-28T15:25:37.3831609Z   Using cached tomli-2.2.1-py3-none-any.whl.metadata (10 kB)
2025-02-28T15:25:37.3990146Z Collecting cfgv>=2.0.0 (from pre-commit==4.1.0->toga-core==0.4.9.dev629+g68266e24a->toga-core==0.4.9.dev629+g68266e24a)
2025-02-28T15:25:37.4002322Z   Using cached cfgv-3.4.0-py2.py3-none-any.whl.metadata (8.5 kB)
2025-02-28T15:25:37.4444670Z Collecting identify>=1.0.0 (from pre-commit==4.1.0->toga-core==0.4.9.dev629+g68266e24a->toga-core==0.4.9.dev629+g68266e24a)
2025-02-28T15:25:37.4457017Z   Using cached identify-2.6.8-py2.py3-none-any.whl.metadata (4.4 kB)
2025-02-28T15:25:37.4636877Z Collecting nodeenv>=0.11.1 (from pre-commit==4.1.0->toga-core==0.4.9.dev629+g68266e24a->toga-core==0.4.9.dev629+g68266e24a)
2025-02-28T15:25:37.4649464Z   Using cached nodeenv-1.9.1-py2.py3-none-any.whl.metadata (21 kB)
2025-02-28T15:25:37.4993203Z Collecting pyyaml>=5.1 (from pre-commit==4.1.0->toga-core==0.4.9.dev629+g68266e24a->toga-core==0.4.9.dev629+g68266e24a)
2025-02-28T15:25:37.5006737Z   Using cached PyYAML-6.0.2-cp39-cp39-manylinux_2_17_x86_64.manylinux2014_x86_64.whl.metadata (2.1 kB)
2025-02-28T15:25:37.5449967Z Collecting virtualenv>=20.10.0 (from pre-commit==4.1.0->toga-core==0.4.9.dev629+g68266e24a->toga-core==0.4.9.dev629+g68266e24a)
2025-02-28T15:25:37.5463676Z   Using cached virtualenv-20.29.2-py3-none-any.whl.metadata (4.5 kB)
2025-02-28T15:25:37.5671090Z Collecting exceptiongroup>=1.0.0rc8 (from pytest==8.3.4->toga-core==0.4.9.dev629+g68266e24a->toga-core==0.4.9.dev629+g68266e24a)
2025-02-28T15:25:37.5683686Z   Using cached exceptiongroup-1.2.2-py3-none-any.whl.metadata (6.6 kB)
2025-02-28T15:25:37.5811467Z Collecting iniconfig (from pytest==8.3.4->toga-core==0.4.9.dev629+g68266e24a->toga-core==0.4.9.dev629+g68266e24a)
2025-02-28T15:25:37.5824366Z   Using cached iniconfig-2.0.0-py3-none-any.whl.metadata (2.6 kB)
2025-02-28T15:25:37.5968872Z Collecting pluggy<2,>=1.5 (from pytest==8.3.4->toga-core==0.4.9.dev629+g68266e24a->toga-core==0.4.9.dev629+g68266e24a)
2025-02-28T15:25:37.5982250Z   Using cached pluggy-1.5.0-py3-none-any.whl.metadata (4.8 kB)
2025-02-28T15:25:37.6424457Z Collecting freezegun>=1.1 (from pytest-freezer==0.4.9->toga-core==0.4.9.dev629+g68266e24a->toga-core==0.4.9.dev629+g68266e24a)
2025-02-28T15:25:37.6439235Z   Using cached freezegun-1.5.1-py3-none-any.whl.metadata (11 kB)
2025-02-28T15:25:37.6514929Z Requirement already satisfied: setuptools in /home/runner/work/toga/toga/.tox/coverage39-trav/lib/python3.9/site-packages (from setuptools-scm==8.1.0->toga-core==0.4.9.dev629+g68266e24a->toga-core==0.4.9.dev629+g68266e24a) (75.8.0)
2025-02-28T15:25:37.6722762Z Collecting cachetools>=5.5 (from tox==4.24.1->toga-core==0.4.9.dev629+g68266e24a->toga-core==0.4.9.dev629+g68266e24a)
2025-02-28T15:25:37.6737270Z   Using cached cachetools-5.5.2-py3-none-any.whl.metadata (5.4 kB)
2025-02-28T15:25:37.6866557Z Collecting chardet>=5.2 (from tox==4.24.1->toga-core==0.4.9.dev629+g68266e24a->toga-core==0.4.9.dev629+g68266e24a)
2025-02-28T15:25:37.6879316Z   Using cached chardet-5.2.0-py3-none-any.whl.metadata (3.4 kB)
2025-02-28T15:25:37.7049092Z Collecting colorama>=0.4.6 (from tox==4.24.1->toga-core==0.4.9.dev629+g68266e24a->toga-core==0.4.9.dev629+g68266e24a)
2025-02-28T15:25:37.7062057Z   Using cached colorama-0.4.6-py2.py3-none-any.whl.metadata (17 kB)
2025-02-28T15:25:37.7267130Z Collecting filelock>=3.16.1 (from tox==4.24.1->toga-core==0.4.9.dev629+g68266e24a->toga-core==0.4.9.dev629+g68266e24a)
2025-02-28T15:25:37.7280934Z   Using cached filelock-3.17.0-py3-none-any.whl.metadata (2.9 kB)
2025-02-28T15:25:37.7518570Z Collecting platformdirs>=4.3.6 (from tox==4.24.1->toga-core==0.4.9.dev629+g68266e24a->toga-core==0.4.9.dev629+g68266e24a)
2025-02-28T15:25:37.7537835Z   Using cached platformdirs-4.3.6-py3-none-any.whl.metadata (11 kB)
2025-02-28T15:25:37.7699354Z Collecting pyproject-api>=1.8 (from tox==4.24.1->toga-core==0.4.9.dev629+g68266e24a->toga-core==0.4.9.dev629+g68266e24a)
2025-02-28T15:25:37.7711779Z   Using cached pyproject_api-1.9.0-py3-none-any.whl.metadata (2.7 kB)
2025-02-28T15:25:37.8154324Z Collecting python-dateutil>=2.7 (from freezegun>=1.1->pytest-freezer==0.4.9->toga-core==0.4.9.dev629+g68266e24a->toga-core==0.4.9.dev629+g68266e24a)
2025-02-28T15:25:37.8166906Z   Using cached python_dateutil-2.9.0.post0-py2.py3-none-any.whl.metadata (8.4 kB)
2025-02-28T15:25:37.8474487Z Collecting distlib<1,>=0.3.7 (from virtualenv>=20.10.0->pre-commit==4.1.0->toga-core==0.4.9.dev629+g68266e24a->toga-core==0.4.9.dev629+g68266e24a)
2025-02-28T15:25:37.8487169Z   Using cached distlib-0.3.9-py2.py3-none-any.whl.metadata (5.2 kB)
2025-02-28T15:25:37.8776218Z Collecting zipp>=3.20 (from importlib_metadata->coverage-conditional-plugin==0.9.0->toga-core==0.4.9.dev629+g68266e24a->toga-core==0.4.9.dev629+g68266e24a)
2025-02-28T15:25:37.8788583Z   Using cached zipp-3.21.0-py3-none-any.whl.metadata (3.7 kB)
2025-02-28T15:25:37.9170517Z Collecting six>=1.5 (from python-dateutil>=2.7->freezegun>=1.1->pytest-freezer==0.4.9->toga-core==0.4.9.dev629+g68266e24a->toga-core==0.4.9.dev629+g68266e24a)
2025-02-28T15:25:37.9182812Z   Using cached six-1.17.0-py2.py3-none-any.whl.metadata (1.7 kB)
2025-02-28T15:25:37.9267449Z Using cached coverage-7.6.12-cp39-cp39-manylinux_2_5_x86_64.manylinux1_x86_64.manylinux_2_17_x86_64.manylinux2014_x86_64.whl (236 kB)
2025-02-28T15:25:37.9282164Z Using cached coverage_conditional_plugin-0.9.0-py3-none-any.whl (7.3 kB)
2025-02-28T15:25:37.9295371Z Using cached pillow-11.1.0-cp39-cp39-manylinux_2_28_x86_64.whl (4.5 MB)
2025-02-28T15:25:37.9342173Z Using cached pre_commit-4.1.0-py2.py3-none-any.whl (220 kB)
2025-02-28T15:25:37.9356991Z Using cached pytest-8.3.4-py3-none-any.whl (343 kB)
2025-02-28T15:25:37.9372395Z Using cached pytest_asyncio-0.25.3-py3-none-any.whl (19 kB)
2025-02-28T15:25:37.9385920Z Using cached pytest_freezer-0.4.9-py3-none-any.whl (3.2 kB)
2025-02-28T15:25:37.9399173Z Using cached setuptools_scm-8.1.0-py3-none-any.whl (43 kB)
2025-02-28T15:25:37.9411393Z Using cached tox-4.24.1-py3-none-any.whl (171 kB)
2025-02-28T15:25:37.9425953Z Using cached typing_extensions-4.12.2-py3-none-any.whl (37 kB)
2025-02-28T15:25:37.9438733Z Using cached cachetools-5.5.2-py3-none-any.whl (10 kB)
2025-02-28T15:25:37.9451057Z Using cached cfgv-3.4.0-py2.py3-none-any.whl (7.2 kB)
2025-02-28T15:25:37.9463459Z Using cached chardet-5.2.0-py3-none-any.whl (199 kB)
2025-02-28T15:25:37.9477241Z Using cached colorama-0.4.6-py2.py3-none-any.whl (25 kB)
2025-02-28T15:25:37.9490287Z Using cached exceptiongroup-1.2.2-py3-none-any.whl (16 kB)
2025-02-28T15:25:37.9502637Z Using cached filelock-3.17.0-py3-none-any.whl (16 kB)
2025-02-28T15:25:37.9515672Z Using cached freezegun-1.5.1-py3-none-any.whl (17 kB)
2025-02-28T15:25:37.9528458Z Using cached identify-2.6.8-py2.py3-none-any.whl (99 kB)
2025-02-28T15:25:37.9541481Z Using cached nodeenv-1.9.1-py2.py3-none-any.whl (22 kB)
2025-02-28T15:25:37.9554135Z Using cached packaging-24.2-py3-none-any.whl (65 kB)
2025-02-28T15:25:37.9566858Z Using cached platformdirs-4.3.6-py3-none-any.whl (18 kB)
2025-02-28T15:25:37.9579237Z Using cached pluggy-1.5.0-py3-none-any.whl (20 kB)
2025-02-28T15:25:37.9591545Z Using cached pyproject_api-1.9.0-py3-none-any.whl (13 kB)
2025-02-28T15:25:37.9604348Z Using cached PyYAML-6.0.2-cp39-cp39-manylinux_2_17_x86_64.manylinux2014_x86_64.whl (737 kB)
2025-02-28T15:25:37.9622086Z Using cached tomli-2.2.1-py3-none-any.whl (14 kB)
2025-02-28T15:25:37.9634602Z Using cached virtualenv-20.29.2-py3-none-any.whl (4.3 MB)
2025-02-28T15:25:37.9680816Z Using cached importlib_metadata-8.6.1-py3-none-any.whl (26 kB)
2025-02-28T15:25:37.9693183Z Using cached iniconfig-2.0.0-py3-none-any.whl (5.9 kB)
2025-02-28T15:25:37.9706363Z Using cached distlib-0.3.9-py2.py3-none-any.whl (468 kB)
2025-02-28T15:25:37.9722625Z Using cached python_dateutil-2.9.0.post0-py2.py3-none-any.whl (229 kB)
2025-02-28T15:25:37.9736595Z Using cached zipp-3.21.0-py3-none-any.whl (9.6 kB)
2025-02-28T15:25:37.9749152Z Using cached six-1.17.0-py2.py3-none-any.whl (11 kB)
2025-02-28T15:25:38.0742580Z Installing collected packages: distlib, zipp, typing-extensions, travertino, tomli, six, pyyaml, pluggy, platformdirs, Pillow, packaging, nodeenv, iniconfig, identify, filelock, exceptiongroup, coverage, colorama, chardet, cfgv, cachetools, virtualenv, toga-core, setuptools-scm, python-dateutil, pytest, pyproject-api, importlib_metadata, tox, toga-dummy, pytest-asyncio, pre-commit, freezegun, coverage-conditional-plugin, pytest-freezer
2025-02-28T15:25:39.7327863Z Successfully installed Pillow-11.1.0 cachetools-5.5.2 cfgv-3.4.0 chardet-5.2.0 colorama-0.4.6 coverage-7.6.12 coverage-conditional-plugin-0.9.0 distlib-0.3.9 exceptiongroup-1.2.2 filelock-3.17.0 freezegun-1.5.1 identify-2.6.8 importlib_metadata-8.6.1 iniconfig-2.0.0 nodeenv-1.9.1 packaging-24.2 platformdirs-4.3.6 pluggy-1.5.0 pre-commit-4.1.0 pyproject-api-1.9.0 pytest-8.3.4 pytest-asyncio-0.25.3 pytest-freezer-0.4.9 python-dateutil-2.9.0.post0 pyyaml-6.0.2 setuptools-scm-8.1.0 six-1.17.0 toga-core-0.4.9.dev629+g68266e24a toga-dummy-0.4.9.dev629+g68266e24a tomli-2.2.1 tox-4.24.1 travertino-0.4.9.dev629+g68266e24a typing-extensions-4.12.2 virtualenv-20.29.2 zipp-3.21.0
2025-02-28T15:25:39.9031611Z Combined data file .coverage.fv-az1314-934.2165.XqqVvsZx
2025-02-28T15:25:40.2700629Z Name                                     Stmts   Miss Branch BrPart  Cover   Missing
2025-02-28T15:25:40.2701339Z ------------------------------------------------------------------------------------
2025-02-28T15:25:40.2702068Z src/travertino/properties/shorthand.py      27      1     12      1  94.9%   38
2025-02-28T15:25:40.2702873Z src/travertino/properties/validated.py      61      1     20      1  97.5%   47
2025-02-28T15:25:40.2703816Z ------------------------------------------------------------------------------------
2025-02-28T15:25:40.2704410Z TOTAL                                      871      2    180      2  99.6%
2025-02-28T15:25:40.2704752Z 
2025-02-28T15:25:40.2704926Z 11 files skipped due to complete coverage.
2025-02-28T15:25:40.2982435Z   coverage39-trav: OK (4.95 seconds)
2025-02-28T15:25:40.2982917Z   congratulations :) (5.14 seconds)
2025-02-28T15:25:40.3485960Z ##[group]Run actions/upload-artifact@v4.6.1
2025-02-28T15:25:40.3486269Z with:
2025-02-28T15:25:40.3486508Z   name: travertino-coverage-data-ubuntu-latest-3.9
2025-02-28T15:25:40.3486817Z   path: travertino/.coverage.*
2025-02-28T15:25:40.3487071Z   if-no-files-found: error
2025-02-28T15:25:40.3487297Z   include-hidden-files: true
2025-02-28T15:25:40.3487522Z   compression-level: 6
2025-02-28T15:25:40.3487727Z   overwrite: false
2025-02-28T15:25:40.3487910Z env:
2025-02-28T15:25:40.3488085Z   min_python_version: 3.9
2025-02-28T15:25:40.3488303Z   max_python_version: 3.12
2025-02-28T15:25:40.3488502Z   FORCE_COLOR: 1
2025-02-28T15:25:40.3488757Z   pythonLocation: /opt/hostedtoolcache/Python/3.9.21/x64
2025-02-28T15:25:40.3489152Z   PKG_CONFIG_PATH: /opt/hostedtoolcache/Python/3.9.21/x64/lib/pkgconfig
2025-02-28T15:25:40.3489537Z   Python_ROOT_DIR: /opt/hostedtoolcache/Python/3.9.21/x64
2025-02-28T15:25:40.3489878Z   Python2_ROOT_DIR: /opt/hostedtoolcache/Python/3.9.21/x64
2025-02-28T15:25:40.3490254Z   Python3_ROOT_DIR: /opt/hostedtoolcache/Python/3.9.21/x64
2025-02-28T15:25:40.3490617Z   LD_LIBRARY_PATH: /opt/hostedtoolcache/Python/3.9.21/x64/lib
2025-02-28T15:25:40.3490908Z ##[endgroup]
2025-02-28T15:25:40.5631500Z With the provided path, there will be 1 file uploaded
2025-02-28T15:25:40.5637543Z Artifact name is valid!
2025-02-28T15:25:40.5638769Z Root directory input is valid!
2025-02-28T15:25:40.6655345Z Beginning upload of artifact content to blob storage
2025-02-28T15:25:40.7507899Z Uploaded bytes 28034
2025-02-28T15:25:40.7631527Z Finished uploading artifact content to blob storage!
2025-02-28T15:25:40.7635181Z SHA256 hash of uploaded artifact zip is 395c62ea6e93f5704cb108f6bd9b1d7d9172208a184347625f0bb8c5a6f2e499
2025-02-28T15:25:40.7636457Z Finalizing artifact upload
2025-02-28T15:25:40.8571368Z Artifact travertino-coverage-data-ubuntu-latest-3.9.zip successfully finalized. Artifact ID 2671292711
2025-02-28T15:25:40.8572876Z Artifact travertino-coverage-data-ubuntu-latest-3.9 has been successfully uploaded! Final size is 28034 bytes. Artifact ID is 2671292711
2025-02-28T15:25:40.8579165Z Artifact download URL: https://github.com/beeware/toga/actions/runs/13591189051/artifacts/2671292711
2025-02-28T15:25:40.8707096Z Post job cleanup.
2025-02-28T15:25:40.8763794Z Post job cleanup.
2025-02-28T15:25:40.9695106Z [command]/usr/bin/git version
2025-02-28T15:25:40.9731718Z git version 2.48.1
2025-02-28T15:25:40.9781404Z Temporarily overriding HOME='/home/runner/work/_temp/31563dc4-213e-4e53-8c5c-003694ff53a9' before making global git config changes
2025-02-28T15:25:40.9782700Z Adding repository directory to the temporary git global config as a safe directory
2025-02-28T15:25:40.9787047Z [command]/usr/bin/git config --global --add safe.directory /home/runner/work/toga/toga/.github-beeware
2025-02-28T15:25:40.9820806Z [command]/usr/bin/git config --local --name-only --get-regexp core\.sshCommand
2025-02-28T15:25:40.9854767Z [command]/usr/bin/git submodule foreach --recursive sh -c "git config --local --name-only --get-regexp 'core\.sshCommand' && git config --local --unset-all 'core.sshCommand' || :"
2025-02-28T15:25:41.0112114Z [command]/usr/bin/git config --local --name-only --get-regexp http\.https\:\/\/github\.com\/\.extraheader
2025-02-28T15:25:41.0139420Z http.https://github.com/.extraheader
2025-02-28T15:25:41.0156631Z [command]/usr/bin/git config --local --unset-all http.https://github.com/.extraheader
2025-02-28T15:25:41.0192698Z [command]/usr/bin/git submodule foreach --recursive sh -c "git config --local --name-only --get-regexp 'http\.https\:\/\/github\.com\/\.extraheader' && git config --local --unset-all 'http.https://github.com/.extraheader' || :"
2025-02-28T15:25:41.0559665Z Post job cleanup.
2025-02-28T15:25:41.2196532Z Post job cleanup.
2025-02-28T15:25:41.3138304Z [command]/usr/bin/git version
2025-02-28T15:25:41.3177323Z git version 2.48.1
2025-02-28T15:25:41.3230932Z Temporarily overriding HOME='/home/runner/work/_temp/431bddc2-7327-4a8b-9d1b-3d93ee7ef4dd' before making global git config changes
2025-02-28T15:25:41.3232136Z Adding repository directory to the temporary git global config as a safe directory
2025-02-28T15:25:41.3236931Z [command]/usr/bin/git config --global --add safe.directory /home/runner/work/toga/toga
2025-02-28T15:25:41.3271464Z [command]/usr/bin/git config --local --name-only --get-regexp core\.sshCommand
2025-02-28T15:25:41.3303483Z [command]/usr/bin/git submodule foreach --recursive sh -c "git config --local --name-only --get-regexp 'core\.sshCommand' && git config --local --unset-all 'core.sshCommand' || :"
2025-02-28T15:25:41.3547398Z [command]/usr/bin/git config --local --name-only --get-regexp http\.https\:\/\/github\.com\/\.extraheader
2025-02-28T15:25:41.3568696Z http.https://github.com/.extraheader
2025-02-28T15:25:41.3580840Z [command]/usr/bin/git config --local --unset-all http.https://github.com/.extraheader
2025-02-28T15:25:41.3611772Z [command]/usr/bin/git submodule foreach --recursive sh -c "git config --local --name-only --get-regexp 'http\.https\:\/\/github\.com\/\.extraheader' && git config --local --unset-all 'http.https://github.com/.extraheader' || :"
2025-02-28T15:25:41.3952082Z Cleaning up orphan processes
