2025-02-28T15:25:14.7217765Z Current runner version: '2.322.0'
2025-02-28T15:25:14.7245854Z ##[group]Operating System
2025-02-28T15:25:14.7246674Z Ubuntu
2025-02-28T15:25:14.7247146Z 24.04.2
2025-02-28T15:25:14.7247758Z LTS
2025-02-28T15:25:14.7248244Z ##[endgroup]
2025-02-28T15:25:14.7248820Z ##[group]Runner Image
2025-02-28T15:25:14.7249401Z Image: ubuntu-24.04
2025-02-28T15:25:14.7249907Z Version: 20250223.1.0
2025-02-28T15:25:14.7251001Z Included Software: https://github.com/actions/runner-images/blob/ubuntu24/20250223.1/images/ubuntu/Ubuntu2404-Readme.md
2025-02-28T15:25:14.7252613Z Image Release: https://github.com/actions/runner-images/releases/tag/ubuntu24%2F20250223.1
2025-02-28T15:25:14.7253530Z ##[endgroup]
2025-02-28T15:25:14.7254119Z ##[group]Runner Image Provisioner
2025-02-28T15:25:14.7254731Z 2.0.422.1
2025-02-28T15:25:14.7255195Z ##[endgroup]
2025-02-28T15:25:14.7258363Z ##[group]GITHUB_TOKEN Permissions
2025-02-28T15:25:14.7260795Z Actions: read
2025-02-28T15:25:14.7262096Z Attestations: read
2025-02-28T15:25:14.7262827Z Checks: read
2025-02-28T15:25:14.7263446Z Contents: read
2025-02-28T15:25:14.7263996Z Deployments: read
2025-02-28T15:25:14.7264486Z Discussions: read
2025-02-28T15:25:14.7265076Z Issues: read
2025-02-28T15:25:14.7265617Z Metadata: read
2025-02-28T15:25:14.7266162Z Packages: read
2025-02-28T15:25:14.7266711Z Pages: read
2025-02-28T15:25:14.7267188Z PullRequests: read
2025-02-28T15:25:14.7267773Z RepositoryProjects: read
2025-02-28T15:25:14.7268385Z SecurityEvents: read
2025-02-28T15:25:14.7268929Z Statuses: read
2025-02-28T15:25:14.7269493Z ##[endgroup]
2025-02-28T15:25:14.7272800Z Secret source: None
2025-02-28T15:25:14.7273540Z Prepare workflow directory
2025-02-28T15:25:14.7752036Z Prepare all required actions
2025-02-28T15:25:14.7788491Z Getting action download info
2025-02-28T15:25:15.0085567Z Download action repository 'actions/checkout@v4.2.2' (SHA:11bd71901bbe5b1630ceea73d27597364c9af683)
2025-02-28T15:25:15.1325462Z Download action repository 'actions/setup-python@v5.4.0' (SHA:42375524e23c412d93fb67b49958b491fce71c38)
2025-02-28T15:25:15.2624822Z Download action repository 'beeware/.github@main' (SHA:a66b93162808d34adf5280c28104b75f8e0d70d3)
2025-02-28T15:25:15.7944760Z Download action repository 'actions/download-artifact@v4.1.8' (SHA:fa0a91b85d4f404e444e00e005971372dc801d16)
2025-02-28T15:25:16.6294734Z Download action repository 'actions/upload-artifact@v4.6.1' (SHA:4cec3d8aa04e39d1a68397de0c4cd6fb9dce8ec1)
2025-02-28T15:25:17.6529376Z Getting action download info
2025-02-28T15:25:17.7930777Z Download action repository 'actions/checkout@v4.1.6' (SHA:a5ac7e51b41094c92402da3b24376905380afc29)
2025-02-28T15:25:17.8969713Z Complete job name: Test travertino (ubuntu-latest, 3.10)
2025-02-28T15:25:17.9703753Z ##[group]Run actions/checkout@v4.2.2
2025-02-28T15:25:17.9704395Z with:
2025-02-28T15:25:17.9704628Z   fetch-depth: 0
2025-02-28T15:25:17.9704872Z   repository: beeware/toga
2025-02-28T15:25:17.9705373Z   token: ***
2025-02-28T15:25:17.9705602Z   ssh-strict: true
2025-02-28T15:25:17.9705835Z   ssh-user: git
2025-02-28T15:25:17.9706095Z   persist-credentials: true
2025-02-28T15:25:17.9706356Z   clean: true
2025-02-28T15:25:17.9706602Z   sparse-checkout-cone-mode: true
2025-02-28T15:25:17.9706916Z   fetch-tags: false
2025-02-28T15:25:17.9707155Z   show-progress: true
2025-02-28T15:25:17.9707392Z   lfs: false
2025-02-28T15:25:17.9707613Z   submodules: false
2025-02-28T15:25:17.9707842Z   set-safe-directory: true
2025-02-28T15:25:17.9708281Z env:
2025-02-28T15:25:17.9708517Z   min_python_version: 3.9
2025-02-28T15:25:17.9708791Z   max_python_version: 3.12
2025-02-28T15:25:17.9709033Z   FORCE_COLOR: 1
2025-02-28T15:25:17.9709259Z ##[endgroup]
2025-02-28T15:25:18.2266287Z Syncing repository: beeware/toga
2025-02-28T15:25:18.2268114Z ##[group]Getting Git version info
2025-02-28T15:25:18.2268628Z Working directory is '/home/runner/work/toga/toga'
2025-02-28T15:25:18.2269220Z [command]/usr/bin/git version
2025-02-28T15:25:18.2357224Z git version 2.48.1
2025-02-28T15:25:18.2388616Z ##[endgroup]
2025-02-28T15:25:18.2404080Z Temporarily overriding HOME='/home/runner/work/_temp/3e9ad89c-32e2-4b51-b122-253c4604dd78' before making global git config changes
2025-02-28T15:25:18.2405408Z Adding repository directory to the temporary git global config as a safe directory
2025-02-28T15:25:18.2410528Z [command]/usr/bin/git config --global --add safe.directory /home/runner/work/toga/toga
2025-02-28T15:25:18.2454227Z Deleting the contents of '/home/runner/work/toga/toga'
2025-02-28T15:25:18.2458421Z ##[group]Initializing the repository
2025-02-28T15:25:18.2463465Z [command]/usr/bin/git init /home/runner/work/toga/toga
2025-02-28T15:25:18.2555751Z hint: Using 'master' as the name for the initial branch. This default branch name
2025-02-28T15:25:18.2556577Z hint: is subject to change. To configure the initial branch name to use in all
2025-02-28T15:25:18.2557392Z hint: of your new repositories, which will suppress this warning, call:
2025-02-28T15:25:18.2557842Z hint:
2025-02-28T15:25:18.2558218Z hint: 	git config --global init.defaultBranch <name>
2025-02-28T15:25:18.2558621Z hint:
2025-02-28T15:25:18.2558996Z hint: Names commonly chosen instead of 'master' are 'main', 'trunk' and
2025-02-28T15:25:18.2559878Z hint: 'development'. The just-created branch can be renamed via this command:
2025-02-28T15:25:18.2560673Z hint:
2025-02-28T15:25:18.2561078Z hint: 	git branch -m <name>
2025-02-28T15:25:18.2563549Z Initialized empty Git repository in /home/runner/work/toga/toga/.git/
2025-02-28T15:25:18.2576853Z [command]/usr/bin/git remote add origin https://github.com/beeware/toga
2025-02-28T15:25:18.2618672Z ##[endgroup]
2025-02-28T15:25:18.2619475Z ##[group]Disabling automatic garbage collection
2025-02-28T15:25:18.2625339Z [command]/usr/bin/git config --local gc.auto 0
2025-02-28T15:25:18.2657656Z ##[endgroup]
2025-02-28T15:25:18.2658405Z ##[group]Setting up auth
2025-02-28T15:25:18.2666143Z [command]/usr/bin/git config --local --name-only --get-regexp core\.sshCommand
2025-02-28T15:25:18.2698506Z [command]/usr/bin/git submodule foreach --recursive sh -c "git config --local --name-only --get-regexp 'core\.sshCommand' && git config --local --unset-all 'core.sshCommand' || :"
2025-02-28T15:25:18.3037622Z [command]/usr/bin/git config --local --name-only --get-regexp http\.https\:\/\/github\.com\/\.extraheader
2025-02-28T15:25:18.3068699Z [command]/usr/bin/git submodule foreach --recursive sh -c "git config --local --name-only --get-regexp 'http\.https\:\/\/github\.com\/\.extraheader' && git config --local --unset-all 'http.https://github.com/.extraheader' || :"
2025-02-28T15:25:18.3327245Z [command]/usr/bin/git config --local http.https://github.com/.extraheader AUTHORIZATION: basic ***
2025-02-28T15:25:18.3367915Z ##[endgroup]
2025-02-28T15:25:18.3368781Z ##[group]Fetching the repository
2025-02-28T15:25:18.3377631Z [command]/usr/bin/git -c protocol.version=2 fetch --prune --no-recurse-submodules origin +refs/heads/*:refs/remotes/origin/* +refs/tags/*:refs/tags/* +68266e24a68fb42fbbeefb9a1fc4181dfda30fbe:refs/remotes/pull/3217/merge
2025-02-28T15:25:20.9942281Z From https://github.com/beeware/toga
2025-02-28T15:25:20.9943289Z  * [new branch]          main         -> origin/main
2025-02-28T15:25:20.9943839Z  * [new branch]          pre-0.5      -> origin/pre-0.5
2025-02-28T15:25:20.9944342Z  * [new tag]             0.2.6        -> 0.2.6
2025-02-28T15:25:20.9946914Z  * [new tag]             v0.0.1rc1    -> v0.0.1rc1
2025-02-28T15:25:20.9948135Z  * [new tag]             v0.0.1rc10   -> v0.0.1rc10
2025-02-28T15:25:20.9949825Z  * [new tag]             v0.0.1rc5    -> v0.0.1rc5
2025-02-28T15:25:20.9950406Z  * [new tag]             v0.0.1rc6    -> v0.0.1rc6
2025-02-28T15:25:20.9950955Z  * [new tag]             v0.1.0       -> v0.1.0
2025-02-28T15:25:20.9954890Z  * [new tag]             v0.1.1       -> v0.1.1
2025-02-28T15:25:20.9955464Z  * [new tag]             v0.1.2       -> v0.1.2
2025-02-28T15:25:20.9955979Z  * [new tag]             v0.2.0       -> v0.2.0
2025-02-28T15:25:20.9956616Z  * [new tag]             v0.2.0.dev1  -> v0.2.0.dev1
2025-02-28T15:25:20.9964473Z  * [new tag]             v0.2.1       -> v0.2.1
2025-02-28T15:25:20.9965091Z  * [new tag]             v0.2.10      -> v0.2.10
2025-02-28T15:25:20.9965655Z  * [new tag]             v0.2.11      -> v0.2.11
2025-02-28T15:25:20.9966168Z  * [new tag]             v0.2.12      -> v0.2.12
2025-02-28T15:25:20.9966675Z  * [new tag]             v0.2.13      -> v0.2.13
2025-02-28T15:25:20.9973973Z  * [new tag]             v0.2.14      -> v0.2.14
2025-02-28T15:25:20.9974532Z  * [new tag]             v0.2.15      -> v0.2.15
2025-02-28T15:25:20.9975070Z  * [new tag]             v0.2.2       -> v0.2.2
2025-02-28T15:25:20.9975547Z  * [new tag]             v0.2.3       -> v0.2.3
2025-02-28T15:25:20.9976050Z  * [new tag]             v0.2.4       -> v0.2.4
2025-02-28T15:25:20.9976527Z  * [new tag]             v0.2.5       -> v0.2.5
2025-02-28T15:25:20.9977000Z  * [new tag]             v0.2.6       -> v0.2.6
2025-02-28T15:25:20.9977504Z  * [new tag]             v0.2.7       -> v0.2.7
2025-02-28T15:25:20.9982061Z  * [new tag]             v0.2.8       -> v0.2.8
2025-02-28T15:25:20.9985039Z  * [new tag]             v0.2.9       -> v0.2.9
2025-02-28T15:25:20.9985563Z  * [new tag]             v0.3.0       -> v0.3.0
2025-02-28T15:25:20.9987930Z  * [new tag]             v0.3.0.dev1  -> v0.3.0.dev1
2025-02-28T15:25:20.9989013Z  * [new tag]             v0.3.0.dev10 -> v0.3.0.dev10
2025-02-28T15:25:20.9989590Z  * [new tag]             v0.3.0.dev11 -> v0.3.0.dev11
2025-02-28T15:25:20.9990106Z  * [new tag]             v0.3.0.dev12 -> v0.3.0.dev12
2025-02-28T15:25:20.9990623Z  * [new tag]             v0.3.0.dev13 -> v0.3.0.dev13
2025-02-28T15:25:20.9991135Z  * [new tag]             v0.3.0.dev14 -> v0.3.0.dev14
2025-02-28T15:25:20.9991841Z  * [new tag]             v0.3.0.dev15 -> v0.3.0.dev15
2025-02-28T15:25:20.9993682Z  * [new tag]             v0.3.0.dev16 -> v0.3.0.dev16
2025-02-28T15:25:20.9997432Z  * [new tag]             v0.3.0.dev17 -> v0.3.0.dev17
2025-02-28T15:25:20.9998691Z  * [new tag]             v0.3.0.dev18 -> v0.3.0.dev18
2025-02-28T15:25:20.9999255Z  * [new tag]             v0.3.0.dev19 -> v0.3.0.dev19
2025-02-28T15:25:20.9999777Z  * [new tag]             v0.3.0.dev2  -> v0.3.0.dev2
2025-02-28T15:25:21.0000312Z  * [new tag]             v0.3.0.dev20 -> v0.3.0.dev20
2025-02-28T15:25:21.0000847Z  * [new tag]             v0.3.0.dev21 -> v0.3.0.dev21
2025-02-28T15:25:21.0001772Z  * [new tag]             v0.3.0.dev22 -> v0.3.0.dev22
2025-02-28T15:25:21.0002373Z  * [new tag]             v0.3.0.dev23 -> v0.3.0.dev23
2025-02-28T15:25:21.0003875Z  * [new tag]             v0.3.0.dev24 -> v0.3.0.dev24
2025-02-28T15:25:21.0007393Z  * [new tag]             v0.3.0.dev25 -> v0.3.0.dev25
2025-02-28T15:25:21.0009789Z  * [new tag]             v0.3.0.dev26 -> v0.3.0.dev26
2025-02-28T15:25:21.0010379Z  * [new tag]             v0.3.0.dev27 -> v0.3.0.dev27
2025-02-28T15:25:21.0010921Z  * [new tag]             v0.3.0.dev28 -> v0.3.0.dev28
2025-02-28T15:25:21.0012304Z  * [new tag]             v0.3.0.dev29 -> v0.3.0.dev29
2025-02-28T15:25:21.0013833Z  * [new tag]             v0.3.0.dev3  -> v0.3.0.dev3
2025-02-28T15:25:21.0015358Z  * [new tag]             v0.3.0.dev30 -> v0.3.0.dev30
2025-02-28T15:25:21.0016751Z  * [new tag]             v0.3.0.dev32 -> v0.3.0.dev32
2025-02-28T15:25:21.0018269Z  * [new tag]             v0.3.0.dev33 -> v0.3.0.dev33
2025-02-28T15:25:21.0019645Z  * [new tag]             v0.3.0.dev34 -> v0.3.0.dev34
2025-02-28T15:25:21.0021025Z  * [new tag]             v0.3.0.dev35 -> v0.3.0.dev35
2025-02-28T15:25:21.0023012Z  * [new tag]             v0.3.0.dev36 -> v0.3.0.dev36
2025-02-28T15:25:21.0025325Z  * [new tag]             v0.3.0.dev37 -> v0.3.0.dev37
2025-02-28T15:25:21.0026797Z  * [new tag]             v0.3.0.dev38 -> v0.3.0.dev38
2025-02-28T15:25:21.0027627Z  * [new tag]             v0.3.0.dev39 -> v0.3.0.dev39
2025-02-28T15:25:21.0028911Z  * [new tag]             v0.3.0.dev4  -> v0.3.0.dev4
2025-02-28T15:25:21.0031056Z  * [new tag]             v0.3.0.dev5  -> v0.3.0.dev5
2025-02-28T15:25:21.0034545Z  * [new tag]             v0.3.0.dev6  -> v0.3.0.dev6
2025-02-28T15:25:21.0035379Z  * [new tag]             v0.3.0.dev7  -> v0.3.0.dev7
2025-02-28T15:25:21.0035958Z  * [new tag]             v0.3.0.dev8  -> v0.3.0.dev8
2025-02-28T15:25:21.0036695Z  * [new tag]             v0.3.0.dev9  -> v0.3.0.dev9
2025-02-28T15:25:21.0040613Z  * [new tag]             v0.3.0rc0    -> v0.3.0rc0
2025-02-28T15:25:21.0041221Z  * [new tag]             v0.3.1       -> v0.3.1
2025-02-28T15:25:21.0041885Z  * [new tag]             v0.4.0       -> v0.4.0
2025-02-28T15:25:21.0042578Z  * [new tag]             v0.4.1       -> v0.4.1
2025-02-28T15:25:21.0044265Z  * [new tag]             v0.4.2       -> v0.4.2
2025-02-28T15:25:21.0045965Z  * [new tag]             v0.4.3       -> v0.4.3
2025-02-28T15:25:21.0047305Z  * [new tag]             v0.4.4       -> v0.4.4
2025-02-28T15:25:21.0049452Z  * [new tag]             v0.4.5       -> v0.4.5
2025-02-28T15:25:21.0050558Z  * [new tag]             v0.4.6       -> v0.4.6
2025-02-28T15:25:21.0052352Z  * [new tag]             v0.4.7       -> v0.4.7
2025-02-28T15:25:21.0053853Z  * [new tag]             v0.4.8       -> v0.4.8
2025-02-28T15:25:21.0055481Z  * [new tag]             v0.4.9       -> v0.4.9
2025-02-28T15:25:21.0059518Z  * [new ref]             68266e24a68fb42fbbeefb9a1fc4181dfda30fbe -> pull/3217/merge
2025-02-28T15:25:21.0106172Z ##[endgroup]
2025-02-28T15:25:21.0106845Z ##[group]Determining the checkout info
2025-02-28T15:25:21.0107687Z ##[endgroup]
2025-02-28T15:25:21.0114492Z [command]/usr/bin/git sparse-checkout disable
2025-02-28T15:25:21.0160771Z [command]/usr/bin/git config --local --unset-all extensions.worktreeConfig
2025-02-28T15:25:21.0192705Z ##[group]Checking out the ref
2025-02-28T15:25:21.0197032Z [command]/usr/bin/git checkout --progress --force refs/remotes/pull/3217/merge
2025-02-28T15:25:21.2073653Z Note: switching to 'refs/remotes/pull/3217/merge'.
2025-02-28T15:25:21.2074093Z 
2025-02-28T15:25:21.2074412Z You are in 'detached HEAD' state. You can look around, make experimental
2025-02-28T15:25:21.2075173Z changes and commit them, and you can discard any commits you make in this
2025-02-28T15:25:21.2075882Z state without impacting any branches by switching back to a branch.
2025-02-28T15:25:21.2076294Z 
2025-02-28T15:25:21.2076572Z If you want to create a new branch to retain commits you create, you may
2025-02-28T15:25:21.2077234Z do so (now or later) by using -c with the switch command. Example:
2025-02-28T15:25:21.2077621Z 
2025-02-28T15:25:21.2077783Z   git switch -c <new-branch-name>
2025-02-28T15:25:21.2078054Z 
2025-02-28T15:25:21.2078208Z Or undo this operation with:
2025-02-28T15:25:21.2078460Z 
2025-02-28T15:25:21.2078588Z   git switch -
2025-02-28T15:25:21.2078777Z 
2025-02-28T15:25:21.2079348Z Turn off this advice by setting config variable advice.detachedHead to false
2025-02-28T15:25:21.2079841Z 
2025-02-28T15:25:21.2080439Z HEAD is now at 68266e24a Merge ee512b602a87bb9213021e3ceab7c75b22852c2d into 39458b6f220cd2eeafe9dcf5d470bd504914850a
2025-02-28T15:25:21.2094132Z ##[endgroup]
2025-02-28T15:25:21.2141990Z [command]/usr/bin/git log -1 --format=%H
2025-02-28T15:25:21.2171797Z 68266e24a68fb42fbbeefb9a1fc4181dfda30fbe
2025-02-28T15:25:21.2412895Z ##[group]Run actions/setup-python@v5.4.0
2025-02-28T15:25:21.2413222Z with:
2025-02-28T15:25:21.2413408Z   python-version: 3.10
2025-02-28T15:25:21.2413623Z   allow-prereleases: true
2025-02-28T15:25:21.2413840Z   check-latest: false
2025-02-28T15:25:21.2414147Z   token: ***
2025-02-28T15:25:21.2414345Z   update-environment: true
2025-02-28T15:25:21.2414558Z env:
2025-02-28T15:25:21.2414726Z   min_python_version: 3.9
2025-02-28T15:25:21.2414939Z   max_python_version: 3.12
2025-02-28T15:25:21.2415138Z   FORCE_COLOR: 1
2025-02-28T15:25:21.2415317Z ##[endgroup]
2025-02-28T15:25:21.4189916Z ##[group]Installed versions
2025-02-28T15:25:21.4254100Z Successfully set up CPython (3.10.16)
2025-02-28T15:25:21.4254918Z ##[endgroup]
2025-02-28T15:25:21.4411067Z ##[group]Run beeware/.github/.github/actions/install-requirement@main
2025-02-28T15:25:21.4411660Z with:
2025-02-28T15:25:21.4412053Z   requirements: tox
2025-02-28T15:25:21.4412245Z   extra: dev
2025-02-28T15:25:21.4412435Z   project-root: travertino
2025-02-28T15:25:21.4412660Z   workflow-repo: beeware/.github
2025-02-28T15:25:21.4412882Z env:
2025-02-28T15:25:21.4413052Z   min_python_version: 3.9
2025-02-28T15:25:21.4413259Z   max_python_version: 3.12
2025-02-28T15:25:21.4413455Z   FORCE_COLOR: 1
2025-02-28T15:25:21.4413699Z   pythonLocation: /opt/hostedtoolcache/Python/3.10.16/x64
2025-02-28T15:25:21.4414127Z   PKG_CONFIG_PATH: /opt/hostedtoolcache/Python/3.10.16/x64/lib/pkgconfig
2025-02-28T15:25:21.4414515Z   Python_ROOT_DIR: /opt/hostedtoolcache/Python/3.10.16/x64
2025-02-28T15:25:21.4414863Z   Python2_ROOT_DIR: /opt/hostedtoolcache/Python/3.10.16/x64
2025-02-28T15:25:21.4415206Z   Python3_ROOT_DIR: /opt/hostedtoolcache/Python/3.10.16/x64
2025-02-28T15:25:21.4415575Z   LD_LIBRARY_PATH: /opt/hostedtoolcache/Python/3.10.16/x64/lib
2025-02-28T15:25:21.4415868Z ##[endgroup]
2025-02-28T15:25:21.4575788Z ##[group]Run actions/checkout@v4.1.6
2025-02-28T15:25:21.4576219Z with:
2025-02-28T15:25:21.4576537Z   repository: beeware/.github
2025-02-28T15:25:21.4576944Z   path: .github-beeware
2025-02-28T15:25:21.4577483Z   token: ***
2025-02-28T15:25:21.4577775Z   ssh-strict: true
2025-02-28T15:25:21.4578075Z   ssh-user: git
2025-02-28T15:25:21.4578281Z   persist-credentials: true
2025-02-28T15:25:21.4578569Z   clean: true
2025-02-28T15:25:21.4578772Z   sparse-checkout-cone-mode: true
2025-02-28T15:25:21.4579007Z   fetch-depth: 1
2025-02-28T15:25:21.4579195Z   fetch-tags: false
2025-02-28T15:25:21.4579393Z   show-progress: true
2025-02-28T15:25:21.4579593Z   lfs: false
2025-02-28T15:25:21.4579763Z   submodules: false
2025-02-28T15:25:21.4579958Z   set-safe-directory: true
2025-02-28T15:25:21.4580173Z env:
2025-02-28T15:25:21.4580390Z   min_python_version: 3.9
2025-02-28T15:25:21.4580615Z   max_python_version: 3.12
2025-02-28T15:25:21.4580812Z   FORCE_COLOR: 1
2025-02-28T15:25:21.4581074Z   pythonLocation: /opt/hostedtoolcache/Python/3.10.16/x64
2025-02-28T15:25:21.4581722Z   PKG_CONFIG_PATH: /opt/hostedtoolcache/Python/3.10.16/x64/lib/pkgconfig
2025-02-28T15:25:21.4582135Z   Python_ROOT_DIR: /opt/hostedtoolcache/Python/3.10.16/x64
2025-02-28T15:25:21.4582483Z   Python2_ROOT_DIR: /opt/hostedtoolcache/Python/3.10.16/x64
2025-02-28T15:25:21.4582831Z   Python3_ROOT_DIR: /opt/hostedtoolcache/Python/3.10.16/x64
2025-02-28T15:25:21.4583170Z   LD_LIBRARY_PATH: /opt/hostedtoolcache/Python/3.10.16/x64/lib
2025-02-28T15:25:21.4583464Z ##[endgroup]
2025-02-28T15:25:21.5567832Z Syncing repository: beeware/.github
2025-02-28T15:25:21.5573976Z ##[group]Getting Git version info
2025-02-28T15:25:21.5574691Z Working directory is '/home/runner/work/toga/toga/.github-beeware'
2025-02-28T15:25:21.5628834Z [command]/usr/bin/git version
2025-02-28T15:25:21.5669371Z git version 2.48.1
2025-02-28T15:25:21.5696055Z ##[endgroup]
2025-02-28T15:25:21.5709974Z Temporarily overriding HOME='/home/runner/work/_temp/0aef4a37-115d-4d63-8d8e-2bed55e0ff45' before making global git config changes
2025-02-28T15:25:21.5715248Z Adding repository directory to the temporary git global config as a safe directory
2025-02-28T15:25:21.5716207Z [command]/usr/bin/git config --global --add safe.directory /home/runner/work/toga/toga/.github-beeware
2025-02-28T15:25:21.5749226Z ##[group]Initializing the repository
2025-02-28T15:25:21.5754272Z [command]/usr/bin/git init /home/runner/work/toga/toga/.github-beeware
2025-02-28T15:25:21.5790460Z hint: Using 'master' as the name for the initial branch. This default branch name
2025-02-28T15:25:21.5791666Z hint: is subject to change. To configure the initial branch name to use in all
2025-02-28T15:25:21.5792555Z hint: of your new repositories, which will suppress this warning, call:
2025-02-28T15:25:21.5793139Z hint:
2025-02-28T15:25:21.5793545Z hint: 	git config --global init.defaultBranch <name>
2025-02-28T15:25:21.5794503Z hint:
2025-02-28T15:25:21.5795135Z hint: Names commonly chosen instead of 'master' are 'main', 'trunk' and
2025-02-28T15:25:21.5796304Z hint: 'development'. The just-created branch can be renamed via this command:
2025-02-28T15:25:21.5796972Z hint:
2025-02-28T15:25:21.5797303Z hint: 	git branch -m <name>
2025-02-28T15:25:21.5798029Z Initialized empty Git repository in /home/runner/work/toga/toga/.github-beeware/.git/
2025-02-28T15:25:21.5805774Z [command]/usr/bin/git remote add origin https://github.com/beeware/.github
2025-02-28T15:25:21.5842436Z ##[endgroup]
2025-02-28T15:25:21.5842817Z ##[group]Disabling automatic garbage collection
2025-02-28T15:25:21.5849025Z [command]/usr/bin/git config --local gc.auto 0
2025-02-28T15:25:21.5883429Z ##[endgroup]
2025-02-28T15:25:21.5883807Z ##[group]Setting up auth
2025-02-28T15:25:21.5891875Z [command]/usr/bin/git config --local --name-only --get-regexp core\.sshCommand
2025-02-28T15:25:21.5926947Z [command]/usr/bin/git submodule foreach --recursive sh -c "git config --local --name-only --get-regexp 'core\.sshCommand' && git config --local --unset-all 'core.sshCommand' || :"
2025-02-28T15:25:21.6179285Z [command]/usr/bin/git config --local --name-only --get-regexp http\.https\:\/\/github\.com\/\.extraheader
2025-02-28T15:25:21.6213371Z [command]/usr/bin/git submodule foreach --recursive sh -c "git config --local --name-only --get-regexp 'http\.https\:\/\/github\.com\/\.extraheader' && git config --local --unset-all 'http.https://github.com/.extraheader' || :"
2025-02-28T15:25:21.6475446Z [command]/usr/bin/git config --local http.https://github.com/.extraheader AUTHORIZATION: basic ***
2025-02-28T15:25:21.6519069Z ##[endgroup]
2025-02-28T15:25:21.6519619Z ##[group]Determining the default branch
2025-02-28T15:25:21.6523276Z Retrieving the default branch name
2025-02-28T15:25:22.0367146Z Default branch 'main'
2025-02-28T15:25:22.0369447Z ##[endgroup]
2025-02-28T15:25:22.0370046Z ##[group]Fetching the repository
2025-02-28T15:25:22.0375653Z [command]/usr/bin/git -c protocol.version=2 fetch --no-tags --prune --no-recurse-submodules --depth=1 origin +refs/heads/main:refs/remotes/origin/main
2025-02-28T15:25:22.6115265Z From https://github.com/beeware/.github
2025-02-28T15:25:22.6116385Z  * [new branch]      main       -> origin/main
2025-02-28T15:25:22.6146411Z ##[endgroup]
2025-02-28T15:25:22.6147031Z ##[group]Determining the checkout info
2025-02-28T15:25:22.6148077Z ##[endgroup]
2025-02-28T15:25:22.6154199Z [command]/usr/bin/git sparse-checkout disable
2025-02-28T15:25:22.6200286Z [command]/usr/bin/git config --local --unset-all extensions.worktreeConfig
2025-02-28T15:25:22.6239665Z ##[group]Checking out the ref
2025-02-28T15:25:22.6247431Z [command]/usr/bin/git checkout --progress --force -B main refs/remotes/origin/main
2025-02-28T15:25:22.6327111Z Switched to a new branch 'main'
2025-02-28T15:25:22.6328438Z branch 'main' set up to track 'origin/main'.
2025-02-28T15:25:22.6337162Z ##[endgroup]
2025-02-28T15:25:22.6391720Z [command]/usr/bin/git log -1 --format='%H'
2025-02-28T15:25:22.6423354Z 'a66b93162808d34adf5280c28104b75f8e0d70d3'
2025-02-28T15:25:22.6577248Z ##[group]Run echo "project-root=$(cd "travertino"; pwd -P)" | tee -a ${GITHUB_OUTPUT}
2025-02-28T15:25:22.6577854Z [36;1mecho "project-root=$(cd "travertino"; pwd -P)" | tee -a ${GITHUB_OUTPUT}[0m
2025-02-28T15:25:22.6629067Z shell: /usr/bin/bash --noprofile --norc -e -o pipefail {0}
2025-02-28T15:25:22.6629404Z env:
2025-02-28T15:25:22.6629587Z   min_python_version: 3.9
2025-02-28T15:25:22.6629801Z   max_python_version: 3.12
2025-02-28T15:25:22.6630011Z   FORCE_COLOR: 1
2025-02-28T15:25:22.6630265Z   pythonLocation: /opt/hostedtoolcache/Python/3.10.16/x64
2025-02-28T15:25:22.6630679Z   PKG_CONFIG_PATH: /opt/hostedtoolcache/Python/3.10.16/x64/lib/pkgconfig
2025-02-28T15:25:22.6631070Z   Python_ROOT_DIR: /opt/hostedtoolcache/Python/3.10.16/x64
2025-02-28T15:25:22.6631611Z   Python2_ROOT_DIR: /opt/hostedtoolcache/Python/3.10.16/x64
2025-02-28T15:25:22.6632246Z   Python3_ROOT_DIR: /opt/hostedtoolcache/Python/3.10.16/x64
2025-02-28T15:25:22.6632614Z   LD_LIBRARY_PATH: /opt/hostedtoolcache/Python/3.10.16/x64/lib
2025-02-28T15:25:22.6632906Z ##[endgroup]
2025-02-28T15:25:22.6739394Z project-root=/home/runner/work/toga/toga/travertino
2025-02-28T15:25:22.6784608Z ##[group]Run python -m pip install --upgrade pip
2025-02-28T15:25:22.6784970Z [36;1mpython -m pip install --upgrade pip[0m
2025-02-28T15:25:22.6785315Z [36;1mpython -m pip install --upgrade setuptools build wheel[0m
2025-02-28T15:25:22.6832196Z shell: /usr/bin/bash --noprofile --norc -e -o pipefail {0}
2025-02-28T15:25:22.6832524Z env:
2025-02-28T15:25:22.6832707Z   min_python_version: 3.9
2025-02-28T15:25:22.6832946Z   max_python_version: 3.12
2025-02-28T15:25:22.6833157Z   FORCE_COLOR: 1
2025-02-28T15:25:22.6833416Z   pythonLocation: /opt/hostedtoolcache/Python/3.10.16/x64
2025-02-28T15:25:22.6833829Z   PKG_CONFIG_PATH: /opt/hostedtoolcache/Python/3.10.16/x64/lib/pkgconfig
2025-02-28T15:25:22.6834243Z   Python_ROOT_DIR: /opt/hostedtoolcache/Python/3.10.16/x64
2025-02-28T15:25:22.6834604Z   Python2_ROOT_DIR: /opt/hostedtoolcache/Python/3.10.16/x64
2025-02-28T15:25:22.6834951Z   Python3_ROOT_DIR: /opt/hostedtoolcache/Python/3.10.16/x64
2025-02-28T15:25:22.6835316Z   LD_LIBRARY_PATH: /opt/hostedtoolcache/Python/3.10.16/x64/lib
2025-02-28T15:25:22.6835607Z ##[endgroup]
2025-02-28T15:25:24.9220266Z Requirement already satisfied: pip in /opt/hostedtoolcache/Python/3.10.16/x64/lib/python3.10/site-packages (25.0.1)
2025-02-28T15:25:26.1005541Z Requirement already satisfied: setuptools in /opt/hostedtoolcache/Python/3.10.16/x64/lib/python3.10/site-packages (65.5.0)
2025-02-28T15:25:26.3152180Z Collecting setuptools
2025-02-28T15:25:26.3721823Z   Downloading setuptools-75.8.2-py3-none-any.whl.metadata (6.7 kB)
2025-02-28T15:25:26.4087121Z Collecting build
2025-02-28T15:25:26.4194184Z   Downloading build-1.2.2.post1-py3-none-any.whl.metadata (6.5 kB)
2025-02-28T15:25:26.4560555Z Collecting wheel
2025-02-28T15:25:26.4667017Z   Downloading wheel-0.45.1-py3-none-any.whl.metadata (2.3 kB)
2025-02-28T15:25:26.4944152Z Collecting packaging>=19.1 (from build)
2025-02-28T15:25:26.5052273Z   Downloading packaging-24.2-py3-none-any.whl.metadata (3.2 kB)
2025-02-28T15:25:26.5231756Z Collecting pyproject_hooks (from build)
2025-02-28T15:25:26.5339829Z   Downloading pyproject_hooks-1.2.0-py3-none-any.whl.metadata (1.3 kB)
2025-02-28T15:25:26.5578770Z Collecting tomli>=1.1.0 (from build)
2025-02-28T15:25:26.5686156Z   Downloading tomli-2.2.1-py3-none-any.whl.metadata (10 kB)
2025-02-28T15:25:26.5850128Z Downloading setuptools-75.8.2-py3-none-any.whl (1.2 MB)
2025-02-28T15:25:26.6366702Z [?25l   [90m━━━━━━━━━━━━━━━━━━━━━━━━━━━━━━━━━━━━━━━━[0m [32m0.0/1.2 MB[0m [31m?[0m eta [36m-:--:--[0m
2025-02-28T15:25:26.6367569Z [2K   [90m━━━━━━━━━━━━━━━━━━━━━━━━━━━━━━━━━━━━━━━━[0m [32m1.2/1.2 MB[0m [31m43.2 MB/s[0m eta [36m0:00:00[0m
2025-02-28T15:25:26.6476424Z [?25hDownloading build-1.2.2.post1-py3-none-any.whl (22 kB)
2025-02-28T15:25:26.6612944Z Downloading wheel-0.45.1-py3-none-any.whl (72 kB)
2025-02-28T15:25:26.6750681Z Downloading packaging-24.2-py3-none-any.whl (65 kB)
2025-02-28T15:25:26.6887150Z Downloading tomli-2.2.1-py3-none-any.whl (14 kB)
2025-02-28T15:25:26.7026094Z Downloading pyproject_hooks-1.2.0-py3-none-any.whl (10 kB)
2025-02-28T15:25:26.7587661Z Installing collected packages: wheel, tomli, setuptools, pyproject_hooks, packaging, build
2025-02-28T15:25:26.8145492Z   Attempting uninstall: setuptools
2025-02-28T15:25:26.8152658Z     Found existing installation: setuptools 65.5.0
2025-02-28T15:25:26.8386829Z     Uninstalling setuptools-65.5.0:
2025-02-28T15:25:26.8497249Z       Successfully uninstalled setuptools-65.5.0
2025-02-28T15:25:27.6529688Z Successfully installed build-1.2.2.post1 packaging-24.2 pyproject_hooks-1.2.0 setuptools-75.8.2 tomli-2.2.1 wheel-0.45.1
2025-02-28T15:25:27.7513879Z ##[group]Run python -m install_requirement tox \
2025-02-28T15:25:27.7514234Z [36;1mpython -m install_requirement tox \[0m
2025-02-28T15:25:27.7514693Z [36;1m  --extra "dev" \[0m
2025-02-28T15:25:27.7515047Z [36;1m  --project-root "$(printf -- "%q" "/home/runner/work/toga/toga/travertino")"[0m
2025-02-28T15:25:27.7563135Z shell: /usr/bin/bash --noprofile --norc -e -o pipefail {0}
2025-02-28T15:25:27.7563466Z env:
2025-02-28T15:25:27.7563647Z   min_python_version: 3.9
2025-02-28T15:25:27.7563872Z   max_python_version: 3.12
2025-02-28T15:25:27.7564088Z   FORCE_COLOR: 1
2025-02-28T15:25:27.7564340Z   pythonLocation: /opt/hostedtoolcache/Python/3.10.16/x64
2025-02-28T15:25:27.7564767Z   PKG_CONFIG_PATH: /opt/hostedtoolcache/Python/3.10.16/x64/lib/pkgconfig
2025-02-28T15:25:27.7565181Z   Python_ROOT_DIR: /opt/hostedtoolcache/Python/3.10.16/x64
2025-02-28T15:25:27.7565547Z   Python2_ROOT_DIR: /opt/hostedtoolcache/Python/3.10.16/x64
2025-02-28T15:25:27.7565917Z   Python3_ROOT_DIR: /opt/hostedtoolcache/Python/3.10.16/x64
2025-02-28T15:25:27.7566279Z   LD_LIBRARY_PATH: /opt/hostedtoolcache/Python/3.10.16/x64/lib
2025-02-28T15:25:27.7566579Z ##[endgroup]
2025-02-28T15:25:28.1726554Z Installing tox==4.24.1...
2025-02-28T15:25:29.1475327Z Collecting tox==4.24.1
2025-02-28T15:25:29.2190386Z   Downloading tox-4.24.1-py3-none-any.whl.metadata (3.7 kB)
2025-02-28T15:25:29.2482663Z Collecting cachetools>=5.5 (from tox==4.24.1)
2025-02-28T15:25:29.2592790Z   Downloading cachetools-5.5.2-py3-none-any.whl.metadata (5.4 kB)
2025-02-28T15:25:29.2831226Z Collecting chardet>=5.2 (from tox==4.24.1)
2025-02-28T15:25:29.2940444Z   Downloading chardet-5.2.0-py3-none-any.whl.metadata (3.4 kB)
2025-02-28T15:25:29.3222786Z Collecting colorama>=0.4.6 (from tox==4.24.1)
2025-02-28T15:25:29.3330007Z   Downloading colorama-0.4.6-py2.py3-none-any.whl.metadata (17 kB)
2025-02-28T15:25:29.3635504Z Collecting filelock>=3.16.1 (from tox==4.24.1)
2025-02-28T15:25:29.3747375Z   Downloading filelock-3.17.0-py3-none-any.whl.metadata (2.9 kB)
2025-02-28T15:25:29.3812498Z Requirement already satisfied: packaging>=24.2 in /opt/hostedtoolcache/Python/3.10.16/x64/lib/python3.10/site-packages (from tox==4.24.1) (24.2)
2025-02-28T15:25:29.4043298Z Collecting platformdirs>=4.3.6 (from tox==4.24.1)
2025-02-28T15:25:29.4206579Z   Downloading platformdirs-4.3.6-py3-none-any.whl.metadata (11 kB)
2025-02-28T15:25:29.4456585Z Collecting pluggy>=1.5 (from tox==4.24.1)
2025-02-28T15:25:29.4575382Z   Downloading pluggy-1.5.0-py3-none-any.whl.metadata (4.8 kB)
2025-02-28T15:25:29.4813172Z Collecting pyproject-api>=1.8 (from tox==4.24.1)
2025-02-28T15:25:29.4925259Z   Downloading pyproject_api-1.9.0-py3-none-any.whl.metadata (2.7 kB)
2025-02-28T15:25:29.4984120Z Requirement already satisfied: tomli>=2.1 in /opt/hostedtoolcache/Python/3.10.16/x64/lib/python3.10/site-packages (from tox==4.24.1) (2.2.1)
2025-02-28T15:25:29.5206441Z Collecting typing-extensions>=4.12.2 (from tox==4.24.1)
2025-02-28T15:25:29.5314271Z   Downloading typing_extensions-4.12.2-py3-none-any.whl.metadata (3.0 kB)
2025-02-28T15:25:29.5837460Z Collecting virtualenv>=20.27.1 (from tox==4.24.1)
2025-02-28T15:25:29.5945446Z   Downloading virtualenv-20.29.2-py3-none-any.whl.metadata (4.5 kB)
2025-02-28T15:25:29.6286005Z Collecting distlib<1,>=0.3.7 (from virtualenv>=20.27.1->tox==4.24.1)
2025-02-28T15:25:29.6391876Z   Downloading distlib-0.3.9-py2.py3-none-any.whl.metadata (5.2 kB)
2025-02-28T15:25:29.6659519Z Downloading tox-4.24.1-py3-none-any.whl (171 kB)
2025-02-28T15:25:29.6982863Z Downloading cachetools-5.5.2-py3-none-any.whl (10 kB)
2025-02-28T15:25:29.7117364Z Downloading chardet-5.2.0-py3-none-any.whl (199 kB)
2025-02-28T15:25:29.7285958Z Downloading colorama-0.4.6-py2.py3-none-any.whl (25 kB)
2025-02-28T15:25:29.7416966Z Downloading filelock-3.17.0-py3-none-any.whl (16 kB)
2025-02-28T15:25:29.7548155Z Downloading platformdirs-4.3.6-py3-none-any.whl (18 kB)
2025-02-28T15:25:29.7692502Z Downloading pluggy-1.5.0-py3-none-any.whl (20 kB)
2025-02-28T15:25:29.7826242Z Downloading pyproject_api-1.9.0-py3-none-any.whl (13 kB)
2025-02-28T15:25:29.7965074Z Downloading typing_extensions-4.12.2-py3-none-any.whl (37 kB)
2025-02-28T15:25:29.8103448Z Downloading virtualenv-20.29.2-py3-none-any.whl (4.3 MB)
2025-02-28T15:25:29.8666989Z [?25l   [90m━━━━━━━━━━━━━━━━━━━━━━━━━━━━━━━━━━━━━━━━[0m [32m0.0/4.3 MB[0m [31m?[0m eta [36m-:--:--[0m
2025-02-28T15:25:29.8668161Z [2K   [90m━━━━━━━━━━━━━━━━━━━━━━━━━━━━━━━━━━━━━━━━[0m [32m4.3/4.3 MB[0m [31m78.8 MB/s[0m eta [36m0:00:00[0m
2025-02-28T15:25:29.8779514Z [?25hDownloading distlib-0.3.9-py2.py3-none-any.whl (468 kB)
2025-02-28T15:25:29.9440519Z Installing collected packages: distlib, typing-extensions, pyproject-api, pluggy, platformdirs, filelock, colorama, chardet, cachetools, virtualenv, tox
2025-02-28T15:25:30.5739259Z Successfully installed cachetools-5.5.2 chardet-5.2.0 colorama-0.4.6 distlib-0.3.9 filelock-3.17.0 platformdirs-4.3.6 pluggy-1.5.0 pyproject-api-1.9.0 tox-4.24.1 typing-extensions-4.12.2 virtualenv-20.29.2
2025-02-28T15:25:30.6797576Z 
2025-02-28T15:25:30.6798068Z Successfully installed:
2025-02-28T15:25:30.6798401Z  tox==4.24.1
2025-02-28T15:25:30.6960668Z ##[group]Run actions/download-artifact@v4.1.8
2025-02-28T15:25:30.6960981Z with:
2025-02-28T15:25:30.6961173Z   pattern: Packages-toga-*
2025-02-28T15:25:30.6961727Z   merge-multiple: true
2025-02-28T15:25:30.6962001Z   path: dist
2025-02-28T15:25:30.6962194Z   repository: beeware/toga
2025-02-28T15:25:30.6962411Z   run-id: 13591189051
2025-02-28T15:25:30.6962592Z env:
2025-02-28T15:25:30.6962761Z   min_python_version: 3.9
2025-02-28T15:25:30.6962974Z   max_python_version: 3.12
2025-02-28T15:25:30.6963175Z   FORCE_COLOR: 1
2025-02-28T15:25:30.6963429Z   pythonLocation: /opt/hostedtoolcache/Python/3.10.16/x64
2025-02-28T15:25:30.6963832Z   PKG_CONFIG_PATH: /opt/hostedtoolcache/Python/3.10.16/x64/lib/pkgconfig
2025-02-28T15:25:30.6964226Z   Python_ROOT_DIR: /opt/hostedtoolcache/Python/3.10.16/x64
2025-02-28T15:25:30.6964579Z   Python2_ROOT_DIR: /opt/hostedtoolcache/Python/3.10.16/x64
2025-02-28T15:25:30.6964926Z   Python3_ROOT_DIR: /opt/hostedtoolcache/Python/3.10.16/x64
2025-02-28T15:25:30.6965323Z   LD_LIBRARY_PATH: /opt/hostedtoolcache/Python/3.10.16/x64/lib
2025-02-28T15:25:30.6965615Z ##[endgroup]
2025-02-28T15:25:31.1842744Z Found 36 artifact(s)
2025-02-28T15:25:31.1843886Z Filtering artifacts by pattern 'Packages-toga-*'
2025-02-28T15:25:31.1864942Z Preparing to download the following artifacts:
2025-02-28T15:25:31.1865624Z - Packages-toga-winforms (ID: 2671287482, Size: 912634)
2025-02-28T15:25:31.1866268Z - Packages-toga-dummy (ID: 2671286695, Size: 148605)
2025-02-28T15:25:31.1866870Z - Packages-toga-core (ID: 2671286668, Size: 1154108)
2025-02-28T15:25:31.1867463Z - Packages-toga-iOS (ID: 2671286641, Size: 872393)
2025-02-28T15:25:31.1868028Z - Packages-toga-demo (ID: 2671286618, Size: 1242392)
2025-02-28T15:25:31.1868617Z - Packages-toga-web (ID: 2671286591, Size: 34849)
2025-02-28T15:25:31.1869190Z - Packages-toga-cocoa (ID: 2671286553, Size: 929372)
2025-02-28T15:25:31.1869756Z - Packages-toga-gtk (ID: 2671286494, Size: 142140)
2025-02-28T15:25:31.1870367Z - Packages-toga-travertino (ID: 2671286454, Size: 62313)
2025-02-28T15:25:31.1870985Z - Packages-toga-android (ID: 2671286345, Size: 138242)
2025-02-28T15:25:31.1871886Z - Packages-toga-toga (ID: 2671286304, Size: 7265)
2025-02-28T15:25:31.1872500Z - Packages-toga-textual (ID: 2671286253, Size: 32043)
2025-02-28T15:25:31.3485039Z Redirecting to blob download url: https://productionresultssa15.blob.core.windows.net/actions-results/2833d74d-b108-4855-a138-f9cc692c54c9/workflow-job-run-3124742b-843a-5b41-b426-aef8afedb9f7/artifacts/442c3fefacaa5f4a317396d7241d3673a3eab28c29b7e651a0b97534d592e35d.zip
2025-02-28T15:25:31.3488052Z Starting download of artifact to: /home/runner/work/toga/toga/dist
2025-02-28T15:25:31.4836589Z Redirecting to blob download url: https://productionresultssa15.blob.core.windows.net/actions-results/2833d74d-b108-4855-a138-f9cc692c54c9/workflow-job-run-832e8880-3eb6-5d89-0c04-ef547b46a59e/artifacts/dd722970e727682fe8f4f464e3511dbda02932b6586e5f2f8ac9f8f11f50cdc9.zip
2025-02-28T15:25:31.4840490Z Starting download of artifact to: /home/runner/work/toga/toga/dist
2025-02-28T15:25:31.4854413Z Redirecting to blob download url: https://productionresultssa15.blob.core.windows.net/actions-results/2833d74d-b108-4855-a138-f9cc692c54c9/workflow-job-run-98be74ae-5157-5c81-b7d0-b2ef5821a81e/artifacts/6e0cae3735cba3d010b2e4c6917aa1f2ffe72638fbddcfcf5e7d00e456e64178.zip
2025-02-28T15:25:31.4857318Z Starting download of artifact to: /home/runner/work/toga/toga/dist
2025-02-28T15:25:31.4866045Z Redirecting to blob download url: https://productionresultssa15.blob.core.windows.net/actions-results/2833d74d-b108-4855-a138-f9cc692c54c9/workflow-job-run-18bbcbc6-8763-5d15-2620-0ac883eea9b0/artifacts/42ca5e4547811af7883a91d6c65b481266e15c0cdc8d243ec9aae2b558253c02.zip
2025-02-28T15:25:31.4867842Z Starting download of artifact to: /home/runner/work/toga/toga/dist
2025-02-28T15:25:31.4879240Z Redirecting to blob download url: https://productionresultssa15.blob.core.windows.net/actions-results/2833d74d-b108-4855-a138-f9cc692c54c9/workflow-job-run-f1ed5179-285b-5126-8d3b-2df284d1f11c/artifacts/a55c024fa54bd7854415e2c7edfeb2c5046af07e859f8da7b852b08eadc84e2a.zip
2025-02-28T15:25:31.4881219Z Starting download of artifact to: /home/runner/work/toga/toga/dist
2025-02-28T15:25:31.4889637Z Redirecting to blob download url: https://productionresultssa15.blob.core.windows.net/actions-results/2833d74d-b108-4855-a138-f9cc692c54c9/workflow-job-run-866e389a-a1a0-5c67-a00f-72c22223abfe/artifacts/b4bca85baf5c112d5a88797759fe2e27b3de49b97e7268608199152765d6405a.zip
2025-02-28T15:25:31.4891768Z Starting download of artifact to: /home/runner/work/toga/toga/dist
2025-02-28T15:25:31.5000239Z Redirecting to blob download url: https://productionresultssa15.blob.core.windows.net/actions-results/2833d74d-b108-4855-a138-f9cc692c54c9/workflow-job-run-46aa3184-e851-51af-58d5-831072cd673f/artifacts/485660db63ec446c9f562cc6bdf49c64bf27c37a329b95a30a2467812096f020.zip
2025-02-28T15:25:31.5002548Z Starting download of artifact to: /home/runner/work/toga/toga/dist
2025-02-28T15:25:31.5017244Z Redirecting to blob download url: https://productionresultssa15.blob.core.windows.net/actions-results/2833d74d-b108-4855-a138-f9cc692c54c9/workflow-job-run-c851c84b-57ed-5071-9878-2279ccd891b8/artifacts/5eb57499beb40f05e15583bbf1c077df75bc75fa11156590733b79c2f9774e5a.zip
2025-02-28T15:25:31.5019410Z Starting download of artifact to: /home/runner/work/toga/toga/dist
2025-02-28T15:25:31.5036980Z Redirecting to blob download url: https://productionresultssa15.blob.core.windows.net/actions-results/2833d74d-b108-4855-a138-f9cc692c54c9/workflow-job-run-e2a6fa47-47a3-5188-27fb-56f4e71042c8/artifacts/5425332638acb926f3e0f42935440601f1f6cf4c943281c5f8b926bd1948bc25.zip
2025-02-28T15:25:31.5038533Z Starting download of artifact to: /home/runner/work/toga/toga/dist
2025-02-28T15:25:31.5184009Z Redirecting to blob download url: https://productionresultssa15.blob.core.windows.net/actions-results/2833d74d-b108-4855-a138-f9cc692c54c9/workflow-job-run-996a8579-f179-559d-4190-0dfa80ff20d7/artifacts/78e64f25892d1e62a7fba16b04b2d38f38656067df6d708afd5432245debf794.zip
2025-02-28T15:25:31.5186198Z Starting download of artifact to: /home/runner/work/toga/toga/dist
2025-02-28T15:25:31.5198465Z Redirecting to blob download url: https://productionresultssa15.blob.core.windows.net/actions-results/2833d74d-b108-4855-a138-f9cc692c54c9/workflow-job-run-137efbf3-bb9f-5901-016f-a9ca027ec083/artifacts/3f2c1a4e1441705d00c0abbd5f3913c6b215c2d9365be6ffa9fcc342e7742def.zip
2025-02-28T15:25:31.5200689Z Starting download of artifact to: /home/runner/work/toga/toga/dist
2025-02-28T15:25:31.5251692Z Redirecting to blob download url: https://productionresultssa15.blob.core.windows.net/actions-results/2833d74d-b108-4855-a138-f9cc692c54c9/workflow-job-run-7815ca6b-1b41-513e-fbe7-8eccb083611a/artifacts/1660c57eb65463a413672e3e25e0e2a0d8c8794547115554b39228f20230f22e.zip
2025-02-28T15:25:31.5252895Z Starting download of artifact to: /home/runner/work/toga/toga/dist
2025-02-28T15:25:31.5866536Z (node:2013) [DEP0005] DeprecationWarning: Buffer() is deprecated due to security and usability issues. Please use the Buffer.alloc(), Buffer.allocUnsafe(), or Buffer.from() methods instead.
2025-02-28T15:25:31.5867905Z (Use `node --trace-deprecation ...` to show where the warning was created)
2025-02-28T15:25:31.7232670Z Artifact download completed successfully.
2025-02-28T15:25:31.7656294Z Artifact download completed successfully.
2025-02-28T15:25:31.7876597Z Artifact download completed successfully.
2025-02-28T15:25:31.8129017Z Artifact download completed successfully.
2025-02-28T15:25:31.8686897Z Artifact download completed successfully.
2025-02-28T15:25:31.8710827Z Artifact download completed successfully.
2025-02-28T15:25:31.9085169Z Artifact download completed successfully.
2025-02-28T15:25:31.9238566Z Artifact download completed successfully.
2025-02-28T15:25:32.0411575Z Artifact download completed successfully.
2025-02-28T15:25:32.1046405Z Artifact download completed successfully.
2025-02-28T15:25:32.1204660Z Artifact download completed successfully.
2025-02-28T15:25:32.1628005Z Artifact download completed successfully.
2025-02-28T15:25:32.1628623Z Total of 12 artifact(s) downloaded
2025-02-28T15:25:32.1635476Z Download artifact has finished successfully
2025-02-28T15:25:32.1768702Z ##[group]Run # The $(ls ...) shell expansion is done in the Github environment; the value of
2025-02-28T15:25:32.1769287Z [36;1m# The $(ls ...) shell expansion is done in the Github environment; the value of[0m
2025-02-28T15:25:32.1769773Z [36;1m# TOGA_INSTALL_COMMAND will be a literal string without any shell expansions to[0m
2025-02-28T15:25:32.1770303Z [36;1m# perform. We don't *explicitly* install the Travertino wheel; we provide the[0m
2025-02-28T15:25:32.1770766Z [36;1m# dist dir as a source of wheels, and rely on pip to resolve the explicit[0m
2025-02-28T15:25:32.1771168Z [36;1m# version match to the Travertino wheel in that folder.[0m
2025-02-28T15:25:32.1772089Z [36;1mexport TOGA_INSTALL_COMMAND="python -m pip install --find-links ../dist ../$(ls dist/toga_core-*.whl)[dev] ../$(ls dist/toga_dummy-*.whl)"[0m
2025-02-28T15:25:32.1772630Z [36;1mtox -e py-cov-trav[0m
2025-02-28T15:25:32.1772924Z [36;1mtox -qe coverage$(tr -dc "0-9" <<< "3.10")-trav[0m
2025-02-28T15:25:32.1773370Z [36;1mmv travertino/.coverage travertino/.coverage.ubuntu-latest.3.10[0m
2025-02-28T15:25:32.1822896Z shell: /usr/bin/bash --noprofile --norc -e -o pipefail {0}
2025-02-28T15:25:32.1823230Z env:
2025-02-28T15:25:32.1823416Z   min_python_version: 3.9
2025-02-28T15:25:32.1823678Z   max_python_version: 3.12
2025-02-28T15:25:32.1823889Z   FORCE_COLOR: 1
2025-02-28T15:25:32.1824141Z   pythonLocation: /opt/hostedtoolcache/Python/3.10.16/x64
2025-02-28T15:25:32.1824552Z   PKG_CONFIG_PATH: /opt/hostedtoolcache/Python/3.10.16/x64/lib/pkgconfig
2025-02-28T15:25:32.1824937Z   Python_ROOT_DIR: /opt/hostedtoolcache/Python/3.10.16/x64
2025-02-28T15:25:32.1825280Z   Python2_ROOT_DIR: /opt/hostedtoolcache/Python/3.10.16/x64
2025-02-28T15:25:32.1825631Z   Python3_ROOT_DIR: /opt/hostedtoolcache/Python/3.10.16/x64
2025-02-28T15:25:32.1825982Z   LD_LIBRARY_PATH: /opt/hostedtoolcache/Python/3.10.16/x64/lib
2025-02-28T15:25:32.1826276Z ##[endgroup]
2025-02-28T15:25:33.0814450Z [1m[35mpy-cov-trav:[0m[36m freeze[22m[2m>[0m python -m pip freeze --all[0m
2025-02-28T15:25:33.6364694Z [1m[35mpy-cov-trav:[0m[36m pip==25.0.1,setuptools==75.8.0,wheel==0.45.1[0m
2025-02-28T15:25:33.6382234Z [1m[35mpy-cov-trav:[0m[36m commands[0][22m /home/runner/work/toga/toga/travertino[2m>[0m python -m pip install --find-links ../dist '../dist/toga_core-0.4.9.dev629+g68266e24a-py3-none-any.whl[dev]' ../dist/toga_dummy-0.4.9.dev629+g68266e24a-py3-none-any.whl[0m
2025-02-28T15:25:34.6608940Z Looking in links: ../dist
2025-02-28T15:25:34.6679308Z Processing /home/runner/work/toga/toga/dist/toga_core-0.4.9.dev629+g68266e24a-py3-none-any.whl (from toga-core==0.4.9.dev629+g68266e24a)
2025-02-28T15:25:34.6778501Z Processing /home/runner/work/toga/toga/dist/toga_dummy-0.4.9.dev629+g68266e24a-py3-none-any.whl
2025-02-28T15:25:34.8078171Z Processing /home/runner/work/toga/toga/dist/travertino-0.4.9.dev629+g68266e24a-py3-none-any.whl (from toga-core==0.4.9.dev629+g68266e24a->toga-core==0.4.9.dev629+g68266e24a)
2025-02-28T15:25:35.0994139Z Collecting coverage==7.6.12 (from coverage[toml]==7.6.12; extra == "dev"->toga-core==0.4.9.dev629+g68266e24a->toga-core==0.4.9.dev629+g68266e24a)
2025-02-28T15:25:35.1534299Z   Downloading coverage-7.6.12-cp310-cp310-manylinux_2_5_x86_64.manylinux1_x86_64.manylinux_2_17_x86_64.manylinux2014_x86_64.whl.metadata (8.5 kB)
2025-02-28T15:25:35.2411564Z Collecting coverage-conditional-plugin==0.9.0 (from toga-core==0.4.9.dev629+g68266e24a->toga-core==0.4.9.dev629+g68266e24a)
2025-02-28T15:25:35.2524462Z   Downloading coverage_conditional_plugin-0.9.0-py3-none-any.whl.metadata (6.9 kB)
2025-02-28T15:25:35.4041586Z Collecting Pillow==11.1.0 (from toga-core==0.4.9.dev629+g68266e24a->toga-core==0.4.9.dev629+g68266e24a)
2025-02-28T15:25:35.4149865Z   Downloading pillow-11.1.0-cp310-cp310-manylinux_2_28_x86_64.whl.metadata (9.1 kB)
2025-02-28T15:25:35.4640321Z Collecting pre-commit==4.1.0 (from toga-core==0.4.9.dev629+g68266e24a->toga-core==0.4.9.dev629+g68266e24a)
2025-02-28T15:25:35.4748734Z   Downloading pre_commit-4.1.0-py2.py3-none-any.whl.metadata (1.3 kB)
2025-02-28T15:25:35.5372873Z Collecting pytest==8.3.4 (from toga-core==0.4.9.dev629+g68266e24a->toga-core==0.4.9.dev629+g68266e24a)
2025-02-28T15:25:35.5484500Z   Downloading pytest-8.3.4-py3-none-any.whl.metadata (7.5 kB)
2025-02-28T15:25:35.5777677Z Collecting pytest-asyncio==0.25.3 (from toga-core==0.4.9.dev629+g68266e24a->toga-core==0.4.9.dev629+g68266e24a)
2025-02-28T15:25:35.5890465Z   Downloading pytest_asyncio-0.25.3-py3-none-any.whl.metadata (3.9 kB)
2025-02-28T15:25:35.6100615Z Collecting pytest-freezer==0.4.9 (from toga-core==0.4.9.dev629+g68266e24a->toga-core==0.4.9.dev629+g68266e24a)
2025-02-28T15:25:35.6211172Z   Downloading pytest_freezer-0.4.9-py3-none-any.whl.metadata (2.1 kB)
2025-02-28T15:25:35.6587703Z Collecting setuptools-scm==8.1.0 (from toga-core==0.4.9.dev629+g68266e24a->toga-core==0.4.9.dev629+g68266e24a)
2025-02-28T15:25:35.6729948Z   Downloading setuptools_scm-8.1.0-py3-none-any.whl.metadata (6.6 kB)
2025-02-28T15:25:35.7264554Z Collecting tox==4.24.1 (from toga-core==0.4.9.dev629+g68266e24a->toga-core==0.4.9.dev629+g68266e24a)
2025-02-28T15:25:35.7281865Z   Using cached tox-4.24.1-py3-none-any.whl.metadata (3.7 kB)
2025-02-28T15:25:35.7596713Z Collecting packaging>=20.4 (from coverage-conditional-plugin==0.9.0->toga-core==0.4.9.dev629+g68266e24a->toga-core==0.4.9.dev629+g68266e24a)
2025-02-28T15:25:35.7611624Z   Using cached packaging-24.2-py3-none-any.whl.metadata (3.2 kB)
2025-02-28T15:25:35.7826408Z Collecting tomli (from coverage[toml]==7.6.12; extra == "dev"->toga-core==0.4.9.dev629+g68266e24a->toga-core==0.4.9.dev629+g68266e24a)
2025-02-28T15:25:35.7840677Z   Using cached tomli-2.2.1-py3-none-any.whl.metadata (10 kB)
2025-02-28T15:25:35.8046584Z Collecting cfgv>=2.0.0 (from pre-commit==4.1.0->toga-core==0.4.9.dev629+g68266e24a->toga-core==0.4.9.dev629+g68266e24a)
2025-02-28T15:25:35.8158195Z   Downloading cfgv-3.4.0-py2.py3-none-any.whl.metadata (8.5 kB)
2025-02-28T15:25:35.8668366Z Collecting identify>=1.0.0 (from pre-commit==4.1.0->toga-core==0.4.9.dev629+g68266e24a->toga-core==0.4.9.dev629+g68266e24a)
2025-02-28T15:25:35.8775311Z   Downloading identify-2.6.8-py2.py3-none-any.whl.metadata (4.4 kB)
2025-02-28T15:25:35.9077686Z Collecting nodeenv>=0.11.1 (from pre-commit==4.1.0->toga-core==0.4.9.dev629+g68266e24a->toga-core==0.4.9.dev629+g68266e24a)
2025-02-28T15:25:35.9195094Z   Downloading nodeenv-1.9.1-py2.py3-none-any.whl.metadata (21 kB)
2025-02-28T15:25:35.9609114Z Collecting pyyaml>=5.1 (from pre-commit==4.1.0->toga-core==0.4.9.dev629+g68266e24a->toga-core==0.4.9.dev629+g68266e24a)
2025-02-28T15:25:35.9716834Z   Downloading PyYAML-6.0.2-cp310-cp310-manylinux_2_17_x86_64.manylinux2014_x86_64.whl.metadata (2.1 kB)
2025-02-28T15:25:36.0235177Z Collecting virtualenv>=20.10.0 (from pre-commit==4.1.0->toga-core==0.4.9.dev629+g68266e24a->toga-core==0.4.9.dev629+g68266e24a)
2025-02-28T15:25:36.0250257Z   Using cached virtualenv-20.29.2-py3-none-any.whl.metadata (4.5 kB)
2025-02-28T15:25:36.0527030Z Collecting exceptiongroup>=1.0.0rc8 (from pytest==8.3.4->toga-core==0.4.9.dev629+g68266e24a->toga-core==0.4.9.dev629+g68266e24a)
2025-02-28T15:25:36.0637479Z   Downloading exceptiongroup-1.2.2-py3-none-any.whl.metadata (6.6 kB)
2025-02-28T15:25:36.0818946Z Collecting iniconfig (from pytest==8.3.4->toga-core==0.4.9.dev629+g68266e24a->toga-core==0.4.9.dev629+g68266e24a)
2025-02-28T15:25:36.0923684Z   Downloading iniconfig-2.0.0-py3-none-any.whl.metadata (2.6 kB)
2025-02-28T15:25:36.1124476Z Collecting pluggy<2,>=1.5 (from pytest==8.3.4->toga-core==0.4.9.dev629+g68266e24a->toga-core==0.4.9.dev629+g68266e24a)
2025-02-28T15:25:36.1137833Z   Using cached pluggy-1.5.0-py3-none-any.whl.metadata (4.8 kB)
2025-02-28T15:25:36.1616236Z Collecting freezegun>=1.1 (from pytest-freezer==0.4.9->toga-core==0.4.9.dev629+g68266e24a->toga-core==0.4.9.dev629+g68266e24a)
2025-02-28T15:25:36.1729014Z   Downloading freezegun-1.5.1-py3-none-any.whl.metadata (11 kB)
2025-02-28T15:25:36.1829018Z Requirement already satisfied: setuptools in /home/runner/work/toga/toga/.tox/py-cov-trav/lib/python3.10/site-packages (from setuptools-scm==8.1.0->toga-core==0.4.9.dev629+g68266e24a->toga-core==0.4.9.dev629+g68266e24a) (75.8.0)
2025-02-28T15:25:36.2064847Z Collecting cachetools>=5.5 (from tox==4.24.1->toga-core==0.4.9.dev629+g68266e24a->toga-core==0.4.9.dev629+g68266e24a)
2025-02-28T15:25:36.2081766Z   Using cached cachetools-5.5.2-py3-none-any.whl.metadata (5.4 kB)
2025-02-28T15:25:36.2250449Z Collecting chardet>=5.2 (from tox==4.24.1->toga-core==0.4.9.dev629+g68266e24a->toga-core==0.4.9.dev629+g68266e24a)
2025-02-28T15:25:36.2263672Z   Using cached chardet-5.2.0-py3-none-any.whl.metadata (3.4 kB)
2025-02-28T15:25:36.2478163Z Collecting colorama>=0.4.6 (from tox==4.24.1->toga-core==0.4.9.dev629+g68266e24a->toga-core==0.4.9.dev629+g68266e24a)
2025-02-28T15:25:36.2490418Z   Using cached colorama-0.4.6-py2.py3-none-any.whl.metadata (17 kB)
2025-02-28T15:25:36.2744122Z Collecting filelock>=3.16.1 (from tox==4.24.1->toga-core==0.4.9.dev629+g68266e24a->toga-core==0.4.9.dev629+g68266e24a)
2025-02-28T15:25:36.2756855Z   Using cached filelock-3.17.0-py3-none-any.whl.metadata (2.9 kB)
2025-02-28T15:25:36.3052123Z Collecting platformdirs>=4.3.6 (from tox==4.24.1->toga-core==0.4.9.dev629+g68266e24a->toga-core==0.4.9.dev629+g68266e24a)
2025-02-28T15:25:36.3065832Z   Using cached platformdirs-4.3.6-py3-none-any.whl.metadata (11 kB)
2025-02-28T15:25:36.3279141Z Collecting pyproject-api>=1.8 (from tox==4.24.1->toga-core==0.4.9.dev629+g68266e24a->toga-core==0.4.9.dev629+g68266e24a)
2025-02-28T15:25:36.3292373Z   Using cached pyproject_api-1.9.0-py3-none-any.whl.metadata (2.7 kB)
2025-02-28T15:25:36.3552093Z Collecting typing-extensions>=4.12.2 (from tox==4.24.1->toga-core==0.4.9.dev629+g68266e24a->toga-core==0.4.9.dev629+g68266e24a)
2025-02-28T15:25:36.3565137Z   Using cached typing_extensions-4.12.2-py3-none-any.whl.metadata (3.0 kB)
2025-02-28T15:25:36.3950889Z Collecting python-dateutil>=2.7 (from freezegun>=1.1->pytest-freezer==0.4.9->toga-core==0.4.9.dev629+g68266e24a->toga-core==0.4.9.dev629+g68266e24a)
2025-02-28T15:25:36.4061946Z   Downloading python_dateutil-2.9.0.post0-py2.py3-none-any.whl.metadata (8.4 kB)
2025-02-28T15:25:36.4443023Z Collecting distlib<1,>=0.3.7 (from virtualenv>=20.10.0->pre-commit==4.1.0->toga-core==0.4.9.dev629+g68266e24a->toga-core==0.4.9.dev629+g68266e24a)
2025-02-28T15:25:36.4455878Z   Using cached distlib-0.3.9-py2.py3-none-any.whl.metadata (5.2 kB)
2025-02-28T15:25:36.4918897Z Collecting six>=1.5 (from python-dateutil>=2.7->freezegun>=1.1->pytest-freezer==0.4.9->toga-core==0.4.9.dev629+g68266e24a->toga-core==0.4.9.dev629+g68266e24a)
2025-02-28T15:25:36.5023135Z   Downloading six-1.17.0-py2.py3-none-any.whl.metadata (1.7 kB)
2025-02-28T15:25:36.5212855Z Downloading coverage-7.6.12-cp310-cp310-manylinux_2_5_x86_64.manylinux1_x86_64.manylinux_2_17_x86_64.manylinux2014_x86_64.whl (236 kB)
2025-02-28T15:25:36.5542426Z Downloading coverage_conditional_plugin-0.9.0-py3-none-any.whl (7.3 kB)
2025-02-28T15:25:36.5700232Z Downloading pillow-11.1.0-cp310-cp310-manylinux_2_28_x86_64.whl (4.5 MB)
2025-02-28T15:25:36.6209946Z [?25l   [90m━━━━━━━━━━━━━━━━━━━━━━━━━━━━━━━━━━━━━━━━[0m [32m0.0/4.5 MB[0m [31m?[0m eta [36m-:--:--[0m
2025-02-28T15:25:36.6210972Z [2K   [90m━━━━━━━━━━━━━━━━━━━━━━━━━━━━━━━━━━━━━━━━[0m [32m4.5/4.5 MB[0m [31m91.7 MB/s[0m eta [36m0:00:00[0m
2025-02-28T15:25:36.6317736Z [?25hDownloading pre_commit-4.1.0-py2.py3-none-any.whl (220 kB)
2025-02-28T15:25:36.6470080Z Downloading pytest-8.3.4-py3-none-any.whl (343 kB)
2025-02-28T15:25:36.6631295Z Downloading pytest_asyncio-0.25.3-py3-none-any.whl (19 kB)
2025-02-28T15:25:36.6776585Z Downloading pytest_freezer-0.4.9-py3-none-any.whl (3.2 kB)
2025-02-28T15:25:36.6917545Z Downloading setuptools_scm-8.1.0-py3-none-any.whl (43 kB)
2025-02-28T15:25:36.6953391Z Using cached tox-4.24.1-py3-none-any.whl (171 kB)
2025-02-28T15:25:36.6966192Z Using cached cachetools-5.5.2-py3-none-any.whl (10 kB)
2025-02-28T15:25:36.7069810Z Downloading cfgv-3.4.0-py2.py3-none-any.whl (7.2 kB)
2025-02-28T15:25:36.7105092Z Using cached chardet-5.2.0-py3-none-any.whl (199 kB)
2025-02-28T15:25:36.7118893Z Using cached colorama-0.4.6-py2.py3-none-any.whl (25 kB)
2025-02-28T15:25:36.7224747Z Downloading exceptiongroup-1.2.2-py3-none-any.whl (16 kB)
2025-02-28T15:25:36.7260116Z Using cached filelock-3.17.0-py3-none-any.whl (16 kB)
2025-02-28T15:25:36.7372763Z Downloading freezegun-1.5.1-py3-none-any.whl (17 kB)
2025-02-28T15:25:36.7513273Z Downloading identify-2.6.8-py2.py3-none-any.whl (99 kB)
2025-02-28T15:25:36.7644691Z Downloading nodeenv-1.9.1-py2.py3-none-any.whl (22 kB)
2025-02-28T15:25:36.7678886Z Using cached packaging-24.2-py3-none-any.whl (65 kB)
2025-02-28T15:25:36.7691810Z Using cached platformdirs-4.3.6-py3-none-any.whl (18 kB)
2025-02-28T15:25:36.7703943Z Using cached pluggy-1.5.0-py3-none-any.whl (20 kB)
2025-02-28T15:25:36.7716099Z Using cached pyproject_api-1.9.0-py3-none-any.whl (13 kB)
2025-02-28T15:25:36.7822293Z Downloading PyYAML-6.0.2-cp310-cp310-manylinux_2_17_x86_64.manylinux2014_x86_64.whl (751 kB)
2025-02-28T15:25:36.7959959Z [?25l   [90m━━━━━━━━━━━━━━━━━━━━━━━━━━━━━━━━━━━━━━━━[0m [32m0.0/751.2 kB[0m [31m?[0m eta [36m-:--:--[0m
2025-02-28T15:25:36.7960925Z [2K   [90m━━━━━━━━━━━━━━━━━━━━━━━━━━━━━━━━━━━━━━━━[0m [32m751.2/751.2 kB[0m [31m52.5 MB/s[0m eta [36m0:00:00[0m
2025-02-28T15:25:36.7973251Z [?25hUsing cached tomli-2.2.1-py3-none-any.whl (14 kB)
2025-02-28T15:25:36.7986262Z Using cached typing_extensions-4.12.2-py3-none-any.whl (37 kB)
2025-02-28T15:25:36.7998934Z Using cached virtualenv-20.29.2-py3-none-any.whl (4.3 MB)
2025-02-28T15:25:36.8140204Z Downloading iniconfig-2.0.0-py3-none-any.whl (5.9 kB)
2025-02-28T15:25:36.8177972Z Using cached distlib-0.3.9-py2.py3-none-any.whl (468 kB)
2025-02-28T15:25:36.8285222Z Downloading python_dateutil-2.9.0.post0-py2.py3-none-any.whl (229 kB)
2025-02-28T15:25:36.8426148Z Downloading six-1.17.0-py2.py3-none-any.whl (11 kB)
2025-02-28T15:25:36.9314291Z Installing collected packages: distlib, typing-extensions, travertino, tomli, six, pyyaml, pluggy, platformdirs, Pillow, packaging, nodeenv, iniconfig, identify, filelock, exceptiongroup, coverage, colorama, chardet, cfgv, cachetools, virtualenv, toga-core, setuptools-scm, python-dateutil, pytest, pyproject-api, coverage-conditional-plugin, tox, toga-dummy, pytest-asyncio, pre-commit, freezegun, pytest-freezer
2025-02-28T15:25:38.5819899Z Successfully installed Pillow-11.1.0 cachetools-5.5.2 cfgv-3.4.0 chardet-5.2.0 colorama-0.4.6 coverage-7.6.12 coverage-conditional-plugin-0.9.0 distlib-0.3.9 exceptiongroup-1.2.2 filelock-3.17.0 freezegun-1.5.1 identify-2.6.8 iniconfig-2.0.0 nodeenv-1.9.1 packaging-24.2 platformdirs-4.3.6 pluggy-1.5.0 pre-commit-4.1.0 pyproject-api-1.9.0 pytest-8.3.4 pytest-asyncio-0.25.3 pytest-freezer-0.4.9 python-dateutil-2.9.0.post0 pyyaml-6.0.2 setuptools-scm-8.1.0 six-1.17.0 toga-core-0.4.9.dev629+g68266e24a toga-dummy-0.4.9.dev629+g68266e24a tomli-2.2.1 tox-4.24.1 travertino-0.4.9.dev629+g68266e24a typing-extensions-4.12.2 virtualenv-20.29.2
2025-02-28T15:25:38.6911976Z [1m[35mpy-cov-trav:[0m[36m commands[1][22m /home/runner/work/toga/toga/travertino[2m>[0m python -m coverage run -m pytest -vv --color yes[0m
2025-02-28T15:25:39.7013501Z [1m============================= test session starts ==============================[0m
2025-02-28T15:25:39.7014572Z platform linux -- Python 3.10.16, pytest-8.3.4, pluggy-1.5.0 -- /home/runner/work/toga/toga/.tox/py-cov-trav/bin/python
2025-02-28T15:25:39.7015609Z cachedir: /home/runner/work/toga/toga/.tox/py-cov-trav/.pytest_cache
2025-02-28T15:25:39.7016298Z rootdir: /home/runner/work/toga/toga/travertino
2025-02-28T15:25:39.7016781Z configfile: pyproject.toml
2025-02-28T15:25:39.7017098Z plugins: pytest_freezer-0.4.9, asyncio-0.25.3
2025-02-28T15:25:39.7017524Z asyncio: mode=strict, asyncio_default_fixture_loop_scope=function
2025-02-28T15:25:40.5645792Z [1mcollecting ... [0mcollected 645 items
2025-02-28T15:25:40.5646191Z 
2025-02-28T15:25:40.5729097Z tests/colors/test_alpha_blending.py::test_alpha_blending_over[front_color0-back_color0-expected_blended_color0] [32mPASSED[0m[32m [  0%][0m
2025-02-28T15:25:40.5746972Z tests/colors/test_alpha_blending.py::test_alpha_blending_over[front_color1-back_color1-expected_blended_color1] [32mPASSED[0m[32m [  0%][0m
2025-02-28T15:25:40.5765471Z tests/colors/test_alpha_blending.py::test_alpha_blending_over[front_color2-back_color2-expected_blended_color2] [32mPASSED[0m[32m [  0%][0m
2025-02-28T15:25:40.5782834Z tests/colors/test_alpha_blending.py::test_alpha_blending_over[front_color3-back_color3-expected_blended_color3] [32mPASSED[0m[32m [  0%][0m
2025-02-28T15:25:40.5800152Z tests/colors/test_alpha_blending.py::test_alpha_blending_over[front_color4-back_color4-expected_blended_color4] [32mPASSED[0m[32m [  0%][0m
2025-02-28T15:25:40.5817081Z tests/colors/test_alpha_blending.py::test_alpha_blending_over[front_color5-back_color5-expected_blended_color5] [32mPASSED[0m[32m [  0%][0m
2025-02-28T15:25:40.5835664Z tests/colors/test_alpha_blending.py::test_alpha_blending_over[front_color6-back_color6-expected_blended_color6] [32mPASSED[0m[32m [  1%][0m
2025-02-28T15:25:40.5852408Z tests/colors/test_alpha_blending.py::test_alpha_blending_over[front_color7-back_color7-expected_blended_color7] [32mPASSED[0m[32m [  1%][0m
2025-02-28T15:25:40.5868832Z tests/colors/test_alpha_blending.py::test_alpha_blending_over[front_color8-back_color8-expected_blended_color8] [32mPASSED[0m[32m [  1%][0m
2025-02-28T15:25:40.5887172Z tests/colors/test_alpha_blending.py::test_alpha_blending_over[front_color9-back_color9-expected_blended_color9] [32mPASSED[0m[32m [  1%][0m
2025-02-28T15:25:40.5904347Z tests/colors/test_alpha_blending.py::test_alpha_blending_over[front_color10-back_color10-expected_blended_color10] [32mPASSED[0m[32m [  1%][0m
2025-02-28T15:25:40.5922052Z tests/colors/test_alpha_blending.py::test_alpha_blending_over[front_color11-back_color11-expected_blended_color11] [32mPASSED[0m[32m [  1%][0m
2025-02-28T15:25:40.5939025Z tests/colors/test_alpha_blending.py::test_alpha_blending_over[front_color12-back_color12-expected_blended_color12] [32mPASSED[0m[32m [  2%][0m
2025-02-28T15:25:40.5956355Z tests/colors/test_alpha_blending.py::test_alpha_blending_over[front_color13-back_color13-expected_blended_color13] [32mPASSED[0m[32m [  2%][0m
2025-02-28T15:25:40.5974618Z tests/colors/test_alpha_blending.py::test_alpha_blending_over[front_color14-back_color14-expected_blended_color14] [32mPASSED[0m[32m [  2%][0m
2025-02-28T15:25:40.5991066Z tests/colors/test_alpha_blending.py::test_alpha_blending_over[front_color15-back_color15-expected_blended_color15] [32mPASSED[0m[32m [  2%][0m
2025-02-28T15:25:40.6008674Z tests/colors/test_alpha_blending.py::test_alpha_blending_over[front_color16-back_color16-expected_blended_color16] [32mPASSED[0m[32m [  2%][0m
2025-02-28T15:25:40.6025637Z tests/colors/test_alpha_blending.py::test_alpha_blending_over[front_color17-back_color17-expected_blended_color17] [32mPASSED[0m[32m [  2%][0m
2025-02-28T15:25:40.6042292Z tests/colors/test_alpha_blending.py::test_alpha_blending_over[front_color18-back_color18-expected_blended_color18] [32mPASSED[0m[32m [  2%][0m
2025-02-28T15:25:40.6061003Z tests/colors/test_alpha_blending.py::test_alpha_blending_over[front_color19-back_color19-expected_blended_color19] [32mPASSED[0m[32m [  3%][0m
2025-02-28T15:25:40.6078487Z tests/colors/test_alpha_blending.py::test_alpha_blending_over[front_color20-back_color20-expected_blended_color20] [32mPASSED[0m[32m [  3%][0m
2025-02-28T15:25:40.6095539Z tests/colors/test_alpha_blending.py::test_alpha_blending_over[front_color21-back_color21-expected_blended_color21] [32mPASSED[0m[32m [  3%][0m
2025-02-28T15:25:40.6112775Z tests/colors/test_alpha_blending.py::test_alpha_blending_over[front_color22-back_color22-expected_blended_color22] [32mPASSED[0m[32m [  3%][0m
2025-02-28T15:25:40.6130376Z tests/colors/test_alpha_blending.py::test_alpha_blending_over[front_color23-back_color23-expected_blended_color23] [32mPASSED[0m[32m [  3%][0m
2025-02-28T15:25:40.6148245Z tests/colors/test_alpha_blending.py::test_alpha_blending_over[front_color24-back_color24-expected_blended_color24] [32mPASSED[0m[32m [  3%][0m
2025-02-28T15:25:40.6165382Z tests/colors/test_alpha_blending.py::test_alpha_blending_over[front_color25-back_color25-expected_blended_color25] [32mPASSED[0m[32m [  4%][0m
2025-02-28T15:25:40.6182625Z tests/colors/test_alpha_blending.py::test_alpha_blending_over[front_color26-back_color26-expected_blended_color26] [32mPASSED[0m[32m [  4%][0m
2025-02-28T15:25:40.6199618Z tests/colors/test_alpha_blending.py::test_alpha_blending_over[front_color27-back_color27-expected_blended_color27] [32mPASSED[0m[32m [  4%][0m
2025-02-28T15:25:40.6217976Z tests/colors/test_alpha_blending.py::test_alpha_blending_over[front_color28-back_color28-expected_blended_color28] [32mPASSED[0m[32m [  4%][0m
2025-02-28T15:25:40.6235538Z tests/colors/test_alpha_blending.py::test_alpha_blending_over[front_color29-back_color29-expected_blended_color29] [32mPASSED[0m[32m [  4%][0m
2025-02-28T15:25:40.6255293Z tests/colors/test_alpha_blending.py::test_alpha_blending_over[front_color30-back_color30-expected_blended_color30] [32mPASSED[0m[32m [  4%][0m
2025-02-28T15:25:40.6273130Z tests/colors/test_alpha_blending.py::test_alpha_blending_over[front_color31-back_color31-expected_blended_color31] [32mPASSED[0m[32m [  4%][0m
2025-02-28T15:25:40.6290637Z tests/colors/test_alpha_blending.py::test_alpha_blending_over[front_color32-back_color32-expected_blended_color32] [32mPASSED[0m[32m [  5%][0m
2025-02-28T15:25:40.6308335Z tests/colors/test_alpha_blending.py::test_alpha_blending_over[front_color33-back_color33-expected_blended_color33] [32mPASSED[0m[32m [  5%][0m
2025-02-28T15:25:40.6325783Z tests/colors/test_alpha_blending.py::test_alpha_blending_over[front_color34-back_color34-expected_blended_color34] [32mPASSED[0m[32m [  5%][0m
2025-02-28T15:25:40.6343186Z tests/colors/test_alpha_blending.py::test_alpha_blending_over[front_color35-back_color35-expected_blended_color35] [32mPASSED[0m[32m [  5%][0m
2025-02-28T15:25:40.6360795Z tests/colors/test_alpha_blending.py::test_alpha_blending_over[front_color36-back_color36-expected_blended_color36] [32mPASSED[0m[32m [  5%][0m
2025-02-28T15:25:40.6378472Z tests/colors/test_alpha_blending.py::test_alpha_blending_over[front_color37-back_color37-expected_blended_color37] [32mPASSED[0m[32m [  5%][0m
2025-02-28T15:25:40.6396746Z tests/colors/test_alpha_blending.py::test_alpha_blending_over[front_color38-back_color38-expected_blended_color38] [32mPASSED[0m[32m [  6%][0m
2025-02-28T15:25:40.6414145Z tests/colors/test_alpha_blending.py::test_alpha_blending_over[front_color39-back_color39-expected_blended_color39] [32mPASSED[0m[32m [  6%][0m
2025-02-28T15:25:40.6431767Z tests/colors/test_alpha_blending.py::test_alpha_blending_over[front_color40-back_color40-expected_blended_color40] [32mPASSED[0m[32m [  6%][0m
2025-02-28T15:25:40.6448952Z tests/colors/test_alpha_blending.py::test_alpha_blending_over[front_color41-back_color41-expected_blended_color41] [32mPASSED[0m[32m [  6%][0m
2025-02-28T15:25:40.6465858Z tests/colors/test_alpha_blending.py::test_alpha_blending_over[front_color42-back_color42-expected_blended_color42] [32mPASSED[0m[32m [  6%][0m
2025-02-28T15:25:40.6483194Z tests/colors/test_alpha_blending.py::test_alpha_blending_over[front_color43-back_color43-expected_blended_color43] [32mPASSED[0m[32m [  6%][0m
2025-02-28T15:25:40.6500770Z tests/colors/test_alpha_blending.py::test_alpha_blending_over[front_color44-back_color44-expected_blended_color44] [32mPASSED[0m[32m [  6%][0m
2025-02-28T15:25:40.6519193Z tests/colors/test_alpha_blending.py::test_alpha_blending_over[front_color45-back_color45-expected_blended_color45] [32mPASSED[0m[32m [  7%][0m
2025-02-28T15:25:40.6537198Z tests/colors/test_alpha_blending.py::test_alpha_blending_over[front_color46-back_color46-expected_blended_color46] [32mPASSED[0m[32m [  7%][0m
2025-02-28T15:25:40.6555666Z tests/colors/test_alpha_blending.py::test_alpha_blending_over[front_color47-back_color47-expected_blended_color47] [32mPASSED[0m[32m [  7%][0m
2025-02-28T15:25:40.6573585Z tests/colors/test_alpha_blending.py::test_alpha_blending_over[front_color48-back_color48-expected_blended_color48] [32mPASSED[0m[32m [  7%][0m
2025-02-28T15:25:40.6590606Z tests/colors/test_alpha_blending.py::test_alpha_blending_over[front_color49-back_color49-expected_blended_color49] [32mPASSED[0m[32m [  7%][0m
2025-02-28T15:25:40.6608237Z tests/colors/test_alpha_blending.py::test_alpha_blending_over[front_color50-back_color50-expected_blended_color50] [32mPASSED[0m[32m [  7%][0m
2025-02-28T15:25:40.6625653Z tests/colors/test_alpha_blending.py::test_alpha_blending_over[front_color51-back_color51-expected_blended_color51] [32mPASSED[0m[32m [  8%][0m
2025-02-28T15:25:40.6643236Z tests/colors/test_alpha_blending.py::test_alpha_blending_over[front_color52-back_color52-expected_blended_color52] [32mPASSED[0m[32m [  8%][0m
2025-02-28T15:25:40.6660186Z tests/colors/test_alpha_blending.py::test_alpha_blending_over[front_color53-back_color53-expected_blended_color53] [32mPASSED[0m[32m [  8%][0m
2025-02-28T15:25:40.6678233Z tests/colors/test_alpha_blending.py::test_alpha_blending_over[front_color54-back_color54-expected_blended_color54] [32mPASSED[0m[32m [  8%][0m
2025-02-28T15:25:40.6695894Z tests/colors/test_alpha_blending.py::test_alpha_blending_over[front_color55-back_color55-expected_blended_color55] [32mPASSED[0m[32m [  8%][0m
2025-02-28T15:25:40.6713147Z tests/colors/test_alpha_blending.py::test_alpha_blending_over[front_color56-back_color56-expected_blended_color56] [32mPASSED[0m[32m [  8%][0m
2025-02-28T15:25:40.6730078Z tests/colors/test_alpha_blending.py::test_alpha_blending_over[front_color57-back_color57-expected_blended_color57] [32mPASSED[0m[32m [  8%][0m
2025-02-28T15:25:40.6747259Z tests/colors/test_alpha_blending.py::test_alpha_blending_over[front_color58-back_color58-expected_blended_color58] [32mPASSED[0m[32m [  9%][0m
2025-02-28T15:25:40.6764104Z tests/colors/test_alpha_blending.py::test_alpha_blending_over[front_color59-back_color59-expected_blended_color59] [32mPASSED[0m[32m [  9%][0m
2025-02-28T15:25:40.6782247Z tests/colors/test_alpha_blending.py::test_alpha_blending_over[front_color60-back_color60-expected_blended_color60] [32mPASSED[0m[32m [  9%][0m
2025-02-28T15:25:40.6798880Z tests/colors/test_alpha_blending.py::test_alpha_blending_over[front_color61-back_color61-expected_blended_color61] [32mPASSED[0m[32m [  9%][0m
2025-02-28T15:25:40.6816294Z tests/colors/test_alpha_blending.py::test_alpha_blending_over[front_color62-back_color62-expected_blended_color62] [32mPASSED[0m[32m [  9%][0m
2025-02-28T15:25:40.6834155Z tests/colors/test_alpha_blending.py::test_alpha_blending_over[front_color63-back_color63-expected_blended_color63] [32mPASSED[0m[32m [  9%][0m
2025-02-28T15:25:40.6850873Z tests/colors/test_alpha_blending.py::test_alpha_blending_over[front_color64-back_color64-expected_blended_color64] [32mPASSED[0m[32m [ 10%][0m
2025-02-28T15:25:40.6867898Z tests/colors/test_alpha_blending.py::test_alpha_blending_over[front_color65-back_color65-expected_blended_color65] [32mPASSED[0m[32m [ 10%][0m
2025-02-28T15:25:40.6885640Z tests/colors/test_alpha_blending.py::test_alpha_blending_over[front_color66-back_color66-expected_blended_color66] [32mPASSED[0m[32m [ 10%][0m
2025-02-28T15:25:40.6902931Z tests/colors/test_alpha_blending.py::test_alpha_blending_over[front_color67-back_color67-expected_blended_color67] [32mPASSED[0m[32m [ 10%][0m
2025-02-28T15:25:40.6920158Z tests/colors/test_alpha_blending.py::test_alpha_blending_over[front_color68-back_color68-expected_blended_color68] [32mPASSED[0m[32m [ 10%][0m
2025-02-28T15:25:40.6937236Z tests/colors/test_alpha_blending.py::test_alpha_blending_over[front_color69-back_color69-expected_blended_color69] [32mPASSED[0m[32m [ 10%][0m
2025-02-28T15:25:40.6954288Z tests/colors/test_alpha_blending.py::test_alpha_blending_over[front_color70-back_color70-expected_blended_color70] [32mPASSED[0m[32m [ 11%][0m
2025-02-28T15:25:40.6970711Z tests/colors/test_alpha_blending.py::test_alpha_blending_over[front_color71-back_color71-expected_blended_color71] [32mPASSED[0m[32m [ 11%][0m
2025-02-28T15:25:40.6987737Z tests/colors/test_alpha_blending.py::test_alpha_blending_over[front_color72-back_color72-expected_blended_color72] [32mPASSED[0m[32m [ 11%][0m
2025-02-28T15:25:40.7006667Z tests/colors/test_alpha_blending.py::test_alpha_blending_over[front_color73-back_color73-expected_blended_color73] [32mPASSED[0m[32m [ 11%][0m
2025-02-28T15:25:40.7023805Z tests/colors/test_alpha_blending.py::test_alpha_blending_over[front_color74-back_color74-expected_blended_color74] [32mPASSED[0m[32m [ 11%][0m
2025-02-28T15:25:40.7040330Z tests/colors/test_alpha_blending.py::test_alpha_blending_over[front_color75-back_color75-expected_blended_color75] [32mPASSED[0m[32m [ 11%][0m
2025-02-28T15:25:40.7057285Z tests/colors/test_alpha_blending.py::test_alpha_blending_over[front_color76-back_color76-expected_blended_color76] [32mPASSED[0m[32m [ 11%][0m
2025-02-28T15:25:40.7074227Z tests/colors/test_alpha_blending.py::test_alpha_blending_over[front_color77-back_color77-expected_blended_color77] [32mPASSED[0m[32m [ 12%][0m
2025-02-28T15:25:40.7091060Z tests/colors/test_alpha_blending.py::test_alpha_blending_over[front_color78-back_color78-expected_blended_color78] [32mPASSED[0m[32m [ 12%][0m
2025-02-28T15:25:40.7108342Z tests/colors/test_alpha_blending.py::test_alpha_blending_over[front_color79-back_color79-expected_blended_color79] [32mPASSED[0m[32m [ 12%][0m
2025-02-28T15:25:40.7125278Z tests/colors/test_alpha_blending.py::test_alpha_blending_over[front_color80-back_color80-expected_blended_color80] [32mPASSED[0m[32m [ 12%][0m
2025-02-28T15:25:40.7147524Z tests/colors/test_alpha_blending.py::test_alpha_unblend_over[front_color0-back_color0] [32mPASSED[0m[32m [ 12%][0m
2025-02-28T15:25:40.7164025Z tests/colors/test_alpha_blending.py::test_alpha_unblend_over[front_color1-back_color1] [32mPASSED[0m[32m [ 12%][0m
2025-02-28T15:25:40.7180200Z tests/colors/test_alpha_blending.py::test_alpha_unblend_over[front_color2-back_color2] [32mPASSED[0m[32m [ 13%][0m
2025-02-28T15:25:40.7196382Z tests/colors/test_alpha_blending.py::test_alpha_unblend_over[front_color3-back_color3] [32mPASSED[0m[32m [ 13%][0m
2025-02-28T15:25:40.7213006Z tests/colors/test_alpha_blending.py::test_alpha_unblend_over[front_color4-back_color4] [32mPASSED[0m[32m [ 13%][0m
2025-02-28T15:25:40.7230011Z tests/colors/test_alpha_blending.py::test_alpha_unblend_over[front_color5-back_color5] [32mPASSED[0m[32m [ 13%][0m
2025-02-28T15:25:40.7246902Z tests/colors/test_alpha_blending.py::test_alpha_unblend_over[front_color6-back_color6] [32mPASSED[0m[32m [ 13%][0m
2025-02-28T15:25:40.7262306Z tests/colors/test_alpha_blending.py::test_alpha_unblend_over[front_color7-back_color7] [32mPASSED[0m[32m [ 13%][0m
2025-02-28T15:25:40.7279170Z tests/colors/test_alpha_blending.py::test_alpha_unblend_over[front_color8-back_color8] [32mPASSED[0m[32m [ 13%][0m
2025-02-28T15:25:40.7296015Z tests/colors/test_alpha_blending.py::test_alpha_unblend_over[front_color9-back_color9] [32mPASSED[0m[32m [ 14%][0m
2025-02-28T15:25:40.7312500Z tests/colors/test_alpha_blending.py::test_alpha_unblend_over[front_color10-back_color10] [32mPASSED[0m[32m [ 14%][0m
2025-02-28T15:25:40.7330379Z tests/colors/test_alpha_blending.py::test_alpha_unblend_over[front_color11-back_color11] [32mPASSED[0m[32m [ 14%][0m
2025-02-28T15:25:40.7348287Z tests/colors/test_alpha_blending.py::test_alpha_unblend_over[front_color12-back_color12] [32mPASSED[0m[32m [ 14%][0m
2025-02-28T15:25:40.7365211Z tests/colors/test_alpha_blending.py::test_alpha_unblend_over[front_color13-back_color13] [32mPASSED[0m[32m [ 14%][0m
2025-02-28T15:25:40.7381793Z tests/colors/test_alpha_blending.py::test_alpha_unblend_over[front_color14-back_color14] [32mPASSED[0m[32m [ 14%][0m
2025-02-28T15:25:40.7399558Z tests/colors/test_alpha_blending.py::test_alpha_unblend_over[front_color15-back_color15] [32mPASSED[0m[32m [ 15%][0m
2025-02-28T15:25:40.7416567Z tests/colors/test_alpha_blending.py::test_alpha_unblend_over[front_color16-back_color16] [32mPASSED[0m[32m [ 15%][0m
2025-02-28T15:25:40.7433026Z tests/colors/test_alpha_blending.py::test_alpha_unblend_over[front_color17-back_color17] [32mPASSED[0m[32m [ 15%][0m
2025-02-28T15:25:40.7449565Z tests/colors/test_alpha_blending.py::test_alpha_unblend_over[front_color18-back_color18] [32mPASSED[0m[32m [ 15%][0m
2025-02-28T15:25:40.7466487Z tests/colors/test_alpha_blending.py::test_alpha_unblend_over[front_color19-back_color19] [32mPASSED[0m[32m [ 15%][0m
2025-02-28T15:25:40.7483030Z tests/colors/test_alpha_blending.py::test_alpha_unblend_over[front_color20-back_color20] [32mPASSED[0m[32m [ 15%][0m
2025-02-28T15:25:40.7499816Z tests/colors/test_alpha_blending.py::test_alpha_unblend_over[front_color21-back_color21] [32mPASSED[0m[32m [ 15%][0m
2025-02-28T15:25:40.7516724Z tests/colors/test_alpha_blending.py::test_alpha_unblend_over[front_color22-back_color22] [32mPASSED[0m[32m [ 16%][0m
2025-02-28T15:25:40.7533385Z tests/colors/test_alpha_blending.py::test_alpha_unblend_over[front_color23-back_color23] [32mPASSED[0m[32m [ 16%][0m
2025-02-28T15:25:40.7549887Z tests/colors/test_alpha_blending.py::test_alpha_unblend_over[front_color24-back_color24] [32mPASSED[0m[32m [ 16%][0m
2025-02-28T15:25:40.7566350Z tests/colors/test_alpha_blending.py::test_alpha_unblend_over[front_color25-back_color25] [32mPASSED[0m[32m [ 16%][0m
2025-02-28T15:25:40.7582908Z tests/colors/test_alpha_blending.py::test_alpha_unblend_over[front_color26-back_color26] [32mPASSED[0m[32m [ 16%][0m
2025-02-28T15:25:40.7599268Z tests/colors/test_alpha_blending.py::test_alpha_unblend_over[front_color27-back_color27] [32mPASSED[0m[32m [ 16%][0m
2025-02-28T15:25:40.7616213Z tests/colors/test_alpha_blending.py::test_alpha_unblend_over[front_color28-back_color28] [32mPASSED[0m[32m [ 17%][0m
2025-02-28T15:25:40.7633117Z tests/colors/test_alpha_blending.py::test_alpha_unblend_over[front_color29-back_color29] [32mPASSED[0m[32m [ 17%][0m
2025-02-28T15:25:40.7648727Z tests/colors/test_alpha_blending.py::test_alpha_unblend_over[front_color30-back_color30] [32mPASSED[0m[32m [ 17%][0m
2025-02-28T15:25:40.7665768Z tests/colors/test_alpha_blending.py::test_alpha_unblend_over[front_color31-back_color31] [32mPASSED[0m[32m [ 17%][0m
2025-02-28T15:25:40.7683015Z tests/colors/test_alpha_blending.py::test_alpha_unblend_over[front_color32-back_color32] [32mPASSED[0m[32m [ 17%][0m
2025-02-28T15:25:40.7699619Z tests/colors/test_alpha_blending.py::test_alpha_unblend_over[front_color33-back_color33] [32mPASSED[0m[32m [ 17%][0m
2025-02-28T15:25:40.7716427Z tests/colors/test_alpha_blending.py::test_alpha_unblend_over[front_color34-back_color34] [32mPASSED[0m[32m [ 17%][0m
2025-02-28T15:25:40.7733128Z tests/colors/test_alpha_blending.py::test_alpha_unblend_over[front_color35-back_color35] [32mPASSED[0m[32m [ 18%][0m
2025-02-28T15:25:40.7749505Z tests/colors/test_alpha_blending.py::test_alpha_unblend_over[front_color36-back_color36] [32mPASSED[0m[32m [ 18%][0m
2025-02-28T15:25:40.7765258Z tests/colors/test_alpha_blending.py::test_alpha_unblend_over[front_color37-back_color37] [32mPASSED[0m[32m [ 18%][0m
2025-02-28T15:25:40.7781971Z tests/colors/test_alpha_blending.py::test_alpha_unblend_over[front_color38-back_color38] [32mPASSED[0m[32m [ 18%][0m
2025-02-28T15:25:40.7798755Z tests/colors/test_alpha_blending.py::test_alpha_unblend_over[front_color39-back_color39] [32mPASSED[0m[32m [ 18%][0m
2025-02-28T15:25:40.7815633Z tests/colors/test_alpha_blending.py::test_alpha_unblend_over[front_color40-back_color40] [32mPASSED[0m[32m [ 18%][0m
2025-02-28T15:25:40.7832875Z tests/colors/test_alpha_blending.py::test_alpha_unblend_over[front_color41-back_color41] [32mPASSED[0m[32m [ 19%][0m
2025-02-28T15:25:40.7850541Z tests/colors/test_alpha_blending.py::test_alpha_unblend_over[front_color42-back_color42] [32mPASSED[0m[32m [ 19%][0m
2025-02-28T15:25:40.7867650Z tests/colors/test_alpha_blending.py::test_alpha_unblend_over[front_color43-back_color43] [32mPASSED[0m[32m [ 19%][0m
2025-02-28T15:25:40.7885364Z tests/colors/test_alpha_blending.py::test_alpha_unblend_over[front_color44-back_color44] [32mPASSED[0m[32m [ 19%][0m
2025-02-28T15:25:40.7902539Z tests/colors/test_alpha_blending.py::test_alpha_unblend_over[front_color45-back_color45] [32mPASSED[0m[32m [ 19%][0m
2025-02-28T15:25:40.7919457Z tests/colors/test_alpha_blending.py::test_alpha_unblend_over[front_color46-back_color46] [32mPASSED[0m[32m [ 19%][0m
2025-02-28T15:25:40.7936941Z tests/colors/test_alpha_blending.py::test_alpha_unblend_over[front_color47-back_color47] [32mPASSED[0m[32m [ 20%][0m
2025-02-28T15:25:40.7953978Z tests/colors/test_alpha_blending.py::test_alpha_unblend_over[front_color48-back_color48] [32mPASSED[0m[32m [ 20%][0m
2025-02-28T15:25:40.7970561Z tests/colors/test_alpha_blending.py::test_alpha_unblend_over[front_color49-back_color49] [32mPASSED[0m[32m [ 20%][0m
2025-02-28T15:25:40.7987523Z tests/colors/test_alpha_blending.py::test_alpha_unblend_over[front_color50-back_color50] [32mPASSED[0m[32m [ 20%][0m
2025-02-28T15:25:40.8004030Z tests/colors/test_alpha_blending.py::test_alpha_unblend_over[front_color51-back_color51] [32mPASSED[0m[32m [ 20%][0m
2025-02-28T15:25:40.8020556Z tests/colors/test_alpha_blending.py::test_alpha_unblend_over[front_color52-back_color52] [32mPASSED[0m[32m [ 20%][0m
2025-02-28T15:25:40.8037113Z tests/colors/test_alpha_blending.py::test_alpha_unblend_over[front_color53-back_color53] [32mPASSED[0m[32m [ 20%][0m
2025-02-28T15:25:40.8054864Z tests/colors/test_alpha_blending.py::test_alpha_unblend_over[front_color54-back_color54] [32mPASSED[0m[32m [ 21%][0m
2025-02-28T15:25:40.8071224Z tests/colors/test_alpha_blending.py::test_alpha_unblend_over[front_color55-back_color55] [32mPASSED[0m[32m [ 21%][0m
2025-02-28T15:25:40.8087765Z tests/colors/test_alpha_blending.py::test_alpha_unblend_over[front_color56-back_color56] [32mPASSED[0m[32m [ 21%][0m
2025-02-28T15:25:40.8104518Z tests/colors/test_alpha_blending.py::test_alpha_unblend_over[front_color57-back_color57] [32mPASSED[0m[32m [ 21%][0m
2025-02-28T15:25:40.8120919Z tests/colors/test_alpha_blending.py::test_alpha_unblend_over[front_color58-back_color58] [32mPASSED[0m[32m [ 21%][0m
2025-02-28T15:25:40.8137553Z tests/colors/test_alpha_blending.py::test_alpha_unblend_over[front_color59-back_color59] [32mPASSED[0m[32m [ 21%][0m
2025-02-28T15:25:40.8154258Z tests/colors/test_alpha_blending.py::test_alpha_unblend_over[front_color60-back_color60] [32mPASSED[0m[32m [ 22%][0m
2025-02-28T15:25:40.8170295Z tests/colors/test_alpha_blending.py::test_alpha_unblend_over[front_color61-back_color61] [32mPASSED[0m[32m [ 22%][0m
2025-02-28T15:25:40.8186804Z tests/colors/test_alpha_blending.py::test_alpha_unblend_over[front_color62-back_color62] [32mPASSED[0m[32m [ 22%][0m
2025-02-28T15:25:40.8203353Z tests/colors/test_alpha_blending.py::test_alpha_unblend_over[front_color63-back_color63] [32mPASSED[0m[32m [ 22%][0m
2025-02-28T15:25:40.8220350Z tests/colors/test_alpha_blending.py::test_alpha_unblend_over[front_color64-back_color64] [32mPASSED[0m[32m [ 22%][0m
2025-02-28T15:25:40.8237151Z tests/colors/test_alpha_blending.py::test_alpha_unblend_over[front_color65-back_color65] [32mPASSED[0m[32m [ 22%][0m
2025-02-28T15:25:40.8253771Z tests/colors/test_alpha_blending.py::test_alpha_unblend_over[front_color66-back_color66] [32mPASSED[0m[32m [ 22%][0m
2025-02-28T15:25:40.8270157Z tests/colors/test_alpha_blending.py::test_alpha_unblend_over[front_color67-back_color67] [32mPASSED[0m[32m [ 23%][0m
2025-02-28T15:25:40.8287372Z tests/colors/test_alpha_blending.py::test_alpha_unblend_over[front_color68-back_color68] [32mPASSED[0m[32m [ 23%][0m
2025-02-28T15:25:40.8305145Z tests/colors/test_alpha_blending.py::test_alpha_unblend_over[front_color69-back_color69] [32mPASSED[0m[32m [ 23%][0m
2025-02-28T15:25:40.8321879Z tests/colors/test_alpha_blending.py::test_alpha_unblend_over[front_color70-back_color70] [32mPASSED[0m[32m [ 23%][0m
2025-02-28T15:25:40.8339101Z tests/colors/test_alpha_blending.py::test_alpha_unblend_over[front_color71-back_color71] [32mPASSED[0m[32m [ 23%][0m
2025-02-28T15:25:40.8356470Z tests/colors/test_alpha_blending.py::test_alpha_unblend_over[front_color72-back_color72] [32mPASSED[0m[32m [ 23%][0m
2025-02-28T15:25:40.8373672Z tests/colors/test_alpha_blending.py::test_alpha_unblend_over[front_color73-back_color73] [32mPASSED[0m[32m [ 24%][0m
2025-02-28T15:25:40.8390934Z tests/colors/test_alpha_blending.py::test_alpha_unblend_over[front_color74-back_color74] [32mPASSED[0m[32m [ 24%][0m
2025-02-28T15:25:40.8410214Z tests/colors/test_alpha_blending.py::test_alpha_unblend_over[front_color75-back_color75] [32mPASSED[0m[32m [ 24%][0m
2025-02-28T15:25:40.8426606Z tests/colors/test_color_conversion.py::test_rgba_to_rgb[input_color0-expected_color0] [32mPASSED[0m[32m [ 24%][0m
2025-02-28T15:25:40.8442523Z tests/colors/test_color_conversion.py::test_rgba_to_rgb[input_color1-expected_color1] [32mPASSED[0m[32m [ 24%][0m
2025-02-28T15:25:40.8458769Z tests/colors/test_color_conversion.py::test_rgba_to_rgb[input_color2-expected_color2] [32mPASSED[0m[32m [ 24%][0m
2025-02-28T15:25:40.8475015Z tests/colors/test_color_conversion.py::test_rgba_to_rgb[input_color3-expected_color3] [32mPASSED[0m[32m [ 24%][0m
2025-02-28T15:25:40.8490893Z tests/colors/test_color_conversion.py::test_rgba_to_rgb[input_color4-expected_color4] [32mPASSED[0m[32m [ 25%][0m
2025-02-28T15:25:40.8507129Z tests/colors/test_color_conversion.py::test_rgba_to_rgb[input_color5-expected_color5] [32mPASSED[0m[32m [ 25%][0m
2025-02-28T15:25:40.8523108Z tests/colors/test_color_conversion.py::test_rgba_to_rgb[input_color6-expected_color6] [32mPASSED[0m[32m [ 25%][0m
2025-02-28T15:25:40.8539004Z tests/colors/test_color_conversion.py::test_rgba_to_rgb[input_color7-expected_color7] [32mPASSED[0m[32m [ 25%][0m
2025-02-28T15:25:40.8555209Z tests/colors/test_color_conversion.py::test_rgba_to_rgb[input_color8-expected_color8] [32mPASSED[0m[32m [ 25%][0m
2025-02-28T15:25:40.8570949Z tests/colors/test_color_conversion.py::test_rgba_to_rgb[input_color9-expected_color9] [32mPASSED[0m[32m [ 25%][0m
2025-02-28T15:25:40.8587274Z tests/colors/test_color_conversion.py::test_rgba_to_rgb[input_color10-expected_color10] [32mPASSED[0m[32m [ 26%][0m
2025-02-28T15:25:40.8603271Z tests/colors/test_color_conversion.py::test_rgba_to_rgb[input_color11-expected_color11] [32mPASSED[0m[32m [ 26%][0m
2025-02-28T15:25:40.8619119Z tests/colors/test_color_conversion.py::test_rgba_to_rgb[input_color12-expected_color12] [32mPASSED[0m[32m [ 26%][0m
2025-02-28T15:25:40.8636035Z tests/colors/test_color_conversion.py::test_rgba_to_rgb[input_color13-expected_color13] [32mPASSED[0m[32m [ 26%][0m
2025-02-28T15:25:40.8652068Z tests/colors/test_color_conversion.py::test_rgba_to_rgb[input_color14-expected_color14] [32mPASSED[0m[32m [ 26%][0m
2025-02-28T15:25:40.8667927Z tests/colors/test_color_conversion.py::test_rgba_to_rgb[input_color15-expected_color15] [32mPASSED[0m[32m [ 26%][0m
2025-02-28T15:25:40.8684315Z tests/colors/test_color_conversion.py::test_rgba_to_hsla[input_color0-expected_color0] [32mPASSED[0m[32m [ 26%][0m
2025-02-28T15:25:40.8700243Z tests/colors/test_color_conversion.py::test_rgba_to_hsla[input_color1-expected_color1] [32mPASSED[0m[32m [ 27%][0m
2025-02-28T15:25:40.8716901Z tests/colors/test_color_conversion.py::test_rgba_to_hsla[input_color2-expected_color2] [32mPASSED[0m[32m [ 27%][0m
2025-02-28T15:25:40.8733091Z tests/colors/test_color_conversion.py::test_rgba_to_hsla[input_color3-expected_color3] [32mPASSED[0m[32m [ 27%][0m
2025-02-28T15:25:40.8749135Z tests/colors/test_color_conversion.py::test_rgba_to_hsla[input_color4-expected_color4] [32mPASSED[0m[32m [ 27%][0m
2025-02-28T15:25:40.8765767Z tests/colors/test_color_conversion.py::test_rgba_to_hsla[input_color5-expected_color5] [32mPASSED[0m[32m [ 27%][0m
2025-02-28T15:25:40.8781646Z tests/colors/test_color_conversion.py::test_rgba_to_hsla[input_color6-expected_color6] [32mPASSED[0m[32m [ 27%][0m
2025-02-28T15:25:40.8797863Z tests/colors/test_color_conversion.py::test_rgba_to_hsla[input_color7-expected_color7] [32mPASSED[0m[32m [ 28%][0m
2025-02-28T15:25:40.8814180Z tests/colors/test_color_conversion.py::test_rgba_to_hsla[input_color8-expected_color8] [32mPASSED[0m[32m [ 28%][0m
2025-02-28T15:25:40.8830447Z tests/colors/test_color_conversion.py::test_rgba_to_hsla[input_color9-expected_color9] [32mPASSED[0m[32m [ 28%][0m
2025-02-28T15:25:40.8847045Z tests/colors/test_color_conversion.py::test_rgba_to_hsla[input_color10-expected_color10] [32mPASSED[0m[32m [ 28%][0m
2025-02-28T15:25:40.8863208Z tests/colors/test_color_conversion.py::test_rgba_to_hsla[input_color11-expected_color11] [32mPASSED[0m[32m [ 28%][0m
2025-02-28T15:25:40.8880258Z tests/colors/test_color_conversion.py::test_rgba_to_hsla[input_color12-expected_color12] [32mPASSED[0m[32m [ 28%][0m
2025-02-28T15:25:40.8896621Z tests/colors/test_color_conversion.py::test_rgba_to_hsla[input_color13-expected_color13] [32mPASSED[0m[32m [ 28%][0m
2025-02-28T15:25:40.8912973Z tests/colors/test_color_conversion.py::test_rgba_to_hsla[input_color14-expected_color14] [32mPASSED[0m[32m [ 29%][0m
2025-02-28T15:25:40.8928924Z tests/colors/test_color_conversion.py::test_rgba_to_hsla[input_color15-expected_color15] [32mPASSED[0m[32m [ 29%][0m
2025-02-28T15:25:40.8946392Z tests/colors/test_color_conversion.py::test_rgba_to_hsl[input_color0-expected_color0] [32mPASSED[0m[32m [ 29%][0m
2025-02-28T15:25:40.8962576Z tests/colors/test_color_conversion.py::test_rgba_to_hsl[input_color1-expected_color1] [32mPASSED[0m[32m [ 29%][0m
2025-02-28T15:25:40.8978403Z tests/colors/test_color_conversion.py::test_rgba_to_hsl[input_color2-expected_color2] [32mPASSED[0m[32m [ 29%][0m
2025-02-28T15:25:40.8994849Z tests/colors/test_color_conversion.py::test_rgba_to_hsl[input_color3-expected_color3] [32mPASSED[0m[32m [ 29%][0m
2025-02-28T15:25:40.9010459Z tests/colors/test_color_conversion.py::test_rgba_to_hsl[input_color4-expected_color4] [32mPASSED[0m[32m [ 30%][0m
2025-02-28T15:25:40.9026851Z tests/colors/test_color_conversion.py::test_rgba_to_hsl[input_color5-expected_color5] [32mPASSED[0m[32m [ 30%][0m
2025-02-28T15:25:40.9043390Z tests/colors/test_color_conversion.py::test_rgba_to_hsl[input_color6-expected_color6] [32mPASSED[0m[32m [ 30%][0m
2025-02-28T15:25:40.9059223Z tests/colors/test_color_conversion.py::test_rgba_to_hsl[input_color7-expected_color7] [32mPASSED[0m[32m [ 30%][0m
2025-02-28T15:25:40.9074875Z tests/colors/test_color_conversion.py::test_rgba_to_hsl[input_color8-expected_color8] [32mPASSED[0m[32m [ 30%][0m
2025-02-28T15:25:40.9090365Z tests/colors/test_color_conversion.py::test_rgba_to_hsl[input_color9-expected_color9] [32mPASSED[0m[32m [ 30%][0m
2025-02-28T15:25:40.9106335Z tests/colors/test_color_conversion.py::test_rgba_to_hsl[input_color10-expected_color10] [32mPASSED[0m[32m [ 31%][0m
2025-02-28T15:25:40.9121681Z tests/colors/test_color_conversion.py::test_rgba_to_hsl[input_color11-expected_color11] [32mPASSED[0m[32m [ 31%][0m
2025-02-28T15:25:40.9137251Z tests/colors/test_color_conversion.py::test_rgba_to_hsl[input_color12-expected_color12] [32mPASSED[0m[32m [ 31%][0m
2025-02-28T15:25:40.9152873Z tests/colors/test_color_conversion.py::test_rgba_to_hsl[input_color13-expected_color13] [32mPASSED[0m[32m [ 31%][0m
2025-02-28T15:25:40.9167822Z tests/colors/test_color_conversion.py::test_rgba_to_hsl[input_color14-expected_color14] [32mPASSED[0m[32m [ 31%][0m
2025-02-28T15:25:40.9183318Z tests/colors/test_color_conversion.py::test_rgba_to_hsl[input_color15-expected_color15] [32mPASSED[0m[32m [ 31%][0m
2025-02-28T15:25:40.9198799Z tests/colors/test_color_conversion.py::test_rgb_to_rgba[input_color0-expected_color0] [32mPASSED[0m[32m [ 31%][0m
2025-02-28T15:25:40.9214870Z tests/colors/test_color_conversion.py::test_rgb_to_rgba[input_color1-expected_color1] [32mPASSED[0m[32m [ 32%][0m
2025-02-28T15:25:40.9229953Z tests/colors/test_color_conversion.py::test_rgb_to_rgba[input_color2-expected_color2] [32mPASSED[0m[32m [ 32%][0m
2025-02-28T15:25:40.9245794Z tests/colors/test_color_conversion.py::test_rgb_to_rgba[input_color3-expected_color3] [32mPASSED[0m[32m [ 32%][0m
2025-02-28T15:25:40.9261222Z tests/colors/test_color_conversion.py::test_rgb_to_rgba[input_color4-expected_color4] [32mPASSED[0m[32m [ 32%][0m
2025-02-28T15:25:40.9277020Z tests/colors/test_color_conversion.py::test_rgb_to_rgba[input_color5-expected_color5] [32mPASSED[0m[32m [ 32%][0m
2025-02-28T15:25:40.9292533Z tests/colors/test_color_conversion.py::test_rgb_to_rgba[input_color6-expected_color6] [32mPASSED[0m[32m [ 32%][0m
2025-02-28T15:25:40.9307649Z tests/colors/test_color_conversion.py::test_rgb_to_rgba[input_color7-expected_color7] [32mPASSED[0m[32m [ 33%][0m
2025-02-28T15:25:40.9323052Z tests/colors/test_color_conversion.py::test_rgb_to_rgba[input_color8-expected_color8] [32mPASSED[0m[32m [ 33%][0m
2025-02-28T15:25:40.9338509Z tests/colors/test_color_conversion.py::test_rgb_to_rgba[input_color9-expected_color9] [32mPASSED[0m[32m [ 33%][0m
2025-02-28T15:25:40.9354261Z tests/colors/test_color_conversion.py::test_rgb_to_rgba[input_color10-expected_color10] [32mPASSED[0m[32m [ 33%][0m
2025-02-28T15:25:40.9369627Z tests/colors/test_color_conversion.py::test_rgb_to_rgba[input_color11-expected_color11] [32mPASSED[0m[32m [ 33%][0m
2025-02-28T15:25:40.9385407Z tests/colors/test_color_conversion.py::test_rgb_to_hsla[input_color0-expected_color0] [32mPASSED[0m[32m [ 33%][0m
2025-02-28T15:25:40.9401072Z tests/colors/test_color_conversion.py::test_rgb_to_hsla[input_color1-expected_color1] [32mPASSED[0m[32m [ 33%][0m
2025-02-28T15:25:40.9416588Z tests/colors/test_color_conversion.py::test_rgb_to_hsla[input_color2-expected_color2] [32mPASSED[0m[32m [ 34%][0m
2025-02-28T15:25:40.9432217Z tests/colors/test_color_conversion.py::test_rgb_to_hsla[input_color3-expected_color3] [32mPASSED[0m[32m [ 34%][0m
2025-02-28T15:25:40.9447891Z tests/colors/test_color_conversion.py::test_rgb_to_hsla[input_color4-expected_color4] [32mPASSED[0m[32m [ 34%][0m
2025-02-28T15:25:40.9463598Z tests/colors/test_color_conversion.py::test_rgb_to_hsla[input_color5-expected_color5] [32mPASSED[0m[32m [ 34%][0m
2025-02-28T15:25:40.9479237Z tests/colors/test_color_conversion.py::test_rgb_to_hsla[input_color6-expected_color6] [32mPASSED[0m[32m [ 34%][0m
2025-02-28T15:25:40.9495645Z tests/colors/test_color_conversion.py::test_rgb_to_hsla[input_color7-expected_color7] [32mPASSED[0m[32m [ 34%][0m
2025-02-28T15:25:40.9511296Z tests/colors/test_color_conversion.py::test_rgb_to_hsla[input_color8-expected_color8] [32mPASSED[0m[32m [ 35%][0m
2025-02-28T15:25:40.9527319Z tests/colors/test_color_conversion.py::test_rgb_to_hsla[input_color9-expected_color9] [32mPASSED[0m[32m [ 35%][0m
2025-02-28T15:25:40.9542949Z tests/colors/test_color_conversion.py::test_rgb_to_hsla[input_color10-expected_color10] [32mPASSED[0m[32m [ 35%][0m
2025-02-28T15:25:40.9558392Z tests/colors/test_color_conversion.py::test_rgb_to_hsla[input_color11-expected_color11] [32mPASSED[0m[32m [ 35%][0m
2025-02-28T15:25:40.9573961Z tests/colors/test_color_conversion.py::test_rgb_to_hsl[input_color0-expected_color0] [32mPASSED[0m[32m [ 35%][0m
2025-02-28T15:25:40.9589327Z tests/colors/test_color_conversion.py::test_rgb_to_hsl[input_color1-expected_color1] [32mPASSED[0m[32m [ 35%][0m
2025-02-28T15:25:40.9605104Z tests/colors/test_color_conversion.py::test_rgb_to_hsl[input_color2-expected_color2] [32mPASSED[0m[32m [ 35%][0m
2025-02-28T15:25:40.9620595Z tests/colors/test_color_conversion.py::test_rgb_to_hsl[input_color3-expected_color3] [32mPASSED[0m[32m [ 36%][0m
2025-02-28T15:25:40.9636367Z tests/colors/test_color_conversion.py::test_rgb_to_hsl[input_color4-expected_color4] [32mPASSED[0m[32m [ 36%][0m
2025-02-28T15:25:40.9652699Z tests/colors/test_color_conversion.py::test_rgb_to_hsl[input_color5-expected_color5] [32mPASSED[0m[32m [ 36%][0m
2025-02-28T15:25:40.9667546Z tests/colors/test_color_conversion.py::test_rgb_to_hsl[input_color6-expected_color6] [32mPASSED[0m[32m [ 36%][0m
2025-02-28T15:25:40.9683224Z tests/colors/test_color_conversion.py::test_rgb_to_hsl[input_color7-expected_color7] [32mPASSED[0m[32m [ 36%][0m
2025-02-28T15:25:40.9698755Z tests/colors/test_color_conversion.py::test_rgb_to_hsl[input_color8-expected_color8] [32mPASSED[0m[32m [ 36%][0m
2025-02-28T15:25:40.9715090Z tests/colors/test_color_conversion.py::test_rgb_to_hsl[input_color9-expected_color9] [32mPASSED[0m[32m [ 37%][0m
2025-02-28T15:25:40.9730699Z tests/colors/test_color_conversion.py::test_rgb_to_hsl[input_color10-expected_color10] [32mPASSED[0m[32m [ 37%][0m
2025-02-28T15:25:40.9746411Z tests/colors/test_color_conversion.py::test_rgb_to_hsl[input_color11-expected_color11] [32mPASSED[0m[32m [ 37%][0m
2025-02-28T15:25:40.9761604Z tests/colors/test_color_conversion.py::test_hsla_to_hsl[input_color0-expected_color0] [32mPASSED[0m[32m [ 37%][0m
2025-02-28T15:25:40.9776642Z tests/colors/test_color_conversion.py::test_hsla_to_hsl[input_color1-expected_color1] [32mPASSED[0m[32m [ 37%][0m
2025-02-28T15:25:40.9793115Z tests/colors/test_color_conversion.py::test_hsla_to_hsl[input_color2-expected_color2] [32mPASSED[0m[32m [ 37%][0m
2025-02-28T15:25:40.9808091Z tests/colors/test_color_conversion.py::test_hsla_to_hsl[input_color3-expected_color3] [32mPASSED[0m[32m [ 37%][0m
2025-02-28T15:25:40.9823217Z tests/colors/test_color_conversion.py::test_hsla_to_hsl[input_color4-expected_color4] [32mPASSED[0m[32m [ 38%][0m
2025-02-28T15:25:40.9839113Z tests/colors/test_color_conversion.py::test_hsla_to_hsl[input_color5-expected_color5] [32mPASSED[0m[32m [ 38%][0m
2025-02-28T15:25:40.9854750Z tests/colors/test_color_conversion.py::test_hsla_to_hsl[input_color6-expected_color6] [32mPASSED[0m[32m [ 38%][0m
2025-02-28T15:25:40.9869783Z tests/colors/test_color_conversion.py::test_hsla_to_hsl[input_color7-expected_color7] [32mPASSED[0m[32m [ 38%][0m
2025-02-28T15:25:40.9885423Z tests/colors/test_color_conversion.py::test_hsla_to_hsl[input_color8-expected_color8] [32mPASSED[0m[32m [ 38%][0m
2025-02-28T15:25:40.9900666Z tests/colors/test_color_conversion.py::test_hsla_to_hsl[input_color9-expected_color9] [32mPASSED[0m[32m [ 38%][0m
2025-02-28T15:25:40.9916290Z tests/colors/test_color_conversion.py::test_hsla_to_hsl[input_color10-expected_color10] [32mPASSED[0m[32m [ 39%][0m
2025-02-28T15:25:40.9932214Z tests/colors/test_color_conversion.py::test_hsla_to_hsl[input_color11-expected_color11] [32mPASSED[0m[32m [ 39%][0m
2025-02-28T15:25:40.9947472Z tests/colors/test_color_conversion.py::test_hsla_to_hsl[input_color12-expected_color12] [32mPASSED[0m[32m [ 39%][0m
2025-02-28T15:25:40.9962787Z tests/colors/test_color_conversion.py::test_hsla_to_hsl[input_color13-expected_color13] [32mPASSED[0m[32m [ 39%][0m
2025-02-28T15:25:40.9978307Z tests/colors/test_color_conversion.py::test_hsla_to_hsl[input_color14-expected_color14] [32mPASSED[0m[32m [ 39%][0m
2025-02-28T15:25:40.9994015Z tests/colors/test_color_conversion.py::test_hsla_to_hsl[input_color15-expected_color15] [32mPASSED[0m[32m [ 39%][0m
2025-02-28T15:25:41.0010080Z tests/colors/test_color_conversion.py::test_hsla_to_rgba[input_color0-expected_color0] [32mPASSED[0m[32m [ 40%][0m
2025-02-28T15:25:41.0026406Z tests/colors/test_color_conversion.py::test_hsla_to_rgba[input_color1-expected_color1] [32mPASSED[0m[32m [ 40%][0m
2025-02-28T15:25:41.0042632Z tests/colors/test_color_conversion.py::test_hsla_to_rgba[input_color2-expected_color2] [32mPASSED[0m[32m [ 40%][0m
2025-02-28T15:25:41.0058286Z tests/colors/test_color_conversion.py::test_hsla_to_rgba[input_color3-expected_color3] [32mPASSED[0m[32m [ 40%][0m
2025-02-28T15:25:41.0074027Z tests/colors/test_color_conversion.py::test_hsla_to_rgba[input_color4-expected_color4] [32mPASSED[0m[32m [ 40%][0m
2025-02-28T15:25:41.0088948Z tests/colors/test_color_conversion.py::test_hsla_to_rgba[input_color5-expected_color5] [32mPASSED[0m[32m [ 40%][0m
2025-02-28T15:25:41.0104527Z tests/colors/test_color_conversion.py::test_hsla_to_rgba[input_color6-expected_color6] [32mPASSED[0m[32m [ 40%][0m
2025-02-28T15:25:41.0119939Z tests/colors/test_color_conversion.py::test_hsla_to_rgba[input_color7-expected_color7] [32mPASSED[0m[32m [ 41%][0m
2025-02-28T15:25:41.0135885Z tests/colors/test_color_conversion.py::test_hsla_to_rgba[input_color8-expected_color8] [32mPASSED[0m[32m [ 41%][0m
2025-02-28T15:25:41.0151834Z tests/colors/test_color_conversion.py::test_hsla_to_rgba[input_color9-expected_color9] [32mPASSED[0m[32m [ 41%][0m
2025-02-28T15:25:41.0167291Z tests/colors/test_color_conversion.py::test_hsla_to_rgba[input_color10-expected_color10] [32mPASSED[0m[32m [ 41%][0m
2025-02-28T15:25:41.0183059Z tests/colors/test_color_conversion.py::test_hsla_to_rgba[input_color11-expected_color11] [32mPASSED[0m[32m [ 41%][0m
2025-02-28T15:25:41.0197857Z tests/colors/test_color_conversion.py::test_hsla_to_rgba[input_color12-expected_color12] [32mPASSED[0m[32m [ 41%][0m
2025-02-28T15:25:41.0213466Z tests/colors/test_color_conversion.py::test_hsla_to_rgba[input_color13-expected_color13] [32mPASSED[0m[32m [ 42%][0m
2025-02-28T15:25:41.0228782Z tests/colors/test_color_conversion.py::test_hsla_to_rgba[input_color14-expected_color14] [32mPASSED[0m[32m [ 42%][0m
2025-02-28T15:25:41.0244772Z tests/colors/test_color_conversion.py::test_hsla_to_rgba[input_color15-expected_color15] [32mPASSED[0m[32m [ 42%][0m
2025-02-28T15:25:41.0259979Z tests/colors/test_color_conversion.py::test_hsla_to_rgb[input_color0-expected_color0] [32mPASSED[0m[32m [ 42%][0m
2025-02-28T15:25:41.0275606Z tests/colors/test_color_conversion.py::test_hsla_to_rgb[input_color1-expected_color1] [32mPASSED[0m[32m [ 42%][0m
2025-02-28T15:25:41.0290851Z tests/colors/test_color_conversion.py::test_hsla_to_rgb[input_color2-expected_color2] [32mPASSED[0m[32m [ 42%][0m
2025-02-28T15:25:41.0306414Z tests/colors/test_color_conversion.py::test_hsla_to_rgb[input_color3-expected_color3] [32mPASSED[0m[32m [ 42%][0m
2025-02-28T15:25:41.0321867Z tests/colors/test_color_conversion.py::test_hsla_to_rgb[input_color4-expected_color4] [32mPASSED[0m[32m [ 43%][0m
2025-02-28T15:25:41.0337106Z tests/colors/test_color_conversion.py::test_hsla_to_rgb[input_color5-expected_color5] [32mPASSED[0m[32m [ 43%][0m
2025-02-28T15:25:41.0352504Z tests/colors/test_color_conversion.py::test_hsla_to_rgb[input_color6-expected_color6] [32mPASSED[0m[32m [ 43%][0m
2025-02-28T15:25:41.0368270Z tests/colors/test_color_conversion.py::test_hsla_to_rgb[input_color7-expected_color7] [32mPASSED[0m[32m [ 43%][0m
2025-02-28T15:25:41.0383538Z tests/colors/test_color_conversion.py::test_hsla_to_rgb[input_color8-expected_color8] [32mPASSED[0m[32m [ 43%][0m
2025-02-28T15:25:41.0398766Z tests/colors/test_color_conversion.py::test_hsla_to_rgb[input_color9-expected_color9] [32mPASSED[0m[32m [ 43%][0m
2025-02-28T15:25:41.0414811Z tests/colors/test_color_conversion.py::test_hsla_to_rgb[input_color10-expected_color10] [32mPASSED[0m[32m [ 44%][0m
2025-02-28T15:25:41.0430190Z tests/colors/test_color_conversion.py::test_hsla_to_rgb[input_color11-expected_color11] [32mPASSED[0m[32m [ 44%][0m
2025-02-28T15:25:41.0446162Z tests/colors/test_color_conversion.py::test_hsla_to_rgb[input_color12-expected_color12] [32mPASSED[0m[32m [ 44%][0m
2025-02-28T15:25:41.0461892Z tests/colors/test_color_conversion.py::test_hsla_to_rgb[input_color13-expected_color13] [32mPASSED[0m[32m [ 44%][0m
2025-02-28T15:25:41.0477093Z tests/colors/test_color_conversion.py::test_hsla_to_rgb[input_color14-expected_color14] [32mPASSED[0m[32m [ 44%][0m
2025-02-28T15:25:41.0492526Z tests/colors/test_color_conversion.py::test_hsla_to_rgb[input_color15-expected_color15] [32mPASSED[0m[32m [ 44%][0m
2025-02-28T15:25:41.0511055Z tests/colors/test_color_conversion.py::test_hsl_to_hsla[input_color0-expected_color0] [32mPASSED[0m[32m [ 44%][0m
2025-02-28T15:25:41.0526890Z tests/colors/test_color_conversion.py::test_hsl_to_hsla[input_color1-expected_color1] [32mPASSED[0m[32m [ 45%][0m
2025-02-28T15:25:41.0542404Z tests/colors/test_color_conversion.py::test_hsl_to_hsla[input_color2-expected_color2] [32mPASSED[0m[32m [ 45%][0m
2025-02-28T15:25:41.0557576Z tests/colors/test_color_conversion.py::test_hsl_to_hsla[input_color3-expected_color3] [32mPASSED[0m[32m [ 45%][0m
2025-02-28T15:25:41.0573330Z tests/colors/test_color_conversion.py::test_hsl_to_hsla[input_color4-expected_color4] [32mPASSED[0m[32m [ 45%][0m
2025-02-28T15:25:41.0589163Z tests/colors/test_color_conversion.py::test_hsl_to_hsla[input_color5-expected_color5] [32mPASSED[0m[32m [ 45%][0m
2025-02-28T15:25:41.0605013Z tests/colors/test_color_conversion.py::test_hsl_to_hsla[input_color6-expected_color6] [32mPASSED[0m[32m [ 45%][0m
2025-02-28T15:25:41.0620379Z tests/colors/test_color_conversion.py::test_hsl_to_hsla[input_color7-expected_color7] [32mPASSED[0m[32m [ 46%][0m
2025-02-28T15:25:41.0637144Z tests/colors/test_color_conversion.py::test_hsl_to_hsla[input_color8-expected_color8] [32mPASSED[0m[32m [ 46%][0m
2025-02-28T15:25:41.0655290Z tests/colors/test_color_conversion.py::test_hsl_to_hsla[input_color9-expected_color9] [32mPASSED[0m[32m [ 46%][0m
2025-02-28T15:25:41.0671041Z tests/colors/test_color_conversion.py::test_hsl_to_hsla[input_color10-expected_color10] [32mPASSED[0m[32m [ 46%][0m
2025-02-28T15:25:41.0686544Z tests/colors/test_color_conversion.py::test_hsl_to_hsla[input_color11-expected_color11] [32mPASSED[0m[32m [ 46%][0m
2025-02-28T15:25:41.0702453Z tests/colors/test_color_conversion.py::test_hsl_to_rgba[input_color0-expected_color0] [32mPASSED[0m[32m [ 46%][0m
2025-02-28T15:25:41.0718050Z tests/colors/test_color_conversion.py::test_hsl_to_rgba[input_color1-expected_color1] [32mPASSED[0m[32m [ 46%][0m
2025-02-28T15:25:41.0734818Z tests/colors/test_color_conversion.py::test_hsl_to_rgba[input_color2-expected_color2] [32mPASSED[0m[32m [ 47%][0m
2025-02-28T15:25:41.0750211Z tests/colors/test_color_conversion.py::test_hsl_to_rgba[input_color3-expected_color3] [32mPASSED[0m[32m [ 47%][0m
2025-02-28T15:25:41.0766065Z tests/colors/test_color_conversion.py::test_hsl_to_rgba[input_color4-expected_color4] [32mPASSED[0m[32m [ 47%][0m
2025-02-28T15:25:41.0781711Z tests/colors/test_color_conversion.py::test_hsl_to_rgba[input_color5-expected_color5] [32mPASSED[0m[32m [ 47%][0m
2025-02-28T15:25:41.0797143Z tests/colors/test_color_conversion.py::test_hsl_to_rgba[input_color6-expected_color6] [32mPASSED[0m[32m [ 47%][0m
2025-02-28T15:25:41.0812800Z tests/colors/test_color_conversion.py::test_hsl_to_rgba[input_color7-expected_color7] [32mPASSED[0m[32m [ 47%][0m
2025-02-28T15:25:41.0828516Z tests/colors/test_color_conversion.py::test_hsl_to_rgba[input_color8-expected_color8] [32mPASSED[0m[32m [ 48%][0m
2025-02-28T15:25:41.0844544Z tests/colors/test_color_conversion.py::test_hsl_to_rgba[input_color9-expected_color9] [32mPASSED[0m[32m [ 48%][0m
2025-02-28T15:25:41.0860274Z tests/colors/test_color_conversion.py::test_hsl_to_rgba[input_color10-expected_color10] [32mPASSED[0m[32m [ 48%][0m
2025-02-28T15:25:41.0875999Z tests/colors/test_color_conversion.py::test_hsl_to_rgba[input_color11-expected_color11] [32mPASSED[0m[32m [ 48%][0m
2025-02-28T15:25:41.0891516Z tests/colors/test_color_conversion.py::test_hsl_to_rgb[input_color0-expected_color0] [32mPASSED[0m[32m [ 48%][0m
2025-02-28T15:25:41.0906930Z tests/colors/test_color_conversion.py::test_hsl_to_rgb[input_color1-expected_color1] [32mPASSED[0m[32m [ 48%][0m
2025-02-28T15:25:41.0922417Z tests/colors/test_color_conversion.py::test_hsl_to_rgb[input_color2-expected_color2] [32mPASSED[0m[32m [ 48%][0m
2025-02-28T15:25:41.0937482Z tests/colors/test_color_conversion.py::test_hsl_to_rgb[input_color3-expected_color3] [32mPASSED[0m[32m [ 49%][0m
2025-02-28T15:25:41.0953611Z tests/colors/test_color_conversion.py::test_hsl_to_rgb[input_color4-expected_color4] [32mPASSED[0m[32m [ 49%][0m
2025-02-28T15:25:41.0969001Z tests/colors/test_color_conversion.py::test_hsl_to_rgb[input_color5-expected_color5] [32mPASSED[0m[32m [ 49%][0m
2025-02-28T15:25:41.0985165Z tests/colors/test_color_conversion.py::test_hsl_to_rgb[input_color6-expected_color6] [32mPASSED[0m[32m [ 49%][0m
2025-02-28T15:25:41.1000444Z tests/colors/test_color_conversion.py::test_hsl_to_rgb[input_color7-expected_color7] [32mPASSED[0m[32m [ 49%][0m
2025-02-28T15:25:41.1016268Z tests/colors/test_color_conversion.py::test_hsl_to_rgb[input_color8-expected_color8] [32mPASSED[0m[32m [ 49%][0m
2025-02-28T15:25:41.1031985Z tests/colors/test_color_conversion.py::test_hsl_to_rgb[input_color9-expected_color9] [32mPASSED[0m[32m [ 50%][0m
2025-02-28T15:25:41.1047706Z tests/colors/test_color_conversion.py::test_hsl_to_rgb[input_color10-expected_color10] [32mPASSED[0m[32m [ 50%][0m
2025-02-28T15:25:41.1064543Z tests/colors/test_color_conversion.py::test_hsl_to_rgb[input_color11-expected_color11] [32mPASSED[0m[32m [ 50%][0m
2025-02-28T15:25:41.1079477Z tests/colors/test_constructor.py::test_repr[rgb-value0-rgb(10, 20, 30)] [32mPASSED[0m[32m [ 50%][0m
2025-02-28T15:25:41.1095454Z tests/colors/test_constructor.py::test_repr[rgba-value1-rgba(10, 20, 30, 0.5)] [32mPASSED[0m[32m [ 50%][0m
2025-02-28T15:25:41.1110271Z tests/colors/test_constructor.py::test_repr[hsl-value2-hsl(10, 0.2, 0.3)] [32mPASSED[0m[32m [ 50%][0m
2025-02-28T15:25:41.1125540Z tests/colors/test_constructor.py::test_repr[hsla-value3-hsla(10, 0.2, 0.3, 0.5)] [32mPASSED[0m[32m [ 51%][0m
2025-02-28T15:25:41.1138254Z tests/colors/test_constructor.py::test_rgb_hash [32mPASSED[0m[32m                   [ 51%][0m
2025-02-28T15:25:41.1151330Z tests/colors/test_constructor.py::test_rgba_hash [32mPASSED[0m[32m                  [ 51%][0m
2025-02-28T15:25:41.1164583Z tests/colors/test_constructor.py::test_hsl_hash [32mPASSED[0m[32m                   [ 51%][0m
2025-02-28T15:25:41.1177738Z tests/colors/test_constructor.py::test_hsla_hash [32mPASSED[0m[32m                  [ 51%][0m
2025-02-28T15:25:41.1193944Z tests/colors/test_constructor.py::test_hsl[value0-expected0] [32mPASSED[0m[32m      [ 51%][0m
2025-02-28T15:25:41.1209224Z tests/colors/test_constructor.py::test_hsl[value1-expected1] [32mPASSED[0m[32m      [ 51%][0m
2025-02-28T15:25:41.1224944Z tests/colors/test_constructor.py::test_hsl[value2-expected2] [32mPASSED[0m[32m      [ 52%][0m
2025-02-28T15:25:41.1240499Z tests/colors/test_constructor.py::test_hsl[value3-expected3] [32mPASSED[0m[32m      [ 52%][0m
2025-02-28T15:25:41.1256430Z tests/colors/test_constructor.py::test_hsl[value4-expected4] [32mPASSED[0m[32m      [ 52%][0m
2025-02-28T15:25:41.1271883Z tests/colors/test_constructor.py::test_hsl[value5-expected5] [32mPASSED[0m[32m      [ 52%][0m
2025-02-28T15:25:41.1287428Z tests/colors/test_constructor.py::test_hsl[value6-expected6] [32mPASSED[0m[32m      [ 52%][0m
2025-02-28T15:25:41.1302942Z tests/colors/test_constructor.py::test_hsl[value7-expected7] [32mPASSED[0m[32m      [ 52%][0m
2025-02-28T15:25:41.1318646Z tests/colors/test_constructor.py::test_hsl[value8-expected8] [32mPASSED[0m[32m      [ 53%][0m
2025-02-28T15:25:41.1334627Z tests/colors/test_constructor.py::test_hsl[value9-expected9] [32mPASSED[0m[32m      [ 53%][0m
2025-02-28T15:25:41.1349848Z tests/colors/test_constructor.py::test_hsl[value10-expected10] [32mPASSED[0m[32m    [ 53%][0m
2025-02-28T15:25:41.1368998Z tests/colors/test_constructor.py::test_hsl[value11-expected11] [32mPASSED[0m[32m    [ 53%][0m
2025-02-28T15:25:41.1383135Z tests/colors/test_constructor.py::test_hsl[value12-expected12] [32mPASSED[0m[32m    [ 53%][0m
2025-02-28T15:25:41.1399313Z tests/colors/test_constructor.py::test_hsl[value13-expected13] [32mPASSED[0m[32m    [ 53%][0m
2025-02-28T15:25:41.1415276Z tests/colors/test_constructor.py::test_hsl[value14-expected14] [32mPASSED[0m[32m    [ 53%][0m
2025-02-28T15:25:41.1432557Z tests/colors/test_constructor.py::test_hsl[value15-expected15] [32mPASSED[0m[32m    [ 54%][0m
2025-02-28T15:25:41.1447993Z tests/colors/test_constructor.py::test_hsl[value16-expected16] [32mPASSED[0m[32m    [ 54%][0m
2025-02-28T15:25:41.1465266Z tests/colors/test_constructor.py::test_hsl[value17-expected17] [32mPASSED[0m[32m    [ 54%][0m
2025-02-28T15:25:41.1480916Z tests/colors/test_constructor.py::test_hsl[value18-expected18] [32mPASSED[0m[32m    [ 54%][0m
2025-02-28T15:25:41.1497050Z tests/colors/test_constructor.py::test_hsl[value19-expected19] [32mPASSED[0m[32m    [ 54%][0m
2025-02-28T15:25:41.1512988Z tests/colors/test_constructor.py::test_hsl[value20-expected20] [32mPASSED[0m[32m    [ 54%][0m
2025-02-28T15:25:41.1528672Z tests/colors/test_constructor.py::test_hsl[value21-expected21] [32mPASSED[0m[32m    [ 55%][0m
2025-02-28T15:25:41.1545001Z tests/colors/test_constructor.py::test_hsl[value22-expected22] [32mPASSED[0m[32m    [ 55%][0m
2025-02-28T15:25:41.1560681Z tests/colors/test_constructor.py::test_hsl[value23-expected23] [32mPASSED[0m[32m    [ 55%][0m
2025-02-28T15:25:41.1576260Z tests/colors/test_constructor.py::test_hsl[value24-expected24] [32mPASSED[0m[32m    [ 55%][0m
2025-02-28T15:25:41.1591201Z tests/colors/test_constructor.py::test_hsl[value25-expected25] [32mPASSED[0m[32m    [ 55%][0m
2025-02-28T15:25:41.1606431Z tests/colors/test_constructor.py::test_hsl[value26-expected26] [32mPASSED[0m[32m    [ 55%][0m
2025-02-28T15:25:41.1621663Z tests/colors/test_constructor.py::test_hsl[value27-expected27] [32mPASSED[0m[32m    [ 55%][0m
2025-02-28T15:25:41.1636795Z tests/colors/test_constructor.py::test_hsl[value28-expected28] [32mPASSED[0m[32m    [ 56%][0m
2025-02-28T15:25:41.1651903Z tests/colors/test_constructor.py::test_hsl[value29-expected29] [32mPASSED[0m[32m    [ 56%][0m
2025-02-28T15:25:41.1666959Z tests/colors/test_constructor.py::test_hsl[value30-expected30] [32mPASSED[0m[32m    [ 56%][0m
2025-02-28T15:25:41.1682435Z tests/colors/test_constructor.py::test_hsl[value31-expected31] [32mPASSED[0m[32m    [ 56%][0m
2025-02-28T15:25:41.1697242Z tests/colors/test_constructor.py::test_hsl[value32-expected32] [32mPASSED[0m[32m    [ 56%][0m
2025-02-28T15:25:41.1712803Z tests/colors/test_constructor.py::test_hsl[value33-expected33] [32mPASSED[0m[32m    [ 56%][0m
2025-02-28T15:25:41.1727903Z tests/colors/test_constructor.py::test_hsl[value34-expected34] [32mPASSED[0m[32m    [ 57%][0m
2025-02-28T15:25:41.1743569Z tests/colors/test_constructor.py::test_hsl[value35-expected35] [32mPASSED[0m[32m    [ 57%][0m
2025-02-28T15:25:41.1758687Z tests/colors/test_constructor.py::test_hsl[value36-expected36] [32mPASSED[0m[32m    [ 57%][0m
2025-02-28T15:25:41.1775218Z tests/colors/test_constructor.py::test_hsl[value37-expected37] [32mPASSED[0m[32m    [ 57%][0m
2025-02-28T15:25:41.1790164Z tests/colors/test_constructor.py::test_hsl[value38-expected38] [32mPASSED[0m[32m    [ 57%][0m
2025-02-28T15:25:41.1805658Z tests/colors/test_constructor.py::test_hsl[value39-expected39] [32mPASSED[0m[32m    [ 57%][0m
2025-02-28T15:25:41.1820571Z tests/colors/test_constructor.py::test_hsl[value40-expected40] [32mPASSED[0m[32m    [ 57%][0m
2025-02-28T15:25:41.1835737Z tests/colors/test_constructor.py::test_hsl[value41-expected41] [32mPASSED[0m[32m    [ 58%][0m
2025-02-28T15:25:41.1850520Z tests/colors/test_constructor.py::test_hsl[value42-expected42] [32mPASSED[0m[32m    [ 58%][0m
2025-02-28T15:25:41.1866001Z tests/colors/test_constructor.py::test_hsl[value43-expected43] [32mPASSED[0m[32m    [ 58%][0m
2025-02-28T15:25:41.1880926Z tests/colors/test_constructor.py::test_hsl[value44-expected44] [32mPASSED[0m[32m    [ 58%][0m
2025-02-28T15:25:41.1896332Z tests/colors/test_constructor.py::test_hsl[value45-expected45] [32mPASSED[0m[32m    [ 58%][0m
2025-02-28T15:25:41.1911255Z tests/colors/test_constructor.py::test_hsl[value46-expected46] [32mPASSED[0m[32m    [ 58%][0m
2025-02-28T15:25:41.1927025Z tests/colors/test_constructor.py::test_hsl[value47-expected47] [32mPASSED[0m[32m    [ 59%][0m
2025-02-28T15:25:41.1942085Z tests/colors/test_constructor.py::test_hsl[value48-expected48] [32mPASSED[0m[32m    [ 59%][0m
2025-02-28T15:25:41.1957422Z tests/colors/test_constructor.py::test_hsl[value49-expected49] [32mPASSED[0m[32m    [ 59%][0m
2025-02-28T15:25:41.1972641Z tests/colors/test_constructor.py::test_hsl_alpha[value0-expected0] [32mPASSED[0m[32m [ 59%][0m
2025-02-28T15:25:41.1987623Z tests/colors/test_constructor.py::test_hsl_alpha[value1-expected1] [32mPASSED[0m[32m [ 59%][0m
2025-02-28T15:25:41.2002972Z tests/colors/test_constructor.py::test_hsl_alpha[value2-expected2] [32mPASSED[0m[32m [ 59%][0m
2025-02-28T15:25:41.2017571Z tests/colors/test_constructor.py::test_hsl_alpha[value3-expected3] [32mPASSED[0m[32m [ 60%][0m
2025-02-28T15:25:41.2033011Z tests/colors/test_constructor.py::test_hsl_alpha[value4-expected4] [32mPASSED[0m[32m [ 60%][0m
2025-02-28T15:25:41.2048450Z tests/colors/test_constructor.py::test_hsl_alpha[value5-expected5] [32mPASSED[0m[32m [ 60%][0m
2025-02-28T15:25:41.2064517Z tests/colors/test_constructor.py::test_hsl_alpha[value6-expected6] [32mPASSED[0m[32m [ 60%][0m
2025-02-28T15:25:41.2086160Z tests/colors/test_constructor.py::test_invalid_color_constructor[rgb-value0-red-0-255--1] [32mPASSED[0m[32m [ 60%][0m
2025-02-28T15:25:41.2107152Z tests/colors/test_constructor.py::test_invalid_color_constructor[rgb-value1-red-0-255-256] [32mPASSED[0m[32m [ 60%][0m
2025-02-28T15:25:41.2127886Z tests/colors/test_constructor.py::test_invalid_color_constructor[rgb-value2-green-0-255--1] [32mPASSED[0m[32m [ 60%][0m
2025-02-28T15:25:41.2148105Z tests/colors/test_constructor.py::test_invalid_color_constructor[rgb-value3-green-0-255-256] [32mPASSED[0m[32m [ 61%][0m
2025-02-28T15:25:41.2168486Z tests/colors/test_constructor.py::test_invalid_color_constructor[rgb-value4-blue-0-255--1] [32mPASSED[0m[32m [ 61%][0m
2025-02-28T15:25:41.2188401Z tests/colors/test_constructor.py::test_invalid_color_constructor[rgb-value5-blue-0-255-256] [32mPASSED[0m[32m [ 61%][0m
2025-02-28T15:25:41.2205952Z tests/colors/test_constructor.py::test_invalid_color_constructor[rgba-value6-red-0-255--1] [32mPASSED[0m[32m [ 61%][0m
2025-02-28T15:25:41.2223128Z tests/colors/test_constructor.py::test_invalid_color_constructor[rgba-value7-red-0-255-256] [32mPASSED[0m[32m [ 61%][0m
2025-02-28T15:25:41.2240191Z tests/colors/test_constructor.py::test_invalid_color_constructor[rgba-value8-green-0-255--1] [32mPASSED[0m[32m [ 61%][0m
2025-02-28T15:25:41.2257698Z tests/colors/test_constructor.py::test_invalid_color_constructor[rgba-value9-green-0-255-256] [32mPASSED[0m[32m [ 62%][0m
2025-02-28T15:25:41.2275423Z tests/colors/test_constructor.py::test_invalid_color_constructor[rgba-value10-blue-0-255--1] [32mPASSED[0m[32m [ 62%][0m
2025-02-28T15:25:41.2294263Z tests/colors/test_constructor.py::test_invalid_color_constructor[rgba-value11-blue-0-255-256] [32mPASSED[0m[32m [ 62%][0m
2025-02-28T15:25:41.2314944Z tests/colors/test_constructor.py::test_invalid_color_constructor[rgba-value12-alpha-0-1--0.5] [32mPASSED[0m[32m [ 62%][0m
2025-02-28T15:25:41.2335903Z tests/colors/test_constructor.py::test_invalid_color_constructor[rgba-value13-alpha-0-1-1.1] [32mPASSED[0m[32m [ 62%][0m
2025-02-28T15:25:41.2356759Z tests/colors/test_constructor.py::test_invalid_color_constructor[hsl-value14-hue-0-360--1] [32mPASSED[0m[32m [ 62%][0m
2025-02-28T15:25:41.2377627Z tests/colors/test_constructor.py::test_invalid_color_constructor[hsl-value15-hue-0-360-361] [32mPASSED[0m[32m [ 62%][0m
2025-02-28T15:25:41.2398375Z tests/colors/test_constructor.py::test_invalid_color_constructor[hsl-value16-saturation-0-1--0.1] [32mPASSED[0m[32m [ 63%][0m
2025-02-28T15:25:41.2419189Z tests/colors/test_constructor.py::test_invalid_color_constructor[hsl-value17-saturation-0-1-1.1] [32mPASSED[0m[32m [ 63%][0m
2025-02-28T15:25:41.2440255Z tests/colors/test_constructor.py::test_invalid_color_constructor[hsl-value18-lightness-0-1--0.1] [32mPASSED[0m[32m [ 63%][0m
2025-02-28T15:25:41.2460449Z tests/colors/test_constructor.py::test_invalid_color_constructor[hsl-value19-lightness-0-1-1.1] [32mPASSED[0m[32m [ 63%][0m
2025-02-28T15:25:41.2477749Z tests/colors/test_constructor.py::test_invalid_color_constructor[hsla-value20-hue-0-360--1] [32mPASSED[0m[32m [ 63%][0m
2025-02-28T15:25:41.2495205Z tests/colors/test_constructor.py::test_invalid_color_constructor[hsla-value21-hue-0-360-361] [32mPASSED[0m[32m [ 63%][0m
2025-02-28T15:25:41.2512652Z tests/colors/test_constructor.py::test_invalid_color_constructor[hsla-value22-saturation-0-1--0.1] [32mPASSED[0m[32m [ 64%][0m
2025-02-28T15:25:41.2529953Z tests/colors/test_constructor.py::test_invalid_color_constructor[hsla-value23-saturation-0-1-1.1] [32mPASSED[0m[32m [ 64%][0m
2025-02-28T15:25:41.2547638Z tests/colors/test_constructor.py::test_invalid_color_constructor[hsla-value24-lightness-0-1--0.1] [32mPASSED[0m[32m [ 64%][0m
2025-02-28T15:25:41.2565164Z tests/colors/test_constructor.py::test_invalid_color_constructor[hsla-value25-lightness-0-1-1.1] [32mPASSED[0m[32m [ 64%][0m
2025-02-28T15:25:41.2585590Z tests/colors/test_constructor.py::test_invalid_color_constructor[hsla-value26-alpha-0-1--0.1] [32mPASSED[0m[32m [ 64%][0m
2025-02-28T15:25:41.2604038Z tests/colors/test_constructor.py::test_invalid_color_constructor[hsla-value27-alpha-0-1-1.1] [32mPASSED[0m[32m [ 64%][0m
2025-02-28T15:25:41.2616576Z tests/colors/test_parsing.py::test_noop [32mPASSED[0m[32m                           [ 64%][0m
2025-02-28T15:25:41.2631127Z tests/colors/test_parsing.py::test_rgb[rgb(1,2,3)-expected0] [32mPASSED[0m[32m      [ 65%][0m
2025-02-28T15:25:41.2646002Z tests/colors/test_parsing.py::test_rgb[rgb(1, 2, 3)-expected1] [32mPASSED[0m[32m    [ 65%][0m
2025-02-28T15:25:41.2660705Z tests/colors/test_parsing.py::test_rgb[rgb( 1 , 2 , 3)-expected2] [32mPASSED[0m[32m [ 65%][0m
2025-02-28T15:25:41.2675906Z tests/colors/test_parsing.py::test_rgb[#123-expected3] [32mPASSED[0m[32m            [ 65%][0m
2025-02-28T15:25:41.2690155Z tests/colors/test_parsing.py::test_rgb[#112233-expected4] [32mPASSED[0m[32m         [ 65%][0m
2025-02-28T15:25:41.2705005Z tests/colors/test_parsing.py::test_rgb[#abc-expected5] [32mPASSED[0m[32m            [ 65%][0m
2025-02-28T15:25:41.2719263Z tests/colors/test_parsing.py::test_rgb[#ABC-expected6] [32mPASSED[0m[32m            [ 66%][0m
2025-02-28T15:25:41.2734061Z tests/colors/test_parsing.py::test_rgb[#abcdef-expected7] [32mPASSED[0m[32m         [ 66%][0m
2025-02-28T15:25:41.2748990Z tests/colors/test_parsing.py::test_rgb[#ABCDEF-expected8] [32mPASSED[0m[32m         [ 66%][0m
2025-02-28T15:25:41.2763006Z tests/colors/test_parsing.py::test_rgb_invalid[10, 20] [32mPASSED[0m[32m            [ 66%][0m
2025-02-28T15:25:41.2777137Z tests/colors/test_parsing.py::test_rgb_invalid[a, 10, 20] [32mPASSED[0m[32m         [ 66%][0m
2025-02-28T15:25:41.2791754Z tests/colors/test_parsing.py::test_rgb_invalid[10, b, 20] [32mPASSED[0m[32m         [ 66%][0m
2025-02-28T15:25:41.2805971Z tests/colors/test_parsing.py::test_rgb_invalid[10, 20, c] [32mPASSED[0m[32m         [ 66%][0m
2025-02-28T15:25:41.2820362Z tests/colors/test_parsing.py::test_rgb_invalid[10, 20, 30, 0.5] [32mPASSED[0m[32m   [ 67%][0m
2025-02-28T15:25:41.2835871Z tests/colors/test_parsing.py::test_rgba[rgba(1,2,3,0.5)-expected0] [32mPASSED[0m[32m [ 67%][0m
2025-02-28T15:25:41.2850498Z tests/colors/test_parsing.py::test_rgba[rgba(1, 2, 3, 0.5)-expected1] [32mPASSED[0m[32m [ 67%][0m
2025-02-28T15:25:41.2865686Z tests/colors/test_parsing.py::test_rgba[rgba( 1 , 2 , 3 , 0.5)-expected2] [32mPASSED[0m[32m [ 67%][0m
2025-02-28T15:25:41.2880237Z tests/colors/test_parsing.py::test_rgba[#1234-expected3] [32mPASSED[0m[32m          [ 67%][0m
2025-02-28T15:25:41.2895086Z tests/colors/test_parsing.py::test_rgba[#11223344-expected4] [32mPASSED[0m[32m      [ 67%][0m
2025-02-28T15:25:41.2909915Z tests/colors/test_parsing.py::test_rgba[#abcd-expected5] [32mPASSED[0m[32m          [ 68%][0m
2025-02-28T15:25:41.2924308Z tests/colors/test_parsing.py::test_rgba[#ABCD-expected6] [32mPASSED[0m[32m          [ 68%][0m
2025-02-28T15:25:41.2939493Z tests/colors/test_parsing.py::test_rgba[#abcdefba-expected7] [32mPASSED[0m[32m      [ 68%][0m
2025-02-28T15:25:41.2954254Z tests/colors/test_parsing.py::test_rgba[#ABCDEFBA-expected8] [32mPASSED[0m[32m      [ 68%][0m
2025-02-28T15:25:41.2967888Z tests/colors/test_parsing.py::test_rgba_invalid[10, 20, 30] [32mPASSED[0m[32m       [ 68%][0m
2025-02-28T15:25:41.2982329Z tests/colors/test_parsing.py::test_rgba_invalid[a, 10, 20, 0.5] [32mPASSED[0m[32m   [ 68%][0m
2025-02-28T15:25:41.2996048Z tests/colors/test_parsing.py::test_rgba_invalid[10, b, 20, 0.5] [32mPASSED[0m[32m   [ 68%][0m
2025-02-28T15:25:41.3010305Z tests/colors/test_parsing.py::test_rgba_invalid[10, 20, c, 0.5] [32mPASSED[0m[32m   [ 69%][0m
2025-02-28T15:25:41.3024634Z tests/colors/test_parsing.py::test_rgba_invalid[10, 20, 30, c] [32mPASSED[0m[32m    [ 69%][0m
2025-02-28T15:25:41.3038739Z tests/colors/test_parsing.py::test_rgba_invalid[10, 20, 30, 0.5, 5] [32mPASSED[0m[32m [ 69%][0m
2025-02-28T15:25:41.3053841Z tests/colors/test_parsing.py::test_hsl[1,20%,30%] [32mPASSED[0m[32m                 [ 69%][0m
2025-02-28T15:25:41.3068414Z tests/colors/test_parsing.py::test_hsl[1, 20%, 30%] [32mPASSED[0m[32m               [ 69%][0m
2025-02-28T15:25:41.3082887Z tests/colors/test_parsing.py::test_hsl[1, 20% , 30%] [32mPASSED[0m[32m              [ 69%][0m
2025-02-28T15:25:41.3096962Z tests/colors/test_parsing.py::test_hsl_invalid[1, 20%] [32mPASSED[0m[32m            [ 70%][0m
2025-02-28T15:25:41.3111035Z tests/colors/test_parsing.py::test_hsl_invalid[a, 20%, 30%] [32mPASSED[0m[32m       [ 70%][0m
2025-02-28T15:25:41.3125230Z tests/colors/test_parsing.py::test_hsl_invalid[1, a, 30%] [32mPASSED[0m[32m         [ 70%][0m
2025-02-28T15:25:41.3152954Z tests/colors/test_parsing.py::test_hsl_invalid[1, 20%, a)] [32mPASSED[0m[32m        [ 70%][0m
2025-02-28T15:25:41.3166032Z tests/colors/test_parsing.py::test_hsl_invalid[1, 20%, 30%, 0.5)] [32mPASSED[0m[32m [ 70%][0m
2025-02-28T15:25:41.3179710Z tests/colors/test_parsing.py::test_hsla[1,20%,30%,0.5] [32mPASSED[0m[32m            [ 70%][0m
2025-02-28T15:25:41.3193644Z tests/colors/test_parsing.py::test_hsla[1, 20%, 30%, 0.5] [32mPASSED[0m[32m         [ 71%][0m
2025-02-28T15:25:41.3207265Z tests/colors/test_parsing.py::test_hsla[ 1, 20% , 30% , 0.5] [32mPASSED[0m[32m      [ 71%][0m
2025-02-28T15:25:41.3221192Z tests/colors/test_parsing.py::test_hsla_invalid[1, 20%, 30%] [32mPASSED[0m[32m      [ 71%][0m
2025-02-28T15:25:41.3234971Z tests/colors/test_parsing.py::test_hsla_invalid[a, 20%, 30%, 0.5] [32mPASSED[0m[32m [ 71%][0m
2025-02-28T15:25:41.3248237Z tests/colors/test_parsing.py::test_hsla_invalid[1, a, 30%, 0.5] [32mPASSED[0m[32m   [ 71%][0m
2025-02-28T15:25:41.3262250Z tests/colors/test_parsing.py::test_hsla_invalid[1, 20%, a, 0.5] [32mPASSED[0m[32m   [ 71%][0m
2025-02-28T15:25:41.3275278Z tests/colors/test_parsing.py::test_hsla_invalid[1, 20%, 30%, a] [32mPASSED[0m[32m   [ 71%][0m
2025-02-28T15:25:41.3288542Z tests/colors/test_parsing.py::test_hsla_invalid[1, 20%, 30%, 0.5, 5] [32mPASSED[0m[32m [ 72%][0m
2025-02-28T15:25:41.3303862Z tests/colors/test_parsing.py::test_named_color[Red-expected0] [32mPASSED[0m[32m     [ 72%][0m
2025-02-28T15:25:41.3317867Z tests/colors/test_parsing.py::test_named_color[RED-expected1] [32mPASSED[0m[32m     [ 72%][0m
2025-02-28T15:25:41.3332337Z tests/colors/test_parsing.py::test_named_color[red-expected2] [32mPASSED[0m[32m     [ 72%][0m
2025-02-28T15:25:41.3346417Z tests/colors/test_parsing.py::test_named_color[rEd-expected3] [32mPASSED[0m[32m     [ 72%][0m
2025-02-28T15:25:41.3360596Z tests/colors/test_parsing.py::test_named_color[CornflowerBlue-expected4] [32mPASSED[0m[32m [ 72%][0m
2025-02-28T15:25:41.3376256Z tests/colors/test_parsing.py::test_named_color[cornflowerblue-expected5] [32mPASSED[0m[32m [ 73%][0m
2025-02-28T15:25:41.3390369Z tests/colors/test_parsing.py::test_named_color[CORNFLOWERBLUE-expected6] [32mPASSED[0m[32m [ 73%][0m
2025-02-28T15:25:41.3405024Z tests/colors/test_parsing.py::test_named_color[Cornflowerblue-expected7] [32mPASSED[0m[32m [ 73%][0m
2025-02-28T15:25:41.3419597Z tests/colors/test_parsing.py::test_named_color[CoRnFlOwErBlUe-expected8] [32mPASSED[0m[32m [ 73%][0m
2025-02-28T15:25:41.3432374Z tests/colors/test_parsing.py::test_named_color_invalid [32mPASSED[0m[32m            [ 73%][0m
2025-02-28T15:25:41.3445682Z tests/colors/test_parsing.py::test_hash_mark_invalid[1] [32mPASSED[0m[32m           [ 73%][0m
2025-02-28T15:25:41.3458993Z tests/colors/test_parsing.py::test_hash_mark_invalid[2] [32mPASSED[0m[32m           [ 73%][0m
2025-02-28T15:25:41.3472223Z tests/colors/test_parsing.py::test_hash_mark_invalid[5] [32mPASSED[0m[32m           [ 74%][0m
2025-02-28T15:25:41.3486126Z tests/colors/test_parsing.py::test_hash_mark_invalid[7] [32mPASSED[0m[32m           [ 74%][0m
2025-02-28T15:25:41.3499832Z tests/colors/test_parsing.py::test_hash_mark_invalid[9] [32mPASSED[0m[32m           [ 74%][0m
2025-02-28T15:25:41.3514344Z tests/colors/test_parsing.py::test_hash_mark_invalid[10] [32mPASSED[0m[32m          [ 74%][0m
2025-02-28T15:25:41.3542106Z tests/test_choices.py::test_none[Style] [32mPASSED[0m[32m                           [ 74%][0m
2025-02-28T15:25:41.3563295Z tests/test_choices.py::test_none[DeprecatedStyle] [32mPASSED[0m[32m                 [ 74%][0m
2025-02-28T15:25:41.3589104Z tests/test_choices.py::test_allow_string[Style] [32mPASSED[0m[32m                   [ 75%][0m
2025-02-28T15:25:41.3610404Z tests/test_choices.py::test_allow_string[DeprecatedStyle] [32mPASSED[0m[32m         [ 75%][0m
2025-02-28T15:25:41.3636103Z tests/test_choices.py::test_allow_integer[Style] [32mPASSED[0m[32m                  [ 75%][0m
2025-02-28T15:25:41.3656172Z tests/test_choices.py::test_allow_integer[DeprecatedStyle] [32mPASSED[0m[32m        [ 75%][0m
2025-02-28T15:25:41.3681769Z tests/test_choices.py::test_allow_number[Style] [32mPASSED[0m[32m                   [ 75%][0m
2025-02-28T15:25:41.3702281Z tests/test_choices.py::test_allow_number[DeprecatedStyle] [32mPASSED[0m[32m         [ 75%][0m
2025-02-28T15:25:41.3731076Z tests/test_choices.py::test_allow_color[Style] [32mPASSED[0m[32m                    [ 75%][0m
2025-02-28T15:25:41.3753549Z tests/test_choices.py::test_allow_color[DeprecatedStyle] [32mPASSED[0m[32m          [ 76%][0m
2025-02-28T15:25:41.3779670Z tests/test_choices.py::test_values[Style] [32mPASSED[0m[32m                         [ 76%][0m
2025-02-28T15:25:41.3800011Z tests/test_choices.py::test_values[DeprecatedStyle] [32mPASSED[0m[32m               [ 76%][0m
2025-02-28T15:25:41.3831629Z tests/test_choices.py::test_multiple_choices[Style] [32mPASSED[0m[32m               [ 76%][0m
2025-02-28T15:25:41.3855733Z tests/test_choices.py::test_multiple_choices[DeprecatedStyle] [32mPASSED[0m[32m     [ 76%][0m
2025-02-28T15:25:41.3873843Z tests/test_choices.py::test_string_symbol[Style] [32mPASSED[0m[32m                  [ 76%][0m
2025-02-28T15:25:41.3893422Z tests/test_choices.py::test_string_symbol[DeprecatedStyle] [32mPASSED[0m[32m        [ 77%][0m
2025-02-28T15:25:41.3906820Z tests/test_fonts.py::test_equality[font0] [32mPASSED[0m[32m                         [ 77%][0m
2025-02-28T15:25:41.3919900Z tests/test_fonts.py::test_equality[font1] [32mPASSED[0m[32m                         [ 77%][0m
2025-02-28T15:25:41.3933350Z tests/test_fonts.py::test_equality[font2] [32mPASSED[0m[32m                         [ 77%][0m
2025-02-28T15:25:41.3946404Z tests/test_fonts.py::test_inqequality[font0] [32mPASSED[0m[32m                      [ 77%][0m
2025-02-28T15:25:41.3959439Z tests/test_fonts.py::test_inqequality[font1] [32mPASSED[0m[32m                      [ 77%][0m
2025-02-28T15:25:41.3973250Z tests/test_fonts.py::test_inqequality[font2] [32mPASSED[0m[32m                      [ 77%][0m
2025-02-28T15:25:41.3986822Z tests/test_fonts.py::test_inqequality[a string] [32mPASSED[0m[32m                   [ 78%][0m
2025-02-28T15:25:41.3999786Z tests/test_fonts.py::test_inqequality[5] [32mPASSED[0m[32m                          [ 78%][0m
2025-02-28T15:25:41.4012246Z tests/test_fonts.py::test_hash [32mPASSED[0m[32m                                    [ 78%][0m
2025-02-28T15:25:41.4027000Z tests/test_fonts.py::test_repr[12-kwargs0-12pt] [32mPASSED[0m[32m                   [ 78%][0m
2025-02-28T15:25:41.4041722Z tests/test_fonts.py::test_repr[12-kwargs1-italic 12pt] [32mPASSED[0m[32m            [ 78%][0m
2025-02-28T15:25:41.4056287Z tests/test_fonts.py::test_repr[12-kwargs2-italic small-caps 12pt] [32mPASSED[0m[32m [ 78%][0m
2025-02-28T15:25:41.4070735Z tests/test_fonts.py::test_repr[12-kwargs3-italic small-caps bold 12pt] [32mPASSED[0m[32m [ 79%][0m
2025-02-28T15:25:41.4085423Z tests/test_fonts.py::test_repr[12-kwargs4-small-caps bold 12pt] [32mPASSED[0m[32m   [ 79%][0m
2025-02-28T15:25:41.4099817Z tests/test_fonts.py::test_repr[12-kwargs5-bold 12pt] [32mPASSED[0m[32m              [ 79%][0m
2025-02-28T15:25:41.4114890Z tests/test_fonts.py::test_repr[12-kwargs6-italic bold 12pt] [32mPASSED[0m[32m       [ 79%][0m
2025-02-28T15:25:41.4129352Z tests/test_fonts.py::test_repr[-1-kwargs7-system default size] [32mPASSED[0m[32m    [ 79%][0m
2025-02-28T15:25:41.4144190Z tests/test_fonts.py::test_repr[-1-kwargs8-italic system default size] [32mPASSED[0m[32m [ 79%][0m
2025-02-28T15:25:41.4157127Z tests/test_fonts.py::test_simple_construction[12_0] [32mPASSED[0m[32m               [ 80%][0m
2025-02-28T15:25:41.4169833Z tests/test_fonts.py::test_simple_construction[12_1] [32mPASSED[0m[32m               [ 80%][0m
2025-02-28T15:25:41.4183199Z tests/test_fonts.py::test_simple_construction[12pt] [32mPASSED[0m[32m               [ 80%][0m
2025-02-28T15:25:41.4196261Z tests/test_fonts.py::test_simple_construction[12 pt] [32mPASSED[0m[32m              [ 80%][0m
2025-02-28T15:25:41.4210847Z tests/test_fonts.py::test_invalid_construction [32mPASSED[0m[32m                    [ 80%][0m
2025-02-28T15:25:41.4223982Z tests/test_fonts.py::test_family[Comics Sans] [32mPASSED[0m[32m                     [ 80%][0m
2025-02-28T15:25:41.4237044Z tests/test_fonts.py::test_family[Wingdings] [32mPASSED[0m[32m                       [ 80%][0m
2025-02-28T15:25:41.4249952Z tests/test_fonts.py::test_family['Comic Sans'] [32mPASSED[0m[32m                    [ 81%][0m
2025-02-28T15:25:41.4263108Z tests/test_fonts.py::test_family["Comic Sans"] [32mPASSED[0m[32m                    [ 81%][0m
2025-02-28T15:25:41.4277154Z tests/test_fonts.py::test_style[italic-italic0] [32mPASSED[0m[32m                   [ 81%][0m
2025-02-28T15:25:41.4291600Z tests/test_fonts.py::test_style[italic-italic1] [32mPASSED[0m[32m                   [ 81%][0m
2025-02-28T15:25:41.4305940Z tests/test_fonts.py::test_style[oblique-oblique0] [32mPASSED[0m[32m                 [ 81%][0m
2025-02-28T15:25:41.4320128Z tests/test_fonts.py::test_style[oblique-oblique1] [32mPASSED[0m[32m                 [ 81%][0m
2025-02-28T15:25:41.4334671Z tests/test_fonts.py::test_style[something else-normal] [32mPASSED[0m[32m            [ 82%][0m
2025-02-28T15:25:41.4348259Z tests/test_fonts.py::test_make_normal_style[kwargs0] [32mPASSED[0m[32m              [ 82%][0m
2025-02-28T15:25:41.4362284Z tests/test_fonts.py::test_make_normal_style[kwargs1] [32mPASSED[0m[32m              [ 82%][0m
2025-02-28T15:25:41.4376895Z tests/test_fonts.py::test_make_slanted[italic-italic] [32mPASSED[0m[32m             [ 82%][0m
2025-02-28T15:25:41.4391921Z tests/test_fonts.py::test_make_slanted[oblique-oblique] [32mPASSED[0m[32m           [ 82%][0m
2025-02-28T15:25:41.4407623Z tests/test_fonts.py::test_variant[small-caps-small-caps0] [32mPASSED[0m[32m         [ 82%][0m
2025-02-28T15:25:41.4422664Z tests/test_fonts.py::test_variant[small-caps-small-caps1] [32mPASSED[0m[32m         [ 82%][0m
2025-02-28T15:25:41.4436809Z tests/test_fonts.py::test_variant[something else-normal] [32mPASSED[0m[32m          [ 83%][0m
2025-02-28T15:25:41.4450922Z tests/test_fonts.py::test_make_normal_variant[kwargs0] [32mPASSED[0m[32m            [ 83%][0m
2025-02-28T15:25:41.4464826Z tests/test_fonts.py::test_make_normal_variant[kwargs1] [32mPASSED[0m[32m            [ 83%][0m
2025-02-28T15:25:41.4477641Z tests/test_fonts.py::test_make_small_caps [32mPASSED[0m[32m                         [ 83%][0m
2025-02-28T15:25:41.4492460Z tests/test_fonts.py::test_weight[bold-bold0] [32mPASSED[0m[32m                      [ 83%][0m
2025-02-28T15:25:41.4506638Z tests/test_fonts.py::test_weight[bold-bold1] [32mPASSED[0m[32m                      [ 83%][0m
2025-02-28T15:25:41.4521053Z tests/test_fonts.py::test_weight[something else-normal] [32mPASSED[0m[32m           [ 84%][0m
2025-02-28T15:25:41.4534796Z tests/test_fonts.py::test_make_normal_weight[kwargs0] [32mPASSED[0m[32m             [ 84%][0m
2025-02-28T15:25:41.4548173Z tests/test_fonts.py::test_make_normal_weight[kwargs1] [32mPASSED[0m[32m             [ 84%][0m
2025-02-28T15:25:41.4561026Z tests/test_fonts.py::test_make_bold [32mPASSED[0m[32m                               [ 84%][0m
2025-02-28T15:25:41.4573529Z tests/test_layout.py::test_viewport_default [32mPASSED[0m[32m                       [ 84%][0m
2025-02-28T15:25:41.4585343Z tests/test_layout.py::test_viewport_constructor [32mPASSED[0m[32m                   [ 84%][0m
2025-02-28T15:25:41.4600533Z tests/test_layout.py::test_repr [32mPASSED[0m[32m                                   [ 84%][0m
2025-02-28T15:25:41.4615354Z tests/test_layout.py::test_initial [32mPASSED[0m[32m                                [ 85%][0m
2025-02-28T15:25:41.4634414Z tests/test_layout.py::test_set_content_dimension[content_top-5-expected10-7-expected20] [32mPASSED[0m[32m [ 85%][0m
2025-02-28T15:25:41.4653199Z tests/test_layout.py::test_set_content_dimension[content_left-5-expected11-7-expected21] [32mPASSED[0m[32m [ 85%][0m
2025-02-28T15:25:41.4671518Z tests/test_layout.py::test_set_content_dimension[min_content_width-8-expected12-9-expected22] [32mPASSED[0m[32m [ 85%][0m
2025-02-28T15:25:41.4689781Z tests/test_layout.py::test_set_content_dimension[content_width-5-expected13-7-expected23] [32mPASSED[0m[32m [ 85%][0m
2025-02-28T15:25:41.4708457Z tests/test_layout.py::test_set_content_dimension[min_content_height-7-expected14-8-expected24] [32mPASSED[0m[32m [ 85%][0m
2025-02-28T15:25:41.4727936Z tests/test_layout.py::test_set_content_dimension[content_height-10-expected15-12-expected25] [32mPASSED[0m[32m [ 86%][0m
2025-02-28T15:25:41.4744008Z tests/test_layout.py::test_descendent_offsets [32mPASSED[0m[32m                     [ 86%][0m
2025-02-28T15:25:41.4760929Z tests/test_layout.py::test_absolute_equalities [32mPASSED[0m[32m                    [ 86%][0m
2025-02-28T15:25:41.4779405Z tests/test_node.py::test_create_leaf [32mPASSED[0m[32m                              [ 86%][0m
2025-02-28T15:25:41.4802535Z tests/test_node.py::test_create_node [32mPASSED[0m[32m                              [ 86%][0m
2025-02-28T15:25:41.4832176Z tests/test_node.py::test_refresh[Style] [32mPASSED[0m[32m                           [ 86%][0m
2025-02-28T15:25:41.4864625Z tests/test_node.py::test_refresh[OldStyle] [32mPASSED[0m[32m                        [ 86%][0m
2025-02-28T15:25:41.4880327Z tests/test_node.py::test_refresh_no_op [32mPASSED[0m[32m                            [ 87%][0m
2025-02-28T15:25:41.4902092Z tests/test_node.py::test_type_error_in_layout[TypeErrorStyle] [32mPASSED[0m[32m     [ 87%][0m
2025-02-28T15:25:41.4922201Z tests/test_node.py::test_type_error_in_layout[OldTypeErrorStyle] [32mPASSED[0m[32m  [ 87%][0m
2025-02-28T15:25:41.4941690Z tests/test_node.py::test_add [32mPASSED[0m[32m                                      [ 87%][0m
2025-02-28T15:25:41.4965142Z tests/test_node.py::test_insert [32mPASSED[0m[32m                                   [ 87%][0m
2025-02-28T15:25:41.4986392Z tests/test_node.py::test_insert_leaf [32mPASSED[0m[32m                              [ 87%][0m
2025-02-28T15:25:41.5007571Z tests/test_node.py::test_remove [32mPASSED[0m[32m                                   [ 88%][0m
2025-02-28T15:25:41.5029003Z tests/test_node.py::test_remove_leaf [32mPASSED[0m[32m                              [ 88%][0m
2025-02-28T15:25:41.5050191Z tests/test_node.py::test_clear [32mPASSED[0m[32m                                    [ 88%][0m
2025-02-28T15:25:41.5066068Z tests/test_node.py::test_clear_leaf [32mPASSED[0m[32m                               [ 88%][0m
2025-02-28T15:25:41.5086280Z tests/test_node.py::test_create_with_no_applicator [32mPASSED[0m[32m                [ 88%][0m
2025-02-28T15:25:41.5108011Z tests/test_node.py::test_create_with_applicator [32mPASSED[0m[32m                   [ 88%][0m
2025-02-28T15:25:41.5125745Z tests/test_node.py::test_assign_applicator[node0] [32mPASSED[0m[32m                 [ 88%][0m
2025-02-28T15:25:41.5142083Z tests/test_node.py::test_assign_applicator[node1] [32mPASSED[0m[32m                 [ 89%][0m
2025-02-28T15:25:41.5155956Z tests/test_node.py::test_assign_applicator_none[node0] [32mPASSED[0m[32m            [ 89%][0m
2025-02-28T15:25:41.5169726Z tests/test_node.py::test_assign_applicator_none[node1] [32mPASSED[0m[32m            [ 89%][0m
2025-02-28T15:25:41.5200029Z tests/test_node.py::test_assign_style_with_applicator [32mPASSED[0m[32m             [ 89%][0m
2025-02-28T15:25:41.5226733Z tests/test_node.py::test_assign_style_with_no_applicator [32mPASSED[0m[32m          [ 89%][0m
2025-02-28T15:25:41.5242833Z tests/test_node.py::test_apply_before_node_is_ready [32mPASSED[0m[32m               [ 89%][0m
2025-02-28T15:25:41.5258229Z tests/test_node.py::test_applicator_has_node_reference [32mPASSED[0m[32m            [ 90%][0m
2025-02-28T15:25:41.5270730Z tests/test_size.py::test_at_least_repr [32mPASSED[0m[32m                            [ 90%][0m
2025-02-28T15:25:41.5283064Z tests/test_size.py::test_at_least_eq [32mPASSED[0m[32m                              [ 90%][0m
2025-02-28T15:25:41.5297341Z tests/test_size.py::test_size_repr [32mPASSED[0m[32m                                [ 90%][0m
2025-02-28T15:25:41.5310709Z tests/test_style.py::test_invalid_style [32mPASSED[0m[32m                           [ 90%][0m
2025-02-28T15:25:41.5330805Z tests/test_style.py::test_positional_argument[Style] [32mPASSED[0m[32m              [ 90%][0m
2025-02-28T15:25:41.5346323Z tests/test_style.py::test_positional_argument[DeprecatedStyle] [32mPASSED[0m[32m    [ 91%][0m
2025-02-28T15:25:41.5368481Z tests/test_style.py::test_create_and_copy[Style] [32mPASSED[0m[32m                  [ 91%][0m
2025-02-28T15:25:41.5390273Z tests/test_style.py::test_create_and_copy[DeprecatedStyle] [32mPASSED[0m[32m        [ 91%][0m
2025-02-28T15:25:41.5408511Z tests/test_style.py::test_deprecated_copy [32mPASSED[0m[32m                         [ 91%][0m
2025-02-28T15:25:41.5430437Z tests/test_style.py::test_apply[Style] [32mPASSED[0m[32m                            [ 91%][0m
2025-02-28T15:25:41.5448669Z tests/test_style.py::test_apply[DeprecatedStyle] [32mPASSED[0m[32m                  [ 91%][0m
2025-02-28T15:25:41.5467699Z tests/test_style.py::test_property_with_explicit_const[Style] [32mPASSED[0m[32m     [ 91%][0m
2025-02-28T15:25:41.5487152Z tests/test_style.py::test_property_with_explicit_const[DeprecatedStyle] [32mPASSED[0m[32m [ 92%][0m
2025-02-28T15:25:41.5506243Z tests/test_style.py::test_property_with_explicit_value[Style] [32mPASSED[0m[32m     [ 92%][0m
2025-02-28T15:25:41.5528379Z tests/test_style.py::test_property_with_explicit_value[DeprecatedStyle] [32mPASSED[0m[32m [ 92%][0m
2025-02-28T15:25:41.5548452Z tests/test_style.py::test_property_with_explicit_none[Style] [32mPASSED[0m[32m      [ 92%][0m
2025-02-28T15:25:41.5568096Z tests/test_style.py::test_property_with_explicit_none[DeprecatedStyle] [32mPASSED[0m[32m [ 92%][0m
2025-02-28T15:25:41.5587163Z tests/test_style.py::test_property_with_implicit_default[Style] [32mPASSED[0m[32m   [ 92%][0m
2025-02-28T15:25:41.5606630Z tests/test_style.py::test_property_with_implicit_default[DeprecatedStyle] [32mPASSED[0m[32m [ 93%][0m
2025-02-28T15:25:41.5622120Z tests/test_style.py::test_set_initial_no_apply[Style] [32mPASSED[0m[32m             [ 93%][0m
2025-02-28T15:25:41.5637666Z tests/test_style.py::test_set_initial_no_apply[DeprecatedStyle] [32mPASSED[0m[32m   [ 93%][0m
2025-02-28T15:25:41.5667284Z tests/test_style.py::test_directional_property[Style] [32mPASSED[0m[32m             [ 93%][0m
2025-02-28T15:25:41.5697218Z tests/test_style.py::test_directional_property[DeprecatedStyle] [32mPASSED[0m[32m   [ 93%][0m
2025-02-28T15:25:41.5716064Z tests/test_style.py::test_list_property[value0-expected0] [32mPASSED[0m[32m         [ 93%][0m
2025-02-28T15:25:41.5734593Z tests/test_style.py::test_list_property[value1-expected1] [32mPASSED[0m[32m         [ 93%][0m
2025-02-28T15:25:41.5752947Z tests/test_style.py::test_list_property[value2-expected2] [32mPASSED[0m[32m         [ 94%][0m
2025-02-28T15:25:41.5771662Z tests/test_style.py::test_list_property[value3-expected3] [32mPASSED[0m[32m         [ 94%][0m
2025-02-28T15:25:41.5790406Z tests/test_style.py::test_list_property[value4-expected4] [32mPASSED[0m[32m         [ 94%][0m
2025-02-28T15:25:41.5810418Z tests/test_style.py::test_list_property[value5-expected5] [32mPASSED[0m[32m         [ 94%][0m
2025-02-28T15:25:41.5829936Z tests/test_style.py::test_list_property[value6-expected6] [32mPASSED[0m[32m         [ 94%][0m
2025-02-28T15:25:41.5854034Z tests/test_style.py::test_list_property_invalid[5-TypeError-Value for list property list_prop must be a sequence\\.] [32mPASSED[0m[32m [ 94%][0m
2025-02-28T15:25:41.5877422Z tests/test_style.py::test_list_property_invalid[<genexpr>-TypeError-Value for list property list_prop must be a sequence.] [32mPASSED[0m[32m [ 95%][0m
2025-02-28T15:25:41.5904741Z tests/test_style.py::test_list_property_invalid[value2-ValueError-Invalid item value 'bogus' for list property list_prop; Valid values are: none, value1, value2, value3, <integer>] [32mPASSED[0m[32m [ 95%][0m
2025-02-28T15:25:41.5929685Z tests/test_style.py::test_list_property_invalid[value3-ValueError-List properties cannot be set to an empty sequence; to reset a property, use del `style.list_prop`\\.] [32mPASSED[0m[32m [ 95%][0m
2025-02-28T15:25:41.5948215Z tests/test_style.py::test_list_property_invalid[value4-ValueError-List properties cannot be set to an empty sequence; to reset a property, use del `style.list_prop`\\.] [32mPASSED[0m[32m [ 95%][0m
2025-02-28T15:25:41.5975274Z tests/test_style.py::test_list_property_immutable [32mPASSED[0m[32m                 [ 95%][0m
2025-02-28T15:25:41.5994520Z tests/test_style.py::test_list_property_list_like [32mPASSED[0m[32m                 [ 95%][0m
2025-02-28T15:25:41.6013889Z tests/test_style.py::test_set_multiple_properties[Style] [32mPASSED[0m[32m          [ 95%][0m
2025-02-28T15:25:41.6034180Z tests/test_style.py::test_set_multiple_properties[DeprecatedStyle] [32mPASSED[0m[32m [ 96%][0m
2025-02-28T15:25:41.6054266Z tests/test_style.py::test_str[Style] [32mPASSED[0m[32m                              [ 96%][0m
2025-02-28T15:25:41.6073942Z tests/test_style.py::test_str[DeprecatedStyle] [32mPASSED[0m[32m                    [ 96%][0m
2025-02-28T15:25:41.6098601Z tests/test_style.py::test_dict[Style] [32mPASSED[0m[32m                             [ 96%][0m
2025-02-28T15:25:41.6123304Z tests/test_style.py::test_dict[DeprecatedStyle] [32mPASSED[0m[32m                   [ 96%][0m
2025-02-28T15:25:41.6151571Z tests/test_style.py::test_set_to_initial[Style] [32mPASSED[0m[32m                   [ 96%][0m
2025-02-28T15:25:41.6179220Z tests/test_style.py::test_set_to_initial[DeprecatedStyle] [32mPASSED[0m[32m         [ 97%][0m
2025-02-28T15:25:41.6209769Z tests/test_style.py::test_union_operators[True-Style] [32mPASSED[0m[32m             [ 97%][0m
2025-02-28T15:25:41.6238973Z tests/test_style.py::test_union_operators[True-DeprecatedStyle] [32mPASSED[0m[32m   [ 97%][0m
2025-02-28T15:25:41.6264180Z tests/test_style.py::test_union_operators[False-Style] [32mPASSED[0m[32m            [ 97%][0m
2025-02-28T15:25:41.6288725Z tests/test_style.py::test_union_operators[False-DeprecatedStyle] [32mPASSED[0m[32m  [ 97%][0m
2025-02-28T15:25:41.6309928Z tests/test_style.py::test_union_operators_invalid_type[Style-StyleSubclass] [32mPASSED[0m[32m [ 97%][0m
2025-02-28T15:25:41.6327070Z tests/test_style.py::test_union_operators_invalid_type[Style-Sibling] [32mPASSED[0m[32m [ 97%][0m
2025-02-28T15:25:41.6344672Z tests/test_style.py::test_union_operators_invalid_type[Style-int] [32mPASSED[0m[32m [ 98%][0m
2025-02-28T15:25:41.6361732Z tests/test_style.py::test_union_operators_invalid_type[Style-list] [32mPASSED[0m[32m [ 98%][0m
2025-02-28T15:25:41.6380735Z tests/test_style.py::test_union_operators_invalid_type[DeprecatedStyle-DeprecatedStyleSubclass] [32mPASSED[0m[32m [ 98%][0m
2025-02-28T15:25:41.6398392Z tests/test_style.py::test_union_operators_invalid_type[DeprecatedStyle-Sibling] [32mPASSED[0m[32m [ 98%][0m
2025-02-28T15:25:41.6415462Z tests/test_style.py::test_union_operators_invalid_type[DeprecatedStyle-int] [32mPASSED[0m[32m [ 98%][0m
2025-02-28T15:25:41.6432335Z tests/test_style.py::test_union_operators_invalid_type[DeprecatedStyle-list] [32mPASSED[0m[32m [ 98%][0m
2025-02-28T15:25:41.6451747Z tests/test_style.py::test_union_operators_invalid_key_value[right0-ValueError-Style] [32mPASSED[0m[32m [ 99%][0m
2025-02-28T15:25:41.6471873Z tests/test_style.py::test_union_operators_invalid_key_value[right0-ValueError-DeprecatedStyle] [32mPASSED[0m[32m [ 99%][0m
2025-02-28T15:25:41.6490697Z tests/test_style.py::test_union_operators_invalid_key_value[right1-NameError-Style] [32mPASSED[0m[32m [ 99%][0m
2025-02-28T15:25:41.6509774Z tests/test_style.py::test_union_operators_invalid_key_value[right1-NameError-DeprecatedStyle] [32mPASSED[0m[32m [ 99%][0m
2025-02-28T15:25:41.6523845Z tests/test_style.py::test_deprecated_class_methods [32mPASSED[0m[32m                [ 99%][0m
2025-02-28T15:25:41.6540555Z tests/test_style.py::test_deprecated_reapply [32mPASSED[0m[32m                      [ 99%][0m
2025-02-28T15:25:41.6585456Z tests/test_style.py::test_deprecated_import [32mPASSED[0m[32m                       [100%][0m
2025-02-28T15:25:41.6585989Z 
2025-02-28T15:25:41.6586367Z [32m============================= [32m[1m645 passed[0m[32m in 1.96s[0m[32m ==============================[0m
2025-02-28T15:25:41.7305291Z   py-cov-trav: OK (9.06=setup[0.97]+cmd[5.05,3.04] seconds)
2025-02-28T15:25:41.7305695Z   congratulations :) (9.34 seconds)
2025-02-28T15:25:42.8840695Z Python 3.10.16
2025-02-28T15:25:43.6512058Z Looking in links: ../dist
2025-02-28T15:25:43.6586298Z Processing /home/runner/work/toga/toga/dist/toga_core-0.4.9.dev629+g68266e24a-py3-none-any.whl (from toga-core==0.4.9.dev629+g68266e24a)
2025-02-28T15:25:43.6684911Z Processing /home/runner/work/toga/toga/dist/toga_dummy-0.4.9.dev629+g68266e24a-py3-none-any.whl
2025-02-28T15:25:43.7376385Z Processing /home/runner/work/toga/toga/dist/travertino-0.4.9.dev629+g68266e24a-py3-none-any.whl (from toga-core==0.4.9.dev629+g68266e24a->toga-core==0.4.9.dev629+g68266e24a)
2025-02-28T15:25:44.0018264Z Collecting coverage==7.6.12 (from coverage[toml]==7.6.12; extra == "dev"->toga-core==0.4.9.dev629+g68266e24a->toga-core==0.4.9.dev629+g68266e24a)
2025-02-28T15:25:44.0035738Z   Using cached coverage-7.6.12-cp310-cp310-manylinux_2_5_x86_64.manylinux1_x86_64.manylinux_2_17_x86_64.manylinux2014_x86_64.whl.metadata (8.5 kB)
2025-02-28T15:25:44.0223829Z Collecting coverage-conditional-plugin==0.9.0 (from toga-core==0.4.9.dev629+g68266e24a->toga-core==0.4.9.dev629+g68266e24a)
2025-02-28T15:25:44.0238696Z   Using cached coverage_conditional_plugin-0.9.0-py3-none-any.whl.metadata (6.9 kB)
2025-02-28T15:25:44.1673829Z Collecting Pillow==11.1.0 (from toga-core==0.4.9.dev629+g68266e24a->toga-core==0.4.9.dev629+g68266e24a)
2025-02-28T15:25:44.1688747Z   Using cached pillow-11.1.0-cp310-cp310-manylinux_2_28_x86_64.whl.metadata (9.1 kB)
2025-02-28T15:25:44.2142434Z Collecting pre-commit==4.1.0 (from toga-core==0.4.9.dev629+g68266e24a->toga-core==0.4.9.dev629+g68266e24a)
2025-02-28T15:25:44.2155716Z   Using cached pre_commit-4.1.0-py2.py3-none-any.whl.metadata (1.3 kB)
2025-02-28T15:25:44.2719972Z Collecting pytest==8.3.4 (from toga-core==0.4.9.dev629+g68266e24a->toga-core==0.4.9.dev629+g68266e24a)
2025-02-28T15:25:44.2734749Z   Using cached pytest-8.3.4-py3-none-any.whl.metadata (7.5 kB)
2025-02-28T15:25:44.2995624Z Collecting pytest-asyncio==0.25.3 (from toga-core==0.4.9.dev629+g68266e24a->toga-core==0.4.9.dev629+g68266e24a)
2025-02-28T15:25:44.3009046Z   Using cached pytest_asyncio-0.25.3-py3-none-any.whl.metadata (3.9 kB)
2025-02-28T15:25:44.3182928Z Collecting pytest-freezer==0.4.9 (from toga-core==0.4.9.dev629+g68266e24a->toga-core==0.4.9.dev629+g68266e24a)
2025-02-28T15:25:44.3196194Z   Using cached pytest_freezer-0.4.9-py3-none-any.whl.metadata (2.1 kB)
2025-02-28T15:25:44.3542893Z Collecting setuptools-scm==8.1.0 (from toga-core==0.4.9.dev629+g68266e24a->toga-core==0.4.9.dev629+g68266e24a)
2025-02-28T15:25:44.3556143Z   Using cached setuptools_scm-8.1.0-py3-none-any.whl.metadata (6.6 kB)
2025-02-28T15:25:44.4063605Z Collecting tox==4.24.1 (from toga-core==0.4.9.dev629+g68266e24a->toga-core==0.4.9.dev629+g68266e24a)
2025-02-28T15:25:44.4077982Z   Using cached tox-4.24.1-py3-none-any.whl.metadata (3.7 kB)
2025-02-28T15:25:44.4393615Z Collecting packaging>=20.4 (from coverage-conditional-plugin==0.9.0->toga-core==0.4.9.dev629+g68266e24a->toga-core==0.4.9.dev629+g68266e24a)
2025-02-28T15:25:44.4406878Z   Using cached packaging-24.2-py3-none-any.whl.metadata (3.2 kB)
2025-02-28T15:25:44.4617634Z Collecting tomli (from coverage[toml]==7.6.12; extra == "dev"->toga-core==0.4.9.dev629+g68266e24a->toga-core==0.4.9.dev629+g68266e24a)
2025-02-28T15:25:44.4630392Z   Using cached tomli-2.2.1-py3-none-any.whl.metadata (10 kB)
2025-02-28T15:25:44.4854889Z Collecting cfgv>=2.0.0 (from pre-commit==4.1.0->toga-core==0.4.9.dev629+g68266e24a->toga-core==0.4.9.dev629+g68266e24a)
2025-02-28T15:25:44.4867961Z   Using cached cfgv-3.4.0-py2.py3-none-any.whl.metadata (8.5 kB)
2025-02-28T15:25:44.5361139Z Collecting identify>=1.0.0 (from pre-commit==4.1.0->toga-core==0.4.9.dev629+g68266e24a->toga-core==0.4.9.dev629+g68266e24a)
2025-02-28T15:25:44.5376287Z   Using cached identify-2.6.8-py2.py3-none-any.whl.metadata (4.4 kB)
2025-02-28T15:25:44.5600538Z Collecting nodeenv>=0.11.1 (from pre-commit==4.1.0->toga-core==0.4.9.dev629+g68266e24a->toga-core==0.4.9.dev629+g68266e24a)
2025-02-28T15:25:44.5619630Z   Using cached nodeenv-1.9.1-py2.py3-none-any.whl.metadata (21 kB)
2025-02-28T15:25:44.6037514Z Collecting pyyaml>=5.1 (from pre-commit==4.1.0->toga-core==0.4.9.dev629+g68266e24a->toga-core==0.4.9.dev629+g68266e24a)
2025-02-28T15:25:44.6052113Z   Using cached PyYAML-6.0.2-cp310-cp310-manylinux_2_17_x86_64.manylinux2014_x86_64.whl.metadata (2.1 kB)
2025-02-28T15:25:44.6531246Z Collecting virtualenv>=20.10.0 (from pre-commit==4.1.0->toga-core==0.4.9.dev629+g68266e24a->toga-core==0.4.9.dev629+g68266e24a)
2025-02-28T15:25:44.6545682Z   Using cached virtualenv-20.29.2-py3-none-any.whl.metadata (4.5 kB)
2025-02-28T15:25:44.6795912Z Collecting exceptiongroup>=1.0.0rc8 (from pytest==8.3.4->toga-core==0.4.9.dev629+g68266e24a->toga-core==0.4.9.dev629+g68266e24a)
2025-02-28T15:25:44.6808750Z   Using cached exceptiongroup-1.2.2-py3-none-any.whl.metadata (6.6 kB)
2025-02-28T15:25:44.6966356Z Collecting iniconfig (from pytest==8.3.4->toga-core==0.4.9.dev629+g68266e24a->toga-core==0.4.9.dev629+g68266e24a)
2025-02-28T15:25:44.6979012Z   Using cached iniconfig-2.0.0-py3-none-any.whl.metadata (2.6 kB)
2025-02-28T15:25:44.7165521Z Collecting pluggy<2,>=1.5 (from pytest==8.3.4->toga-core==0.4.9.dev629+g68266e24a->toga-core==0.4.9.dev629+g68266e24a)
2025-02-28T15:25:44.7179740Z   Using cached pluggy-1.5.0-py3-none-any.whl.metadata (4.8 kB)
2025-02-28T15:25:44.7651994Z Collecting freezegun>=1.1 (from pytest-freezer==0.4.9->toga-core==0.4.9.dev629+g68266e24a->toga-core==0.4.9.dev629+g68266e24a)
2025-02-28T15:25:44.7664649Z   Using cached freezegun-1.5.1-py3-none-any.whl.metadata (11 kB)
2025-02-28T15:25:44.7736177Z Requirement already satisfied: setuptools in /home/runner/work/toga/toga/.tox/coverage310-trav/lib/python3.10/site-packages (from setuptools-scm==8.1.0->toga-core==0.4.9.dev629+g68266e24a->toga-core==0.4.9.dev629+g68266e24a) (75.8.0)
2025-02-28T15:25:44.7972329Z Collecting cachetools>=5.5 (from tox==4.24.1->toga-core==0.4.9.dev629+g68266e24a->toga-core==0.4.9.dev629+g68266e24a)
2025-02-28T15:25:44.7987290Z   Using cached cachetools-5.5.2-py3-none-any.whl.metadata (5.4 kB)
2025-02-28T15:25:44.8161212Z Collecting chardet>=5.2 (from tox==4.24.1->toga-core==0.4.9.dev629+g68266e24a->toga-core==0.4.9.dev629+g68266e24a)
2025-02-28T15:25:44.8174534Z   Using cached chardet-5.2.0-py3-none-any.whl.metadata (3.4 kB)
2025-02-28T15:25:44.8382018Z Collecting colorama>=0.4.6 (from tox==4.24.1->toga-core==0.4.9.dev629+g68266e24a->toga-core==0.4.9.dev629+g68266e24a)
2025-02-28T15:25:44.8395311Z   Using cached colorama-0.4.6-py2.py3-none-any.whl.metadata (17 kB)
2025-02-28T15:25:44.8652288Z Collecting filelock>=3.16.1 (from tox==4.24.1->toga-core==0.4.9.dev629+g68266e24a->toga-core==0.4.9.dev629+g68266e24a)
2025-02-28T15:25:44.8666892Z   Using cached filelock-3.17.0-py3-none-any.whl.metadata (2.9 kB)
2025-02-28T15:25:44.8954959Z Collecting platformdirs>=4.3.6 (from tox==4.24.1->toga-core==0.4.9.dev629+g68266e24a->toga-core==0.4.9.dev629+g68266e24a)
2025-02-28T15:25:44.8970299Z   Using cached platformdirs-4.3.6-py3-none-any.whl.metadata (11 kB)
2025-02-28T15:25:44.9184470Z Collecting pyproject-api>=1.8 (from tox==4.24.1->toga-core==0.4.9.dev629+g68266e24a->toga-core==0.4.9.dev629+g68266e24a)
2025-02-28T15:25:44.9198568Z   Using cached pyproject_api-1.9.0-py3-none-any.whl.metadata (2.7 kB)
2025-02-28T15:25:44.9447292Z Collecting typing-extensions>=4.12.2 (from tox==4.24.1->toga-core==0.4.9.dev629+g68266e24a->toga-core==0.4.9.dev629+g68266e24a)
2025-02-28T15:25:44.9460631Z   Using cached typing_extensions-4.12.2-py3-none-any.whl.metadata (3.0 kB)
2025-02-28T15:25:44.9869466Z Collecting python-dateutil>=2.7 (from freezegun>=1.1->pytest-freezer==0.4.9->toga-core==0.4.9.dev629+g68266e24a->toga-core==0.4.9.dev629+g68266e24a)
2025-02-28T15:25:44.9883420Z   Using cached python_dateutil-2.9.0.post0-py2.py3-none-any.whl.metadata (8.4 kB)
2025-02-28T15:25:45.0242182Z Collecting distlib<1,>=0.3.7 (from virtualenv>=20.10.0->pre-commit==4.1.0->toga-core==0.4.9.dev629+g68266e24a->toga-core==0.4.9.dev629+g68266e24a)
2025-02-28T15:25:45.0255753Z   Using cached distlib-0.3.9-py2.py3-none-any.whl.metadata (5.2 kB)
2025-02-28T15:25:45.0717438Z Collecting six>=1.5 (from python-dateutil>=2.7->freezegun>=1.1->pytest-freezer==0.4.9->toga-core==0.4.9.dev629+g68266e24a->toga-core==0.4.9.dev629+g68266e24a)
2025-02-28T15:25:45.0731283Z   Using cached six-1.17.0-py2.py3-none-any.whl.metadata (1.7 kB)
2025-02-28T15:25:45.0800267Z Using cached coverage-7.6.12-cp310-cp310-manylinux_2_5_x86_64.manylinux1_x86_64.manylinux_2_17_x86_64.manylinux2014_x86_64.whl (236 kB)
2025-02-28T15:25:45.0814753Z Using cached coverage_conditional_plugin-0.9.0-py3-none-any.whl (7.3 kB)
2025-02-28T15:25:45.0827154Z Using cached pillow-11.1.0-cp310-cp310-manylinux_2_28_x86_64.whl (4.5 MB)
2025-02-28T15:25:45.0878382Z Using cached pre_commit-4.1.0-py2.py3-none-any.whl (220 kB)
2025-02-28T15:25:45.0892194Z Using cached pytest-8.3.4-py3-none-any.whl (343 kB)
2025-02-28T15:25:45.0906398Z Using cached pytest_asyncio-0.25.3-py3-none-any.whl (19 kB)
2025-02-28T15:25:45.0918783Z Using cached pytest_freezer-0.4.9-py3-none-any.whl (3.2 kB)
2025-02-28T15:25:45.0930370Z Using cached setuptools_scm-8.1.0-py3-none-any.whl (43 kB)
2025-02-28T15:25:45.0941905Z Using cached tox-4.24.1-py3-none-any.whl (171 kB)
2025-02-28T15:25:45.0954395Z Using cached cachetools-5.5.2-py3-none-any.whl (10 kB)
2025-02-28T15:25:45.0966193Z Using cached cfgv-3.4.0-py2.py3-none-any.whl (7.2 kB)
2025-02-28T15:25:45.0977218Z Using cached chardet-5.2.0-py3-none-any.whl (199 kB)
2025-02-28T15:25:45.0990094Z Using cached colorama-0.4.6-py2.py3-none-any.whl (25 kB)
2025-02-28T15:25:45.1002101Z Using cached exceptiongroup-1.2.2-py3-none-any.whl (16 kB)
2025-02-28T15:25:45.1013733Z Using cached filelock-3.17.0-py3-none-any.whl (16 kB)
2025-02-28T15:25:45.1024928Z Using cached freezegun-1.5.1-py3-none-any.whl (17 kB)
2025-02-28T15:25:45.1036482Z Using cached identify-2.6.8-py2.py3-none-any.whl (99 kB)
2025-02-28T15:25:45.1048959Z Using cached nodeenv-1.9.1-py2.py3-none-any.whl (22 kB)
2025-02-28T15:25:45.1060873Z Using cached packaging-24.2-py3-none-any.whl (65 kB)
2025-02-28T15:25:45.1073162Z Using cached platformdirs-4.3.6-py3-none-any.whl (18 kB)
2025-02-28T15:25:45.1084964Z Using cached pluggy-1.5.0-py3-none-any.whl (20 kB)
2025-02-28T15:25:45.1096868Z Using cached pyproject_api-1.9.0-py3-none-any.whl (13 kB)
2025-02-28T15:25:45.1109450Z Using cached PyYAML-6.0.2-cp310-cp310-manylinux_2_17_x86_64.manylinux2014_x86_64.whl (751 kB)
2025-02-28T15:25:45.1126853Z Using cached tomli-2.2.1-py3-none-any.whl (14 kB)
2025-02-28T15:25:45.1139203Z Using cached typing_extensions-4.12.2-py3-none-any.whl (37 kB)
2025-02-28T15:25:45.1151164Z Using cached virtualenv-20.29.2-py3-none-any.whl (4.3 MB)
2025-02-28T15:25:45.1201891Z Using cached iniconfig-2.0.0-py3-none-any.whl (5.9 kB)
2025-02-28T15:25:45.1213992Z Using cached distlib-0.3.9-py2.py3-none-any.whl (468 kB)
2025-02-28T15:25:45.1229934Z Using cached python_dateutil-2.9.0.post0-py2.py3-none-any.whl (229 kB)
2025-02-28T15:25:45.1244677Z Using cached six-1.17.0-py2.py3-none-any.whl (11 kB)
2025-02-28T15:25:45.2123028Z Installing collected packages: distlib, typing-extensions, travertino, tomli, six, pyyaml, pluggy, platformdirs, Pillow, packaging, nodeenv, iniconfig, identify, filelock, exceptiongroup, coverage, colorama, chardet, cfgv, cachetools, virtualenv, toga-core, setuptools-scm, python-dateutil, pytest, pyproject-api, coverage-conditional-plugin, tox, toga-dummy, pytest-asyncio, pre-commit, freezegun, pytest-freezer
2025-02-28T15:25:46.8865335Z Successfully installed Pillow-11.1.0 cachetools-5.5.2 cfgv-3.4.0 chardet-5.2.0 colorama-0.4.6 coverage-7.6.12 coverage-conditional-plugin-0.9.0 distlib-0.3.9 exceptiongroup-1.2.2 filelock-3.17.0 freezegun-1.5.1 identify-2.6.8 iniconfig-2.0.0 nodeenv-1.9.1 packaging-24.2 platformdirs-4.3.6 pluggy-1.5.0 pre-commit-4.1.0 pyproject-api-1.9.0 pytest-8.3.4 pytest-asyncio-0.25.3 pytest-freezer-0.4.9 python-dateutil-2.9.0.post0 pyyaml-6.0.2 setuptools-scm-8.1.0 six-1.17.0 toga-core-0.4.9.dev629+g68266e24a toga-dummy-0.4.9.dev629+g68266e24a tomli-2.2.1 tox-4.24.1 travertino-0.4.9.dev629+g68266e24a typing-extensions-4.12.2 virtualenv-20.29.2
2025-02-28T15:25:47.0969453Z Combined data file .coverage.fv-az1675-456.2171.XmgzZJCx
2025-02-28T15:25:47.4744745Z Name    Stmts   Miss Branch BrPart   Cover   Missing
2025-02-28T15:25:47.4745752Z ----------------------------------------------------
2025-02-28T15:25:47.4747043Z TOTAL     871      0    180      0  100.0%
2025-02-28T15:25:47.4747535Z 
2025-02-28T15:25:47.4747828Z 13 files skipped due to complete coverage.
2025-02-28T15:25:47.5173250Z   coverage310-trav: OK (5.40 seconds)
2025-02-28T15:25:47.5173717Z   congratulations :) (5.59 seconds)
2025-02-28T15:25:47.5746557Z ##[group]Run actions/upload-artifact@v4.6.1
2025-02-28T15:25:47.5746858Z with:
2025-02-28T15:25:47.5747092Z   name: travertino-coverage-data-ubuntu-latest-3.10
2025-02-28T15:25:47.5747399Z   path: travertino/.coverage.*
2025-02-28T15:25:47.5747637Z   if-no-files-found: error
2025-02-28T15:25:47.5747871Z   include-hidden-files: true
2025-02-28T15:25:47.5748109Z   compression-level: 6
2025-02-28T15:25:47.5748320Z   overwrite: false
2025-02-28T15:25:47.5748500Z env:
2025-02-28T15:25:47.5748677Z   min_python_version: 3.9
2025-02-28T15:25:47.5748894Z   max_python_version: 3.12
2025-02-28T15:25:47.5749107Z   FORCE_COLOR: 1
2025-02-28T15:25:47.5749358Z   pythonLocation: /opt/hostedtoolcache/Python/3.10.16/x64
2025-02-28T15:25:47.5749788Z   PKG_CONFIG_PATH: /opt/hostedtoolcache/Python/3.10.16/x64/lib/pkgconfig
2025-02-28T15:25:47.5750183Z   Python_ROOT_DIR: /opt/hostedtoolcache/Python/3.10.16/x64
2025-02-28T15:25:47.5750539Z   Python2_ROOT_DIR: /opt/hostedtoolcache/Python/3.10.16/x64
2025-02-28T15:25:47.5750942Z   Python3_ROOT_DIR: /opt/hostedtoolcache/Python/3.10.16/x64
2025-02-28T15:25:47.5751309Z   LD_LIBRARY_PATH: /opt/hostedtoolcache/Python/3.10.16/x64/lib
2025-02-28T15:25:47.5751821Z ##[endgroup]
2025-02-28T15:25:47.7975747Z With the provided path, there will be 1 file uploaded
2025-02-28T15:25:47.7981012Z Artifact name is valid!
2025-02-28T15:25:47.7982701Z Root directory input is valid!
2025-02-28T15:25:48.0554830Z Beginning upload of artifact content to blob storage
2025-02-28T15:25:48.3603129Z Uploaded bytes 29797
2025-02-28T15:25:48.4211696Z Finished uploading artifact content to blob storage!
2025-02-28T15:25:48.4214241Z SHA256 hash of uploaded artifact zip is 2f73166ba5e65594459db81b64c29f299779ba923f8054551ae9aec1e6e18a3d
2025-02-28T15:25:48.4215807Z Finalizing artifact upload
2025-02-28T15:25:48.5440786Z Artifact travertino-coverage-data-ubuntu-latest-3.10.zip successfully finalized. Artifact ID 2671293537
2025-02-28T15:25:48.5442489Z Artifact travertino-coverage-data-ubuntu-latest-3.10 has been successfully uploaded! Final size is 29797 bytes. Artifact ID is 2671293537
2025-02-28T15:25:48.5449174Z Artifact download URL: https://github.com/beeware/toga/actions/runs/13591189051/artifacts/2671293537
2025-02-28T15:25:48.5575777Z Post job cleanup.
2025-02-28T15:25:48.5635295Z Post job cleanup.
2025-02-28T15:25:48.6618540Z [command]/usr/bin/git version
2025-02-28T15:25:48.6659185Z git version 2.48.1
2025-02-28T15:25:48.6713660Z Temporarily overriding HOME='/home/runner/work/_temp/ce6d7b4a-9568-4497-bb36-6f2ae21ea053' before making global git config changes
2025-02-28T15:25:48.6714814Z Adding repository directory to the temporary git global config as a safe directory
2025-02-28T15:25:48.6719629Z [command]/usr/bin/git config --global --add safe.directory /home/runner/work/toga/toga/.github-beeware
2025-02-28T15:25:48.6762113Z [command]/usr/bin/git config --local --name-only --get-regexp core\.sshCommand
2025-02-28T15:25:48.6800503Z [command]/usr/bin/git submodule foreach --recursive sh -c "git config --local --name-only --get-regexp 'core\.sshCommand' && git config --local --unset-all 'core.sshCommand' || :"
2025-02-28T15:25:48.7046445Z [command]/usr/bin/git config --local --name-only --get-regexp http\.https\:\/\/github\.com\/\.extraheader
2025-02-28T15:25:48.7068767Z http.https://github.com/.extraheader
2025-02-28T15:25:48.7082243Z [command]/usr/bin/git config --local --unset-all http.https://github.com/.extraheader
2025-02-28T15:25:48.7115777Z [command]/usr/bin/git submodule foreach --recursive sh -c "git config --local --name-only --get-regexp 'http\.https\:\/\/github\.com\/\.extraheader' && git config --local --unset-all 'http.https://github.com/.extraheader' || :"
2025-02-28T15:25:48.7461578Z Post job cleanup.
2025-02-28T15:25:48.9138008Z Post job cleanup.
2025-02-28T15:25:49.0106748Z [command]/usr/bin/git version
2025-02-28T15:25:49.0145511Z git version 2.48.1
2025-02-28T15:25:49.0202202Z Temporarily overriding HOME='/home/runner/work/_temp/5fd9cce6-33f6-431b-8cf9-d90704dbbc86' before making global git config changes
2025-02-28T15:25:49.0203527Z Adding repository directory to the temporary git global config as a safe directory
2025-02-28T15:25:49.0208690Z [command]/usr/bin/git config --global --add safe.directory /home/runner/work/toga/toga
2025-02-28T15:25:49.0251783Z [command]/usr/bin/git config --local --name-only --get-regexp core\.sshCommand
2025-02-28T15:25:49.0286503Z [command]/usr/bin/git submodule foreach --recursive sh -c "git config --local --name-only --get-regexp 'core\.sshCommand' && git config --local --unset-all 'core.sshCommand' || :"
2025-02-28T15:25:49.0536899Z [command]/usr/bin/git config --local --name-only --get-regexp http\.https\:\/\/github\.com\/\.extraheader
2025-02-28T15:25:49.0565208Z http.https://github.com/.extraheader
2025-02-28T15:25:49.0584172Z [command]/usr/bin/git config --local --unset-all http.https://github.com/.extraheader
2025-02-28T15:25:49.0628154Z [command]/usr/bin/git submodule foreach --recursive sh -c "git config --local --name-only --get-regexp 'http\.https\:\/\/github\.com\/\.extraheader' && git config --local --unset-all 'http.https://github.com/.extraheader' || :"
2025-02-28T15:25:49.1003090Z Cleaning up orphan processes
