2025-02-28T15:25:15.0752928Z Current runner version: '2.322.0'
2025-02-28T15:25:15.0785689Z ##[group]Operating System
2025-02-28T15:25:15.0786445Z Ubuntu
2025-02-28T15:25:15.0787084Z 24.04.2
2025-02-28T15:25:15.0788070Z LTS
2025-02-28T15:25:15.0788619Z ##[endgroup]
2025-02-28T15:25:15.0789656Z ##[group]Runner Image
2025-02-28T15:25:15.0790260Z Image: ubuntu-24.04
2025-02-28T15:25:15.0791306Z Version: 20250223.1.0
2025-02-28T15:25:15.0792490Z Included Software: https://github.com/actions/runner-images/blob/ubuntu24/20250223.1/images/ubuntu/Ubuntu2404-Readme.md
2025-02-28T15:25:15.0794988Z Image Release: https://github.com/actions/runner-images/releases/tag/ubuntu24%2F20250223.1
2025-02-28T15:25:15.0796416Z ##[endgroup]
2025-02-28T15:25:15.0797070Z ##[group]Runner Image Provisioner
2025-02-28T15:25:15.0797653Z 2.0.422.1
2025-02-28T15:25:15.0798704Z ##[endgroup]
2025-02-28T15:25:15.0801794Z ##[group]GITHUB_TOKEN Permissions
2025-02-28T15:25:15.0804787Z Actions: read
2025-02-28T15:25:15.0805893Z Attestations: read
2025-02-28T15:25:15.0806687Z Checks: read
2025-02-28T15:25:15.0807196Z Contents: read
2025-02-28T15:25:15.0808160Z Deployments: read
2025-02-28T15:25:15.0809382Z Discussions: read
2025-02-28T15:25:15.0810279Z Issues: read
2025-02-28T15:25:15.0811199Z Metadata: read
2025-02-28T15:25:15.0811777Z Packages: read
2025-02-28T15:25:15.0812616Z Pages: read
2025-02-28T15:25:15.0813184Z PullRequests: read
2025-02-28T15:25:15.0814100Z RepositoryProjects: read
2025-02-28T15:25:15.0815082Z SecurityEvents: read
2025-02-28T15:25:15.0815764Z Statuses: read
2025-02-28T15:25:15.0816626Z ##[endgroup]
2025-02-28T15:25:15.0820637Z Secret source: None
2025-02-28T15:25:15.0821915Z Prepare workflow directory
2025-02-28T15:25:15.1321501Z Prepare all required actions
2025-02-28T15:25:15.1357320Z Getting action download info
2025-02-28T15:25:15.3506712Z Download action repository 'actions/checkout@v4.2.2' (SHA:11bd71901bbe5b1630ceea73d27597364c9af683)
2025-02-28T15:25:15.4313739Z Download action repository 'actions/setup-python@v5.4.0' (SHA:42375524e23c412d93fb67b49958b491fce71c38)
2025-02-28T15:25:15.5228494Z Download action repository 'beeware/.github@main' (SHA:a66b93162808d34adf5280c28104b75f8e0d70d3)
2025-02-28T15:25:15.6658321Z Download action repository 'actions/download-artifact@v4.1.8' (SHA:fa0a91b85d4f404e444e00e005971372dc801d16)
2025-02-28T15:25:15.8661037Z Download action repository 'actions/upload-artifact@v4.6.1' (SHA:4cec3d8aa04e39d1a68397de0c4cd6fb9dce8ec1)
2025-02-28T15:25:16.1740362Z Getting action download info
2025-02-28T15:25:16.2740541Z Download action repository 'actions/checkout@v4.1.6' (SHA:a5ac7e51b41094c92402da3b24376905380afc29)
2025-02-28T15:25:16.3464043Z Complete job name: Test travertino (ubuntu-latest, 3.11)
2025-02-28T15:25:16.4266685Z ##[group]Run actions/checkout@v4.2.2
2025-02-28T15:25:16.4267535Z with:
2025-02-28T15:25:16.4267909Z   fetch-depth: 0
2025-02-28T15:25:16.4268327Z   repository: beeware/toga
2025-02-28T15:25:16.4269124Z   token: ***
2025-02-28T15:25:16.4269523Z   ssh-strict: true
2025-02-28T15:25:16.4269938Z   ssh-user: git
2025-02-28T15:25:16.4270358Z   persist-credentials: true
2025-02-28T15:25:16.4270822Z   clean: true
2025-02-28T15:25:16.4271240Z   sparse-checkout-cone-mode: true
2025-02-28T15:25:16.4271747Z   fetch-tags: false
2025-02-28T15:25:16.4272167Z   show-progress: true
2025-02-28T15:25:16.4272586Z   lfs: false
2025-02-28T15:25:16.4272970Z   submodules: false
2025-02-28T15:25:16.4273475Z   set-safe-directory: true
2025-02-28T15:25:16.4274543Z env:
2025-02-28T15:25:16.4275224Z   min_python_version: 3.9
2025-02-28T15:25:16.4276020Z   max_python_version: 3.12
2025-02-28T15:25:16.4276759Z   FORCE_COLOR: 1
2025-02-28T15:25:16.4277376Z ##[endgroup]
2025-02-28T15:25:16.6067545Z Syncing repository: beeware/toga
2025-02-28T15:25:16.6070351Z ##[group]Getting Git version info
2025-02-28T15:25:16.6071521Z Working directory is '/home/runner/work/toga/toga'
2025-02-28T15:25:16.6073190Z [command]/usr/bin/git version
2025-02-28T15:25:16.6117690Z git version 2.48.1
2025-02-28T15:25:16.6148311Z ##[endgroup]
2025-02-28T15:25:16.6161809Z Temporarily overriding HOME='/home/runner/work/_temp/150f4f88-4604-4473-b4bf-05026ce543c1' before making global git config changes
2025-02-28T15:25:16.6164085Z Adding repository directory to the temporary git global config as a safe directory
2025-02-28T15:25:16.6166256Z [command]/usr/bin/git config --global --add safe.directory /home/runner/work/toga/toga
2025-02-28T15:25:16.6200821Z Deleting the contents of '/home/runner/work/toga/toga'
2025-02-28T15:25:16.6204418Z ##[group]Initializing the repository
2025-02-28T15:25:16.6208340Z [command]/usr/bin/git init /home/runner/work/toga/toga
2025-02-28T15:25:16.6268553Z hint: Using 'master' as the name for the initial branch. This default branch name
2025-02-28T15:25:16.6270460Z hint: is subject to change. To configure the initial branch name to use in all
2025-02-28T15:25:16.6272179Z hint: of your new repositories, which will suppress this warning, call:
2025-02-28T15:25:16.6273811Z hint:
2025-02-28T15:25:16.6274987Z hint: 	git config --global init.defaultBranch <name>
2025-02-28T15:25:16.6276505Z hint:
2025-02-28T15:25:16.6277507Z hint: Names commonly chosen instead of 'master' are 'main', 'trunk' and
2025-02-28T15:25:16.6278746Z hint: 'development'. The just-created branch can be renamed via this command:
2025-02-28T15:25:16.6279913Z hint:
2025-02-28T15:25:16.6280421Z hint: 	git branch -m <name>
2025-02-28T15:25:16.6281417Z Initialized empty Git repository in /home/runner/work/toga/toga/.git/
2025-02-28T15:25:16.6287089Z [command]/usr/bin/git remote add origin https://github.com/beeware/toga
2025-02-28T15:25:16.6320770Z ##[endgroup]
2025-02-28T15:25:16.6321699Z ##[group]Disabling automatic garbage collection
2025-02-28T15:25:16.6324533Z [command]/usr/bin/git config --local gc.auto 0
2025-02-28T15:25:16.6354198Z ##[endgroup]
2025-02-28T15:25:16.6355679Z ##[group]Setting up auth
2025-02-28T15:25:16.6362244Z [command]/usr/bin/git config --local --name-only --get-regexp core\.sshCommand
2025-02-28T15:25:16.6393671Z [command]/usr/bin/git submodule foreach --recursive sh -c "git config --local --name-only --get-regexp 'core\.sshCommand' && git config --local --unset-all 'core.sshCommand' || :"
2025-02-28T15:25:16.6677254Z [command]/usr/bin/git config --local --name-only --get-regexp http\.https\:\/\/github\.com\/\.extraheader
2025-02-28T15:25:16.6708245Z [command]/usr/bin/git submodule foreach --recursive sh -c "git config --local --name-only --get-regexp 'http\.https\:\/\/github\.com\/\.extraheader' && git config --local --unset-all 'http.https://github.com/.extraheader' || :"
2025-02-28T15:25:16.6939507Z [command]/usr/bin/git config --local http.https://github.com/.extraheader AUTHORIZATION: basic ***
2025-02-28T15:25:16.6977388Z ##[endgroup]
2025-02-28T15:25:16.6978404Z ##[group]Fetching the repository
2025-02-28T15:25:16.6987162Z [command]/usr/bin/git -c protocol.version=2 fetch --prune --no-recurse-submodules origin +refs/heads/*:refs/remotes/origin/* +refs/tags/*:refs/tags/* +68266e24a68fb42fbbeefb9a1fc4181dfda30fbe:refs/remotes/pull/3217/merge
2025-02-28T15:25:18.6744670Z From https://github.com/beeware/toga
2025-02-28T15:25:18.6747332Z  * [new branch]          main         -> origin/main
2025-02-28T15:25:18.6749945Z  * [new branch]          pre-0.5      -> origin/pre-0.5
2025-02-28T15:25:18.6752111Z  * [new tag]             0.2.6        -> 0.2.6
2025-02-28T15:25:18.6753664Z  * [new tag]             v0.0.1rc1    -> v0.0.1rc1
2025-02-28T15:25:18.6755242Z  * [new tag]             v0.0.1rc10   -> v0.0.1rc10
2025-02-28T15:25:18.6756796Z  * [new tag]             v0.0.1rc5    -> v0.0.1rc5
2025-02-28T15:25:18.6758395Z  * [new tag]             v0.0.1rc6    -> v0.0.1rc6
2025-02-28T15:25:18.6760161Z  * [new tag]             v0.1.0       -> v0.1.0
2025-02-28T15:25:18.6761751Z  * [new tag]             v0.1.1       -> v0.1.1
2025-02-28T15:25:18.6763288Z  * [new tag]             v0.1.2       -> v0.1.2
2025-02-28T15:25:18.6764793Z  * [new tag]             v0.2.0       -> v0.2.0
2025-02-28T15:25:18.6766311Z  * [new tag]             v0.2.0.dev1  -> v0.2.0.dev1
2025-02-28T15:25:18.6768250Z  * [new tag]             v0.2.1       -> v0.2.1
2025-02-28T15:25:18.6770069Z  * [new tag]             v0.2.10      -> v0.2.10
2025-02-28T15:25:18.6771732Z  * [new tag]             v0.2.11      -> v0.2.11
2025-02-28T15:25:18.6773326Z  * [new tag]             v0.2.12      -> v0.2.12
2025-02-28T15:25:18.6774955Z  * [new tag]             v0.2.13      -> v0.2.13
2025-02-28T15:25:18.6776528Z  * [new tag]             v0.2.14      -> v0.2.14
2025-02-28T15:25:18.6778103Z  * [new tag]             v0.2.15      -> v0.2.15
2025-02-28T15:25:18.6779931Z  * [new tag]             v0.2.2       -> v0.2.2
2025-02-28T15:25:18.6781564Z  * [new tag]             v0.2.3       -> v0.2.3
2025-02-28T15:25:18.6783185Z  * [new tag]             v0.2.4       -> v0.2.4
2025-02-28T15:25:18.6784821Z  * [new tag]             v0.2.5       -> v0.2.5
2025-02-28T15:25:18.6786737Z  * [new tag]             v0.2.6       -> v0.2.6
2025-02-28T15:25:18.6788709Z  * [new tag]             v0.2.7       -> v0.2.7
2025-02-28T15:25:18.6790917Z  * [new tag]             v0.2.8       -> v0.2.8
2025-02-28T15:25:18.6793008Z  * [new tag]             v0.2.9       -> v0.2.9
2025-02-28T15:25:18.6795117Z  * [new tag]             v0.3.0       -> v0.3.0
2025-02-28T15:25:18.6797384Z  * [new tag]             v0.3.0.dev1  -> v0.3.0.dev1
2025-02-28T15:25:18.6799752Z  * [new tag]             v0.3.0.dev10 -> v0.3.0.dev10
2025-02-28T15:25:18.6801935Z  * [new tag]             v0.3.0.dev11 -> v0.3.0.dev11
2025-02-28T15:25:18.6804086Z  * [new tag]             v0.3.0.dev12 -> v0.3.0.dev12
2025-02-28T15:25:18.6806238Z  * [new tag]             v0.3.0.dev13 -> v0.3.0.dev13
2025-02-28T15:25:18.6808405Z  * [new tag]             v0.3.0.dev14 -> v0.3.0.dev14
2025-02-28T15:25:18.6810778Z  * [new tag]             v0.3.0.dev15 -> v0.3.0.dev15
2025-02-28T15:25:18.6812921Z  * [new tag]             v0.3.0.dev16 -> v0.3.0.dev16
2025-02-28T15:25:18.6815118Z  * [new tag]             v0.3.0.dev17 -> v0.3.0.dev17
2025-02-28T15:25:18.6817273Z  * [new tag]             v0.3.0.dev18 -> v0.3.0.dev18
2025-02-28T15:25:18.6819662Z  * [new tag]             v0.3.0.dev19 -> v0.3.0.dev19
2025-02-28T15:25:18.6821870Z  * [new tag]             v0.3.0.dev2  -> v0.3.0.dev2
2025-02-28T15:25:18.6824092Z  * [new tag]             v0.3.0.dev20 -> v0.3.0.dev20
2025-02-28T15:25:18.6826309Z  * [new tag]             v0.3.0.dev21 -> v0.3.0.dev21
2025-02-28T15:25:18.6828520Z  * [new tag]             v0.3.0.dev22 -> v0.3.0.dev22
2025-02-28T15:25:18.6830954Z  * [new tag]             v0.3.0.dev23 -> v0.3.0.dev23
2025-02-28T15:25:18.6833185Z  * [new tag]             v0.3.0.dev24 -> v0.3.0.dev24
2025-02-28T15:25:18.6835435Z  * [new tag]             v0.3.0.dev25 -> v0.3.0.dev25
2025-02-28T15:25:18.6837882Z  * [new tag]             v0.3.0.dev26 -> v0.3.0.dev26
2025-02-28T15:25:18.6840328Z  * [new tag]             v0.3.0.dev27 -> v0.3.0.dev27
2025-02-28T15:25:18.6842568Z  * [new tag]             v0.3.0.dev28 -> v0.3.0.dev28
2025-02-28T15:25:18.6844805Z  * [new tag]             v0.3.0.dev29 -> v0.3.0.dev29
2025-02-28T15:25:18.6847083Z  * [new tag]             v0.3.0.dev3  -> v0.3.0.dev3
2025-02-28T15:25:18.6849506Z  * [new tag]             v0.3.0.dev30 -> v0.3.0.dev30
2025-02-28T15:25:18.6851761Z  * [new tag]             v0.3.0.dev32 -> v0.3.0.dev32
2025-02-28T15:25:18.6854024Z  * [new tag]             v0.3.0.dev33 -> v0.3.0.dev33
2025-02-28T15:25:18.6856200Z  * [new tag]             v0.3.0.dev34 -> v0.3.0.dev34
2025-02-28T15:25:18.6858313Z  * [new tag]             v0.3.0.dev35 -> v0.3.0.dev35
2025-02-28T15:25:18.6860631Z  * [new tag]             v0.3.0.dev36 -> v0.3.0.dev36
2025-02-28T15:25:18.6862727Z  * [new tag]             v0.3.0.dev37 -> v0.3.0.dev37
2025-02-28T15:25:18.6864896Z  * [new tag]             v0.3.0.dev38 -> v0.3.0.dev38
2025-02-28T15:25:18.6867105Z  * [new tag]             v0.3.0.dev39 -> v0.3.0.dev39
2025-02-28T15:25:18.6869407Z  * [new tag]             v0.3.0.dev4  -> v0.3.0.dev4
2025-02-28T15:25:18.6871477Z  * [new tag]             v0.3.0.dev5  -> v0.3.0.dev5
2025-02-28T15:25:18.6873157Z  * [new tag]             v0.3.0.dev6  -> v0.3.0.dev6
2025-02-28T15:25:18.6875179Z  * [new tag]             v0.3.0.dev7  -> v0.3.0.dev7
2025-02-28T15:25:18.6877007Z  * [new tag]             v0.3.0.dev8  -> v0.3.0.dev8
2025-02-28T15:25:18.6878616Z  * [new tag]             v0.3.0.dev9  -> v0.3.0.dev9
2025-02-28T15:25:18.6880348Z  * [new tag]             v0.3.0rc0    -> v0.3.0rc0
2025-02-28T15:25:18.6881882Z  * [new tag]             v0.3.1       -> v0.3.1
2025-02-28T15:25:18.6883403Z  * [new tag]             v0.4.0       -> v0.4.0
2025-02-28T15:25:18.6884925Z  * [new tag]             v0.4.1       -> v0.4.1
2025-02-28T15:25:18.6886424Z  * [new tag]             v0.4.2       -> v0.4.2
2025-02-28T15:25:18.6888173Z  * [new tag]             v0.4.3       -> v0.4.3
2025-02-28T15:25:18.6889854Z  * [new tag]             v0.4.4       -> v0.4.4
2025-02-28T15:25:18.6891394Z  * [new tag]             v0.4.5       -> v0.4.5
2025-02-28T15:25:18.6893118Z  * [new tag]             v0.4.6       -> v0.4.6
2025-02-28T15:25:18.6895129Z  * [new tag]             v0.4.7       -> v0.4.7
2025-02-28T15:25:18.6896935Z  * [new tag]             v0.4.8       -> v0.4.8
2025-02-28T15:25:18.6898448Z  * [new tag]             v0.4.9       -> v0.4.9
2025-02-28T15:25:18.6900795Z  * [new ref]             68266e24a68fb42fbbeefb9a1fc4181dfda30fbe -> pull/3217/merge
2025-02-28T15:25:18.6905956Z ##[endgroup]
2025-02-28T15:25:18.6907919Z ##[group]Determining the checkout info
2025-02-28T15:25:18.6909987Z ##[endgroup]
2025-02-28T15:25:18.6912850Z [command]/usr/bin/git sparse-checkout disable
2025-02-28T15:25:18.6950272Z [command]/usr/bin/git config --local --unset-all extensions.worktreeConfig
2025-02-28T15:25:18.6977445Z ##[group]Checking out the ref
2025-02-28T15:25:18.6980741Z [command]/usr/bin/git checkout --progress --force refs/remotes/pull/3217/merge
2025-02-28T15:25:18.8755615Z Note: switching to 'refs/remotes/pull/3217/merge'.
2025-02-28T15:25:18.8758688Z 
2025-02-28T15:25:18.8760362Z You are in 'detached HEAD' state. You can look around, make experimental
2025-02-28T15:25:18.8763901Z changes and commit them, and you can discard any commits you make in this
2025-02-28T15:25:18.8769085Z state without impacting any branches by switching back to a branch.
2025-02-28T15:25:18.8770900Z 
2025-02-28T15:25:18.8771781Z If you want to create a new branch to retain commits you create, you may
2025-02-28T15:25:18.8773661Z do so (now or later) by using -c with the switch command. Example:
2025-02-28T15:25:18.8774737Z 
2025-02-28T15:25:18.8775141Z   git switch -c <new-branch-name>
2025-02-28T15:25:18.8776099Z 
2025-02-28T15:25:18.8776699Z Or undo this operation with:
2025-02-28T15:25:18.8777606Z 
2025-02-28T15:25:18.8777944Z   git switch -
2025-02-28T15:25:18.8778420Z 
2025-02-28T15:25:18.8779816Z Turn off this advice by setting config variable advice.detachedHead to false
2025-02-28T15:25:18.8781302Z 
2025-02-28T15:25:18.8782847Z HEAD is now at 68266e24a Merge ee512b602a87bb9213021e3ceab7c75b22852c2d into 39458b6f220cd2eeafe9dcf5d470bd504914850a
2025-02-28T15:25:18.8787358Z ##[endgroup]
2025-02-28T15:25:18.8828009Z [command]/usr/bin/git log -1 --format=%H
2025-02-28T15:25:18.8854839Z 68266e24a68fb42fbbeefb9a1fc4181dfda30fbe
2025-02-28T15:25:18.9124131Z ##[group]Run actions/setup-python@v5.4.0
2025-02-28T15:25:18.9125079Z with:
2025-02-28T15:25:18.9125727Z   python-version: 3.11
2025-02-28T15:25:18.9126502Z   allow-prereleases: true
2025-02-28T15:25:18.9127299Z   check-latest: false
2025-02-28T15:25:18.9128284Z   token: ***
2025-02-28T15:25:18.9129157Z   update-environment: true
2025-02-28T15:25:18.9129928Z env:
2025-02-28T15:25:18.9130555Z   min_python_version: 3.9
2025-02-28T15:25:18.9131332Z   max_python_version: 3.12
2025-02-28T15:25:18.9132088Z   FORCE_COLOR: 1
2025-02-28T15:25:18.9132755Z ##[endgroup]
2025-02-28T15:25:19.0809209Z ##[group]Installed versions
2025-02-28T15:25:19.0872031Z Successfully set up CPython (3.11.11)
2025-02-28T15:25:19.0874318Z ##[endgroup]
2025-02-28T15:25:19.1083454Z ##[group]Run beeware/.github/.github/actions/install-requirement@main
2025-02-28T15:25:19.1084598Z with:
2025-02-28T15:25:19.1085430Z   requirements: tox
2025-02-28T15:25:19.1086115Z   extra: dev
2025-02-28T15:25:19.1086790Z   project-root: travertino
2025-02-28T15:25:19.1087591Z   workflow-repo: beeware/.github
2025-02-28T15:25:19.1088388Z env:
2025-02-28T15:25:19.1089166Z   min_python_version: 3.9
2025-02-28T15:25:19.1089953Z   max_python_version: 3.12
2025-02-28T15:25:19.1090700Z   FORCE_COLOR: 1
2025-02-28T15:25:19.1091576Z   pythonLocation: /opt/hostedtoolcache/Python/3.11.11/x64
2025-02-28T15:25:19.1092900Z   PKG_CONFIG_PATH: /opt/hostedtoolcache/Python/3.11.11/x64/lib/pkgconfig
2025-02-28T15:25:19.1094215Z   Python_ROOT_DIR: /opt/hostedtoolcache/Python/3.11.11/x64
2025-02-28T15:25:19.1095407Z   Python2_ROOT_DIR: /opt/hostedtoolcache/Python/3.11.11/x64
2025-02-28T15:25:19.1096607Z   Python3_ROOT_DIR: /opt/hostedtoolcache/Python/3.11.11/x64
2025-02-28T15:25:19.1097835Z   LD_LIBRARY_PATH: /opt/hostedtoolcache/Python/3.11.11/x64/lib
2025-02-28T15:25:19.1099041Z ##[endgroup]
2025-02-28T15:25:19.1296723Z ##[group]Run actions/checkout@v4.1.6
2025-02-28T15:25:19.1297573Z with:
2025-02-28T15:25:19.1298218Z   repository: beeware/.github
2025-02-28T15:25:19.1299287Z   path: .github-beeware
2025-02-28T15:25:19.1300295Z   token: ***
2025-02-28T15:25:19.1300948Z   ssh-strict: true
2025-02-28T15:25:19.1301615Z   ssh-user: git
2025-02-28T15:25:19.1302322Z   persist-credentials: true
2025-02-28T15:25:19.1303092Z   clean: true
2025-02-28T15:25:19.1303795Z   sparse-checkout-cone-mode: true
2025-02-28T15:25:19.1304647Z   fetch-depth: 1
2025-02-28T15:25:19.1305343Z   fetch-tags: false
2025-02-28T15:25:19.1306042Z   show-progress: true
2025-02-28T15:25:19.1306741Z   lfs: false
2025-02-28T15:25:19.1307387Z   submodules: false
2025-02-28T15:25:19.1308100Z   set-safe-directory: true
2025-02-28T15:25:19.1309023Z env:
2025-02-28T15:25:19.1309677Z   min_python_version: 3.9
2025-02-28T15:25:19.1310469Z   max_python_version: 3.12
2025-02-28T15:25:19.1311216Z   FORCE_COLOR: 1
2025-02-28T15:25:19.1312073Z   pythonLocation: /opt/hostedtoolcache/Python/3.11.11/x64
2025-02-28T15:25:19.1313383Z   PKG_CONFIG_PATH: /opt/hostedtoolcache/Python/3.11.11/x64/lib/pkgconfig
2025-02-28T15:25:19.1314666Z   Python_ROOT_DIR: /opt/hostedtoolcache/Python/3.11.11/x64
2025-02-28T15:25:19.1315828Z   Python2_ROOT_DIR: /opt/hostedtoolcache/Python/3.11.11/x64
2025-02-28T15:25:19.1317011Z   Python3_ROOT_DIR: /opt/hostedtoolcache/Python/3.11.11/x64
2025-02-28T15:25:19.1318203Z   LD_LIBRARY_PATH: /opt/hostedtoolcache/Python/3.11.11/x64/lib
2025-02-28T15:25:19.1319291Z ##[endgroup]
2025-02-28T15:25:19.2275454Z Syncing repository: beeware/.github
2025-02-28T15:25:19.2282551Z ##[group]Getting Git version info
2025-02-28T15:25:19.2284658Z Working directory is '/home/runner/work/toga/toga/.github-beeware'
2025-02-28T15:25:19.2323529Z [command]/usr/bin/git version
2025-02-28T15:25:19.2366201Z git version 2.48.1
2025-02-28T15:25:19.2392631Z ##[endgroup]
2025-02-28T15:25:19.2407010Z Temporarily overriding HOME='/home/runner/work/_temp/e394fae7-63b6-417d-a568-65b1d7cb2c1f' before making global git config changes
2025-02-28T15:25:19.2411002Z Adding repository directory to the temporary git global config as a safe directory
2025-02-28T15:25:19.2414175Z [command]/usr/bin/git config --global --add safe.directory /home/runner/work/toga/toga/.github-beeware
2025-02-28T15:25:19.2448461Z ##[group]Initializing the repository
2025-02-28T15:25:19.2453976Z [command]/usr/bin/git init /home/runner/work/toga/toga/.github-beeware
2025-02-28T15:25:19.2490169Z hint: Using 'master' as the name for the initial branch. This default branch name
2025-02-28T15:25:19.2492481Z hint: is subject to change. To configure the initial branch name to use in all
2025-02-28T15:25:19.2495040Z hint: of your new repositories, which will suppress this warning, call:
2025-02-28T15:25:19.2497005Z hint:
2025-02-28T15:25:19.2498448Z hint: 	git config --global init.defaultBranch <name>
2025-02-28T15:25:19.2500818Z hint:
2025-02-28T15:25:19.2502453Z hint: Names commonly chosen instead of 'master' are 'main', 'trunk' and
2025-02-28T15:25:19.2505267Z hint: 'development'. The just-created branch can be renamed via this command:
2025-02-28T15:25:19.2507235Z hint:
2025-02-28T15:25:19.2508274Z hint: 	git branch -m <name>
2025-02-28T15:25:19.2510460Z Initialized empty Git repository in /home/runner/work/toga/toga/.github-beeware/.git/
2025-02-28T15:25:19.2513381Z [command]/usr/bin/git remote add origin https://github.com/beeware/.github
2025-02-28T15:25:19.2536731Z ##[endgroup]
2025-02-28T15:25:19.2538700Z ##[group]Disabling automatic garbage collection
2025-02-28T15:25:19.2541400Z [command]/usr/bin/git config --local gc.auto 0
2025-02-28T15:25:19.2571912Z ##[endgroup]
2025-02-28T15:25:19.2573866Z ##[group]Setting up auth
2025-02-28T15:25:19.2579132Z [command]/usr/bin/git config --local --name-only --get-regexp core\.sshCommand
2025-02-28T15:25:19.2614038Z [command]/usr/bin/git submodule foreach --recursive sh -c "git config --local --name-only --get-regexp 'core\.sshCommand' && git config --local --unset-all 'core.sshCommand' || :"
2025-02-28T15:25:19.2849609Z [command]/usr/bin/git config --local --name-only --get-regexp http\.https\:\/\/github\.com\/\.extraheader
2025-02-28T15:25:19.2881875Z [command]/usr/bin/git submodule foreach --recursive sh -c "git config --local --name-only --get-regexp 'http\.https\:\/\/github\.com\/\.extraheader' && git config --local --unset-all 'http.https://github.com/.extraheader' || :"
2025-02-28T15:25:19.3126020Z [command]/usr/bin/git config --local http.https://github.com/.extraheader AUTHORIZATION: basic ***
2025-02-28T15:25:19.3163644Z ##[endgroup]
2025-02-28T15:25:19.3164908Z ##[group]Determining the default branch
2025-02-28T15:25:19.3166493Z Retrieving the default branch name
2025-02-28T15:25:19.5277604Z Default branch 'main'
2025-02-28T15:25:19.5280341Z ##[endgroup]
2025-02-28T15:25:19.5281591Z ##[group]Fetching the repository
2025-02-28T15:25:19.5288273Z [command]/usr/bin/git -c protocol.version=2 fetch --no-tags --prune --no-recurse-submodules --depth=1 origin +refs/heads/main:refs/remotes/origin/main
2025-02-28T15:25:19.7462709Z From https://github.com/beeware/.github
2025-02-28T15:25:19.7465257Z  * [new branch]      main       -> origin/main
2025-02-28T15:25:19.7489580Z ##[endgroup]
2025-02-28T15:25:19.7490086Z ##[group]Determining the checkout info
2025-02-28T15:25:19.7491132Z ##[endgroup]
2025-02-28T15:25:19.7496344Z [command]/usr/bin/git sparse-checkout disable
2025-02-28T15:25:19.7532869Z [command]/usr/bin/git config --local --unset-all extensions.worktreeConfig
2025-02-28T15:25:19.7560917Z ##[group]Checking out the ref
2025-02-28T15:25:19.7564613Z [command]/usr/bin/git checkout --progress --force -B main refs/remotes/origin/main
2025-02-28T15:25:19.7632175Z Switched to a new branch 'main'
2025-02-28T15:25:19.7635287Z branch 'main' set up to track 'origin/main'.
2025-02-28T15:25:19.7640336Z ##[endgroup]
2025-02-28T15:25:19.7678041Z [command]/usr/bin/git log -1 --format='%H'
2025-02-28T15:25:19.7702043Z 'a66b93162808d34adf5280c28104b75f8e0d70d3'
2025-02-28T15:25:19.7840911Z ##[group]Run echo "project-root=$(cd "travertino"; pwd -P)" | tee -a ${GITHUB_OUTPUT}
2025-02-28T15:25:19.7841644Z [36;1mecho "project-root=$(cd "travertino"; pwd -P)" | tee -a ${GITHUB_OUTPUT}[0m
2025-02-28T15:25:19.7892828Z shell: /usr/bin/bash --noprofile --norc -e -o pipefail {0}
2025-02-28T15:25:19.7893270Z env:
2025-02-28T15:25:19.7893530Z   min_python_version: 3.9
2025-02-28T15:25:19.7893838Z   max_python_version: 3.12
2025-02-28T15:25:19.7894140Z   FORCE_COLOR: 1
2025-02-28T15:25:19.7894491Z   pythonLocation: /opt/hostedtoolcache/Python/3.11.11/x64
2025-02-28T15:25:19.7895041Z   PKG_CONFIG_PATH: /opt/hostedtoolcache/Python/3.11.11/x64/lib/pkgconfig
2025-02-28T15:25:19.7895563Z   Python_ROOT_DIR: /opt/hostedtoolcache/Python/3.11.11/x64
2025-02-28T15:25:19.7896037Z   Python2_ROOT_DIR: /opt/hostedtoolcache/Python/3.11.11/x64
2025-02-28T15:25:19.7896764Z   Python3_ROOT_DIR: /opt/hostedtoolcache/Python/3.11.11/x64
2025-02-28T15:25:19.7897265Z   LD_LIBRARY_PATH: /opt/hostedtoolcache/Python/3.11.11/x64/lib
2025-02-28T15:25:19.7897673Z ##[endgroup]
2025-02-28T15:25:19.7996964Z project-root=/home/runner/work/toga/toga/travertino
2025-02-28T15:25:19.8046968Z ##[group]Run python -m pip install --upgrade pip
2025-02-28T15:25:19.8047449Z [36;1mpython -m pip install --upgrade pip[0m
2025-02-28T15:25:19.8047867Z [36;1mpython -m pip install --upgrade setuptools build wheel[0m
2025-02-28T15:25:19.8090789Z shell: /usr/bin/bash --noprofile --norc -e -o pipefail {0}
2025-02-28T15:25:19.8091176Z env:
2025-02-28T15:25:19.8091414Z   min_python_version: 3.9
2025-02-28T15:25:19.8091689Z   max_python_version: 3.12
2025-02-28T15:25:19.8091960Z   FORCE_COLOR: 1
2025-02-28T15:25:19.8092303Z   pythonLocation: /opt/hostedtoolcache/Python/3.11.11/x64
2025-02-28T15:25:19.8092829Z   PKG_CONFIG_PATH: /opt/hostedtoolcache/Python/3.11.11/x64/lib/pkgconfig
2025-02-28T15:25:19.8093354Z   Python_ROOT_DIR: /opt/hostedtoolcache/Python/3.11.11/x64
2025-02-28T15:25:19.8093818Z   Python2_ROOT_DIR: /opt/hostedtoolcache/Python/3.11.11/x64
2025-02-28T15:25:19.8094289Z   Python3_ROOT_DIR: /opt/hostedtoolcache/Python/3.11.11/x64
2025-02-28T15:25:19.8094797Z   LD_LIBRARY_PATH: /opt/hostedtoolcache/Python/3.11.11/x64/lib
2025-02-28T15:25:19.8095199Z ##[endgroup]
2025-02-28T15:25:20.4500900Z Requirement already satisfied: pip in /opt/hostedtoolcache/Python/3.11.11/x64/lib/python3.11/site-packages (25.0.1)
2025-02-28T15:25:21.0137212Z Requirement already satisfied: setuptools in /opt/hostedtoolcache/Python/3.11.11/x64/lib/python3.11/site-packages (65.5.0)
2025-02-28T15:25:21.1603169Z Collecting setuptools
2025-02-28T15:25:21.2012175Z   Downloading setuptools-75.8.2-py3-none-any.whl.metadata (6.7 kB)
2025-02-28T15:25:21.2217784Z Collecting build
2025-02-28T15:25:21.2251647Z   Downloading build-1.2.2.post1-py3-none-any.whl.metadata (6.5 kB)
2025-02-28T15:25:21.2508754Z Collecting wheel
2025-02-28T15:25:21.2546075Z   Downloading wheel-0.45.1-py3-none-any.whl.metadata (2.3 kB)
2025-02-28T15:25:21.2716991Z Collecting packaging>=19.1 (from build)
2025-02-28T15:25:21.2751385Z   Downloading packaging-24.2-py3-none-any.whl.metadata (3.2 kB)
2025-02-28T15:25:21.2845069Z Collecting pyproject_hooks (from build)
2025-02-28T15:25:21.2885542Z   Downloading pyproject_hooks-1.2.0-py3-none-any.whl.metadata (1.3 kB)
2025-02-28T15:25:21.2961780Z Downloading setuptools-75.8.2-py3-none-any.whl (1.2 MB)
2025-02-28T15:25:21.3247024Z [?25l   [90m━━━━━━━━━━━━━━━━━━━━━━━━━━━━━━━━━━━━━━━━[0m [32m0.0/1.2 MB[0m [31m?[0m eta [36m-:--:--[0m
2025-02-28T15:25:21.3248077Z [2K   [90m━━━━━━━━━━━━━━━━━━━━━━━━━━━━━━━━━━━━━━━━[0m [32m1.2/1.2 MB[0m [31m61.5 MB/s[0m eta [36m0:00:00[0m
2025-02-28T15:25:21.3285295Z [?25hDownloading build-1.2.2.post1-py3-none-any.whl (22 kB)
2025-02-28T15:25:21.3343988Z Downloading wheel-0.45.1-py3-none-any.whl (72 kB)
2025-02-28T15:25:21.3401384Z Downloading packaging-24.2-py3-none-any.whl (65 kB)
2025-02-28T15:25:21.3466971Z Downloading pyproject_hooks-1.2.0-py3-none-any.whl (10 kB)
2025-02-28T15:25:21.3727524Z Installing collected packages: wheel, setuptools, pyproject_hooks, packaging, build
2025-02-28T15:25:21.4161563Z   Attempting uninstall: setuptools
2025-02-28T15:25:21.4179250Z     Found existing installation: setuptools 65.5.0
2025-02-28T15:25:21.4370119Z     Uninstalling setuptools-65.5.0:
2025-02-28T15:25:21.4459037Z       Successfully uninstalled setuptools-65.5.0
2025-02-28T15:25:22.1905223Z Successfully installed build-1.2.2.post1 packaging-24.2 pyproject_hooks-1.2.0 setuptools-75.8.2 wheel-0.45.1
2025-02-28T15:25:22.2669633Z ##[group]Run python -m install_requirement tox \
2025-02-28T15:25:22.2670011Z [36;1mpython -m install_requirement tox \[0m
2025-02-28T15:25:22.2670314Z [36;1m  --extra "dev" \[0m
2025-02-28T15:25:22.2670704Z [36;1m  --project-root "$(printf -- "%q" "/home/runner/work/toga/toga/travertino")"[0m
2025-02-28T15:25:22.2720711Z shell: /usr/bin/bash --noprofile --norc -e -o pipefail {0}
2025-02-28T15:25:22.2721267Z env:
2025-02-28T15:25:22.2721485Z   min_python_version: 3.9
2025-02-28T15:25:22.2721740Z   max_python_version: 3.12
2025-02-28T15:25:22.2722129Z   FORCE_COLOR: 1
2025-02-28T15:25:22.2722432Z   pythonLocation: /opt/hostedtoolcache/Python/3.11.11/x64
2025-02-28T15:25:22.2722921Z   PKG_CONFIG_PATH: /opt/hostedtoolcache/Python/3.11.11/x64/lib/pkgconfig
2025-02-28T15:25:22.2723392Z   Python_ROOT_DIR: /opt/hostedtoolcache/Python/3.11.11/x64
2025-02-28T15:25:22.2723819Z   Python2_ROOT_DIR: /opt/hostedtoolcache/Python/3.11.11/x64
2025-02-28T15:25:22.2724256Z   Python3_ROOT_DIR: /opt/hostedtoolcache/Python/3.11.11/x64
2025-02-28T15:25:22.2724675Z   LD_LIBRARY_PATH: /opt/hostedtoolcache/Python/3.11.11/x64/lib
2025-02-28T15:25:22.2725027Z ##[endgroup]
2025-02-28T15:25:22.5877075Z Installing tox==4.24.1...
2025-02-28T15:25:23.0255700Z Collecting tox==4.24.1
2025-02-28T15:25:23.0569392Z   Downloading tox-4.24.1-py3-none-any.whl.metadata (3.7 kB)
2025-02-28T15:25:23.0739816Z Collecting cachetools>=5.5 (from tox==4.24.1)
2025-02-28T15:25:23.0784624Z   Downloading cachetools-5.5.2-py3-none-any.whl.metadata (5.4 kB)
2025-02-28T15:25:23.0918103Z Collecting chardet>=5.2 (from tox==4.24.1)
2025-02-28T15:25:23.0948750Z   Downloading chardet-5.2.0-py3-none-any.whl.metadata (3.4 kB)
2025-02-28T15:25:23.1105612Z Collecting colorama>=0.4.6 (from tox==4.24.1)
2025-02-28T15:25:23.1141672Z   Downloading colorama-0.4.6-py2.py3-none-any.whl.metadata (17 kB)
2025-02-28T15:25:23.1414543Z Collecting filelock>=3.16.1 (from tox==4.24.1)
2025-02-28T15:25:23.1446848Z   Downloading filelock-3.17.0-py3-none-any.whl.metadata (2.9 kB)
2025-02-28T15:25:23.1498980Z Requirement already satisfied: packaging>=24.2 in /opt/hostedtoolcache/Python/3.11.11/x64/lib/python3.11/site-packages (from tox==4.24.1) (24.2)
2025-02-28T15:25:23.1612116Z Collecting platformdirs>=4.3.6 (from tox==4.24.1)
2025-02-28T15:25:23.1642862Z   Downloading platformdirs-4.3.6-py3-none-any.whl.metadata (11 kB)
2025-02-28T15:25:23.1773288Z Collecting pluggy>=1.5 (from tox==4.24.1)
2025-02-28T15:25:23.1804283Z   Downloading pluggy-1.5.0-py3-none-any.whl.metadata (4.8 kB)
2025-02-28T15:25:23.1937768Z Collecting pyproject-api>=1.8 (from tox==4.24.1)
2025-02-28T15:25:23.1972655Z   Downloading pyproject_api-1.9.0-py3-none-any.whl.metadata (2.7 kB)
2025-02-28T15:25:23.2319720Z Collecting virtualenv>=20.27.1 (from tox==4.24.1)
2025-02-28T15:25:23.2349954Z   Downloading virtualenv-20.29.2-py3-none-any.whl.metadata (4.5 kB)
2025-02-28T15:25:23.2544469Z Collecting distlib<1,>=0.3.7 (from virtualenv>=20.27.1->tox==4.24.1)
2025-02-28T15:25:23.2576699Z   Downloading distlib-0.3.9-py2.py3-none-any.whl.metadata (5.2 kB)
2025-02-28T15:25:23.2731130Z Downloading tox-4.24.1-py3-none-any.whl (171 kB)
2025-02-28T15:25:23.2836772Z Downloading cachetools-5.5.2-py3-none-any.whl (10 kB)
2025-02-28T15:25:23.2889369Z Downloading chardet-5.2.0-py3-none-any.whl (199 kB)
2025-02-28T15:25:23.2950792Z Downloading colorama-0.4.6-py2.py3-none-any.whl (25 kB)
2025-02-28T15:25:23.3003573Z Downloading filelock-3.17.0-py3-none-any.whl (16 kB)
2025-02-28T15:25:23.3054522Z Downloading platformdirs-4.3.6-py3-none-any.whl (18 kB)
2025-02-28T15:25:23.3111511Z Downloading pluggy-1.5.0-py3-none-any.whl (20 kB)
2025-02-28T15:25:23.3161688Z Downloading pyproject_api-1.9.0-py3-none-any.whl (13 kB)
2025-02-28T15:25:23.3210849Z Downloading virtualenv-20.29.2-py3-none-any.whl (4.3 MB)
2025-02-28T15:25:23.3470570Z [?25l   [90m━━━━━━━━━━━━━━━━━━━━━━━━━━━━━━━━━━━━━━━━[0m [32m0.0/4.3 MB[0m [31m?[0m eta [36m-:--:--[0m
2025-02-28T15:25:23.3471555Z [2K   [90m━━━━━━━━━━━━━━━━━━━━━━━━━━━━━━━━━━━━━━━━[0m [32m4.3/4.3 MB[0m [31m186.2 MB/s[0m eta [36m0:00:00[0m
2025-02-28T15:25:23.3501731Z [?25hDownloading distlib-0.3.9-py2.py3-none-any.whl (468 kB)
2025-02-28T15:25:23.3915708Z Installing collected packages: distlib, pyproject-api, pluggy, platformdirs, filelock, colorama, chardet, cachetools, virtualenv, tox
2025-02-28T15:25:23.9539087Z Successfully installed cachetools-5.5.2 chardet-5.2.0 colorama-0.4.6 distlib-0.3.9 filelock-3.17.0 platformdirs-4.3.6 pluggy-1.5.0 pyproject-api-1.9.0 tox-4.24.1 virtualenv-20.29.2
2025-02-28T15:25:24.0279167Z 
2025-02-28T15:25:24.0281124Z Successfully installed:
2025-02-28T15:25:24.0282145Z  tox==4.24.1
2025-02-28T15:25:24.0474498Z ##[group]Run actions/download-artifact@v4.1.8
2025-02-28T15:25:24.0474803Z with:
2025-02-28T15:25:24.0474997Z   pattern: Packages-toga-*
2025-02-28T15:25:24.0475233Z   merge-multiple: true
2025-02-28T15:25:24.0475433Z   path: dist
2025-02-28T15:25:24.0475618Z   repository: beeware/toga
2025-02-28T15:25:24.0475826Z   run-id: 13591189051
2025-02-28T15:25:24.0476002Z env:
2025-02-28T15:25:24.0476170Z   min_python_version: 3.9
2025-02-28T15:25:24.0476376Z   max_python_version: 3.12
2025-02-28T15:25:24.0476576Z   FORCE_COLOR: 1
2025-02-28T15:25:24.0476828Z   pythonLocation: /opt/hostedtoolcache/Python/3.11.11/x64
2025-02-28T15:25:24.0477251Z   PKG_CONFIG_PATH: /opt/hostedtoolcache/Python/3.11.11/x64/lib/pkgconfig
2025-02-28T15:25:24.0477645Z   Python_ROOT_DIR: /opt/hostedtoolcache/Python/3.11.11/x64
2025-02-28T15:25:24.0477999Z   Python2_ROOT_DIR: /opt/hostedtoolcache/Python/3.11.11/x64
2025-02-28T15:25:24.0478359Z   Python3_ROOT_DIR: /opt/hostedtoolcache/Python/3.11.11/x64
2025-02-28T15:25:24.0478770Z   LD_LIBRARY_PATH: /opt/hostedtoolcache/Python/3.11.11/x64/lib
2025-02-28T15:25:24.0479304Z ##[endgroup]
2025-02-28T15:25:24.3636175Z Found 36 artifact(s)
2025-02-28T15:25:24.3637592Z Filtering artifacts by pattern 'Packages-toga-*'
2025-02-28T15:25:24.3658769Z Preparing to download the following artifacts:
2025-02-28T15:25:24.3659598Z - Packages-toga-winforms (ID: 2671287482, Size: 912634)
2025-02-28T15:25:24.3660239Z - Packages-toga-dummy (ID: 2671286695, Size: 148605)
2025-02-28T15:25:24.3662322Z - Packages-toga-core (ID: 2671286668, Size: 1154108)
2025-02-28T15:25:24.3663172Z - Packages-toga-iOS (ID: 2671286641, Size: 872393)
2025-02-28T15:25:24.3663960Z - Packages-toga-demo (ID: 2671286618, Size: 1242392)
2025-02-28T15:25:24.3664464Z - Packages-toga-web (ID: 2671286591, Size: 34849)
2025-02-28T15:25:24.3664964Z - Packages-toga-cocoa (ID: 2671286553, Size: 929372)
2025-02-28T15:25:24.3665460Z - Packages-toga-gtk (ID: 2671286494, Size: 142140)
2025-02-28T15:25:24.3666028Z - Packages-toga-travertino (ID: 2671286454, Size: 62313)
2025-02-28T15:25:24.3666571Z - Packages-toga-android (ID: 2671286345, Size: 138242)
2025-02-28T15:25:24.3667057Z - Packages-toga-toga (ID: 2671286304, Size: 7265)
2025-02-28T15:25:24.3667550Z - Packages-toga-textual (ID: 2671286253, Size: 32043)
2025-02-28T15:25:24.4228999Z Redirecting to blob download url: https://productionresultssa15.blob.core.windows.net/actions-results/2833d74d-b108-4855-a138-f9cc692c54c9/workflow-job-run-3124742b-843a-5b41-b426-aef8afedb9f7/artifacts/442c3fefacaa5f4a317396d7241d3673a3eab28c29b7e651a0b97534d592e35d.zip
2025-02-28T15:25:24.4231511Z Starting download of artifact to: /home/runner/work/toga/toga/dist
2025-02-28T15:25:24.4600412Z Redirecting to blob download url: https://productionresultssa15.blob.core.windows.net/actions-results/2833d74d-b108-4855-a138-f9cc692c54c9/workflow-job-run-46aa3184-e851-51af-58d5-831072cd673f/artifacts/485660db63ec446c9f562cc6bdf49c64bf27c37a329b95a30a2467812096f020.zip
2025-02-28T15:25:24.4603380Z Starting download of artifact to: /home/runner/work/toga/toga/dist
2025-02-28T15:25:24.4606101Z Redirecting to blob download url: https://productionresultssa15.blob.core.windows.net/actions-results/2833d74d-b108-4855-a138-f9cc692c54c9/workflow-job-run-98be74ae-5157-5c81-b7d0-b2ef5821a81e/artifacts/6e0cae3735cba3d010b2e4c6917aa1f2ffe72638fbddcfcf5e7d00e456e64178.zip
2025-02-28T15:25:24.4609638Z Starting download of artifact to: /home/runner/work/toga/toga/dist
2025-02-28T15:25:24.4647311Z Redirecting to blob download url: https://productionresultssa15.blob.core.windows.net/actions-results/2833d74d-b108-4855-a138-f9cc692c54c9/workflow-job-run-866e389a-a1a0-5c67-a00f-72c22223abfe/artifacts/b4bca85baf5c112d5a88797759fe2e27b3de49b97e7268608199152765d6405a.zip
2025-02-28T15:25:24.4649829Z Starting download of artifact to: /home/runner/work/toga/toga/dist
2025-02-28T15:25:24.4668717Z Redirecting to blob download url: https://productionresultssa15.blob.core.windows.net/actions-results/2833d74d-b108-4855-a138-f9cc692c54c9/workflow-job-run-7815ca6b-1b41-513e-fbe7-8eccb083611a/artifacts/1660c57eb65463a413672e3e25e0e2a0d8c8794547115554b39228f20230f22e.zip
2025-02-28T15:25:24.4671415Z Starting download of artifact to: /home/runner/work/toga/toga/dist
2025-02-28T15:25:24.4686433Z Redirecting to blob download url: https://productionresultssa15.blob.core.windows.net/actions-results/2833d74d-b108-4855-a138-f9cc692c54c9/workflow-job-run-832e8880-3eb6-5d89-0c04-ef547b46a59e/artifacts/dd722970e727682fe8f4f464e3511dbda02932b6586e5f2f8ac9f8f11f50cdc9.zip
2025-02-28T15:25:24.4688202Z Starting download of artifact to: /home/runner/work/toga/toga/dist
2025-02-28T15:25:24.4704972Z Redirecting to blob download url: https://productionresultssa15.blob.core.windows.net/actions-results/2833d74d-b108-4855-a138-f9cc692c54c9/workflow-job-run-e2a6fa47-47a3-5188-27fb-56f4e71042c8/artifacts/5425332638acb926f3e0f42935440601f1f6cf4c943281c5f8b926bd1948bc25.zip
2025-02-28T15:25:24.4706252Z Starting download of artifact to: /home/runner/work/toga/toga/dist
2025-02-28T15:25:24.4722210Z Redirecting to blob download url: https://productionresultssa15.blob.core.windows.net/actions-results/2833d74d-b108-4855-a138-f9cc692c54c9/workflow-job-run-c851c84b-57ed-5071-9878-2279ccd891b8/artifacts/5eb57499beb40f05e15583bbf1c077df75bc75fa11156590733b79c2f9774e5a.zip
2025-02-28T15:25:24.4724194Z Starting download of artifact to: /home/runner/work/toga/toga/dist
2025-02-28T15:25:24.4795632Z (node:2022) [DEP0005] DeprecationWarning: Buffer() is deprecated due to security and usability issues. Please use the Buffer.alloc(), Buffer.allocUnsafe(), or Buffer.from() methods instead.
2025-02-28T15:25:24.4796737Z (Use `node --trace-deprecation ...` to show where the warning was created)
2025-02-28T15:25:24.4814398Z Redirecting to blob download url: https://productionresultssa15.blob.core.windows.net/actions-results/2833d74d-b108-4855-a138-f9cc692c54c9/workflow-job-run-f1ed5179-285b-5126-8d3b-2df284d1f11c/artifacts/a55c024fa54bd7854415e2c7edfeb2c5046af07e859f8da7b852b08eadc84e2a.zip
2025-02-28T15:25:24.4816687Z Starting download of artifact to: /home/runner/work/toga/toga/dist
2025-02-28T15:25:24.4889342Z Redirecting to blob download url: https://productionresultssa15.blob.core.windows.net/actions-results/2833d74d-b108-4855-a138-f9cc692c54c9/workflow-job-run-18bbcbc6-8763-5d15-2620-0ac883eea9b0/artifacts/42ca5e4547811af7883a91d6c65b481266e15c0cdc8d243ec9aae2b558253c02.zip
2025-02-28T15:25:24.4891672Z Starting download of artifact to: /home/runner/work/toga/toga/dist
2025-02-28T15:25:24.4953455Z Redirecting to blob download url: https://productionresultssa15.blob.core.windows.net/actions-results/2833d74d-b108-4855-a138-f9cc692c54c9/workflow-job-run-137efbf3-bb9f-5901-016f-a9ca027ec083/artifacts/3f2c1a4e1441705d00c0abbd5f3913c6b215c2d9365be6ffa9fcc342e7742def.zip
2025-02-28T15:25:24.4955659Z Starting download of artifact to: /home/runner/work/toga/toga/dist
2025-02-28T15:25:24.5048296Z Redirecting to blob download url: https://productionresultssa15.blob.core.windows.net/actions-results/2833d74d-b108-4855-a138-f9cc692c54c9/workflow-job-run-996a8579-f179-559d-4190-0dfa80ff20d7/artifacts/78e64f25892d1e62a7fba16b04b2d38f38656067df6d708afd5432245debf794.zip
2025-02-28T15:25:24.5050856Z Starting download of artifact to: /home/runner/work/toga/toga/dist
2025-02-28T15:25:24.5518255Z Artifact download completed successfully.
2025-02-28T15:25:24.5519408Z Artifact download completed successfully.
2025-02-28T15:25:24.5560375Z Artifact download completed successfully.
2025-02-28T15:25:24.5613745Z Artifact download completed successfully.
2025-02-28T15:25:24.5646909Z Artifact download completed successfully.
2025-02-28T15:25:24.5655627Z Artifact download completed successfully.
2025-02-28T15:25:24.5909236Z Artifact download completed successfully.
2025-02-28T15:25:24.6232203Z Artifact download completed successfully.
2025-02-28T15:25:24.6404521Z Artifact download completed successfully.
2025-02-28T15:25:24.6451329Z Artifact download completed successfully.
2025-02-28T15:25:24.6456202Z Artifact download completed successfully.
2025-02-28T15:25:24.6480003Z Artifact download completed successfully.
2025-02-28T15:25:24.6480705Z Total of 12 artifact(s) downloaded
2025-02-28T15:25:24.6487664Z Download artifact has finished successfully
2025-02-28T15:25:24.6645177Z ##[group]Run # The $(ls ...) shell expansion is done in the Github environment; the value of
2025-02-28T15:25:24.6645760Z [36;1m# The $(ls ...) shell expansion is done in the Github environment; the value of[0m
2025-02-28T15:25:24.6646287Z [36;1m# TOGA_INSTALL_COMMAND will be a literal string without any shell expansions to[0m
2025-02-28T15:25:24.6646813Z [36;1m# perform. We don't *explicitly* install the Travertino wheel; we provide the[0m
2025-02-28T15:25:24.6647312Z [36;1m# dist dir as a source of wheels, and rely on pip to resolve the explicit[0m
2025-02-28T15:25:24.6647746Z [36;1m# version match to the Travertino wheel in that folder.[0m
2025-02-28T15:25:24.6648408Z [36;1mexport TOGA_INSTALL_COMMAND="python -m pip install --find-links ../dist ../$(ls dist/toga_core-*.whl)[dev] ../$(ls dist/toga_dummy-*.whl)"[0m
2025-02-28T15:25:24.6649225Z [36;1mtox -e py-cov-trav[0m
2025-02-28T15:25:24.6649527Z [36;1mtox -qe coverage$(tr -dc "0-9" <<< "3.11")-trav[0m
2025-02-28T15:25:24.6649982Z [36;1mmv travertino/.coverage travertino/.coverage.ubuntu-latest.3.11[0m
2025-02-28T15:25:24.6698436Z shell: /usr/bin/bash --noprofile --norc -e -o pipefail {0}
2025-02-28T15:25:24.6698986Z env:
2025-02-28T15:25:24.6699211Z   min_python_version: 3.9
2025-02-28T15:25:24.6699475Z   max_python_version: 3.12
2025-02-28T15:25:24.6699718Z   FORCE_COLOR: 1
2025-02-28T15:25:24.6700023Z   pythonLocation: /opt/hostedtoolcache/Python/3.11.11/x64
2025-02-28T15:25:24.6700542Z   PKG_CONFIG_PATH: /opt/hostedtoolcache/Python/3.11.11/x64/lib/pkgconfig
2025-02-28T15:25:24.6701025Z   Python_ROOT_DIR: /opt/hostedtoolcache/Python/3.11.11/x64
2025-02-28T15:25:24.6701448Z   Python2_ROOT_DIR: /opt/hostedtoolcache/Python/3.11.11/x64
2025-02-28T15:25:24.6701882Z   Python3_ROOT_DIR: /opt/hostedtoolcache/Python/3.11.11/x64
2025-02-28T15:25:24.6702320Z   LD_LIBRARY_PATH: /opt/hostedtoolcache/Python/3.11.11/x64/lib
2025-02-28T15:25:24.6702679Z ##[endgroup]
2025-02-28T15:25:25.2830749Z [1m[35mpy-cov-trav:[0m[36m freeze[22m[2m>[0m python -m pip freeze --all[0m
2025-02-28T15:25:25.8148438Z [1m[35mpy-cov-trav:[0m[36m pip==25.0.1,setuptools==75.8.0,wheel==0.45.1[0m
2025-02-28T15:25:25.8163513Z [1m[35mpy-cov-trav:[0m[36m commands[0][22m /home/runner/work/toga/toga/travertino[2m>[0m python -m pip install --find-links ../dist '../dist/toga_core-0.4.9.dev629+g68266e24a-py3-none-any.whl[dev]' ../dist/toga_dummy-0.4.9.dev629+g68266e24a-py3-none-any.whl[0m
2025-02-28T15:25:26.3510856Z Looking in links: ../dist
2025-02-28T15:25:26.3559572Z Processing /home/runner/work/toga/toga/dist/toga_core-0.4.9.dev629+g68266e24a-py3-none-any.whl (from toga-core==0.4.9.dev629+g68266e24a)
2025-02-28T15:25:26.3634367Z Processing /home/runner/work/toga/toga/dist/toga_dummy-0.4.9.dev629+g68266e24a-py3-none-any.whl
2025-02-28T15:25:26.4100285Z Processing /home/runner/work/toga/toga/dist/travertino-0.4.9.dev629+g68266e24a-py3-none-any.whl (from toga-core==0.4.9.dev629+g68266e24a->toga-core==0.4.9.dev629+g68266e24a)
2025-02-28T15:25:26.6149940Z Collecting coverage==7.6.12 (from coverage[toml]==7.6.12; extra == "dev"->toga-core==0.4.9.dev629+g68266e24a->toga-core==0.4.9.dev629+g68266e24a)
2025-02-28T15:25:26.6459888Z   Downloading coverage-7.6.12-cp311-cp311-manylinux_2_5_x86_64.manylinux1_x86_64.manylinux_2_17_x86_64.manylinux2014_x86_64.whl.metadata (8.5 kB)
2025-02-28T15:25:26.6580029Z Collecting coverage-conditional-plugin==0.9.0 (from toga-core==0.4.9.dev629+g68266e24a->toga-core==0.4.9.dev629+g68266e24a)
2025-02-28T15:25:26.6613764Z   Downloading coverage_conditional_plugin-0.9.0-py3-none-any.whl.metadata (6.9 kB)
2025-02-28T15:25:26.7686786Z Collecting Pillow==11.1.0 (from toga-core==0.4.9.dev629+g68266e24a->toga-core==0.4.9.dev629+g68266e24a)
2025-02-28T15:25:26.7715262Z   Downloading pillow-11.1.0-cp311-cp311-manylinux_2_28_x86_64.whl.metadata (9.1 kB)
2025-02-28T15:25:26.8026352Z Collecting pre-commit==4.1.0 (from toga-core==0.4.9.dev629+g68266e24a->toga-core==0.4.9.dev629+g68266e24a)
2025-02-28T15:25:26.8080126Z   Downloading pre_commit-4.1.0-py2.py3-none-any.whl.metadata (1.3 kB)
2025-02-28T15:25:26.8357531Z Collecting pytest==8.3.4 (from toga-core==0.4.9.dev629+g68266e24a->toga-core==0.4.9.dev629+g68266e24a)
2025-02-28T15:25:26.8384035Z   Downloading pytest-8.3.4-py3-none-any.whl.metadata (7.5 kB)
2025-02-28T15:25:26.8559061Z Collecting pytest-asyncio==0.25.3 (from toga-core==0.4.9.dev629+g68266e24a->toga-core==0.4.9.dev629+g68266e24a)
2025-02-28T15:25:26.8585656Z   Downloading pytest_asyncio-0.25.3-py3-none-any.whl.metadata (3.9 kB)
2025-02-28T15:25:26.8680041Z Collecting pytest-freezer==0.4.9 (from toga-core==0.4.9.dev629+g68266e24a->toga-core==0.4.9.dev629+g68266e24a)
2025-02-28T15:25:26.8716355Z   Downloading pytest_freezer-0.4.9-py3-none-any.whl.metadata (2.1 kB)
2025-02-28T15:25:26.8936011Z Collecting setuptools-scm==8.1.0 (from toga-core==0.4.9.dev629+g68266e24a->toga-core==0.4.9.dev629+g68266e24a)
2025-02-28T15:25:26.8964531Z   Downloading setuptools_scm-8.1.0-py3-none-any.whl.metadata (6.6 kB)
2025-02-28T15:25:26.9429004Z Collecting tox==4.24.1 (from toga-core==0.4.9.dev629+g68266e24a->toga-core==0.4.9.dev629+g68266e24a)
2025-02-28T15:25:26.9439219Z   Using cached tox-4.24.1-py3-none-any.whl.metadata (3.7 kB)
2025-02-28T15:25:26.9617679Z Collecting packaging>=20.4 (from coverage-conditional-plugin==0.9.0->toga-core==0.4.9.dev629+g68266e24a->toga-core==0.4.9.dev629+g68266e24a)
2025-02-28T15:25:26.9628365Z   Using cached packaging-24.2-py3-none-any.whl.metadata (3.2 kB)
2025-02-28T15:25:26.9731573Z Collecting cfgv>=2.0.0 (from pre-commit==4.1.0->toga-core==0.4.9.dev629+g68266e24a->toga-core==0.4.9.dev629+g68266e24a)
2025-02-28T15:25:26.9756722Z   Downloading cfgv-3.4.0-py2.py3-none-any.whl.metadata (8.5 kB)
2025-02-28T15:25:27.0091717Z Collecting identify>=1.0.0 (from pre-commit==4.1.0->toga-core==0.4.9.dev629+g68266e24a->toga-core==0.4.9.dev629+g68266e24a)
2025-02-28T15:25:27.0116027Z   Downloading identify-2.6.8-py2.py3-none-any.whl.metadata (4.4 kB)
2025-02-28T15:25:27.0305038Z Collecting nodeenv>=0.11.1 (from pre-commit==4.1.0->toga-core==0.4.9.dev629+g68266e24a->toga-core==0.4.9.dev629+g68266e24a)
2025-02-28T15:25:27.0331077Z   Downloading nodeenv-1.9.1-py2.py3-none-any.whl.metadata (21 kB)
2025-02-28T15:25:27.0603727Z Collecting pyyaml>=5.1 (from pre-commit==4.1.0->toga-core==0.4.9.dev629+g68266e24a->toga-core==0.4.9.dev629+g68266e24a)
2025-02-28T15:25:27.0632718Z   Downloading PyYAML-6.0.2-cp311-cp311-manylinux_2_17_x86_64.manylinux2014_x86_64.whl.metadata (2.1 kB)
2025-02-28T15:25:27.0970413Z Collecting virtualenv>=20.10.0 (from pre-commit==4.1.0->toga-core==0.4.9.dev629+g68266e24a->toga-core==0.4.9.dev629+g68266e24a)
2025-02-28T15:25:27.0979638Z   Using cached virtualenv-20.29.2-py3-none-any.whl.metadata (4.5 kB)
2025-02-28T15:25:27.1083493Z Collecting iniconfig (from pytest==8.3.4->toga-core==0.4.9.dev629+g68266e24a->toga-core==0.4.9.dev629+g68266e24a)
2025-02-28T15:25:27.1110720Z   Downloading iniconfig-2.0.0-py3-none-any.whl.metadata (2.6 kB)
2025-02-28T15:25:27.1209958Z Collecting pluggy<2,>=1.5 (from pytest==8.3.4->toga-core==0.4.9.dev629+g68266e24a->toga-core==0.4.9.dev629+g68266e24a)
2025-02-28T15:25:27.1221309Z   Using cached pluggy-1.5.0-py3-none-any.whl.metadata (4.8 kB)
2025-02-28T15:25:27.1499802Z Collecting freezegun>=1.1 (from pytest-freezer==0.4.9->toga-core==0.4.9.dev629+g68266e24a->toga-core==0.4.9.dev629+g68266e24a)
2025-02-28T15:25:27.1525900Z   Downloading freezegun-1.5.1-py3-none-any.whl.metadata (11 kB)
2025-02-28T15:25:27.1610361Z Requirement already satisfied: setuptools in /home/runner/work/toga/toga/.tox/py-cov-trav/lib/python3.11/site-packages (from setuptools-scm==8.1.0->toga-core==0.4.9.dev629+g68266e24a->toga-core==0.4.9.dev629+g68266e24a) (75.8.0)
2025-02-28T15:25:27.1724630Z Collecting cachetools>=5.5 (from tox==4.24.1->toga-core==0.4.9.dev629+g68266e24a->toga-core==0.4.9.dev629+g68266e24a)
2025-02-28T15:25:27.1734839Z   Using cached cachetools-5.5.2-py3-none-any.whl.metadata (5.4 kB)
2025-02-28T15:25:27.1812907Z Collecting chardet>=5.2 (from tox==4.24.1->toga-core==0.4.9.dev629+g68266e24a->toga-core==0.4.9.dev629+g68266e24a)
2025-02-28T15:25:27.1822248Z   Using cached chardet-5.2.0-py3-none-any.whl.metadata (3.4 kB)
2025-02-28T15:25:27.1933398Z Collecting colorama>=0.4.6 (from tox==4.24.1->toga-core==0.4.9.dev629+g68266e24a->toga-core==0.4.9.dev629+g68266e24a)
2025-02-28T15:25:27.1944019Z   Using cached colorama-0.4.6-py2.py3-none-any.whl.metadata (17 kB)
2025-02-28T15:25:27.2083987Z Collecting filelock>=3.16.1 (from tox==4.24.1->toga-core==0.4.9.dev629+g68266e24a->toga-core==0.4.9.dev629+g68266e24a)
2025-02-28T15:25:27.2094331Z   Using cached filelock-3.17.0-py3-none-any.whl.metadata (2.9 kB)
2025-02-28T15:25:27.2257377Z Collecting platformdirs>=4.3.6 (from tox==4.24.1->toga-core==0.4.9.dev629+g68266e24a->toga-core==0.4.9.dev629+g68266e24a)
2025-02-28T15:25:27.2267453Z   Using cached platformdirs-4.3.6-py3-none-any.whl.metadata (11 kB)
2025-02-28T15:25:27.2365913Z Collecting pyproject-api>=1.8 (from tox==4.24.1->toga-core==0.4.9.dev629+g68266e24a->toga-core==0.4.9.dev629+g68266e24a)
2025-02-28T15:25:27.2375986Z   Using cached pyproject_api-1.9.0-py3-none-any.whl.metadata (2.7 kB)
2025-02-28T15:25:27.2644184Z Collecting python-dateutil>=2.7 (from freezegun>=1.1->pytest-freezer==0.4.9->toga-core==0.4.9.dev629+g68266e24a->toga-core==0.4.9.dev629+g68266e24a)
2025-02-28T15:25:27.2671658Z   Downloading python_dateutil-2.9.0.post0-py2.py3-none-any.whl.metadata (8.4 kB)
2025-02-28T15:25:27.2870877Z Collecting distlib<1,>=0.3.7 (from virtualenv>=20.10.0->pre-commit==4.1.0->toga-core==0.4.9.dev629+g68266e24a->toga-core==0.4.9.dev629+g68266e24a)
2025-02-28T15:25:27.2881272Z   Using cached distlib-0.3.9-py2.py3-none-any.whl.metadata (5.2 kB)
2025-02-28T15:25:27.3121717Z Collecting six>=1.5 (from python-dateutil>=2.7->freezegun>=1.1->pytest-freezer==0.4.9->toga-core==0.4.9.dev629+g68266e24a->toga-core==0.4.9.dev629+g68266e24a)
2025-02-28T15:25:27.3146669Z   Downloading six-1.17.0-py2.py3-none-any.whl.metadata (1.7 kB)
2025-02-28T15:25:27.3235323Z Downloading coverage-7.6.12-cp311-cp311-manylinux_2_5_x86_64.manylinux1_x86_64.manylinux_2_17_x86_64.manylinux2014_x86_64.whl (241 kB)
2025-02-28T15:25:27.3321187Z Downloading coverage_conditional_plugin-0.9.0-py3-none-any.whl (7.3 kB)
2025-02-28T15:25:27.3366410Z Downloading pillow-11.1.0-cp311-cp311-manylinux_2_28_x86_64.whl (4.5 MB)
2025-02-28T15:25:27.3659544Z [?25l   [90m━━━━━━━━━━━━━━━━━━━━━━━━━━━━━━━━━━━━━━━━[0m [32m0.0/4.5 MB[0m [31m?[0m eta [36m-:--:--[0m
2025-02-28T15:25:27.3660683Z [2K   [90m━━━━━━━━━━━━━━━━━━━━━━━━━━━━━━━━━━━━━━━━[0m [32m4.5/4.5 MB[0m [31m168.1 MB/s[0m eta [36m0:00:00[0m
2025-02-28T15:25:27.3690956Z [?25hDownloading pre_commit-4.1.0-py2.py3-none-any.whl (220 kB)
2025-02-28T15:25:27.3743666Z Downloading pytest-8.3.4-py3-none-any.whl (343 kB)
2025-02-28T15:25:27.3805279Z Downloading pytest_asyncio-0.25.3-py3-none-any.whl (19 kB)
2025-02-28T15:25:27.3849719Z Downloading pytest_freezer-0.4.9-py3-none-any.whl (3.2 kB)
2025-02-28T15:25:27.3891934Z Downloading setuptools_scm-8.1.0-py3-none-any.whl (43 kB)
2025-02-28T15:25:27.3921471Z Using cached tox-4.24.1-py3-none-any.whl (171 kB)
2025-02-28T15:25:27.3933193Z Using cached cachetools-5.5.2-py3-none-any.whl (10 kB)
2025-02-28T15:25:27.3960099Z Downloading cfgv-3.4.0-py2.py3-none-any.whl (7.2 kB)
2025-02-28T15:25:27.3987173Z Using cached chardet-5.2.0-py3-none-any.whl (199 kB)
2025-02-28T15:25:27.3998085Z Using cached colorama-0.4.6-py2.py3-none-any.whl (25 kB)
2025-02-28T15:25:27.4007696Z Using cached filelock-3.17.0-py3-none-any.whl (16 kB)
2025-02-28T15:25:27.4033248Z Downloading freezegun-1.5.1-py3-none-any.whl (17 kB)
2025-02-28T15:25:27.4075603Z Downloading identify-2.6.8-py2.py3-none-any.whl (99 kB)
2025-02-28T15:25:27.4165535Z Downloading nodeenv-1.9.1-py2.py3-none-any.whl (22 kB)
2025-02-28T15:25:27.4194412Z Using cached packaging-24.2-py3-none-any.whl (65 kB)
2025-02-28T15:25:27.4204844Z Using cached platformdirs-4.3.6-py3-none-any.whl (18 kB)
2025-02-28T15:25:27.4214465Z Using cached pluggy-1.5.0-py3-none-any.whl (20 kB)
2025-02-28T15:25:27.4224443Z Using cached pyproject_api-1.9.0-py3-none-any.whl (13 kB)
2025-02-28T15:25:27.4250057Z Downloading PyYAML-6.0.2-cp311-cp311-manylinux_2_17_x86_64.manylinux2014_x86_64.whl (762 kB)
2025-02-28T15:25:27.4327596Z [?25l   [90m━━━━━━━━━━━━━━━━━━━━━━━━━━━━━━━━━━━━━━━━[0m [32m0.0/763.0 kB[0m [31m?[0m eta [36m-:--:--[0m
2025-02-28T15:25:27.4329407Z [2K   [90m━━━━━━━━━━━━━━━━━━━━━━━━━━━━━━━━━━━━━━━[0m [32m763.0/763.0 kB[0m [31m110.8 MB/s[0m eta [36m0:00:00[0m
2025-02-28T15:25:27.4340856Z [?25hUsing cached virtualenv-20.29.2-py3-none-any.whl (4.3 MB)
2025-02-28T15:25:27.4403899Z Downloading iniconfig-2.0.0-py3-none-any.whl (5.9 kB)
2025-02-28T15:25:27.4445726Z Using cached distlib-0.3.9-py2.py3-none-any.whl (468 kB)
2025-02-28T15:25:27.4475796Z Downloading python_dateutil-2.9.0.post0-py2.py3-none-any.whl (229 kB)
2025-02-28T15:25:27.4527960Z Downloading six-1.17.0-py2.py3-none-any.whl (11 kB)
2025-02-28T15:25:27.5171860Z Installing collected packages: distlib, travertino, six, pyyaml, pluggy, platformdirs, Pillow, packaging, nodeenv, iniconfig, identify, filelock, coverage, colorama, chardet, cfgv, cachetools, virtualenv, toga-core, setuptools-scm, python-dateutil, pytest, pyproject-api, coverage-conditional-plugin, tox, toga-dummy, pytest-asyncio, pre-commit, freezegun, pytest-freezer
2025-02-28T15:25:29.0659350Z Successfully installed Pillow-11.1.0 cachetools-5.5.2 cfgv-3.4.0 chardet-5.2.0 colorama-0.4.6 coverage-7.6.12 coverage-conditional-plugin-0.9.0 distlib-0.3.9 filelock-3.17.0 freezegun-1.5.1 identify-2.6.8 iniconfig-2.0.0 nodeenv-1.9.1 packaging-24.2 platformdirs-4.3.6 pluggy-1.5.0 pre-commit-4.1.0 pyproject-api-1.9.0 pytest-8.3.4 pytest-asyncio-0.25.3 pytest-freezer-0.4.9 python-dateutil-2.9.0.post0 pyyaml-6.0.2 setuptools-scm-8.1.0 six-1.17.0 toga-core-0.4.9.dev629+g68266e24a toga-dummy-0.4.9.dev629+g68266e24a tox-4.24.1 travertino-0.4.9.dev629+g68266e24a virtualenv-20.29.2
2025-02-28T15:25:29.1480887Z [1m[35mpy-cov-trav:[0m[36m commands[1][22m /home/runner/work/toga/toga/travertino[2m>[0m python -m coverage run -m pytest -vv --color yes[0m
2025-02-28T15:25:29.5569565Z [1m============================= test session starts ==============================[0m
2025-02-28T15:25:29.5570982Z platform linux -- Python 3.11.11, pytest-8.3.4, pluggy-1.5.0 -- /home/runner/work/toga/toga/.tox/py-cov-trav/bin/python
2025-02-28T15:25:29.5572428Z cachedir: /home/runner/work/toga/toga/.tox/py-cov-trav/.pytest_cache
2025-02-28T15:25:29.5573206Z rootdir: /home/runner/work/toga/toga/travertino
2025-02-28T15:25:29.5573660Z configfile: pyproject.toml
2025-02-28T15:25:29.5574086Z plugins: pytest_freezer-0.4.9, asyncio-0.25.3
2025-02-28T15:25:29.5574697Z asyncio: mode=Mode.STRICT, asyncio_default_fixture_loop_scope=function
2025-02-28T15:25:30.2596440Z [1mcollecting ... [0mcollected 645 items
2025-02-28T15:25:30.2596891Z 
2025-02-28T15:25:30.2624173Z tests/colors/test_alpha_blending.py::test_alpha_blending_over[front_color0-back_color0-expected_blended_color0] [32mPASSED[0m[32m [  0%][0m
2025-02-28T15:25:30.2640541Z tests/colors/test_alpha_blending.py::test_alpha_blending_over[front_color1-back_color1-expected_blended_color1] [32mPASSED[0m[32m [  0%][0m
2025-02-28T15:25:30.2658237Z tests/colors/test_alpha_blending.py::test_alpha_blending_over[front_color2-back_color2-expected_blended_color2] [32mPASSED[0m[32m [  0%][0m
2025-02-28T15:25:30.2675647Z tests/colors/test_alpha_blending.py::test_alpha_blending_over[front_color3-back_color3-expected_blended_color3] [32mPASSED[0m[32m [  0%][0m
2025-02-28T15:25:30.2691425Z tests/colors/test_alpha_blending.py::test_alpha_blending_over[front_color4-back_color4-expected_blended_color4] [32mPASSED[0m[32m [  0%][0m
2025-02-28T15:25:30.2706948Z tests/colors/test_alpha_blending.py::test_alpha_blending_over[front_color5-back_color5-expected_blended_color5] [32mPASSED[0m[32m [  0%][0m
2025-02-28T15:25:30.2725658Z tests/colors/test_alpha_blending.py::test_alpha_blending_over[front_color6-back_color6-expected_blended_color6] [32mPASSED[0m[32m [  1%][0m
2025-02-28T15:25:30.2742023Z tests/colors/test_alpha_blending.py::test_alpha_blending_over[front_color7-back_color7-expected_blended_color7] [32mPASSED[0m[32m [  1%][0m
2025-02-28T15:25:30.2757562Z tests/colors/test_alpha_blending.py::test_alpha_blending_over[front_color8-back_color8-expected_blended_color8] [32mPASSED[0m[32m [  1%][0m
2025-02-28T15:25:30.2773794Z tests/colors/test_alpha_blending.py::test_alpha_blending_over[front_color9-back_color9-expected_blended_color9] [32mPASSED[0m[32m [  1%][0m
2025-02-28T15:25:30.2790662Z tests/colors/test_alpha_blending.py::test_alpha_blending_over[front_color10-back_color10-expected_blended_color10] [32mPASSED[0m[32m [  1%][0m
2025-02-28T15:25:30.2806323Z tests/colors/test_alpha_blending.py::test_alpha_blending_over[front_color11-back_color11-expected_blended_color11] [32mPASSED[0m[32m [  1%][0m
2025-02-28T15:25:30.2823169Z tests/colors/test_alpha_blending.py::test_alpha_blending_over[front_color12-back_color12-expected_blended_color12] [32mPASSED[0m[32m [  2%][0m
2025-02-28T15:25:30.2840920Z tests/colors/test_alpha_blending.py::test_alpha_blending_over[front_color13-back_color13-expected_blended_color13] [32mPASSED[0m[32m [  2%][0m
2025-02-28T15:25:30.2857664Z tests/colors/test_alpha_blending.py::test_alpha_blending_over[front_color14-back_color14-expected_blended_color14] [32mPASSED[0m[32m [  2%][0m
2025-02-28T15:25:30.2873455Z tests/colors/test_alpha_blending.py::test_alpha_blending_over[front_color15-back_color15-expected_blended_color15] [32mPASSED[0m[32m [  2%][0m
2025-02-28T15:25:30.2890377Z tests/colors/test_alpha_blending.py::test_alpha_blending_over[front_color16-back_color16-expected_blended_color16] [32mPASSED[0m[32m [  2%][0m
2025-02-28T15:25:30.2906092Z tests/colors/test_alpha_blending.py::test_alpha_blending_over[front_color17-back_color17-expected_blended_color17] [32mPASSED[0m[32m [  2%][0m
2025-02-28T15:25:30.2922812Z tests/colors/test_alpha_blending.py::test_alpha_blending_over[front_color18-back_color18-expected_blended_color18] [32mPASSED[0m[32m [  2%][0m
2025-02-28T15:25:30.2938666Z tests/colors/test_alpha_blending.py::test_alpha_blending_over[front_color19-back_color19-expected_blended_color19] [32mPASSED[0m[32m [  3%][0m
2025-02-28T15:25:30.2955031Z tests/colors/test_alpha_blending.py::test_alpha_blending_over[front_color20-back_color20-expected_blended_color20] [32mPASSED[0m[32m [  3%][0m
2025-02-28T15:25:30.2970641Z tests/colors/test_alpha_blending.py::test_alpha_blending_over[front_color21-back_color21-expected_blended_color21] [32mPASSED[0m[32m [  3%][0m
2025-02-28T15:25:30.2985767Z tests/colors/test_alpha_blending.py::test_alpha_blending_over[front_color22-back_color22-expected_blended_color22] [32mPASSED[0m[32m [  3%][0m
2025-02-28T15:25:30.3001615Z tests/colors/test_alpha_blending.py::test_alpha_blending_over[front_color23-back_color23-expected_blended_color23] [32mPASSED[0m[32m [  3%][0m
2025-02-28T15:25:30.3017397Z tests/colors/test_alpha_blending.py::test_alpha_blending_over[front_color24-back_color24-expected_blended_color24] [32mPASSED[0m[32m [  3%][0m
2025-02-28T15:25:30.3033854Z tests/colors/test_alpha_blending.py::test_alpha_blending_over[front_color25-back_color25-expected_blended_color25] [32mPASSED[0m[32m [  4%][0m
2025-02-28T15:25:30.3049539Z tests/colors/test_alpha_blending.py::test_alpha_blending_over[front_color26-back_color26-expected_blended_color26] [32mPASSED[0m[32m [  4%][0m
2025-02-28T15:25:30.3066029Z tests/colors/test_alpha_blending.py::test_alpha_blending_over[front_color27-back_color27-expected_blended_color27] [32mPASSED[0m[32m [  4%][0m
2025-02-28T15:25:30.3081972Z tests/colors/test_alpha_blending.py::test_alpha_blending_over[front_color28-back_color28-expected_blended_color28] [32mPASSED[0m[32m [  4%][0m
2025-02-28T15:25:30.3098215Z tests/colors/test_alpha_blending.py::test_alpha_blending_over[front_color29-back_color29-expected_blended_color29] [32mPASSED[0m[32m [  4%][0m
2025-02-28T15:25:30.3114686Z tests/colors/test_alpha_blending.py::test_alpha_blending_over[front_color30-back_color30-expected_blended_color30] [32mPASSED[0m[32m [  4%][0m
2025-02-28T15:25:30.3131676Z tests/colors/test_alpha_blending.py::test_alpha_blending_over[front_color31-back_color31-expected_blended_color31] [32mPASSED[0m[32m [  4%][0m
2025-02-28T15:25:30.3150575Z tests/colors/test_alpha_blending.py::test_alpha_blending_over[front_color32-back_color32-expected_blended_color32] [32mPASSED[0m[32m [  5%][0m
2025-02-28T15:25:30.3166469Z tests/colors/test_alpha_blending.py::test_alpha_blending_over[front_color33-back_color33-expected_blended_color33] [32mPASSED[0m[32m [  5%][0m
2025-02-28T15:25:30.3183885Z tests/colors/test_alpha_blending.py::test_alpha_blending_over[front_color34-back_color34-expected_blended_color34] [32mPASSED[0m[32m [  5%][0m
2025-02-28T15:25:30.3200002Z tests/colors/test_alpha_blending.py::test_alpha_blending_over[front_color35-back_color35-expected_blended_color35] [32mPASSED[0m[32m [  5%][0m
2025-02-28T15:25:30.3215652Z tests/colors/test_alpha_blending.py::test_alpha_blending_over[front_color36-back_color36-expected_blended_color36] [32mPASSED[0m[32m [  5%][0m
2025-02-28T15:25:30.3232826Z tests/colors/test_alpha_blending.py::test_alpha_blending_over[front_color37-back_color37-expected_blended_color37] [32mPASSED[0m[32m [  5%][0m
2025-02-28T15:25:30.3249216Z tests/colors/test_alpha_blending.py::test_alpha_blending_over[front_color38-back_color38-expected_blended_color38] [32mPASSED[0m[32m [  6%][0m
2025-02-28T15:25:30.3265007Z tests/colors/test_alpha_blending.py::test_alpha_blending_over[front_color39-back_color39-expected_blended_color39] [32mPASSED[0m[32m [  6%][0m
2025-02-28T15:25:30.3281482Z tests/colors/test_alpha_blending.py::test_alpha_blending_over[front_color40-back_color40-expected_blended_color40] [32mPASSED[0m[32m [  6%][0m
2025-02-28T15:25:30.3298058Z tests/colors/test_alpha_blending.py::test_alpha_blending_over[front_color41-back_color41-expected_blended_color41] [32mPASSED[0m[32m [  6%][0m
2025-02-28T15:25:30.3314200Z tests/colors/test_alpha_blending.py::test_alpha_blending_over[front_color42-back_color42-expected_blended_color42] [32mPASSED[0m[32m [  6%][0m
2025-02-28T15:25:30.3330052Z tests/colors/test_alpha_blending.py::test_alpha_blending_over[front_color43-back_color43-expected_blended_color43] [32mPASSED[0m[32m [  6%][0m
2025-02-28T15:25:30.3346031Z tests/colors/test_alpha_blending.py::test_alpha_blending_over[front_color44-back_color44-expected_blended_color44] [32mPASSED[0m[32m [  6%][0m
2025-02-28T15:25:30.3362227Z tests/colors/test_alpha_blending.py::test_alpha_blending_over[front_color45-back_color45-expected_blended_color45] [32mPASSED[0m[32m [  7%][0m
2025-02-28T15:25:30.3378097Z tests/colors/test_alpha_blending.py::test_alpha_blending_over[front_color46-back_color46-expected_blended_color46] [32mPASSED[0m[32m [  7%][0m
2025-02-28T15:25:30.3395596Z tests/colors/test_alpha_blending.py::test_alpha_blending_over[front_color47-back_color47-expected_blended_color47] [32mPASSED[0m[32m [  7%][0m
2025-02-28T15:25:30.3411761Z tests/colors/test_alpha_blending.py::test_alpha_blending_over[front_color48-back_color48-expected_blended_color48] [32mPASSED[0m[32m [  7%][0m
2025-02-28T15:25:30.3427125Z tests/colors/test_alpha_blending.py::test_alpha_blending_over[front_color49-back_color49-expected_blended_color49] [32mPASSED[0m[32m [  7%][0m
2025-02-28T15:25:30.3443336Z tests/colors/test_alpha_blending.py::test_alpha_blending_over[front_color50-back_color50-expected_blended_color50] [32mPASSED[0m[32m [  7%][0m
2025-02-28T15:25:30.3458765Z tests/colors/test_alpha_blending.py::test_alpha_blending_over[front_color51-back_color51-expected_blended_color51] [32mPASSED[0m[32m [  8%][0m
2025-02-28T15:25:30.3474594Z tests/colors/test_alpha_blending.py::test_alpha_blending_over[front_color52-back_color52-expected_blended_color52] [32mPASSED[0m[32m [  8%][0m
2025-02-28T15:25:30.3491016Z tests/colors/test_alpha_blending.py::test_alpha_blending_over[front_color53-back_color53-expected_blended_color53] [32mPASSED[0m[32m [  8%][0m
2025-02-28T15:25:30.3507184Z tests/colors/test_alpha_blending.py::test_alpha_blending_over[front_color54-back_color54-expected_blended_color54] [32mPASSED[0m[32m [  8%][0m
2025-02-28T15:25:30.3524900Z tests/colors/test_alpha_blending.py::test_alpha_blending_over[front_color55-back_color55-expected_blended_color55] [32mPASSED[0m[32m [  8%][0m
2025-02-28T15:25:30.3540739Z tests/colors/test_alpha_blending.py::test_alpha_blending_over[front_color56-back_color56-expected_blended_color56] [32mPASSED[0m[32m [  8%][0m
2025-02-28T15:25:30.3556395Z tests/colors/test_alpha_blending.py::test_alpha_blending_over[front_color57-back_color57-expected_blended_color57] [32mPASSED[0m[32m [  8%][0m
2025-02-28T15:25:30.3572402Z tests/colors/test_alpha_blending.py::test_alpha_blending_over[front_color58-back_color58-expected_blended_color58] [32mPASSED[0m[32m [  9%][0m
2025-02-28T15:25:30.3588074Z tests/colors/test_alpha_blending.py::test_alpha_blending_over[front_color59-back_color59-expected_blended_color59] [32mPASSED[0m[32m [  9%][0m
2025-02-28T15:25:30.3604087Z tests/colors/test_alpha_blending.py::test_alpha_blending_over[front_color60-back_color60-expected_blended_color60] [32mPASSED[0m[32m [  9%][0m
2025-02-28T15:25:30.3620084Z tests/colors/test_alpha_blending.py::test_alpha_blending_over[front_color61-back_color61-expected_blended_color61] [32mPASSED[0m[32m [  9%][0m
2025-02-28T15:25:30.3635749Z tests/colors/test_alpha_blending.py::test_alpha_blending_over[front_color62-back_color62-expected_blended_color62] [32mPASSED[0m[32m [  9%][0m
2025-02-28T15:25:30.3651610Z tests/colors/test_alpha_blending.py::test_alpha_blending_over[front_color63-back_color63-expected_blended_color63] [32mPASSED[0m[32m [  9%][0m
2025-02-28T15:25:30.3667187Z tests/colors/test_alpha_blending.py::test_alpha_blending_over[front_color64-back_color64-expected_blended_color64] [32mPASSED[0m[32m [ 10%][0m
2025-02-28T15:25:30.3684485Z tests/colors/test_alpha_blending.py::test_alpha_blending_over[front_color65-back_color65-expected_blended_color65] [32mPASSED[0m[32m [ 10%][0m
2025-02-28T15:25:30.3700039Z tests/colors/test_alpha_blending.py::test_alpha_blending_over[front_color66-back_color66-expected_blended_color66] [32mPASSED[0m[32m [ 10%][0m
2025-02-28T15:25:30.3715234Z tests/colors/test_alpha_blending.py::test_alpha_blending_over[front_color67-back_color67-expected_blended_color67] [32mPASSED[0m[32m [ 10%][0m
2025-02-28T15:25:30.3730624Z tests/colors/test_alpha_blending.py::test_alpha_blending_over[front_color68-back_color68-expected_blended_color68] [32mPASSED[0m[32m [ 10%][0m
2025-02-28T15:25:30.3746412Z tests/colors/test_alpha_blending.py::test_alpha_blending_over[front_color69-back_color69-expected_blended_color69] [32mPASSED[0m[32m [ 10%][0m
2025-02-28T15:25:30.3770849Z tests/colors/test_alpha_blending.py::test_alpha_blending_over[front_color70-back_color70-expected_blended_color70] [32mPASSED[0m[32m [ 11%][0m
2025-02-28T15:25:30.3795567Z tests/colors/test_alpha_blending.py::test_alpha_blending_over[front_color71-back_color71-expected_blended_color71] [32mPASSED[0m[32m [ 11%][0m
2025-02-28T15:25:30.3822229Z tests/colors/test_alpha_blending.py::test_alpha_blending_over[front_color72-back_color72-expected_blended_color72] [32mPASSED[0m[32m [ 11%][0m
2025-02-28T15:25:30.3846616Z tests/colors/test_alpha_blending.py::test_alpha_blending_over[front_color73-back_color73-expected_blended_color73] [32mPASSED[0m[32m [ 11%][0m
2025-02-28T15:25:30.3869271Z tests/colors/test_alpha_blending.py::test_alpha_blending_over[front_color74-back_color74-expected_blended_color74] [32mPASSED[0m[32m [ 11%][0m
2025-02-28T15:25:30.3893357Z tests/colors/test_alpha_blending.py::test_alpha_blending_over[front_color75-back_color75-expected_blended_color75] [32mPASSED[0m[32m [ 11%][0m
2025-02-28T15:25:30.3917582Z tests/colors/test_alpha_blending.py::test_alpha_blending_over[front_color76-back_color76-expected_blended_color76] [32mPASSED[0m[32m [ 11%][0m
2025-02-28T15:25:30.3943228Z tests/colors/test_alpha_blending.py::test_alpha_blending_over[front_color77-back_color77-expected_blended_color77] [32mPASSED[0m[32m [ 12%][0m
2025-02-28T15:25:30.3968298Z tests/colors/test_alpha_blending.py::test_alpha_blending_over[front_color78-back_color78-expected_blended_color78] [32mPASSED[0m[32m [ 12%][0m
2025-02-28T15:25:30.3988501Z tests/colors/test_alpha_blending.py::test_alpha_blending_over[front_color79-back_color79-expected_blended_color79] [32mPASSED[0m[32m [ 12%][0m
2025-02-28T15:25:30.4005178Z tests/colors/test_alpha_blending.py::test_alpha_blending_over[front_color80-back_color80-expected_blended_color80] [32mPASSED[0m[32m [ 12%][0m
2025-02-28T15:25:30.4024781Z tests/colors/test_alpha_blending.py::test_alpha_unblend_over[front_color0-back_color0] [32mPASSED[0m[32m [ 12%][0m
2025-02-28T15:25:30.4040474Z tests/colors/test_alpha_blending.py::test_alpha_unblend_over[front_color1-back_color1] [32mPASSED[0m[32m [ 12%][0m
2025-02-28T15:25:30.4055840Z tests/colors/test_alpha_blending.py::test_alpha_unblend_over[front_color2-back_color2] [32mPASSED[0m[32m [ 13%][0m
2025-02-28T15:25:30.4071366Z tests/colors/test_alpha_blending.py::test_alpha_unblend_over[front_color3-back_color3] [32mPASSED[0m[32m [ 13%][0m
2025-02-28T15:25:30.4086546Z tests/colors/test_alpha_blending.py::test_alpha_unblend_over[front_color4-back_color4] [32mPASSED[0m[32m [ 13%][0m
2025-02-28T15:25:30.4102103Z tests/colors/test_alpha_blending.py::test_alpha_unblend_over[front_color5-back_color5] [32mPASSED[0m[32m [ 13%][0m
2025-02-28T15:25:30.4117147Z tests/colors/test_alpha_blending.py::test_alpha_unblend_over[front_color6-back_color6] [32mPASSED[0m[32m [ 13%][0m
2025-02-28T15:25:30.4131693Z tests/colors/test_alpha_blending.py::test_alpha_unblend_over[front_color7-back_color7] [32mPASSED[0m[32m [ 13%][0m
2025-02-28T15:25:30.4146910Z tests/colors/test_alpha_blending.py::test_alpha_unblend_over[front_color8-back_color8] [32mPASSED[0m[32m [ 13%][0m
2025-02-28T15:25:30.4162503Z tests/colors/test_alpha_blending.py::test_alpha_unblend_over[front_color9-back_color9] [32mPASSED[0m[32m [ 14%][0m
2025-02-28T15:25:30.4177537Z tests/colors/test_alpha_blending.py::test_alpha_unblend_over[front_color10-back_color10] [32mPASSED[0m[32m [ 14%][0m
2025-02-28T15:25:30.4193432Z tests/colors/test_alpha_blending.py::test_alpha_unblend_over[front_color11-back_color11] [32mPASSED[0m[32m [ 14%][0m
2025-02-28T15:25:30.4208662Z tests/colors/test_alpha_blending.py::test_alpha_unblend_over[front_color12-back_color12] [32mPASSED[0m[32m [ 14%][0m
2025-02-28T15:25:30.4224156Z tests/colors/test_alpha_blending.py::test_alpha_unblend_over[front_color13-back_color13] [32mPASSED[0m[32m [ 14%][0m
2025-02-28T15:25:30.4239518Z tests/colors/test_alpha_blending.py::test_alpha_unblend_over[front_color14-back_color14] [32mPASSED[0m[32m [ 14%][0m
2025-02-28T15:25:30.4254699Z tests/colors/test_alpha_blending.py::test_alpha_unblend_over[front_color15-back_color15] [32mPASSED[0m[32m [ 15%][0m
2025-02-28T15:25:30.4270881Z tests/colors/test_alpha_blending.py::test_alpha_unblend_over[front_color16-back_color16] [32mPASSED[0m[32m [ 15%][0m
2025-02-28T15:25:30.4285995Z tests/colors/test_alpha_blending.py::test_alpha_unblend_over[front_color17-back_color17] [32mPASSED[0m[32m [ 15%][0m
2025-02-28T15:25:30.4301647Z tests/colors/test_alpha_blending.py::test_alpha_unblend_over[front_color18-back_color18] [32mPASSED[0m[32m [ 15%][0m
2025-02-28T15:25:30.4322598Z tests/colors/test_alpha_blending.py::test_alpha_unblend_over[front_color19-back_color19] [32mPASSED[0m[32m [ 15%][0m
2025-02-28T15:25:30.4338591Z tests/colors/test_alpha_blending.py::test_alpha_unblend_over[front_color20-back_color20] [32mPASSED[0m[32m [ 15%][0m
2025-02-28T15:25:30.4354135Z tests/colors/test_alpha_blending.py::test_alpha_unblend_over[front_color21-back_color21] [32mPASSED[0m[32m [ 15%][0m
2025-02-28T15:25:30.4369697Z tests/colors/test_alpha_blending.py::test_alpha_unblend_over[front_color22-back_color22] [32mPASSED[0m[32m [ 16%][0m
2025-02-28T15:25:30.4384540Z tests/colors/test_alpha_blending.py::test_alpha_unblend_over[front_color23-back_color23] [32mPASSED[0m[32m [ 16%][0m
2025-02-28T15:25:30.4400185Z tests/colors/test_alpha_blending.py::test_alpha_unblend_over[front_color24-back_color24] [32mPASSED[0m[32m [ 16%][0m
2025-02-28T15:25:30.4415405Z tests/colors/test_alpha_blending.py::test_alpha_unblend_over[front_color25-back_color25] [32mPASSED[0m[32m [ 16%][0m
2025-02-28T15:25:30.4432220Z tests/colors/test_alpha_blending.py::test_alpha_unblend_over[front_color26-back_color26] [32mPASSED[0m[32m [ 16%][0m
2025-02-28T15:25:30.4447047Z tests/colors/test_alpha_blending.py::test_alpha_unblend_over[front_color27-back_color27] [32mPASSED[0m[32m [ 16%][0m
2025-02-28T15:25:30.4463577Z tests/colors/test_alpha_blending.py::test_alpha_unblend_over[front_color28-back_color28] [32mPASSED[0m[32m [ 17%][0m
2025-02-28T15:25:30.4479371Z tests/colors/test_alpha_blending.py::test_alpha_unblend_over[front_color29-back_color29] [32mPASSED[0m[32m [ 17%][0m
2025-02-28T15:25:30.4494175Z tests/colors/test_alpha_blending.py::test_alpha_unblend_over[front_color30-back_color30] [32mPASSED[0m[32m [ 17%][0m
2025-02-28T15:25:30.4509617Z tests/colors/test_alpha_blending.py::test_alpha_unblend_over[front_color31-back_color31] [32mPASSED[0m[32m [ 17%][0m
2025-02-28T15:25:30.4524691Z tests/colors/test_alpha_blending.py::test_alpha_unblend_over[front_color32-back_color32] [32mPASSED[0m[32m [ 17%][0m
2025-02-28T15:25:30.4540300Z tests/colors/test_alpha_blending.py::test_alpha_unblend_over[front_color33-back_color33] [32mPASSED[0m[32m [ 17%][0m
2025-02-28T15:25:30.4555601Z tests/colors/test_alpha_blending.py::test_alpha_unblend_over[front_color34-back_color34] [32mPASSED[0m[32m [ 17%][0m
2025-02-28T15:25:30.4570963Z tests/colors/test_alpha_blending.py::test_alpha_unblend_over[front_color35-back_color35] [32mPASSED[0m[32m [ 18%][0m
2025-02-28T15:25:30.4586496Z tests/colors/test_alpha_blending.py::test_alpha_unblend_over[front_color36-back_color36] [32mPASSED[0m[32m [ 18%][0m
2025-02-28T15:25:30.4602487Z tests/colors/test_alpha_blending.py::test_alpha_unblend_over[front_color37-back_color37] [32mPASSED[0m[32m [ 18%][0m
2025-02-28T15:25:30.4619139Z tests/colors/test_alpha_blending.py::test_alpha_unblend_over[front_color38-back_color38] [32mPASSED[0m[32m [ 18%][0m
2025-02-28T15:25:30.4635210Z tests/colors/test_alpha_blending.py::test_alpha_unblend_over[front_color39-back_color39] [32mPASSED[0m[32m [ 18%][0m
2025-02-28T15:25:30.4651365Z tests/colors/test_alpha_blending.py::test_alpha_unblend_over[front_color40-back_color40] [32mPASSED[0m[32m [ 18%][0m
2025-02-28T15:25:30.4667229Z tests/colors/test_alpha_blending.py::test_alpha_unblend_over[front_color41-back_color41] [32mPASSED[0m[32m [ 19%][0m
2025-02-28T15:25:30.4683189Z tests/colors/test_alpha_blending.py::test_alpha_unblend_over[front_color42-back_color42] [32mPASSED[0m[32m [ 19%][0m
2025-02-28T15:25:30.4698993Z tests/colors/test_alpha_blending.py::test_alpha_unblend_over[front_color43-back_color43] [32mPASSED[0m[32m [ 19%][0m
2025-02-28T15:25:30.4715347Z tests/colors/test_alpha_blending.py::test_alpha_unblend_over[front_color44-back_color44] [32mPASSED[0m[32m [ 19%][0m
2025-02-28T15:25:30.4731401Z tests/colors/test_alpha_blending.py::test_alpha_unblend_over[front_color45-back_color45] [32mPASSED[0m[32m [ 19%][0m
2025-02-28T15:25:30.4746966Z tests/colors/test_alpha_blending.py::test_alpha_unblend_over[front_color46-back_color46] [32mPASSED[0m[32m [ 19%][0m
2025-02-28T15:25:30.4762512Z tests/colors/test_alpha_blending.py::test_alpha_unblend_over[front_color47-back_color47] [32mPASSED[0m[32m [ 20%][0m
2025-02-28T15:25:30.4777718Z tests/colors/test_alpha_blending.py::test_alpha_unblend_over[front_color48-back_color48] [32mPASSED[0m[32m [ 20%][0m
2025-02-28T15:25:30.4793175Z tests/colors/test_alpha_blending.py::test_alpha_unblend_over[front_color49-back_color49] [32mPASSED[0m[32m [ 20%][0m
2025-02-28T15:25:30.4808703Z tests/colors/test_alpha_blending.py::test_alpha_unblend_over[front_color50-back_color50] [32mPASSED[0m[32m [ 20%][0m
2025-02-28T15:25:30.4824313Z tests/colors/test_alpha_blending.py::test_alpha_unblend_over[front_color51-back_color51] [32mPASSED[0m[32m [ 20%][0m
2025-02-28T15:25:30.4839821Z tests/colors/test_alpha_blending.py::test_alpha_unblend_over[front_color52-back_color52] [32mPASSED[0m[32m [ 20%][0m
2025-02-28T15:25:30.4855116Z tests/colors/test_alpha_blending.py::test_alpha_unblend_over[front_color53-back_color53] [32mPASSED[0m[32m [ 20%][0m
2025-02-28T15:25:30.4870734Z tests/colors/test_alpha_blending.py::test_alpha_unblend_over[front_color54-back_color54] [32mPASSED[0m[32m [ 21%][0m
2025-02-28T15:25:30.4885799Z tests/colors/test_alpha_blending.py::test_alpha_unblend_over[front_color55-back_color55] [32mPASSED[0m[32m [ 21%][0m
2025-02-28T15:25:30.4902694Z tests/colors/test_alpha_blending.py::test_alpha_unblend_over[front_color56-back_color56] [32mPASSED[0m[32m [ 21%][0m
2025-02-28T15:25:30.4918050Z tests/colors/test_alpha_blending.py::test_alpha_unblend_over[front_color57-back_color57] [32mPASSED[0m[32m [ 21%][0m
2025-02-28T15:25:30.4933759Z tests/colors/test_alpha_blending.py::test_alpha_unblend_over[front_color58-back_color58] [32mPASSED[0m[32m [ 21%][0m
2025-02-28T15:25:30.4949594Z tests/colors/test_alpha_blending.py::test_alpha_unblend_over[front_color59-back_color59] [32mPASSED[0m[32m [ 21%][0m
2025-02-28T15:25:30.4971778Z tests/colors/test_alpha_blending.py::test_alpha_unblend_over[front_color60-back_color60] [32mPASSED[0m[32m [ 22%][0m
2025-02-28T15:25:30.4987045Z tests/colors/test_alpha_blending.py::test_alpha_unblend_over[front_color61-back_color61] [32mPASSED[0m[32m [ 22%][0m
2025-02-28T15:25:30.5002775Z tests/colors/test_alpha_blending.py::test_alpha_unblend_over[front_color62-back_color62] [32mPASSED[0m[32m [ 22%][0m
2025-02-28T15:25:30.5018021Z tests/colors/test_alpha_blending.py::test_alpha_unblend_over[front_color63-back_color63] [32mPASSED[0m[32m [ 22%][0m
2025-02-28T15:25:30.5033503Z tests/colors/test_alpha_blending.py::test_alpha_unblend_over[front_color64-back_color64] [32mPASSED[0m[32m [ 22%][0m
2025-02-28T15:25:30.5048765Z tests/colors/test_alpha_blending.py::test_alpha_unblend_over[front_color65-back_color65] [32mPASSED[0m[32m [ 22%][0m
2025-02-28T15:25:30.5064110Z tests/colors/test_alpha_blending.py::test_alpha_unblend_over[front_color66-back_color66] [32mPASSED[0m[32m [ 22%][0m
2025-02-28T15:25:30.5079067Z tests/colors/test_alpha_blending.py::test_alpha_unblend_over[front_color67-back_color67] [32mPASSED[0m[32m [ 23%][0m
2025-02-28T15:25:30.5094444Z tests/colors/test_alpha_blending.py::test_alpha_unblend_over[front_color68-back_color68] [32mPASSED[0m[32m [ 23%][0m
2025-02-28T15:25:30.5110185Z tests/colors/test_alpha_blending.py::test_alpha_unblend_over[front_color69-back_color69] [32mPASSED[0m[32m [ 23%][0m
2025-02-28T15:25:30.5125432Z tests/colors/test_alpha_blending.py::test_alpha_unblend_over[front_color70-back_color70] [32mPASSED[0m[32m [ 23%][0m
2025-02-28T15:25:30.5141140Z tests/colors/test_alpha_blending.py::test_alpha_unblend_over[front_color71-back_color71] [32mPASSED[0m[32m [ 23%][0m
2025-02-28T15:25:30.5156526Z tests/colors/test_alpha_blending.py::test_alpha_unblend_over[front_color72-back_color72] [32mPASSED[0m[32m [ 23%][0m
2025-02-28T15:25:30.5172075Z tests/colors/test_alpha_blending.py::test_alpha_unblend_over[front_color73-back_color73] [32mPASSED[0m[32m [ 24%][0m
2025-02-28T15:25:30.5187522Z tests/colors/test_alpha_blending.py::test_alpha_unblend_over[front_color74-back_color74] [32mPASSED[0m[32m [ 24%][0m
2025-02-28T15:25:30.5204375Z tests/colors/test_alpha_blending.py::test_alpha_unblend_over[front_color75-back_color75] [32mPASSED[0m[32m [ 24%][0m
2025-02-28T15:25:30.5218982Z tests/colors/test_color_conversion.py::test_rgba_to_rgb[input_color0-expected_color0] [32mPASSED[0m[32m [ 24%][0m
2025-02-28T15:25:30.5233706Z tests/colors/test_color_conversion.py::test_rgba_to_rgb[input_color1-expected_color1] [32mPASSED[0m[32m [ 24%][0m
2025-02-28T15:25:30.5248928Z tests/colors/test_color_conversion.py::test_rgba_to_rgb[input_color2-expected_color2] [32mPASSED[0m[32m [ 24%][0m
2025-02-28T15:25:30.5263398Z tests/colors/test_color_conversion.py::test_rgba_to_rgb[input_color3-expected_color3] [32mPASSED[0m[32m [ 24%][0m
2025-02-28T15:25:30.5277602Z tests/colors/test_color_conversion.py::test_rgba_to_rgb[input_color4-expected_color4] [32mPASSED[0m[32m [ 25%][0m
2025-02-28T15:25:30.5292028Z tests/colors/test_color_conversion.py::test_rgba_to_rgb[input_color5-expected_color5] [32mPASSED[0m[32m [ 25%][0m
2025-02-28T15:25:30.5306278Z tests/colors/test_color_conversion.py::test_rgba_to_rgb[input_color6-expected_color6] [32mPASSED[0m[32m [ 25%][0m
2025-02-28T15:25:30.5320771Z tests/colors/test_color_conversion.py::test_rgba_to_rgb[input_color7-expected_color7] [32mPASSED[0m[32m [ 25%][0m
2025-02-28T15:25:30.5334921Z tests/colors/test_color_conversion.py::test_rgba_to_rgb[input_color8-expected_color8] [32mPASSED[0m[32m [ 25%][0m
2025-02-28T15:25:30.5349553Z tests/colors/test_color_conversion.py::test_rgba_to_rgb[input_color9-expected_color9] [32mPASSED[0m[32m [ 25%][0m
2025-02-28T15:25:30.5363610Z tests/colors/test_color_conversion.py::test_rgba_to_rgb[input_color10-expected_color10] [32mPASSED[0m[32m [ 26%][0m
2025-02-28T15:25:30.5377713Z tests/colors/test_color_conversion.py::test_rgba_to_rgb[input_color11-expected_color11] [32mPASSED[0m[32m [ 26%][0m
2025-02-28T15:25:30.5392702Z tests/colors/test_color_conversion.py::test_rgba_to_rgb[input_color12-expected_color12] [32mPASSED[0m[32m [ 26%][0m
2025-02-28T15:25:30.5408068Z tests/colors/test_color_conversion.py::test_rgba_to_rgb[input_color13-expected_color13] [32mPASSED[0m[32m [ 26%][0m
2025-02-28T15:25:30.5422816Z tests/colors/test_color_conversion.py::test_rgba_to_rgb[input_color14-expected_color14] [32mPASSED[0m[32m [ 26%][0m
2025-02-28T15:25:30.5437102Z tests/colors/test_color_conversion.py::test_rgba_to_rgb[input_color15-expected_color15] [32mPASSED[0m[32m [ 26%][0m
2025-02-28T15:25:30.5452122Z tests/colors/test_color_conversion.py::test_rgba_to_hsla[input_color0-expected_color0] [32mPASSED[0m[32m [ 26%][0m
2025-02-28T15:25:30.5467310Z tests/colors/test_color_conversion.py::test_rgba_to_hsla[input_color1-expected_color1] [32mPASSED[0m[32m [ 27%][0m
2025-02-28T15:25:30.5482193Z tests/colors/test_color_conversion.py::test_rgba_to_hsla[input_color2-expected_color2] [32mPASSED[0m[32m [ 27%][0m
2025-02-28T15:25:30.5496486Z tests/colors/test_color_conversion.py::test_rgba_to_hsla[input_color3-expected_color3] [32mPASSED[0m[32m [ 27%][0m
2025-02-28T15:25:30.5511316Z tests/colors/test_color_conversion.py::test_rgba_to_hsla[input_color4-expected_color4] [32mPASSED[0m[32m [ 27%][0m
2025-02-28T15:25:30.5525739Z tests/colors/test_color_conversion.py::test_rgba_to_hsla[input_color5-expected_color5] [32mPASSED[0m[32m [ 27%][0m
2025-02-28T15:25:30.5540552Z tests/colors/test_color_conversion.py::test_rgba_to_hsla[input_color6-expected_color6] [32mPASSED[0m[32m [ 27%][0m
2025-02-28T15:25:30.5554828Z tests/colors/test_color_conversion.py::test_rgba_to_hsla[input_color7-expected_color7] [32mPASSED[0m[32m [ 28%][0m
2025-02-28T15:25:30.5569569Z tests/colors/test_color_conversion.py::test_rgba_to_hsla[input_color8-expected_color8] [32mPASSED[0m[32m [ 28%][0m
2025-02-28T15:25:30.5584231Z tests/colors/test_color_conversion.py::test_rgba_to_hsla[input_color9-expected_color9] [32mPASSED[0m[32m [ 28%][0m
2025-02-28T15:25:30.5599070Z tests/colors/test_color_conversion.py::test_rgba_to_hsla[input_color10-expected_color10] [32mPASSED[0m[32m [ 28%][0m
2025-02-28T15:25:30.5614277Z tests/colors/test_color_conversion.py::test_rgba_to_hsla[input_color11-expected_color11] [32mPASSED[0m[32m [ 28%][0m
2025-02-28T15:25:30.5631964Z tests/colors/test_color_conversion.py::test_rgba_to_hsla[input_color12-expected_color12] [32mPASSED[0m[32m [ 28%][0m
2025-02-28T15:25:30.5650451Z tests/colors/test_color_conversion.py::test_rgba_to_hsla[input_color13-expected_color13] [32mPASSED[0m[32m [ 28%][0m
2025-02-28T15:25:30.5666505Z tests/colors/test_color_conversion.py::test_rgba_to_hsla[input_color14-expected_color14] [32mPASSED[0m[32m [ 29%][0m
2025-02-28T15:25:30.5681318Z tests/colors/test_color_conversion.py::test_rgba_to_hsla[input_color15-expected_color15] [32mPASSED[0m[32m [ 29%][0m
2025-02-28T15:25:30.5695778Z tests/colors/test_color_conversion.py::test_rgba_to_hsl[input_color0-expected_color0] [32mPASSED[0m[32m [ 29%][0m
2025-02-28T15:25:30.5710450Z tests/colors/test_color_conversion.py::test_rgba_to_hsl[input_color1-expected_color1] [32mPASSED[0m[32m [ 29%][0m
2025-02-28T15:25:30.5725145Z tests/colors/test_color_conversion.py::test_rgba_to_hsl[input_color2-expected_color2] [32mPASSED[0m[32m [ 29%][0m
2025-02-28T15:25:30.5739782Z tests/colors/test_color_conversion.py::test_rgba_to_hsl[input_color3-expected_color3] [32mPASSED[0m[32m [ 29%][0m
2025-02-28T15:25:30.5755063Z tests/colors/test_color_conversion.py::test_rgba_to_hsl[input_color4-expected_color4] [32mPASSED[0m[32m [ 30%][0m
2025-02-28T15:25:30.5769656Z tests/colors/test_color_conversion.py::test_rgba_to_hsl[input_color5-expected_color5] [32mPASSED[0m[32m [ 30%][0m
2025-02-28T15:25:30.5784223Z tests/colors/test_color_conversion.py::test_rgba_to_hsl[input_color6-expected_color6] [32mPASSED[0m[32m [ 30%][0m
2025-02-28T15:25:30.5798347Z tests/colors/test_color_conversion.py::test_rgba_to_hsl[input_color7-expected_color7] [32mPASSED[0m[32m [ 30%][0m
2025-02-28T15:25:30.5813740Z tests/colors/test_color_conversion.py::test_rgba_to_hsl[input_color8-expected_color8] [32mPASSED[0m[32m [ 30%][0m
2025-02-28T15:25:30.5829392Z tests/colors/test_color_conversion.py::test_rgba_to_hsl[input_color9-expected_color9] [32mPASSED[0m[32m [ 30%][0m
2025-02-28T15:25:30.5843976Z tests/colors/test_color_conversion.py::test_rgba_to_hsl[input_color10-expected_color10] [32mPASSED[0m[32m [ 31%][0m
2025-02-28T15:25:30.5858452Z tests/colors/test_color_conversion.py::test_rgba_to_hsl[input_color11-expected_color11] [32mPASSED[0m[32m [ 31%][0m
2025-02-28T15:25:30.5873281Z tests/colors/test_color_conversion.py::test_rgba_to_hsl[input_color12-expected_color12] [32mPASSED[0m[32m [ 31%][0m
2025-02-28T15:25:30.5887899Z tests/colors/test_color_conversion.py::test_rgba_to_hsl[input_color13-expected_color13] [32mPASSED[0m[32m [ 31%][0m
2025-02-28T15:25:30.5902849Z tests/colors/test_color_conversion.py::test_rgba_to_hsl[input_color14-expected_color14] [32mPASSED[0m[32m [ 31%][0m
2025-02-28T15:25:30.5917203Z tests/colors/test_color_conversion.py::test_rgba_to_hsl[input_color15-expected_color15] [32mPASSED[0m[32m [ 31%][0m
2025-02-28T15:25:30.5932061Z tests/colors/test_color_conversion.py::test_rgb_to_rgba[input_color0-expected_color0] [32mPASSED[0m[32m [ 31%][0m
2025-02-28T15:25:30.5946112Z tests/colors/test_color_conversion.py::test_rgb_to_rgba[input_color1-expected_color1] [32mPASSED[0m[32m [ 32%][0m
2025-02-28T15:25:30.5961904Z tests/colors/test_color_conversion.py::test_rgb_to_rgba[input_color2-expected_color2] [32mPASSED[0m[32m [ 32%][0m
2025-02-28T15:25:30.5975833Z tests/colors/test_color_conversion.py::test_rgb_to_rgba[input_color3-expected_color3] [32mPASSED[0m[32m [ 32%][0m
2025-02-28T15:25:30.5991792Z tests/colors/test_color_conversion.py::test_rgb_to_rgba[input_color4-expected_color4] [32mPASSED[0m[32m [ 32%][0m
2025-02-28T15:25:30.6006272Z tests/colors/test_color_conversion.py::test_rgb_to_rgba[input_color5-expected_color5] [32mPASSED[0m[32m [ 32%][0m
2025-02-28T15:25:30.6020937Z tests/colors/test_color_conversion.py::test_rgb_to_rgba[input_color6-expected_color6] [32mPASSED[0m[32m [ 32%][0m
2025-02-28T15:25:30.6035355Z tests/colors/test_color_conversion.py::test_rgb_to_rgba[input_color7-expected_color7] [32mPASSED[0m[32m [ 33%][0m
2025-02-28T15:25:30.6050587Z tests/colors/test_color_conversion.py::test_rgb_to_rgba[input_color8-expected_color8] [32mPASSED[0m[32m [ 33%][0m
2025-02-28T15:25:30.6064536Z tests/colors/test_color_conversion.py::test_rgb_to_rgba[input_color9-expected_color9] [32mPASSED[0m[32m [ 33%][0m
2025-02-28T15:25:30.6079078Z tests/colors/test_color_conversion.py::test_rgb_to_rgba[input_color10-expected_color10] [32mPASSED[0m[32m [ 33%][0m
2025-02-28T15:25:30.6093628Z tests/colors/test_color_conversion.py::test_rgb_to_rgba[input_color11-expected_color11] [32mPASSED[0m[32m [ 33%][0m
2025-02-28T15:25:30.6107649Z tests/colors/test_color_conversion.py::test_rgb_to_hsla[input_color0-expected_color0] [32mPASSED[0m[32m [ 33%][0m
2025-02-28T15:25:30.6123594Z tests/colors/test_color_conversion.py::test_rgb_to_hsla[input_color1-expected_color1] [32mPASSED[0m[32m [ 33%][0m
2025-02-28T15:25:30.6137942Z tests/colors/test_color_conversion.py::test_rgb_to_hsla[input_color2-expected_color2] [32mPASSED[0m[32m [ 34%][0m
2025-02-28T15:25:30.6152530Z tests/colors/test_color_conversion.py::test_rgb_to_hsla[input_color3-expected_color3] [32mPASSED[0m[32m [ 34%][0m
2025-02-28T15:25:30.6166563Z tests/colors/test_color_conversion.py::test_rgb_to_hsla[input_color4-expected_color4] [32mPASSED[0m[32m [ 34%][0m
2025-02-28T15:25:30.6181018Z tests/colors/test_color_conversion.py::test_rgb_to_hsla[input_color5-expected_color5] [32mPASSED[0m[32m [ 34%][0m
2025-02-28T15:25:30.6195485Z tests/colors/test_color_conversion.py::test_rgb_to_hsla[input_color6-expected_color6] [32mPASSED[0m[32m [ 34%][0m
2025-02-28T15:25:30.6210294Z tests/colors/test_color_conversion.py::test_rgb_to_hsla[input_color7-expected_color7] [32mPASSED[0m[32m [ 34%][0m
2025-02-28T15:25:30.6224780Z tests/colors/test_color_conversion.py::test_rgb_to_hsla[input_color8-expected_color8] [32mPASSED[0m[32m [ 35%][0m
2025-02-28T15:25:30.6239337Z tests/colors/test_color_conversion.py::test_rgb_to_hsla[input_color9-expected_color9] [32mPASSED[0m[32m [ 35%][0m
2025-02-28T15:25:30.6253843Z tests/colors/test_color_conversion.py::test_rgb_to_hsla[input_color10-expected_color10] [32mPASSED[0m[32m [ 35%][0m
2025-02-28T15:25:30.6268128Z tests/colors/test_color_conversion.py::test_rgb_to_hsla[input_color11-expected_color11] [32mPASSED[0m[32m [ 35%][0m
2025-02-28T15:25:30.6282321Z tests/colors/test_color_conversion.py::test_rgb_to_hsl[input_color0-expected_color0] [32mPASSED[0m[32m [ 35%][0m
2025-02-28T15:25:30.6298735Z tests/colors/test_color_conversion.py::test_rgb_to_hsl[input_color1-expected_color1] [32mPASSED[0m[32m [ 35%][0m
2025-02-28T15:25:30.6312931Z tests/colors/test_color_conversion.py::test_rgb_to_hsl[input_color2-expected_color2] [32mPASSED[0m[32m [ 35%][0m
2025-02-28T15:25:30.6328214Z tests/colors/test_color_conversion.py::test_rgb_to_hsl[input_color3-expected_color3] [32mPASSED[0m[32m [ 36%][0m
2025-02-28T15:25:30.6342854Z tests/colors/test_color_conversion.py::test_rgb_to_hsl[input_color4-expected_color4] [32mPASSED[0m[32m [ 36%][0m
2025-02-28T15:25:30.6357181Z tests/colors/test_color_conversion.py::test_rgb_to_hsl[input_color5-expected_color5] [32mPASSED[0m[32m [ 36%][0m
2025-02-28T15:25:30.6371940Z tests/colors/test_color_conversion.py::test_rgb_to_hsl[input_color6-expected_color6] [32mPASSED[0m[32m [ 36%][0m
2025-02-28T15:25:30.6386163Z tests/colors/test_color_conversion.py::test_rgb_to_hsl[input_color7-expected_color7] [32mPASSED[0m[32m [ 36%][0m
2025-02-28T15:25:30.6400706Z tests/colors/test_color_conversion.py::test_rgb_to_hsl[input_color8-expected_color8] [32mPASSED[0m[32m [ 36%][0m
2025-02-28T15:25:30.6415285Z tests/colors/test_color_conversion.py::test_rgb_to_hsl[input_color9-expected_color9] [32mPASSED[0m[32m [ 37%][0m
2025-02-28T15:25:30.6431266Z tests/colors/test_color_conversion.py::test_rgb_to_hsl[input_color10-expected_color10] [32mPASSED[0m[32m [ 37%][0m
2025-02-28T15:25:30.6445720Z tests/colors/test_color_conversion.py::test_rgb_to_hsl[input_color11-expected_color11] [32mPASSED[0m[32m [ 37%][0m
2025-02-28T15:25:30.6460491Z tests/colors/test_color_conversion.py::test_hsla_to_hsl[input_color0-expected_color0] [32mPASSED[0m[32m [ 37%][0m
2025-02-28T15:25:30.6474870Z tests/colors/test_color_conversion.py::test_hsla_to_hsl[input_color1-expected_color1] [32mPASSED[0m[32m [ 37%][0m
2025-02-28T15:25:30.6489776Z tests/colors/test_color_conversion.py::test_hsla_to_hsl[input_color2-expected_color2] [32mPASSED[0m[32m [ 37%][0m
2025-02-28T15:25:30.6505190Z tests/colors/test_color_conversion.py::test_hsla_to_hsl[input_color3-expected_color3] [32mPASSED[0m[32m [ 37%][0m
2025-02-28T15:25:30.6520641Z tests/colors/test_color_conversion.py::test_hsla_to_hsl[input_color4-expected_color4] [32mPASSED[0m[32m [ 38%][0m
2025-02-28T15:25:30.6534661Z tests/colors/test_color_conversion.py::test_hsla_to_hsl[input_color5-expected_color5] [32mPASSED[0m[32m [ 38%][0m
2025-02-28T15:25:30.6549017Z tests/colors/test_color_conversion.py::test_hsla_to_hsl[input_color6-expected_color6] [32mPASSED[0m[32m [ 38%][0m
2025-02-28T15:25:30.6563215Z tests/colors/test_color_conversion.py::test_hsla_to_hsl[input_color7-expected_color7] [32mPASSED[0m[32m [ 38%][0m
2025-02-28T15:25:30.6577304Z tests/colors/test_color_conversion.py::test_hsla_to_hsl[input_color8-expected_color8] [32mPASSED[0m[32m [ 38%][0m
2025-02-28T15:25:30.6591552Z tests/colors/test_color_conversion.py::test_hsla_to_hsl[input_color9-expected_color9] [32mPASSED[0m[32m [ 38%][0m
2025-02-28T15:25:30.6605414Z tests/colors/test_color_conversion.py::test_hsla_to_hsl[input_color10-expected_color10] [32mPASSED[0m[32m [ 39%][0m
2025-02-28T15:25:30.6619584Z tests/colors/test_color_conversion.py::test_hsla_to_hsl[input_color11-expected_color11] [32mPASSED[0m[32m [ 39%][0m
2025-02-28T15:25:30.6633935Z tests/colors/test_color_conversion.py::test_hsla_to_hsl[input_color12-expected_color12] [32mPASSED[0m[32m [ 39%][0m
2025-02-28T15:25:30.6648269Z tests/colors/test_color_conversion.py::test_hsla_to_hsl[input_color13-expected_color13] [32mPASSED[0m[32m [ 39%][0m
2025-02-28T15:25:30.6662570Z tests/colors/test_color_conversion.py::test_hsla_to_hsl[input_color14-expected_color14] [32mPASSED[0m[32m [ 39%][0m
2025-02-28T15:25:30.6676673Z tests/colors/test_color_conversion.py::test_hsla_to_hsl[input_color15-expected_color15] [32mPASSED[0m[32m [ 39%][0m
2025-02-28T15:25:30.6691508Z tests/colors/test_color_conversion.py::test_hsla_to_rgba[input_color0-expected_color0] [32mPASSED[0m[32m [ 40%][0m
2025-02-28T15:25:30.6705810Z tests/colors/test_color_conversion.py::test_hsla_to_rgba[input_color1-expected_color1] [32mPASSED[0m[32m [ 40%][0m
2025-02-28T15:25:30.6720223Z tests/colors/test_color_conversion.py::test_hsla_to_rgba[input_color2-expected_color2] [32mPASSED[0m[32m [ 40%][0m
2025-02-28T15:25:30.6736141Z tests/colors/test_color_conversion.py::test_hsla_to_rgba[input_color3-expected_color3] [32mPASSED[0m[32m [ 40%][0m
2025-02-28T15:25:30.6751015Z tests/colors/test_color_conversion.py::test_hsla_to_rgba[input_color4-expected_color4] [32mPASSED[0m[32m [ 40%][0m
2025-02-28T15:25:30.6765568Z tests/colors/test_color_conversion.py::test_hsla_to_rgba[input_color5-expected_color5] [32mPASSED[0m[32m [ 40%][0m
2025-02-28T15:25:30.6780239Z tests/colors/test_color_conversion.py::test_hsla_to_rgba[input_color6-expected_color6] [32mPASSED[0m[32m [ 40%][0m
2025-02-28T15:25:30.6794879Z tests/colors/test_color_conversion.py::test_hsla_to_rgba[input_color7-expected_color7] [32mPASSED[0m[32m [ 41%][0m
2025-02-28T15:25:30.6809528Z tests/colors/test_color_conversion.py::test_hsla_to_rgba[input_color8-expected_color8] [32mPASSED[0m[32m [ 41%][0m
2025-02-28T15:25:30.6823584Z tests/colors/test_color_conversion.py::test_hsla_to_rgba[input_color9-expected_color9] [32mPASSED[0m[32m [ 41%][0m
2025-02-28T15:25:30.6839216Z tests/colors/test_color_conversion.py::test_hsla_to_rgba[input_color10-expected_color10] [32mPASSED[0m[32m [ 41%][0m
2025-02-28T15:25:30.6853702Z tests/colors/test_color_conversion.py::test_hsla_to_rgba[input_color11-expected_color11] [32mPASSED[0m[32m [ 41%][0m
2025-02-28T15:25:30.6868320Z tests/colors/test_color_conversion.py::test_hsla_to_rgba[input_color12-expected_color12] [32mPASSED[0m[32m [ 41%][0m
2025-02-28T15:25:30.6882737Z tests/colors/test_color_conversion.py::test_hsla_to_rgba[input_color13-expected_color13] [32mPASSED[0m[32m [ 42%][0m
2025-02-28T15:25:30.6897109Z tests/colors/test_color_conversion.py::test_hsla_to_rgba[input_color14-expected_color14] [32mPASSED[0m[32m [ 42%][0m
2025-02-28T15:25:30.6911695Z tests/colors/test_color_conversion.py::test_hsla_to_rgba[input_color15-expected_color15] [32mPASSED[0m[32m [ 42%][0m
2025-02-28T15:25:30.6926086Z tests/colors/test_color_conversion.py::test_hsla_to_rgb[input_color0-expected_color0] [32mPASSED[0m[32m [ 42%][0m
2025-02-28T15:25:30.6941793Z tests/colors/test_color_conversion.py::test_hsla_to_rgb[input_color1-expected_color1] [32mPASSED[0m[32m [ 42%][0m
2025-02-28T15:25:30.6956187Z tests/colors/test_color_conversion.py::test_hsla_to_rgb[input_color2-expected_color2] [32mPASSED[0m[32m [ 42%][0m
2025-02-28T15:25:30.6970836Z tests/colors/test_color_conversion.py::test_hsla_to_rgb[input_color3-expected_color3] [32mPASSED[0m[32m [ 42%][0m
2025-02-28T15:25:30.6985144Z tests/colors/test_color_conversion.py::test_hsla_to_rgb[input_color4-expected_color4] [32mPASSED[0m[32m [ 43%][0m
2025-02-28T15:25:30.6999995Z tests/colors/test_color_conversion.py::test_hsla_to_rgb[input_color5-expected_color5] [32mPASSED[0m[32m [ 43%][0m
2025-02-28T15:25:30.7014832Z tests/colors/test_color_conversion.py::test_hsla_to_rgb[input_color6-expected_color6] [32mPASSED[0m[32m [ 43%][0m
2025-02-28T15:25:30.7029622Z tests/colors/test_color_conversion.py::test_hsla_to_rgb[input_color7-expected_color7] [32mPASSED[0m[32m [ 43%][0m
2025-02-28T15:25:30.7044088Z tests/colors/test_color_conversion.py::test_hsla_to_rgb[input_color8-expected_color8] [32mPASSED[0m[32m [ 43%][0m
2025-02-28T15:25:30.7058551Z tests/colors/test_color_conversion.py::test_hsla_to_rgb[input_color9-expected_color9] [32mPASSED[0m[32m [ 43%][0m
2025-02-28T15:25:30.7073415Z tests/colors/test_color_conversion.py::test_hsla_to_rgb[input_color10-expected_color10] [32mPASSED[0m[32m [ 44%][0m
2025-02-28T15:25:30.7087834Z tests/colors/test_color_conversion.py::test_hsla_to_rgb[input_color11-expected_color11] [32mPASSED[0m[32m [ 44%][0m
2025-02-28T15:25:30.7102662Z tests/colors/test_color_conversion.py::test_hsla_to_rgb[input_color12-expected_color12] [32mPASSED[0m[32m [ 44%][0m
2025-02-28T15:25:30.7117086Z tests/colors/test_color_conversion.py::test_hsla_to_rgb[input_color13-expected_color13] [32mPASSED[0m[32m [ 44%][0m
2025-02-28T15:25:30.7132201Z tests/colors/test_color_conversion.py::test_hsla_to_rgb[input_color14-expected_color14] [32mPASSED[0m[32m [ 44%][0m
2025-02-28T15:25:30.7146689Z tests/colors/test_color_conversion.py::test_hsla_to_rgb[input_color15-expected_color15] [32mPASSED[0m[32m [ 44%][0m
2025-02-28T15:25:30.7161649Z tests/colors/test_color_conversion.py::test_hsl_to_hsla[input_color0-expected_color0] [32mPASSED[0m[32m [ 44%][0m
2025-02-28T15:25:30.7176110Z tests/colors/test_color_conversion.py::test_hsl_to_hsla[input_color1-expected_color1] [32mPASSED[0m[32m [ 45%][0m
2025-02-28T15:25:30.7190264Z tests/colors/test_color_conversion.py::test_hsl_to_hsla[input_color2-expected_color2] [32mPASSED[0m[32m [ 45%][0m
2025-02-28T15:25:30.7205709Z tests/colors/test_color_conversion.py::test_hsl_to_hsla[input_color3-expected_color3] [32mPASSED[0m[32m [ 45%][0m
2025-02-28T15:25:30.7220458Z tests/colors/test_color_conversion.py::test_hsl_to_hsla[input_color4-expected_color4] [32mPASSED[0m[32m [ 45%][0m
2025-02-28T15:25:30.7234880Z tests/colors/test_color_conversion.py::test_hsl_to_hsla[input_color5-expected_color5] [32mPASSED[0m[32m [ 45%][0m
2025-02-28T15:25:30.7249827Z tests/colors/test_color_conversion.py::test_hsl_to_hsla[input_color6-expected_color6] [32mPASSED[0m[32m [ 45%][0m
2025-02-28T15:25:30.7265131Z tests/colors/test_color_conversion.py::test_hsl_to_hsla[input_color7-expected_color7] [32mPASSED[0m[32m [ 46%][0m
2025-02-28T15:25:30.7281061Z tests/colors/test_color_conversion.py::test_hsl_to_hsla[input_color8-expected_color8] [32mPASSED[0m[32m [ 46%][0m
2025-02-28T15:25:30.7295518Z tests/colors/test_color_conversion.py::test_hsl_to_hsla[input_color9-expected_color9] [32mPASSED[0m[32m [ 46%][0m
2025-02-28T15:25:30.7310141Z tests/colors/test_color_conversion.py::test_hsl_to_hsla[input_color10-expected_color10] [32mPASSED[0m[32m [ 46%][0m
2025-02-28T15:25:30.7324737Z tests/colors/test_color_conversion.py::test_hsl_to_hsla[input_color11-expected_color11] [32mPASSED[0m[32m [ 46%][0m
2025-02-28T15:25:30.7340417Z tests/colors/test_color_conversion.py::test_hsl_to_rgba[input_color0-expected_color0] [32mPASSED[0m[32m [ 46%][0m
2025-02-28T15:25:30.7356455Z tests/colors/test_color_conversion.py::test_hsl_to_rgba[input_color1-expected_color1] [32mPASSED[0m[32m [ 46%][0m
2025-02-28T15:25:30.7371556Z tests/colors/test_color_conversion.py::test_hsl_to_rgba[input_color2-expected_color2] [32mPASSED[0m[32m [ 47%][0m
2025-02-28T15:25:30.7386131Z tests/colors/test_color_conversion.py::test_hsl_to_rgba[input_color3-expected_color3] [32mPASSED[0m[32m [ 47%][0m
2025-02-28T15:25:30.7401208Z tests/colors/test_color_conversion.py::test_hsl_to_rgba[input_color4-expected_color4] [32mPASSED[0m[32m [ 47%][0m
2025-02-28T15:25:30.7415898Z tests/colors/test_color_conversion.py::test_hsl_to_rgba[input_color5-expected_color5] [32mPASSED[0m[32m [ 47%][0m
2025-02-28T15:25:30.7430744Z tests/colors/test_color_conversion.py::test_hsl_to_rgba[input_color6-expected_color6] [32mPASSED[0m[32m [ 47%][0m
2025-02-28T15:25:30.7444580Z tests/colors/test_color_conversion.py::test_hsl_to_rgba[input_color7-expected_color7] [32mPASSED[0m[32m [ 47%][0m
2025-02-28T15:25:30.7460346Z tests/colors/test_color_conversion.py::test_hsl_to_rgba[input_color8-expected_color8] [32mPASSED[0m[32m [ 48%][0m
2025-02-28T15:25:30.7475097Z tests/colors/test_color_conversion.py::test_hsl_to_rgba[input_color9-expected_color9] [32mPASSED[0m[32m [ 48%][0m
2025-02-28T15:25:30.7489791Z tests/colors/test_color_conversion.py::test_hsl_to_rgba[input_color10-expected_color10] [32mPASSED[0m[32m [ 48%][0m
2025-02-28T15:25:30.7504413Z tests/colors/test_color_conversion.py::test_hsl_to_rgba[input_color11-expected_color11] [32mPASSED[0m[32m [ 48%][0m
2025-02-28T15:25:30.7519042Z tests/colors/test_color_conversion.py::test_hsl_to_rgb[input_color0-expected_color0] [32mPASSED[0m[32m [ 48%][0m
2025-02-28T15:25:30.7533905Z tests/colors/test_color_conversion.py::test_hsl_to_rgb[input_color1-expected_color1] [32mPASSED[0m[32m [ 48%][0m
2025-02-28T15:25:30.7548458Z tests/colors/test_color_conversion.py::test_hsl_to_rgb[input_color2-expected_color2] [32mPASSED[0m[32m [ 48%][0m
2025-02-28T15:25:30.7563199Z tests/colors/test_color_conversion.py::test_hsl_to_rgb[input_color3-expected_color3] [32mPASSED[0m[32m [ 49%][0m
2025-02-28T15:25:30.7577757Z tests/colors/test_color_conversion.py::test_hsl_to_rgb[input_color4-expected_color4] [32mPASSED[0m[32m [ 49%][0m
2025-02-28T15:25:30.7593990Z tests/colors/test_color_conversion.py::test_hsl_to_rgb[input_color5-expected_color5] [32mPASSED[0m[32m [ 49%][0m
2025-02-28T15:25:30.7608613Z tests/colors/test_color_conversion.py::test_hsl_to_rgb[input_color6-expected_color6] [32mPASSED[0m[32m [ 49%][0m
2025-02-28T15:25:30.7623640Z tests/colors/test_color_conversion.py::test_hsl_to_rgb[input_color7-expected_color7] [32mPASSED[0m[32m [ 49%][0m
2025-02-28T15:25:30.7638275Z tests/colors/test_color_conversion.py::test_hsl_to_rgb[input_color8-expected_color8] [32mPASSED[0m[32m [ 49%][0m
2025-02-28T15:25:30.7653079Z tests/colors/test_color_conversion.py::test_hsl_to_rgb[input_color9-expected_color9] [32mPASSED[0m[32m [ 50%][0m
2025-02-28T15:25:30.7667645Z tests/colors/test_color_conversion.py::test_hsl_to_rgb[input_color10-expected_color10] [32mPASSED[0m[32m [ 50%][0m
2025-02-28T15:25:30.7683590Z tests/colors/test_color_conversion.py::test_hsl_to_rgb[input_color11-expected_color11] [32mPASSED[0m[32m [ 50%][0m
2025-02-28T15:25:30.7697751Z tests/colors/test_constructor.py::test_repr[rgb-value0-rgb(10, 20, 30)] [32mPASSED[0m[32m [ 50%][0m
2025-02-28T15:25:30.7712637Z tests/colors/test_constructor.py::test_repr[rgba-value1-rgba(10, 20, 30, 0.5)] [32mPASSED[0m[32m [ 50%][0m
2025-02-28T15:25:30.7726915Z tests/colors/test_constructor.py::test_repr[hsl-value2-hsl(10, 0.2, 0.3)] [32mPASSED[0m[32m [ 50%][0m
2025-02-28T15:25:30.7741664Z tests/colors/test_constructor.py::test_repr[hsla-value3-hsla(10, 0.2, 0.3, 0.5)] [32mPASSED[0m[32m [ 51%][0m
2025-02-28T15:25:30.7753860Z tests/colors/test_constructor.py::test_rgb_hash [32mPASSED[0m[32m                   [ 51%][0m
2025-02-28T15:25:30.7766254Z tests/colors/test_constructor.py::test_rgba_hash [32mPASSED[0m[32m                  [ 51%][0m
2025-02-28T15:25:30.7778456Z tests/colors/test_constructor.py::test_hsl_hash [32mPASSED[0m[32m                   [ 51%][0m
2025-02-28T15:25:30.7791458Z tests/colors/test_constructor.py::test_hsla_hash [32mPASSED[0m[32m                  [ 51%][0m
2025-02-28T15:25:30.7806248Z tests/colors/test_constructor.py::test_hsl[value0-expected0] [32mPASSED[0m[32m      [ 51%][0m
2025-02-28T15:25:30.7820878Z tests/colors/test_constructor.py::test_hsl[value1-expected1] [32mPASSED[0m[32m      [ 51%][0m
2025-02-28T15:25:30.7835631Z tests/colors/test_constructor.py::test_hsl[value2-expected2] [32mPASSED[0m[32m      [ 52%][0m
2025-02-28T15:25:30.7850089Z tests/colors/test_constructor.py::test_hsl[value3-expected3] [32mPASSED[0m[32m      [ 52%][0m
2025-02-28T15:25:30.7864768Z tests/colors/test_constructor.py::test_hsl[value4-expected4] [32mPASSED[0m[32m      [ 52%][0m
2025-02-28T15:25:30.7879256Z tests/colors/test_constructor.py::test_hsl[value5-expected5] [32mPASSED[0m[32m      [ 52%][0m
2025-02-28T15:25:30.7893654Z tests/colors/test_constructor.py::test_hsl[value6-expected6] [32mPASSED[0m[32m      [ 52%][0m
2025-02-28T15:25:30.7909548Z tests/colors/test_constructor.py::test_hsl[value7-expected7] [32mPASSED[0m[32m      [ 52%][0m
2025-02-28T15:25:30.7923890Z tests/colors/test_constructor.py::test_hsl[value8-expected8] [32mPASSED[0m[32m      [ 53%][0m
2025-02-28T15:25:30.7939348Z tests/colors/test_constructor.py::test_hsl[value9-expected9] [32mPASSED[0m[32m      [ 53%][0m
2025-02-28T15:25:30.7953843Z tests/colors/test_constructor.py::test_hsl[value10-expected10] [32mPASSED[0m[32m    [ 53%][0m
2025-02-28T15:25:30.7968286Z tests/colors/test_constructor.py::test_hsl[value11-expected11] [32mPASSED[0m[32m    [ 53%][0m
2025-02-28T15:25:30.7983066Z tests/colors/test_constructor.py::test_hsl[value12-expected12] [32mPASSED[0m[32m    [ 53%][0m
2025-02-28T15:25:30.7997416Z tests/colors/test_constructor.py::test_hsl[value13-expected13] [32mPASSED[0m[32m    [ 53%][0m
2025-02-28T15:25:30.8012816Z tests/colors/test_constructor.py::test_hsl[value14-expected14] [32mPASSED[0m[32m    [ 53%][0m
2025-02-28T15:25:30.8027906Z tests/colors/test_constructor.py::test_hsl[value15-expected15] [32mPASSED[0m[32m    [ 54%][0m
2025-02-28T15:25:30.8044324Z tests/colors/test_constructor.py::test_hsl[value16-expected16] [32mPASSED[0m[32m    [ 54%][0m
2025-02-28T15:25:30.8059341Z tests/colors/test_constructor.py::test_hsl[value17-expected17] [32mPASSED[0m[32m    [ 54%][0m
2025-02-28T15:25:30.8075174Z tests/colors/test_constructor.py::test_hsl[value18-expected18] [32mPASSED[0m[32m    [ 54%][0m
2025-02-28T15:25:30.8089767Z tests/colors/test_constructor.py::test_hsl[value19-expected19] [32mPASSED[0m[32m    [ 54%][0m
2025-02-28T15:25:30.8105505Z tests/colors/test_constructor.py::test_hsl[value20-expected20] [32mPASSED[0m[32m    [ 54%][0m
2025-02-28T15:25:30.8120279Z tests/colors/test_constructor.py::test_hsl[value21-expected21] [32mPASSED[0m[32m    [ 55%][0m
2025-02-28T15:25:30.8137420Z tests/colors/test_constructor.py::test_hsl[value22-expected22] [32mPASSED[0m[32m    [ 55%][0m
2025-02-28T15:25:30.8153413Z tests/colors/test_constructor.py::test_hsl[value23-expected23] [32mPASSED[0m[32m    [ 55%][0m
2025-02-28T15:25:30.8169790Z tests/colors/test_constructor.py::test_hsl[value24-expected24] [32mPASSED[0m[32m    [ 55%][0m
2025-02-28T15:25:30.8184254Z tests/colors/test_constructor.py::test_hsl[value25-expected25] [32mPASSED[0m[32m    [ 55%][0m
2025-02-28T15:25:30.8198643Z tests/colors/test_constructor.py::test_hsl[value26-expected26] [32mPASSED[0m[32m    [ 55%][0m
2025-02-28T15:25:30.8213989Z tests/colors/test_constructor.py::test_hsl[value27-expected27] [32mPASSED[0m[32m    [ 55%][0m
2025-02-28T15:25:30.8230116Z tests/colors/test_constructor.py::test_hsl[value28-expected28] [32mPASSED[0m[32m    [ 56%][0m
2025-02-28T15:25:30.8245586Z tests/colors/test_constructor.py::test_hsl[value29-expected29] [32mPASSED[0m[32m    [ 56%][0m
2025-02-28T15:25:30.8260945Z tests/colors/test_constructor.py::test_hsl[value30-expected30] [32mPASSED[0m[32m    [ 56%][0m
2025-02-28T15:25:30.8276269Z tests/colors/test_constructor.py::test_hsl[value31-expected31] [32mPASSED[0m[32m    [ 56%][0m
2025-02-28T15:25:30.8291905Z tests/colors/test_constructor.py::test_hsl[value32-expected32] [32mPASSED[0m[32m    [ 56%][0m
2025-02-28T15:25:30.8306613Z tests/colors/test_constructor.py::test_hsl[value33-expected33] [32mPASSED[0m[32m    [ 56%][0m
2025-02-28T15:25:30.8323165Z tests/colors/test_constructor.py::test_hsl[value34-expected34] [32mPASSED[0m[32m    [ 57%][0m
2025-02-28T15:25:30.8337756Z tests/colors/test_constructor.py::test_hsl[value35-expected35] [32mPASSED[0m[32m    [ 57%][0m
2025-02-28T15:25:30.8352547Z tests/colors/test_constructor.py::test_hsl[value36-expected36] [32mPASSED[0m[32m    [ 57%][0m
2025-02-28T15:25:30.8366701Z tests/colors/test_constructor.py::test_hsl[value37-expected37] [32mPASSED[0m[32m    [ 57%][0m
2025-02-28T15:25:30.8381889Z tests/colors/test_constructor.py::test_hsl[value38-expected38] [32mPASSED[0m[32m    [ 57%][0m
2025-02-28T15:25:30.8395982Z tests/colors/test_constructor.py::test_hsl[value39-expected39] [32mPASSED[0m[32m    [ 57%][0m
2025-02-28T15:25:30.8412015Z tests/colors/test_constructor.py::test_hsl[value40-expected40] [32mPASSED[0m[32m    [ 57%][0m
2025-02-28T15:25:30.8426514Z tests/colors/test_constructor.py::test_hsl[value41-expected41] [32mPASSED[0m[32m    [ 58%][0m
2025-02-28T15:25:30.8441174Z tests/colors/test_constructor.py::test_hsl[value42-expected42] [32mPASSED[0m[32m    [ 58%][0m
2025-02-28T15:25:30.8461935Z tests/colors/test_constructor.py::test_hsl[value43-expected43] [32mPASSED[0m[32m    [ 58%][0m
2025-02-28T15:25:30.8472271Z tests/colors/test_constructor.py::test_hsl[value44-expected44] [32mPASSED[0m[32m    [ 58%][0m
2025-02-28T15:25:30.8486911Z tests/colors/test_constructor.py::test_hsl[value45-expected45] [32mPASSED[0m[32m    [ 58%][0m
2025-02-28T15:25:30.8501670Z tests/colors/test_constructor.py::test_hsl[value46-expected46] [32mPASSED[0m[32m    [ 58%][0m
2025-02-28T15:25:30.8515871Z tests/colors/test_constructor.py::test_hsl[value47-expected47] [32mPASSED[0m[32m    [ 59%][0m
2025-02-28T15:25:30.8530534Z tests/colors/test_constructor.py::test_hsl[value48-expected48] [32mPASSED[0m[32m    [ 59%][0m
2025-02-28T15:25:30.8545718Z tests/colors/test_constructor.py::test_hsl[value49-expected49] [32mPASSED[0m[32m    [ 59%][0m
2025-02-28T15:25:30.8562234Z tests/colors/test_constructor.py::test_hsl_alpha[value0-expected0] [32mPASSED[0m[32m [ 59%][0m
2025-02-28T15:25:30.8577076Z tests/colors/test_constructor.py::test_hsl_alpha[value1-expected1] [32mPASSED[0m[32m [ 59%][0m
2025-02-28T15:25:30.8591851Z tests/colors/test_constructor.py::test_hsl_alpha[value2-expected2] [32mPASSED[0m[32m [ 59%][0m
2025-02-28T15:25:30.8605969Z tests/colors/test_constructor.py::test_hsl_alpha[value3-expected3] [32mPASSED[0m[32m [ 60%][0m
2025-02-28T15:25:30.8620476Z tests/colors/test_constructor.py::test_hsl_alpha[value4-expected4] [32mPASSED[0m[32m [ 60%][0m
2025-02-28T15:25:30.8634992Z tests/colors/test_constructor.py::test_hsl_alpha[value5-expected5] [32mPASSED[0m[32m [ 60%][0m
2025-02-28T15:25:30.8650223Z tests/colors/test_constructor.py::test_hsl_alpha[value6-expected6] [32mPASSED[0m[32m [ 60%][0m
2025-02-28T15:25:30.8669479Z tests/colors/test_constructor.py::test_invalid_color_constructor[rgb-value0-red-0-255--1] [32mPASSED[0m[32m [ 60%][0m
2025-02-28T15:25:30.8688411Z tests/colors/test_constructor.py::test_invalid_color_constructor[rgb-value1-red-0-255-256] [32mPASSED[0m[32m [ 60%][0m
2025-02-28T15:25:30.8707245Z tests/colors/test_constructor.py::test_invalid_color_constructor[rgb-value2-green-0-255--1] [32mPASSED[0m[32m [ 60%][0m
2025-02-28T15:25:30.8726050Z tests/colors/test_constructor.py::test_invalid_color_constructor[rgb-value3-green-0-255-256] [32mPASSED[0m[32m [ 61%][0m
2025-02-28T15:25:30.8744641Z tests/colors/test_constructor.py::test_invalid_color_constructor[rgb-value4-blue-0-255--1] [32mPASSED[0m[32m [ 61%][0m
2025-02-28T15:25:30.8763624Z tests/colors/test_constructor.py::test_invalid_color_constructor[rgb-value5-blue-0-255-256] [32mPASSED[0m[32m [ 61%][0m
2025-02-28T15:25:30.8781787Z tests/colors/test_constructor.py::test_invalid_color_constructor[rgba-value6-red-0-255--1] [32mPASSED[0m[32m [ 61%][0m
2025-02-28T15:25:30.8798600Z tests/colors/test_constructor.py::test_invalid_color_constructor[rgba-value7-red-0-255-256] [32mPASSED[0m[32m [ 61%][0m
2025-02-28T15:25:30.8816355Z tests/colors/test_constructor.py::test_invalid_color_constructor[rgba-value8-green-0-255--1] [32mPASSED[0m[32m [ 61%][0m
2025-02-28T15:25:30.8833503Z tests/colors/test_constructor.py::test_invalid_color_constructor[rgba-value9-green-0-255-256] [32mPASSED[0m[32m [ 62%][0m
2025-02-28T15:25:30.8849837Z tests/colors/test_constructor.py::test_invalid_color_constructor[rgba-value10-blue-0-255--1] [32mPASSED[0m[32m [ 62%][0m
2025-02-28T15:25:30.8867268Z tests/colors/test_constructor.py::test_invalid_color_constructor[rgba-value11-blue-0-255-256] [32mPASSED[0m[32m [ 62%][0m
2025-02-28T15:25:30.8885998Z tests/colors/test_constructor.py::test_invalid_color_constructor[rgba-value12-alpha-0-1--0.5] [32mPASSED[0m[32m [ 62%][0m
2025-02-28T15:25:30.8904864Z tests/colors/test_constructor.py::test_invalid_color_constructor[rgba-value13-alpha-0-1-1.1] [32mPASSED[0m[32m [ 62%][0m
2025-02-28T15:25:30.8924272Z tests/colors/test_constructor.py::test_invalid_color_constructor[hsl-value14-hue-0-360--1] [32mPASSED[0m[32m [ 62%][0m
2025-02-28T15:25:30.8943139Z tests/colors/test_constructor.py::test_invalid_color_constructor[hsl-value15-hue-0-360-361] [32mPASSED[0m[32m [ 62%][0m
2025-02-28T15:25:30.8971099Z tests/colors/test_constructor.py::test_invalid_color_constructor[hsl-value16-saturation-0-1--0.1] [32mPASSED[0m[32m [ 63%][0m
2025-02-28T15:25:30.8990610Z tests/colors/test_constructor.py::test_invalid_color_constructor[hsl-value17-saturation-0-1-1.1] [32mPASSED[0m[32m [ 63%][0m
2025-02-28T15:25:30.9009316Z tests/colors/test_constructor.py::test_invalid_color_constructor[hsl-value18-lightness-0-1--0.1] [32mPASSED[0m[32m [ 63%][0m
2025-02-28T15:25:30.9029232Z tests/colors/test_constructor.py::test_invalid_color_constructor[hsl-value19-lightness-0-1-1.1] [32mPASSED[0m[32m [ 63%][0m
2025-02-28T15:25:30.9052698Z tests/colors/test_constructor.py::test_invalid_color_constructor[hsla-value20-hue-0-360--1] [32mPASSED[0m[32m [ 63%][0m
2025-02-28T15:25:30.9076383Z tests/colors/test_constructor.py::test_invalid_color_constructor[hsla-value21-hue-0-360-361] [32mPASSED[0m[32m [ 63%][0m
2025-02-28T15:25:30.9097698Z tests/colors/test_constructor.py::test_invalid_color_constructor[hsla-value22-saturation-0-1--0.1] [32mPASSED[0m[32m [ 64%][0m
2025-02-28T15:25:30.9119242Z tests/colors/test_constructor.py::test_invalid_color_constructor[hsla-value23-saturation-0-1-1.1] [32mPASSED[0m[32m [ 64%][0m
2025-02-28T15:25:30.9140817Z tests/colors/test_constructor.py::test_invalid_color_constructor[hsla-value24-lightness-0-1--0.1] [32mPASSED[0m[32m [ 64%][0m
2025-02-28T15:25:30.9162749Z tests/colors/test_constructor.py::test_invalid_color_constructor[hsla-value25-lightness-0-1-1.1] [32mPASSED[0m[32m [ 64%][0m
2025-02-28T15:25:30.9187341Z tests/colors/test_constructor.py::test_invalid_color_constructor[hsla-value26-alpha-0-1--0.1] [32mPASSED[0m[32m [ 64%][0m
2025-02-28T15:25:30.9210085Z tests/colors/test_constructor.py::test_invalid_color_constructor[hsla-value27-alpha-0-1-1.1] [32mPASSED[0m[32m [ 64%][0m
2025-02-28T15:25:30.9225647Z tests/colors/test_parsing.py::test_noop [32mPASSED[0m[32m                           [ 64%][0m
2025-02-28T15:25:30.9244127Z tests/colors/test_parsing.py::test_rgb[rgb(1,2,3)-expected0] [32mPASSED[0m[32m      [ 65%][0m
2025-02-28T15:25:30.9260766Z tests/colors/test_parsing.py::test_rgb[rgb(1, 2, 3)-expected1] [32mPASSED[0m[32m    [ 65%][0m
2025-02-28T15:25:30.9277948Z tests/colors/test_parsing.py::test_rgb[rgb( 1 , 2 , 3)-expected2] [32mPASSED[0m[32m [ 65%][0m
2025-02-28T15:25:30.9296597Z tests/colors/test_parsing.py::test_rgb[#123-expected3] [32mPASSED[0m[32m            [ 65%][0m
2025-02-28T15:25:30.9313824Z tests/colors/test_parsing.py::test_rgb[#112233-expected4] [32mPASSED[0m[32m         [ 65%][0m
2025-02-28T15:25:30.9331202Z tests/colors/test_parsing.py::test_rgb[#abc-expected5] [32mPASSED[0m[32m            [ 65%][0m
2025-02-28T15:25:30.9347679Z tests/colors/test_parsing.py::test_rgb[#ABC-expected6] [32mPASSED[0m[32m            [ 66%][0m
2025-02-28T15:25:30.9365181Z tests/colors/test_parsing.py::test_rgb[#abcdef-expected7] [32mPASSED[0m[32m         [ 66%][0m
2025-02-28T15:25:30.9379373Z tests/colors/test_parsing.py::test_rgb[#ABCDEF-expected8] [32mPASSED[0m[32m         [ 66%][0m
2025-02-28T15:25:30.9393628Z tests/colors/test_parsing.py::test_rgb_invalid[10, 20] [32mPASSED[0m[32m            [ 66%][0m
2025-02-28T15:25:30.9407547Z tests/colors/test_parsing.py::test_rgb_invalid[a, 10, 20] [32mPASSED[0m[32m         [ 66%][0m
2025-02-28T15:25:30.9420628Z tests/colors/test_parsing.py::test_rgb_invalid[10, b, 20] [32mPASSED[0m[32m         [ 66%][0m
2025-02-28T15:25:30.9433285Z tests/colors/test_parsing.py::test_rgb_invalid[10, 20, c] [32mPASSED[0m[32m         [ 66%][0m
2025-02-28T15:25:30.9446025Z tests/colors/test_parsing.py::test_rgb_invalid[10, 20, 30, 0.5] [32mPASSED[0m[32m   [ 67%][0m
2025-02-28T15:25:30.9460173Z tests/colors/test_parsing.py::test_rgba[rgba(1,2,3,0.5)-expected0] [32mPASSED[0m[32m [ 67%][0m
2025-02-28T15:25:30.9473616Z tests/colors/test_parsing.py::test_rgba[rgba(1, 2, 3, 0.5)-expected1] [32mPASSED[0m[32m [ 67%][0m
2025-02-28T15:25:30.9487151Z tests/colors/test_parsing.py::test_rgba[rgba( 1 , 2 , 3 , 0.5)-expected2] [32mPASSED[0m[32m [ 67%][0m
2025-02-28T15:25:30.9501133Z tests/colors/test_parsing.py::test_rgba[#1234-expected3] [32mPASSED[0m[32m          [ 67%][0m
2025-02-28T15:25:30.9514735Z tests/colors/test_parsing.py::test_rgba[#11223344-expected4] [32mPASSED[0m[32m      [ 67%][0m
2025-02-28T15:25:30.9528503Z tests/colors/test_parsing.py::test_rgba[#abcd-expected5] [32mPASSED[0m[32m          [ 68%][0m
2025-02-28T15:25:30.9542541Z tests/colors/test_parsing.py::test_rgba[#ABCD-expected6] [32mPASSED[0m[32m          [ 68%][0m
2025-02-28T15:25:30.9556438Z tests/colors/test_parsing.py::test_rgba[#abcdefba-expected7] [32mPASSED[0m[32m      [ 68%][0m
2025-02-28T15:25:30.9570406Z tests/colors/test_parsing.py::test_rgba[#ABCDEFBA-expected8] [32mPASSED[0m[32m      [ 68%][0m
2025-02-28T15:25:30.9583128Z tests/colors/test_parsing.py::test_rgba_invalid[10, 20, 30] [32mPASSED[0m[32m       [ 68%][0m
2025-02-28T15:25:30.9595804Z tests/colors/test_parsing.py::test_rgba_invalid[a, 10, 20, 0.5] [32mPASSED[0m[32m   [ 68%][0m
2025-02-28T15:25:30.9608054Z tests/colors/test_parsing.py::test_rgba_invalid[10, b, 20, 0.5] [32mPASSED[0m[32m   [ 68%][0m
2025-02-28T15:25:30.9622026Z tests/colors/test_parsing.py::test_rgba_invalid[10, 20, c, 0.5] [32mPASSED[0m[32m   [ 69%][0m
2025-02-28T15:25:30.9634624Z tests/colors/test_parsing.py::test_rgba_invalid[10, 20, 30, c] [32mPASSED[0m[32m    [ 69%][0m
2025-02-28T15:25:30.9648539Z tests/colors/test_parsing.py::test_rgba_invalid[10, 20, 30, 0.5, 5] [32mPASSED[0m[32m [ 69%][0m
2025-02-28T15:25:30.9661746Z tests/colors/test_parsing.py::test_hsl[1,20%,30%] [32mPASSED[0m[32m                 [ 69%][0m
2025-02-28T15:25:30.9674649Z tests/colors/test_parsing.py::test_hsl[1, 20%, 30%] [32mPASSED[0m[32m               [ 69%][0m
2025-02-28T15:25:30.9687480Z tests/colors/test_parsing.py::test_hsl[1, 20% , 30%] [32mPASSED[0m[32m              [ 69%][0m
2025-02-28T15:25:30.9700377Z tests/colors/test_parsing.py::test_hsl_invalid[1, 20%] [32mPASSED[0m[32m            [ 70%][0m
2025-02-28T15:25:30.9713044Z tests/colors/test_parsing.py::test_hsl_invalid[a, 20%, 30%] [32mPASSED[0m[32m       [ 70%][0m
2025-02-28T15:25:30.9725626Z tests/colors/test_parsing.py::test_hsl_invalid[1, a, 30%] [32mPASSED[0m[32m         [ 70%][0m
2025-02-28T15:25:30.9738372Z tests/colors/test_parsing.py::test_hsl_invalid[1, 20%, a)] [32mPASSED[0m[32m        [ 70%][0m
2025-02-28T15:25:30.9751429Z tests/colors/test_parsing.py::test_hsl_invalid[1, 20%, 30%, 0.5)] [32mPASSED[0m[32m [ 70%][0m
2025-02-28T15:25:30.9764300Z tests/colors/test_parsing.py::test_hsla[1,20%,30%,0.5] [32mPASSED[0m[32m            [ 70%][0m
2025-02-28T15:25:30.9777116Z tests/colors/test_parsing.py::test_hsla[1, 20%, 30%, 0.5] [32mPASSED[0m[32m         [ 71%][0m
2025-02-28T15:25:30.9790130Z tests/colors/test_parsing.py::test_hsla[ 1, 20% , 30% , 0.5] [32mPASSED[0m[32m      [ 71%][0m
2025-02-28T15:25:30.9802997Z tests/colors/test_parsing.py::test_hsla_invalid[1, 20%, 30%] [32mPASSED[0m[32m      [ 71%][0m
2025-02-28T15:25:30.9815562Z tests/colors/test_parsing.py::test_hsla_invalid[a, 20%, 30%, 0.5] [32mPASSED[0m[32m [ 71%][0m
2025-02-28T15:25:30.9828194Z tests/colors/test_parsing.py::test_hsla_invalid[1, a, 30%, 0.5] [32mPASSED[0m[32m   [ 71%][0m
2025-02-28T15:25:30.9841078Z tests/colors/test_parsing.py::test_hsla_invalid[1, 20%, a, 0.5] [32mPASSED[0m[32m   [ 71%][0m
2025-02-28T15:25:30.9854188Z tests/colors/test_parsing.py::test_hsla_invalid[1, 20%, 30%, a] [32mPASSED[0m[32m   [ 71%][0m
2025-02-28T15:25:30.9866899Z tests/colors/test_parsing.py::test_hsla_invalid[1, 20%, 30%, 0.5, 5] [32mPASSED[0m[32m [ 72%][0m
2025-02-28T15:25:30.9880863Z tests/colors/test_parsing.py::test_named_color[Red-expected0] [32mPASSED[0m[32m     [ 72%][0m
2025-02-28T15:25:30.9894484Z tests/colors/test_parsing.py::test_named_color[RED-expected1] [32mPASSED[0m[32m     [ 72%][0m
2025-02-28T15:25:30.9908213Z tests/colors/test_parsing.py::test_named_color[red-expected2] [32mPASSED[0m[32m     [ 72%][0m
2025-02-28T15:25:30.9922037Z tests/colors/test_parsing.py::test_named_color[rEd-expected3] [32mPASSED[0m[32m     [ 72%][0m
2025-02-28T15:25:30.9935335Z tests/colors/test_parsing.py::test_named_color[CornflowerBlue-expected4] [32mPASSED[0m[32m [ 72%][0m
2025-02-28T15:25:30.9949860Z tests/colors/test_parsing.py::test_named_color[cornflowerblue-expected5] [32mPASSED[0m[32m [ 73%][0m
2025-02-28T15:25:30.9963628Z tests/colors/test_parsing.py::test_named_color[CORNFLOWERBLUE-expected6] [32mPASSED[0m[32m [ 73%][0m
2025-02-28T15:25:30.9976990Z tests/colors/test_parsing.py::test_named_color[Cornflowerblue-expected7] [32mPASSED[0m[32m [ 73%][0m
2025-02-28T15:25:30.9990645Z tests/colors/test_parsing.py::test_named_color[CoRnFlOwErBlUe-expected8] [32mPASSED[0m[32m [ 73%][0m
2025-02-28T15:25:31.0002247Z tests/colors/test_parsing.py::test_named_color_invalid [32mPASSED[0m[32m            [ 73%][0m
2025-02-28T15:25:31.0014893Z tests/colors/test_parsing.py::test_hash_mark_invalid[1] [32mPASSED[0m[32m           [ 73%][0m
2025-02-28T15:25:31.0027331Z tests/colors/test_parsing.py::test_hash_mark_invalid[2] [32mPASSED[0m[32m           [ 73%][0m
2025-02-28T15:25:31.0040050Z tests/colors/test_parsing.py::test_hash_mark_invalid[5] [32mPASSED[0m[32m           [ 74%][0m
2025-02-28T15:25:31.0052680Z tests/colors/test_parsing.py::test_hash_mark_invalid[7] [32mPASSED[0m[32m           [ 74%][0m
2025-02-28T15:25:31.0065323Z tests/colors/test_parsing.py::test_hash_mark_invalid[9] [32mPASSED[0m[32m           [ 74%][0m
2025-02-28T15:25:31.0078964Z tests/colors/test_parsing.py::test_hash_mark_invalid[10] [32mPASSED[0m[32m          [ 74%][0m
2025-02-28T15:25:31.0103699Z tests/test_choices.py::test_none[Style] [32mPASSED[0m[32m                           [ 74%][0m
2025-02-28T15:25:31.0123735Z tests/test_choices.py::test_none[DeprecatedStyle] [32mPASSED[0m[32m                 [ 74%][0m
2025-02-28T15:25:31.0147016Z tests/test_choices.py::test_allow_string[Style] [32mPASSED[0m[32m                   [ 75%][0m
2025-02-28T15:25:31.0168241Z tests/test_choices.py::test_allow_string[DeprecatedStyle] [32mPASSED[0m[32m         [ 75%][0m
2025-02-28T15:25:31.0190954Z tests/test_choices.py::test_allow_integer[Style] [32mPASSED[0m[32m                  [ 75%][0m
2025-02-28T15:25:31.0210343Z tests/test_choices.py::test_allow_integer[DeprecatedStyle] [32mPASSED[0m[32m        [ 75%][0m
2025-02-28T15:25:31.0232600Z tests/test_choices.py::test_allow_number[Style] [32mPASSED[0m[32m                   [ 75%][0m
2025-02-28T15:25:31.0251714Z tests/test_choices.py::test_allow_number[DeprecatedStyle] [32mPASSED[0m[32m         [ 75%][0m
2025-02-28T15:25:31.0276898Z tests/test_choices.py::test_allow_color[Style] [32mPASSED[0m[32m                    [ 75%][0m
2025-02-28T15:25:31.0297932Z tests/test_choices.py::test_allow_color[DeprecatedStyle] [32mPASSED[0m[32m          [ 76%][0m
2025-02-28T15:25:31.0320484Z tests/test_choices.py::test_values[Style] [32mPASSED[0m[32m                         [ 76%][0m
2025-02-28T15:25:31.0339944Z tests/test_choices.py::test_values[DeprecatedStyle] [32mPASSED[0m[32m               [ 76%][0m
2025-02-28T15:25:31.0366440Z tests/test_choices.py::test_multiple_choices[Style] [32mPASSED[0m[32m               [ 76%][0m
2025-02-28T15:25:31.0388351Z tests/test_choices.py::test_multiple_choices[DeprecatedStyle] [32mPASSED[0m[32m     [ 76%][0m
2025-02-28T15:25:31.0404603Z tests/test_choices.py::test_string_symbol[Style] [32mPASSED[0m[32m                  [ 76%][0m
2025-02-28T15:25:31.0423221Z tests/test_choices.py::test_string_symbol[DeprecatedStyle] [32mPASSED[0m[32m        [ 77%][0m
2025-02-28T15:25:31.0435827Z tests/test_fonts.py::test_equality[font0] [32mPASSED[0m[32m                         [ 77%][0m
2025-02-28T15:25:31.0448460Z tests/test_fonts.py::test_equality[font1] [32mPASSED[0m[32m                         [ 77%][0m
2025-02-28T15:25:31.0461975Z tests/test_fonts.py::test_equality[font2] [32mPASSED[0m[32m                         [ 77%][0m
2025-02-28T15:25:31.0474482Z tests/test_fonts.py::test_inqequality[font0] [32mPASSED[0m[32m                      [ 77%][0m
2025-02-28T15:25:31.0486788Z tests/test_fonts.py::test_inqequality[font1] [32mPASSED[0m[32m                      [ 77%][0m
2025-02-28T15:25:31.0499274Z tests/test_fonts.py::test_inqequality[font2] [32mPASSED[0m[32m                      [ 77%][0m
2025-02-28T15:25:31.0511731Z tests/test_fonts.py::test_inqequality[a string] [32mPASSED[0m[32m                   [ 78%][0m
2025-02-28T15:25:31.0524000Z tests/test_fonts.py::test_inqequality[5] [32mPASSED[0m[32m                          [ 78%][0m
2025-02-28T15:25:31.0535627Z tests/test_fonts.py::test_hash [32mPASSED[0m[32m                                    [ 78%][0m
2025-02-28T15:25:31.0549954Z tests/test_fonts.py::test_repr[12-kwargs0-12pt] [32mPASSED[0m[32m                   [ 78%][0m
2025-02-28T15:25:31.0563853Z tests/test_fonts.py::test_repr[12-kwargs1-italic 12pt] [32mPASSED[0m[32m            [ 78%][0m
2025-02-28T15:25:31.0577872Z tests/test_fonts.py::test_repr[12-kwargs2-italic small-caps 12pt] [32mPASSED[0m[32m [ 78%][0m
2025-02-28T15:25:31.0591969Z tests/test_fonts.py::test_repr[12-kwargs3-italic small-caps bold 12pt] [32mPASSED[0m[32m [ 79%][0m
2025-02-28T15:25:31.0606965Z tests/test_fonts.py::test_repr[12-kwargs4-small-caps bold 12pt] [32mPASSED[0m[32m   [ 79%][0m
2025-02-28T15:25:31.0621431Z tests/test_fonts.py::test_repr[12-kwargs5-bold 12pt] [32mPASSED[0m[32m              [ 79%][0m
2025-02-28T15:25:31.0635164Z tests/test_fonts.py::test_repr[12-kwargs6-italic bold 12pt] [32mPASSED[0m[32m       [ 79%][0m
2025-02-28T15:25:31.0651027Z tests/test_fonts.py::test_repr[-1-kwargs7-system default size] [32mPASSED[0m[32m    [ 79%][0m
2025-02-28T15:25:31.0667143Z tests/test_fonts.py::test_repr[-1-kwargs8-italic system default size] [32mPASSED[0m[32m [ 79%][0m
2025-02-28T15:25:31.0680597Z tests/test_fonts.py::test_simple_construction[12_0] [32mPASSED[0m[32m               [ 80%][0m
2025-02-28T15:25:31.0693420Z tests/test_fonts.py::test_simple_construction[12_1] [32mPASSED[0m[32m               [ 80%][0m
2025-02-28T15:25:31.0705867Z tests/test_fonts.py::test_simple_construction[12pt] [32mPASSED[0m[32m               [ 80%][0m
2025-02-28T15:25:31.0718406Z tests/test_fonts.py::test_simple_construction[12 pt] [32mPASSED[0m[32m              [ 80%][0m
2025-02-28T15:25:31.0730500Z tests/test_fonts.py::test_invalid_construction [32mPASSED[0m[32m                    [ 80%][0m
2025-02-28T15:25:31.0743000Z tests/test_fonts.py::test_family[Comics Sans] [32mPASSED[0m[32m                     [ 80%][0m
2025-02-28T15:25:31.0755334Z tests/test_fonts.py::test_family[Wingdings] [32mPASSED[0m[32m                       [ 80%][0m
2025-02-28T15:25:31.0767700Z tests/test_fonts.py::test_family['Comic Sans'] [32mPASSED[0m[32m                    [ 81%][0m
2025-02-28T15:25:31.0780003Z tests/test_fonts.py::test_family["Comic Sans"] [32mPASSED[0m[32m                    [ 81%][0m
2025-02-28T15:25:31.0794025Z tests/test_fonts.py::test_style[italic-italic0] [32mPASSED[0m[32m                   [ 81%][0m
2025-02-28T15:25:31.0807322Z tests/test_fonts.py::test_style[italic-italic1] [32mPASSED[0m[32m                   [ 81%][0m
2025-02-28T15:25:31.0820602Z tests/test_fonts.py::test_style[oblique-oblique0] [32mPASSED[0m[32m                 [ 81%][0m
2025-02-28T15:25:31.0834073Z tests/test_fonts.py::test_style[oblique-oblique1] [32mPASSED[0m[32m                 [ 81%][0m
2025-02-28T15:25:31.0847158Z tests/test_fonts.py::test_style[something else-normal] [32mPASSED[0m[32m            [ 82%][0m
2025-02-28T15:25:31.0860061Z tests/test_fonts.py::test_make_normal_style[kwargs0] [32mPASSED[0m[32m              [ 82%][0m
2025-02-28T15:25:31.0872620Z tests/test_fonts.py::test_make_normal_style[kwargs1] [32mPASSED[0m[32m              [ 82%][0m
2025-02-28T15:25:31.0886034Z tests/test_fonts.py::test_make_slanted[italic-italic] [32mPASSED[0m[32m             [ 82%][0m
2025-02-28T15:25:31.0899646Z tests/test_fonts.py::test_make_slanted[oblique-oblique] [32mPASSED[0m[32m           [ 82%][0m
2025-02-28T15:25:31.0912736Z tests/test_fonts.py::test_variant[small-caps-small-caps0] [32mPASSED[0m[32m         [ 82%][0m
2025-02-28T15:25:31.0925682Z tests/test_fonts.py::test_variant[small-caps-small-caps1] [32mPASSED[0m[32m         [ 82%][0m
2025-02-28T15:25:31.0938702Z tests/test_fonts.py::test_variant[something else-normal] [32mPASSED[0m[32m          [ 83%][0m
2025-02-28T15:25:31.0951199Z tests/test_fonts.py::test_make_normal_variant[kwargs0] [32mPASSED[0m[32m            [ 83%][0m
2025-02-28T15:25:31.0963469Z tests/test_fonts.py::test_make_normal_variant[kwargs1] [32mPASSED[0m[32m            [ 83%][0m
2025-02-28T15:25:31.0976001Z tests/test_fonts.py::test_make_small_caps [32mPASSED[0m[32m                         [ 83%][0m
2025-02-28T15:25:31.0989248Z tests/test_fonts.py::test_weight[bold-bold0] [32mPASSED[0m[32m                      [ 83%][0m
2025-02-28T15:25:31.1002383Z tests/test_fonts.py::test_weight[bold-bold1] [32mPASSED[0m[32m                      [ 83%][0m
2025-02-28T15:25:31.1015313Z tests/test_fonts.py::test_weight[something else-normal] [32mPASSED[0m[32m           [ 84%][0m
2025-02-28T15:25:31.1027932Z tests/test_fonts.py::test_make_normal_weight[kwargs0] [32mPASSED[0m[32m             [ 84%][0m
2025-02-28T15:25:31.1040917Z tests/test_fonts.py::test_make_normal_weight[kwargs1] [32mPASSED[0m[32m             [ 84%][0m
2025-02-28T15:25:31.1053078Z tests/test_fonts.py::test_make_bold [32mPASSED[0m[32m                               [ 84%][0m
2025-02-28T15:25:31.1064472Z tests/test_layout.py::test_viewport_default [32mPASSED[0m[32m                       [ 84%][0m
2025-02-28T15:25:31.1075849Z tests/test_layout.py::test_viewport_constructor [32mPASSED[0m[32m                   [ 84%][0m
2025-02-28T15:25:31.1090356Z tests/test_layout.py::test_repr [32mPASSED[0m[32m                                   [ 84%][0m
2025-02-28T15:25:31.1104918Z tests/test_layout.py::test_initial [32mPASSED[0m[32m                                [ 85%][0m
2025-02-28T15:25:31.1124133Z tests/test_layout.py::test_set_content_dimension[content_top-5-expected10-7-expected20] [32mPASSED[0m[32m [ 85%][0m
2025-02-28T15:25:31.1143259Z tests/test_layout.py::test_set_content_dimension[content_left-5-expected11-7-expected21] [32mPASSED[0m[32m [ 85%][0m
2025-02-28T15:25:31.1161808Z tests/test_layout.py::test_set_content_dimension[min_content_width-8-expected12-9-expected22] [32mPASSED[0m[32m [ 85%][0m
2025-02-28T15:25:31.1179240Z tests/test_layout.py::test_set_content_dimension[content_width-5-expected13-7-expected23] [32mPASSED[0m[32m [ 85%][0m
2025-02-28T15:25:31.1196143Z tests/test_layout.py::test_set_content_dimension[min_content_height-7-expected14-8-expected24] [32mPASSED[0m[32m [ 85%][0m
2025-02-28T15:25:31.1213672Z tests/test_layout.py::test_set_content_dimension[content_height-10-expected15-12-expected25] [32mPASSED[0m[32m [ 86%][0m
2025-02-28T15:25:31.1228367Z tests/test_layout.py::test_descendent_offsets [32mPASSED[0m[32m                     [ 86%][0m
2025-02-28T15:25:31.1243378Z tests/test_layout.py::test_absolute_equalities [32mPASSED[0m[32m                    [ 86%][0m
2025-02-28T15:25:31.1261691Z tests/test_node.py::test_create_leaf [32mPASSED[0m[32m                              [ 86%][0m
2025-02-28T15:25:31.1285641Z tests/test_node.py::test_create_node [32mPASSED[0m[32m                              [ 86%][0m
2025-02-28T15:25:31.1315282Z tests/test_node.py::test_refresh[Style] [32mPASSED[0m[32m                           [ 86%][0m
2025-02-28T15:25:31.1345787Z tests/test_node.py::test_refresh[OldStyle] [32mPASSED[0m[32m                        [ 86%][0m
2025-02-28T15:25:31.1361484Z tests/test_node.py::test_refresh_no_op [32mPASSED[0m[32m                            [ 87%][0m
2025-02-28T15:25:31.1382053Z tests/test_node.py::test_type_error_in_layout[TypeErrorStyle] [32mPASSED[0m[32m     [ 87%][0m
2025-02-28T15:25:31.1400611Z tests/test_node.py::test_type_error_in_layout[OldTypeErrorStyle] [32mPASSED[0m[32m  [ 87%][0m
2025-02-28T15:25:31.1417444Z tests/test_node.py::test_add [32mPASSED[0m[32m                                      [ 87%][0m
2025-02-28T15:25:31.1439601Z tests/test_node.py::test_insert [32mPASSED[0m[32m                                   [ 87%][0m
2025-02-28T15:25:31.1459464Z tests/test_node.py::test_insert_leaf [32mPASSED[0m[32m                              [ 87%][0m
2025-02-28T15:25:31.1479871Z tests/test_node.py::test_remove [32mPASSED[0m[32m                                   [ 88%][0m
2025-02-28T15:25:31.1499880Z tests/test_node.py::test_remove_leaf [32mPASSED[0m[32m                              [ 88%][0m
2025-02-28T15:25:31.1520348Z tests/test_node.py::test_clear [32mPASSED[0m[32m                                    [ 88%][0m
2025-02-28T15:25:31.1535928Z tests/test_node.py::test_clear_leaf [32mPASSED[0m[32m                               [ 88%][0m
2025-02-28T15:25:31.1556675Z tests/test_node.py::test_create_with_no_applicator [32mPASSED[0m[32m                [ 88%][0m
2025-02-28T15:25:31.1588499Z tests/test_node.py::test_create_with_applicator [32mPASSED[0m[32m                   [ 88%][0m
2025-02-28T15:25:31.1605163Z tests/test_node.py::test_assign_applicator[node0] [32mPASSED[0m[32m                 [ 88%][0m
2025-02-28T15:25:31.1620526Z tests/test_node.py::test_assign_applicator[node1] [32mPASSED[0m[32m                 [ 89%][0m
2025-02-28T15:25:31.1633162Z tests/test_node.py::test_assign_applicator_none[node0] [32mPASSED[0m[32m            [ 89%][0m
2025-02-28T15:25:31.1646132Z tests/test_node.py::test_assign_applicator_none[node1] [32mPASSED[0m[32m            [ 89%][0m
2025-02-28T15:25:31.1673849Z tests/test_node.py::test_assign_style_with_applicator [32mPASSED[0m[32m             [ 89%][0m
2025-02-28T15:25:31.1699443Z tests/test_node.py::test_assign_style_with_no_applicator [32mPASSED[0m[32m          [ 89%][0m
2025-02-28T15:25:31.1714777Z tests/test_node.py::test_apply_before_node_is_ready [32mPASSED[0m[32m               [ 89%][0m
2025-02-28T15:25:31.1729495Z tests/test_node.py::test_applicator_has_node_reference [32mPASSED[0m[32m            [ 90%][0m
2025-02-28T15:25:31.1741875Z tests/test_size.py::test_at_least_repr [32mPASSED[0m[32m                            [ 90%][0m
2025-02-28T15:25:31.1753573Z tests/test_size.py::test_at_least_eq [32mPASSED[0m[32m                              [ 90%][0m
2025-02-28T15:25:31.1766831Z tests/test_size.py::test_size_repr [32mPASSED[0m[32m                                [ 90%][0m
2025-02-28T15:25:31.1779770Z tests/test_style.py::test_invalid_style [32mPASSED[0m[32m                           [ 90%][0m
2025-02-28T15:25:31.1796866Z tests/test_style.py::test_positional_argument[Style] [32mPASSED[0m[32m              [ 90%][0m
2025-02-28T15:25:31.1811876Z tests/test_style.py::test_positional_argument[DeprecatedStyle] [32mPASSED[0m[32m    [ 91%][0m
2025-02-28T15:25:31.1832999Z tests/test_style.py::test_create_and_copy[Style] [32mPASSED[0m[32m                  [ 91%][0m
2025-02-28T15:25:31.1854178Z tests/test_style.py::test_create_and_copy[DeprecatedStyle] [32mPASSED[0m[32m        [ 91%][0m
2025-02-28T15:25:31.1873219Z tests/test_style.py::test_deprecated_copy [32mPASSED[0m[32m                         [ 91%][0m
2025-02-28T15:25:31.1890437Z tests/test_style.py::test_apply[Style] [32mPASSED[0m[32m                            [ 91%][0m
2025-02-28T15:25:31.1907925Z tests/test_style.py::test_apply[DeprecatedStyle] [32mPASSED[0m[32m                  [ 91%][0m
2025-02-28T15:25:31.1926266Z tests/test_style.py::test_property_with_explicit_const[Style] [32mPASSED[0m[32m     [ 91%][0m
2025-02-28T15:25:31.1944320Z tests/test_style.py::test_property_with_explicit_const[DeprecatedStyle] [32mPASSED[0m[32m [ 92%][0m
2025-02-28T15:25:31.1962545Z tests/test_style.py::test_property_with_explicit_value[Style] [32mPASSED[0m[32m     [ 92%][0m
2025-02-28T15:25:31.1980636Z tests/test_style.py::test_property_with_explicit_value[DeprecatedStyle] [32mPASSED[0m[32m [ 92%][0m
2025-02-28T15:25:31.1998160Z tests/test_style.py::test_property_with_explicit_none[Style] [32mPASSED[0m[32m      [ 92%][0m
2025-02-28T15:25:31.2015822Z tests/test_style.py::test_property_with_explicit_none[DeprecatedStyle] [32mPASSED[0m[32m [ 92%][0m
2025-02-28T15:25:31.2034627Z tests/test_style.py::test_property_with_implicit_default[Style] [32mPASSED[0m[32m   [ 92%][0m
2025-02-28T15:25:31.2052440Z tests/test_style.py::test_property_with_implicit_default[DeprecatedStyle] [32mPASSED[0m[32m [ 93%][0m
2025-02-28T15:25:31.2066875Z tests/test_style.py::test_set_initial_no_apply[Style] [32mPASSED[0m[32m             [ 93%][0m
2025-02-28T15:25:31.2081771Z tests/test_style.py::test_set_initial_no_apply[DeprecatedStyle] [32mPASSED[0m[32m   [ 93%][0m
2025-02-28T15:25:31.2109870Z tests/test_style.py::test_directional_property[Style] [32mPASSED[0m[32m             [ 93%][0m
2025-02-28T15:25:31.2138452Z tests/test_style.py::test_directional_property[DeprecatedStyle] [32mPASSED[0m[32m   [ 93%][0m
2025-02-28T15:25:31.2156385Z tests/test_style.py::test_list_property[value0-expected0] [32mPASSED[0m[32m         [ 93%][0m
2025-02-28T15:25:31.2174084Z tests/test_style.py::test_list_property[value1-expected1] [32mPASSED[0m[32m         [ 93%][0m
2025-02-28T15:25:31.2191870Z tests/test_style.py::test_list_property[value2-expected2] [32mPASSED[0m[32m         [ 94%][0m
2025-02-28T15:25:31.2211027Z tests/test_style.py::test_list_property[value3-expected3] [32mPASSED[0m[32m         [ 94%][0m
2025-02-28T15:25:31.2229574Z tests/test_style.py::test_list_property[value4-expected4] [32mPASSED[0m[32m         [ 94%][0m
2025-02-28T15:25:31.2247941Z tests/test_style.py::test_list_property[value5-expected5] [32mPASSED[0m[32m         [ 94%][0m
2025-02-28T15:25:31.2265388Z tests/test_style.py::test_list_property[value6-expected6] [32mPASSED[0m[32m         [ 94%][0m
2025-02-28T15:25:31.2285462Z tests/test_style.py::test_list_property_invalid[5-TypeError-Value for list property list_prop must be a sequence\\.] [32mPASSED[0m[32m [ 94%][0m
2025-02-28T15:25:31.2305075Z tests/test_style.py::test_list_property_invalid[<genexpr>-TypeError-Value for list property list_prop must be a sequence.] [32mPASSED[0m[32m [ 95%][0m
2025-02-28T15:25:31.2326626Z tests/test_style.py::test_list_property_invalid[value2-ValueError-Invalid item value 'bogus' for list property list_prop; Valid values are: none, value1, value2, value3, <integer>] [32mPASSED[0m[32m [ 95%][0m
2025-02-28T15:25:31.2346834Z tests/test_style.py::test_list_property_invalid[value3-ValueError-List properties cannot be set to an empty sequence; to reset a property, use del `style.list_prop`\\.] [32mPASSED[0m[32m [ 95%][0m
2025-02-28T15:25:31.2365173Z tests/test_style.py::test_list_property_invalid[value4-ValueError-List properties cannot be set to an empty sequence; to reset a property, use del `style.list_prop`\\.] [32mPASSED[0m[32m [ 95%][0m
2025-02-28T15:25:31.2386012Z tests/test_style.py::test_list_property_immutable [32mPASSED[0m[32m                 [ 95%][0m
2025-02-28T15:25:31.2402285Z tests/test_style.py::test_list_property_list_like [32mPASSED[0m[32m                 [ 95%][0m
2025-02-28T15:25:31.2421003Z tests/test_style.py::test_set_multiple_properties[Style] [32mPASSED[0m[32m          [ 95%][0m
2025-02-28T15:25:31.2439312Z tests/test_style.py::test_set_multiple_properties[DeprecatedStyle] [32mPASSED[0m[32m [ 96%][0m
2025-02-28T15:25:31.2457490Z tests/test_style.py::test_str[Style] [32mPASSED[0m[32m                              [ 96%][0m
2025-02-28T15:25:31.2476182Z tests/test_style.py::test_str[DeprecatedStyle] [32mPASSED[0m[32m                    [ 96%][0m
2025-02-28T15:25:31.2499195Z tests/test_style.py::test_dict[Style] [32mPASSED[0m[32m                             [ 96%][0m
2025-02-28T15:25:31.2523808Z tests/test_style.py::test_dict[DeprecatedStyle] [32mPASSED[0m[32m                   [ 96%][0m
2025-02-28T15:25:31.2551313Z tests/test_style.py::test_set_to_initial[Style] [32mPASSED[0m[32m                   [ 96%][0m
2025-02-28T15:25:31.2577976Z tests/test_style.py::test_set_to_initial[DeprecatedStyle] [32mPASSED[0m[32m         [ 97%][0m
2025-02-28T15:25:31.2605516Z tests/test_style.py::test_union_operators[True-Style] [32mPASSED[0m[32m             [ 97%][0m
2025-02-28T15:25:31.2632848Z tests/test_style.py::test_union_operators[True-DeprecatedStyle] [32mPASSED[0m[32m   [ 97%][0m
2025-02-28T15:25:31.2655563Z tests/test_style.py::test_union_operators[False-Style] [32mPASSED[0m[32m            [ 97%][0m
2025-02-28T15:25:31.2679851Z tests/test_style.py::test_union_operators[False-DeprecatedStyle] [32mPASSED[0m[32m  [ 97%][0m
2025-02-28T15:25:31.2701212Z tests/test_style.py::test_union_operators_invalid_type[Style-StyleSubclass] [32mPASSED[0m[32m [ 97%][0m
2025-02-28T15:25:31.2717061Z tests/test_style.py::test_union_operators_invalid_type[Style-Sibling] [32mPASSED[0m[32m [ 97%][0m
2025-02-28T15:25:31.2732851Z tests/test_style.py::test_union_operators_invalid_type[Style-int] [32mPASSED[0m[32m [ 98%][0m
2025-02-28T15:25:31.2748394Z tests/test_style.py::test_union_operators_invalid_type[Style-list] [32mPASSED[0m[32m [ 98%][0m
2025-02-28T15:25:31.2766108Z tests/test_style.py::test_union_operators_invalid_type[DeprecatedStyle-DeprecatedStyleSubclass] [32mPASSED[0m[32m [ 98%][0m
2025-02-28T15:25:31.2781924Z tests/test_style.py::test_union_operators_invalid_type[DeprecatedStyle-Sibling] [32mPASSED[0m[32m [ 98%][0m
2025-02-28T15:25:31.2797231Z tests/test_style.py::test_union_operators_invalid_type[DeprecatedStyle-int] [32mPASSED[0m[32m [ 98%][0m
2025-02-28T15:25:31.2813205Z tests/test_style.py::test_union_operators_invalid_type[DeprecatedStyle-list] [32mPASSED[0m[32m [ 98%][0m
2025-02-28T15:25:31.2832590Z tests/test_style.py::test_union_operators_invalid_key_value[right0-ValueError-Style] [32mPASSED[0m[32m [ 99%][0m
2025-02-28T15:25:31.2851151Z tests/test_style.py::test_union_operators_invalid_key_value[right0-ValueError-DeprecatedStyle] [32mPASSED[0m[32m [ 99%][0m
2025-02-28T15:25:31.2869851Z tests/test_style.py::test_union_operators_invalid_key_value[right1-NameError-Style] [32mPASSED[0m[32m [ 99%][0m
2025-02-28T15:25:31.2888115Z tests/test_style.py::test_union_operators_invalid_key_value[right1-NameError-DeprecatedStyle] [32mPASSED[0m[32m [ 99%][0m
2025-02-28T15:25:31.2901841Z tests/test_style.py::test_deprecated_class_methods [32mPASSED[0m[32m                [ 99%][0m
2025-02-28T15:25:31.2917777Z tests/test_style.py::test_deprecated_reapply [32mPASSED[0m[32m                      [ 99%][0m
2025-02-28T15:25:31.2961843Z tests/test_style.py::test_deprecated_import [32mPASSED[0m[32m                       [100%][0m
2025-02-28T15:25:31.2962602Z 
2025-02-28T15:25:31.2963118Z [32m============================= [32m[1m645 passed[0m[32m in 1.74s[0m[32m ==============================[0m
2025-02-28T15:25:31.3757497Z   py-cov-trav: OK (6.39=setup[0.83]+cmd[3.33,2.23] seconds)
2025-02-28T15:25:31.3758101Z   congratulations :) (6.54 seconds)
2025-02-28T15:25:32.3616087Z Python 3.11.11
2025-02-28T15:25:32.8934967Z Looking in links: ../dist
2025-02-28T15:25:32.8984078Z Processing /home/runner/work/toga/toga/dist/toga_core-0.4.9.dev629+g68266e24a-py3-none-any.whl (from toga-core==0.4.9.dev629+g68266e24a)
2025-02-28T15:25:32.9060277Z Processing /home/runner/work/toga/toga/dist/toga_dummy-0.4.9.dev629+g68266e24a-py3-none-any.whl
2025-02-28T15:25:32.9550394Z Processing /home/runner/work/toga/toga/dist/travertino-0.4.9.dev629+g68266e24a-py3-none-any.whl (from toga-core==0.4.9.dev629+g68266e24a->toga-core==0.4.9.dev629+g68266e24a)
2025-02-28T15:25:33.1501964Z Collecting coverage==7.6.12 (from coverage[toml]==7.6.12; extra == "dev"->toga-core==0.4.9.dev629+g68266e24a->toga-core==0.4.9.dev629+g68266e24a)
2025-02-28T15:25:33.1515677Z   Using cached coverage-7.6.12-cp311-cp311-manylinux_2_5_x86_64.manylinux1_x86_64.manylinux_2_17_x86_64.manylinux2014_x86_64.whl.metadata (8.5 kB)
2025-02-28T15:25:33.1669159Z Collecting coverage-conditional-plugin==0.9.0 (from toga-core==0.4.9.dev629+g68266e24a->toga-core==0.4.9.dev629+g68266e24a)
2025-02-28T15:25:33.1680280Z   Using cached coverage_conditional_plugin-0.9.0-py3-none-any.whl.metadata (6.9 kB)
2025-02-28T15:25:33.2737488Z Collecting Pillow==11.1.0 (from toga-core==0.4.9.dev629+g68266e24a->toga-core==0.4.9.dev629+g68266e24a)
2025-02-28T15:25:33.2750170Z   Using cached pillow-11.1.0-cp311-cp311-manylinux_2_28_x86_64.whl.metadata (9.1 kB)
2025-02-28T15:25:33.3051951Z Collecting pre-commit==4.1.0 (from toga-core==0.4.9.dev629+g68266e24a->toga-core==0.4.9.dev629+g68266e24a)
2025-02-28T15:25:33.3062919Z   Using cached pre_commit-4.1.0-py2.py3-none-any.whl.metadata (1.3 kB)
2025-02-28T15:25:33.3327677Z Collecting pytest==8.3.4 (from toga-core==0.4.9.dev629+g68266e24a->toga-core==0.4.9.dev629+g68266e24a)
2025-02-28T15:25:33.3338037Z   Using cached pytest-8.3.4-py3-none-any.whl.metadata (7.5 kB)
2025-02-28T15:25:33.3495664Z Collecting pytest-asyncio==0.25.3 (from toga-core==0.4.9.dev629+g68266e24a->toga-core==0.4.9.dev629+g68266e24a)
2025-02-28T15:25:33.3505414Z   Using cached pytest_asyncio-0.25.3-py3-none-any.whl.metadata (3.9 kB)
2025-02-28T15:25:33.3583156Z Collecting pytest-freezer==0.4.9 (from toga-core==0.4.9.dev629+g68266e24a->toga-core==0.4.9.dev629+g68266e24a)
2025-02-28T15:25:33.3593322Z   Using cached pytest_freezer-0.4.9-py3-none-any.whl.metadata (2.1 kB)
2025-02-28T15:25:33.3795518Z Collecting setuptools-scm==8.1.0 (from toga-core==0.4.9.dev629+g68266e24a->toga-core==0.4.9.dev629+g68266e24a)
2025-02-28T15:25:33.3805066Z   Using cached setuptools_scm-8.1.0-py3-none-any.whl.metadata (6.6 kB)
2025-02-28T15:25:33.4269906Z Collecting tox==4.24.1 (from toga-core==0.4.9.dev629+g68266e24a->toga-core==0.4.9.dev629+g68266e24a)
2025-02-28T15:25:33.4280482Z   Using cached tox-4.24.1-py3-none-any.whl.metadata (3.7 kB)
2025-02-28T15:25:33.4497315Z Collecting packaging>=20.4 (from coverage-conditional-plugin==0.9.0->toga-core==0.4.9.dev629+g68266e24a->toga-core==0.4.9.dev629+g68266e24a)
2025-02-28T15:25:33.4507386Z   Using cached packaging-24.2-py3-none-any.whl.metadata (3.2 kB)
2025-02-28T15:25:33.4611995Z Collecting cfgv>=2.0.0 (from pre-commit==4.1.0->toga-core==0.4.9.dev629+g68266e24a->toga-core==0.4.9.dev629+g68266e24a)
2025-02-28T15:25:33.4621967Z   Using cached cfgv-3.4.0-py2.py3-none-any.whl.metadata (8.5 kB)
2025-02-28T15:25:33.4940267Z Collecting identify>=1.0.0 (from pre-commit==4.1.0->toga-core==0.4.9.dev629+g68266e24a->toga-core==0.4.9.dev629+g68266e24a)
2025-02-28T15:25:33.4949645Z   Using cached identify-2.6.8-py2.py3-none-any.whl.metadata (4.4 kB)
2025-02-28T15:25:33.5126227Z Collecting nodeenv>=0.11.1 (from pre-commit==4.1.0->toga-core==0.4.9.dev629+g68266e24a->toga-core==0.4.9.dev629+g68266e24a)
2025-02-28T15:25:33.5135571Z   Using cached nodeenv-1.9.1-py2.py3-none-any.whl.metadata (21 kB)
2025-02-28T15:25:33.5382297Z Collecting pyyaml>=5.1 (from pre-commit==4.1.0->toga-core==0.4.9.dev629+g68266e24a->toga-core==0.4.9.dev629+g68266e24a)
2025-02-28T15:25:33.5392093Z   Using cached PyYAML-6.0.2-cp311-cp311-manylinux_2_17_x86_64.manylinux2014_x86_64.whl.metadata (2.1 kB)
2025-02-28T15:25:33.5715695Z Collecting virtualenv>=20.10.0 (from pre-commit==4.1.0->toga-core==0.4.9.dev629+g68266e24a->toga-core==0.4.9.dev629+g68266e24a)
2025-02-28T15:25:33.5725213Z   Using cached virtualenv-20.29.2-py3-none-any.whl.metadata (4.5 kB)
2025-02-28T15:25:33.5830372Z Collecting iniconfig (from pytest==8.3.4->toga-core==0.4.9.dev629+g68266e24a->toga-core==0.4.9.dev629+g68266e24a)
2025-02-28T15:25:33.5839454Z   Using cached iniconfig-2.0.0-py3-none-any.whl.metadata (2.6 kB)
2025-02-28T15:25:33.5934861Z Collecting pluggy<2,>=1.5 (from pytest==8.3.4->toga-core==0.4.9.dev629+g68266e24a->toga-core==0.4.9.dev629+g68266e24a)
2025-02-28T15:25:33.5944931Z   Using cached pluggy-1.5.0-py3-none-any.whl.metadata (4.8 kB)
2025-02-28T15:25:33.6262137Z Collecting freezegun>=1.1 (from pytest-freezer==0.4.9->toga-core==0.4.9.dev629+g68266e24a->toga-core==0.4.9.dev629+g68266e24a)
2025-02-28T15:25:33.6271987Z   Using cached freezegun-1.5.1-py3-none-any.whl.metadata (11 kB)
2025-02-28T15:25:33.6333585Z Requirement already satisfied: setuptools in /home/runner/work/toga/toga/.tox/coverage311-trav/lib/python3.11/site-packages (from setuptools-scm==8.1.0->toga-core==0.4.9.dev629+g68266e24a->toga-core==0.4.9.dev629+g68266e24a) (75.8.0)
2025-02-28T15:25:33.6491637Z Collecting cachetools>=5.5 (from tox==4.24.1->toga-core==0.4.9.dev629+g68266e24a->toga-core==0.4.9.dev629+g68266e24a)
2025-02-28T15:25:33.6501932Z   Using cached cachetools-5.5.2-py3-none-any.whl.metadata (5.4 kB)
2025-02-28T15:25:33.6579107Z Collecting chardet>=5.2 (from tox==4.24.1->toga-core==0.4.9.dev629+g68266e24a->toga-core==0.4.9.dev629+g68266e24a)
2025-02-28T15:25:33.6588438Z   Using cached chardet-5.2.0-py3-none-any.whl.metadata (3.4 kB)
2025-02-28T15:25:33.6698585Z Collecting colorama>=0.4.6 (from tox==4.24.1->toga-core==0.4.9.dev629+g68266e24a->toga-core==0.4.9.dev629+g68266e24a)
2025-02-28T15:25:33.6707964Z   Using cached colorama-0.4.6-py2.py3-none-any.whl.metadata (17 kB)
2025-02-28T15:25:33.6854873Z Collecting filelock>=3.16.1 (from tox==4.24.1->toga-core==0.4.9.dev629+g68266e24a->toga-core==0.4.9.dev629+g68266e24a)
2025-02-28T15:25:33.6864412Z   Using cached filelock-3.17.0-py3-none-any.whl.metadata (2.9 kB)
2025-02-28T15:25:33.7031125Z Collecting platformdirs>=4.3.6 (from tox==4.24.1->toga-core==0.4.9.dev629+g68266e24a->toga-core==0.4.9.dev629+g68266e24a)
2025-02-28T15:25:33.7040506Z   Using cached platformdirs-4.3.6-py3-none-any.whl.metadata (11 kB)
2025-02-28T15:25:33.7148098Z Collecting pyproject-api>=1.8 (from tox==4.24.1->toga-core==0.4.9.dev629+g68266e24a->toga-core==0.4.9.dev629+g68266e24a)
2025-02-28T15:25:33.7157540Z   Using cached pyproject_api-1.9.0-py3-none-any.whl.metadata (2.7 kB)
2025-02-28T15:25:33.7414019Z Collecting python-dateutil>=2.7 (from freezegun>=1.1->pytest-freezer==0.4.9->toga-core==0.4.9.dev629+g68266e24a->toga-core==0.4.9.dev629+g68266e24a)
2025-02-28T15:25:33.7425418Z   Using cached python_dateutil-2.9.0.post0-py2.py3-none-any.whl.metadata (8.4 kB)
2025-02-28T15:25:33.7651299Z Collecting distlib<1,>=0.3.7 (from virtualenv>=20.10.0->pre-commit==4.1.0->toga-core==0.4.9.dev629+g68266e24a->toga-core==0.4.9.dev629+g68266e24a)
2025-02-28T15:25:33.7661109Z   Using cached distlib-0.3.9-py2.py3-none-any.whl.metadata (5.2 kB)
2025-02-28T15:25:33.7965066Z Collecting six>=1.5 (from python-dateutil>=2.7->freezegun>=1.1->pytest-freezer==0.4.9->toga-core==0.4.9.dev629+g68266e24a->toga-core==0.4.9.dev629+g68266e24a)
2025-02-28T15:25:33.7975066Z   Using cached six-1.17.0-py2.py3-none-any.whl.metadata (1.7 kB)
2025-02-28T15:25:33.8033272Z Using cached coverage-7.6.12-cp311-cp311-manylinux_2_5_x86_64.manylinux1_x86_64.manylinux_2_17_x86_64.manylinux2014_x86_64.whl (241 kB)
2025-02-28T15:25:33.8045013Z Using cached coverage_conditional_plugin-0.9.0-py3-none-any.whl (7.3 kB)
2025-02-28T15:25:33.8055910Z Using cached pillow-11.1.0-cp311-cp311-manylinux_2_28_x86_64.whl (4.5 MB)
2025-02-28T15:25:33.8101038Z Using cached pre_commit-4.1.0-py2.py3-none-any.whl (220 kB)
2025-02-28T15:25:33.8112488Z Using cached pytest-8.3.4-py3-none-any.whl (343 kB)
2025-02-28T15:25:33.8125427Z Using cached pytest_asyncio-0.25.3-py3-none-any.whl (19 kB)
2025-02-28T15:25:33.8136136Z Using cached pytest_freezer-0.4.9-py3-none-any.whl (3.2 kB)
2025-02-28T15:25:33.8145965Z Using cached setuptools_scm-8.1.0-py3-none-any.whl (43 kB)
2025-02-28T15:25:33.8156371Z Using cached tox-4.24.1-py3-none-any.whl (171 kB)
2025-02-28T15:25:33.8167499Z Using cached cachetools-5.5.2-py3-none-any.whl (10 kB)
2025-02-28T15:25:33.8177560Z Using cached cfgv-3.4.0-py2.py3-none-any.whl (7.2 kB)
2025-02-28T15:25:33.8189428Z Using cached chardet-5.2.0-py3-none-any.whl (199 kB)
2025-02-28T15:25:33.8200880Z Using cached colorama-0.4.6-py2.py3-none-any.whl (25 kB)
2025-02-28T15:25:33.8211158Z Using cached filelock-3.17.0-py3-none-any.whl (16 kB)
2025-02-28T15:25:33.8221482Z Using cached freezegun-1.5.1-py3-none-any.whl (17 kB)
2025-02-28T15:25:33.8231680Z Using cached identify-2.6.8-py2.py3-none-any.whl (99 kB)
2025-02-28T15:25:33.8242547Z Using cached nodeenv-1.9.1-py2.py3-none-any.whl (22 kB)
2025-02-28T15:25:33.8252888Z Using cached packaging-24.2-py3-none-any.whl (65 kB)
2025-02-28T15:25:33.8263888Z Using cached platformdirs-4.3.6-py3-none-any.whl (18 kB)
2025-02-28T15:25:33.8273741Z Using cached pluggy-1.5.0-py3-none-any.whl (20 kB)
2025-02-28T15:25:33.8283047Z Using cached pyproject_api-1.9.0-py3-none-any.whl (13 kB)
2025-02-28T15:25:33.8294066Z Using cached PyYAML-6.0.2-cp311-cp311-manylinux_2_17_x86_64.manylinux2014_x86_64.whl (762 kB)
2025-02-28T15:25:33.8309376Z Using cached virtualenv-20.29.2-py3-none-any.whl (4.3 MB)
2025-02-28T15:25:33.8353620Z Using cached iniconfig-2.0.0-py3-none-any.whl (5.9 kB)
2025-02-28T15:25:33.8363350Z Using cached distlib-0.3.9-py2.py3-none-any.whl (468 kB)
2025-02-28T15:25:33.8377187Z Using cached python_dateutil-2.9.0.post0-py2.py3-none-any.whl (229 kB)
2025-02-28T15:25:33.8388706Z Using cached six-1.17.0-py2.py3-none-any.whl (11 kB)
2025-02-28T15:25:33.9015386Z Installing collected packages: distlib, travertino, six, pyyaml, pluggy, platformdirs, Pillow, packaging, nodeenv, iniconfig, identify, filelock, coverage, colorama, chardet, cfgv, cachetools, virtualenv, toga-core, setuptools-scm, python-dateutil, pytest, pyproject-api, coverage-conditional-plugin, tox, toga-dummy, pytest-asyncio, pre-commit, freezegun, pytest-freezer
2025-02-28T15:25:35.4530127Z Successfully installed Pillow-11.1.0 cachetools-5.5.2 cfgv-3.4.0 chardet-5.2.0 colorama-0.4.6 coverage-7.6.12 coverage-conditional-plugin-0.9.0 distlib-0.3.9 filelock-3.17.0 freezegun-1.5.1 identify-2.6.8 iniconfig-2.0.0 nodeenv-1.9.1 packaging-24.2 platformdirs-4.3.6 pluggy-1.5.0 pre-commit-4.1.0 pyproject-api-1.9.0 pytest-8.3.4 pytest-asyncio-0.25.3 pytest-freezer-0.4.9 python-dateutil-2.9.0.post0 pyyaml-6.0.2 setuptools-scm-8.1.0 six-1.17.0 toga-core-0.4.9.dev629+g68266e24a toga-dummy-0.4.9.dev629+g68266e24a tox-4.24.1 travertino-0.4.9.dev629+g68266e24a virtualenv-20.29.2
2025-02-28T15:25:35.6246532Z Combined data file .coverage.fv-az1704-861.2171.XYlDgobx
2025-02-28T15:25:35.9646897Z Name    Stmts   Miss Branch BrPart   Cover   Missing
2025-02-28T15:25:35.9647986Z ----------------------------------------------------
2025-02-28T15:25:35.9648731Z TOTAL     871      0    180      0  100.0%
2025-02-28T15:25:35.9649384Z 
2025-02-28T15:25:35.9649601Z 13 files skipped due to complete coverage.
2025-02-28T15:25:35.9957079Z   coverage311-trav: OK (4.32 seconds)
2025-02-28T15:25:35.9957496Z   congratulations :) (4.44 seconds)
2025-02-28T15:25:36.0367462Z ##[group]Run actions/upload-artifact@v4.6.1
2025-02-28T15:25:36.0367762Z with:
2025-02-28T15:25:36.0367995Z   name: travertino-coverage-data-ubuntu-latest-3.11
2025-02-28T15:25:36.0368294Z   path: travertino/.coverage.*
2025-02-28T15:25:36.0368527Z   if-no-files-found: error
2025-02-28T15:25:36.0368745Z   include-hidden-files: true
2025-02-28T15:25:36.0369223Z   compression-level: 6
2025-02-28T15:25:36.0369421Z   overwrite: false
2025-02-28T15:25:36.0369594Z env:
2025-02-28T15:25:36.0369762Z   min_python_version: 3.9
2025-02-28T15:25:36.0369968Z   max_python_version: 3.12
2025-02-28T15:25:36.0370184Z   FORCE_COLOR: 1
2025-02-28T15:25:36.0370434Z   pythonLocation: /opt/hostedtoolcache/Python/3.11.11/x64
2025-02-28T15:25:36.0370844Z   PKG_CONFIG_PATH: /opt/hostedtoolcache/Python/3.11.11/x64/lib/pkgconfig
2025-02-28T15:25:36.0371253Z   Python_ROOT_DIR: /opt/hostedtoolcache/Python/3.11.11/x64
2025-02-28T15:25:36.0371607Z   Python2_ROOT_DIR: /opt/hostedtoolcache/Python/3.11.11/x64
2025-02-28T15:25:36.0371994Z   Python3_ROOT_DIR: /opt/hostedtoolcache/Python/3.11.11/x64
2025-02-28T15:25:36.0372351Z   LD_LIBRARY_PATH: /opt/hostedtoolcache/Python/3.11.11/x64/lib
2025-02-28T15:25:36.0372642Z ##[endgroup]
2025-02-28T15:25:36.2520954Z With the provided path, there will be 1 file uploaded
2025-02-28T15:25:36.2529762Z Artifact name is valid!
2025-02-28T15:25:36.2530150Z Root directory input is valid!
2025-02-28T15:25:36.3583713Z Beginning upload of artifact content to blob storage
2025-02-28T15:25:36.4363253Z Uploaded bytes 30072
2025-02-28T15:25:36.4533520Z Finished uploading artifact content to blob storage!
2025-02-28T15:25:36.4536667Z SHA256 hash of uploaded artifact zip is d7f89f567edcc86f7751d822dc97bca4773dfab53088983802b3dcc8e11ddfd7
2025-02-28T15:25:36.4538123Z Finalizing artifact upload
2025-02-28T15:25:36.5341411Z Artifact travertino-coverage-data-ubuntu-latest-3.11.zip successfully finalized. Artifact ID 2671292287
2025-02-28T15:25:36.5344191Z Artifact travertino-coverage-data-ubuntu-latest-3.11 has been successfully uploaded! Final size is 30072 bytes. Artifact ID is 2671292287
2025-02-28T15:25:36.5348491Z Artifact download URL: https://github.com/beeware/toga/actions/runs/13591189051/artifacts/2671292287
2025-02-28T15:25:36.5474143Z Post job cleanup.
2025-02-28T15:25:36.5512939Z Post job cleanup.
2025-02-28T15:25:36.6461246Z [command]/usr/bin/git version
2025-02-28T15:25:36.6503148Z git version 2.48.1
2025-02-28T15:25:36.6547856Z Temporarily overriding HOME='/home/runner/work/_temp/584399ae-13b5-4da5-bb5a-97910e14d5c0' before making global git config changes
2025-02-28T15:25:36.6549351Z Adding repository directory to the temporary git global config as a safe directory
2025-02-28T15:25:36.6561444Z [command]/usr/bin/git config --global --add safe.directory /home/runner/work/toga/toga/.github-beeware
2025-02-28T15:25:36.6598629Z [command]/usr/bin/git config --local --name-only --get-regexp core\.sshCommand
2025-02-28T15:25:36.6632534Z [command]/usr/bin/git submodule foreach --recursive sh -c "git config --local --name-only --get-regexp 'core\.sshCommand' && git config --local --unset-all 'core.sshCommand' || :"
2025-02-28T15:25:36.6891452Z [command]/usr/bin/git config --local --name-only --get-regexp http\.https\:\/\/github\.com\/\.extraheader
2025-02-28T15:25:36.6915655Z http.https://github.com/.extraheader
2025-02-28T15:25:36.6928280Z [command]/usr/bin/git config --local --unset-all http.https://github.com/.extraheader
2025-02-28T15:25:36.6962957Z [command]/usr/bin/git submodule foreach --recursive sh -c "git config --local --name-only --get-regexp 'http\.https\:\/\/github\.com\/\.extraheader' && git config --local --unset-all 'http.https://github.com/.extraheader' || :"
2025-02-28T15:25:36.7347833Z Post job cleanup.
2025-02-28T15:25:36.9061874Z Post job cleanup.
2025-02-28T15:25:36.9998337Z [command]/usr/bin/git version
2025-02-28T15:25:37.0040684Z git version 2.48.1
2025-02-28T15:25:37.0091425Z Temporarily overriding HOME='/home/runner/work/_temp/8020916d-b181-4ca0-aa63-1b45696b8d45' before making global git config changes
2025-02-28T15:25:37.0092705Z Adding repository directory to the temporary git global config as a safe directory
2025-02-28T15:25:37.0097200Z [command]/usr/bin/git config --global --add safe.directory /home/runner/work/toga/toga
2025-02-28T15:25:37.0135658Z [command]/usr/bin/git config --local --name-only --get-regexp core\.sshCommand
2025-02-28T15:25:37.0169796Z [command]/usr/bin/git submodule foreach --recursive sh -c "git config --local --name-only --get-regexp 'core\.sshCommand' && git config --local --unset-all 'core.sshCommand' || :"
2025-02-28T15:25:37.0407642Z [command]/usr/bin/git config --local --name-only --get-regexp http\.https\:\/\/github\.com\/\.extraheader
2025-02-28T15:25:37.0429348Z http.https://github.com/.extraheader
2025-02-28T15:25:37.0442702Z [command]/usr/bin/git config --local --unset-all http.https://github.com/.extraheader
2025-02-28T15:25:37.0474177Z [command]/usr/bin/git submodule foreach --recursive sh -c "git config --local --name-only --get-regexp 'http\.https\:\/\/github\.com\/\.extraheader' && git config --local --unset-all 'http.https://github.com/.extraheader' || :"
2025-02-28T15:25:37.0811120Z Cleaning up orphan processes
