2025-02-28T15:25:13.6762975Z Current runner version: '2.322.0'
2025-02-28T15:25:13.6790006Z ##[group]Operating System
2025-02-28T15:25:13.6790772Z Ubuntu
2025-02-28T15:25:13.6791399Z 24.04.2
2025-02-28T15:25:13.6791904Z LTS
2025-02-28T15:25:13.6792418Z ##[endgroup]
2025-02-28T15:25:13.6792968Z ##[group]Runner Image
2025-02-28T15:25:13.6793508Z Image: ubuntu-24.04
2025-02-28T15:25:13.6794084Z Version: 20250223.1.0
2025-02-28T15:25:13.6795151Z Included Software: https://github.com/actions/runner-images/blob/ubuntu24/20250223.1/images/ubuntu/Ubuntu2404-Readme.md
2025-02-28T15:25:13.6796552Z Image Release: https://github.com/actions/runner-images/releases/tag/ubuntu24%2F20250223.1
2025-02-28T15:25:13.6797780Z ##[endgroup]
2025-02-28T15:25:13.6798335Z ##[group]Runner Image Provisioner
2025-02-28T15:25:13.6798910Z 2.0.422.1
2025-02-28T15:25:13.6799465Z ##[endgroup]
2025-02-28T15:25:13.6801574Z ##[group]GITHUB_TOKEN Permissions
2025-02-28T15:25:13.6803896Z Actions: read
2025-02-28T15:25:13.6804662Z Attestations: read
2025-02-28T15:25:13.6805413Z Checks: read
2025-02-28T15:25:13.6805918Z Contents: read
2025-02-28T15:25:13.6806489Z Deployments: read
2025-02-28T15:25:13.6807002Z Discussions: read
2025-02-28T15:25:13.6807886Z Issues: read
2025-02-28T15:25:13.6808444Z Metadata: read
2025-02-28T15:25:13.6808971Z Packages: read
2025-02-28T15:25:13.6809462Z Pages: read
2025-02-28T15:25:13.6810035Z PullRequests: read
2025-02-28T15:25:13.6810598Z RepositoryProjects: read
2025-02-28T15:25:13.6811183Z SecurityEvents: read
2025-02-28T15:25:13.6811757Z Statuses: read
2025-02-28T15:25:13.6812231Z ##[endgroup]
2025-02-28T15:25:13.6815586Z Secret source: None
2025-02-28T15:25:13.6816679Z Prepare workflow directory
2025-02-28T15:25:13.7294728Z Prepare all required actions
2025-02-28T15:25:13.7331451Z Getting action download info
2025-02-28T15:25:13.9229369Z Download action repository 'actions/checkout@v4.2.2' (SHA:11bd71901bbe5b1630ceea73d27597364c9af683)
2025-02-28T15:25:14.0130903Z Download action repository 'actions/setup-python@v5.4.0' (SHA:42375524e23c412d93fb67b49958b491fce71c38)
2025-02-28T15:25:14.1102825Z Download action repository 'beeware/.github@main' (SHA:a66b93162808d34adf5280c28104b75f8e0d70d3)
2025-02-28T15:25:14.3540558Z Download action repository 'actions/download-artifact@v4.1.8' (SHA:fa0a91b85d4f404e444e00e005971372dc801d16)
2025-02-28T15:25:14.6000758Z Download action repository 'actions/upload-artifact@v4.6.1' (SHA:4cec3d8aa04e39d1a68397de0c4cd6fb9dce8ec1)
2025-02-28T15:25:14.9518214Z Getting action download info
2025-02-28T15:25:15.0429067Z Download action repository 'actions/checkout@v4.1.6' (SHA:a5ac7e51b41094c92402da3b24376905380afc29)
2025-02-28T15:25:15.1405157Z Complete job name: Test travertino (ubuntu-latest, 3.12)
2025-02-28T15:25:15.2203142Z ##[group]Run actions/checkout@v4.2.2
2025-02-28T15:25:15.2204029Z with:
2025-02-28T15:25:15.2204417Z   fetch-depth: 0
2025-02-28T15:25:15.2204833Z   repository: beeware/toga
2025-02-28T15:25:15.2205471Z   token: ***
2025-02-28T15:25:15.2205867Z   ssh-strict: true
2025-02-28T15:25:15.2206262Z   ssh-user: git
2025-02-28T15:25:15.2206694Z   persist-credentials: true
2025-02-28T15:25:15.2207146Z   clean: true
2025-02-28T15:25:15.2207736Z   sparse-checkout-cone-mode: true
2025-02-28T15:25:15.2208246Z   fetch-tags: false
2025-02-28T15:25:15.2208650Z   show-progress: true
2025-02-28T15:25:15.2209052Z   lfs: false
2025-02-28T15:25:15.2209452Z   submodules: false
2025-02-28T15:25:15.2209856Z   set-safe-directory: true
2025-02-28T15:25:15.2210543Z env:
2025-02-28T15:25:15.2210927Z   min_python_version: 3.9
2025-02-28T15:25:15.2211389Z   max_python_version: 3.12
2025-02-28T15:25:15.2211819Z   FORCE_COLOR: 1
2025-02-28T15:25:15.2212208Z ##[endgroup]
2025-02-28T15:25:15.4080357Z Syncing repository: beeware/toga
2025-02-28T15:25:15.4082121Z ##[group]Getting Git version info
2025-02-28T15:25:15.4082773Z Working directory is '/home/runner/work/toga/toga'
2025-02-28T15:25:15.4083662Z [command]/usr/bin/git version
2025-02-28T15:25:15.4131809Z git version 2.48.1
2025-02-28T15:25:15.4160092Z ##[endgroup]
2025-02-28T15:25:15.4173874Z Temporarily overriding HOME='/home/runner/work/_temp/a22a8ffe-f1cc-467e-860b-7773fd8b618d' before making global git config changes
2025-02-28T15:25:15.4175235Z Adding repository directory to the temporary git global config as a safe directory
2025-02-28T15:25:15.4179309Z [command]/usr/bin/git config --global --add safe.directory /home/runner/work/toga/toga
2025-02-28T15:25:15.4218370Z Deleting the contents of '/home/runner/work/toga/toga'
2025-02-28T15:25:15.4222534Z ##[group]Initializing the repository
2025-02-28T15:25:15.4226589Z [command]/usr/bin/git init /home/runner/work/toga/toga
2025-02-28T15:25:15.4291771Z hint: Using 'master' as the name for the initial branch. This default branch name
2025-02-28T15:25:15.4293222Z hint: is subject to change. To configure the initial branch name to use in all
2025-02-28T15:25:15.4294736Z hint: of your new repositories, which will suppress this warning, call:
2025-02-28T15:25:15.4295923Z hint:
2025-02-28T15:25:15.4296791Z hint: 	git config --global init.defaultBranch <name>
2025-02-28T15:25:15.4298044Z hint:
2025-02-28T15:25:15.4299006Z hint: Names commonly chosen instead of 'master' are 'main', 'trunk' and
2025-02-28T15:25:15.4300125Z hint: 'development'. The just-created branch can be renamed via this command:
2025-02-28T15:25:15.4300826Z hint:
2025-02-28T15:25:15.4301202Z hint: 	git branch -m <name>
2025-02-28T15:25:15.4301864Z Initialized empty Git repository in /home/runner/work/toga/toga/.git/
2025-02-28T15:25:15.4309430Z [command]/usr/bin/git remote add origin https://github.com/beeware/toga
2025-02-28T15:25:15.4343049Z ##[endgroup]
2025-02-28T15:25:15.4343771Z ##[group]Disabling automatic garbage collection
2025-02-28T15:25:15.4347068Z [command]/usr/bin/git config --local gc.auto 0
2025-02-28T15:25:15.4376021Z ##[endgroup]
2025-02-28T15:25:15.4376692Z ##[group]Setting up auth
2025-02-28T15:25:15.4382996Z [command]/usr/bin/git config --local --name-only --get-regexp core\.sshCommand
2025-02-28T15:25:15.4417002Z [command]/usr/bin/git submodule foreach --recursive sh -c "git config --local --name-only --get-regexp 'core\.sshCommand' && git config --local --unset-all 'core.sshCommand' || :"
2025-02-28T15:25:15.4713705Z [command]/usr/bin/git config --local --name-only --get-regexp http\.https\:\/\/github\.com\/\.extraheader
2025-02-28T15:25:15.4744781Z [command]/usr/bin/git submodule foreach --recursive sh -c "git config --local --name-only --get-regexp 'http\.https\:\/\/github\.com\/\.extraheader' && git config --local --unset-all 'http.https://github.com/.extraheader' || :"
2025-02-28T15:25:15.4983456Z [command]/usr/bin/git config --local http.https://github.com/.extraheader AUTHORIZATION: basic ***
2025-02-28T15:25:15.5025701Z ##[endgroup]
2025-02-28T15:25:15.5027069Z ##[group]Fetching the repository
2025-02-28T15:25:15.5036555Z [command]/usr/bin/git -c protocol.version=2 fetch --prune --no-recurse-submodules origin +refs/heads/*:refs/remotes/origin/* +refs/tags/*:refs/tags/* +68266e24a68fb42fbbeefb9a1fc4181dfda30fbe:refs/remotes/pull/3217/merge
2025-02-28T15:25:17.5674218Z From https://github.com/beeware/toga
2025-02-28T15:25:17.5677117Z  * [new branch]          main         -> origin/main
2025-02-28T15:25:17.5679511Z  * [new branch]          pre-0.5      -> origin/pre-0.5
2025-02-28T15:25:17.5681294Z  * [new tag]             0.2.6        -> 0.2.6
2025-02-28T15:25:17.5682789Z  * [new tag]             v0.0.1rc1    -> v0.0.1rc1
2025-02-28T15:25:17.5684343Z  * [new tag]             v0.0.1rc10   -> v0.0.1rc10
2025-02-28T15:25:17.5685926Z  * [new tag]             v0.0.1rc5    -> v0.0.1rc5
2025-02-28T15:25:17.5687764Z  * [new tag]             v0.0.1rc6    -> v0.0.1rc6
2025-02-28T15:25:17.5689304Z  * [new tag]             v0.1.0       -> v0.1.0
2025-02-28T15:25:17.5690843Z  * [new tag]             v0.1.1       -> v0.1.1
2025-02-28T15:25:17.5692317Z  * [new tag]             v0.1.2       -> v0.1.2
2025-02-28T15:25:17.5693799Z  * [new tag]             v0.2.0       -> v0.2.0
2025-02-28T15:25:17.5695292Z  * [new tag]             v0.2.0.dev1  -> v0.2.0.dev1
2025-02-28T15:25:17.5697509Z  * [new tag]             v0.2.1       -> v0.2.1
2025-02-28T15:25:17.5699291Z  * [new tag]             v0.2.10      -> v0.2.10
2025-02-28T15:25:17.5701089Z  * [new tag]             v0.2.11      -> v0.2.11
2025-02-28T15:25:17.5702737Z  * [new tag]             v0.2.12      -> v0.2.12
2025-02-28T15:25:17.5704377Z  * [new tag]             v0.2.13      -> v0.2.13
2025-02-28T15:25:17.5706050Z  * [new tag]             v0.2.14      -> v0.2.14
2025-02-28T15:25:17.5707911Z  * [new tag]             v0.2.15      -> v0.2.15
2025-02-28T15:25:17.5709608Z  * [new tag]             v0.2.2       -> v0.2.2
2025-02-28T15:25:17.5711275Z  * [new tag]             v0.2.3       -> v0.2.3
2025-02-28T15:25:17.5713039Z  * [new tag]             v0.2.4       -> v0.2.4
2025-02-28T15:25:17.5714703Z  * [new tag]             v0.2.5       -> v0.2.5
2025-02-28T15:25:17.5716534Z  * [new tag]             v0.2.6       -> v0.2.6
2025-02-28T15:25:17.5718631Z  * [new tag]             v0.2.7       -> v0.2.7
2025-02-28T15:25:17.5720483Z  * [new tag]             v0.2.8       -> v0.2.8
2025-02-28T15:25:17.5722449Z  * [new tag]             v0.2.9       -> v0.2.9
2025-02-28T15:25:17.5724404Z  * [new tag]             v0.3.0       -> v0.3.0
2025-02-28T15:25:17.5726560Z  * [new tag]             v0.3.0.dev1  -> v0.3.0.dev1
2025-02-28T15:25:17.5729003Z  * [new tag]             v0.3.0.dev10 -> v0.3.0.dev10
2025-02-28T15:25:17.5731070Z  * [new tag]             v0.3.0.dev11 -> v0.3.0.dev11
2025-02-28T15:25:17.5733183Z  * [new tag]             v0.3.0.dev12 -> v0.3.0.dev12
2025-02-28T15:25:17.5735245Z  * [new tag]             v0.3.0.dev13 -> v0.3.0.dev13
2025-02-28T15:25:17.5737517Z  * [new tag]             v0.3.0.dev14 -> v0.3.0.dev14
2025-02-28T15:25:17.5739610Z  * [new tag]             v0.3.0.dev15 -> v0.3.0.dev15
2025-02-28T15:25:17.5741669Z  * [new tag]             v0.3.0.dev16 -> v0.3.0.dev16
2025-02-28T15:25:17.5743719Z  * [new tag]             v0.3.0.dev17 -> v0.3.0.dev17
2025-02-28T15:25:17.5745783Z  * [new tag]             v0.3.0.dev18 -> v0.3.0.dev18
2025-02-28T15:25:17.5748106Z  * [new tag]             v0.3.0.dev19 -> v0.3.0.dev19
2025-02-28T15:25:17.5750220Z  * [new tag]             v0.3.0.dev2  -> v0.3.0.dev2
2025-02-28T15:25:17.5752408Z  * [new tag]             v0.3.0.dev20 -> v0.3.0.dev20
2025-02-28T15:25:17.5754565Z  * [new tag]             v0.3.0.dev21 -> v0.3.0.dev21
2025-02-28T15:25:17.5756693Z  * [new tag]             v0.3.0.dev22 -> v0.3.0.dev22
2025-02-28T15:25:17.5759037Z  * [new tag]             v0.3.0.dev23 -> v0.3.0.dev23
2025-02-28T15:25:17.5761238Z  * [new tag]             v0.3.0.dev24 -> v0.3.0.dev24
2025-02-28T15:25:17.5763355Z  * [new tag]             v0.3.0.dev25 -> v0.3.0.dev25
2025-02-28T15:25:17.5765809Z  * [new tag]             v0.3.0.dev26 -> v0.3.0.dev26
2025-02-28T15:25:17.5768193Z  * [new tag]             v0.3.0.dev27 -> v0.3.0.dev27
2025-02-28T15:25:17.5770372Z  * [new tag]             v0.3.0.dev28 -> v0.3.0.dev28
2025-02-28T15:25:17.5772521Z  * [new tag]             v0.3.0.dev29 -> v0.3.0.dev29
2025-02-28T15:25:17.5774748Z  * [new tag]             v0.3.0.dev3  -> v0.3.0.dev3
2025-02-28T15:25:17.5776940Z  * [new tag]             v0.3.0.dev30 -> v0.3.0.dev30
2025-02-28T15:25:17.5779270Z  * [new tag]             v0.3.0.dev32 -> v0.3.0.dev32
2025-02-28T15:25:17.5781437Z  * [new tag]             v0.3.0.dev33 -> v0.3.0.dev33
2025-02-28T15:25:17.5783553Z  * [new tag]             v0.3.0.dev34 -> v0.3.0.dev34
2025-02-28T15:25:17.5785648Z  * [new tag]             v0.3.0.dev35 -> v0.3.0.dev35
2025-02-28T15:25:17.5787924Z  * [new tag]             v0.3.0.dev36 -> v0.3.0.dev36
2025-02-28T15:25:17.5789998Z  * [new tag]             v0.3.0.dev37 -> v0.3.0.dev37
2025-02-28T15:25:17.5792046Z  * [new tag]             v0.3.0.dev38 -> v0.3.0.dev38
2025-02-28T15:25:17.5794066Z  * [new tag]             v0.3.0.dev39 -> v0.3.0.dev39
2025-02-28T15:25:17.5796073Z  * [new tag]             v0.3.0.dev4  -> v0.3.0.dev4
2025-02-28T15:25:17.5798354Z  * [new tag]             v0.3.0.dev5  -> v0.3.0.dev5
2025-02-28T15:25:17.5800395Z  * [new tag]             v0.3.0.dev6  -> v0.3.0.dev6
2025-02-28T15:25:17.5802664Z  * [new tag]             v0.3.0.dev7  -> v0.3.0.dev7
2025-02-28T15:25:17.5804440Z  * [new tag]             v0.3.0.dev8  -> v0.3.0.dev8
2025-02-28T15:25:17.5806124Z  * [new tag]             v0.3.0.dev9  -> v0.3.0.dev9
2025-02-28T15:25:17.5807662Z  * [new tag]             v0.3.0rc0    -> v0.3.0rc0
2025-02-28T15:25:17.5809132Z  * [new tag]             v0.3.1       -> v0.3.1
2025-02-28T15:25:17.5810382Z  * [new tag]             v0.4.0       -> v0.4.0
2025-02-28T15:25:17.5811628Z  * [new tag]             v0.4.1       -> v0.4.1
2025-02-28T15:25:17.5812880Z  * [new tag]             v0.4.2       -> v0.4.2
2025-02-28T15:25:17.5814152Z  * [new tag]             v0.4.3       -> v0.4.3
2025-02-28T15:25:17.5815413Z  * [new tag]             v0.4.4       -> v0.4.4
2025-02-28T15:25:17.5816696Z  * [new tag]             v0.4.5       -> v0.4.5
2025-02-28T15:25:17.5818228Z  * [new tag]             v0.4.6       -> v0.4.6
2025-02-28T15:25:17.5819507Z  * [new tag]             v0.4.7       -> v0.4.7
2025-02-28T15:25:17.5820894Z  * [new tag]             v0.4.8       -> v0.4.8
2025-02-28T15:25:17.5822163Z  * [new tag]             v0.4.9       -> v0.4.9
2025-02-28T15:25:17.5823976Z  * [new ref]             68266e24a68fb42fbbeefb9a1fc4181dfda30fbe -> pull/3217/merge
2025-02-28T15:25:17.5838393Z ##[endgroup]
2025-02-28T15:25:17.5840389Z ##[group]Determining the checkout info
2025-02-28T15:25:17.5842322Z ##[endgroup]
2025-02-28T15:25:17.5845815Z [command]/usr/bin/git sparse-checkout disable
2025-02-28T15:25:17.5887996Z [command]/usr/bin/git config --local --unset-all extensions.worktreeConfig
2025-02-28T15:25:17.5918699Z ##[group]Checking out the ref
2025-02-28T15:25:17.5922115Z [command]/usr/bin/git checkout --progress --force refs/remotes/pull/3217/merge
2025-02-28T15:25:17.7698598Z Note: switching to 'refs/remotes/pull/3217/merge'.
2025-02-28T15:25:17.7700683Z 
2025-02-28T15:25:17.7702114Z You are in 'detached HEAD' state. You can look around, make experimental
2025-02-28T15:25:17.7705747Z changes and commit them, and you can discard any commits you make in this
2025-02-28T15:25:17.7709320Z state without impacting any branches by switching back to a branch.
2025-02-28T15:25:17.7711206Z 
2025-02-28T15:25:17.7712458Z If you want to create a new branch to retain commits you create, you may
2025-02-28T15:25:17.7715384Z do so (now or later) by using -c with the switch command. Example:
2025-02-28T15:25:17.7717091Z 
2025-02-28T15:25:17.7717921Z   git switch -c <new-branch-name>
2025-02-28T15:25:17.7719067Z 
2025-02-28T15:25:17.7719681Z Or undo this operation with:
2025-02-28T15:25:17.7720730Z 
2025-02-28T15:25:17.7721263Z   git switch -
2025-02-28T15:25:17.7722006Z 
2025-02-28T15:25:17.7723747Z Turn off this advice by setting config variable advice.detachedHead to false
2025-02-28T15:25:17.7725836Z 
2025-02-28T15:25:17.7728543Z HEAD is now at 68266e24a Merge ee512b602a87bb9213021e3ceab7c75b22852c2d into 39458b6f220cd2eeafe9dcf5d470bd504914850a
2025-02-28T15:25:17.7734919Z ##[endgroup]
2025-02-28T15:25:17.7760144Z [command]/usr/bin/git log -1 --format=%H
2025-02-28T15:25:17.7784554Z 68266e24a68fb42fbbeefb9a1fc4181dfda30fbe
2025-02-28T15:25:17.8064838Z ##[group]Run actions/setup-python@v5.4.0
2025-02-28T15:25:17.8065418Z with:
2025-02-28T15:25:17.8065744Z   python-version: 3.12
2025-02-28T15:25:17.8066191Z   allow-prereleases: true
2025-02-28T15:25:17.8066645Z   check-latest: false
2025-02-28T15:25:17.8067432Z   token: ***
2025-02-28T15:25:17.8067810Z   update-environment: true
2025-02-28T15:25:17.8068243Z env:
2025-02-28T15:25:17.8068550Z   min_python_version: 3.9
2025-02-28T15:25:17.8069006Z   max_python_version: 3.12
2025-02-28T15:25:17.8069440Z   FORCE_COLOR: 1
2025-02-28T15:25:17.8069784Z ##[endgroup]
2025-02-28T15:25:17.9814964Z ##[group]Installed versions
2025-02-28T15:25:17.9879418Z Successfully set up CPython (3.12.9)
2025-02-28T15:25:17.9881014Z ##[endgroup]
2025-02-28T15:25:18.0084538Z ##[group]Run beeware/.github/.github/actions/install-requirement@main
2025-02-28T15:25:18.0085385Z with:
2025-02-28T15:25:18.0085925Z   requirements: tox
2025-02-28T15:25:18.0086305Z   extra: dev
2025-02-28T15:25:18.0086670Z   project-root: travertino
2025-02-28T15:25:18.0087148Z   workflow-repo: beeware/.github
2025-02-28T15:25:18.0087798Z env:
2025-02-28T15:25:18.0088128Z   min_python_version: 3.9
2025-02-28T15:25:18.0088588Z   max_python_version: 3.12
2025-02-28T15:25:18.0089035Z   FORCE_COLOR: 1
2025-02-28T15:25:18.0089578Z   pythonLocation: /opt/hostedtoolcache/Python/3.12.9/x64
2025-02-28T15:25:18.0090540Z   PKG_CONFIG_PATH: /opt/hostedtoolcache/Python/3.12.9/x64/lib/pkgconfig
2025-02-28T15:25:18.0091503Z   Python_ROOT_DIR: /opt/hostedtoolcache/Python/3.12.9/x64
2025-02-28T15:25:18.0092352Z   Python2_ROOT_DIR: /opt/hostedtoolcache/Python/3.12.9/x64
2025-02-28T15:25:18.0093211Z   Python3_ROOT_DIR: /opt/hostedtoolcache/Python/3.12.9/x64
2025-02-28T15:25:18.0094094Z   LD_LIBRARY_PATH: /opt/hostedtoolcache/Python/3.12.9/x64/lib
2025-02-28T15:25:18.0094778Z ##[endgroup]
2025-02-28T15:25:18.0279309Z ##[group]Run actions/checkout@v4.1.6
2025-02-28T15:25:18.0279844Z with:
2025-02-28T15:25:18.0280193Z   repository: beeware/.github
2025-02-28T15:25:18.0280688Z   path: .github-beeware
2025-02-28T15:25:18.0281332Z   token: ***
2025-02-28T15:25:18.0281683Z   ssh-strict: true
2025-02-28T15:25:18.0282059Z   ssh-user: git
2025-02-28T15:25:18.0282451Z   persist-credentials: true
2025-02-28T15:25:18.0282899Z   clean: true
2025-02-28T15:25:18.0283300Z   sparse-checkout-cone-mode: true
2025-02-28T15:25:18.0283816Z   fetch-depth: 1
2025-02-28T15:25:18.0284189Z   fetch-tags: false
2025-02-28T15:25:18.0284575Z   show-progress: true
2025-02-28T15:25:18.0284973Z   lfs: false
2025-02-28T15:25:18.0285328Z   submodules: false
2025-02-28T15:25:18.0285733Z   set-safe-directory: true
2025-02-28T15:25:18.0286166Z env:
2025-02-28T15:25:18.0286481Z   min_python_version: 3.9
2025-02-28T15:25:18.0286945Z   max_python_version: 3.12
2025-02-28T15:25:18.0287497Z   FORCE_COLOR: 1
2025-02-28T15:25:18.0288038Z   pythonLocation: /opt/hostedtoolcache/Python/3.12.9/x64
2025-02-28T15:25:18.0288987Z   PKG_CONFIG_PATH: /opt/hostedtoolcache/Python/3.12.9/x64/lib/pkgconfig
2025-02-28T15:25:18.0289907Z   Python_ROOT_DIR: /opt/hostedtoolcache/Python/3.12.9/x64
2025-02-28T15:25:18.0290728Z   Python2_ROOT_DIR: /opt/hostedtoolcache/Python/3.12.9/x64
2025-02-28T15:25:18.0291559Z   Python3_ROOT_DIR: /opt/hostedtoolcache/Python/3.12.9/x64
2025-02-28T15:25:18.0292396Z   LD_LIBRARY_PATH: /opt/hostedtoolcache/Python/3.12.9/x64/lib
2025-02-28T15:25:18.0293063Z ##[endgroup]
2025-02-28T15:25:18.1243120Z Syncing repository: beeware/.github
2025-02-28T15:25:18.1246810Z ##[group]Getting Git version info
2025-02-28T15:25:18.1248516Z Working directory is '/home/runner/work/toga/toga/.github-beeware'
2025-02-28T15:25:18.1291646Z [command]/usr/bin/git version
2025-02-28T15:25:18.1336162Z git version 2.48.1
2025-02-28T15:25:18.1362404Z ##[endgroup]
2025-02-28T15:25:18.1379558Z Temporarily overriding HOME='/home/runner/work/_temp/51e00113-9a88-4540-aca2-4cb7109984b8' before making global git config changes
2025-02-28T15:25:18.1382674Z Adding repository directory to the temporary git global config as a safe directory
2025-02-28T15:25:18.1385255Z [command]/usr/bin/git config --global --add safe.directory /home/runner/work/toga/toga/.github-beeware
2025-02-28T15:25:18.1422293Z ##[group]Initializing the repository
2025-02-28T15:25:18.1427963Z [command]/usr/bin/git init /home/runner/work/toga/toga/.github-beeware
2025-02-28T15:25:18.1468045Z hint: Using 'master' as the name for the initial branch. This default branch name
2025-02-28T15:25:18.1469930Z hint: is subject to change. To configure the initial branch name to use in all
2025-02-28T15:25:18.1471106Z hint: of your new repositories, which will suppress this warning, call:
2025-02-28T15:25:18.1471882Z hint:
2025-02-28T15:25:18.1472365Z hint: 	git config --global init.defaultBranch <name>
2025-02-28T15:25:18.1473260Z hint:
2025-02-28T15:25:18.1473891Z hint: Names commonly chosen instead of 'master' are 'main', 'trunk' and
2025-02-28T15:25:18.1475815Z hint: 'development'. The just-created branch can be renamed via this command:
2025-02-28T15:25:18.1476625Z hint:
2025-02-28T15:25:18.1477054Z hint: 	git branch -m <name>
2025-02-28T15:25:18.1478171Z Initialized empty Git repository in /home/runner/work/toga/toga/.github-beeware/.git/
2025-02-28T15:25:18.1481030Z [command]/usr/bin/git remote add origin https://github.com/beeware/.github
2025-02-28T15:25:18.1517998Z ##[endgroup]
2025-02-28T15:25:18.1518955Z ##[group]Disabling automatic garbage collection
2025-02-28T15:25:18.1521688Z [command]/usr/bin/git config --local gc.auto 0
2025-02-28T15:25:18.1551907Z ##[endgroup]
2025-02-28T15:25:18.1552936Z ##[group]Setting up auth
2025-02-28T15:25:18.1558513Z [command]/usr/bin/git config --local --name-only --get-regexp core\.sshCommand
2025-02-28T15:25:18.1590805Z [command]/usr/bin/git submodule foreach --recursive sh -c "git config --local --name-only --get-regexp 'core\.sshCommand' && git config --local --unset-all 'core.sshCommand' || :"
2025-02-28T15:25:18.1832510Z [command]/usr/bin/git config --local --name-only --get-regexp http\.https\:\/\/github\.com\/\.extraheader
2025-02-28T15:25:18.1863104Z [command]/usr/bin/git submodule foreach --recursive sh -c "git config --local --name-only --get-regexp 'http\.https\:\/\/github\.com\/\.extraheader' && git config --local --unset-all 'http.https://github.com/.extraheader' || :"
2025-02-28T15:25:18.2102646Z [command]/usr/bin/git config --local http.https://github.com/.extraheader AUTHORIZATION: basic ***
2025-02-28T15:25:18.2141578Z ##[endgroup]
2025-02-28T15:25:18.2142441Z ##[group]Determining the default branch
2025-02-28T15:25:18.2145100Z Retrieving the default branch name
2025-02-28T15:25:18.4548517Z Default branch 'main'
2025-02-28T15:25:18.4549570Z ##[endgroup]
2025-02-28T15:25:18.4551944Z ##[group]Fetching the repository
2025-02-28T15:25:18.4557805Z [command]/usr/bin/git -c protocol.version=2 fetch --no-tags --prune --no-recurse-submodules --depth=1 origin +refs/heads/main:refs/remotes/origin/main
2025-02-28T15:25:18.6987447Z From https://github.com/beeware/.github
2025-02-28T15:25:18.6988102Z  * [new branch]      main       -> origin/main
2025-02-28T15:25:18.7018891Z ##[endgroup]
2025-02-28T15:25:18.7019512Z ##[group]Determining the checkout info
2025-02-28T15:25:18.7021000Z ##[endgroup]
2025-02-28T15:25:18.7026969Z [command]/usr/bin/git sparse-checkout disable
2025-02-28T15:25:18.7068116Z [command]/usr/bin/git config --local --unset-all extensions.worktreeConfig
2025-02-28T15:25:18.7099379Z ##[group]Checking out the ref
2025-02-28T15:25:18.7104262Z [command]/usr/bin/git checkout --progress --force -B main refs/remotes/origin/main
2025-02-28T15:25:18.7183188Z Switched to a new branch 'main'
2025-02-28T15:25:18.7186252Z branch 'main' set up to track 'origin/main'.
2025-02-28T15:25:18.7193256Z ##[endgroup]
2025-02-28T15:25:18.7237668Z [command]/usr/bin/git log -1 --format='%H'
2025-02-28T15:25:18.7267997Z 'a66b93162808d34adf5280c28104b75f8e0d70d3'
2025-02-28T15:25:18.7425466Z ##[group]Run echo "project-root=$(cd "travertino"; pwd -P)" | tee -a ${GITHUB_OUTPUT}
2025-02-28T15:25:18.7426068Z [36;1mecho "project-root=$(cd "travertino"; pwd -P)" | tee -a ${GITHUB_OUTPUT}[0m
2025-02-28T15:25:18.7480243Z shell: /usr/bin/bash --noprofile --norc -e -o pipefail {0}
2025-02-28T15:25:18.7480573Z env:
2025-02-28T15:25:18.7480749Z   min_python_version: 3.9
2025-02-28T15:25:18.7480973Z   max_python_version: 3.12
2025-02-28T15:25:18.7481188Z   FORCE_COLOR: 1
2025-02-28T15:25:18.7481448Z   pythonLocation: /opt/hostedtoolcache/Python/3.12.9/x64
2025-02-28T15:25:18.7481869Z   PKG_CONFIG_PATH: /opt/hostedtoolcache/Python/3.12.9/x64/lib/pkgconfig
2025-02-28T15:25:18.7482272Z   Python_ROOT_DIR: /opt/hostedtoolcache/Python/3.12.9/x64
2025-02-28T15:25:18.7482630Z   Python2_ROOT_DIR: /opt/hostedtoolcache/Python/3.12.9/x64
2025-02-28T15:25:18.7483003Z   Python3_ROOT_DIR: /opt/hostedtoolcache/Python/3.12.9/x64
2025-02-28T15:25:18.7483568Z   LD_LIBRARY_PATH: /opt/hostedtoolcache/Python/3.12.9/x64/lib
2025-02-28T15:25:18.7483880Z ##[endgroup]
2025-02-28T15:25:18.7588001Z project-root=/home/runner/work/toga/toga/travertino
2025-02-28T15:25:18.7631615Z ##[group]Run python -m pip install --upgrade pip
2025-02-28T15:25:18.7631963Z [36;1mpython -m pip install --upgrade pip[0m
2025-02-28T15:25:18.7632306Z [36;1mpython -m pip install --upgrade setuptools build wheel[0m
2025-02-28T15:25:18.7678764Z shell: /usr/bin/bash --noprofile --norc -e -o pipefail {0}
2025-02-28T15:25:18.7679089Z env:
2025-02-28T15:25:18.7679272Z   min_python_version: 3.9
2025-02-28T15:25:18.7679489Z   max_python_version: 3.12
2025-02-28T15:25:18.7679698Z   FORCE_COLOR: 1
2025-02-28T15:25:18.7679958Z   pythonLocation: /opt/hostedtoolcache/Python/3.12.9/x64
2025-02-28T15:25:18.7680375Z   PKG_CONFIG_PATH: /opt/hostedtoolcache/Python/3.12.9/x64/lib/pkgconfig
2025-02-28T15:25:18.7680775Z   Python_ROOT_DIR: /opt/hostedtoolcache/Python/3.12.9/x64
2025-02-28T15:25:18.7681148Z   Python2_ROOT_DIR: /opt/hostedtoolcache/Python/3.12.9/x64
2025-02-28T15:25:18.7681514Z   Python3_ROOT_DIR: /opt/hostedtoolcache/Python/3.12.9/x64
2025-02-28T15:25:18.7681886Z   LD_LIBRARY_PATH: /opt/hostedtoolcache/Python/3.12.9/x64/lib
2025-02-28T15:25:18.7682196Z ##[endgroup]
2025-02-28T15:25:19.5197181Z Requirement already satisfied: pip in /opt/hostedtoolcache/Python/3.12.9/x64/lib/python3.12/site-packages (25.0.1)
2025-02-28T15:25:20.3275482Z Collecting setuptools
2025-02-28T15:25:20.3795650Z   Downloading setuptools-75.8.2-py3-none-any.whl.metadata (6.7 kB)
2025-02-28T15:25:20.4071774Z Collecting build
2025-02-28T15:25:20.4143682Z   Downloading build-1.2.2.post1-py3-none-any.whl.metadata (6.5 kB)
2025-02-28T15:25:20.4448500Z Collecting wheel
2025-02-28T15:25:20.4519086Z   Downloading wheel-0.45.1-py3-none-any.whl.metadata (2.3 kB)
2025-02-28T15:25:20.4759755Z Collecting packaging>=19.1 (from build)
2025-02-28T15:25:20.4838346Z   Downloading packaging-24.2-py3-none-any.whl.metadata (3.2 kB)
2025-02-28T15:25:20.4998030Z Collecting pyproject_hooks (from build)
2025-02-28T15:25:20.5069156Z   Downloading pyproject_hooks-1.2.0-py3-none-any.whl.metadata (1.3 kB)
2025-02-28T15:25:20.5196302Z Downloading setuptools-75.8.2-py3-none-any.whl (1.2 MB)
2025-02-28T15:25:20.5564595Z [?25l   [90m━━━━━━━━━━━━━━━━━━━━━━━━━━━━━━━━━━━━━━━━[0m [32m0.0/1.2 MB[0m [31m?[0m eta [36m-:--:--[0m
2025-02-28T15:25:20.5565942Z [2K   [90m━━━━━━━━━━━━━━━━━━━━━━━━━━━━━━━━━━━━━━━━[0m [32m1.2/1.2 MB[0m [31m58.3 MB/s[0m eta [36m0:00:00[0m
2025-02-28T15:25:20.5636545Z [?25hDownloading build-1.2.2.post1-py3-none-any.whl (22 kB)
2025-02-28T15:25:20.5748642Z Downloading wheel-0.45.1-py3-none-any.whl (72 kB)
2025-02-28T15:25:20.5855267Z Downloading packaging-24.2-py3-none-any.whl (65 kB)
2025-02-28T15:25:20.5967812Z Downloading pyproject_hooks-1.2.0-py3-none-any.whl (10 kB)
2025-02-28T15:25:20.6230716Z Installing collected packages: wheel, setuptools, pyproject_hooks, packaging, build
2025-02-28T15:25:21.5380027Z Successfully installed build-1.2.2.post1 packaging-24.2 pyproject_hooks-1.2.0 setuptools-75.8.2 wheel-0.45.1
2025-02-28T15:25:21.6220785Z ##[group]Run python -m install_requirement tox \
2025-02-28T15:25:21.6221136Z [36;1mpython -m install_requirement tox \[0m
2025-02-28T15:25:21.6221413Z [36;1m  --extra "dev" \[0m
2025-02-28T15:25:21.6221777Z [36;1m  --project-root "$(printf -- "%q" "/home/runner/work/toga/toga/travertino")"[0m
2025-02-28T15:25:21.6269299Z shell: /usr/bin/bash --noprofile --norc -e -o pipefail {0}
2025-02-28T15:25:21.6269622Z env:
2025-02-28T15:25:21.6269808Z   min_python_version: 3.9
2025-02-28T15:25:21.6270030Z   max_python_version: 3.12
2025-02-28T15:25:21.6270237Z   FORCE_COLOR: 1
2025-02-28T15:25:21.6270499Z   pythonLocation: /opt/hostedtoolcache/Python/3.12.9/x64
2025-02-28T15:25:21.6270908Z   PKG_CONFIG_PATH: /opt/hostedtoolcache/Python/3.12.9/x64/lib/pkgconfig
2025-02-28T15:25:21.6271313Z   Python_ROOT_DIR: /opt/hostedtoolcache/Python/3.12.9/x64
2025-02-28T15:25:21.6271858Z   Python2_ROOT_DIR: /opt/hostedtoolcache/Python/3.12.9/x64
2025-02-28T15:25:21.6272221Z   Python3_ROOT_DIR: /opt/hostedtoolcache/Python/3.12.9/x64
2025-02-28T15:25:21.6272720Z   LD_LIBRARY_PATH: /opt/hostedtoolcache/Python/3.12.9/x64/lib
2025-02-28T15:25:21.6273026Z ##[endgroup]
2025-02-28T15:25:21.9982738Z Installing tox==4.24.1...
2025-02-28T15:25:22.4976370Z Collecting tox==4.24.1
2025-02-28T15:25:22.5428615Z   Downloading tox-4.24.1-py3-none-any.whl.metadata (3.7 kB)
2025-02-28T15:25:22.5669370Z Collecting cachetools>=5.5 (from tox==4.24.1)
2025-02-28T15:25:22.5766821Z   Downloading cachetools-5.5.2-py3-none-any.whl.metadata (5.4 kB)
2025-02-28T15:25:22.5938349Z Collecting chardet>=5.2 (from tox==4.24.1)
2025-02-28T15:25:22.6009742Z   Downloading chardet-5.2.0-py3-none-any.whl.metadata (3.4 kB)
2025-02-28T15:25:22.6218431Z Collecting colorama>=0.4.6 (from tox==4.24.1)
2025-02-28T15:25:22.6289868Z   Downloading colorama-0.4.6-py2.py3-none-any.whl.metadata (17 kB)
2025-02-28T15:25:22.6568610Z Collecting filelock>=3.16.1 (from tox==4.24.1)
2025-02-28T15:25:22.6640061Z   Downloading filelock-3.17.0-py3-none-any.whl.metadata (2.9 kB)
2025-02-28T15:25:22.6704081Z Requirement already satisfied: packaging>=24.2 in /opt/hostedtoolcache/Python/3.12.9/x64/lib/python3.12/site-packages (from tox==4.24.1) (24.2)
2025-02-28T15:25:22.6897771Z Collecting platformdirs>=4.3.6 (from tox==4.24.1)
2025-02-28T15:25:22.6967505Z   Downloading platformdirs-4.3.6-py3-none-any.whl.metadata (11 kB)
2025-02-28T15:25:22.7177083Z Collecting pluggy>=1.5 (from tox==4.24.1)
2025-02-28T15:25:22.7251645Z   Downloading pluggy-1.5.0-py3-none-any.whl.metadata (4.8 kB)
2025-02-28T15:25:22.7458508Z Collecting pyproject-api>=1.8 (from tox==4.24.1)
2025-02-28T15:25:22.7528109Z   Downloading pyproject_api-1.9.0-py3-none-any.whl.metadata (2.7 kB)
2025-02-28T15:25:22.7981019Z Collecting virtualenv>=20.27.1 (from tox==4.24.1)
2025-02-28T15:25:22.8058025Z   Downloading virtualenv-20.29.2-py3-none-any.whl.metadata (4.5 kB)
2025-02-28T15:25:22.8484677Z Collecting distlib<1,>=0.3.7 (from virtualenv>=20.27.1->tox==4.24.1)
2025-02-28T15:25:22.8566871Z   Downloading distlib-0.3.9-py2.py3-none-any.whl.metadata (5.2 kB)
2025-02-28T15:25:22.8761317Z Downloading tox-4.24.1-py3-none-any.whl (171 kB)
2025-02-28T15:25:22.8996933Z Downloading cachetools-5.5.2-py3-none-any.whl (10 kB)
2025-02-28T15:25:22.9134897Z Downloading chardet-5.2.0-py3-none-any.whl (199 kB)
2025-02-28T15:25:22.9256665Z Downloading colorama-0.4.6-py2.py3-none-any.whl (25 kB)
2025-02-28T15:25:22.9357099Z Downloading filelock-3.17.0-py3-none-any.whl (16 kB)
2025-02-28T15:25:22.9460347Z Downloading platformdirs-4.3.6-py3-none-any.whl (18 kB)
2025-02-28T15:25:22.9564973Z Downloading pluggy-1.5.0-py3-none-any.whl (20 kB)
2025-02-28T15:25:22.9661918Z Downloading pyproject_api-1.9.0-py3-none-any.whl (13 kB)
2025-02-28T15:25:22.9776659Z Downloading virtualenv-20.29.2-py3-none-any.whl (4.3 MB)
2025-02-28T15:25:23.0145744Z [?25l   [90m━━━━━━━━━━━━━━━━━━━━━━━━━━━━━━━━━━━━━━━━[0m [32m0.0/4.3 MB[0m [31m?[0m eta [36m-:--:--[0m
2025-02-28T15:25:23.0146556Z [2K   [90m━━━━━━━━━━━━━━━━━━━━━━━━━━━━━━━━━━━━━━━━[0m [32m4.3/4.3 MB[0m [31m124.5 MB/s[0m eta [36m0:00:00[0m
2025-02-28T15:25:23.0219533Z [?25hDownloading distlib-0.3.9-py2.py3-none-any.whl (468 kB)
2025-02-28T15:25:23.0704108Z Installing collected packages: distlib, pyproject-api, pluggy, platformdirs, filelock, colorama, chardet, cachetools, virtualenv, tox
2025-02-28T15:25:23.7340101Z Successfully installed cachetools-5.5.2 chardet-5.2.0 colorama-0.4.6 distlib-0.3.9 filelock-3.17.0 platformdirs-4.3.6 pluggy-1.5.0 pyproject-api-1.9.0 tox-4.24.1 virtualenv-20.29.2
2025-02-28T15:25:23.8198129Z 
2025-02-28T15:25:23.8198585Z Successfully installed:
2025-02-28T15:25:23.8198985Z  tox==4.24.1
2025-02-28T15:25:23.8395892Z ##[group]Run actions/download-artifact@v4.1.8
2025-02-28T15:25:23.8396197Z with:
2025-02-28T15:25:23.8396383Z   pattern: Packages-toga-*
2025-02-28T15:25:23.8396614Z   merge-multiple: true
2025-02-28T15:25:23.8396812Z   path: dist
2025-02-28T15:25:23.8396998Z   repository: beeware/toga
2025-02-28T15:25:23.8397375Z   run-id: 13591189051
2025-02-28T15:25:23.8397594Z env:
2025-02-28T15:25:23.8397965Z   min_python_version: 3.9
2025-02-28T15:25:23.8398179Z   max_python_version: 3.12
2025-02-28T15:25:23.8398385Z   FORCE_COLOR: 1
2025-02-28T15:25:23.8398640Z   pythonLocation: /opt/hostedtoolcache/Python/3.12.9/x64
2025-02-28T15:25:23.8399051Z   PKG_CONFIG_PATH: /opt/hostedtoolcache/Python/3.12.9/x64/lib/pkgconfig
2025-02-28T15:25:23.8399453Z   Python_ROOT_DIR: /opt/hostedtoolcache/Python/3.12.9/x64
2025-02-28T15:25:23.8399800Z   Python2_ROOT_DIR: /opt/hostedtoolcache/Python/3.12.9/x64
2025-02-28T15:25:23.8400148Z   Python3_ROOT_DIR: /opt/hostedtoolcache/Python/3.12.9/x64
2025-02-28T15:25:23.8400526Z   LD_LIBRARY_PATH: /opt/hostedtoolcache/Python/3.12.9/x64/lib
2025-02-28T15:25:23.8400813Z ##[endgroup]
2025-02-28T15:25:24.1608579Z Found 36 artifact(s)
2025-02-28T15:25:24.1609795Z Filtering artifacts by pattern 'Packages-toga-*'
2025-02-28T15:25:24.1629984Z Preparing to download the following artifacts:
2025-02-28T15:25:24.1630539Z - Packages-toga-winforms (ID: 2671287482, Size: 912634)
2025-02-28T15:25:24.1631111Z - Packages-toga-dummy (ID: 2671286695, Size: 148605)
2025-02-28T15:25:24.1631703Z - Packages-toga-core (ID: 2671286668, Size: 1154108)
2025-02-28T15:25:24.1632221Z - Packages-toga-iOS (ID: 2671286641, Size: 872393)
2025-02-28T15:25:24.1632720Z - Packages-toga-demo (ID: 2671286618, Size: 1242392)
2025-02-28T15:25:24.1633208Z - Packages-toga-web (ID: 2671286591, Size: 34849)
2025-02-28T15:25:24.1633750Z - Packages-toga-cocoa (ID: 2671286553, Size: 929372)
2025-02-28T15:25:24.1634273Z - Packages-toga-gtk (ID: 2671286494, Size: 142140)
2025-02-28T15:25:24.1634813Z - Packages-toga-travertino (ID: 2671286454, Size: 62313)
2025-02-28T15:25:24.1635360Z - Packages-toga-android (ID: 2671286345, Size: 138242)
2025-02-28T15:25:24.1635867Z - Packages-toga-toga (ID: 2671286304, Size: 7265)
2025-02-28T15:25:24.1636376Z - Packages-toga-textual (ID: 2671286253, Size: 32043)
2025-02-28T15:25:24.2421995Z Redirecting to blob download url: https://productionresultssa15.blob.core.windows.net/actions-results/2833d74d-b108-4855-a138-f9cc692c54c9/workflow-job-run-3124742b-843a-5b41-b426-aef8afedb9f7/artifacts/442c3fefacaa5f4a317396d7241d3673a3eab28c29b7e651a0b97534d592e35d.zip
2025-02-28T15:25:24.2425327Z Starting download of artifact to: /home/runner/work/toga/toga/dist
2025-02-28T15:25:24.2623969Z Redirecting to blob download url: https://productionresultssa15.blob.core.windows.net/actions-results/2833d74d-b108-4855-a138-f9cc692c54c9/workflow-job-run-996a8579-f179-559d-4190-0dfa80ff20d7/artifacts/78e64f25892d1e62a7fba16b04b2d38f38656067df6d708afd5432245debf794.zip
2025-02-28T15:25:24.2626221Z Starting download of artifact to: /home/runner/work/toga/toga/dist
2025-02-28T15:25:24.2696424Z (node:2006) [DEP0005] DeprecationWarning: Buffer() is deprecated due to security and usability issues. Please use the Buffer.alloc(), Buffer.allocUnsafe(), or Buffer.from() methods instead.
2025-02-28T15:25:24.2698168Z (Use `node --trace-deprecation ...` to show where the warning was created)
2025-02-28T15:25:24.2714225Z Redirecting to blob download url: https://productionresultssa15.blob.core.windows.net/actions-results/2833d74d-b108-4855-a138-f9cc692c54c9/workflow-job-run-18bbcbc6-8763-5d15-2620-0ac883eea9b0/artifacts/42ca5e4547811af7883a91d6c65b481266e15c0cdc8d243ec9aae2b558253c02.zip
2025-02-28T15:25:24.2716106Z Starting download of artifact to: /home/runner/work/toga/toga/dist
2025-02-28T15:25:24.2737612Z Redirecting to blob download url: https://productionresultssa15.blob.core.windows.net/actions-results/2833d74d-b108-4855-a138-f9cc692c54c9/workflow-job-run-98be74ae-5157-5c81-b7d0-b2ef5821a81e/artifacts/6e0cae3735cba3d010b2e4c6917aa1f2ffe72638fbddcfcf5e7d00e456e64178.zip
2025-02-28T15:25:24.2739010Z Starting download of artifact to: /home/runner/work/toga/toga/dist
2025-02-28T15:25:24.2793625Z Redirecting to blob download url: https://productionresultssa15.blob.core.windows.net/actions-results/2833d74d-b108-4855-a138-f9cc692c54c9/workflow-job-run-46aa3184-e851-51af-58d5-831072cd673f/artifacts/485660db63ec446c9f562cc6bdf49c64bf27c37a329b95a30a2467812096f020.zip
2025-02-28T15:25:24.2795449Z Starting download of artifact to: /home/runner/work/toga/toga/dist
2025-02-28T15:25:24.2809220Z Redirecting to blob download url: https://productionresultssa15.blob.core.windows.net/actions-results/2833d74d-b108-4855-a138-f9cc692c54c9/workflow-job-run-e2a6fa47-47a3-5188-27fb-56f4e71042c8/artifacts/5425332638acb926f3e0f42935440601f1f6cf4c943281c5f8b926bd1948bc25.zip
2025-02-28T15:25:24.2811304Z Starting download of artifact to: /home/runner/work/toga/toga/dist
2025-02-28T15:25:24.2865863Z Redirecting to blob download url: https://productionresultssa15.blob.core.windows.net/actions-results/2833d74d-b108-4855-a138-f9cc692c54c9/workflow-job-run-832e8880-3eb6-5d89-0c04-ef547b46a59e/artifacts/dd722970e727682fe8f4f464e3511dbda02932b6586e5f2f8ac9f8f11f50cdc9.zip
2025-02-28T15:25:24.2869544Z Starting download of artifact to: /home/runner/work/toga/toga/dist
2025-02-28T15:25:24.2883289Z Redirecting to blob download url: https://productionresultssa15.blob.core.windows.net/actions-results/2833d74d-b108-4855-a138-f9cc692c54c9/workflow-job-run-f1ed5179-285b-5126-8d3b-2df284d1f11c/artifacts/a55c024fa54bd7854415e2c7edfeb2c5046af07e859f8da7b852b08eadc84e2a.zip
2025-02-28T15:25:24.2885487Z Starting download of artifact to: /home/runner/work/toga/toga/dist
2025-02-28T15:25:24.2918153Z Redirecting to blob download url: https://productionresultssa15.blob.core.windows.net/actions-results/2833d74d-b108-4855-a138-f9cc692c54c9/workflow-job-run-c851c84b-57ed-5071-9878-2279ccd891b8/artifacts/5eb57499beb40f05e15583bbf1c077df75bc75fa11156590733b79c2f9774e5a.zip
2025-02-28T15:25:24.2920010Z Starting download of artifact to: /home/runner/work/toga/toga/dist
2025-02-28T15:25:24.2934945Z Redirecting to blob download url: https://productionresultssa15.blob.core.windows.net/actions-results/2833d74d-b108-4855-a138-f9cc692c54c9/workflow-job-run-137efbf3-bb9f-5901-016f-a9ca027ec083/artifacts/3f2c1a4e1441705d00c0abbd5f3913c6b215c2d9365be6ffa9fcc342e7742def.zip
2025-02-28T15:25:24.2936931Z Starting download of artifact to: /home/runner/work/toga/toga/dist
2025-02-28T15:25:24.3045353Z Redirecting to blob download url: https://productionresultssa15.blob.core.windows.net/actions-results/2833d74d-b108-4855-a138-f9cc692c54c9/workflow-job-run-7815ca6b-1b41-513e-fbe7-8eccb083611a/artifacts/1660c57eb65463a413672e3e25e0e2a0d8c8794547115554b39228f20230f22e.zip
2025-02-28T15:25:24.3047735Z Starting download of artifact to: /home/runner/work/toga/toga/dist
2025-02-28T15:25:24.3270043Z Redirecting to blob download url: https://productionresultssa15.blob.core.windows.net/actions-results/2833d74d-b108-4855-a138-f9cc692c54c9/workflow-job-run-866e389a-a1a0-5c67-a00f-72c22223abfe/artifacts/b4bca85baf5c112d5a88797759fe2e27b3de49b97e7268608199152765d6405a.zip
2025-02-28T15:25:24.3272070Z Starting download of artifact to: /home/runner/work/toga/toga/dist
2025-02-28T15:25:24.3575760Z Artifact download completed successfully.
2025-02-28T15:25:24.3600213Z Artifact download completed successfully.
2025-02-28T15:25:24.3623055Z Artifact download completed successfully.
2025-02-28T15:25:24.3675232Z Artifact download completed successfully.
2025-02-28T15:25:24.3701309Z Artifact download completed successfully.
2025-02-28T15:25:24.3757609Z Artifact download completed successfully.
2025-02-28T15:25:24.3758150Z Artifact download completed successfully.
2025-02-28T15:25:24.4396570Z Artifact download completed successfully.
2025-02-28T15:25:24.4403755Z Artifact download completed successfully.
2025-02-28T15:25:24.4461556Z Artifact download completed successfully.
2025-02-28T15:25:24.4526267Z Artifact download completed successfully.
2025-02-28T15:25:24.4537858Z Artifact download completed successfully.
2025-02-28T15:25:24.4538391Z Total of 12 artifact(s) downloaded
2025-02-28T15:25:24.4538872Z Download artifact has finished successfully
2025-02-28T15:25:24.4673173Z ##[group]Run # The $(ls ...) shell expansion is done in the Github environment; the value of
2025-02-28T15:25:24.4673752Z [36;1m# The $(ls ...) shell expansion is done in the Github environment; the value of[0m
2025-02-28T15:25:24.4674460Z [36;1m# TOGA_INSTALL_COMMAND will be a literal string without any shell expansions to[0m
2025-02-28T15:25:24.4674959Z [36;1m# perform. We don't *explicitly* install the Travertino wheel; we provide the[0m
2025-02-28T15:25:24.4675426Z [36;1m# dist dir as a source of wheels, and rely on pip to resolve the explicit[0m
2025-02-28T15:25:24.4675824Z [36;1m# version match to the Travertino wheel in that folder.[0m
2025-02-28T15:25:24.4676439Z [36;1mexport TOGA_INSTALL_COMMAND="python -m pip install --find-links ../dist ../$(ls dist/toga_core-*.whl)[dev] ../$(ls dist/toga_dummy-*.whl)"[0m
2025-02-28T15:25:24.4676974Z [36;1mtox -e py-cov-trav[0m
2025-02-28T15:25:24.4677647Z [36;1mtox -qe coverage$(tr -dc "0-9" <<< "3.12")-trav[0m
2025-02-28T15:25:24.4678085Z [36;1mmv travertino/.coverage travertino/.coverage.ubuntu-latest.3.12[0m
2025-02-28T15:25:24.4725183Z shell: /usr/bin/bash --noprofile --norc -e -o pipefail {0}
2025-02-28T15:25:24.4725508Z env:
2025-02-28T15:25:24.4725682Z   min_python_version: 3.9
2025-02-28T15:25:24.4725895Z   max_python_version: 3.12
2025-02-28T15:25:24.4726098Z   FORCE_COLOR: 1
2025-02-28T15:25:24.4726347Z   pythonLocation: /opt/hostedtoolcache/Python/3.12.9/x64
2025-02-28T15:25:24.4726748Z   PKG_CONFIG_PATH: /opt/hostedtoolcache/Python/3.12.9/x64/lib/pkgconfig
2025-02-28T15:25:24.4727134Z   Python_ROOT_DIR: /opt/hostedtoolcache/Python/3.12.9/x64
2025-02-28T15:25:24.4727700Z   Python2_ROOT_DIR: /opt/hostedtoolcache/Python/3.12.9/x64
2025-02-28T15:25:24.4728068Z   Python3_ROOT_DIR: /opt/hostedtoolcache/Python/3.12.9/x64
2025-02-28T15:25:24.4728417Z   LD_LIBRARY_PATH: /opt/hostedtoolcache/Python/3.12.9/x64/lib
2025-02-28T15:25:24.4728707Z ##[endgroup]
2025-02-28T15:25:25.0873188Z [1m[35mpy-cov-trav:[0m[36m freeze[22m[2m>[0m python -m pip freeze --all[0m
2025-02-28T15:25:25.6798091Z [1m[35mpy-cov-trav:[0m[36m pip==25.0.1[0m
2025-02-28T15:25:25.6813491Z [1m[35mpy-cov-trav:[0m[36m commands[0][22m /home/runner/work/toga/toga/travertino[2m>[0m python -m pip install --find-links ../dist '../dist/toga_core-0.4.9.dev629+g68266e24a-py3-none-any.whl[dev]' ../dist/toga_dummy-0.4.9.dev629+g68266e24a-py3-none-any.whl[0m
2025-02-28T15:25:26.2914094Z Looking in links: ../dist
2025-02-28T15:25:26.2975335Z Processing /home/runner/work/toga/toga/dist/toga_core-0.4.9.dev629+g68266e24a-py3-none-any.whl (from toga-core==0.4.9.dev629+g68266e24a)
2025-02-28T15:25:26.3061195Z Processing /home/runner/work/toga/toga/dist/toga_dummy-0.4.9.dev629+g68266e24a-py3-none-any.whl
2025-02-28T15:25:26.3662280Z Processing /home/runner/work/toga/toga/dist/travertino-0.4.9.dev629+g68266e24a-py3-none-any.whl (from toga-core==0.4.9.dev629+g68266e24a->toga-core==0.4.9.dev629+g68266e24a)
2025-02-28T15:25:26.6262429Z Collecting coverage==7.6.12 (from coverage[toml]==7.6.12; extra == "dev"->toga-core==0.4.9.dev629+g68266e24a->toga-core==0.4.9.dev629+g68266e24a)
2025-02-28T15:25:26.6725493Z   Downloading coverage-7.6.12-cp312-cp312-manylinux_2_5_x86_64.manylinux1_x86_64.manylinux_2_17_x86_64.manylinux2014_x86_64.whl.metadata (8.5 kB)
2025-02-28T15:25:26.6925158Z Collecting coverage-conditional-plugin==0.9.0 (from toga-core==0.4.9.dev629+g68266e24a->toga-core==0.4.9.dev629+g68266e24a)
2025-02-28T15:25:26.6994660Z   Downloading coverage_conditional_plugin-0.9.0-py3-none-any.whl.metadata (6.9 kB)
2025-02-28T15:25:26.8401075Z Collecting Pillow==11.1.0 (from toga-core==0.4.9.dev629+g68266e24a->toga-core==0.4.9.dev629+g68266e24a)
2025-02-28T15:25:26.8473410Z   Downloading pillow-11.1.0-cp312-cp312-manylinux_2_28_x86_64.whl.metadata (9.1 kB)
2025-02-28T15:25:26.8891000Z Collecting pre-commit==4.1.0 (from toga-core==0.4.9.dev629+g68266e24a->toga-core==0.4.9.dev629+g68266e24a)
2025-02-28T15:25:26.8962855Z   Downloading pre_commit-4.1.0-py2.py3-none-any.whl.metadata (1.3 kB)
2025-02-28T15:25:26.9347707Z Collecting pytest==8.3.4 (from toga-core==0.4.9.dev629+g68266e24a->toga-core==0.4.9.dev629+g68266e24a)
2025-02-28T15:25:26.9418714Z   Downloading pytest-8.3.4-py3-none-any.whl.metadata (7.5 kB)
2025-02-28T15:25:26.9674205Z Collecting pytest-asyncio==0.25.3 (from toga-core==0.4.9.dev629+g68266e24a->toga-core==0.4.9.dev629+g68266e24a)
2025-02-28T15:25:26.9748201Z   Downloading pytest_asyncio-0.25.3-py3-none-any.whl.metadata (3.9 kB)
2025-02-28T15:25:26.9904389Z Collecting pytest-freezer==0.4.9 (from toga-core==0.4.9.dev629+g68266e24a->toga-core==0.4.9.dev629+g68266e24a)
2025-02-28T15:25:26.9983857Z   Downloading pytest_freezer-0.4.9-py3-none-any.whl.metadata (2.1 kB)
2025-02-28T15:25:27.0282379Z Collecting setuptools-scm==8.1.0 (from toga-core==0.4.9.dev629+g68266e24a->toga-core==0.4.9.dev629+g68266e24a)
2025-02-28T15:25:27.0377869Z   Downloading setuptools_scm-8.1.0-py3-none-any.whl.metadata (6.6 kB)
2025-02-28T15:25:27.0823830Z Collecting tox==4.24.1 (from toga-core==0.4.9.dev629+g68266e24a->toga-core==0.4.9.dev629+g68266e24a)
2025-02-28T15:25:27.0835726Z   Using cached tox-4.24.1-py3-none-any.whl.metadata (3.7 kB)
2025-02-28T15:25:27.1080463Z Collecting packaging>=20.4 (from coverage-conditional-plugin==0.9.0->toga-core==0.4.9.dev629+g68266e24a->toga-core==0.4.9.dev629+g68266e24a)
2025-02-28T15:25:27.1090861Z   Using cached packaging-24.2-py3-none-any.whl.metadata (3.2 kB)
2025-02-28T15:25:27.1252644Z Collecting cfgv>=2.0.0 (from pre-commit==4.1.0->toga-core==0.4.9.dev629+g68266e24a->toga-core==0.4.9.dev629+g68266e24a)
2025-02-28T15:25:27.1323615Z   Downloading cfgv-3.4.0-py2.py3-none-any.whl.metadata (8.5 kB)
2025-02-28T15:25:27.1760791Z Collecting identify>=1.0.0 (from pre-commit==4.1.0->toga-core==0.4.9.dev629+g68266e24a->toga-core==0.4.9.dev629+g68266e24a)
2025-02-28T15:25:27.1831591Z   Downloading identify-2.6.8-py2.py3-none-any.whl.metadata (4.4 kB)
2025-02-28T15:25:27.2038020Z Collecting nodeenv>=0.11.1 (from pre-commit==4.1.0->toga-core==0.4.9.dev629+g68266e24a->toga-core==0.4.9.dev629+g68266e24a)
2025-02-28T15:25:27.2112229Z   Downloading nodeenv-1.9.1-py2.py3-none-any.whl.metadata (21 kB)
2025-02-28T15:25:27.2492615Z Collecting pyyaml>=5.1 (from pre-commit==4.1.0->toga-core==0.4.9.dev629+g68266e24a->toga-core==0.4.9.dev629+g68266e24a)
2025-02-28T15:25:27.2566010Z   Downloading PyYAML-6.0.2-cp312-cp312-manylinux_2_17_x86_64.manylinux2014_x86_64.whl.metadata (2.1 kB)
2025-02-28T15:25:27.2983055Z Collecting virtualenv>=20.10.0 (from pre-commit==4.1.0->toga-core==0.4.9.dev629+g68266e24a->toga-core==0.4.9.dev629+g68266e24a)
2025-02-28T15:25:27.2994465Z   Using cached virtualenv-20.29.2-py3-none-any.whl.metadata (4.5 kB)
2025-02-28T15:25:27.3156293Z Collecting iniconfig (from pytest==8.3.4->toga-core==0.4.9.dev629+g68266e24a->toga-core==0.4.9.dev629+g68266e24a)
2025-02-28T15:25:27.3229075Z   Downloading iniconfig-2.0.0-py3-none-any.whl.metadata (2.6 kB)
2025-02-28T15:25:27.3397987Z Collecting pluggy<2,>=1.5 (from pytest==8.3.4->toga-core==0.4.9.dev629+g68266e24a->toga-core==0.4.9.dev629+g68266e24a)
2025-02-28T15:25:27.3408518Z   Using cached pluggy-1.5.0-py3-none-any.whl.metadata (4.8 kB)
2025-02-28T15:25:27.3939675Z Collecting freezegun>=1.1 (from pytest-freezer==0.4.9->toga-core==0.4.9.dev629+g68266e24a->toga-core==0.4.9.dev629+g68266e24a)
2025-02-28T15:25:27.4016193Z   Downloading freezegun-1.5.1-py3-none-any.whl.metadata (11 kB)
2025-02-28T15:25:27.5072624Z Collecting setuptools (from setuptools-scm==8.1.0->toga-core==0.4.9.dev629+g68266e24a->toga-core==0.4.9.dev629+g68266e24a)
2025-02-28T15:25:27.5082811Z   Using cached setuptools-75.8.2-py3-none-any.whl.metadata (6.7 kB)
2025-02-28T15:25:27.5350908Z Collecting cachetools>=5.5 (from tox==4.24.1->toga-core==0.4.9.dev629+g68266e24a->toga-core==0.4.9.dev629+g68266e24a)
2025-02-28T15:25:27.5362173Z   Using cached cachetools-5.5.2-py3-none-any.whl.metadata (5.4 kB)
2025-02-28T15:25:27.5488471Z Collecting chardet>=5.2 (from tox==4.24.1->toga-core==0.4.9.dev629+g68266e24a->toga-core==0.4.9.dev629+g68266e24a)
2025-02-28T15:25:27.5499219Z   Using cached chardet-5.2.0-py3-none-any.whl.metadata (3.4 kB)
2025-02-28T15:25:27.5663041Z Collecting colorama>=0.4.6 (from tox==4.24.1->toga-core==0.4.9.dev629+g68266e24a->toga-core==0.4.9.dev629+g68266e24a)
2025-02-28T15:25:27.5673541Z   Using cached colorama-0.4.6-py2.py3-none-any.whl.metadata (17 kB)
2025-02-28T15:25:27.5875760Z Collecting filelock>=3.16.1 (from tox==4.24.1->toga-core==0.4.9.dev629+g68266e24a->toga-core==0.4.9.dev629+g68266e24a)
2025-02-28T15:25:27.5886662Z   Using cached filelock-3.17.0-py3-none-any.whl.metadata (2.9 kB)
2025-02-28T15:25:27.6105249Z Collecting platformdirs>=4.3.6 (from tox==4.24.1->toga-core==0.4.9.dev629+g68266e24a->toga-core==0.4.9.dev629+g68266e24a)
2025-02-28T15:25:27.6115517Z   Using cached platformdirs-4.3.6-py3-none-any.whl.metadata (11 kB)
2025-02-28T15:25:27.6277025Z Collecting pyproject-api>=1.8 (from tox==4.24.1->toga-core==0.4.9.dev629+g68266e24a->toga-core==0.4.9.dev629+g68266e24a)
2025-02-28T15:25:27.6288168Z   Using cached pyproject_api-1.9.0-py3-none-any.whl.metadata (2.7 kB)
2025-02-28T15:25:27.6852240Z Collecting python-dateutil>=2.7 (from freezegun>=1.1->pytest-freezer==0.4.9->toga-core==0.4.9.dev629+g68266e24a->toga-core==0.4.9.dev629+g68266e24a)
2025-02-28T15:25:27.6932292Z   Downloading python_dateutil-2.9.0.post0-py2.py3-none-any.whl.metadata (8.4 kB)
2025-02-28T15:25:27.7195738Z Collecting distlib<1,>=0.3.7 (from virtualenv>=20.10.0->pre-commit==4.1.0->toga-core==0.4.9.dev629+g68266e24a->toga-core==0.4.9.dev629+g68266e24a)
2025-02-28T15:25:27.7207683Z   Using cached distlib-0.3.9-py2.py3-none-any.whl.metadata (5.2 kB)
2025-02-28T15:25:27.7485466Z Collecting six>=1.5 (from python-dateutil>=2.7->freezegun>=1.1->pytest-freezer==0.4.9->toga-core==0.4.9.dev629+g68266e24a->toga-core==0.4.9.dev629+g68266e24a)
2025-02-28T15:25:27.7553555Z   Downloading six-1.17.0-py2.py3-none-any.whl.metadata (1.7 kB)
2025-02-28T15:25:27.7698859Z Downloading coverage-7.6.12-cp312-cp312-manylinux_2_5_x86_64.manylinux1_x86_64.manylinux_2_17_x86_64.manylinux2014_x86_64.whl (242 kB)
2025-02-28T15:25:27.7929139Z Downloading coverage_conditional_plugin-0.9.0-py3-none-any.whl (7.3 kB)
2025-02-28T15:25:27.8022011Z Downloading pillow-11.1.0-cp312-cp312-manylinux_2_28_x86_64.whl (4.5 MB)
2025-02-28T15:25:27.8403650Z [?25l   [90m━━━━━━━━━━━━━━━━━━━━━━━━━━━━━━━━━━━━━━━━[0m [32m0.0/4.5 MB[0m [31m?[0m eta [36m-:--:--[0m
2025-02-28T15:25:27.8404660Z [2K   [90m━━━━━━━━━━━━━━━━━━━━━━━━━━━━━━━━━━━━━━━━[0m [32m4.5/4.5 MB[0m [31m126.4 MB/s[0m eta [36m0:00:00[0m
2025-02-28T15:25:27.8476985Z [?25hDownloading pre_commit-4.1.0-py2.py3-none-any.whl (220 kB)
2025-02-28T15:25:27.8582524Z Downloading pytest-8.3.4-py3-none-any.whl (343 kB)
2025-02-28T15:25:27.8701009Z Downloading pytest_asyncio-0.25.3-py3-none-any.whl (19 kB)
2025-02-28T15:25:27.8795187Z Downloading pytest_freezer-0.4.9-py3-none-any.whl (3.2 kB)
2025-02-28T15:25:27.8891338Z Downloading setuptools_scm-8.1.0-py3-none-any.whl (43 kB)
2025-02-28T15:25:27.8925557Z Using cached tox-4.24.1-py3-none-any.whl (171 kB)
2025-02-28T15:25:27.8937751Z Using cached cachetools-5.5.2-py3-none-any.whl (10 kB)
2025-02-28T15:25:27.9007788Z Downloading cfgv-3.4.0-py2.py3-none-any.whl (7.2 kB)
2025-02-28T15:25:27.9040965Z Using cached chardet-5.2.0-py3-none-any.whl (199 kB)
2025-02-28T15:25:27.9052942Z Using cached colorama-0.4.6-py2.py3-none-any.whl (25 kB)
2025-02-28T15:25:27.9063580Z Using cached filelock-3.17.0-py3-none-any.whl (16 kB)
2025-02-28T15:25:27.9138413Z Downloading freezegun-1.5.1-py3-none-any.whl (17 kB)
2025-02-28T15:25:27.9233625Z Downloading identify-2.6.8-py2.py3-none-any.whl (99 kB)
2025-02-28T15:25:27.9328806Z Downloading nodeenv-1.9.1-py2.py3-none-any.whl (22 kB)
2025-02-28T15:25:27.9368233Z Using cached packaging-24.2-py3-none-any.whl (65 kB)
2025-02-28T15:25:27.9379654Z Using cached platformdirs-4.3.6-py3-none-any.whl (18 kB)
2025-02-28T15:25:27.9390326Z Using cached pluggy-1.5.0-py3-none-any.whl (20 kB)
2025-02-28T15:25:27.9401263Z Using cached pyproject_api-1.9.0-py3-none-any.whl (13 kB)
2025-02-28T15:25:27.9474967Z Downloading PyYAML-6.0.2-cp312-cp312-manylinux_2_17_x86_64.manylinux2014_x86_64.whl (767 kB)
2025-02-28T15:25:27.9573431Z [?25l   [90m━━━━━━━━━━━━━━━━━━━━━━━━━━━━━━━━━━━━━━━━[0m [32m0.0/767.5 kB[0m [31m?[0m eta [36m-:--:--[0m
2025-02-28T15:25:27.9574937Z [2K   [90m━━━━━━━━━━━━━━━━━━━━━━━━━━━━━━━━━━━━━━━━[0m [32m767.5/767.5 kB[0m [31m90.1 MB/s[0m eta [36m0:00:00[0m
2025-02-28T15:25:27.9585101Z [?25hUsing cached virtualenv-20.29.2-py3-none-any.whl (4.3 MB)
2025-02-28T15:25:27.9690221Z Downloading iniconfig-2.0.0-py3-none-any.whl (5.9 kB)
2025-02-28T15:25:27.9722236Z Using cached setuptools-75.8.2-py3-none-any.whl (1.2 MB)
2025-02-28T15:25:27.9742288Z Using cached distlib-0.3.9-py2.py3-none-any.whl (468 kB)
2025-02-28T15:25:27.9816320Z Downloading python_dateutil-2.9.0.post0-py2.py3-none-any.whl (229 kB)
2025-02-28T15:25:27.9920692Z Downloading six-1.17.0-py2.py3-none-any.whl (11 kB)
2025-02-28T15:25:28.0740993Z Installing collected packages: distlib, travertino, six, setuptools, pyyaml, pluggy, platformdirs, Pillow, packaging, nodeenv, iniconfig, identify, filelock, coverage, colorama, chardet, cfgv, cachetools, virtualenv, toga-core, setuptools-scm, python-dateutil, pytest, pyproject-api, coverage-conditional-plugin, tox, toga-dummy, pytest-asyncio, pre-commit, freezegun, pytest-freezer
2025-02-28T15:25:30.6759786Z Successfully installed Pillow-11.1.0 cachetools-5.5.2 cfgv-3.4.0 chardet-5.2.0 colorama-0.4.6 coverage-7.6.12 coverage-conditional-plugin-0.9.0 distlib-0.3.9 filelock-3.17.0 freezegun-1.5.1 identify-2.6.8 iniconfig-2.0.0 nodeenv-1.9.1 packaging-24.2 platformdirs-4.3.6 pluggy-1.5.0 pre-commit-4.1.0 pyproject-api-1.9.0 pytest-8.3.4 pytest-asyncio-0.25.3 pytest-freezer-0.4.9 python-dateutil-2.9.0.post0 pyyaml-6.0.2 setuptools-75.8.2 setuptools-scm-8.1.0 six-1.17.0 toga-core-0.4.9.dev629+g68266e24a toga-dummy-0.4.9.dev629+g68266e24a tox-4.24.1 travertino-0.4.9.dev629+g68266e24a virtualenv-20.29.2
2025-02-28T15:25:30.7779351Z [1m[35mpy-cov-trav:[0m[36m commands[1][22m /home/runner/work/toga/toga/travertino[2m>[0m python -m coverage run -m pytest -vv --color yes[0m
2025-02-28T15:25:31.2819139Z [1m============================= test session starts ==============================[0m
2025-02-28T15:25:31.2820888Z platform linux -- Python 3.12.9, pytest-8.3.4, pluggy-1.5.0 -- /home/runner/work/toga/toga/.tox/py-cov-trav/bin/python
2025-02-28T15:25:31.2822483Z cachedir: /home/runner/work/toga/toga/.tox/py-cov-trav/.pytest_cache
2025-02-28T15:25:31.2823397Z rootdir: /home/runner/work/toga/toga/travertino
2025-02-28T15:25:31.2823905Z configfile: pyproject.toml
2025-02-28T15:25:31.2824349Z plugins: pytest_freezer-0.4.9, asyncio-0.25.3
2025-02-28T15:25:31.2824985Z asyncio: mode=Mode.STRICT, asyncio_default_fixture_loop_scope=function
2025-02-28T15:25:32.1415390Z [1mcollecting ... [0mcollected 645 items
2025-02-28T15:25:32.1415827Z 
2025-02-28T15:25:32.1452770Z tests/colors/test_alpha_blending.py::test_alpha_blending_over[front_color0-back_color0-expected_blended_color0] [32mPASSED[0m[32m [  0%][0m
2025-02-28T15:25:32.1471932Z tests/colors/test_alpha_blending.py::test_alpha_blending_over[front_color1-back_color1-expected_blended_color1] [32mPASSED[0m[32m [  0%][0m
2025-02-28T15:25:32.1492120Z tests/colors/test_alpha_blending.py::test_alpha_blending_over[front_color2-back_color2-expected_blended_color2] [32mPASSED[0m[32m [  0%][0m
2025-02-28T15:25:32.1511051Z tests/colors/test_alpha_blending.py::test_alpha_blending_over[front_color3-back_color3-expected_blended_color3] [32mPASSED[0m[32m [  0%][0m
2025-02-28T15:25:32.1529937Z tests/colors/test_alpha_blending.py::test_alpha_blending_over[front_color4-back_color4-expected_blended_color4] [32mPASSED[0m[32m [  0%][0m
2025-02-28T15:25:32.1548622Z tests/colors/test_alpha_blending.py::test_alpha_blending_over[front_color5-back_color5-expected_blended_color5] [32mPASSED[0m[32m [  0%][0m
2025-02-28T15:25:32.1568227Z tests/colors/test_alpha_blending.py::test_alpha_blending_over[front_color6-back_color6-expected_blended_color6] [32mPASSED[0m[32m [  1%][0m
2025-02-28T15:25:32.1587821Z tests/colors/test_alpha_blending.py::test_alpha_blending_over[front_color7-back_color7-expected_blended_color7] [32mPASSED[0m[32m [  1%][0m
2025-02-28T15:25:32.1607611Z tests/colors/test_alpha_blending.py::test_alpha_blending_over[front_color8-back_color8-expected_blended_color8] [32mPASSED[0m[32m [  1%][0m
2025-02-28T15:25:32.1626606Z tests/colors/test_alpha_blending.py::test_alpha_blending_over[front_color9-back_color9-expected_blended_color9] [32mPASSED[0m[32m [  1%][0m
2025-02-28T15:25:32.1645874Z tests/colors/test_alpha_blending.py::test_alpha_blending_over[front_color10-back_color10-expected_blended_color10] [32mPASSED[0m[32m [  1%][0m
2025-02-28T15:25:32.1665255Z tests/colors/test_alpha_blending.py::test_alpha_blending_over[front_color11-back_color11-expected_blended_color11] [32mPASSED[0m[32m [  1%][0m
2025-02-28T15:25:32.1685874Z tests/colors/test_alpha_blending.py::test_alpha_blending_over[front_color12-back_color12-expected_blended_color12] [32mPASSED[0m[32m [  2%][0m
2025-02-28T15:25:32.1705768Z tests/colors/test_alpha_blending.py::test_alpha_blending_over[front_color13-back_color13-expected_blended_color13] [32mPASSED[0m[32m [  2%][0m
2025-02-28T15:25:32.1724536Z tests/colors/test_alpha_blending.py::test_alpha_blending_over[front_color14-back_color14-expected_blended_color14] [32mPASSED[0m[32m [  2%][0m
2025-02-28T15:25:32.1743285Z tests/colors/test_alpha_blending.py::test_alpha_blending_over[front_color15-back_color15-expected_blended_color15] [32mPASSED[0m[32m [  2%][0m
2025-02-28T15:25:32.1762399Z tests/colors/test_alpha_blending.py::test_alpha_blending_over[front_color16-back_color16-expected_blended_color16] [32mPASSED[0m[32m [  2%][0m
2025-02-28T15:25:32.1781046Z tests/colors/test_alpha_blending.py::test_alpha_blending_over[front_color17-back_color17-expected_blended_color17] [32mPASSED[0m[32m [  2%][0m
2025-02-28T15:25:32.1799997Z tests/colors/test_alpha_blending.py::test_alpha_blending_over[front_color18-back_color18-expected_blended_color18] [32mPASSED[0m[32m [  2%][0m
2025-02-28T15:25:32.1818483Z tests/colors/test_alpha_blending.py::test_alpha_blending_over[front_color19-back_color19-expected_blended_color19] [32mPASSED[0m[32m [  3%][0m
2025-02-28T15:25:32.1836481Z tests/colors/test_alpha_blending.py::test_alpha_blending_over[front_color20-back_color20-expected_blended_color20] [32mPASSED[0m[32m [  3%][0m
2025-02-28T15:25:32.1854965Z tests/colors/test_alpha_blending.py::test_alpha_blending_over[front_color21-back_color21-expected_blended_color21] [32mPASSED[0m[32m [  3%][0m
2025-02-28T15:25:32.1873479Z tests/colors/test_alpha_blending.py::test_alpha_blending_over[front_color22-back_color22-expected_blended_color22] [32mPASSED[0m[32m [  3%][0m
2025-02-28T15:25:32.1891858Z tests/colors/test_alpha_blending.py::test_alpha_blending_over[front_color23-back_color23-expected_blended_color23] [32mPASSED[0m[32m [  3%][0m
2025-02-28T15:25:32.1910630Z tests/colors/test_alpha_blending.py::test_alpha_blending_over[front_color24-back_color24-expected_blended_color24] [32mPASSED[0m[32m [  3%][0m
2025-02-28T15:25:32.1928962Z tests/colors/test_alpha_blending.py::test_alpha_blending_over[front_color25-back_color25-expected_blended_color25] [32mPASSED[0m[32m [  4%][0m
2025-02-28T15:25:32.1947100Z tests/colors/test_alpha_blending.py::test_alpha_blending_over[front_color26-back_color26-expected_blended_color26] [32mPASSED[0m[32m [  4%][0m
2025-02-28T15:25:32.1965459Z tests/colors/test_alpha_blending.py::test_alpha_blending_over[front_color27-back_color27-expected_blended_color27] [32mPASSED[0m[32m [  4%][0m
2025-02-28T15:25:32.1983909Z tests/colors/test_alpha_blending.py::test_alpha_blending_over[front_color28-back_color28-expected_blended_color28] [32mPASSED[0m[32m [  4%][0m
2025-02-28T15:25:32.2002545Z tests/colors/test_alpha_blending.py::test_alpha_blending_over[front_color29-back_color29-expected_blended_color29] [32mPASSED[0m[32m [  4%][0m
2025-02-28T15:25:32.2023739Z tests/colors/test_alpha_blending.py::test_alpha_blending_over[front_color30-back_color30-expected_blended_color30] [32mPASSED[0m[32m [  4%][0m
2025-02-28T15:25:32.2042183Z tests/colors/test_alpha_blending.py::test_alpha_blending_over[front_color31-back_color31-expected_blended_color31] [32mPASSED[0m[32m [  4%][0m
2025-02-28T15:25:32.2061014Z tests/colors/test_alpha_blending.py::test_alpha_blending_over[front_color32-back_color32-expected_blended_color32] [32mPASSED[0m[32m [  5%][0m
2025-02-28T15:25:32.2079773Z tests/colors/test_alpha_blending.py::test_alpha_blending_over[front_color33-back_color33-expected_blended_color33] [32mPASSED[0m[32m [  5%][0m
2025-02-28T15:25:32.2098638Z tests/colors/test_alpha_blending.py::test_alpha_blending_over[front_color34-back_color34-expected_blended_color34] [32mPASSED[0m[32m [  5%][0m
2025-02-28T15:25:32.2117164Z tests/colors/test_alpha_blending.py::test_alpha_blending_over[front_color35-back_color35-expected_blended_color35] [32mPASSED[0m[32m [  5%][0m
2025-02-28T15:25:32.2135593Z tests/colors/test_alpha_blending.py::test_alpha_blending_over[front_color36-back_color36-expected_blended_color36] [32mPASSED[0m[32m [  5%][0m
2025-02-28T15:25:32.2154203Z tests/colors/test_alpha_blending.py::test_alpha_blending_over[front_color37-back_color37-expected_blended_color37] [32mPASSED[0m[32m [  5%][0m
2025-02-28T15:25:32.2172655Z tests/colors/test_alpha_blending.py::test_alpha_blending_over[front_color38-back_color38-expected_blended_color38] [32mPASSED[0m[32m [  6%][0m
2025-02-28T15:25:32.2191296Z tests/colors/test_alpha_blending.py::test_alpha_blending_over[front_color39-back_color39-expected_blended_color39] [32mPASSED[0m[32m [  6%][0m
2025-02-28T15:25:32.2210234Z tests/colors/test_alpha_blending.py::test_alpha_blending_over[front_color40-back_color40-expected_blended_color40] [32mPASSED[0m[32m [  6%][0m
2025-02-28T15:25:32.2228695Z tests/colors/test_alpha_blending.py::test_alpha_blending_over[front_color41-back_color41-expected_blended_color41] [32mPASSED[0m[32m [  6%][0m
2025-02-28T15:25:32.2247154Z tests/colors/test_alpha_blending.py::test_alpha_blending_over[front_color42-back_color42-expected_blended_color42] [32mPASSED[0m[32m [  6%][0m
2025-02-28T15:25:32.2265924Z tests/colors/test_alpha_blending.py::test_alpha_blending_over[front_color43-back_color43-expected_blended_color43] [32mPASSED[0m[32m [  6%][0m
2025-02-28T15:25:32.2284843Z tests/colors/test_alpha_blending.py::test_alpha_blending_over[front_color44-back_color44-expected_blended_color44] [32mPASSED[0m[32m [  6%][0m
2025-02-28T15:25:32.2303544Z tests/colors/test_alpha_blending.py::test_alpha_blending_over[front_color45-back_color45-expected_blended_color45] [32mPASSED[0m[32m [  7%][0m
2025-02-28T15:25:32.2322185Z tests/colors/test_alpha_blending.py::test_alpha_blending_over[front_color46-back_color46-expected_blended_color46] [32mPASSED[0m[32m [  7%][0m
2025-02-28T15:25:32.2340787Z tests/colors/test_alpha_blending.py::test_alpha_blending_over[front_color47-back_color47-expected_blended_color47] [32mPASSED[0m[32m [  7%][0m
2025-02-28T15:25:32.2359835Z tests/colors/test_alpha_blending.py::test_alpha_blending_over[front_color48-back_color48-expected_blended_color48] [32mPASSED[0m[32m [  7%][0m
2025-02-28T15:25:32.2378536Z tests/colors/test_alpha_blending.py::test_alpha_blending_over[front_color49-back_color49-expected_blended_color49] [32mPASSED[0m[32m [  7%][0m
2025-02-28T15:25:32.2396739Z tests/colors/test_alpha_blending.py::test_alpha_blending_over[front_color50-back_color50-expected_blended_color50] [32mPASSED[0m[32m [  7%][0m
2025-02-28T15:25:32.2415170Z tests/colors/test_alpha_blending.py::test_alpha_blending_over[front_color51-back_color51-expected_blended_color51] [32mPASSED[0m[32m [  8%][0m
2025-02-28T15:25:32.2434064Z tests/colors/test_alpha_blending.py::test_alpha_blending_over[front_color52-back_color52-expected_blended_color52] [32mPASSED[0m[32m [  8%][0m
2025-02-28T15:25:32.2453007Z tests/colors/test_alpha_blending.py::test_alpha_blending_over[front_color53-back_color53-expected_blended_color53] [32mPASSED[0m[32m [  8%][0m
2025-02-28T15:25:32.2471377Z tests/colors/test_alpha_blending.py::test_alpha_blending_over[front_color54-back_color54-expected_blended_color54] [32mPASSED[0m[32m [  8%][0m
2025-02-28T15:25:32.2490981Z tests/colors/test_alpha_blending.py::test_alpha_blending_over[front_color55-back_color55-expected_blended_color55] [32mPASSED[0m[32m [  8%][0m
2025-02-28T15:25:32.2509534Z tests/colors/test_alpha_blending.py::test_alpha_blending_over[front_color56-back_color56-expected_blended_color56] [32mPASSED[0m[32m [  8%][0m
2025-02-28T15:25:32.2528481Z tests/colors/test_alpha_blending.py::test_alpha_blending_over[front_color57-back_color57-expected_blended_color57] [32mPASSED[0m[32m [  8%][0m
2025-02-28T15:25:32.2546756Z tests/colors/test_alpha_blending.py::test_alpha_blending_over[front_color58-back_color58-expected_blended_color58] [32mPASSED[0m[32m [  9%][0m
2025-02-28T15:25:32.2565337Z tests/colors/test_alpha_blending.py::test_alpha_blending_over[front_color59-back_color59-expected_blended_color59] [32mPASSED[0m[32m [  9%][0m
2025-02-28T15:25:32.2591116Z tests/colors/test_alpha_blending.py::test_alpha_blending_over[front_color60-back_color60-expected_blended_color60] [32mPASSED[0m[32m [  9%][0m
2025-02-28T15:25:32.2610092Z tests/colors/test_alpha_blending.py::test_alpha_blending_over[front_color61-back_color61-expected_blended_color61] [32mPASSED[0m[32m [  9%][0m
2025-02-28T15:25:32.2628888Z tests/colors/test_alpha_blending.py::test_alpha_blending_over[front_color62-back_color62-expected_blended_color62] [32mPASSED[0m[32m [  9%][0m
2025-02-28T15:25:32.2647600Z tests/colors/test_alpha_blending.py::test_alpha_blending_over[front_color63-back_color63-expected_blended_color63] [32mPASSED[0m[32m [  9%][0m
2025-02-28T15:25:32.2665943Z tests/colors/test_alpha_blending.py::test_alpha_blending_over[front_color64-back_color64-expected_blended_color64] [32mPASSED[0m[32m [ 10%][0m
2025-02-28T15:25:32.2684733Z tests/colors/test_alpha_blending.py::test_alpha_blending_over[front_color65-back_color65-expected_blended_color65] [32mPASSED[0m[32m [ 10%][0m
2025-02-28T15:25:32.2703680Z tests/colors/test_alpha_blending.py::test_alpha_blending_over[front_color66-back_color66-expected_blended_color66] [32mPASSED[0m[32m [ 10%][0m
2025-02-28T15:25:32.2722754Z tests/colors/test_alpha_blending.py::test_alpha_blending_over[front_color67-back_color67-expected_blended_color67] [32mPASSED[0m[32m [ 10%][0m
2025-02-28T15:25:32.2741578Z tests/colors/test_alpha_blending.py::test_alpha_blending_over[front_color68-back_color68-expected_blended_color68] [32mPASSED[0m[32m [ 10%][0m
2025-02-28T15:25:32.2760133Z tests/colors/test_alpha_blending.py::test_alpha_blending_over[front_color69-back_color69-expected_blended_color69] [32mPASSED[0m[32m [ 10%][0m
2025-02-28T15:25:32.2778752Z tests/colors/test_alpha_blending.py::test_alpha_blending_over[front_color70-back_color70-expected_blended_color70] [32mPASSED[0m[32m [ 11%][0m
2025-02-28T15:25:32.2797148Z tests/colors/test_alpha_blending.py::test_alpha_blending_over[front_color71-back_color71-expected_blended_color71] [32mPASSED[0m[32m [ 11%][0m
2025-02-28T15:25:32.2815941Z tests/colors/test_alpha_blending.py::test_alpha_blending_over[front_color72-back_color72-expected_blended_color72] [32mPASSED[0m[32m [ 11%][0m
2025-02-28T15:25:32.2834790Z tests/colors/test_alpha_blending.py::test_alpha_blending_over[front_color73-back_color73-expected_blended_color73] [32mPASSED[0m[32m [ 11%][0m
2025-02-28T15:25:32.2853719Z tests/colors/test_alpha_blending.py::test_alpha_blending_over[front_color74-back_color74-expected_blended_color74] [32mPASSED[0m[32m [ 11%][0m
2025-02-28T15:25:32.2872962Z tests/colors/test_alpha_blending.py::test_alpha_blending_over[front_color75-back_color75-expected_blended_color75] [32mPASSED[0m[32m [ 11%][0m
2025-02-28T15:25:32.2892947Z tests/colors/test_alpha_blending.py::test_alpha_blending_over[front_color76-back_color76-expected_blended_color76] [32mPASSED[0m[32m [ 11%][0m
2025-02-28T15:25:32.2911332Z tests/colors/test_alpha_blending.py::test_alpha_blending_over[front_color77-back_color77-expected_blended_color77] [32mPASSED[0m[32m [ 12%][0m
2025-02-28T15:25:32.2930104Z tests/colors/test_alpha_blending.py::test_alpha_blending_over[front_color78-back_color78-expected_blended_color78] [32mPASSED[0m[32m [ 12%][0m
2025-02-28T15:25:32.2948827Z tests/colors/test_alpha_blending.py::test_alpha_blending_over[front_color79-back_color79-expected_blended_color79] [32mPASSED[0m[32m [ 12%][0m
2025-02-28T15:25:32.2967727Z tests/colors/test_alpha_blending.py::test_alpha_blending_over[front_color80-back_color80-expected_blended_color80] [32mPASSED[0m[32m [ 12%][0m
2025-02-28T15:25:32.3012138Z tests/colors/test_alpha_blending.py::test_alpha_unblend_over[front_color0-back_color0] [32mPASSED[0m[32m [ 12%][0m
2025-02-28T15:25:32.3030454Z tests/colors/test_alpha_blending.py::test_alpha_unblend_over[front_color1-back_color1] [32mPASSED[0m[32m [ 12%][0m
2025-02-28T15:25:32.3048758Z tests/colors/test_alpha_blending.py::test_alpha_unblend_over[front_color2-back_color2] [32mPASSED[0m[32m [ 13%][0m
2025-02-28T15:25:32.3067001Z tests/colors/test_alpha_blending.py::test_alpha_unblend_over[front_color3-back_color3] [32mPASSED[0m[32m [ 13%][0m
2025-02-28T15:25:32.3085315Z tests/colors/test_alpha_blending.py::test_alpha_unblend_over[front_color4-back_color4] [32mPASSED[0m[32m [ 13%][0m
2025-02-28T15:25:32.3103894Z tests/colors/test_alpha_blending.py::test_alpha_unblend_over[front_color5-back_color5] [32mPASSED[0m[32m [ 13%][0m
2025-02-28T15:25:32.3122256Z tests/colors/test_alpha_blending.py::test_alpha_unblend_over[front_color6-back_color6] [32mPASSED[0m[32m [ 13%][0m
2025-02-28T15:25:32.3139308Z tests/colors/test_alpha_blending.py::test_alpha_unblend_over[front_color7-back_color7] [32mPASSED[0m[32m [ 13%][0m
2025-02-28T15:25:32.3157640Z tests/colors/test_alpha_blending.py::test_alpha_unblend_over[front_color8-back_color8] [32mPASSED[0m[32m [ 13%][0m
2025-02-28T15:25:32.3175799Z tests/colors/test_alpha_blending.py::test_alpha_unblend_over[front_color9-back_color9] [32mPASSED[0m[32m [ 14%][0m
2025-02-28T15:25:32.3194144Z tests/colors/test_alpha_blending.py::test_alpha_unblend_over[front_color10-back_color10] [32mPASSED[0m[32m [ 14%][0m
2025-02-28T15:25:32.3212690Z tests/colors/test_alpha_blending.py::test_alpha_unblend_over[front_color11-back_color11] [32mPASSED[0m[32m [ 14%][0m
2025-02-28T15:25:32.3231382Z tests/colors/test_alpha_blending.py::test_alpha_unblend_over[front_color12-back_color12] [32mPASSED[0m[32m [ 14%][0m
2025-02-28T15:25:32.3250021Z tests/colors/test_alpha_blending.py::test_alpha_unblend_over[front_color13-back_color13] [32mPASSED[0m[32m [ 14%][0m
2025-02-28T15:25:32.3269020Z tests/colors/test_alpha_blending.py::test_alpha_unblend_over[front_color14-back_color14] [32mPASSED[0m[32m [ 14%][0m
2025-02-28T15:25:32.3287738Z tests/colors/test_alpha_blending.py::test_alpha_unblend_over[front_color15-back_color15] [32mPASSED[0m[32m [ 15%][0m
2025-02-28T15:25:32.3305660Z tests/colors/test_alpha_blending.py::test_alpha_unblend_over[front_color16-back_color16] [32mPASSED[0m[32m [ 15%][0m
2025-02-28T15:25:32.3324076Z tests/colors/test_alpha_blending.py::test_alpha_unblend_over[front_color17-back_color17] [32mPASSED[0m[32m [ 15%][0m
2025-02-28T15:25:32.3347165Z tests/colors/test_alpha_blending.py::test_alpha_unblend_over[front_color18-back_color18] [32mPASSED[0m[32m [ 15%][0m
2025-02-28T15:25:32.3366596Z tests/colors/test_alpha_blending.py::test_alpha_unblend_over[front_color19-back_color19] [32mPASSED[0m[32m [ 15%][0m
2025-02-28T15:25:32.3385778Z tests/colors/test_alpha_blending.py::test_alpha_unblend_over[front_color20-back_color20] [32mPASSED[0m[32m [ 15%][0m
2025-02-28T15:25:32.3404628Z tests/colors/test_alpha_blending.py::test_alpha_unblend_over[front_color21-back_color21] [32mPASSED[0m[32m [ 15%][0m
2025-02-28T15:25:32.3423436Z tests/colors/test_alpha_blending.py::test_alpha_unblend_over[front_color22-back_color22] [32mPASSED[0m[32m [ 16%][0m
2025-02-28T15:25:32.3443790Z tests/colors/test_alpha_blending.py::test_alpha_unblend_over[front_color23-back_color23] [32mPASSED[0m[32m [ 16%][0m
2025-02-28T15:25:32.3462328Z tests/colors/test_alpha_blending.py::test_alpha_unblend_over[front_color24-back_color24] [32mPASSED[0m[32m [ 16%][0m
2025-02-28T15:25:32.3480625Z tests/colors/test_alpha_blending.py::test_alpha_unblend_over[front_color25-back_color25] [32mPASSED[0m[32m [ 16%][0m
2025-02-28T15:25:32.3499139Z tests/colors/test_alpha_blending.py::test_alpha_unblend_over[front_color26-back_color26] [32mPASSED[0m[32m [ 16%][0m
2025-02-28T15:25:32.3517075Z tests/colors/test_alpha_blending.py::test_alpha_unblend_over[front_color27-back_color27] [32mPASSED[0m[32m [ 16%][0m
2025-02-28T15:25:32.3535702Z tests/colors/test_alpha_blending.py::test_alpha_unblend_over[front_color28-back_color28] [32mPASSED[0m[32m [ 17%][0m
2025-02-28T15:25:32.3554154Z tests/colors/test_alpha_blending.py::test_alpha_unblend_over[front_color29-back_color29] [32mPASSED[0m[32m [ 17%][0m
2025-02-28T15:25:32.3571844Z tests/colors/test_alpha_blending.py::test_alpha_unblend_over[front_color30-back_color30] [32mPASSED[0m[32m [ 17%][0m
2025-02-28T15:25:32.3590312Z tests/colors/test_alpha_blending.py::test_alpha_unblend_over[front_color31-back_color31] [32mPASSED[0m[32m [ 17%][0m
2025-02-28T15:25:32.3608819Z tests/colors/test_alpha_blending.py::test_alpha_unblend_over[front_color32-back_color32] [32mPASSED[0m[32m [ 17%][0m
2025-02-28T15:25:32.3627078Z tests/colors/test_alpha_blending.py::test_alpha_unblend_over[front_color33-back_color33] [32mPASSED[0m[32m [ 17%][0m
2025-02-28T15:25:32.3645785Z tests/colors/test_alpha_blending.py::test_alpha_unblend_over[front_color34-back_color34] [32mPASSED[0m[32m [ 17%][0m
2025-02-28T15:25:32.3665064Z tests/colors/test_alpha_blending.py::test_alpha_unblend_over[front_color35-back_color35] [32mPASSED[0m[32m [ 18%][0m
2025-02-28T15:25:32.3683779Z tests/colors/test_alpha_blending.py::test_alpha_unblend_over[front_color36-back_color36] [32mPASSED[0m[32m [ 18%][0m
2025-02-28T15:25:32.3701162Z tests/colors/test_alpha_blending.py::test_alpha_unblend_over[front_color37-back_color37] [32mPASSED[0m[32m [ 18%][0m
2025-02-28T15:25:32.3719638Z tests/colors/test_alpha_blending.py::test_alpha_unblend_over[front_color38-back_color38] [32mPASSED[0m[32m [ 18%][0m
2025-02-28T15:25:32.3738021Z tests/colors/test_alpha_blending.py::test_alpha_unblend_over[front_color39-back_color39] [32mPASSED[0m[32m [ 18%][0m
2025-02-28T15:25:32.3756133Z tests/colors/test_alpha_blending.py::test_alpha_unblend_over[front_color40-back_color40] [32mPASSED[0m[32m [ 18%][0m
2025-02-28T15:25:32.3774897Z tests/colors/test_alpha_blending.py::test_alpha_unblend_over[front_color41-back_color41] [32mPASSED[0m[32m [ 19%][0m
2025-02-28T15:25:32.3793483Z tests/colors/test_alpha_blending.py::test_alpha_unblend_over[front_color42-back_color42] [32mPASSED[0m[32m [ 19%][0m
2025-02-28T15:25:32.3812335Z tests/colors/test_alpha_blending.py::test_alpha_unblend_over[front_color43-back_color43] [32mPASSED[0m[32m [ 19%][0m
2025-02-28T15:25:32.3831517Z tests/colors/test_alpha_blending.py::test_alpha_unblend_over[front_color44-back_color44] [32mPASSED[0m[32m [ 19%][0m
2025-02-28T15:25:32.3850446Z tests/colors/test_alpha_blending.py::test_alpha_unblend_over[front_color45-back_color45] [32mPASSED[0m[32m [ 19%][0m
2025-02-28T15:25:32.3868991Z tests/colors/test_alpha_blending.py::test_alpha_unblend_over[front_color46-back_color46] [32mPASSED[0m[32m [ 19%][0m
2025-02-28T15:25:32.3887058Z tests/colors/test_alpha_blending.py::test_alpha_unblend_over[front_color47-back_color47] [32mPASSED[0m[32m [ 20%][0m
2025-02-28T15:25:32.3905567Z tests/colors/test_alpha_blending.py::test_alpha_unblend_over[front_color48-back_color48] [32mPASSED[0m[32m [ 20%][0m
2025-02-28T15:25:32.3924415Z tests/colors/test_alpha_blending.py::test_alpha_unblend_over[front_color49-back_color49] [32mPASSED[0m[32m [ 20%][0m
2025-02-28T15:25:32.3942921Z tests/colors/test_alpha_blending.py::test_alpha_unblend_over[front_color50-back_color50] [32mPASSED[0m[32m [ 20%][0m
2025-02-28T15:25:32.3961523Z tests/colors/test_alpha_blending.py::test_alpha_unblend_over[front_color51-back_color51] [32mPASSED[0m[32m [ 20%][0m
2025-02-28T15:25:32.3980530Z tests/colors/test_alpha_blending.py::test_alpha_unblend_over[front_color52-back_color52] [32mPASSED[0m[32m [ 20%][0m
2025-02-28T15:25:32.3998910Z tests/colors/test_alpha_blending.py::test_alpha_unblend_over[front_color53-back_color53] [32mPASSED[0m[32m [ 20%][0m
2025-02-28T15:25:32.4018189Z tests/colors/test_alpha_blending.py::test_alpha_unblend_over[front_color54-back_color54] [32mPASSED[0m[32m [ 21%][0m
2025-02-28T15:25:32.4036737Z tests/colors/test_alpha_blending.py::test_alpha_unblend_over[front_color55-back_color55] [32mPASSED[0m[32m [ 21%][0m
2025-02-28T15:25:32.4055551Z tests/colors/test_alpha_blending.py::test_alpha_unblend_over[front_color56-back_color56] [32mPASSED[0m[32m [ 21%][0m
2025-02-28T15:25:32.4073855Z tests/colors/test_alpha_blending.py::test_alpha_unblend_over[front_color57-back_color57] [32mPASSED[0m[32m [ 21%][0m
2025-02-28T15:25:32.4092295Z tests/colors/test_alpha_blending.py::test_alpha_unblend_over[front_color58-back_color58] [32mPASSED[0m[32m [ 21%][0m
2025-02-28T15:25:32.4110441Z tests/colors/test_alpha_blending.py::test_alpha_unblend_over[front_color59-back_color59] [32mPASSED[0m[32m [ 21%][0m
2025-02-28T15:25:32.4128926Z tests/colors/test_alpha_blending.py::test_alpha_unblend_over[front_color60-back_color60] [32mPASSED[0m[32m [ 22%][0m
2025-02-28T15:25:32.4146991Z tests/colors/test_alpha_blending.py::test_alpha_unblend_over[front_color61-back_color61] [32mPASSED[0m[32m [ 22%][0m
2025-02-28T15:25:32.4166321Z tests/colors/test_alpha_blending.py::test_alpha_unblend_over[front_color62-back_color62] [32mPASSED[0m[32m [ 22%][0m
2025-02-28T15:25:32.4185059Z tests/colors/test_alpha_blending.py::test_alpha_unblend_over[front_color63-back_color63] [32mPASSED[0m[32m [ 22%][0m
2025-02-28T15:25:32.4207408Z tests/colors/test_alpha_blending.py::test_alpha_unblend_over[front_color64-back_color64] [32mPASSED[0m[32m [ 22%][0m
2025-02-28T15:25:32.4227158Z tests/colors/test_alpha_blending.py::test_alpha_unblend_over[front_color65-back_color65] [32mPASSED[0m[32m [ 22%][0m
2025-02-28T15:25:32.4245549Z tests/colors/test_alpha_blending.py::test_alpha_unblend_over[front_color66-back_color66] [32mPASSED[0m[32m [ 22%][0m
2025-02-28T15:25:32.4262960Z tests/colors/test_alpha_blending.py::test_alpha_unblend_over[front_color67-back_color67] [32mPASSED[0m[32m [ 23%][0m
2025-02-28T15:25:32.4281147Z tests/colors/test_alpha_blending.py::test_alpha_unblend_over[front_color68-back_color68] [32mPASSED[0m[32m [ 23%][0m
2025-02-28T15:25:32.4299472Z tests/colors/test_alpha_blending.py::test_alpha_unblend_over[front_color69-back_color69] [32mPASSED[0m[32m [ 23%][0m
2025-02-28T15:25:32.4317946Z tests/colors/test_alpha_blending.py::test_alpha_unblend_over[front_color70-back_color70] [32mPASSED[0m[32m [ 23%][0m
2025-02-28T15:25:32.4336265Z tests/colors/test_alpha_blending.py::test_alpha_unblend_over[front_color71-back_color71] [32mPASSED[0m[32m [ 23%][0m
2025-02-28T15:25:32.4354643Z tests/colors/test_alpha_blending.py::test_alpha_unblend_over[front_color72-back_color72] [32mPASSED[0m[32m [ 23%][0m
2025-02-28T15:25:32.4373141Z tests/colors/test_alpha_blending.py::test_alpha_unblend_over[front_color73-back_color73] [32mPASSED[0m[32m [ 24%][0m
2025-02-28T15:25:32.4391755Z tests/colors/test_alpha_blending.py::test_alpha_unblend_over[front_color74-back_color74] [32mPASSED[0m[32m [ 24%][0m
2025-02-28T15:25:32.4413231Z tests/colors/test_alpha_blending.py::test_alpha_unblend_over[front_color75-back_color75] [32mPASSED[0m[32m [ 24%][0m
2025-02-28T15:25:32.4432047Z tests/colors/test_color_conversion.py::test_rgba_to_rgb[input_color0-expected_color0] [32mPASSED[0m[32m [ 24%][0m
2025-02-28T15:25:32.4447865Z tests/colors/test_color_conversion.py::test_rgba_to_rgb[input_color1-expected_color1] [32mPASSED[0m[32m [ 24%][0m
2025-02-28T15:25:32.4464523Z tests/colors/test_color_conversion.py::test_rgba_to_rgb[input_color2-expected_color2] [32mPASSED[0m[32m [ 24%][0m
2025-02-28T15:25:32.4481776Z tests/colors/test_color_conversion.py::test_rgba_to_rgb[input_color3-expected_color3] [32mPASSED[0m[32m [ 24%][0m
2025-02-28T15:25:32.4498477Z tests/colors/test_color_conversion.py::test_rgba_to_rgb[input_color4-expected_color4] [32mPASSED[0m[32m [ 25%][0m
2025-02-28T15:25:32.4515629Z tests/colors/test_color_conversion.py::test_rgba_to_rgb[input_color5-expected_color5] [32mPASSED[0m[32m [ 25%][0m
2025-02-28T15:25:32.4532900Z tests/colors/test_color_conversion.py::test_rgba_to_rgb[input_color6-expected_color6] [32mPASSED[0m[32m [ 25%][0m
2025-02-28T15:25:32.4550118Z tests/colors/test_color_conversion.py::test_rgba_to_rgb[input_color7-expected_color7] [32mPASSED[0m[32m [ 25%][0m
2025-02-28T15:25:32.4566850Z tests/colors/test_color_conversion.py::test_rgba_to_rgb[input_color8-expected_color8] [32mPASSED[0m[32m [ 25%][0m
2025-02-28T15:25:32.4583549Z tests/colors/test_color_conversion.py::test_rgba_to_rgb[input_color9-expected_color9] [32mPASSED[0m[32m [ 25%][0m
2025-02-28T15:25:32.4600767Z tests/colors/test_color_conversion.py::test_rgba_to_rgb[input_color10-expected_color10] [32mPASSED[0m[32m [ 26%][0m
2025-02-28T15:25:32.4617407Z tests/colors/test_color_conversion.py::test_rgba_to_rgb[input_color11-expected_color11] [32mPASSED[0m[32m [ 26%][0m
2025-02-28T15:25:32.4633980Z tests/colors/test_color_conversion.py::test_rgba_to_rgb[input_color12-expected_color12] [32mPASSED[0m[32m [ 26%][0m
2025-02-28T15:25:32.4651176Z tests/colors/test_color_conversion.py::test_rgba_to_rgb[input_color13-expected_color13] [32mPASSED[0m[32m [ 26%][0m
2025-02-28T15:25:32.4668279Z tests/colors/test_color_conversion.py::test_rgba_to_rgb[input_color14-expected_color14] [32mPASSED[0m[32m [ 26%][0m
2025-02-28T15:25:32.4684614Z tests/colors/test_color_conversion.py::test_rgba_to_rgb[input_color15-expected_color15] [32mPASSED[0m[32m [ 26%][0m
2025-02-28T15:25:32.4702287Z tests/colors/test_color_conversion.py::test_rgba_to_hsla[input_color0-expected_color0] [32mPASSED[0m[32m [ 26%][0m
2025-02-28T15:25:32.4719345Z tests/colors/test_color_conversion.py::test_rgba_to_hsla[input_color1-expected_color1] [32mPASSED[0m[32m [ 27%][0m
2025-02-28T15:25:32.4736559Z tests/colors/test_color_conversion.py::test_rgba_to_hsla[input_color2-expected_color2] [32mPASSED[0m[32m [ 27%][0m
2025-02-28T15:25:32.4753818Z tests/colors/test_color_conversion.py::test_rgba_to_hsla[input_color3-expected_color3] [32mPASSED[0m[32m [ 27%][0m
2025-02-28T15:25:32.4771230Z tests/colors/test_color_conversion.py::test_rgba_to_hsla[input_color4-expected_color4] [32mPASSED[0m[32m [ 27%][0m
2025-02-28T15:25:32.4788417Z tests/colors/test_color_conversion.py::test_rgba_to_hsla[input_color5-expected_color5] [32mPASSED[0m[32m [ 27%][0m
2025-02-28T15:25:32.4805721Z tests/colors/test_color_conversion.py::test_rgba_to_hsla[input_color6-expected_color6] [32mPASSED[0m[32m [ 27%][0m
2025-02-28T15:25:32.4823510Z tests/colors/test_color_conversion.py::test_rgba_to_hsla[input_color7-expected_color7] [32mPASSED[0m[32m [ 28%][0m
2025-02-28T15:25:32.4842246Z tests/colors/test_color_conversion.py::test_rgba_to_hsla[input_color8-expected_color8] [32mPASSED[0m[32m [ 28%][0m
2025-02-28T15:25:32.4860238Z tests/colors/test_color_conversion.py::test_rgba_to_hsla[input_color9-expected_color9] [32mPASSED[0m[32m [ 28%][0m
2025-02-28T15:25:32.4878238Z tests/colors/test_color_conversion.py::test_rgba_to_hsla[input_color10-expected_color10] [32mPASSED[0m[32m [ 28%][0m
2025-02-28T15:25:32.4896029Z tests/colors/test_color_conversion.py::test_rgba_to_hsla[input_color11-expected_color11] [32mPASSED[0m[32m [ 28%][0m
2025-02-28T15:25:32.4913972Z tests/colors/test_color_conversion.py::test_rgba_to_hsla[input_color12-expected_color12] [32mPASSED[0m[32m [ 28%][0m
2025-02-28T15:25:32.4931258Z tests/colors/test_color_conversion.py::test_rgba_to_hsla[input_color13-expected_color13] [32mPASSED[0m[32m [ 28%][0m
2025-02-28T15:25:32.4949076Z tests/colors/test_color_conversion.py::test_rgba_to_hsla[input_color14-expected_color14] [32mPASSED[0m[32m [ 29%][0m
2025-02-28T15:25:32.4967644Z tests/colors/test_color_conversion.py::test_rgba_to_hsla[input_color15-expected_color15] [32mPASSED[0m[32m [ 29%][0m
2025-02-28T15:25:32.4984944Z tests/colors/test_color_conversion.py::test_rgba_to_hsl[input_color0-expected_color0] [32mPASSED[0m[32m [ 29%][0m
2025-02-28T15:25:32.5002728Z tests/colors/test_color_conversion.py::test_rgba_to_hsl[input_color1-expected_color1] [32mPASSED[0m[32m [ 29%][0m
2025-02-28T15:25:32.5020422Z tests/colors/test_color_conversion.py::test_rgba_to_hsl[input_color2-expected_color2] [32mPASSED[0m[32m [ 29%][0m
2025-02-28T15:25:32.5037844Z tests/colors/test_color_conversion.py::test_rgba_to_hsl[input_color3-expected_color3] [32mPASSED[0m[32m [ 29%][0m
2025-02-28T15:25:32.5054917Z tests/colors/test_color_conversion.py::test_rgba_to_hsl[input_color4-expected_color4] [32mPASSED[0m[32m [ 30%][0m
2025-02-28T15:25:32.5072561Z tests/colors/test_color_conversion.py::test_rgba_to_hsl[input_color5-expected_color5] [32mPASSED[0m[32m [ 30%][0m
2025-02-28T15:25:32.5090184Z tests/colors/test_color_conversion.py::test_rgba_to_hsl[input_color6-expected_color6] [32mPASSED[0m[32m [ 30%][0m
2025-02-28T15:25:32.5108596Z tests/colors/test_color_conversion.py::test_rgba_to_hsl[input_color7-expected_color7] [32mPASSED[0m[32m [ 30%][0m
2025-02-28T15:25:32.5127094Z tests/colors/test_color_conversion.py::test_rgba_to_hsl[input_color8-expected_color8] [32mPASSED[0m[32m [ 30%][0m
2025-02-28T15:25:32.5145496Z tests/colors/test_color_conversion.py::test_rgba_to_hsl[input_color9-expected_color9] [32mPASSED[0m[32m [ 30%][0m
2025-02-28T15:25:32.5163542Z tests/colors/test_color_conversion.py::test_rgba_to_hsl[input_color10-expected_color10] [32mPASSED[0m[32m [ 31%][0m
2025-02-28T15:25:32.5181511Z tests/colors/test_color_conversion.py::test_rgba_to_hsl[input_color11-expected_color11] [32mPASSED[0m[32m [ 31%][0m
2025-02-28T15:25:32.5199618Z tests/colors/test_color_conversion.py::test_rgba_to_hsl[input_color12-expected_color12] [32mPASSED[0m[32m [ 31%][0m
2025-02-28T15:25:32.5217850Z tests/colors/test_color_conversion.py::test_rgba_to_hsl[input_color13-expected_color13] [32mPASSED[0m[32m [ 31%][0m
2025-02-28T15:25:32.5235919Z tests/colors/test_color_conversion.py::test_rgba_to_hsl[input_color14-expected_color14] [32mPASSED[0m[32m [ 31%][0m
2025-02-28T15:25:32.5254398Z tests/colors/test_color_conversion.py::test_rgba_to_hsl[input_color15-expected_color15] [32mPASSED[0m[32m [ 31%][0m
2025-02-28T15:25:32.5272164Z tests/colors/test_color_conversion.py::test_rgb_to_rgba[input_color0-expected_color0] [32mPASSED[0m[32m [ 31%][0m
2025-02-28T15:25:32.5289905Z tests/colors/test_color_conversion.py::test_rgb_to_rgba[input_color1-expected_color1] [32mPASSED[0m[32m [ 32%][0m
2025-02-28T15:25:32.5307102Z tests/colors/test_color_conversion.py::test_rgb_to_rgba[input_color2-expected_color2] [32mPASSED[0m[32m [ 32%][0m
2025-02-28T15:25:32.5324335Z tests/colors/test_color_conversion.py::test_rgb_to_rgba[input_color3-expected_color3] [32mPASSED[0m[32m [ 32%][0m
2025-02-28T15:25:32.5343047Z tests/colors/test_color_conversion.py::test_rgb_to_rgba[input_color4-expected_color4] [32mPASSED[0m[32m [ 32%][0m
2025-02-28T15:25:32.5360590Z tests/colors/test_color_conversion.py::test_rgb_to_rgba[input_color5-expected_color5] [32mPASSED[0m[32m [ 32%][0m
2025-02-28T15:25:32.5377975Z tests/colors/test_color_conversion.py::test_rgb_to_rgba[input_color6-expected_color6] [32mPASSED[0m[32m [ 32%][0m
2025-02-28T15:25:32.5395064Z tests/colors/test_color_conversion.py::test_rgb_to_rgba[input_color7-expected_color7] [32mPASSED[0m[32m [ 33%][0m
2025-02-28T15:25:32.5412797Z tests/colors/test_color_conversion.py::test_rgb_to_rgba[input_color8-expected_color8] [32mPASSED[0m[32m [ 33%][0m
2025-02-28T15:25:32.5429524Z tests/colors/test_color_conversion.py::test_rgb_to_rgba[input_color9-expected_color9] [32mPASSED[0m[32m [ 33%][0m
2025-02-28T15:25:32.5446704Z tests/colors/test_color_conversion.py::test_rgb_to_rgba[input_color10-expected_color10] [32mPASSED[0m[32m [ 33%][0m
2025-02-28T15:25:32.5464050Z tests/colors/test_color_conversion.py::test_rgb_to_rgba[input_color11-expected_color11] [32mPASSED[0m[32m [ 33%][0m
2025-02-28T15:25:32.5481402Z tests/colors/test_color_conversion.py::test_rgb_to_hsla[input_color0-expected_color0] [32mPASSED[0m[32m [ 33%][0m
2025-02-28T15:25:32.5498799Z tests/colors/test_color_conversion.py::test_rgb_to_hsla[input_color1-expected_color1] [32mPASSED[0m[32m [ 33%][0m
2025-02-28T15:25:32.5516086Z tests/colors/test_color_conversion.py::test_rgb_to_hsla[input_color2-expected_color2] [32mPASSED[0m[32m [ 34%][0m
2025-02-28T15:25:32.5534289Z tests/colors/test_color_conversion.py::test_rgb_to_hsla[input_color3-expected_color3] [32mPASSED[0m[32m [ 34%][0m
2025-02-28T15:25:32.5552056Z tests/colors/test_color_conversion.py::test_rgb_to_hsla[input_color4-expected_color4] [32mPASSED[0m[32m [ 34%][0m
2025-02-28T15:25:32.5569455Z tests/colors/test_color_conversion.py::test_rgb_to_hsla[input_color5-expected_color5] [32mPASSED[0m[32m [ 34%][0m
2025-02-28T15:25:32.5586672Z tests/colors/test_color_conversion.py::test_rgb_to_hsla[input_color6-expected_color6] [32mPASSED[0m[32m [ 34%][0m
2025-02-28T15:25:32.5604198Z tests/colors/test_color_conversion.py::test_rgb_to_hsla[input_color7-expected_color7] [32mPASSED[0m[32m [ 34%][0m
2025-02-28T15:25:32.5622759Z tests/colors/test_color_conversion.py::test_rgb_to_hsla[input_color8-expected_color8] [32mPASSED[0m[32m [ 35%][0m
2025-02-28T15:25:32.5641399Z tests/colors/test_color_conversion.py::test_rgb_to_hsla[input_color9-expected_color9] [32mPASSED[0m[32m [ 35%][0m
2025-02-28T15:25:32.5660633Z tests/colors/test_color_conversion.py::test_rgb_to_hsla[input_color10-expected_color10] [32mPASSED[0m[32m [ 35%][0m
2025-02-28T15:25:32.5678745Z tests/colors/test_color_conversion.py::test_rgb_to_hsla[input_color11-expected_color11] [32mPASSED[0m[32m [ 35%][0m
2025-02-28T15:25:32.5696172Z tests/colors/test_color_conversion.py::test_rgb_to_hsl[input_color0-expected_color0] [32mPASSED[0m[32m [ 35%][0m
2025-02-28T15:25:32.5714315Z tests/colors/test_color_conversion.py::test_rgb_to_hsl[input_color1-expected_color1] [32mPASSED[0m[32m [ 35%][0m
2025-02-28T15:25:32.5732511Z tests/colors/test_color_conversion.py::test_rgb_to_hsl[input_color2-expected_color2] [32mPASSED[0m[32m [ 35%][0m
2025-02-28T15:25:32.5751743Z tests/colors/test_color_conversion.py::test_rgb_to_hsl[input_color3-expected_color3] [32mPASSED[0m[32m [ 36%][0m
2025-02-28T15:25:32.5772624Z tests/colors/test_color_conversion.py::test_rgb_to_hsl[input_color4-expected_color4] [32mPASSED[0m[32m [ 36%][0m
2025-02-28T15:25:32.5792242Z tests/colors/test_color_conversion.py::test_rgb_to_hsl[input_color5-expected_color5] [32mPASSED[0m[32m [ 36%][0m
2025-02-28T15:25:32.5810314Z tests/colors/test_color_conversion.py::test_rgb_to_hsl[input_color6-expected_color6] [32mPASSED[0m[32m [ 36%][0m
2025-02-28T15:25:32.5828299Z tests/colors/test_color_conversion.py::test_rgb_to_hsl[input_color7-expected_color7] [32mPASSED[0m[32m [ 36%][0m
2025-02-28T15:25:32.5846053Z tests/colors/test_color_conversion.py::test_rgb_to_hsl[input_color8-expected_color8] [32mPASSED[0m[32m [ 36%][0m
2025-02-28T15:25:32.5864006Z tests/colors/test_color_conversion.py::test_rgb_to_hsl[input_color9-expected_color9] [32mPASSED[0m[32m [ 37%][0m
2025-02-28T15:25:32.5881700Z tests/colors/test_color_conversion.py::test_rgb_to_hsl[input_color10-expected_color10] [32mPASSED[0m[32m [ 37%][0m
2025-02-28T15:25:32.5900346Z tests/colors/test_color_conversion.py::test_rgb_to_hsl[input_color11-expected_color11] [32mPASSED[0m[32m [ 37%][0m
2025-02-28T15:25:32.5917861Z tests/colors/test_color_conversion.py::test_hsla_to_hsl[input_color0-expected_color0] [32mPASSED[0m[32m [ 37%][0m
2025-02-28T15:25:32.5934244Z tests/colors/test_color_conversion.py::test_hsla_to_hsl[input_color1-expected_color1] [32mPASSED[0m[32m [ 37%][0m
2025-02-28T15:25:32.5951680Z tests/colors/test_color_conversion.py::test_hsla_to_hsl[input_color2-expected_color2] [32mPASSED[0m[32m [ 37%][0m
2025-02-28T15:25:32.5968925Z tests/colors/test_color_conversion.py::test_hsla_to_hsl[input_color3-expected_color3] [32mPASSED[0m[32m [ 37%][0m
2025-02-28T15:25:32.5986435Z tests/colors/test_color_conversion.py::test_hsla_to_hsl[input_color4-expected_color4] [32mPASSED[0m[32m [ 38%][0m
2025-02-28T15:25:32.6003612Z tests/colors/test_color_conversion.py::test_hsla_to_hsl[input_color5-expected_color5] [32mPASSED[0m[32m [ 38%][0m
2025-02-28T15:25:32.6020643Z tests/colors/test_color_conversion.py::test_hsla_to_hsl[input_color6-expected_color6] [32mPASSED[0m[32m [ 38%][0m
2025-02-28T15:25:32.6037573Z tests/colors/test_color_conversion.py::test_hsla_to_hsl[input_color7-expected_color7] [32mPASSED[0m[32m [ 38%][0m
2025-02-28T15:25:32.6054131Z tests/colors/test_color_conversion.py::test_hsla_to_hsl[input_color8-expected_color8] [32mPASSED[0m[32m [ 38%][0m
2025-02-28T15:25:32.6071261Z tests/colors/test_color_conversion.py::test_hsla_to_hsl[input_color9-expected_color9] [32mPASSED[0m[32m [ 38%][0m
2025-02-28T15:25:32.6088083Z tests/colors/test_color_conversion.py::test_hsla_to_hsl[input_color10-expected_color10] [32mPASSED[0m[32m [ 39%][0m
2025-02-28T15:25:32.6104372Z tests/colors/test_color_conversion.py::test_hsla_to_hsl[input_color11-expected_color11] [32mPASSED[0m[32m [ 39%][0m
2025-02-28T15:25:32.6122461Z tests/colors/test_color_conversion.py::test_hsla_to_hsl[input_color12-expected_color12] [32mPASSED[0m[32m [ 39%][0m
2025-02-28T15:25:32.6140287Z tests/colors/test_color_conversion.py::test_hsla_to_hsl[input_color13-expected_color13] [32mPASSED[0m[32m [ 39%][0m
2025-02-28T15:25:32.6158622Z tests/colors/test_color_conversion.py::test_hsla_to_hsl[input_color14-expected_color14] [32mPASSED[0m[32m [ 39%][0m
2025-02-28T15:25:32.6176331Z tests/colors/test_color_conversion.py::test_hsla_to_hsl[input_color15-expected_color15] [32mPASSED[0m[32m [ 39%][0m
2025-02-28T15:25:32.6193699Z tests/colors/test_color_conversion.py::test_hsla_to_rgba[input_color0-expected_color0] [32mPASSED[0m[32m [ 40%][0m
2025-02-28T15:25:32.6211140Z tests/colors/test_color_conversion.py::test_hsla_to_rgba[input_color1-expected_color1] [32mPASSED[0m[32m [ 40%][0m
2025-02-28T15:25:32.6228698Z tests/colors/test_color_conversion.py::test_hsla_to_rgba[input_color2-expected_color2] [32mPASSED[0m[32m [ 40%][0m
2025-02-28T15:25:32.6245589Z tests/colors/test_color_conversion.py::test_hsla_to_rgba[input_color3-expected_color3] [32mPASSED[0m[32m [ 40%][0m
2025-02-28T15:25:32.6263018Z tests/colors/test_color_conversion.py::test_hsla_to_rgba[input_color4-expected_color4] [32mPASSED[0m[32m [ 40%][0m
2025-02-28T15:25:32.6280723Z tests/colors/test_color_conversion.py::test_hsla_to_rgba[input_color5-expected_color5] [32mPASSED[0m[32m [ 40%][0m
2025-02-28T15:25:32.6298018Z tests/colors/test_color_conversion.py::test_hsla_to_rgba[input_color6-expected_color6] [32mPASSED[0m[32m [ 40%][0m
2025-02-28T15:25:32.6315270Z tests/colors/test_color_conversion.py::test_hsla_to_rgba[input_color7-expected_color7] [32mPASSED[0m[32m [ 41%][0m
2025-02-28T15:25:32.6332534Z tests/colors/test_color_conversion.py::test_hsla_to_rgba[input_color8-expected_color8] [32mPASSED[0m[32m [ 41%][0m
2025-02-28T15:25:32.6350312Z tests/colors/test_color_conversion.py::test_hsla_to_rgba[input_color9-expected_color9] [32mPASSED[0m[32m [ 41%][0m
2025-02-28T15:25:32.6367832Z tests/colors/test_color_conversion.py::test_hsla_to_rgba[input_color10-expected_color10] [32mPASSED[0m[32m [ 41%][0m
2025-02-28T15:25:32.6385515Z tests/colors/test_color_conversion.py::test_hsla_to_rgba[input_color11-expected_color11] [32mPASSED[0m[32m [ 41%][0m
2025-02-28T15:25:32.6402967Z tests/colors/test_color_conversion.py::test_hsla_to_rgba[input_color12-expected_color12] [32mPASSED[0m[32m [ 41%][0m
2025-02-28T15:25:32.6420612Z tests/colors/test_color_conversion.py::test_hsla_to_rgba[input_color13-expected_color13] [32mPASSED[0m[32m [ 42%][0m
2025-02-28T15:25:32.6438816Z tests/colors/test_color_conversion.py::test_hsla_to_rgba[input_color14-expected_color14] [32mPASSED[0m[32m [ 42%][0m
2025-02-28T15:25:32.6456506Z tests/colors/test_color_conversion.py::test_hsla_to_rgba[input_color15-expected_color15] [32mPASSED[0m[32m [ 42%][0m
2025-02-28T15:25:32.6474051Z tests/colors/test_color_conversion.py::test_hsla_to_rgb[input_color0-expected_color0] [32mPASSED[0m[32m [ 42%][0m
2025-02-28T15:25:32.6491421Z tests/colors/test_color_conversion.py::test_hsla_to_rgb[input_color1-expected_color1] [32mPASSED[0m[32m [ 42%][0m
2025-02-28T15:25:32.6508873Z tests/colors/test_color_conversion.py::test_hsla_to_rgb[input_color2-expected_color2] [32mPASSED[0m[32m [ 42%][0m
2025-02-28T15:25:32.6526065Z tests/colors/test_color_conversion.py::test_hsla_to_rgb[input_color3-expected_color3] [32mPASSED[0m[32m [ 42%][0m
2025-02-28T15:25:32.6543317Z tests/colors/test_color_conversion.py::test_hsla_to_rgb[input_color4-expected_color4] [32mPASSED[0m[32m [ 43%][0m
2025-02-28T15:25:32.6561665Z tests/colors/test_color_conversion.py::test_hsla_to_rgb[input_color5-expected_color5] [32mPASSED[0m[32m [ 43%][0m
2025-02-28T15:25:32.6578783Z tests/colors/test_color_conversion.py::test_hsla_to_rgb[input_color6-expected_color6] [32mPASSED[0m[32m [ 43%][0m
2025-02-28T15:25:32.6596560Z tests/colors/test_color_conversion.py::test_hsla_to_rgb[input_color7-expected_color7] [32mPASSED[0m[32m [ 43%][0m
2025-02-28T15:25:32.6614393Z tests/colors/test_color_conversion.py::test_hsla_to_rgb[input_color8-expected_color8] [32mPASSED[0m[32m [ 43%][0m
2025-02-28T15:25:32.6631867Z tests/colors/test_color_conversion.py::test_hsla_to_rgb[input_color9-expected_color9] [32mPASSED[0m[32m [ 43%][0m
2025-02-28T15:25:32.6648949Z tests/colors/test_color_conversion.py::test_hsla_to_rgb[input_color10-expected_color10] [32mPASSED[0m[32m [ 44%][0m
2025-02-28T15:25:32.6665788Z tests/colors/test_color_conversion.py::test_hsla_to_rgb[input_color11-expected_color11] [32mPASSED[0m[32m [ 44%][0m
2025-02-28T15:25:32.6683823Z tests/colors/test_color_conversion.py::test_hsla_to_rgb[input_color12-expected_color12] [32mPASSED[0m[32m [ 44%][0m
2025-02-28T15:25:32.6701039Z tests/colors/test_color_conversion.py::test_hsla_to_rgb[input_color13-expected_color13] [32mPASSED[0m[32m [ 44%][0m
2025-02-28T15:25:32.6720165Z tests/colors/test_color_conversion.py::test_hsla_to_rgb[input_color14-expected_color14] [32mPASSED[0m[32m [ 44%][0m
2025-02-28T15:25:32.6738239Z tests/colors/test_color_conversion.py::test_hsla_to_rgb[input_color15-expected_color15] [32mPASSED[0m[32m [ 44%][0m
2025-02-28T15:25:32.6756629Z tests/colors/test_color_conversion.py::test_hsl_to_hsla[input_color0-expected_color0] [32mPASSED[0m[32m [ 44%][0m
2025-02-28T15:25:32.6773927Z tests/colors/test_color_conversion.py::test_hsl_to_hsla[input_color1-expected_color1] [32mPASSED[0m[32m [ 45%][0m
2025-02-28T15:25:32.6791364Z tests/colors/test_color_conversion.py::test_hsl_to_hsla[input_color2-expected_color2] [32mPASSED[0m[32m [ 45%][0m
2025-02-28T15:25:32.6808619Z tests/colors/test_color_conversion.py::test_hsl_to_hsla[input_color3-expected_color3] [32mPASSED[0m[32m [ 45%][0m
2025-02-28T15:25:32.6825865Z tests/colors/test_color_conversion.py::test_hsl_to_hsla[input_color4-expected_color4] [32mPASSED[0m[32m [ 45%][0m
2025-02-28T15:25:32.6843678Z tests/colors/test_color_conversion.py::test_hsl_to_hsla[input_color5-expected_color5] [32mPASSED[0m[32m [ 45%][0m
2025-02-28T15:25:32.6860958Z tests/colors/test_color_conversion.py::test_hsl_to_hsla[input_color6-expected_color6] [32mPASSED[0m[32m [ 45%][0m
2025-02-28T15:25:32.6878579Z tests/colors/test_color_conversion.py::test_hsl_to_hsla[input_color7-expected_color7] [32mPASSED[0m[32m [ 46%][0m
2025-02-28T15:25:32.6895253Z tests/colors/test_color_conversion.py::test_hsl_to_hsla[input_color8-expected_color8] [32mPASSED[0m[32m [ 46%][0m
2025-02-28T15:25:32.6912683Z tests/colors/test_color_conversion.py::test_hsl_to_hsla[input_color9-expected_color9] [32mPASSED[0m[32m [ 46%][0m
2025-02-28T15:25:32.6930187Z tests/colors/test_color_conversion.py::test_hsl_to_hsla[input_color10-expected_color10] [32mPASSED[0m[32m [ 46%][0m
2025-02-28T15:25:32.6947734Z tests/colors/test_color_conversion.py::test_hsl_to_hsla[input_color11-expected_color11] [32mPASSED[0m[32m [ 46%][0m
2025-02-28T15:25:32.6964961Z tests/colors/test_color_conversion.py::test_hsl_to_rgba[input_color0-expected_color0] [32mPASSED[0m[32m [ 46%][0m
2025-02-28T15:25:32.6982435Z tests/colors/test_color_conversion.py::test_hsl_to_rgba[input_color1-expected_color1] [32mPASSED[0m[32m [ 46%][0m
2025-02-28T15:25:32.6999882Z tests/colors/test_color_conversion.py::test_hsl_to_rgba[input_color2-expected_color2] [32mPASSED[0m[32m [ 47%][0m
2025-02-28T15:25:32.7016945Z tests/colors/test_color_conversion.py::test_hsl_to_rgba[input_color3-expected_color3] [32mPASSED[0m[32m [ 47%][0m
2025-02-28T15:25:32.7034119Z tests/colors/test_color_conversion.py::test_hsl_to_rgba[input_color4-expected_color4] [32mPASSED[0m[32m [ 47%][0m
2025-02-28T15:25:32.7051746Z tests/colors/test_color_conversion.py::test_hsl_to_rgba[input_color5-expected_color5] [32mPASSED[0m[32m [ 47%][0m
2025-02-28T15:25:32.7068986Z tests/colors/test_color_conversion.py::test_hsl_to_rgba[input_color6-expected_color6] [32mPASSED[0m[32m [ 47%][0m
2025-02-28T15:25:32.7086535Z tests/colors/test_color_conversion.py::test_hsl_to_rgba[input_color7-expected_color7] [32mPASSED[0m[32m [ 47%][0m
2025-02-28T15:25:32.7105210Z tests/colors/test_color_conversion.py::test_hsl_to_rgba[input_color8-expected_color8] [32mPASSED[0m[32m [ 48%][0m
2025-02-28T15:25:32.7122965Z tests/colors/test_color_conversion.py::test_hsl_to_rgba[input_color9-expected_color9] [32mPASSED[0m[32m [ 48%][0m
2025-02-28T15:25:32.7140254Z tests/colors/test_color_conversion.py::test_hsl_to_rgba[input_color10-expected_color10] [32mPASSED[0m[32m [ 48%][0m
2025-02-28T15:25:32.7157438Z tests/colors/test_color_conversion.py::test_hsl_to_rgba[input_color11-expected_color11] [32mPASSED[0m[32m [ 48%][0m
2025-02-28T15:25:32.7174532Z tests/colors/test_color_conversion.py::test_hsl_to_rgb[input_color0-expected_color0] [32mPASSED[0m[32m [ 48%][0m
2025-02-28T15:25:32.7191910Z tests/colors/test_color_conversion.py::test_hsl_to_rgb[input_color1-expected_color1] [32mPASSED[0m[32m [ 48%][0m
2025-02-28T15:25:32.7209042Z tests/colors/test_color_conversion.py::test_hsl_to_rgb[input_color2-expected_color2] [32mPASSED[0m[32m [ 48%][0m
2025-02-28T15:25:32.7226492Z tests/colors/test_color_conversion.py::test_hsl_to_rgb[input_color3-expected_color3] [32mPASSED[0m[32m [ 49%][0m
2025-02-28T15:25:32.7244102Z tests/colors/test_color_conversion.py::test_hsl_to_rgb[input_color4-expected_color4] [32mPASSED[0m[32m [ 49%][0m
2025-02-28T15:25:32.7261542Z tests/colors/test_color_conversion.py::test_hsl_to_rgb[input_color5-expected_color5] [32mPASSED[0m[32m [ 49%][0m
2025-02-28T15:25:32.7278474Z tests/colors/test_color_conversion.py::test_hsl_to_rgb[input_color6-expected_color6] [32mPASSED[0m[32m [ 49%][0m
2025-02-28T15:25:32.7295193Z tests/colors/test_color_conversion.py::test_hsl_to_rgb[input_color7-expected_color7] [32mPASSED[0m[32m [ 49%][0m
2025-02-28T15:25:32.7312322Z tests/colors/test_color_conversion.py::test_hsl_to_rgb[input_color8-expected_color8] [32mPASSED[0m[32m [ 49%][0m
2025-02-28T15:25:32.7329444Z tests/colors/test_color_conversion.py::test_hsl_to_rgb[input_color9-expected_color9] [32mPASSED[0m[32m [ 50%][0m
2025-02-28T15:25:32.7347900Z tests/colors/test_color_conversion.py::test_hsl_to_rgb[input_color10-expected_color10] [32mPASSED[0m[32m [ 50%][0m
2025-02-28T15:25:32.7367793Z tests/colors/test_color_conversion.py::test_hsl_to_rgb[input_color11-expected_color11] [32mPASSED[0m[32m [ 50%][0m
2025-02-28T15:25:32.7385672Z tests/colors/test_constructor.py::test_repr[rgb-value0-rgb(10, 20, 30)] [32mPASSED[0m[32m [ 50%][0m
2025-02-28T15:25:32.7402644Z tests/colors/test_constructor.py::test_repr[rgba-value1-rgba(10, 20, 30, 0.5)] [32mPASSED[0m[32m [ 50%][0m
2025-02-28T15:25:32.7419171Z tests/colors/test_constructor.py::test_repr[hsl-value2-hsl(10, 0.2, 0.3)] [32mPASSED[0m[32m [ 50%][0m
2025-02-28T15:25:32.7435773Z tests/colors/test_constructor.py::test_repr[hsla-value3-hsla(10, 0.2, 0.3, 0.5)] [32mPASSED[0m[32m [ 51%][0m
2025-02-28T15:25:32.7450347Z tests/colors/test_constructor.py::test_rgb_hash [32mPASSED[0m[32m                   [ 51%][0m
2025-02-28T15:25:32.7464848Z tests/colors/test_constructor.py::test_rgba_hash [32mPASSED[0m[32m                  [ 51%][0m
2025-02-28T15:25:32.7479161Z tests/colors/test_constructor.py::test_hsl_hash [32mPASSED[0m[32m                   [ 51%][0m
2025-02-28T15:25:32.7494067Z tests/colors/test_constructor.py::test_hsla_hash [32mPASSED[0m[32m                  [ 51%][0m
2025-02-28T15:25:32.7511326Z tests/colors/test_constructor.py::test_hsl[value0-expected0] [32mPASSED[0m[32m      [ 51%][0m
2025-02-28T15:25:32.7528324Z tests/colors/test_constructor.py::test_hsl[value1-expected1] [32mPASSED[0m[32m      [ 51%][0m
2025-02-28T15:25:32.7545319Z tests/colors/test_constructor.py::test_hsl[value2-expected2] [32mPASSED[0m[32m      [ 52%][0m
2025-02-28T15:25:32.7562960Z tests/colors/test_constructor.py::test_hsl[value3-expected3] [32mPASSED[0m[32m      [ 52%][0m
2025-02-28T15:25:32.7580417Z tests/colors/test_constructor.py::test_hsl[value4-expected4] [32mPASSED[0m[32m      [ 52%][0m
2025-02-28T15:25:32.7597491Z tests/colors/test_constructor.py::test_hsl[value5-expected5] [32mPASSED[0m[32m      [ 52%][0m
2025-02-28T15:25:32.7614147Z tests/colors/test_constructor.py::test_hsl[value6-expected6] [32mPASSED[0m[32m      [ 52%][0m
2025-02-28T15:25:32.7631088Z tests/colors/test_constructor.py::test_hsl[value7-expected7] [32mPASSED[0m[32m      [ 52%][0m
2025-02-28T15:25:32.7647920Z tests/colors/test_constructor.py::test_hsl[value8-expected8] [32mPASSED[0m[32m      [ 53%][0m
2025-02-28T15:25:32.7664840Z tests/colors/test_constructor.py::test_hsl[value9-expected9] [32mPASSED[0m[32m      [ 53%][0m
2025-02-28T15:25:32.7682151Z tests/colors/test_constructor.py::test_hsl[value10-expected10] [32mPASSED[0m[32m    [ 53%][0m
2025-02-28T15:25:32.7699457Z tests/colors/test_constructor.py::test_hsl[value11-expected11] [32mPASSED[0m[32m    [ 53%][0m
2025-02-28T15:25:32.7716283Z tests/colors/test_constructor.py::test_hsl[value12-expected12] [32mPASSED[0m[32m    [ 53%][0m
2025-02-28T15:25:32.7733394Z tests/colors/test_constructor.py::test_hsl[value13-expected13] [32mPASSED[0m[32m    [ 53%][0m
2025-02-28T15:25:32.7750451Z tests/colors/test_constructor.py::test_hsl[value14-expected14] [32mPASSED[0m[32m    [ 53%][0m
2025-02-28T15:25:32.7767856Z tests/colors/test_constructor.py::test_hsl[value15-expected15] [32mPASSED[0m[32m    [ 54%][0m
2025-02-28T15:25:32.7784356Z tests/colors/test_constructor.py::test_hsl[value16-expected16] [32mPASSED[0m[32m    [ 54%][0m
2025-02-28T15:25:32.7801580Z tests/colors/test_constructor.py::test_hsl[value17-expected17] [32mPASSED[0m[32m    [ 54%][0m
2025-02-28T15:25:32.7818353Z tests/colors/test_constructor.py::test_hsl[value18-expected18] [32mPASSED[0m[32m    [ 54%][0m
2025-02-28T15:25:32.7835013Z tests/colors/test_constructor.py::test_hsl[value19-expected19] [32mPASSED[0m[32m    [ 54%][0m
2025-02-28T15:25:32.7852213Z tests/colors/test_constructor.py::test_hsl[value20-expected20] [32mPASSED[0m[32m    [ 54%][0m
2025-02-28T15:25:32.7869126Z tests/colors/test_constructor.py::test_hsl[value21-expected21] [32mPASSED[0m[32m    [ 55%][0m
2025-02-28T15:25:32.7885957Z tests/colors/test_constructor.py::test_hsl[value22-expected22] [32mPASSED[0m[32m    [ 55%][0m
2025-02-28T15:25:32.7904205Z tests/colors/test_constructor.py::test_hsl[value23-expected23] [32mPASSED[0m[32m    [ 55%][0m
2025-02-28T15:25:32.7921492Z tests/colors/test_constructor.py::test_hsl[value24-expected24] [32mPASSED[0m[32m    [ 55%][0m
2025-02-28T15:25:32.7938827Z tests/colors/test_constructor.py::test_hsl[value25-expected25] [32mPASSED[0m[32m    [ 55%][0m
2025-02-28T15:25:32.7955822Z tests/colors/test_constructor.py::test_hsl[value26-expected26] [32mPASSED[0m[32m    [ 55%][0m
2025-02-28T15:25:32.7973028Z tests/colors/test_constructor.py::test_hsl[value27-expected27] [32mPASSED[0m[32m    [ 55%][0m
2025-02-28T15:25:32.7990078Z tests/colors/test_constructor.py::test_hsl[value28-expected28] [32mPASSED[0m[32m    [ 56%][0m
2025-02-28T15:25:32.8006842Z tests/colors/test_constructor.py::test_hsl[value29-expected29] [32mPASSED[0m[32m    [ 56%][0m
2025-02-28T15:25:32.8024006Z tests/colors/test_constructor.py::test_hsl[value30-expected30] [32mPASSED[0m[32m    [ 56%][0m
2025-02-28T15:25:32.8041063Z tests/colors/test_constructor.py::test_hsl[value31-expected31] [32mPASSED[0m[32m    [ 56%][0m
2025-02-28T15:25:32.8058810Z tests/colors/test_constructor.py::test_hsl[value32-expected32] [32mPASSED[0m[32m    [ 56%][0m
2025-02-28T15:25:32.8076562Z tests/colors/test_constructor.py::test_hsl[value33-expected33] [32mPASSED[0m[32m    [ 56%][0m
2025-02-28T15:25:32.8094637Z tests/colors/test_constructor.py::test_hsl[value34-expected34] [32mPASSED[0m[32m    [ 57%][0m
2025-02-28T15:25:32.8111689Z tests/colors/test_constructor.py::test_hsl[value35-expected35] [32mPASSED[0m[32m    [ 57%][0m
2025-02-28T15:25:32.8128575Z tests/colors/test_constructor.py::test_hsl[value36-expected36] [32mPASSED[0m[32m    [ 57%][0m
2025-02-28T15:25:32.8145353Z tests/colors/test_constructor.py::test_hsl[value37-expected37] [32mPASSED[0m[32m    [ 57%][0m
2025-02-28T15:25:32.8164342Z tests/colors/test_constructor.py::test_hsl[value38-expected38] [32mPASSED[0m[32m    [ 57%][0m
2025-02-28T15:25:32.8181072Z tests/colors/test_constructor.py::test_hsl[value39-expected39] [32mPASSED[0m[32m    [ 57%][0m
2025-02-28T15:25:32.8198798Z tests/colors/test_constructor.py::test_hsl[value40-expected40] [32mPASSED[0m[32m    [ 57%][0m
2025-02-28T15:25:32.8216037Z tests/colors/test_constructor.py::test_hsl[value41-expected41] [32mPASSED[0m[32m    [ 58%][0m
2025-02-28T15:25:32.8233332Z tests/colors/test_constructor.py::test_hsl[value42-expected42] [32mPASSED[0m[32m    [ 58%][0m
2025-02-28T15:25:32.8250352Z tests/colors/test_constructor.py::test_hsl[value43-expected43] [32mPASSED[0m[32m    [ 58%][0m
2025-02-28T15:25:32.8267824Z tests/colors/test_constructor.py::test_hsl[value44-expected44] [32mPASSED[0m[32m    [ 58%][0m
2025-02-28T15:25:32.8285173Z tests/colors/test_constructor.py::test_hsl[value45-expected45] [32mPASSED[0m[32m    [ 58%][0m
2025-02-28T15:25:32.8302150Z tests/colors/test_constructor.py::test_hsl[value46-expected46] [32mPASSED[0m[32m    [ 58%][0m
2025-02-28T15:25:32.8319694Z tests/colors/test_constructor.py::test_hsl[value47-expected47] [32mPASSED[0m[32m    [ 59%][0m
2025-02-28T15:25:32.8336570Z tests/colors/test_constructor.py::test_hsl[value48-expected48] [32mPASSED[0m[32m    [ 59%][0m
2025-02-28T15:25:32.8353947Z tests/colors/test_constructor.py::test_hsl[value49-expected49] [32mPASSED[0m[32m    [ 59%][0m
2025-02-28T15:25:32.8371736Z tests/colors/test_constructor.py::test_hsl_alpha[value0-expected0] [32mPASSED[0m[32m [ 59%][0m
2025-02-28T15:25:32.8404683Z tests/colors/test_constructor.py::test_hsl_alpha[value1-expected1] [32mPASSED[0m[32m [ 59%][0m
2025-02-28T15:25:32.8406230Z tests/colors/test_constructor.py::test_hsl_alpha[value2-expected2] [32mPASSED[0m[32m [ 59%][0m
2025-02-28T15:25:32.8424006Z tests/colors/test_constructor.py::test_hsl_alpha[value3-expected3] [32mPASSED[0m[32m [ 60%][0m
2025-02-28T15:25:32.8441343Z tests/colors/test_constructor.py::test_hsl_alpha[value4-expected4] [32mPASSED[0m[32m [ 60%][0m
2025-02-28T15:25:32.8467888Z tests/colors/test_constructor.py::test_hsl_alpha[value5-expected5] [32mPASSED[0m[32m [ 60%][0m
2025-02-28T15:25:32.8484498Z tests/colors/test_constructor.py::test_hsl_alpha[value6-expected6] [32mPASSED[0m[32m [ 60%][0m
2025-02-28T15:25:32.8522587Z tests/colors/test_constructor.py::test_invalid_color_constructor[rgb-value0-red-0-255--1] [32mPASSED[0m[32m [ 60%][0m
2025-02-28T15:25:32.8560201Z tests/colors/test_constructor.py::test_invalid_color_constructor[rgb-value1-red-0-255-256] [32mPASSED[0m[32m [ 60%][0m
2025-02-28T15:25:32.8596434Z tests/colors/test_constructor.py::test_invalid_color_constructor[rgb-value2-green-0-255--1] [32mPASSED[0m[32m [ 60%][0m
2025-02-28T15:25:32.8633364Z tests/colors/test_constructor.py::test_invalid_color_constructor[rgb-value3-green-0-255-256] [32mPASSED[0m[32m [ 61%][0m
2025-02-28T15:25:32.8669786Z tests/colors/test_constructor.py::test_invalid_color_constructor[rgb-value4-blue-0-255--1] [32mPASSED[0m[32m [ 61%][0m
2025-02-28T15:25:32.8707491Z tests/colors/test_constructor.py::test_invalid_color_constructor[rgb-value5-blue-0-255-256] [32mPASSED[0m[32m [ 61%][0m
2025-02-28T15:25:32.8726805Z tests/colors/test_constructor.py::test_invalid_color_constructor[rgba-value6-red-0-255--1] [32mPASSED[0m[32m [ 61%][0m
2025-02-28T15:25:32.8746042Z tests/colors/test_constructor.py::test_invalid_color_constructor[rgba-value7-red-0-255-256] [32mPASSED[0m[32m [ 61%][0m
2025-02-28T15:25:32.8765414Z tests/colors/test_constructor.py::test_invalid_color_constructor[rgba-value8-green-0-255--1] [32mPASSED[0m[32m [ 61%][0m
2025-02-28T15:25:32.8784640Z tests/colors/test_constructor.py::test_invalid_color_constructor[rgba-value9-green-0-255-256] [32mPASSED[0m[32m [ 62%][0m
2025-02-28T15:25:32.8804241Z tests/colors/test_constructor.py::test_invalid_color_constructor[rgba-value10-blue-0-255--1] [32mPASSED[0m[32m [ 62%][0m
2025-02-28T15:25:32.8823956Z tests/colors/test_constructor.py::test_invalid_color_constructor[rgba-value11-blue-0-255-256] [32mPASSED[0m[32m [ 62%][0m
2025-02-28T15:25:32.8861742Z tests/colors/test_constructor.py::test_invalid_color_constructor[rgba-value12-alpha-0-1--0.5] [32mPASSED[0m[32m [ 62%][0m
2025-02-28T15:25:32.8898358Z tests/colors/test_constructor.py::test_invalid_color_constructor[rgba-value13-alpha-0-1-1.1] [32mPASSED[0m[32m [ 62%][0m
2025-02-28T15:25:32.8933782Z tests/colors/test_constructor.py::test_invalid_color_constructor[hsl-value14-hue-0-360--1] [32mPASSED[0m[32m [ 62%][0m
2025-02-28T15:25:32.8969798Z tests/colors/test_constructor.py::test_invalid_color_constructor[hsl-value15-hue-0-360-361] [32mPASSED[0m[32m [ 62%][0m
2025-02-28T15:25:32.9008473Z tests/colors/test_constructor.py::test_invalid_color_constructor[hsl-value16-saturation-0-1--0.1] [32mPASSED[0m[32m [ 63%][0m
2025-02-28T15:25:32.9046573Z tests/colors/test_constructor.py::test_invalid_color_constructor[hsl-value17-saturation-0-1-1.1] [32mPASSED[0m[32m [ 63%][0m
2025-02-28T15:25:32.9085716Z tests/colors/test_constructor.py::test_invalid_color_constructor[hsl-value18-lightness-0-1--0.1] [32mPASSED[0m[32m [ 63%][0m
2025-02-28T15:25:32.9123739Z tests/colors/test_constructor.py::test_invalid_color_constructor[hsl-value19-lightness-0-1-1.1] [32mPASSED[0m[32m [ 63%][0m
2025-02-28T15:25:32.9143530Z tests/colors/test_constructor.py::test_invalid_color_constructor[hsla-value20-hue-0-360--1] [32mPASSED[0m[32m [ 63%][0m
2025-02-28T15:25:32.9164458Z tests/colors/test_constructor.py::test_invalid_color_constructor[hsla-value21-hue-0-360-361] [32mPASSED[0m[32m [ 63%][0m
2025-02-28T15:25:32.9185970Z tests/colors/test_constructor.py::test_invalid_color_constructor[hsla-value22-saturation-0-1--0.1] [32mPASSED[0m[32m [ 64%][0m
2025-02-28T15:25:32.9207978Z tests/colors/test_constructor.py::test_invalid_color_constructor[hsla-value23-saturation-0-1-1.1] [32mPASSED[0m[32m [ 64%][0m
2025-02-28T15:25:32.9229676Z tests/colors/test_constructor.py::test_invalid_color_constructor[hsla-value24-lightness-0-1--0.1] [32mPASSED[0m[32m [ 64%][0m
2025-02-28T15:25:32.9251423Z tests/colors/test_constructor.py::test_invalid_color_constructor[hsla-value25-lightness-0-1-1.1] [32mPASSED[0m[32m [ 64%][0m
2025-02-28T15:25:32.9289190Z tests/colors/test_constructor.py::test_invalid_color_constructor[hsla-value26-alpha-0-1--0.1] [32mPASSED[0m[32m [ 64%][0m
2025-02-28T15:25:32.9311907Z tests/colors/test_constructor.py::test_invalid_color_constructor[hsla-value27-alpha-0-1-1.1] [32mPASSED[0m[32m [ 64%][0m
2025-02-28T15:25:32.9327083Z tests/colors/test_parsing.py::test_noop [32mPASSED[0m[32m                           [ 64%][0m
2025-02-28T15:25:32.9343467Z tests/colors/test_parsing.py::test_rgb[rgb(1,2,3)-expected0] [32mPASSED[0m[32m      [ 65%][0m
2025-02-28T15:25:32.9359915Z tests/colors/test_parsing.py::test_rgb[rgb(1, 2, 3)-expected1] [32mPASSED[0m[32m    [ 65%][0m
2025-02-28T15:25:32.9375663Z tests/colors/test_parsing.py::test_rgb[rgb( 1 , 2 , 3)-expected2] [32mPASSED[0m[32m [ 65%][0m
2025-02-28T15:25:32.9391941Z tests/colors/test_parsing.py::test_rgb[#123-expected3] [32mPASSED[0m[32m            [ 65%][0m
2025-02-28T15:25:32.9407765Z tests/colors/test_parsing.py::test_rgb[#112233-expected4] [32mPASSED[0m[32m         [ 65%][0m
2025-02-28T15:25:32.9423560Z tests/colors/test_parsing.py::test_rgb[#abc-expected5] [32mPASSED[0m[32m            [ 65%][0m
2025-02-28T15:25:32.9440016Z tests/colors/test_parsing.py::test_rgb[#ABC-expected6] [32mPASSED[0m[32m            [ 66%][0m
2025-02-28T15:25:32.9455832Z tests/colors/test_parsing.py::test_rgb[#abcdef-expected7] [32mPASSED[0m[32m         [ 66%][0m
2025-02-28T15:25:32.9472002Z tests/colors/test_parsing.py::test_rgb[#ABCDEF-expected8] [32mPASSED[0m[32m         [ 66%][0m
2025-02-28T15:25:32.9493451Z tests/colors/test_parsing.py::test_rgb_invalid[10, 20] [32mPASSED[0m[32m            [ 66%][0m
2025-02-28T15:25:32.9508832Z tests/colors/test_parsing.py::test_rgb_invalid[a, 10, 20] [32mPASSED[0m[32m         [ 66%][0m
2025-02-28T15:25:32.9525068Z tests/colors/test_parsing.py::test_rgb_invalid[10, b, 20] [32mPASSED[0m[32m         [ 66%][0m
2025-02-28T15:25:32.9540666Z tests/colors/test_parsing.py::test_rgb_invalid[10, 20, c] [32mPASSED[0m[32m         [ 66%][0m
2025-02-28T15:25:32.9556381Z tests/colors/test_parsing.py::test_rgb_invalid[10, 20, 30, 0.5] [32mPASSED[0m[32m   [ 67%][0m
2025-02-28T15:25:32.9572781Z tests/colors/test_parsing.py::test_rgba[rgba(1,2,3,0.5)-expected0] [32mPASSED[0m[32m [ 67%][0m
2025-02-28T15:25:32.9588746Z tests/colors/test_parsing.py::test_rgba[rgba(1, 2, 3, 0.5)-expected1] [32mPASSED[0m[32m [ 67%][0m
2025-02-28T15:25:32.9604412Z tests/colors/test_parsing.py::test_rgba[rgba( 1 , 2 , 3 , 0.5)-expected2] [32mPASSED[0m[32m [ 67%][0m
2025-02-28T15:25:32.9620447Z tests/colors/test_parsing.py::test_rgba[#1234-expected3] [32mPASSED[0m[32m          [ 67%][0m
2025-02-28T15:25:32.9636379Z tests/colors/test_parsing.py::test_rgba[#11223344-expected4] [32mPASSED[0m[32m      [ 67%][0m
2025-02-28T15:25:32.9652705Z tests/colors/test_parsing.py::test_rgba[#abcd-expected5] [32mPASSED[0m[32m          [ 68%][0m
2025-02-28T15:25:32.9669086Z tests/colors/test_parsing.py::test_rgba[#ABCD-expected6] [32mPASSED[0m[32m          [ 68%][0m
2025-02-28T15:25:32.9684968Z tests/colors/test_parsing.py::test_rgba[#abcdefba-expected7] [32mPASSED[0m[32m      [ 68%][0m
2025-02-28T15:25:32.9701331Z tests/colors/test_parsing.py::test_rgba[#ABCDEFBA-expected8] [32mPASSED[0m[32m      [ 68%][0m
2025-02-28T15:25:32.9716207Z tests/colors/test_parsing.py::test_rgba_invalid[10, 20, 30] [32mPASSED[0m[32m       [ 68%][0m
2025-02-28T15:25:32.9731383Z tests/colors/test_parsing.py::test_rgba_invalid[a, 10, 20, 0.5] [32mPASSED[0m[32m   [ 68%][0m
2025-02-28T15:25:32.9745800Z tests/colors/test_parsing.py::test_rgba_invalid[10, b, 20, 0.5] [32mPASSED[0m[32m   [ 68%][0m
2025-02-28T15:25:32.9761107Z tests/colors/test_parsing.py::test_rgba_invalid[10, 20, c, 0.5] [32mPASSED[0m[32m   [ 69%][0m
2025-02-28T15:25:32.9776216Z tests/colors/test_parsing.py::test_rgba_invalid[10, 20, 30, c] [32mPASSED[0m[32m    [ 69%][0m
2025-02-28T15:25:32.9791172Z tests/colors/test_parsing.py::test_rgba_invalid[10, 20, 30, 0.5, 5] [32mPASSED[0m[32m [ 69%][0m
2025-02-28T15:25:32.9808365Z tests/colors/test_parsing.py::test_hsl[1,20%,30%] [32mPASSED[0m[32m                 [ 69%][0m
2025-02-28T15:25:32.9823316Z tests/colors/test_parsing.py::test_hsl[1, 20%, 30%] [32mPASSED[0m[32m               [ 69%][0m
2025-02-28T15:25:32.9838541Z tests/colors/test_parsing.py::test_hsl[1, 20% , 30%] [32mPASSED[0m[32m              [ 69%][0m
2025-02-28T15:25:32.9853590Z tests/colors/test_parsing.py::test_hsl_invalid[1, 20%] [32mPASSED[0m[32m            [ 70%][0m
2025-02-28T15:25:32.9868724Z tests/colors/test_parsing.py::test_hsl_invalid[a, 20%, 30%] [32mPASSED[0m[32m       [ 70%][0m
2025-02-28T15:25:32.9884187Z tests/colors/test_parsing.py::test_hsl_invalid[1, a, 30%] [32mPASSED[0m[32m         [ 70%][0m
2025-02-28T15:25:32.9899534Z tests/colors/test_parsing.py::test_hsl_invalid[1, 20%, a)] [32mPASSED[0m[32m        [ 70%][0m
2025-02-28T15:25:32.9914391Z tests/colors/test_parsing.py::test_hsl_invalid[1, 20%, 30%, 0.5)] [32mPASSED[0m[32m [ 70%][0m
2025-02-28T15:25:32.9929968Z tests/colors/test_parsing.py::test_hsla[1,20%,30%,0.5] [32mPASSED[0m[32m            [ 70%][0m
2025-02-28T15:25:32.9945335Z tests/colors/test_parsing.py::test_hsla[1, 20%, 30%, 0.5] [32mPASSED[0m[32m         [ 71%][0m
2025-02-28T15:25:32.9961161Z tests/colors/test_parsing.py::test_hsla[ 1, 20% , 30% , 0.5] [32mPASSED[0m[32m      [ 71%][0m
2025-02-28T15:25:32.9975974Z tests/colors/test_parsing.py::test_hsla_invalid[1, 20%, 30%] [32mPASSED[0m[32m      [ 71%][0m
2025-02-28T15:25:32.9991331Z tests/colors/test_parsing.py::test_hsla_invalid[a, 20%, 30%, 0.5] [32mPASSED[0m[32m [ 71%][0m
2025-02-28T15:25:33.0006142Z tests/colors/test_parsing.py::test_hsla_invalid[1, a, 30%, 0.5] [32mPASSED[0m[32m   [ 71%][0m
2025-02-28T15:25:33.0021331Z tests/colors/test_parsing.py::test_hsla_invalid[1, 20%, a, 0.5] [32mPASSED[0m[32m   [ 71%][0m
2025-02-28T15:25:33.0036330Z tests/colors/test_parsing.py::test_hsla_invalid[1, 20%, 30%, a] [32mPASSED[0m[32m   [ 71%][0m
2025-02-28T15:25:33.0051696Z tests/colors/test_parsing.py::test_hsla_invalid[1, 20%, 30%, 0.5, 5] [32mPASSED[0m[32m [ 72%][0m
2025-02-28T15:25:33.0067851Z tests/colors/test_parsing.py::test_named_color[Red-expected0] [32mPASSED[0m[32m     [ 72%][0m
2025-02-28T15:25:33.0083453Z tests/colors/test_parsing.py::test_named_color[RED-expected1] [32mPASSED[0m[32m     [ 72%][0m
2025-02-28T15:25:33.0099612Z tests/colors/test_parsing.py::test_named_color[red-expected2] [32mPASSED[0m[32m     [ 72%][0m
2025-02-28T15:25:33.0115602Z tests/colors/test_parsing.py::test_named_color[rEd-expected3] [32mPASSED[0m[32m     [ 72%][0m
2025-02-28T15:25:33.0131558Z tests/colors/test_parsing.py::test_named_color[CornflowerBlue-expected4] [32mPASSED[0m[32m [ 72%][0m
2025-02-28T15:25:33.0147537Z tests/colors/test_parsing.py::test_named_color[cornflowerblue-expected5] [32mPASSED[0m[32m [ 73%][0m
2025-02-28T15:25:33.0163795Z tests/colors/test_parsing.py::test_named_color[CORNFLOWERBLUE-expected6] [32mPASSED[0m[32m [ 73%][0m
2025-02-28T15:25:33.0180530Z tests/colors/test_parsing.py::test_named_color[Cornflowerblue-expected7] [32mPASSED[0m[32m [ 73%][0m
2025-02-28T15:25:33.0196484Z tests/colors/test_parsing.py::test_named_color[CoRnFlOwErBlUe-expected8] [32mPASSED[0m[32m [ 73%][0m
2025-02-28T15:25:33.0210942Z tests/colors/test_parsing.py::test_named_color_invalid [32mPASSED[0m[32m            [ 73%][0m
2025-02-28T15:25:33.0225980Z tests/colors/test_parsing.py::test_hash_mark_invalid[1] [32mPASSED[0m[32m           [ 73%][0m
2025-02-28T15:25:33.0241267Z tests/colors/test_parsing.py::test_hash_mark_invalid[2] [32mPASSED[0m[32m           [ 73%][0m
2025-02-28T15:25:33.0256318Z tests/colors/test_parsing.py::test_hash_mark_invalid[5] [32mPASSED[0m[32m           [ 74%][0m
2025-02-28T15:25:33.0271946Z tests/colors/test_parsing.py::test_hash_mark_invalid[7] [32mPASSED[0m[32m           [ 74%][0m
2025-02-28T15:25:33.0286326Z tests/colors/test_parsing.py::test_hash_mark_invalid[9] [32mPASSED[0m[32m           [ 74%][0m
2025-02-28T15:25:33.0303832Z tests/colors/test_parsing.py::test_hash_mark_invalid[10] [32mPASSED[0m[32m          [ 74%][0m
2025-02-28T15:25:33.0355929Z tests/test_choices.py::test_none[Style] [32mPASSED[0m[32m                           [ 74%][0m
2025-02-28T15:25:33.0379812Z tests/test_choices.py::test_none[DeprecatedStyle] [32mPASSED[0m[32m                 [ 74%][0m
2025-02-28T15:25:33.0429151Z tests/test_choices.py::test_allow_string[Style] [32mPASSED[0m[32m                   [ 75%][0m
2025-02-28T15:25:33.0452603Z tests/test_choices.py::test_allow_string[DeprecatedStyle] [32mPASSED[0m[32m         [ 75%][0m
2025-02-28T15:25:33.0502568Z tests/test_choices.py::test_allow_integer[Style] [32mPASSED[0m[32m                  [ 75%][0m
2025-02-28T15:25:33.0523484Z tests/test_choices.py::test_allow_integer[DeprecatedStyle] [32mPASSED[0m[32m        [ 75%][0m
2025-02-28T15:25:33.0574013Z tests/test_choices.py::test_allow_number[Style] [32mPASSED[0m[32m                   [ 75%][0m
2025-02-28T15:25:33.0595653Z tests/test_choices.py::test_allow_number[DeprecatedStyle] [32mPASSED[0m[32m         [ 75%][0m
2025-02-28T15:25:33.0646962Z tests/test_choices.py::test_allow_color[Style] [32mPASSED[0m[32m                    [ 75%][0m
2025-02-28T15:25:33.0671047Z tests/test_choices.py::test_allow_color[DeprecatedStyle] [32mPASSED[0m[32m          [ 76%][0m
2025-02-28T15:25:33.0718698Z tests/test_choices.py::test_values[Style] [32mPASSED[0m[32m                         [ 76%][0m
2025-02-28T15:25:33.0739619Z tests/test_choices.py::test_values[DeprecatedStyle] [32mPASSED[0m[32m               [ 76%][0m
2025-02-28T15:25:33.0801582Z tests/test_choices.py::test_multiple_choices[Style] [32mPASSED[0m[32m               [ 76%][0m
2025-02-28T15:25:33.0874378Z tests/test_choices.py::test_multiple_choices[DeprecatedStyle] [32mPASSED[0m[32m     [ 76%][0m
2025-02-28T15:25:33.0875468Z tests/test_choices.py::test_string_symbol[Style] [32mPASSED[0m[32m                  [ 76%][0m
2025-02-28T15:25:33.0876130Z tests/test_choices.py::test_string_symbol[DeprecatedStyle] [32mPASSED[0m[32m        [ 77%][0m
2025-02-28T15:25:33.0876780Z tests/test_fonts.py::test_equality[font0] [32mPASSED[0m[32m                         [ 77%][0m
2025-02-28T15:25:33.0888991Z tests/test_fonts.py::test_equality[font1] [32mPASSED[0m[32m                         [ 77%][0m
2025-02-28T15:25:33.0904404Z tests/test_fonts.py::test_equality[font2] [32mPASSED[0m[32m                         [ 77%][0m
2025-02-28T15:25:33.0919783Z tests/test_fonts.py::test_inqequality[font0] [32mPASSED[0m[32m                      [ 77%][0m
2025-02-28T15:25:33.0935172Z tests/test_fonts.py::test_inqequality[font1] [32mPASSED[0m[32m                      [ 77%][0m
2025-02-28T15:25:33.0950067Z tests/test_fonts.py::test_inqequality[font2] [32mPASSED[0m[32m                      [ 77%][0m
2025-02-28T15:25:33.0964708Z tests/test_fonts.py::test_inqequality[a string] [32mPASSED[0m[32m                   [ 78%][0m
2025-02-28T15:25:33.0979637Z tests/test_fonts.py::test_inqequality[5] [32mPASSED[0m[32m                          [ 78%][0m
2025-02-28T15:25:33.0992793Z tests/test_fonts.py::test_hash [32mPASSED[0m[32m                                    [ 78%][0m
2025-02-28T15:25:33.1009730Z tests/test_fonts.py::test_repr[12-kwargs0-12pt] [32mPASSED[0m[32m                   [ 78%][0m
2025-02-28T15:25:33.1025920Z tests/test_fonts.py::test_repr[12-kwargs1-italic 12pt] [32mPASSED[0m[32m            [ 78%][0m
2025-02-28T15:25:33.1042830Z tests/test_fonts.py::test_repr[12-kwargs2-italic small-caps 12pt] [32mPASSED[0m[32m [ 78%][0m
2025-02-28T15:25:33.1059199Z tests/test_fonts.py::test_repr[12-kwargs3-italic small-caps bold 12pt] [32mPASSED[0m[32m [ 79%][0m
2025-02-28T15:25:33.1075569Z tests/test_fonts.py::test_repr[12-kwargs4-small-caps bold 12pt] [32mPASSED[0m[32m   [ 79%][0m
2025-02-28T15:25:33.1091903Z tests/test_fonts.py::test_repr[12-kwargs5-bold 12pt] [32mPASSED[0m[32m              [ 79%][0m
2025-02-28T15:25:33.1108589Z tests/test_fonts.py::test_repr[12-kwargs6-italic bold 12pt] [32mPASSED[0m[32m       [ 79%][0m
2025-02-28T15:25:33.1124736Z tests/test_fonts.py::test_repr[-1-kwargs7-system default size] [32mPASSED[0m[32m    [ 79%][0m
2025-02-28T15:25:33.1141647Z tests/test_fonts.py::test_repr[-1-kwargs8-italic system default size] [32mPASSED[0m[32m [ 79%][0m
2025-02-28T15:25:33.1156461Z tests/test_fonts.py::test_simple_construction[12_0] [32mPASSED[0m[32m               [ 80%][0m
2025-02-28T15:25:33.1171330Z tests/test_fonts.py::test_simple_construction[12_1] [32mPASSED[0m[32m               [ 80%][0m
2025-02-28T15:25:33.1186002Z tests/test_fonts.py::test_simple_construction[12pt] [32mPASSED[0m[32m               [ 80%][0m
2025-02-28T15:25:33.1201005Z tests/test_fonts.py::test_simple_construction[12 pt] [32mPASSED[0m[32m              [ 80%][0m
2025-02-28T15:25:33.1218450Z tests/test_fonts.py::test_invalid_construction [32mPASSED[0m[32m                    [ 80%][0m
2025-02-28T15:25:33.1233162Z tests/test_fonts.py::test_family[Comics Sans] [32mPASSED[0m[32m                     [ 80%][0m
2025-02-28T15:25:33.1247985Z tests/test_fonts.py::test_family[Wingdings] [32mPASSED[0m[32m                       [ 80%][0m
2025-02-28T15:25:33.1262569Z tests/test_fonts.py::test_family['Comic Sans'] [32mPASSED[0m[32m                    [ 81%][0m
2025-02-28T15:25:33.1276976Z tests/test_fonts.py::test_family["Comic Sans"] [32mPASSED[0m[32m                    [ 81%][0m
2025-02-28T15:25:33.1292734Z tests/test_fonts.py::test_style[italic-italic0] [32mPASSED[0m[32m                   [ 81%][0m
2025-02-28T15:25:33.1308204Z tests/test_fonts.py::test_style[italic-italic1] [32mPASSED[0m[32m                   [ 81%][0m
2025-02-28T15:25:33.1323700Z tests/test_fonts.py::test_style[oblique-oblique0] [32mPASSED[0m[32m                 [ 81%][0m
2025-02-28T15:25:33.1339439Z tests/test_fonts.py::test_style[oblique-oblique1] [32mPASSED[0m[32m                 [ 81%][0m
2025-02-28T15:25:33.1355043Z tests/test_fonts.py::test_style[something else-normal] [32mPASSED[0m[32m            [ 82%][0m
2025-02-28T15:25:33.1370067Z tests/test_fonts.py::test_make_normal_style[kwargs0] [32mPASSED[0m[32m              [ 82%][0m
2025-02-28T15:25:33.1384667Z tests/test_fonts.py::test_make_normal_style[kwargs1] [32mPASSED[0m[32m              [ 82%][0m
2025-02-28T15:25:33.1400532Z tests/test_fonts.py::test_make_slanted[italic-italic] [32mPASSED[0m[32m             [ 82%][0m
2025-02-28T15:25:33.1416229Z tests/test_fonts.py::test_make_slanted[oblique-oblique] [32mPASSED[0m[32m           [ 82%][0m
2025-02-28T15:25:33.1432167Z tests/test_fonts.py::test_variant[small-caps-small-caps0] [32mPASSED[0m[32m         [ 82%][0m
2025-02-28T15:25:33.1447583Z tests/test_fonts.py::test_variant[small-caps-small-caps1] [32mPASSED[0m[32m         [ 82%][0m
2025-02-28T15:25:33.1463040Z tests/test_fonts.py::test_variant[something else-normal] [32mPASSED[0m[32m          [ 83%][0m
2025-02-28T15:25:33.1477622Z tests/test_fonts.py::test_make_normal_variant[kwargs0] [32mPASSED[0m[32m            [ 83%][0m
2025-02-28T15:25:33.1492203Z tests/test_fonts.py::test_make_normal_variant[kwargs1] [32mPASSED[0m[32m            [ 83%][0m
2025-02-28T15:25:33.1505770Z tests/test_fonts.py::test_make_small_caps [32mPASSED[0m[32m                         [ 83%][0m
2025-02-28T15:25:33.1521573Z tests/test_fonts.py::test_weight[bold-bold0] [32mPASSED[0m[32m                      [ 83%][0m
2025-02-28T15:25:33.1537854Z tests/test_fonts.py::test_weight[bold-bold1] [32mPASSED[0m[32m                      [ 83%][0m
2025-02-28T15:25:33.1554330Z tests/test_fonts.py::test_weight[something else-normal] [32mPASSED[0m[32m           [ 84%][0m
2025-02-28T15:25:33.1570068Z tests/test_fonts.py::test_make_normal_weight[kwargs0] [32mPASSED[0m[32m             [ 84%][0m
2025-02-28T15:25:33.1585703Z tests/test_fonts.py::test_make_normal_weight[kwargs1] [32mPASSED[0m[32m             [ 84%][0m
2025-02-28T15:25:33.1602280Z tests/test_fonts.py::test_make_bold [32mPASSED[0m[32m                               [ 84%][0m
2025-02-28T15:25:33.1615831Z tests/test_layout.py::test_viewport_default [32mPASSED[0m[32m                       [ 84%][0m
2025-02-28T15:25:33.1629977Z tests/test_layout.py::test_viewport_constructor [32mPASSED[0m[32m                   [ 84%][0m
2025-02-28T15:25:33.1647080Z tests/test_layout.py::test_repr [32mPASSED[0m[32m                                   [ 84%][0m
2025-02-28T15:25:33.1663702Z tests/test_layout.py::test_initial [32mPASSED[0m[32m                                [ 85%][0m
2025-02-28T15:25:33.1685179Z tests/test_layout.py::test_set_content_dimension[content_top-5-expected10-7-expected20] [32mPASSED[0m[32m [ 85%][0m
2025-02-28T15:25:33.1706666Z tests/test_layout.py::test_set_content_dimension[content_left-5-expected11-7-expected21] [32mPASSED[0m[32m [ 85%][0m
2025-02-28T15:25:33.1730593Z tests/test_layout.py::test_set_content_dimension[min_content_width-8-expected12-9-expected22] [32mPASSED[0m[32m [ 85%][0m
2025-02-28T15:25:33.1751869Z tests/test_layout.py::test_set_content_dimension[content_width-5-expected13-7-expected23] [32mPASSED[0m[32m [ 85%][0m
2025-02-28T15:25:33.1772590Z tests/test_layout.py::test_set_content_dimension[min_content_height-7-expected14-8-expected24] [32mPASSED[0m[32m [ 85%][0m
2025-02-28T15:25:33.1794450Z tests/test_layout.py::test_set_content_dimension[content_height-10-expected15-12-expected25] [32mPASSED[0m[32m [ 86%][0m
2025-02-28T15:25:33.1812740Z tests/test_layout.py::test_descendent_offsets [32mPASSED[0m[32m                     [ 86%][0m
2025-02-28T15:25:33.1833779Z tests/test_layout.py::test_absolute_equalities [32mPASSED[0m[32m                    [ 86%][0m
2025-02-28T15:25:33.1849222Z tests/test_node.py::test_create_leaf [32mPASSED[0m[32m                              [ 86%][0m
2025-02-28T15:25:33.1868348Z tests/test_node.py::test_create_node [32mPASSED[0m[32m                              [ 86%][0m
2025-02-28T15:25:33.1890673Z tests/test_node.py::test_refresh[Style] [32mPASSED[0m[32m                           [ 86%][0m
2025-02-28T15:25:33.1912221Z tests/test_node.py::test_refresh[OldStyle] [32mPASSED[0m[32m                        [ 86%][0m
2025-02-28T15:25:33.1927129Z tests/test_node.py::test_refresh_no_op [32mPASSED[0m[32m                            [ 87%][0m
2025-02-28T15:25:33.1953060Z tests/test_node.py::test_type_error_in_layout[TypeErrorStyle] [32mPASSED[0m[32m     [ 87%][0m
2025-02-28T15:25:33.1980366Z tests/test_node.py::test_type_error_in_layout[OldTypeErrorStyle] [32mPASSED[0m[32m  [ 87%][0m
2025-02-28T15:25:33.1996077Z tests/test_node.py::test_add [32mPASSED[0m[32m                                      [ 87%][0m
2025-02-28T15:25:33.2013908Z tests/test_node.py::test_insert [32mPASSED[0m[32m                                   [ 87%][0m
2025-02-28T15:25:33.2037935Z tests/test_node.py::test_insert_leaf [32mPASSED[0m[32m                              [ 87%][0m
2025-02-28T15:25:33.2054788Z tests/test_node.py::test_remove [32mPASSED[0m[32m                                   [ 88%][0m
2025-02-28T15:25:33.2080194Z tests/test_node.py::test_remove_leaf [32mPASSED[0m[32m                              [ 88%][0m
2025-02-28T15:25:33.2097664Z tests/test_node.py::test_clear [32mPASSED[0m[32m                                    [ 88%][0m
2025-02-28T15:25:33.2112420Z tests/test_node.py::test_clear_leaf [32mPASSED[0m[32m                               [ 88%][0m
2025-02-28T15:25:33.2130507Z tests/test_node.py::test_create_with_no_applicator [32mPASSED[0m[32m                [ 88%][0m
2025-02-28T15:25:33.2150174Z tests/test_node.py::test_create_with_applicator [32mPASSED[0m[32m                   [ 88%][0m
2025-02-28T15:25:33.2167466Z tests/test_node.py::test_assign_applicator[node0] [32mPASSED[0m[32m                 [ 88%][0m
2025-02-28T15:25:33.2184038Z tests/test_node.py::test_assign_applicator[node1] [32mPASSED[0m[32m                 [ 89%][0m
2025-02-28T15:25:33.2198924Z tests/test_node.py::test_assign_applicator_none[node0] [32mPASSED[0m[32m            [ 89%][0m
2025-02-28T15:25:33.2214007Z tests/test_node.py::test_assign_applicator_none[node1] [32mPASSED[0m[32m            [ 89%][0m
2025-02-28T15:25:33.2235878Z tests/test_node.py::test_assign_style_with_applicator [32mPASSED[0m[32m             [ 89%][0m
2025-02-28T15:25:33.2255310Z tests/test_node.py::test_assign_style_with_no_applicator [32mPASSED[0m[32m          [ 89%][0m
2025-02-28T15:25:33.2272768Z tests/test_node.py::test_apply_before_node_is_ready [32mPASSED[0m[32m               [ 89%][0m
2025-02-28T15:25:33.2290563Z tests/test_node.py::test_applicator_has_node_reference [32mPASSED[0m[32m            [ 90%][0m
2025-02-28T15:25:33.2304341Z tests/test_size.py::test_at_least_repr [32mPASSED[0m[32m                            [ 90%][0m
2025-02-28T15:25:33.2318591Z tests/test_size.py::test_at_least_eq [32mPASSED[0m[32m                              [ 90%][0m
2025-02-28T15:25:33.2335174Z tests/test_size.py::test_size_repr [32mPASSED[0m[32m                                [ 90%][0m
2025-02-28T15:25:33.2350528Z tests/test_style.py::test_invalid_style [32mPASSED[0m[32m                           [ 90%][0m
2025-02-28T15:25:33.2386963Z tests/test_style.py::test_positional_argument[Style] [32mPASSED[0m[32m              [ 90%][0m
2025-02-28T15:25:33.2403560Z tests/test_style.py::test_positional_argument[DeprecatedStyle] [32mPASSED[0m[32m    [ 91%][0m
2025-02-28T15:25:33.2422945Z tests/test_style.py::test_create_and_copy[Style] [32mPASSED[0m[32m                  [ 91%][0m
2025-02-28T15:25:33.2441995Z tests/test_style.py::test_create_and_copy[DeprecatedStyle] [32mPASSED[0m[32m        [ 91%][0m
2025-02-28T15:25:33.2458463Z tests/test_style.py::test_deprecated_copy [32mPASSED[0m[32m                         [ 91%][0m
2025-02-28T15:25:33.2475942Z tests/test_style.py::test_apply[Style] [32mPASSED[0m[32m                            [ 91%][0m
2025-02-28T15:25:33.2493450Z tests/test_style.py::test_apply[DeprecatedStyle] [32mPASSED[0m[32m                  [ 91%][0m
2025-02-28T15:25:33.2512248Z tests/test_style.py::test_property_with_explicit_const[Style] [32mPASSED[0m[32m     [ 91%][0m
2025-02-28T15:25:33.2530668Z tests/test_style.py::test_property_with_explicit_const[DeprecatedStyle] [32mPASSED[0m[32m [ 92%][0m
2025-02-28T15:25:33.2551202Z tests/test_style.py::test_property_with_explicit_value[Style] [32mPASSED[0m[32m     [ 92%][0m
2025-02-28T15:25:33.2569680Z tests/test_style.py::test_property_with_explicit_value[DeprecatedStyle] [32mPASSED[0m[32m [ 92%][0m
2025-02-28T15:25:33.2589051Z tests/test_style.py::test_property_with_explicit_none[Style] [32mPASSED[0m[32m      [ 92%][0m
2025-02-28T15:25:33.2606888Z tests/test_style.py::test_property_with_explicit_none[DeprecatedStyle] [32mPASSED[0m[32m [ 92%][0m
2025-02-28T15:25:33.2625346Z tests/test_style.py::test_property_with_implicit_default[Style] [32mPASSED[0m[32m   [ 92%][0m
2025-02-28T15:25:33.2643405Z tests/test_style.py::test_property_with_implicit_default[DeprecatedStyle] [32mPASSED[0m[32m [ 93%][0m
2025-02-28T15:25:33.2658629Z tests/test_style.py::test_set_initial_no_apply[Style] [32mPASSED[0m[32m             [ 93%][0m
2025-02-28T15:25:33.2673572Z tests/test_style.py::test_set_initial_no_apply[DeprecatedStyle] [32mPASSED[0m[32m   [ 93%][0m
2025-02-28T15:25:33.2717174Z tests/test_style.py::test_directional_property[Style] [32mPASSED[0m[32m             [ 93%][0m
2025-02-28T15:25:33.2758370Z tests/test_style.py::test_directional_property[DeprecatedStyle] [32mPASSED[0m[32m   [ 93%][0m
2025-02-28T15:25:33.2776172Z tests/test_style.py::test_list_property[value0-expected0] [32mPASSED[0m[32m         [ 93%][0m
2025-02-28T15:25:33.2793849Z tests/test_style.py::test_list_property[value1-expected1] [32mPASSED[0m[32m         [ 93%][0m
2025-02-28T15:25:33.2811525Z tests/test_style.py::test_list_property[value2-expected2] [32mPASSED[0m[32m         [ 94%][0m
2025-02-28T15:25:33.2828855Z tests/test_style.py::test_list_property[value3-expected3] [32mPASSED[0m[32m         [ 94%][0m
2025-02-28T15:25:33.2845914Z tests/test_style.py::test_list_property[value4-expected4] [32mPASSED[0m[32m         [ 94%][0m
2025-02-28T15:25:33.2863620Z tests/test_style.py::test_list_property[value5-expected5] [32mPASSED[0m[32m         [ 94%][0m
2025-02-28T15:25:33.2881065Z tests/test_style.py::test_list_property[value6-expected6] [32mPASSED[0m[32m         [ 94%][0m
2025-02-28T15:25:33.2919229Z tests/test_style.py::test_list_property_invalid[5-TypeError-Value for list property list_prop must be a sequence\\.] [32mPASSED[0m[32m [ 94%][0m
2025-02-28T15:25:33.2959127Z tests/test_style.py::test_list_property_invalid[<genexpr>-TypeError-Value for list property list_prop must be a sequence.] [32mPASSED[0m[32m [ 95%][0m
2025-02-28T15:25:33.3019102Z tests/test_style.py::test_list_property_invalid[value2-ValueError-Invalid item value 'bogus' for list property list_prop; Valid values are: none, value1, value2, value3, <integer>] [32mPASSED[0m[32m [ 95%][0m
2025-02-28T15:25:33.3072780Z tests/test_style.py::test_list_property_invalid[value3-ValueError-List properties cannot be set to an empty sequence; to reset a property, use del `style.list_prop`\\.] [32mPASSED[0m[32m [ 95%][0m
2025-02-28T15:25:33.3092702Z tests/test_style.py::test_list_property_invalid[value4-ValueError-List properties cannot be set to an empty sequence; to reset a property, use del `style.list_prop`\\.] [32mPASSED[0m[32m [ 95%][0m
2025-02-28T15:25:33.3143353Z tests/test_style.py::test_list_property_immutable [32mPASSED[0m[32m                 [ 95%][0m
2025-02-28T15:25:33.3160187Z tests/test_style.py::test_list_property_list_like [32mPASSED[0m[32m                 [ 95%][0m
2025-02-28T15:25:33.3179605Z tests/test_style.py::test_set_multiple_properties[Style] [32mPASSED[0m[32m          [ 95%][0m
2025-02-28T15:25:33.3198842Z tests/test_style.py::test_set_multiple_properties[DeprecatedStyle] [32mPASSED[0m[32m [ 96%][0m
2025-02-28T15:25:33.3217681Z tests/test_style.py::test_str[Style] [32mPASSED[0m[32m                              [ 96%][0m
2025-02-28T15:25:33.3236045Z tests/test_style.py::test_str[DeprecatedStyle] [32mPASSED[0m[32m                    [ 96%][0m
2025-02-28T15:25:33.3261389Z tests/test_style.py::test_dict[Style] [32mPASSED[0m[32m                             [ 96%][0m
2025-02-28T15:25:33.3285706Z tests/test_style.py::test_dict[DeprecatedStyle] [32mPASSED[0m[32m                   [ 96%][0m
2025-02-28T15:25:33.3309708Z tests/test_style.py::test_set_to_initial[Style] [32mPASSED[0m[32m                   [ 96%][0m
2025-02-28T15:25:33.3331341Z tests/test_style.py::test_set_to_initial[DeprecatedStyle] [32mPASSED[0m[32m         [ 97%][0m
2025-02-28T15:25:33.3355273Z tests/test_style.py::test_union_operators[True-Style] [32mPASSED[0m[32m             [ 97%][0m
2025-02-28T15:25:33.3378858Z tests/test_style.py::test_union_operators[True-DeprecatedStyle] [32mPASSED[0m[32m   [ 97%][0m
2025-02-28T15:25:33.3400735Z tests/test_style.py::test_union_operators[False-Style] [32mPASSED[0m[32m            [ 97%][0m
2025-02-28T15:25:33.3422308Z tests/test_style.py::test_union_operators[False-DeprecatedStyle] [32mPASSED[0m[32m  [ 97%][0m
2025-02-28T15:25:33.3450255Z tests/test_style.py::test_union_operators_invalid_type[Style-StyleSubclass] [32mPASSED[0m[32m [ 97%][0m
2025-02-28T15:25:33.3466997Z tests/test_style.py::test_union_operators_invalid_type[Style-Sibling] [32mPASSED[0m[32m [ 97%][0m
2025-02-28T15:25:33.3484073Z tests/test_style.py::test_union_operators_invalid_type[Style-int] [32mPASSED[0m[32m [ 98%][0m
2025-02-28T15:25:33.3501357Z tests/test_style.py::test_union_operators_invalid_type[Style-list] [32mPASSED[0m[32m [ 98%][0m
2025-02-28T15:25:33.3518866Z tests/test_style.py::test_union_operators_invalid_type[DeprecatedStyle-DeprecatedStyleSubclass] [32mPASSED[0m[32m [ 98%][0m
2025-02-28T15:25:33.3535031Z tests/test_style.py::test_union_operators_invalid_type[DeprecatedStyle-Sibling] [32mPASSED[0m[32m [ 98%][0m
2025-02-28T15:25:33.3552248Z tests/test_style.py::test_union_operators_invalid_type[DeprecatedStyle-int] [32mPASSED[0m[32m [ 98%][0m
2025-02-28T15:25:33.3571357Z tests/test_style.py::test_union_operators_invalid_type[DeprecatedStyle-list] [32mPASSED[0m[32m [ 98%][0m
2025-02-28T15:25:33.3590600Z tests/test_style.py::test_union_operators_invalid_key_value[right0-ValueError-Style] [32mPASSED[0m[32m [ 99%][0m
2025-02-28T15:25:33.3609905Z tests/test_style.py::test_union_operators_invalid_key_value[right0-ValueError-DeprecatedStyle] [32mPASSED[0m[32m [ 99%][0m
2025-02-28T15:25:33.3628259Z tests/test_style.py::test_union_operators_invalid_key_value[right1-NameError-Style] [32mPASSED[0m[32m [ 99%][0m
2025-02-28T15:25:33.3646470Z tests/test_style.py::test_union_operators_invalid_key_value[right1-NameError-DeprecatedStyle] [32mPASSED[0m[32m [ 99%][0m
2025-02-28T15:25:33.3662742Z tests/test_style.py::test_deprecated_class_methods [32mPASSED[0m[32m                [ 99%][0m
2025-02-28T15:25:33.3678379Z tests/test_style.py::test_deprecated_reapply [32mPASSED[0m[32m                      [ 99%][0m
2025-02-28T15:25:33.3731823Z tests/test_style.py::test_deprecated_import [32mPASSED[0m[32m                       [100%][0m
2025-02-28T15:25:33.3732496Z 
2025-02-28T15:25:33.3732905Z [32m============================= [32m[1m645 passed[0m[32m in 2.10s[0m[32m ==============================[0m
2025-02-28T15:25:33.4394146Z   py-cov-trav: OK (8.54=setup[0.78]+cmd[5.10,2.66] seconds)
2025-02-28T15:25:33.4394590Z   congratulations :) (8.68 seconds)
2025-02-28T15:25:34.4575101Z Python 3.12.9
2025-02-28T15:25:35.0645766Z Looking in links: ../dist
2025-02-28T15:25:35.0704011Z Processing /home/runner/work/toga/toga/dist/toga_core-0.4.9.dev629+g68266e24a-py3-none-any.whl (from toga-core==0.4.9.dev629+g68266e24a)
2025-02-28T15:25:35.0786461Z Processing /home/runner/work/toga/toga/dist/toga_dummy-0.4.9.dev629+g68266e24a-py3-none-any.whl
2025-02-28T15:25:35.1378665Z Processing /home/runner/work/toga/toga/dist/travertino-0.4.9.dev629+g68266e24a-py3-none-any.whl (from toga-core==0.4.9.dev629+g68266e24a->toga-core==0.4.9.dev629+g68266e24a)
2025-02-28T15:25:35.3591429Z Collecting coverage==7.6.12 (from coverage[toml]==7.6.12; extra == "dev"->toga-core==0.4.9.dev629+g68266e24a->toga-core==0.4.9.dev629+g68266e24a)
2025-02-28T15:25:35.3605256Z   Using cached coverage-7.6.12-cp312-cp312-manylinux_2_5_x86_64.manylinux1_x86_64.manylinux_2_17_x86_64.manylinux2014_x86_64.whl.metadata (8.5 kB)
2025-02-28T15:25:35.3763833Z Collecting coverage-conditional-plugin==0.9.0 (from toga-core==0.4.9.dev629+g68266e24a->toga-core==0.4.9.dev629+g68266e24a)
2025-02-28T15:25:35.3775089Z   Using cached coverage_conditional_plugin-0.9.0-py3-none-any.whl.metadata (6.9 kB)
2025-02-28T15:25:35.4953272Z Collecting Pillow==11.1.0 (from toga-core==0.4.9.dev629+g68266e24a->toga-core==0.4.9.dev629+g68266e24a)
2025-02-28T15:25:35.4964994Z   Using cached pillow-11.1.0-cp312-cp312-manylinux_2_28_x86_64.whl.metadata (9.1 kB)
2025-02-28T15:25:35.5334822Z Collecting pre-commit==4.1.0 (from toga-core==0.4.9.dev629+g68266e24a->toga-core==0.4.9.dev629+g68266e24a)
2025-02-28T15:25:35.5346387Z   Using cached pre_commit-4.1.0-py2.py3-none-any.whl.metadata (1.3 kB)
2025-02-28T15:25:35.5673860Z Collecting pytest==8.3.4 (from toga-core==0.4.9.dev629+g68266e24a->toga-core==0.4.9.dev629+g68266e24a)
2025-02-28T15:25:35.5685349Z   Using cached pytest-8.3.4-py3-none-any.whl.metadata (7.5 kB)
2025-02-28T15:25:35.5913968Z Collecting pytest-asyncio==0.25.3 (from toga-core==0.4.9.dev629+g68266e24a->toga-core==0.4.9.dev629+g68266e24a)
2025-02-28T15:25:35.5925326Z   Using cached pytest_asyncio-0.25.3-py3-none-any.whl.metadata (3.9 kB)
2025-02-28T15:25:35.6047708Z Collecting pytest-freezer==0.4.9 (from toga-core==0.4.9.dev629+g68266e24a->toga-core==0.4.9.dev629+g68266e24a)
2025-02-28T15:25:35.6058978Z   Using cached pytest_freezer-0.4.9-py3-none-any.whl.metadata (2.1 kB)
2025-02-28T15:25:35.6320262Z Collecting setuptools-scm==8.1.0 (from toga-core==0.4.9.dev629+g68266e24a->toga-core==0.4.9.dev629+g68266e24a)
2025-02-28T15:25:35.6331674Z   Using cached setuptools_scm-8.1.0-py3-none-any.whl.metadata (6.6 kB)
2025-02-28T15:25:35.6736185Z Collecting tox==4.24.1 (from toga-core==0.4.9.dev629+g68266e24a->toga-core==0.4.9.dev629+g68266e24a)
2025-02-28T15:25:35.6748999Z   Using cached tox-4.24.1-py3-none-any.whl.metadata (3.7 kB)
2025-02-28T15:25:35.7034043Z Collecting packaging>=20.4 (from coverage-conditional-plugin==0.9.0->toga-core==0.4.9.dev629+g68266e24a->toga-core==0.4.9.dev629+g68266e24a)
2025-02-28T15:25:35.7044392Z   Using cached packaging-24.2-py3-none-any.whl.metadata (3.2 kB)
2025-02-28T15:25:35.7200930Z Collecting cfgv>=2.0.0 (from pre-commit==4.1.0->toga-core==0.4.9.dev629+g68266e24a->toga-core==0.4.9.dev629+g68266e24a)
2025-02-28T15:25:35.7211102Z   Using cached cfgv-3.4.0-py2.py3-none-any.whl.metadata (8.5 kB)
2025-02-28T15:25:35.7592904Z Collecting identify>=1.0.0 (from pre-commit==4.1.0->toga-core==0.4.9.dev629+g68266e24a->toga-core==0.4.9.dev629+g68266e24a)
2025-02-28T15:25:35.7603254Z   Using cached identify-2.6.8-py2.py3-none-any.whl.metadata (4.4 kB)
2025-02-28T15:25:35.7786400Z Collecting nodeenv>=0.11.1 (from pre-commit==4.1.0->toga-core==0.4.9.dev629+g68266e24a->toga-core==0.4.9.dev629+g68266e24a)
2025-02-28T15:25:35.7797470Z   Using cached nodeenv-1.9.1-py2.py3-none-any.whl.metadata (21 kB)
2025-02-28T15:25:35.8112667Z Collecting pyyaml>=5.1 (from pre-commit==4.1.0->toga-core==0.4.9.dev629+g68266e24a->toga-core==0.4.9.dev629+g68266e24a)
2025-02-28T15:25:35.8124748Z   Using cached PyYAML-6.0.2-cp312-cp312-manylinux_2_17_x86_64.manylinux2014_x86_64.whl.metadata (2.1 kB)
2025-02-28T15:25:35.8525038Z Collecting virtualenv>=20.10.0 (from pre-commit==4.1.0->toga-core==0.4.9.dev629+g68266e24a->toga-core==0.4.9.dev629+g68266e24a)
2025-02-28T15:25:35.8536579Z   Using cached virtualenv-20.29.2-py3-none-any.whl.metadata (4.5 kB)
2025-02-28T15:25:35.8698894Z Collecting iniconfig (from pytest==8.3.4->toga-core==0.4.9.dev629+g68266e24a->toga-core==0.4.9.dev629+g68266e24a)
2025-02-28T15:25:35.8715450Z   Using cached iniconfig-2.0.0-py3-none-any.whl.metadata (2.6 kB)
2025-02-28T15:25:35.8862953Z Collecting pluggy<2,>=1.5 (from pytest==8.3.4->toga-core==0.4.9.dev629+g68266e24a->toga-core==0.4.9.dev629+g68266e24a)
2025-02-28T15:25:35.8873370Z   Using cached pluggy-1.5.0-py3-none-any.whl.metadata (4.8 kB)
2025-02-28T15:25:35.9240614Z Collecting freezegun>=1.1 (from pytest-freezer==0.4.9->toga-core==0.4.9.dev629+g68266e24a->toga-core==0.4.9.dev629+g68266e24a)
2025-02-28T15:25:35.9251933Z   Using cached freezegun-1.5.1-py3-none-any.whl.metadata (11 kB)
2025-02-28T15:25:36.0264769Z Collecting setuptools (from setuptools-scm==8.1.0->toga-core==0.4.9.dev629+g68266e24a->toga-core==0.4.9.dev629+g68266e24a)
2025-02-28T15:25:36.0276452Z   Using cached setuptools-75.8.2-py3-none-any.whl.metadata (6.7 kB)
2025-02-28T15:25:36.0545538Z Collecting cachetools>=5.5 (from tox==4.24.1->toga-core==0.4.9.dev629+g68266e24a->toga-core==0.4.9.dev629+g68266e24a)
2025-02-28T15:25:36.0556572Z   Using cached cachetools-5.5.2-py3-none-any.whl.metadata (5.4 kB)
2025-02-28T15:25:36.0698139Z Collecting chardet>=5.2 (from tox==4.24.1->toga-core==0.4.9.dev629+g68266e24a->toga-core==0.4.9.dev629+g68266e24a)
2025-02-28T15:25:36.0708777Z   Using cached chardet-5.2.0-py3-none-any.whl.metadata (3.4 kB)
2025-02-28T15:25:36.0872992Z Collecting colorama>=0.4.6 (from tox==4.24.1->toga-core==0.4.9.dev629+g68266e24a->toga-core==0.4.9.dev629+g68266e24a)
2025-02-28T15:25:36.0883089Z   Using cached colorama-0.4.6-py2.py3-none-any.whl.metadata (17 kB)
2025-02-28T15:25:36.1081140Z Collecting filelock>=3.16.1 (from tox==4.24.1->toga-core==0.4.9.dev629+g68266e24a->toga-core==0.4.9.dev629+g68266e24a)
2025-02-28T15:25:36.1091099Z   Using cached filelock-3.17.0-py3-none-any.whl.metadata (2.9 kB)
2025-02-28T15:25:36.1316726Z Collecting platformdirs>=4.3.6 (from tox==4.24.1->toga-core==0.4.9.dev629+g68266e24a->toga-core==0.4.9.dev629+g68266e24a)
2025-02-28T15:25:36.1327666Z   Using cached platformdirs-4.3.6-py3-none-any.whl.metadata (11 kB)
2025-02-28T15:25:36.1676847Z Collecting pyproject-api>=1.8 (from tox==4.24.1->toga-core==0.4.9.dev629+g68266e24a->toga-core==0.4.9.dev629+g68266e24a)
2025-02-28T15:25:36.1688465Z   Using cached pyproject_api-1.9.0-py3-none-any.whl.metadata (2.7 kB)
2025-02-28T15:25:36.2010161Z Collecting python-dateutil>=2.7 (from freezegun>=1.1->pytest-freezer==0.4.9->toga-core==0.4.9.dev629+g68266e24a->toga-core==0.4.9.dev629+g68266e24a)
2025-02-28T15:25:36.2020401Z   Using cached python_dateutil-2.9.0.post0-py2.py3-none-any.whl.metadata (8.4 kB)
2025-02-28T15:25:36.2274706Z Collecting distlib<1,>=0.3.7 (from virtualenv>=20.10.0->pre-commit==4.1.0->toga-core==0.4.9.dev629+g68266e24a->toga-core==0.4.9.dev629+g68266e24a)
2025-02-28T15:25:36.2285476Z   Using cached distlib-0.3.9-py2.py3-none-any.whl.metadata (5.2 kB)
2025-02-28T15:25:36.2551029Z Collecting six>=1.5 (from python-dateutil>=2.7->freezegun>=1.1->pytest-freezer==0.4.9->toga-core==0.4.9.dev629+g68266e24a->toga-core==0.4.9.dev629+g68266e24a)
2025-02-28T15:25:36.2561367Z   Using cached six-1.17.0-py2.py3-none-any.whl.metadata (1.7 kB)
2025-02-28T15:25:36.2623846Z Using cached coverage-7.6.12-cp312-cp312-manylinux_2_5_x86_64.manylinux1_x86_64.manylinux_2_17_x86_64.manylinux2014_x86_64.whl (242 kB)
2025-02-28T15:25:36.2635970Z Using cached coverage_conditional_plugin-0.9.0-py3-none-any.whl (7.3 kB)
2025-02-28T15:25:36.2649992Z Using cached pillow-11.1.0-cp312-cp312-manylinux_2_28_x86_64.whl (4.5 MB)
2025-02-28T15:25:36.2695531Z Using cached pre_commit-4.1.0-py2.py3-none-any.whl (220 kB)
2025-02-28T15:25:36.2708225Z Using cached pytest-8.3.4-py3-none-any.whl (343 kB)
2025-02-28T15:25:36.2724027Z Using cached pytest_asyncio-0.25.3-py3-none-any.whl (19 kB)
2025-02-28T15:25:36.2732524Z Using cached pytest_freezer-0.4.9-py3-none-any.whl (3.2 kB)
2025-02-28T15:25:36.2743059Z Using cached setuptools_scm-8.1.0-py3-none-any.whl (43 kB)
2025-02-28T15:25:36.2753773Z Using cached tox-4.24.1-py3-none-any.whl (171 kB)
2025-02-28T15:25:36.2765341Z Using cached cachetools-5.5.2-py3-none-any.whl (10 kB)
2025-02-28T15:25:36.2775820Z Using cached cfgv-3.4.0-py2.py3-none-any.whl (7.2 kB)
2025-02-28T15:25:36.2785899Z Using cached chardet-5.2.0-py3-none-any.whl (199 kB)
2025-02-28T15:25:36.2798101Z Using cached colorama-0.4.6-py2.py3-none-any.whl (25 kB)
2025-02-28T15:25:36.2809164Z Using cached filelock-3.17.0-py3-none-any.whl (16 kB)
2025-02-28T15:25:36.2820155Z Using cached freezegun-1.5.1-py3-none-any.whl (17 kB)
2025-02-28T15:25:36.2830972Z Using cached identify-2.6.8-py2.py3-none-any.whl (99 kB)
2025-02-28T15:25:36.2841874Z Using cached nodeenv-1.9.1-py2.py3-none-any.whl (22 kB)
2025-02-28T15:25:36.2852649Z Using cached packaging-24.2-py3-none-any.whl (65 kB)
2025-02-28T15:25:36.2863733Z Using cached platformdirs-4.3.6-py3-none-any.whl (18 kB)
2025-02-28T15:25:36.2874180Z Using cached pluggy-1.5.0-py3-none-any.whl (20 kB)
2025-02-28T15:25:36.2885337Z Using cached pyproject_api-1.9.0-py3-none-any.whl (13 kB)
2025-02-28T15:25:36.2896683Z Using cached PyYAML-6.0.2-cp312-cp312-manylinux_2_17_x86_64.manylinux2014_x86_64.whl (767 kB)
2025-02-28T15:25:36.2913438Z Using cached virtualenv-20.29.2-py3-none-any.whl (4.3 MB)
2025-02-28T15:25:36.2959991Z Using cached iniconfig-2.0.0-py3-none-any.whl (5.9 kB)
2025-02-28T15:25:36.2970383Z Using cached setuptools-75.8.2-py3-none-any.whl (1.2 MB)
2025-02-28T15:25:36.2990500Z Using cached distlib-0.3.9-py2.py3-none-any.whl (468 kB)
2025-02-28T15:25:36.3004767Z Using cached python_dateutil-2.9.0.post0-py2.py3-none-any.whl (229 kB)
2025-02-28T15:25:36.3016545Z Using cached six-1.17.0-py2.py3-none-any.whl (11 kB)
2025-02-28T15:25:36.3819815Z Installing collected packages: distlib, travertino, six, setuptools, pyyaml, pluggy, platformdirs, Pillow, packaging, nodeenv, iniconfig, identify, filelock, coverage, colorama, chardet, cfgv, cachetools, virtualenv, toga-core, setuptools-scm, python-dateutil, pytest, pyproject-api, coverage-conditional-plugin, tox, toga-dummy, pytest-asyncio, pre-commit, freezegun, pytest-freezer
2025-02-28T15:25:38.9903621Z Successfully installed Pillow-11.1.0 cachetools-5.5.2 cfgv-3.4.0 chardet-5.2.0 colorama-0.4.6 coverage-7.6.12 coverage-conditional-plugin-0.9.0 distlib-0.3.9 filelock-3.17.0 freezegun-1.5.1 identify-2.6.8 iniconfig-2.0.0 nodeenv-1.9.1 packaging-24.2 platformdirs-4.3.6 pluggy-1.5.0 pre-commit-4.1.0 pyproject-api-1.9.0 pytest-8.3.4 pytest-asyncio-0.25.3 pytest-freezer-0.4.9 python-dateutil-2.9.0.post0 pyyaml-6.0.2 setuptools-75.8.2 setuptools-scm-8.1.0 six-1.17.0 toga-core-0.4.9.dev629+g68266e24a toga-dummy-0.4.9.dev629+g68266e24a tox-4.24.1 travertino-0.4.9.dev629+g68266e24a virtualenv-20.29.2
2025-02-28T15:25:39.1837733Z Combined data file .coverage.fv-az813-749.2153.XlbCJtOx
2025-02-28T15:25:39.4432060Z Name    Stmts   Miss Branch BrPart   Cover   Missing
2025-02-28T15:25:39.4432612Z ----------------------------------------------------
2025-02-28T15:25:39.4433077Z TOTAL     871      0    180      0  100.0%
2025-02-28T15:25:39.4433339Z 
2025-02-28T15:25:39.4433501Z 13 files skipped due to complete coverage.
2025-02-28T15:25:39.4768911Z   coverage312-trav: OK (5.70 seconds)
2025-02-28T15:25:39.4769297Z   congratulations :) (5.83 seconds)
2025-02-28T15:25:39.5181494Z ##[group]Run actions/upload-artifact@v4.6.1
2025-02-28T15:25:39.5181793Z with:
2025-02-28T15:25:39.5182031Z   name: travertino-coverage-data-ubuntu-latest-3.12
2025-02-28T15:25:39.5182328Z   path: travertino/.coverage.*
2025-02-28T15:25:39.5182562Z   if-no-files-found: error
2025-02-28T15:25:39.5182788Z   include-hidden-files: true
2025-02-28T15:25:39.5183012Z   compression-level: 6
2025-02-28T15:25:39.5183210Z   overwrite: false
2025-02-28T15:25:39.5183384Z env:
2025-02-28T15:25:39.5183556Z   min_python_version: 3.9
2025-02-28T15:25:39.5183765Z   max_python_version: 3.12
2025-02-28T15:25:39.5183968Z   FORCE_COLOR: 1
2025-02-28T15:25:39.5184217Z   pythonLocation: /opt/hostedtoolcache/Python/3.12.9/x64
2025-02-28T15:25:39.5184604Z   PKG_CONFIG_PATH: /opt/hostedtoolcache/Python/3.12.9/x64/lib/pkgconfig
2025-02-28T15:25:39.5184988Z   Python_ROOT_DIR: /opt/hostedtoolcache/Python/3.12.9/x64
2025-02-28T15:25:39.5185350Z   Python2_ROOT_DIR: /opt/hostedtoolcache/Python/3.12.9/x64
2025-02-28T15:25:39.5185717Z   Python3_ROOT_DIR: /opt/hostedtoolcache/Python/3.12.9/x64
2025-02-28T15:25:39.5186073Z   LD_LIBRARY_PATH: /opt/hostedtoolcache/Python/3.12.9/x64/lib
2025-02-28T15:25:39.5186363Z ##[endgroup]
2025-02-28T15:25:39.7387056Z With the provided path, there will be 1 file uploaded
2025-02-28T15:25:39.7393089Z Artifact name is valid!
2025-02-28T15:25:39.7394515Z Root directory input is valid!
2025-02-28T15:25:39.8335170Z Beginning upload of artifact content to blob storage
2025-02-28T15:25:39.8896546Z Uploaded bytes 30090
2025-02-28T15:25:39.9025048Z Finished uploading artifact content to blob storage!
2025-02-28T15:25:39.9028796Z SHA256 hash of uploaded artifact zip is e39c1c0341a421311d24965bd2d5fcd5f074b7ec3944f1b3a42378fa12b20996
2025-02-28T15:25:39.9030795Z Finalizing artifact upload
2025-02-28T15:25:39.9967799Z Artifact travertino-coverage-data-ubuntu-latest-3.12.zip successfully finalized. Artifact ID 2671292634
2025-02-28T15:25:39.9969462Z Artifact travertino-coverage-data-ubuntu-latest-3.12 has been successfully uploaded! Final size is 30090 bytes. Artifact ID is 2671292634
2025-02-28T15:25:39.9976950Z Artifact download URL: https://github.com/beeware/toga/actions/runs/13591189051/artifacts/2671292634
2025-02-28T15:25:40.0116072Z Post job cleanup.
2025-02-28T15:25:40.0155155Z Post job cleanup.
2025-02-28T15:25:40.1168688Z [command]/usr/bin/git version
2025-02-28T15:25:40.1206731Z git version 2.48.1
2025-02-28T15:25:40.1259357Z Temporarily overriding HOME='/home/runner/work/_temp/a84c21e4-9f32-44d3-94d2-c6843b2dcd2d' before making global git config changes
2025-02-28T15:25:40.1260661Z Adding repository directory to the temporary git global config as a safe directory
2025-02-28T15:25:40.1265658Z [command]/usr/bin/git config --global --add safe.directory /home/runner/work/toga/toga/.github-beeware
2025-02-28T15:25:40.1301640Z [command]/usr/bin/git config --local --name-only --get-regexp core\.sshCommand
2025-02-28T15:25:40.1337169Z [command]/usr/bin/git submodule foreach --recursive sh -c "git config --local --name-only --get-regexp 'core\.sshCommand' && git config --local --unset-all 'core.sshCommand' || :"
2025-02-28T15:25:40.1585471Z [command]/usr/bin/git config --local --name-only --get-regexp http\.https\:\/\/github\.com\/\.extraheader
2025-02-28T15:25:40.1613252Z http.https://github.com/.extraheader
2025-02-28T15:25:40.1626849Z [command]/usr/bin/git config --local --unset-all http.https://github.com/.extraheader
2025-02-28T15:25:40.1665814Z [command]/usr/bin/git submodule foreach --recursive sh -c "git config --local --name-only --get-regexp 'http\.https\:\/\/github\.com\/\.extraheader' && git config --local --unset-all 'http.https://github.com/.extraheader' || :"
2025-02-28T15:25:40.2070036Z Post job cleanup.
2025-02-28T15:25:40.3751357Z Post job cleanup.
2025-02-28T15:25:40.4779863Z [command]/usr/bin/git version
2025-02-28T15:25:40.4835485Z git version 2.48.1
2025-02-28T15:25:40.4913724Z Temporarily overriding HOME='/home/runner/work/_temp/a184e1c1-604d-443d-8866-33bc7431bad9' before making global git config changes
2025-02-28T15:25:40.4915134Z Adding repository directory to the temporary git global config as a safe directory
2025-02-28T15:25:40.4923021Z [command]/usr/bin/git config --global --add safe.directory /home/runner/work/toga/toga
2025-02-28T15:25:40.4968993Z [command]/usr/bin/git config --local --name-only --get-regexp core\.sshCommand
2025-02-28T15:25:40.5005717Z [command]/usr/bin/git submodule foreach --recursive sh -c "git config --local --name-only --get-regexp 'core\.sshCommand' && git config --local --unset-all 'core.sshCommand' || :"
2025-02-28T15:25:40.5249405Z [command]/usr/bin/git config --local --name-only --get-regexp http\.https\:\/\/github\.com\/\.extraheader
2025-02-28T15:25:40.5273754Z http.https://github.com/.extraheader
2025-02-28T15:25:40.5287133Z [command]/usr/bin/git config --local --unset-all http.https://github.com/.extraheader
2025-02-28T15:25:40.5320919Z [command]/usr/bin/git submodule foreach --recursive sh -c "git config --local --name-only --get-regexp 'http\.https\:\/\/github\.com\/\.extraheader' && git config --local --unset-all 'http.https://github.com/.extraheader' || :"
2025-02-28T15:25:40.5665787Z Cleaning up orphan processes
