2025-02-28T15:25:14.8025778Z Current runner version: '2.322.0'
2025-02-28T15:25:14.8050328Z ##[group]Operating System
2025-02-28T15:25:14.8051147Z Ubuntu
2025-02-28T15:25:14.8051769Z 24.04.2
2025-02-28T15:25:14.8052286Z LTS
2025-02-28T15:25:14.8052739Z ##[endgroup]
2025-02-28T15:25:14.8053325Z ##[group]Runner Image
2025-02-28T15:25:14.8053933Z Image: ubuntu-24.04
2025-02-28T15:25:14.8054462Z Version: 20250223.1.0
2025-02-28T15:25:14.8055890Z Included Software: https://github.com/actions/runner-images/blob/ubuntu24/20250223.1/images/ubuntu/Ubuntu2404-Readme.md
2025-02-28T15:25:14.8057388Z Image Release: https://github.com/actions/runner-images/releases/tag/ubuntu24%2F20250223.1
2025-02-28T15:25:14.8058277Z ##[endgroup]
2025-02-28T15:25:14.8058918Z ##[group]Runner Image Provisioner
2025-02-28T15:25:14.8059545Z 2.0.422.1
2025-02-28T15:25:14.8060070Z ##[endgroup]
2025-02-28T15:25:14.8062319Z ##[group]GITHUB_TOKEN Permissions
2025-02-28T15:25:14.8064217Z Actions: read
2025-02-28T15:25:14.8065109Z Attestations: read
2025-02-28T15:25:14.8066103Z Checks: read
2025-02-28T15:25:14.8066642Z Contents: read
2025-02-28T15:25:14.8067166Z Deployments: read
2025-02-28T15:25:14.8067780Z Discussions: read
2025-02-28T15:25:14.8068329Z Issues: read
2025-02-28T15:25:14.8068828Z Metadata: read
2025-02-28T15:25:14.8069395Z Packages: read
2025-02-28T15:25:14.8069914Z Pages: read
2025-02-28T15:25:14.8070436Z PullRequests: read
2025-02-28T15:25:14.8071047Z RepositoryProjects: read
2025-02-28T15:25:14.8071629Z SecurityEvents: read
2025-02-28T15:25:14.8072136Z Statuses: read
2025-02-28T15:25:14.8072725Z ##[endgroup]
2025-02-28T15:25:14.8075915Z Secret source: None
2025-02-28T15:25:14.8076754Z Prepare workflow directory
2025-02-28T15:25:14.8567570Z Prepare all required actions
2025-02-28T15:25:14.8604238Z Getting action download info
2025-02-28T15:25:15.0877631Z Download action repository 'actions/checkout@v4.2.2' (SHA:11bd71901bbe5b1630ceea73d27597364c9af683)
2025-02-28T15:25:15.1821378Z Download action repository 'actions/setup-python@v5.4.0' (SHA:42375524e23c412d93fb67b49958b491fce71c38)
2025-02-28T15:25:15.2757210Z Download action repository 'beeware/.github@main' (SHA:a66b93162808d34adf5280c28104b75f8e0d70d3)
2025-02-28T15:25:15.5204470Z Download action repository 'actions/download-artifact@v4.1.8' (SHA:fa0a91b85d4f404e444e00e005971372dc801d16)
2025-02-28T15:25:15.8742634Z Download action repository 'actions/upload-artifact@v4.6.1' (SHA:4cec3d8aa04e39d1a68397de0c4cd6fb9dce8ec1)
2025-02-28T15:25:16.3827346Z Getting action download info
2025-02-28T15:25:16.5013460Z Download action repository 'actions/checkout@v4.1.6' (SHA:a5ac7e51b41094c92402da3b24376905380afc29)
2025-02-28T15:25:16.6231303Z Complete job name: Test travertino (ubuntu-latest, 3.13)
2025-02-28T15:25:16.7070992Z ##[group]Run actions/checkout@v4.2.2
2025-02-28T15:25:16.7072349Z with:
2025-02-28T15:25:16.7073029Z   fetch-depth: 0
2025-02-28T15:25:16.7073794Z   repository: beeware/toga
2025-02-28T15:25:16.7074925Z   token: ***
2025-02-28T15:25:16.7075825Z   ssh-strict: true
2025-02-28T15:25:16.7076575Z   ssh-user: git
2025-02-28T15:25:16.7077349Z   persist-credentials: true
2025-02-28T15:25:16.7078187Z   clean: true
2025-02-28T15:25:16.7078952Z   sparse-checkout-cone-mode: true
2025-02-28T15:25:16.7079891Z   fetch-tags: false
2025-02-28T15:25:16.7080643Z   show-progress: true
2025-02-28T15:25:16.7081409Z   lfs: false
2025-02-28T15:25:16.7082108Z   submodules: false
2025-02-28T15:25:16.7082876Z   set-safe-directory: true
2025-02-28T15:25:16.7083930Z env:
2025-02-28T15:25:16.7084607Z   min_python_version: 3.9
2025-02-28T15:25:16.7085445Z   max_python_version: 3.12
2025-02-28T15:25:16.7086395Z   FORCE_COLOR: 1
2025-02-28T15:25:16.7087097Z ##[endgroup]
2025-02-28T15:25:16.9370911Z Syncing repository: beeware/toga
2025-02-28T15:25:16.9373244Z ##[group]Getting Git version info
2025-02-28T15:25:16.9374349Z Working directory is '/home/runner/work/toga/toga'
2025-02-28T15:25:16.9376366Z [command]/usr/bin/git version
2025-02-28T15:25:16.9454819Z git version 2.48.1
2025-02-28T15:25:16.9496439Z ##[endgroup]
2025-02-28T15:25:16.9510426Z Temporarily overriding HOME='/home/runner/work/_temp/f63732e5-a5d1-40a4-a1d0-fe80cff74978' before making global git config changes
2025-02-28T15:25:16.9513127Z Adding repository directory to the temporary git global config as a safe directory
2025-02-28T15:25:16.9515508Z [command]/usr/bin/git config --global --add safe.directory /home/runner/work/toga/toga
2025-02-28T15:25:16.9552943Z Deleting the contents of '/home/runner/work/toga/toga'
2025-02-28T15:25:16.9557188Z ##[group]Initializing the repository
2025-02-28T15:25:16.9561117Z [command]/usr/bin/git init /home/runner/work/toga/toga
2025-02-28T15:25:16.9636822Z hint: Using 'master' as the name for the initial branch. This default branch name
2025-02-28T15:25:16.9638794Z hint: is subject to change. To configure the initial branch name to use in all
2025-02-28T15:25:16.9640507Z hint: of your new repositories, which will suppress this warning, call:
2025-02-28T15:25:16.9641934Z hint:
2025-02-28T15:25:16.9642848Z hint: 	git config --global init.defaultBranch <name>
2025-02-28T15:25:16.9644261Z hint:
2025-02-28T15:25:16.9645820Z hint: Names commonly chosen instead of 'master' are 'main', 'trunk' and
2025-02-28T15:25:16.9647619Z hint: 'development'. The just-created branch can be renamed via this command:
2025-02-28T15:25:16.9649003Z hint:
2025-02-28T15:25:16.9649878Z hint: 	git branch -m <name>
2025-02-28T15:25:16.9651527Z Initialized empty Git repository in /home/runner/work/toga/toga/.git/
2025-02-28T15:25:16.9656522Z [command]/usr/bin/git remote add origin https://github.com/beeware/toga
2025-02-28T15:25:16.9693498Z ##[endgroup]
2025-02-28T15:25:16.9695220Z ##[group]Disabling automatic garbage collection
2025-02-28T15:25:16.9697769Z [command]/usr/bin/git config --local gc.auto 0
2025-02-28T15:25:16.9727751Z ##[endgroup]
2025-02-28T15:25:16.9728958Z ##[group]Setting up auth
2025-02-28T15:25:16.9735087Z [command]/usr/bin/git config --local --name-only --get-regexp core\.sshCommand
2025-02-28T15:25:16.9769603Z [command]/usr/bin/git submodule foreach --recursive sh -c "git config --local --name-only --get-regexp 'core\.sshCommand' && git config --local --unset-all 'core.sshCommand' || :"
2025-02-28T15:25:17.0110767Z [command]/usr/bin/git config --local --name-only --get-regexp http\.https\:\/\/github\.com\/\.extraheader
2025-02-28T15:25:17.0147793Z [command]/usr/bin/git submodule foreach --recursive sh -c "git config --local --name-only --get-regexp 'http\.https\:\/\/github\.com\/\.extraheader' && git config --local --unset-all 'http.https://github.com/.extraheader' || :"
2025-02-28T15:25:17.0397990Z [command]/usr/bin/git config --local http.https://github.com/.extraheader AUTHORIZATION: basic ***
2025-02-28T15:25:17.0439591Z ##[endgroup]
2025-02-28T15:25:17.0441002Z ##[group]Fetching the repository
2025-02-28T15:25:17.0450218Z [command]/usr/bin/git -c protocol.version=2 fetch --prune --no-recurse-submodules origin +refs/heads/*:refs/remotes/origin/* +refs/tags/*:refs/tags/* +68266e24a68fb42fbbeefb9a1fc4181dfda30fbe:refs/remotes/pull/3217/merge
2025-02-28T15:25:19.2130229Z From https://github.com/beeware/toga
2025-02-28T15:25:19.2132142Z  * [new branch]          main         -> origin/main
2025-02-28T15:25:19.2133127Z  * [new branch]          pre-0.5      -> origin/pre-0.5
2025-02-28T15:25:19.2133892Z  * [new tag]             0.2.6        -> 0.2.6
2025-02-28T15:25:19.2134527Z  * [new tag]             v0.0.1rc1    -> v0.0.1rc1
2025-02-28T15:25:19.2135377Z  * [new tag]             v0.0.1rc10   -> v0.0.1rc10
2025-02-28T15:25:19.2136321Z  * [new tag]             v0.0.1rc5    -> v0.0.1rc5
2025-02-28T15:25:19.2137004Z  * [new tag]             v0.0.1rc6    -> v0.0.1rc6
2025-02-28T15:25:19.2139158Z  * [new tag]             v0.1.0       -> v0.1.0
2025-02-28T15:25:19.2139845Z  * [new tag]             v0.1.1       -> v0.1.1
2025-02-28T15:25:19.2140471Z  * [new tag]             v0.1.2       -> v0.1.2
2025-02-28T15:25:19.2141072Z  * [new tag]             v0.2.0       -> v0.2.0
2025-02-28T15:25:19.2142019Z  * [new tag]             v0.2.0.dev1  -> v0.2.0.dev1
2025-02-28T15:25:19.2143462Z  * [new tag]             v0.2.1       -> v0.2.1
2025-02-28T15:25:19.2144898Z  * [new tag]             v0.2.10      -> v0.2.10
2025-02-28T15:25:19.2146401Z  * [new tag]             v0.2.11      -> v0.2.11
2025-02-28T15:25:19.2147791Z  * [new tag]             v0.2.12      -> v0.2.12
2025-02-28T15:25:19.2149791Z  * [new tag]             v0.2.13      -> v0.2.13
2025-02-28T15:25:19.2151165Z  * [new tag]             v0.2.14      -> v0.2.14
2025-02-28T15:25:19.2152482Z  * [new tag]             v0.2.15      -> v0.2.15
2025-02-28T15:25:19.2153832Z  * [new tag]             v0.2.2       -> v0.2.2
2025-02-28T15:25:19.2155126Z  * [new tag]             v0.2.3       -> v0.2.3
2025-02-28T15:25:19.2156685Z  * [new tag]             v0.2.4       -> v0.2.4
2025-02-28T15:25:19.2158133Z  * [new tag]             v0.2.5       -> v0.2.5
2025-02-28T15:25:19.2159320Z  * [new tag]             v0.2.6       -> v0.2.6
2025-02-28T15:25:19.2160885Z  * [new tag]             v0.2.7       -> v0.2.7
2025-02-28T15:25:19.2162133Z  * [new tag]             v0.2.8       -> v0.2.8
2025-02-28T15:25:19.2163524Z  * [new tag]             v0.2.9       -> v0.2.9
2025-02-28T15:25:19.2164973Z  * [new tag]             v0.3.0       -> v0.3.0
2025-02-28T15:25:19.2167551Z  * [new tag]             v0.3.0.dev1  -> v0.3.0.dev1
2025-02-28T15:25:19.2168569Z  * [new tag]             v0.3.0.dev10 -> v0.3.0.dev10
2025-02-28T15:25:19.2170013Z  * [new tag]             v0.3.0.dev11 -> v0.3.0.dev11
2025-02-28T15:25:19.2171248Z  * [new tag]             v0.3.0.dev12 -> v0.3.0.dev12
2025-02-28T15:25:19.2172642Z  * [new tag]             v0.3.0.dev13 -> v0.3.0.dev13
2025-02-28T15:25:19.2174069Z  * [new tag]             v0.3.0.dev14 -> v0.3.0.dev14
2025-02-28T15:25:19.2175932Z  * [new tag]             v0.3.0.dev15 -> v0.3.0.dev15
2025-02-28T15:25:19.2177324Z  * [new tag]             v0.3.0.dev16 -> v0.3.0.dev16
2025-02-28T15:25:19.2178652Z  * [new tag]             v0.3.0.dev17 -> v0.3.0.dev17
2025-02-28T15:25:19.2180197Z  * [new tag]             v0.3.0.dev18 -> v0.3.0.dev18
2025-02-28T15:25:19.2181697Z  * [new tag]             v0.3.0.dev19 -> v0.3.0.dev19
2025-02-28T15:25:19.2183505Z  * [new tag]             v0.3.0.dev2  -> v0.3.0.dev2
2025-02-28T15:25:19.2184907Z  * [new tag]             v0.3.0.dev20 -> v0.3.0.dev20
2025-02-28T15:25:19.2186474Z  * [new tag]             v0.3.0.dev21 -> v0.3.0.dev21
2025-02-28T15:25:19.2188341Z  * [new tag]             v0.3.0.dev22 -> v0.3.0.dev22
2025-02-28T15:25:19.2189732Z  * [new tag]             v0.3.0.dev23 -> v0.3.0.dev23
2025-02-28T15:25:19.2191485Z  * [new tag]             v0.3.0.dev24 -> v0.3.0.dev24
2025-02-28T15:25:19.2192770Z  * [new tag]             v0.3.0.dev25 -> v0.3.0.dev25
2025-02-28T15:25:19.2194633Z  * [new tag]             v0.3.0.dev26 -> v0.3.0.dev26
2025-02-28T15:25:19.2195899Z  * [new tag]             v0.3.0.dev27 -> v0.3.0.dev27
2025-02-28T15:25:19.2197582Z  * [new tag]             v0.3.0.dev28 -> v0.3.0.dev28
2025-02-28T15:25:19.2198820Z  * [new tag]             v0.3.0.dev29 -> v0.3.0.dev29
2025-02-28T15:25:19.2200222Z  * [new tag]             v0.3.0.dev3  -> v0.3.0.dev3
2025-02-28T15:25:19.2201668Z  * [new tag]             v0.3.0.dev30 -> v0.3.0.dev30
2025-02-28T15:25:19.2203239Z  * [new tag]             v0.3.0.dev32 -> v0.3.0.dev32
2025-02-28T15:25:19.2204618Z  * [new tag]             v0.3.0.dev33 -> v0.3.0.dev33
2025-02-28T15:25:19.2206538Z  * [new tag]             v0.3.0.dev34 -> v0.3.0.dev34
2025-02-28T15:25:19.2207930Z  * [new tag]             v0.3.0.dev35 -> v0.3.0.dev35
2025-02-28T15:25:19.2209618Z  * [new tag]             v0.3.0.dev36 -> v0.3.0.dev36
2025-02-28T15:25:19.2210881Z  * [new tag]             v0.3.0.dev37 -> v0.3.0.dev37
2025-02-28T15:25:19.2212418Z  * [new tag]             v0.3.0.dev38 -> v0.3.0.dev38
2025-02-28T15:25:19.2213805Z  * [new tag]             v0.3.0.dev39 -> v0.3.0.dev39
2025-02-28T15:25:19.2215424Z  * [new tag]             v0.3.0.dev4  -> v0.3.0.dev4
2025-02-28T15:25:19.2217024Z  * [new tag]             v0.3.0.dev5  -> v0.3.0.dev5
2025-02-28T15:25:19.2218424Z  * [new tag]             v0.3.0.dev6  -> v0.3.0.dev6
2025-02-28T15:25:19.2219902Z  * [new tag]             v0.3.0.dev7  -> v0.3.0.dev7
2025-02-28T15:25:19.2221311Z  * [new tag]             v0.3.0.dev8  -> v0.3.0.dev8
2025-02-28T15:25:19.2222993Z  * [new tag]             v0.3.0.dev9  -> v0.3.0.dev9
2025-02-28T15:25:19.2224997Z  * [new tag]             v0.3.0rc0    -> v0.3.0rc0
2025-02-28T15:25:19.2226411Z  * [new tag]             v0.3.1       -> v0.3.1
2025-02-28T15:25:19.2227873Z  * [new tag]             v0.4.0       -> v0.4.0
2025-02-28T15:25:19.2229711Z  * [new tag]             v0.4.1       -> v0.4.1
2025-02-28T15:25:19.2231717Z  * [new tag]             v0.4.2       -> v0.4.2
2025-02-28T15:25:19.2233020Z  * [new tag]             v0.4.3       -> v0.4.3
2025-02-28T15:25:19.2234301Z  * [new tag]             v0.4.4       -> v0.4.4
2025-02-28T15:25:19.2236116Z  * [new tag]             v0.4.5       -> v0.4.5
2025-02-28T15:25:19.2237485Z  * [new tag]             v0.4.6       -> v0.4.6
2025-02-28T15:25:19.2239246Z  * [new tag]             v0.4.7       -> v0.4.7
2025-02-28T15:25:19.2240681Z  * [new tag]             v0.4.8       -> v0.4.8
2025-02-28T15:25:19.2241951Z  * [new tag]             v0.4.9       -> v0.4.9
2025-02-28T15:25:19.2245741Z  * [new ref]             68266e24a68fb42fbbeefb9a1fc4181dfda30fbe -> pull/3217/merge
2025-02-28T15:25:19.2292640Z ##[endgroup]
2025-02-28T15:25:19.2293148Z ##[group]Determining the checkout info
2025-02-28T15:25:19.2294084Z ##[endgroup]
2025-02-28T15:25:19.2299768Z [command]/usr/bin/git sparse-checkout disable
2025-02-28T15:25:19.2341465Z [command]/usr/bin/git config --local --unset-all extensions.worktreeConfig
2025-02-28T15:25:19.2368613Z ##[group]Checking out the ref
2025-02-28T15:25:19.2373054Z [command]/usr/bin/git checkout --progress --force refs/remotes/pull/3217/merge
2025-02-28T15:25:19.4157077Z Note: switching to 'refs/remotes/pull/3217/merge'.
2025-02-28T15:25:19.4158135Z 
2025-02-28T15:25:19.4158783Z You are in 'detached HEAD' state. You can look around, make experimental
2025-02-28T15:25:19.4160742Z changes and commit them, and you can discard any commits you make in this
2025-02-28T15:25:19.4161818Z state without impacting any branches by switching back to a branch.
2025-02-28T15:25:19.4162392Z 
2025-02-28T15:25:19.4163006Z If you want to create a new branch to retain commits you create, you may
2025-02-28T15:25:19.4163858Z do so (now or later) by using -c with the switch command. Example:
2025-02-28T15:25:19.4164304Z 
2025-02-28T15:25:19.4164528Z   git switch -c <new-branch-name>
2025-02-28T15:25:19.4164848Z 
2025-02-28T15:25:19.4165064Z Or undo this operation with:
2025-02-28T15:25:19.4165357Z 
2025-02-28T15:25:19.4165705Z   git switch -
2025-02-28T15:25:19.4165953Z 
2025-02-28T15:25:19.4166630Z Turn off this advice by setting config variable advice.detachedHead to false
2025-02-28T15:25:19.4167184Z 
2025-02-28T15:25:19.4167868Z HEAD is now at 68266e24a Merge ee512b602a87bb9213021e3ceab7c75b22852c2d into 39458b6f220cd2eeafe9dcf5d470bd504914850a
2025-02-28T15:25:19.4178990Z ##[endgroup]
2025-02-28T15:25:19.4222804Z [command]/usr/bin/git log -1 --format=%H
2025-02-28T15:25:19.4248175Z 68266e24a68fb42fbbeefb9a1fc4181dfda30fbe
2025-02-28T15:25:19.4483328Z ##[group]Run actions/setup-python@v5.4.0
2025-02-28T15:25:19.4483675Z with:
2025-02-28T15:25:19.4483903Z   python-version: 3.13
2025-02-28T15:25:19.4484157Z   allow-prereleases: true
2025-02-28T15:25:19.4484413Z   check-latest: false
2025-02-28T15:25:19.4484789Z   token: ***
2025-02-28T15:25:19.4485024Z   update-environment: true
2025-02-28T15:25:19.4485276Z env:
2025-02-28T15:25:19.4485489Z   min_python_version: 3.9
2025-02-28T15:25:19.4485965Z   max_python_version: 3.12
2025-02-28T15:25:19.4486211Z   FORCE_COLOR: 1
2025-02-28T15:25:19.4486435Z ##[endgroup]
2025-02-28T15:25:19.6206678Z ##[group]Installed versions
2025-02-28T15:25:19.6262365Z Successfully set up CPython (3.13.2)
2025-02-28T15:25:19.6263185Z ##[endgroup]
2025-02-28T15:25:19.6417989Z ##[group]Run beeware/.github/.github/actions/install-requirement@main
2025-02-28T15:25:19.6418404Z with:
2025-02-28T15:25:19.6418817Z   requirements: tox
2025-02-28T15:25:19.6419051Z   extra: dev
2025-02-28T15:25:19.6419280Z   project-root: travertino
2025-02-28T15:25:19.6419553Z   workflow-repo: beeware/.github
2025-02-28T15:25:19.6419808Z env:
2025-02-28T15:25:19.6420023Z   min_python_version: 3.9
2025-02-28T15:25:19.6420277Z   max_python_version: 3.12
2025-02-28T15:25:19.6420525Z   FORCE_COLOR: 1
2025-02-28T15:25:19.6420825Z   pythonLocation: /opt/hostedtoolcache/Python/3.13.2/x64
2025-02-28T15:25:19.6421281Z   PKG_CONFIG_PATH: /opt/hostedtoolcache/Python/3.13.2/x64/lib/pkgconfig
2025-02-28T15:25:19.6421717Z   Python_ROOT_DIR: /opt/hostedtoolcache/Python/3.13.2/x64
2025-02-28T15:25:19.6422102Z   Python2_ROOT_DIR: /opt/hostedtoolcache/Python/3.13.2/x64
2025-02-28T15:25:19.6422482Z   Python3_ROOT_DIR: /opt/hostedtoolcache/Python/3.13.2/x64
2025-02-28T15:25:19.6422897Z   LD_LIBRARY_PATH: /opt/hostedtoolcache/Python/3.13.2/x64/lib
2025-02-28T15:25:19.6423222Z ##[endgroup]
2025-02-28T15:25:19.6586512Z ##[group]Run actions/checkout@v4.1.6
2025-02-28T15:25:19.6586816Z with:
2025-02-28T15:25:19.6587075Z   repository: beeware/.github
2025-02-28T15:25:19.6587363Z   path: .github-beeware
2025-02-28T15:25:19.6587774Z   token: ***
2025-02-28T15:25:19.6588005Z   ssh-strict: true
2025-02-28T15:25:19.6588236Z   ssh-user: git
2025-02-28T15:25:19.6588481Z   persist-credentials: true
2025-02-28T15:25:19.6588746Z   clean: true
2025-02-28T15:25:19.6588988Z   sparse-checkout-cone-mode: true
2025-02-28T15:25:19.6589266Z   fetch-depth: 1
2025-02-28T15:25:19.6589487Z   fetch-tags: false
2025-02-28T15:25:19.6589723Z   show-progress: true
2025-02-28T15:25:19.6589962Z   lfs: false
2025-02-28T15:25:19.6590174Z   submodules: false
2025-02-28T15:25:19.6590411Z   set-safe-directory: true
2025-02-28T15:25:19.6590661Z env:
2025-02-28T15:25:19.6590864Z   min_python_version: 3.9
2025-02-28T15:25:19.6591124Z   max_python_version: 3.12
2025-02-28T15:25:19.6591369Z   FORCE_COLOR: 1
2025-02-28T15:25:19.6591657Z   pythonLocation: /opt/hostedtoolcache/Python/3.13.2/x64
2025-02-28T15:25:19.6592102Z   PKG_CONFIG_PATH: /opt/hostedtoolcache/Python/3.13.2/x64/lib/pkgconfig
2025-02-28T15:25:19.6592527Z   Python_ROOT_DIR: /opt/hostedtoolcache/Python/3.13.2/x64
2025-02-28T15:25:19.6592901Z   Python2_ROOT_DIR: /opt/hostedtoolcache/Python/3.13.2/x64
2025-02-28T15:25:19.6593281Z   Python3_ROOT_DIR: /opt/hostedtoolcache/Python/3.13.2/x64
2025-02-28T15:25:19.6593667Z   LD_LIBRARY_PATH: /opt/hostedtoolcache/Python/3.13.2/x64/lib
2025-02-28T15:25:19.6593999Z ##[endgroup]
2025-02-28T15:25:19.7521547Z Syncing repository: beeware/.github
2025-02-28T15:25:19.7524990Z ##[group]Getting Git version info
2025-02-28T15:25:19.7525861Z Working directory is '/home/runner/work/toga/toga/.github-beeware'
2025-02-28T15:25:19.7566574Z [command]/usr/bin/git version
2025-02-28T15:25:19.7613091Z git version 2.48.1
2025-02-28T15:25:19.7641673Z ##[endgroup]
2025-02-28T15:25:19.7654541Z Temporarily overriding HOME='/home/runner/work/_temp/0a451a1a-f878-44d9-b552-7d39bdd0bc41' before making global git config changes
2025-02-28T15:25:19.7655413Z Adding repository directory to the temporary git global config as a safe directory
2025-02-28T15:25:19.7659085Z [command]/usr/bin/git config --global --add safe.directory /home/runner/work/toga/toga/.github-beeware
2025-02-28T15:25:19.7690820Z ##[group]Initializing the repository
2025-02-28T15:25:19.7695073Z [command]/usr/bin/git init /home/runner/work/toga/toga/.github-beeware
2025-02-28T15:25:19.7730648Z hint: Using 'master' as the name for the initial branch. This default branch name
2025-02-28T15:25:19.7731628Z hint: is subject to change. To configure the initial branch name to use in all
2025-02-28T15:25:19.7732499Z hint: of your new repositories, which will suppress this warning, call:
2025-02-28T15:25:19.7733145Z hint:
2025-02-28T15:25:19.7733606Z hint: 	git config --global init.defaultBranch <name>
2025-02-28T15:25:19.7734215Z hint:
2025-02-28T15:25:19.7734559Z hint: Names commonly chosen instead of 'master' are 'main', 'trunk' and
2025-02-28T15:25:19.7735230Z hint: 'development'. The just-created branch can be renamed via this command:
2025-02-28T15:25:19.7735844Z hint:
2025-02-28T15:25:19.7736074Z hint: 	git branch -m <name>
2025-02-28T15:25:19.7736525Z Initialized empty Git repository in /home/runner/work/toga/toga/.github-beeware/.git/
2025-02-28T15:25:19.7742426Z [command]/usr/bin/git remote add origin https://github.com/beeware/.github
2025-02-28T15:25:19.7773346Z ##[endgroup]
2025-02-28T15:25:19.7773813Z ##[group]Disabling automatic garbage collection
2025-02-28T15:25:19.7777942Z [command]/usr/bin/git config --local gc.auto 0
2025-02-28T15:25:19.7806448Z ##[endgroup]
2025-02-28T15:25:19.7806879Z ##[group]Setting up auth
2025-02-28T15:25:19.7812650Z [command]/usr/bin/git config --local --name-only --get-regexp core\.sshCommand
2025-02-28T15:25:19.7841599Z [command]/usr/bin/git submodule foreach --recursive sh -c "git config --local --name-only --get-regexp 'core\.sshCommand' && git config --local --unset-all 'core.sshCommand' || :"
2025-02-28T15:25:19.8082291Z [command]/usr/bin/git config --local --name-only --get-regexp http\.https\:\/\/github\.com\/\.extraheader
2025-02-28T15:25:19.8113877Z [command]/usr/bin/git submodule foreach --recursive sh -c "git config --local --name-only --get-regexp 'http\.https\:\/\/github\.com\/\.extraheader' && git config --local --unset-all 'http.https://github.com/.extraheader' || :"
2025-02-28T15:25:19.8355926Z [command]/usr/bin/git config --local http.https://github.com/.extraheader AUTHORIZATION: basic ***
2025-02-28T15:25:19.8392856Z ##[endgroup]
2025-02-28T15:25:19.8393661Z ##[group]Determining the default branch
2025-02-28T15:25:19.8397016Z Retrieving the default branch name
2025-02-28T15:25:20.1169695Z Default branch 'main'
2025-02-28T15:25:20.1170701Z ##[endgroup]
2025-02-28T15:25:20.1171350Z ##[group]Fetching the repository
2025-02-28T15:25:20.1177529Z [command]/usr/bin/git -c protocol.version=2 fetch --no-tags --prune --no-recurse-submodules --depth=1 origin +refs/heads/main:refs/remotes/origin/main
2025-02-28T15:25:20.4343561Z From https://github.com/beeware/.github
2025-02-28T15:25:20.4344211Z  * [new branch]      main       -> origin/main
2025-02-28T15:25:20.4372219Z ##[endgroup]
2025-02-28T15:25:20.4373017Z ##[group]Determining the checkout info
2025-02-28T15:25:20.4373702Z ##[endgroup]
2025-02-28T15:25:20.4379386Z [command]/usr/bin/git sparse-checkout disable
2025-02-28T15:25:20.4418949Z [command]/usr/bin/git config --local --unset-all extensions.worktreeConfig
2025-02-28T15:25:20.4449213Z ##[group]Checking out the ref
2025-02-28T15:25:20.4453648Z [command]/usr/bin/git checkout --progress --force -B main refs/remotes/origin/main
2025-02-28T15:25:20.4523444Z Switched to a new branch 'main'
2025-02-28T15:25:20.4526877Z branch 'main' set up to track 'origin/main'.
2025-02-28T15:25:20.4533090Z ##[endgroup]
2025-02-28T15:25:20.4574553Z [command]/usr/bin/git log -1 --format='%H'
2025-02-28T15:25:20.4600703Z 'a66b93162808d34adf5280c28104b75f8e0d70d3'
2025-02-28T15:25:20.4738753Z ##[group]Run echo "project-root=$(cd "travertino"; pwd -P)" | tee -a ${GITHUB_OUTPUT}
2025-02-28T15:25:20.4739359Z [36;1mecho "project-root=$(cd "travertino"; pwd -P)" | tee -a ${GITHUB_OUTPUT}[0m
2025-02-28T15:25:20.4791433Z shell: /usr/bin/bash --noprofile --norc -e -o pipefail {0}
2025-02-28T15:25:20.4791762Z env:
2025-02-28T15:25:20.4791941Z   min_python_version: 3.9
2025-02-28T15:25:20.4792154Z   max_python_version: 3.12
2025-02-28T15:25:20.4792355Z   FORCE_COLOR: 1
2025-02-28T15:25:20.4792605Z   pythonLocation: /opt/hostedtoolcache/Python/3.13.2/x64
2025-02-28T15:25:20.4793016Z   PKG_CONFIG_PATH: /opt/hostedtoolcache/Python/3.13.2/x64/lib/pkgconfig
2025-02-28T15:25:20.4793396Z   Python_ROOT_DIR: /opt/hostedtoolcache/Python/3.13.2/x64
2025-02-28T15:25:20.4793731Z   Python2_ROOT_DIR: /opt/hostedtoolcache/Python/3.13.2/x64
2025-02-28T15:25:20.4794088Z   Python3_ROOT_DIR: /opt/hostedtoolcache/Python/3.13.2/x64
2025-02-28T15:25:20.4794645Z   LD_LIBRARY_PATH: /opt/hostedtoolcache/Python/3.13.2/x64/lib
2025-02-28T15:25:20.4794944Z ##[endgroup]
2025-02-28T15:25:20.4895235Z project-root=/home/runner/work/toga/toga/travertino
2025-02-28T15:25:20.4936881Z ##[group]Run python -m pip install --upgrade pip
2025-02-28T15:25:20.4937226Z [36;1mpython -m pip install --upgrade pip[0m
2025-02-28T15:25:20.4937574Z [36;1mpython -m pip install --upgrade setuptools build wheel[0m
2025-02-28T15:25:20.4980457Z shell: /usr/bin/bash --noprofile --norc -e -o pipefail {0}
2025-02-28T15:25:20.4980776Z env:
2025-02-28T15:25:20.4980958Z   min_python_version: 3.9
2025-02-28T15:25:20.4981165Z   max_python_version: 3.12
2025-02-28T15:25:20.4981371Z   FORCE_COLOR: 1
2025-02-28T15:25:20.4981622Z   pythonLocation: /opt/hostedtoolcache/Python/3.13.2/x64
2025-02-28T15:25:20.4982037Z   PKG_CONFIG_PATH: /opt/hostedtoolcache/Python/3.13.2/x64/lib/pkgconfig
2025-02-28T15:25:20.4982429Z   Python_ROOT_DIR: /opt/hostedtoolcache/Python/3.13.2/x64
2025-02-28T15:25:20.4982782Z   Python2_ROOT_DIR: /opt/hostedtoolcache/Python/3.13.2/x64
2025-02-28T15:25:20.4983126Z   Python3_ROOT_DIR: /opt/hostedtoolcache/Python/3.13.2/x64
2025-02-28T15:25:20.4983502Z   LD_LIBRARY_PATH: /opt/hostedtoolcache/Python/3.13.2/x64/lib
2025-02-28T15:25:20.4983803Z ##[endgroup]
2025-02-28T15:25:22.1799219Z Requirement already satisfied: pip in /opt/hostedtoolcache/Python/3.13.2/x64/lib/python3.13/site-packages (25.0.1)
2025-02-28T15:25:22.9415065Z Collecting setuptools
2025-02-28T15:25:23.0271497Z   Downloading setuptools-75.8.2-py3-none-any.whl.metadata (6.7 kB)
2025-02-28T15:25:23.0503200Z Collecting build
2025-02-28T15:25:23.0699191Z   Downloading build-1.2.2.post1-py3-none-any.whl.metadata (6.5 kB)
2025-02-28T15:25:23.0957171Z Collecting wheel
2025-02-28T15:25:23.1155067Z   Downloading wheel-0.45.1-py3-none-any.whl.metadata (2.3 kB)
2025-02-28T15:25:23.1339695Z Collecting packaging>=19.1 (from build)
2025-02-28T15:25:23.1536254Z   Downloading packaging-24.2-py3-none-any.whl.metadata (3.2 kB)
2025-02-28T15:25:23.1642892Z Collecting pyproject_hooks (from build)
2025-02-28T15:25:23.1838778Z   Downloading pyproject_hooks-1.2.0-py3-none-any.whl.metadata (1.3 kB)
2025-02-28T15:25:23.2077937Z Downloading setuptools-75.8.2-py3-none-any.whl (1.2 MB)
2025-02-28T15:25:23.3061261Z [?25l   [90m━━━━━━━━━━━━━━━━━━━━━━━━━━━━━━━━━━━━━━━━[0m [32m0.0/1.2 MB[0m [31m?[0m eta [36m-:--:--[0m
2025-02-28T15:25:23.3062068Z [2K   [90m━━━━━━━━━━━━━━━━━━━━━━━━━━━━━━━━━━━━━━━━[0m [32m1.2/1.2 MB[0m [31m23.5 MB/s[0m eta [36m0:00:00[0m
2025-02-28T15:25:23.3261330Z [?25hDownloading build-1.2.2.post1-py3-none-any.whl (22 kB)
2025-02-28T15:25:23.3484884Z Downloading wheel-0.45.1-py3-none-any.whl (72 kB)
2025-02-28T15:25:23.3710372Z Downloading packaging-24.2-py3-none-any.whl (65 kB)
2025-02-28T15:25:23.3936366Z Downloading pyproject_hooks-1.2.0-py3-none-any.whl (10 kB)
2025-02-28T15:25:23.4191865Z Installing collected packages: wheel, setuptools, pyproject_hooks, packaging, build
2025-02-28T15:25:24.3152876Z Successfully installed build-1.2.2.post1 packaging-24.2 pyproject_hooks-1.2.0 setuptools-75.8.2 wheel-0.45.1
2025-02-28T15:25:24.3988437Z ##[group]Run python -m install_requirement tox \
2025-02-28T15:25:24.3988781Z [36;1mpython -m install_requirement tox \[0m
2025-02-28T15:25:24.3989042Z [36;1m  --extra "dev" \[0m
2025-02-28T15:25:24.3989383Z [36;1m  --project-root "$(printf -- "%q" "/home/runner/work/toga/toga/travertino")"[0m
2025-02-28T15:25:24.4036258Z shell: /usr/bin/bash --noprofile --norc -e -o pipefail {0}
2025-02-28T15:25:24.4036567Z env:
2025-02-28T15:25:24.4036740Z   min_python_version: 3.9
2025-02-28T15:25:24.4036952Z   max_python_version: 3.12
2025-02-28T15:25:24.4037154Z   FORCE_COLOR: 1
2025-02-28T15:25:24.4037400Z   pythonLocation: /opt/hostedtoolcache/Python/3.13.2/x64
2025-02-28T15:25:24.4037786Z   PKG_CONFIG_PATH: /opt/hostedtoolcache/Python/3.13.2/x64/lib/pkgconfig
2025-02-28T15:25:24.4038156Z   Python_ROOT_DIR: /opt/hostedtoolcache/Python/3.13.2/x64
2025-02-28T15:25:24.4038675Z   Python2_ROOT_DIR: /opt/hostedtoolcache/Python/3.13.2/x64
2025-02-28T15:25:24.4039024Z   Python3_ROOT_DIR: /opt/hostedtoolcache/Python/3.13.2/x64
2025-02-28T15:25:24.4039498Z   LD_LIBRARY_PATH: /opt/hostedtoolcache/Python/3.13.2/x64/lib
2025-02-28T15:25:24.4039781Z ##[endgroup]
2025-02-28T15:25:24.7625958Z Installing tox==4.24.1...
2025-02-28T15:25:25.2144779Z Collecting tox==4.24.1
2025-02-28T15:25:25.2962700Z   Downloading tox-4.24.1-py3-none-any.whl.metadata (3.7 kB)
2025-02-28T15:25:25.3158368Z Collecting cachetools>=5.5 (from tox==4.24.1)
2025-02-28T15:25:25.3364801Z   Downloading cachetools-5.5.2-py3-none-any.whl.metadata (5.4 kB)
2025-02-28T15:25:25.3489843Z Collecting chardet>=5.2 (from tox==4.24.1)
2025-02-28T15:25:25.3684630Z   Downloading chardet-5.2.0-py3-none-any.whl.metadata (3.4 kB)
2025-02-28T15:25:25.3850724Z Collecting colorama>=0.4.6 (from tox==4.24.1)
2025-02-28T15:25:25.4048694Z   Downloading colorama-0.4.6-py2.py3-none-any.whl.metadata (17 kB)
2025-02-28T15:25:25.4286337Z Collecting filelock>=3.16.1 (from tox==4.24.1)
2025-02-28T15:25:25.4483586Z   Downloading filelock-3.17.0-py3-none-any.whl.metadata (2.9 kB)
2025-02-28T15:25:25.4543281Z Requirement already satisfied: packaging>=24.2 in /opt/hostedtoolcache/Python/3.13.2/x64/lib/python3.13/site-packages (from tox==4.24.1) (24.2)
2025-02-28T15:25:25.4680620Z Collecting platformdirs>=4.3.6 (from tox==4.24.1)
2025-02-28T15:25:25.4879573Z   Downloading platformdirs-4.3.6-py3-none-any.whl.metadata (11 kB)
2025-02-28T15:25:25.5062054Z Collecting pluggy>=1.5 (from tox==4.24.1)
2025-02-28T15:25:25.5260522Z   Downloading pluggy-1.5.0-py3-none-any.whl.metadata (4.8 kB)
2025-02-28T15:25:25.5400272Z Collecting pyproject-api>=1.8 (from tox==4.24.1)
2025-02-28T15:25:25.5597871Z   Downloading pyproject_api-1.9.0-py3-none-any.whl.metadata (2.7 kB)
2025-02-28T15:25:25.5999234Z Collecting virtualenv>=20.27.1 (from tox==4.24.1)
2025-02-28T15:25:25.6199246Z   Downloading virtualenv-20.29.2-py3-none-any.whl.metadata (4.5 kB)
2025-02-28T15:25:25.6433123Z Collecting distlib<1,>=0.3.7 (from virtualenv>=20.27.1->tox==4.24.1)
2025-02-28T15:25:25.6630768Z   Downloading distlib-0.3.9-py2.py3-none-any.whl.metadata (5.2 kB)
2025-02-28T15:25:25.6964340Z Downloading tox-4.24.1-py3-none-any.whl (171 kB)
2025-02-28T15:25:25.7593319Z Downloading cachetools-5.5.2-py3-none-any.whl (10 kB)
2025-02-28T15:25:25.7812762Z Downloading chardet-5.2.0-py3-none-any.whl (199 kB)
2025-02-28T15:25:25.8106111Z Downloading colorama-0.4.6-py2.py3-none-any.whl (25 kB)
2025-02-28T15:25:25.8324683Z Downloading filelock-3.17.0-py3-none-any.whl (16 kB)
2025-02-28T15:25:25.8543897Z Downloading platformdirs-4.3.6-py3-none-any.whl (18 kB)
2025-02-28T15:25:25.8773453Z Downloading pluggy-1.5.0-py3-none-any.whl (20 kB)
2025-02-28T15:25:25.8991482Z Downloading pyproject_api-1.9.0-py3-none-any.whl (13 kB)
2025-02-28T15:25:25.9214085Z Downloading virtualenv-20.29.2-py3-none-any.whl (4.3 MB)
2025-02-28T15:25:26.0103467Z [?25l   [90m━━━━━━━━━━━━━━━━━━━━━━━━━━━━━━━━━━━━━━━━[0m [32m0.0/4.3 MB[0m [31m?[0m eta [36m-:--:--[0m
2025-02-28T15:25:26.0104191Z [2K   [90m━━━━━━━━━━━━━━━━━━━━━━━━━━━━━━━━━━━━━━━━[0m [32m4.3/4.3 MB[0m [31m49.1 MB/s[0m eta [36m0:00:00[0m
2025-02-28T15:25:26.0299016Z [?25hDownloading distlib-0.3.9-py2.py3-none-any.whl (468 kB)
2025-02-28T15:25:26.0807188Z Installing collected packages: distlib, pyproject-api, pluggy, platformdirs, filelock, colorama, chardet, cachetools, virtualenv, tox
2025-02-28T15:25:26.7177418Z Successfully installed cachetools-5.5.2 chardet-5.2.0 colorama-0.4.6 distlib-0.3.9 filelock-3.17.0 platformdirs-4.3.6 pluggy-1.5.0 pyproject-api-1.9.0 tox-4.24.1 virtualenv-20.29.2
2025-02-28T15:25:26.8059284Z 
2025-02-28T15:25:26.8059869Z Successfully installed:
2025-02-28T15:25:26.8060275Z  tox==4.24.1
2025-02-28T15:25:26.8249232Z ##[group]Run actions/download-artifact@v4.1.8
2025-02-28T15:25:26.8249531Z with:
2025-02-28T15:25:26.8249717Z   pattern: Packages-toga-*
2025-02-28T15:25:26.8249941Z   merge-multiple: true
2025-02-28T15:25:26.8250138Z   path: dist
2025-02-28T15:25:26.8250321Z   repository: beeware/toga
2025-02-28T15:25:26.8250525Z   run-id: 13591189051
2025-02-28T15:25:26.8250701Z env:
2025-02-28T15:25:26.8251077Z   min_python_version: 3.9
2025-02-28T15:25:26.8251282Z   max_python_version: 3.12
2025-02-28T15:25:26.8251475Z   FORCE_COLOR: 1
2025-02-28T15:25:26.8251721Z   pythonLocation: /opt/hostedtoolcache/Python/3.13.2/x64
2025-02-28T15:25:26.8252109Z   PKG_CONFIG_PATH: /opt/hostedtoolcache/Python/3.13.2/x64/lib/pkgconfig
2025-02-28T15:25:26.8252501Z   Python_ROOT_DIR: /opt/hostedtoolcache/Python/3.13.2/x64
2025-02-28T15:25:26.8252839Z   Python2_ROOT_DIR: /opt/hostedtoolcache/Python/3.13.2/x64
2025-02-28T15:25:26.8253166Z   Python3_ROOT_DIR: /opt/hostedtoolcache/Python/3.13.2/x64
2025-02-28T15:25:26.8253531Z   LD_LIBRARY_PATH: /opt/hostedtoolcache/Python/3.13.2/x64/lib
2025-02-28T15:25:26.8253809Z ##[endgroup]
2025-02-28T15:25:27.1865005Z Found 36 artifact(s)
2025-02-28T15:25:27.1866479Z Filtering artifacts by pattern 'Packages-toga-*'
2025-02-28T15:25:27.1887412Z Preparing to download the following artifacts:
2025-02-28T15:25:27.1888217Z - Packages-toga-winforms (ID: 2671287482, Size: 912634)
2025-02-28T15:25:27.1888909Z - Packages-toga-dummy (ID: 2671286695, Size: 148605)
2025-02-28T15:25:27.1889503Z - Packages-toga-core (ID: 2671286668, Size: 1154108)
2025-02-28T15:25:27.1890081Z - Packages-toga-iOS (ID: 2671286641, Size: 872393)
2025-02-28T15:25:27.1890635Z - Packages-toga-demo (ID: 2671286618, Size: 1242392)
2025-02-28T15:25:27.1891204Z - Packages-toga-web (ID: 2671286591, Size: 34849)
2025-02-28T15:25:27.1892934Z - Packages-toga-cocoa (ID: 2671286553, Size: 929372)
2025-02-28T15:25:27.1893519Z - Packages-toga-gtk (ID: 2671286494, Size: 142140)
2025-02-28T15:25:27.1894233Z - Packages-toga-travertino (ID: 2671286454, Size: 62313)
2025-02-28T15:25:27.1894828Z - Packages-toga-android (ID: 2671286345, Size: 138242)
2025-02-28T15:25:27.1895383Z - Packages-toga-toga (ID: 2671286304, Size: 7265)
2025-02-28T15:25:27.1896112Z - Packages-toga-textual (ID: 2671286253, Size: 32043)
2025-02-28T15:25:27.2902694Z Redirecting to blob download url: https://productionresultssa15.blob.core.windows.net/actions-results/2833d74d-b108-4855-a138-f9cc692c54c9/workflow-job-run-3124742b-843a-5b41-b426-aef8afedb9f7/artifacts/442c3fefacaa5f4a317396d7241d3673a3eab28c29b7e651a0b97534d592e35d.zip
2025-02-28T15:25:27.2904567Z Starting download of artifact to: /home/runner/work/toga/toga/dist
2025-02-28T15:25:27.3397685Z Redirecting to blob download url: https://productionresultssa15.blob.core.windows.net/actions-results/2833d74d-b108-4855-a138-f9cc692c54c9/workflow-job-run-137efbf3-bb9f-5901-016f-a9ca027ec083/artifacts/3f2c1a4e1441705d00c0abbd5f3913c6b215c2d9365be6ffa9fcc342e7742def.zip
2025-02-28T15:25:27.3399790Z Starting download of artifact to: /home/runner/work/toga/toga/dist
2025-02-28T15:25:27.3412667Z Redirecting to blob download url: https://productionresultssa15.blob.core.windows.net/actions-results/2833d74d-b108-4855-a138-f9cc692c54c9/workflow-job-run-46aa3184-e851-51af-58d5-831072cd673f/artifacts/485660db63ec446c9f562cc6bdf49c64bf27c37a329b95a30a2467812096f020.zip
2025-02-28T15:25:27.3414830Z Starting download of artifact to: /home/runner/work/toga/toga/dist
2025-02-28T15:25:27.3436238Z Redirecting to blob download url: https://productionresultssa15.blob.core.windows.net/actions-results/2833d74d-b108-4855-a138-f9cc692c54c9/workflow-job-run-e2a6fa47-47a3-5188-27fb-56f4e71042c8/artifacts/5425332638acb926f3e0f42935440601f1f6cf4c943281c5f8b926bd1948bc25.zip
2025-02-28T15:25:27.3438419Z Starting download of artifact to: /home/runner/work/toga/toga/dist
2025-02-28T15:25:27.3529103Z Redirecting to blob download url: https://productionresultssa15.blob.core.windows.net/actions-results/2833d74d-b108-4855-a138-f9cc692c54c9/workflow-job-run-f1ed5179-285b-5126-8d3b-2df284d1f11c/artifacts/a55c024fa54bd7854415e2c7edfeb2c5046af07e859f8da7b852b08eadc84e2a.zip
2025-02-28T15:25:27.3531273Z Starting download of artifact to: /home/runner/work/toga/toga/dist
2025-02-28T15:25:27.3548034Z Redirecting to blob download url: https://productionresultssa15.blob.core.windows.net/actions-results/2833d74d-b108-4855-a138-f9cc692c54c9/workflow-job-run-98be74ae-5157-5c81-b7d0-b2ef5821a81e/artifacts/6e0cae3735cba3d010b2e4c6917aa1f2ffe72638fbddcfcf5e7d00e456e64178.zip
2025-02-28T15:25:27.3550494Z Starting download of artifact to: /home/runner/work/toga/toga/dist
2025-02-28T15:25:27.3585271Z Redirecting to blob download url: https://productionresultssa15.blob.core.windows.net/actions-results/2833d74d-b108-4855-a138-f9cc692c54c9/workflow-job-run-832e8880-3eb6-5d89-0c04-ef547b46a59e/artifacts/dd722970e727682fe8f4f464e3511dbda02932b6586e5f2f8ac9f8f11f50cdc9.zip
2025-02-28T15:25:27.3587608Z Starting download of artifact to: /home/runner/work/toga/toga/dist
2025-02-28T15:25:27.3597535Z Redirecting to blob download url: https://productionresultssa15.blob.core.windows.net/actions-results/2833d74d-b108-4855-a138-f9cc692c54c9/workflow-job-run-866e389a-a1a0-5c67-a00f-72c22223abfe/artifacts/b4bca85baf5c112d5a88797759fe2e27b3de49b97e7268608199152765d6405a.zip
2025-02-28T15:25:27.3598935Z Starting download of artifact to: /home/runner/work/toga/toga/dist
2025-02-28T15:25:27.3665409Z Redirecting to blob download url: https://productionresultssa15.blob.core.windows.net/actions-results/2833d74d-b108-4855-a138-f9cc692c54c9/workflow-job-run-996a8579-f179-559d-4190-0dfa80ff20d7/artifacts/78e64f25892d1e62a7fba16b04b2d38f38656067df6d708afd5432245debf794.zip
2025-02-28T15:25:27.3666774Z Starting download of artifact to: /home/runner/work/toga/toga/dist
2025-02-28T15:25:27.3677958Z Redirecting to blob download url: https://productionresultssa15.blob.core.windows.net/actions-results/2833d74d-b108-4855-a138-f9cc692c54c9/workflow-job-run-18bbcbc6-8763-5d15-2620-0ac883eea9b0/artifacts/42ca5e4547811af7883a91d6c65b481266e15c0cdc8d243ec9aae2b558253c02.zip
2025-02-28T15:25:27.3679159Z Starting download of artifact to: /home/runner/work/toga/toga/dist
2025-02-28T15:25:27.3694039Z Redirecting to blob download url: https://productionresultssa15.blob.core.windows.net/actions-results/2833d74d-b108-4855-a138-f9cc692c54c9/workflow-job-run-c851c84b-57ed-5071-9878-2279ccd891b8/artifacts/5eb57499beb40f05e15583bbf1c077df75bc75fa11156590733b79c2f9774e5a.zip
2025-02-28T15:25:27.3695255Z Starting download of artifact to: /home/runner/work/toga/toga/dist
2025-02-28T15:25:27.3844538Z Redirecting to blob download url: https://productionresultssa15.blob.core.windows.net/actions-results/2833d74d-b108-4855-a138-f9cc692c54c9/workflow-job-run-7815ca6b-1b41-513e-fbe7-8eccb083611a/artifacts/1660c57eb65463a413672e3e25e0e2a0d8c8794547115554b39228f20230f22e.zip
2025-02-28T15:25:27.3846035Z Starting download of artifact to: /home/runner/work/toga/toga/dist
2025-02-28T15:25:27.3998903Z (node:2026) [DEP0005] DeprecationWarning: Buffer() is deprecated due to security and usability issues. Please use the Buffer.alloc(), Buffer.allocUnsafe(), or Buffer.from() methods instead.
2025-02-28T15:25:27.3999881Z (Use `node --trace-deprecation ...` to show where the warning was created)
2025-02-28T15:25:27.4735300Z Artifact download completed successfully.
2025-02-28T15:25:27.4761415Z Artifact download completed successfully.
2025-02-28T15:25:27.4854961Z Artifact download completed successfully.
2025-02-28T15:25:27.4927065Z Artifact download completed successfully.
2025-02-28T15:25:27.5074331Z Artifact download completed successfully.
2025-02-28T15:25:27.5217419Z Artifact download completed successfully.
2025-02-28T15:25:27.5289748Z Artifact download completed successfully.
2025-02-28T15:25:27.5381521Z Artifact download completed successfully.
2025-02-28T15:25:27.6049741Z Artifact download completed successfully.
2025-02-28T15:25:27.6230877Z Artifact download completed successfully.
2025-02-28T15:25:27.6465081Z Artifact download completed successfully.
2025-02-28T15:25:27.6474698Z Artifact download completed successfully.
2025-02-28T15:25:27.6475178Z Total of 12 artifact(s) downloaded
2025-02-28T15:25:27.6482221Z Download artifact has finished successfully
2025-02-28T15:25:27.6622872Z ##[group]Run # The $(ls ...) shell expansion is done in the Github environment; the value of
2025-02-28T15:25:27.6623858Z [36;1m# The $(ls ...) shell expansion is done in the Github environment; the value of[0m
2025-02-28T15:25:27.6625052Z [36;1m# TOGA_INSTALL_COMMAND will be a literal string without any shell expansions to[0m
2025-02-28T15:25:27.6626191Z [36;1m# perform. We don't *explicitly* install the Travertino wheel; we provide the[0m
2025-02-28T15:25:27.6627051Z [36;1m# dist dir as a source of wheels, and rely on pip to resolve the explicit[0m
2025-02-28T15:25:27.6627799Z [36;1m# version match to the Travertino wheel in that folder.[0m
2025-02-28T15:25:27.6628899Z [36;1mexport TOGA_INSTALL_COMMAND="python -m pip install --find-links ../dist ../$(ls dist/toga_core-*.whl)[dev] ../$(ls dist/toga_dummy-*.whl)"[0m
2025-02-28T15:25:27.6629894Z [36;1mtox -e py-cov-trav[0m
2025-02-28T15:25:27.6630369Z [36;1mtox -qe coverage$(tr -dc "0-9" <<< "3.13")-trav[0m
2025-02-28T15:25:27.6631101Z [36;1mmv travertino/.coverage travertino/.coverage.ubuntu-latest.3.13[0m
2025-02-28T15:25:27.6698341Z shell: /usr/bin/bash --noprofile --norc -e -o pipefail {0}
2025-02-28T15:25:27.6698685Z env:
2025-02-28T15:25:27.6698867Z   min_python_version: 3.9
2025-02-28T15:25:27.6699087Z   max_python_version: 3.12
2025-02-28T15:25:27.6699283Z   FORCE_COLOR: 1
2025-02-28T15:25:27.6699540Z   pythonLocation: /opt/hostedtoolcache/Python/3.13.2/x64
2025-02-28T15:25:27.6699942Z   PKG_CONFIG_PATH: /opt/hostedtoolcache/Python/3.13.2/x64/lib/pkgconfig
2025-02-28T15:25:27.6700324Z   Python_ROOT_DIR: /opt/hostedtoolcache/Python/3.13.2/x64
2025-02-28T15:25:27.6700691Z   Python2_ROOT_DIR: /opt/hostedtoolcache/Python/3.13.2/x64
2025-02-28T15:25:27.6701044Z   Python3_ROOT_DIR: /opt/hostedtoolcache/Python/3.13.2/x64
2025-02-28T15:25:27.6701408Z   LD_LIBRARY_PATH: /opt/hostedtoolcache/Python/3.13.2/x64/lib
2025-02-28T15:25:27.6701711Z ##[endgroup]
2025-02-28T15:25:28.3009215Z [1m[35mpy-cov-trav:[0m[36m freeze[22m[2m>[0m python -m pip freeze --all[0m
2025-02-28T15:25:28.9024976Z [1m[35mpy-cov-trav:[0m[36m pip==25.0.1[0m
2025-02-28T15:25:28.9038662Z [1m[35mpy-cov-trav:[0m[36m commands[0][22m /home/runner/work/toga/toga/travertino[2m>[0m python -m pip install --find-links ../dist '../dist/toga_core-0.4.9.dev629+g68266e24a-py3-none-any.whl[dev]' ../dist/toga_dummy-0.4.9.dev629+g68266e24a-py3-none-any.whl[0m
2025-02-28T15:25:29.4769584Z Looking in links: ../dist
2025-02-28T15:25:29.4822570Z Processing /home/runner/work/toga/toga/dist/toga_core-0.4.9.dev629+g68266e24a-py3-none-any.whl (from toga-core==0.4.9.dev629+g68266e24a)
2025-02-28T15:25:29.4908049Z Processing /home/runner/work/toga/toga/dist/toga_dummy-0.4.9.dev629+g68266e24a-py3-none-any.whl
2025-02-28T15:25:29.5390805Z Processing /home/runner/work/toga/toga/dist/travertino-0.4.9.dev629+g68266e24a-py3-none-any.whl (from toga-core==0.4.9.dev629+g68266e24a->toga-core==0.4.9.dev629+g68266e24a)
2025-02-28T15:25:29.7563645Z Collecting coverage==7.6.12 (from coverage[toml]==7.6.12; extra == "dev"->toga-core==0.4.9.dev629+g68266e24a->toga-core==0.4.9.dev629+g68266e24a)
2025-02-28T15:25:29.8393513Z   Downloading coverage-7.6.12-cp313-cp313-manylinux_2_5_x86_64.manylinux1_x86_64.manylinux_2_17_x86_64.manylinux2014_x86_64.whl.metadata (8.5 kB)
2025-02-28T15:25:29.8532618Z Collecting coverage-conditional-plugin==0.9.0 (from toga-core==0.4.9.dev629+g68266e24a->toga-core==0.4.9.dev629+g68266e24a)
2025-02-28T15:25:29.8735762Z   Downloading coverage_conditional_plugin-0.9.0-py3-none-any.whl.metadata (6.9 kB)
2025-02-28T15:25:30.0084635Z Collecting Pillow==11.1.0 (from toga-core==0.4.9.dev629+g68266e24a->toga-core==0.4.9.dev629+g68266e24a)
2025-02-28T15:25:30.0289657Z   Downloading pillow-11.1.0-cp313-cp313-manylinux_2_28_x86_64.whl.metadata (9.1 kB)
2025-02-28T15:25:30.0670152Z Collecting pre-commit==4.1.0 (from toga-core==0.4.9.dev629+g68266e24a->toga-core==0.4.9.dev629+g68266e24a)
2025-02-28T15:25:30.0871562Z   Downloading pre_commit-4.1.0-py2.py3-none-any.whl.metadata (1.3 kB)
2025-02-28T15:25:30.1185893Z Collecting pytest==8.3.4 (from toga-core==0.4.9.dev629+g68266e24a->toga-core==0.4.9.dev629+g68266e24a)
2025-02-28T15:25:30.1386631Z   Downloading pytest-8.3.4-py3-none-any.whl.metadata (7.5 kB)
2025-02-28T15:25:30.1604269Z Collecting pytest-asyncio==0.25.3 (from toga-core==0.4.9.dev629+g68266e24a->toga-core==0.4.9.dev629+g68266e24a)
2025-02-28T15:25:30.1804577Z   Downloading pytest_asyncio-0.25.3-py3-none-any.whl.metadata (3.9 kB)
2025-02-28T15:25:30.1922072Z Collecting pytest-freezer==0.4.9 (from toga-core==0.4.9.dev629+g68266e24a->toga-core==0.4.9.dev629+g68266e24a)
2025-02-28T15:25:30.2129646Z   Downloading pytest_freezer-0.4.9-py3-none-any.whl.metadata (2.1 kB)
2025-02-28T15:25:30.2411833Z Collecting setuptools-scm==8.1.0 (from toga-core==0.4.9.dev629+g68266e24a->toga-core==0.4.9.dev629+g68266e24a)
2025-02-28T15:25:30.2616661Z   Downloading setuptools_scm-8.1.0-py3-none-any.whl.metadata (6.6 kB)
2025-02-28T15:25:30.3121725Z Collecting tox==4.24.1 (from toga-core==0.4.9.dev629+g68266e24a->toga-core==0.4.9.dev629+g68266e24a)
2025-02-28T15:25:30.3139051Z   Using cached tox-4.24.1-py3-none-any.whl.metadata (3.7 kB)
2025-02-28T15:25:30.3385066Z Collecting packaging>=20.4 (from coverage-conditional-plugin==0.9.0->toga-core==0.4.9.dev629+g68266e24a->toga-core==0.4.9.dev629+g68266e24a)
2025-02-28T15:25:30.3396447Z   Using cached packaging-24.2-py3-none-any.whl.metadata (3.2 kB)
2025-02-28T15:25:30.3536566Z Collecting cfgv>=2.0.0 (from pre-commit==4.1.0->toga-core==0.4.9.dev629+g68266e24a->toga-core==0.4.9.dev629+g68266e24a)
2025-02-28T15:25:30.3739551Z   Downloading cfgv-3.4.0-py2.py3-none-any.whl.metadata (8.5 kB)
2025-02-28T15:25:30.4129727Z Collecting identify>=1.0.0 (from pre-commit==4.1.0->toga-core==0.4.9.dev629+g68266e24a->toga-core==0.4.9.dev629+g68266e24a)
2025-02-28T15:25:30.4331744Z   Downloading identify-2.6.8-py2.py3-none-any.whl.metadata (4.4 kB)
2025-02-28T15:25:30.4497099Z Collecting nodeenv>=0.11.1 (from pre-commit==4.1.0->toga-core==0.4.9.dev629+g68266e24a->toga-core==0.4.9.dev629+g68266e24a)
2025-02-28T15:25:30.4698889Z   Downloading nodeenv-1.9.1-py2.py3-none-any.whl.metadata (21 kB)
2025-02-28T15:25:30.5049627Z Collecting pyyaml>=5.1 (from pre-commit==4.1.0->toga-core==0.4.9.dev629+g68266e24a->toga-core==0.4.9.dev629+g68266e24a)
2025-02-28T15:25:30.5252015Z   Downloading PyYAML-6.0.2-cp313-cp313-manylinux_2_17_x86_64.manylinux2014_x86_64.whl.metadata (2.1 kB)
2025-02-28T15:25:30.5695246Z Collecting virtualenv>=20.10.0 (from pre-commit==4.1.0->toga-core==0.4.9.dev629+g68266e24a->toga-core==0.4.9.dev629+g68266e24a)
2025-02-28T15:25:30.5708222Z   Using cached virtualenv-20.29.2-py3-none-any.whl.metadata (4.5 kB)
2025-02-28T15:25:30.5874717Z Collecting iniconfig (from pytest==8.3.4->toga-core==0.4.9.dev629+g68266e24a->toga-core==0.4.9.dev629+g68266e24a)
2025-02-28T15:25:30.6076037Z   Downloading iniconfig-2.0.0-py3-none-any.whl.metadata (2.6 kB)
2025-02-28T15:25:30.6208578Z Collecting pluggy<2,>=1.5 (from pytest==8.3.4->toga-core==0.4.9.dev629+g68266e24a->toga-core==0.4.9.dev629+g68266e24a)
2025-02-28T15:25:30.6219557Z   Using cached pluggy-1.5.0-py3-none-any.whl.metadata (4.8 kB)
2025-02-28T15:25:30.6636274Z Collecting freezegun>=1.1 (from pytest-freezer==0.4.9->toga-core==0.4.9.dev629+g68266e24a->toga-core==0.4.9.dev629+g68266e24a)
2025-02-28T15:25:30.6834965Z   Downloading freezegun-1.5.1-py3-none-any.whl.metadata (11 kB)
2025-02-28T15:25:30.7840425Z Collecting setuptools (from setuptools-scm==8.1.0->toga-core==0.4.9.dev629+g68266e24a->toga-core==0.4.9.dev629+g68266e24a)
2025-02-28T15:25:30.7852652Z   Using cached setuptools-75.8.2-py3-none-any.whl.metadata (6.7 kB)
2025-02-28T15:25:30.8077393Z Collecting cachetools>=5.5 (from tox==4.24.1->toga-core==0.4.9.dev629+g68266e24a->toga-core==0.4.9.dev629+g68266e24a)
2025-02-28T15:25:30.8088540Z   Using cached cachetools-5.5.2-py3-none-any.whl.metadata (5.4 kB)
2025-02-28T15:25:30.8177817Z Collecting chardet>=5.2 (from tox==4.24.1->toga-core==0.4.9.dev629+g68266e24a->toga-core==0.4.9.dev629+g68266e24a)
2025-02-28T15:25:30.8188742Z   Using cached chardet-5.2.0-py3-none-any.whl.metadata (3.4 kB)
2025-02-28T15:25:30.8313748Z Collecting colorama>=0.4.6 (from tox==4.24.1->toga-core==0.4.9.dev629+g68266e24a->toga-core==0.4.9.dev629+g68266e24a)
2025-02-28T15:25:30.8324148Z   Using cached colorama-0.4.6-py2.py3-none-any.whl.metadata (17 kB)
2025-02-28T15:25:30.8485502Z Collecting filelock>=3.16.1 (from tox==4.24.1->toga-core==0.4.9.dev629+g68266e24a->toga-core==0.4.9.dev629+g68266e24a)
2025-02-28T15:25:30.8496035Z   Using cached filelock-3.17.0-py3-none-any.whl.metadata (2.9 kB)
2025-02-28T15:25:30.8681636Z Collecting platformdirs>=4.3.6 (from tox==4.24.1->toga-core==0.4.9.dev629+g68266e24a->toga-core==0.4.9.dev629+g68266e24a)
2025-02-28T15:25:30.8692288Z   Using cached platformdirs-4.3.6-py3-none-any.whl.metadata (11 kB)
2025-02-28T15:25:30.8812211Z Collecting pyproject-api>=1.8 (from tox==4.24.1->toga-core==0.4.9.dev629+g68266e24a->toga-core==0.4.9.dev629+g68266e24a)
2025-02-28T15:25:30.8822550Z   Using cached pyproject_api-1.9.0-py3-none-any.whl.metadata (2.7 kB)
2025-02-28T15:25:30.9140150Z Collecting python-dateutil>=2.7 (from freezegun>=1.1->pytest-freezer==0.4.9->toga-core==0.4.9.dev629+g68266e24a->toga-core==0.4.9.dev629+g68266e24a)
2025-02-28T15:25:30.9340390Z   Downloading python_dateutil-2.9.0.post0-py2.py3-none-any.whl.metadata (8.4 kB)
2025-02-28T15:25:30.9594885Z Collecting distlib<1,>=0.3.7 (from virtualenv>=20.10.0->pre-commit==4.1.0->toga-core==0.4.9.dev629+g68266e24a->toga-core==0.4.9.dev629+g68266e24a)
2025-02-28T15:25:30.9605515Z   Using cached distlib-0.3.9-py2.py3-none-any.whl.metadata (5.2 kB)
2025-02-28T15:25:30.9862565Z Collecting six>=1.5 (from python-dateutil>=2.7->freezegun>=1.1->pytest-freezer==0.4.9->toga-core==0.4.9.dev629+g68266e24a->toga-core==0.4.9.dev629+g68266e24a)
2025-02-28T15:25:31.0071277Z   Downloading six-1.17.0-py2.py3-none-any.whl.metadata (1.7 kB)
2025-02-28T15:25:31.0350032Z Downloading coverage-7.6.12-cp313-cp313-manylinux_2_5_x86_64.manylinux1_x86_64.manylinux_2_17_x86_64.manylinux2014_x86_64.whl (241 kB)
2025-02-28T15:25:31.0988534Z Downloading coverage_conditional_plugin-0.9.0-py3-none-any.whl (7.3 kB)
2025-02-28T15:25:31.1213173Z Downloading pillow-11.1.0-cp313-cp313-manylinux_2_28_x86_64.whl (4.5 MB)
2025-02-28T15:25:31.2052061Z [?25l   [90m━━━━━━━━━━━━━━━━━━━━━━━━━━━━━━━━━━━━━━━━[0m [32m0.0/4.5 MB[0m [31m?[0m eta [36m-:--:--[0m
2025-02-28T15:25:31.2053122Z [2K   [90m━━━━━━━━━━━━━━━━━━━━━━━━━━━━━━━━━━━━━━━━[0m [32m4.5/4.5 MB[0m [31m56.5 MB/s[0m eta [36m0:00:00[0m
2025-02-28T15:25:31.2256240Z [?25hDownloading pre_commit-4.1.0-py2.py3-none-any.whl (220 kB)
2025-02-28T15:25:31.2494970Z Downloading pytest-8.3.4-py3-none-any.whl (343 kB)
2025-02-28T15:25:31.2733378Z Downloading pytest_asyncio-0.25.3-py3-none-any.whl (19 kB)
2025-02-28T15:25:31.2951685Z Downloading pytest_freezer-0.4.9-py3-none-any.whl (3.2 kB)
2025-02-28T15:25:31.3170715Z Downloading setuptools_scm-8.1.0-py3-none-any.whl (43 kB)
2025-02-28T15:25:31.3203993Z Using cached tox-4.24.1-py3-none-any.whl (171 kB)
2025-02-28T15:25:31.3216445Z Using cached cachetools-5.5.2-py3-none-any.whl (10 kB)
2025-02-28T15:25:31.3419072Z Downloading cfgv-3.4.0-py2.py3-none-any.whl (7.2 kB)
2025-02-28T15:25:31.3457365Z Using cached chardet-5.2.0-py3-none-any.whl (199 kB)
2025-02-28T15:25:31.3469237Z Using cached colorama-0.4.6-py2.py3-none-any.whl (25 kB)
2025-02-28T15:25:31.3479874Z Using cached filelock-3.17.0-py3-none-any.whl (16 kB)
2025-02-28T15:25:31.3677139Z Downloading freezegun-1.5.1-py3-none-any.whl (17 kB)
2025-02-28T15:25:31.3899079Z Downloading identify-2.6.8-py2.py3-none-any.whl (99 kB)
2025-02-28T15:25:31.4126195Z Downloading nodeenv-1.9.1-py2.py3-none-any.whl (22 kB)
2025-02-28T15:25:31.4156219Z Using cached packaging-24.2-py3-none-any.whl (65 kB)
2025-02-28T15:25:31.4166997Z Using cached platformdirs-4.3.6-py3-none-any.whl (18 kB)
2025-02-28T15:25:31.4177181Z Using cached pluggy-1.5.0-py3-none-any.whl (20 kB)
2025-02-28T15:25:31.4187643Z Using cached pyproject_api-1.9.0-py3-none-any.whl (13 kB)
2025-02-28T15:25:31.4392409Z Downloading PyYAML-6.0.2-cp313-cp313-manylinux_2_17_x86_64.manylinux2014_x86_64.whl (759 kB)
2025-02-28T15:25:31.4480681Z [?25l   [90m━━━━━━━━━━━━━━━━━━━━━━━━━━━━━━━━━━━━━━━━[0m [32m0.0/759.5 kB[0m [31m?[0m eta [36m-:--:--[0m
2025-02-28T15:25:31.4481712Z [2K   [90m━━━━━━━━━━━━━━━━━━━━━━━━━━━━━━━━━━━━━━━[0m [32m759.5/759.5 kB[0m [31m107.0 MB/s[0m eta [36m0:00:00[0m
2025-02-28T15:25:31.4491130Z [?25hUsing cached virtualenv-20.29.2-py3-none-any.whl (4.3 MB)
2025-02-28T15:25:31.4756651Z Downloading iniconfig-2.0.0-py3-none-any.whl (5.9 kB)
2025-02-28T15:25:31.4786342Z Using cached setuptools-75.8.2-py3-none-any.whl (1.2 MB)
2025-02-28T15:25:31.4806538Z Using cached distlib-0.3.9-py2.py3-none-any.whl (468 kB)
2025-02-28T15:25:31.5008795Z Downloading python_dateutil-2.9.0.post0-py2.py3-none-any.whl (229 kB)
2025-02-28T15:25:31.5233362Z Downloading six-1.17.0-py2.py3-none-any.whl (11 kB)
2025-02-28T15:25:31.6044906Z Installing collected packages: distlib, travertino, six, setuptools, pyyaml, pluggy, platformdirs, Pillow, packaging, nodeenv, iniconfig, identify, filelock, coverage, colorama, chardet, cfgv, cachetools, virtualenv, toga-core, setuptools-scm, python-dateutil, pytest, pyproject-api, coverage-conditional-plugin, tox, toga-dummy, pytest-asyncio, pre-commit, freezegun, pytest-freezer
2025-02-28T15:25:34.0912507Z Successfully installed Pillow-11.1.0 cachetools-5.5.2 cfgv-3.4.0 chardet-5.2.0 colorama-0.4.6 coverage-7.6.12 coverage-conditional-plugin-0.9.0 distlib-0.3.9 filelock-3.17.0 freezegun-1.5.1 identify-2.6.8 iniconfig-2.0.0 nodeenv-1.9.1 packaging-24.2 platformdirs-4.3.6 pluggy-1.5.0 pre-commit-4.1.0 pyproject-api-1.9.0 pytest-8.3.4 pytest-asyncio-0.25.3 pytest-freezer-0.4.9 python-dateutil-2.9.0.post0 pyyaml-6.0.2 setuptools-75.8.2 setuptools-scm-8.1.0 six-1.17.0 toga-core-0.4.9.dev629+g68266e24a toga-dummy-0.4.9.dev629+g68266e24a tox-4.24.1 travertino-0.4.9.dev629+g68266e24a virtualenv-20.29.2
2025-02-28T15:25:34.1799576Z [1m[35mpy-cov-trav:[0m[36m commands[1][22m /home/runner/work/toga/toga/travertino[2m>[0m python -m coverage run -m pytest -vv --color yes[0m
2025-02-28T15:25:34.6531377Z [1m============================= test session starts ==============================[0m
2025-02-28T15:25:34.6532456Z platform linux -- Python 3.13.2, pytest-8.3.4, pluggy-1.5.0 -- /home/runner/work/toga/toga/.tox/py-cov-trav/bin/python
2025-02-28T15:25:34.6533437Z cachedir: /home/runner/work/toga/toga/.tox/py-cov-trav/.pytest_cache
2025-02-28T15:25:34.6534121Z rootdir: /home/runner/work/toga/toga/travertino
2025-02-28T15:25:34.6534633Z configfile: pyproject.toml
2025-02-28T15:25:34.6535089Z plugins: pytest_freezer-0.4.9, asyncio-0.25.3
2025-02-28T15:25:34.6535992Z asyncio: mode=Mode.STRICT, asyncio_default_fixture_loop_scope=function
2025-02-28T15:25:35.5489662Z [1mcollecting ... [0mcollected 645 items
2025-02-28T15:25:35.5490071Z 
2025-02-28T15:25:35.5527293Z tests/colors/test_alpha_blending.py::test_alpha_blending_over[front_color0-back_color0-expected_blended_color0] [32mPASSED[0m[32m [  0%][0m
2025-02-28T15:25:35.5548737Z tests/colors/test_alpha_blending.py::test_alpha_blending_over[front_color1-back_color1-expected_blended_color1] [32mPASSED[0m[32m [  0%][0m
2025-02-28T15:25:35.5570852Z tests/colors/test_alpha_blending.py::test_alpha_blending_over[front_color2-back_color2-expected_blended_color2] [32mPASSED[0m[32m [  0%][0m
2025-02-28T15:25:35.5590558Z tests/colors/test_alpha_blending.py::test_alpha_blending_over[front_color3-back_color3-expected_blended_color3] [32mPASSED[0m[32m [  0%][0m
2025-02-28T15:25:35.5610162Z tests/colors/test_alpha_blending.py::test_alpha_blending_over[front_color4-back_color4-expected_blended_color4] [32mPASSED[0m[32m [  0%][0m
2025-02-28T15:25:35.5629683Z tests/colors/test_alpha_blending.py::test_alpha_blending_over[front_color5-back_color5-expected_blended_color5] [32mPASSED[0m[32m [  0%][0m
2025-02-28T15:25:35.5649406Z tests/colors/test_alpha_blending.py::test_alpha_blending_over[front_color6-back_color6-expected_blended_color6] [32mPASSED[0m[32m [  1%][0m
2025-02-28T15:25:35.5668729Z tests/colors/test_alpha_blending.py::test_alpha_blending_over[front_color7-back_color7-expected_blended_color7] [32mPASSED[0m[32m [  1%][0m
2025-02-28T15:25:35.5688764Z tests/colors/test_alpha_blending.py::test_alpha_blending_over[front_color8-back_color8-expected_blended_color8] [32mPASSED[0m[32m [  1%][0m
2025-02-28T15:25:35.5708071Z tests/colors/test_alpha_blending.py::test_alpha_blending_over[front_color9-back_color9-expected_blended_color9] [32mPASSED[0m[32m [  1%][0m
2025-02-28T15:25:35.5727238Z tests/colors/test_alpha_blending.py::test_alpha_blending_over[front_color10-back_color10-expected_blended_color10] [32mPASSED[0m[32m [  1%][0m
2025-02-28T15:25:35.5746881Z tests/colors/test_alpha_blending.py::test_alpha_blending_over[front_color11-back_color11-expected_blended_color11] [32mPASSED[0m[32m [  1%][0m
2025-02-28T15:25:35.5766857Z tests/colors/test_alpha_blending.py::test_alpha_blending_over[front_color12-back_color12-expected_blended_color12] [32mPASSED[0m[32m [  2%][0m
2025-02-28T15:25:35.5786683Z tests/colors/test_alpha_blending.py::test_alpha_blending_over[front_color13-back_color13-expected_blended_color13] [32mPASSED[0m[32m [  2%][0m
2025-02-28T15:25:35.5806407Z tests/colors/test_alpha_blending.py::test_alpha_blending_over[front_color14-back_color14-expected_blended_color14] [32mPASSED[0m[32m [  2%][0m
2025-02-28T15:25:35.5826973Z tests/colors/test_alpha_blending.py::test_alpha_blending_over[front_color15-back_color15-expected_blended_color15] [32mPASSED[0m[32m [  2%][0m
2025-02-28T15:25:35.5846627Z tests/colors/test_alpha_blending.py::test_alpha_blending_over[front_color16-back_color16-expected_blended_color16] [32mPASSED[0m[32m [  2%][0m
2025-02-28T15:25:35.5866174Z tests/colors/test_alpha_blending.py::test_alpha_blending_over[front_color17-back_color17-expected_blended_color17] [32mPASSED[0m[32m [  2%][0m
2025-02-28T15:25:35.5885503Z tests/colors/test_alpha_blending.py::test_alpha_blending_over[front_color18-back_color18-expected_blended_color18] [32mPASSED[0m[32m [  2%][0m
2025-02-28T15:25:35.5905031Z tests/colors/test_alpha_blending.py::test_alpha_blending_over[front_color19-back_color19-expected_blended_color19] [32mPASSED[0m[32m [  3%][0m
2025-02-28T15:25:35.5924916Z tests/colors/test_alpha_blending.py::test_alpha_blending_over[front_color20-back_color20-expected_blended_color20] [32mPASSED[0m[32m [  3%][0m
2025-02-28T15:25:35.5944776Z tests/colors/test_alpha_blending.py::test_alpha_blending_over[front_color21-back_color21-expected_blended_color21] [32mPASSED[0m[32m [  3%][0m
2025-02-28T15:25:35.5964340Z tests/colors/test_alpha_blending.py::test_alpha_blending_over[front_color22-back_color22-expected_blended_color22] [32mPASSED[0m[32m [  3%][0m
2025-02-28T15:25:35.5983856Z tests/colors/test_alpha_blending.py::test_alpha_blending_over[front_color23-back_color23-expected_blended_color23] [32mPASSED[0m[32m [  3%][0m
2025-02-28T15:25:35.6003435Z tests/colors/test_alpha_blending.py::test_alpha_blending_over[front_color24-back_color24-expected_blended_color24] [32mPASSED[0m[32m [  3%][0m
2025-02-28T15:25:35.6023119Z tests/colors/test_alpha_blending.py::test_alpha_blending_over[front_color25-back_color25-expected_blended_color25] [32mPASSED[0m[32m [  4%][0m
2025-02-28T15:25:35.6042641Z tests/colors/test_alpha_blending.py::test_alpha_blending_over[front_color26-back_color26-expected_blended_color26] [32mPASSED[0m[32m [  4%][0m
2025-02-28T15:25:35.6062202Z tests/colors/test_alpha_blending.py::test_alpha_blending_over[front_color27-back_color27-expected_blended_color27] [32mPASSED[0m[32m [  4%][0m
2025-02-28T15:25:35.6082150Z tests/colors/test_alpha_blending.py::test_alpha_blending_over[front_color28-back_color28-expected_blended_color28] [32mPASSED[0m[32m [  4%][0m
2025-02-28T15:25:35.6102421Z tests/colors/test_alpha_blending.py::test_alpha_blending_over[front_color29-back_color29-expected_blended_color29] [32mPASSED[0m[32m [  4%][0m
2025-02-28T15:25:35.6122270Z tests/colors/test_alpha_blending.py::test_alpha_blending_over[front_color30-back_color30-expected_blended_color30] [32mPASSED[0m[32m [  4%][0m
2025-02-28T15:25:35.6141414Z tests/colors/test_alpha_blending.py::test_alpha_blending_over[front_color31-back_color31-expected_blended_color31] [32mPASSED[0m[32m [  4%][0m
2025-02-28T15:25:35.6161469Z tests/colors/test_alpha_blending.py::test_alpha_blending_over[front_color32-back_color32-expected_blended_color32] [32mPASSED[0m[32m [  5%][0m
2025-02-28T15:25:35.6181420Z tests/colors/test_alpha_blending.py::test_alpha_blending_over[front_color33-back_color33-expected_blended_color33] [32mPASSED[0m[32m [  5%][0m
2025-02-28T15:25:35.6201192Z tests/colors/test_alpha_blending.py::test_alpha_blending_over[front_color34-back_color34-expected_blended_color34] [32mPASSED[0m[32m [  5%][0m
2025-02-28T15:25:35.6220949Z tests/colors/test_alpha_blending.py::test_alpha_blending_over[front_color35-back_color35-expected_blended_color35] [32mPASSED[0m[32m [  5%][0m
2025-02-28T15:25:35.6240576Z tests/colors/test_alpha_blending.py::test_alpha_blending_over[front_color36-back_color36-expected_blended_color36] [32mPASSED[0m[32m [  5%][0m
2025-02-28T15:25:35.6260277Z tests/colors/test_alpha_blending.py::test_alpha_blending_over[front_color37-back_color37-expected_blended_color37] [32mPASSED[0m[32m [  5%][0m
2025-02-28T15:25:35.6279891Z tests/colors/test_alpha_blending.py::test_alpha_blending_over[front_color38-back_color38-expected_blended_color38] [32mPASSED[0m[32m [  6%][0m
2025-02-28T15:25:35.6299609Z tests/colors/test_alpha_blending.py::test_alpha_blending_over[front_color39-back_color39-expected_blended_color39] [32mPASSED[0m[32m [  6%][0m
2025-02-28T15:25:35.6319385Z tests/colors/test_alpha_blending.py::test_alpha_blending_over[front_color40-back_color40-expected_blended_color40] [32mPASSED[0m[32m [  6%][0m
2025-02-28T15:25:35.6339008Z tests/colors/test_alpha_blending.py::test_alpha_blending_over[front_color41-back_color41-expected_blended_color41] [32mPASSED[0m[32m [  6%][0m
2025-02-28T15:25:35.6358810Z tests/colors/test_alpha_blending.py::test_alpha_blending_over[front_color42-back_color42-expected_blended_color42] [32mPASSED[0m[32m [  6%][0m
2025-02-28T15:25:35.6378573Z tests/colors/test_alpha_blending.py::test_alpha_blending_over[front_color43-back_color43-expected_blended_color43] [32mPASSED[0m[32m [  6%][0m
2025-02-28T15:25:35.6398642Z tests/colors/test_alpha_blending.py::test_alpha_blending_over[front_color44-back_color44-expected_blended_color44] [32mPASSED[0m[32m [  6%][0m
2025-02-28T15:25:35.6418255Z tests/colors/test_alpha_blending.py::test_alpha_blending_over[front_color45-back_color45-expected_blended_color45] [32mPASSED[0m[32m [  7%][0m
2025-02-28T15:25:35.6437936Z tests/colors/test_alpha_blending.py::test_alpha_blending_over[front_color46-back_color46-expected_blended_color46] [32mPASSED[0m[32m [  7%][0m
2025-02-28T15:25:35.6457418Z tests/colors/test_alpha_blending.py::test_alpha_blending_over[front_color47-back_color47-expected_blended_color47] [32mPASSED[0m[32m [  7%][0m
2025-02-28T15:25:35.6477417Z tests/colors/test_alpha_blending.py::test_alpha_blending_over[front_color48-back_color48-expected_blended_color48] [32mPASSED[0m[32m [  7%][0m
2025-02-28T15:25:35.6496967Z tests/colors/test_alpha_blending.py::test_alpha_blending_over[front_color49-back_color49-expected_blended_color49] [32mPASSED[0m[32m [  7%][0m
2025-02-28T15:25:35.6516576Z tests/colors/test_alpha_blending.py::test_alpha_blending_over[front_color50-back_color50-expected_blended_color50] [32mPASSED[0m[32m [  7%][0m
2025-02-28T15:25:35.6536067Z tests/colors/test_alpha_blending.py::test_alpha_blending_over[front_color51-back_color51-expected_blended_color51] [32mPASSED[0m[32m [  8%][0m
2025-02-28T15:25:35.6555354Z tests/colors/test_alpha_blending.py::test_alpha_blending_over[front_color52-back_color52-expected_blended_color52] [32mPASSED[0m[32m [  8%][0m
2025-02-28T15:25:35.6575167Z tests/colors/test_alpha_blending.py::test_alpha_blending_over[front_color53-back_color53-expected_blended_color53] [32mPASSED[0m[32m [  8%][0m
2025-02-28T15:25:35.6594683Z tests/colors/test_alpha_blending.py::test_alpha_blending_over[front_color54-back_color54-expected_blended_color54] [32mPASSED[0m[32m [  8%][0m
2025-02-28T15:25:35.6614205Z tests/colors/test_alpha_blending.py::test_alpha_blending_over[front_color55-back_color55-expected_blended_color55] [32mPASSED[0m[32m [  8%][0m
2025-02-28T15:25:35.6633887Z tests/colors/test_alpha_blending.py::test_alpha_blending_over[front_color56-back_color56-expected_blended_color56] [32mPASSED[0m[32m [  8%][0m
2025-02-28T15:25:35.6653678Z tests/colors/test_alpha_blending.py::test_alpha_blending_over[front_color57-back_color57-expected_blended_color57] [32mPASSED[0m[32m [  8%][0m
2025-02-28T15:25:35.6673082Z tests/colors/test_alpha_blending.py::test_alpha_blending_over[front_color58-back_color58-expected_blended_color58] [32mPASSED[0m[32m [  9%][0m
2025-02-28T15:25:35.6692580Z tests/colors/test_alpha_blending.py::test_alpha_blending_over[front_color59-back_color59-expected_blended_color59] [32mPASSED[0m[32m [  9%][0m
2025-02-28T15:25:35.6712307Z tests/colors/test_alpha_blending.py::test_alpha_blending_over[front_color60-back_color60-expected_blended_color60] [32mPASSED[0m[32m [  9%][0m
2025-02-28T15:25:35.6731498Z tests/colors/test_alpha_blending.py::test_alpha_blending_over[front_color61-back_color61-expected_blended_color61] [32mPASSED[0m[32m [  9%][0m
2025-02-28T15:25:35.6751285Z tests/colors/test_alpha_blending.py::test_alpha_blending_over[front_color62-back_color62-expected_blended_color62] [32mPASSED[0m[32m [  9%][0m
2025-02-28T15:25:35.6770763Z tests/colors/test_alpha_blending.py::test_alpha_blending_over[front_color63-back_color63-expected_blended_color63] [32mPASSED[0m[32m [  9%][0m
2025-02-28T15:25:35.6790480Z tests/colors/test_alpha_blending.py::test_alpha_blending_over[front_color64-back_color64-expected_blended_color64] [32mPASSED[0m[32m [ 10%][0m
2025-02-28T15:25:35.6810258Z tests/colors/test_alpha_blending.py::test_alpha_blending_over[front_color65-back_color65-expected_blended_color65] [32mPASSED[0m[32m [ 10%][0m
2025-02-28T15:25:35.6829997Z tests/colors/test_alpha_blending.py::test_alpha_blending_over[front_color66-back_color66-expected_blended_color66] [32mPASSED[0m[32m [ 10%][0m
2025-02-28T15:25:35.6849621Z tests/colors/test_alpha_blending.py::test_alpha_blending_over[front_color67-back_color67-expected_blended_color67] [32mPASSED[0m[32m [ 10%][0m
2025-02-28T15:25:35.6869041Z tests/colors/test_alpha_blending.py::test_alpha_blending_over[front_color68-back_color68-expected_blended_color68] [32mPASSED[0m[32m [ 10%][0m
2025-02-28T15:25:35.6888833Z tests/colors/test_alpha_blending.py::test_alpha_blending_over[front_color69-back_color69-expected_blended_color69] [32mPASSED[0m[32m [ 10%][0m
2025-02-28T15:25:35.6908502Z tests/colors/test_alpha_blending.py::test_alpha_blending_over[front_color70-back_color70-expected_blended_color70] [32mPASSED[0m[32m [ 11%][0m
2025-02-28T15:25:35.6928239Z tests/colors/test_alpha_blending.py::test_alpha_blending_over[front_color71-back_color71-expected_blended_color71] [32mPASSED[0m[32m [ 11%][0m
2025-02-28T15:25:35.6947635Z tests/colors/test_alpha_blending.py::test_alpha_blending_over[front_color72-back_color72-expected_blended_color72] [32mPASSED[0m[32m [ 11%][0m
2025-02-28T15:25:35.6967422Z tests/colors/test_alpha_blending.py::test_alpha_blending_over[front_color73-back_color73-expected_blended_color73] [32mPASSED[0m[32m [ 11%][0m
2025-02-28T15:25:35.6987077Z tests/colors/test_alpha_blending.py::test_alpha_blending_over[front_color74-back_color74-expected_blended_color74] [32mPASSED[0m[32m [ 11%][0m
2025-02-28T15:25:35.7006528Z tests/colors/test_alpha_blending.py::test_alpha_blending_over[front_color75-back_color75-expected_blended_color75] [32mPASSED[0m[32m [ 11%][0m
2025-02-28T15:25:35.7026203Z tests/colors/test_alpha_blending.py::test_alpha_blending_over[front_color76-back_color76-expected_blended_color76] [32mPASSED[0m[32m [ 11%][0m
2025-02-28T15:25:35.7045471Z tests/colors/test_alpha_blending.py::test_alpha_blending_over[front_color77-back_color77-expected_blended_color77] [32mPASSED[0m[32m [ 12%][0m
2025-02-28T15:25:35.7064937Z tests/colors/test_alpha_blending.py::test_alpha_blending_over[front_color78-back_color78-expected_blended_color78] [32mPASSED[0m[32m [ 12%][0m
2025-02-28T15:25:35.7084845Z tests/colors/test_alpha_blending.py::test_alpha_blending_over[front_color79-back_color79-expected_blended_color79] [32mPASSED[0m[32m [ 12%][0m
2025-02-28T15:25:35.7107067Z tests/colors/test_alpha_blending.py::test_alpha_blending_over[front_color80-back_color80-expected_blended_color80] [32mPASSED[0m[32m [ 12%][0m
2025-02-28T15:25:35.7141246Z tests/colors/test_alpha_blending.py::test_alpha_unblend_over[front_color0-back_color0] [32mPASSED[0m[32m [ 12%][0m
2025-02-28T15:25:35.7160889Z tests/colors/test_alpha_blending.py::test_alpha_unblend_over[front_color1-back_color1] [32mPASSED[0m[32m [ 12%][0m
2025-02-28T15:25:35.7180042Z tests/colors/test_alpha_blending.py::test_alpha_unblend_over[front_color2-back_color2] [32mPASSED[0m[32m [ 13%][0m
2025-02-28T15:25:35.7199410Z tests/colors/test_alpha_blending.py::test_alpha_unblend_over[front_color3-back_color3] [32mPASSED[0m[32m [ 13%][0m
2025-02-28T15:25:35.7218704Z tests/colors/test_alpha_blending.py::test_alpha_unblend_over[front_color4-back_color4] [32mPASSED[0m[32m [ 13%][0m
2025-02-28T15:25:35.7238261Z tests/colors/test_alpha_blending.py::test_alpha_unblend_over[front_color5-back_color5] [32mPASSED[0m[32m [ 13%][0m
2025-02-28T15:25:35.7257167Z tests/colors/test_alpha_blending.py::test_alpha_unblend_over[front_color6-back_color6] [32mPASSED[0m[32m [ 13%][0m
2025-02-28T15:25:35.7274871Z tests/colors/test_alpha_blending.py::test_alpha_unblend_over[front_color7-back_color7] [32mPASSED[0m[32m [ 13%][0m
2025-02-28T15:25:35.7294110Z tests/colors/test_alpha_blending.py::test_alpha_unblend_over[front_color8-back_color8] [32mPASSED[0m[32m [ 13%][0m
2025-02-28T15:25:35.7313031Z tests/colors/test_alpha_blending.py::test_alpha_unblend_over[front_color9-back_color9] [32mPASSED[0m[32m [ 14%][0m
2025-02-28T15:25:35.7332373Z tests/colors/test_alpha_blending.py::test_alpha_unblend_over[front_color10-back_color10] [32mPASSED[0m[32m [ 14%][0m
2025-02-28T15:25:35.7351911Z tests/colors/test_alpha_blending.py::test_alpha_unblend_over[front_color11-back_color11] [32mPASSED[0m[32m [ 14%][0m
2025-02-28T15:25:35.7371261Z tests/colors/test_alpha_blending.py::test_alpha_unblend_over[front_color12-back_color12] [32mPASSED[0m[32m [ 14%][0m
2025-02-28T15:25:35.7390826Z tests/colors/test_alpha_blending.py::test_alpha_unblend_over[front_color13-back_color13] [32mPASSED[0m[32m [ 14%][0m
2025-02-28T15:25:35.7410398Z tests/colors/test_alpha_blending.py::test_alpha_unblend_over[front_color14-back_color14] [32mPASSED[0m[32m [ 14%][0m
2025-02-28T15:25:35.7429680Z tests/colors/test_alpha_blending.py::test_alpha_unblend_over[front_color15-back_color15] [32mPASSED[0m[32m [ 15%][0m
2025-02-28T15:25:35.7449224Z tests/colors/test_alpha_blending.py::test_alpha_unblend_over[front_color16-back_color16] [32mPASSED[0m[32m [ 15%][0m
2025-02-28T15:25:35.7468609Z tests/colors/test_alpha_blending.py::test_alpha_unblend_over[front_color17-back_color17] [32mPASSED[0m[32m [ 15%][0m
2025-02-28T15:25:35.7487979Z tests/colors/test_alpha_blending.py::test_alpha_unblend_over[front_color18-back_color18] [32mPASSED[0m[32m [ 15%][0m
2025-02-28T15:25:35.7507203Z tests/colors/test_alpha_blending.py::test_alpha_unblend_over[front_color19-back_color19] [32mPASSED[0m[32m [ 15%][0m
2025-02-28T15:25:35.7526574Z tests/colors/test_alpha_blending.py::test_alpha_unblend_over[front_color20-back_color20] [32mPASSED[0m[32m [ 15%][0m
2025-02-28T15:25:35.7546145Z tests/colors/test_alpha_blending.py::test_alpha_unblend_over[front_color21-back_color21] [32mPASSED[0m[32m [ 15%][0m
2025-02-28T15:25:35.7565382Z tests/colors/test_alpha_blending.py::test_alpha_unblend_over[front_color22-back_color22] [32mPASSED[0m[32m [ 16%][0m
2025-02-28T15:25:35.7586555Z tests/colors/test_alpha_blending.py::test_alpha_unblend_over[front_color23-back_color23] [32mPASSED[0m[32m [ 16%][0m
2025-02-28T15:25:35.7605862Z tests/colors/test_alpha_blending.py::test_alpha_unblend_over[front_color24-back_color24] [32mPASSED[0m[32m [ 16%][0m
2025-02-28T15:25:35.7624698Z tests/colors/test_alpha_blending.py::test_alpha_unblend_over[front_color25-back_color25] [32mPASSED[0m[32m [ 16%][0m
2025-02-28T15:25:35.7644199Z tests/colors/test_alpha_blending.py::test_alpha_unblend_over[front_color26-back_color26] [32mPASSED[0m[32m [ 16%][0m
2025-02-28T15:25:35.7663043Z tests/colors/test_alpha_blending.py::test_alpha_unblend_over[front_color27-back_color27] [32mPASSED[0m[32m [ 16%][0m
2025-02-28T15:25:35.7682254Z tests/colors/test_alpha_blending.py::test_alpha_unblend_over[front_color28-back_color28] [32mPASSED[0m[32m [ 17%][0m
2025-02-28T15:25:35.7708262Z tests/colors/test_alpha_blending.py::test_alpha_unblend_over[front_color29-back_color29] [32mPASSED[0m[32m [ 17%][0m
2025-02-28T15:25:35.7726625Z tests/colors/test_alpha_blending.py::test_alpha_unblend_over[front_color30-back_color30] [32mPASSED[0m[32m [ 17%][0m
2025-02-28T15:25:35.7746157Z tests/colors/test_alpha_blending.py::test_alpha_unblend_over[front_color31-back_color31] [32mPASSED[0m[32m [ 17%][0m
2025-02-28T15:25:35.7765153Z tests/colors/test_alpha_blending.py::test_alpha_unblend_over[front_color32-back_color32] [32mPASSED[0m[32m [ 17%][0m
2025-02-28T15:25:35.7784196Z tests/colors/test_alpha_blending.py::test_alpha_unblend_over[front_color33-back_color33] [32mPASSED[0m[32m [ 17%][0m
2025-02-28T15:25:35.7803564Z tests/colors/test_alpha_blending.py::test_alpha_unblend_over[front_color34-back_color34] [32mPASSED[0m[32m [ 17%][0m
2025-02-28T15:25:35.7823711Z tests/colors/test_alpha_blending.py::test_alpha_unblend_over[front_color35-back_color35] [32mPASSED[0m[32m [ 18%][0m
2025-02-28T15:25:35.7843081Z tests/colors/test_alpha_blending.py::test_alpha_unblend_over[front_color36-back_color36] [32mPASSED[0m[32m [ 18%][0m
2025-02-28T15:25:35.7861315Z tests/colors/test_alpha_blending.py::test_alpha_unblend_over[front_color37-back_color37] [32mPASSED[0m[32m [ 18%][0m
2025-02-28T15:25:35.7880624Z tests/colors/test_alpha_blending.py::test_alpha_unblend_over[front_color38-back_color38] [32mPASSED[0m[32m [ 18%][0m
2025-02-28T15:25:35.7900000Z tests/colors/test_alpha_blending.py::test_alpha_unblend_over[front_color39-back_color39] [32mPASSED[0m[32m [ 18%][0m
2025-02-28T15:25:35.7919403Z tests/colors/test_alpha_blending.py::test_alpha_unblend_over[front_color40-back_color40] [32mPASSED[0m[32m [ 18%][0m
2025-02-28T15:25:35.7939017Z tests/colors/test_alpha_blending.py::test_alpha_unblend_over[front_color41-back_color41] [32mPASSED[0m[32m [ 19%][0m
2025-02-28T15:25:35.7958270Z tests/colors/test_alpha_blending.py::test_alpha_unblend_over[front_color42-back_color42] [32mPASSED[0m[32m [ 19%][0m
2025-02-28T15:25:35.7977391Z tests/colors/test_alpha_blending.py::test_alpha_unblend_over[front_color43-back_color43] [32mPASSED[0m[32m [ 19%][0m
2025-02-28T15:25:35.7996741Z tests/colors/test_alpha_blending.py::test_alpha_unblend_over[front_color44-back_color44] [32mPASSED[0m[32m [ 19%][0m
2025-02-28T15:25:35.8016030Z tests/colors/test_alpha_blending.py::test_alpha_unblend_over[front_color45-back_color45] [32mPASSED[0m[32m [ 19%][0m
2025-02-28T15:25:35.8036756Z tests/colors/test_alpha_blending.py::test_alpha_unblend_over[front_color46-back_color46] [32mPASSED[0m[32m [ 19%][0m
2025-02-28T15:25:35.8056235Z tests/colors/test_alpha_blending.py::test_alpha_unblend_over[front_color47-back_color47] [32mPASSED[0m[32m [ 20%][0m
2025-02-28T15:25:35.8075217Z tests/colors/test_alpha_blending.py::test_alpha_unblend_over[front_color48-back_color48] [32mPASSED[0m[32m [ 20%][0m
2025-02-28T15:25:35.8094896Z tests/colors/test_alpha_blending.py::test_alpha_unblend_over[front_color49-back_color49] [32mPASSED[0m[32m [ 20%][0m
2025-02-28T15:25:35.8114065Z tests/colors/test_alpha_blending.py::test_alpha_unblend_over[front_color50-back_color50] [32mPASSED[0m[32m [ 20%][0m
2025-02-28T15:25:35.8133130Z tests/colors/test_alpha_blending.py::test_alpha_unblend_over[front_color51-back_color51] [32mPASSED[0m[32m [ 20%][0m
2025-02-28T15:25:35.8152491Z tests/colors/test_alpha_blending.py::test_alpha_unblend_over[front_color52-back_color52] [32mPASSED[0m[32m [ 20%][0m
2025-02-28T15:25:35.8171628Z tests/colors/test_alpha_blending.py::test_alpha_unblend_over[front_color53-back_color53] [32mPASSED[0m[32m [ 20%][0m
2025-02-28T15:25:35.8192052Z tests/colors/test_alpha_blending.py::test_alpha_unblend_over[front_color54-back_color54] [32mPASSED[0m[32m [ 21%][0m
2025-02-28T15:25:35.8211321Z tests/colors/test_alpha_blending.py::test_alpha_unblend_over[front_color55-back_color55] [32mPASSED[0m[32m [ 21%][0m
2025-02-28T15:25:35.8230779Z tests/colors/test_alpha_blending.py::test_alpha_unblend_over[front_color56-back_color56] [32mPASSED[0m[32m [ 21%][0m
2025-02-28T15:25:35.8250286Z tests/colors/test_alpha_blending.py::test_alpha_unblend_over[front_color57-back_color57] [32mPASSED[0m[32m [ 21%][0m
2025-02-28T15:25:35.8269627Z tests/colors/test_alpha_blending.py::test_alpha_unblend_over[front_color58-back_color58] [32mPASSED[0m[32m [ 21%][0m
2025-02-28T15:25:35.8288922Z tests/colors/test_alpha_blending.py::test_alpha_unblend_over[front_color59-back_color59] [32mPASSED[0m[32m [ 21%][0m
2025-02-28T15:25:35.8308129Z tests/colors/test_alpha_blending.py::test_alpha_unblend_over[front_color60-back_color60] [32mPASSED[0m[32m [ 22%][0m
2025-02-28T15:25:35.8327093Z tests/colors/test_alpha_blending.py::test_alpha_unblend_over[front_color61-back_color61] [32mPASSED[0m[32m [ 22%][0m
2025-02-28T15:25:35.8346786Z tests/colors/test_alpha_blending.py::test_alpha_unblend_over[front_color62-back_color62] [32mPASSED[0m[32m [ 22%][0m
2025-02-28T15:25:35.8366064Z tests/colors/test_alpha_blending.py::test_alpha_unblend_over[front_color63-back_color63] [32mPASSED[0m[32m [ 22%][0m
2025-02-28T15:25:35.8384929Z tests/colors/test_alpha_blending.py::test_alpha_unblend_over[front_color64-back_color64] [32mPASSED[0m[32m [ 22%][0m
2025-02-28T15:25:35.8404279Z tests/colors/test_alpha_blending.py::test_alpha_unblend_over[front_color65-back_color65] [32mPASSED[0m[32m [ 22%][0m
2025-02-28T15:25:35.8426194Z tests/colors/test_alpha_blending.py::test_alpha_unblend_over[front_color66-back_color66] [32mPASSED[0m[32m [ 22%][0m
2025-02-28T15:25:35.8444390Z tests/colors/test_alpha_blending.py::test_alpha_unblend_over[front_color67-back_color67] [32mPASSED[0m[32m [ 23%][0m
2025-02-28T15:25:35.8463844Z tests/colors/test_alpha_blending.py::test_alpha_unblend_over[front_color68-back_color68] [32mPASSED[0m[32m [ 23%][0m
2025-02-28T15:25:35.8483258Z tests/colors/test_alpha_blending.py::test_alpha_unblend_over[front_color69-back_color69] [32mPASSED[0m[32m [ 23%][0m
2025-02-28T15:25:35.8502549Z tests/colors/test_alpha_blending.py::test_alpha_unblend_over[front_color70-back_color70] [32mPASSED[0m[32m [ 23%][0m
2025-02-28T15:25:35.8522027Z tests/colors/test_alpha_blending.py::test_alpha_unblend_over[front_color71-back_color71] [32mPASSED[0m[32m [ 23%][0m
2025-02-28T15:25:35.8541514Z tests/colors/test_alpha_blending.py::test_alpha_unblend_over[front_color72-back_color72] [32mPASSED[0m[32m [ 23%][0m
2025-02-28T15:25:35.8561002Z tests/colors/test_alpha_blending.py::test_alpha_unblend_over[front_color73-back_color73] [32mPASSED[0m[32m [ 24%][0m
2025-02-28T15:25:35.8580538Z tests/colors/test_alpha_blending.py::test_alpha_unblend_over[front_color74-back_color74] [32mPASSED[0m[32m [ 24%][0m
2025-02-28T15:25:35.8601529Z tests/colors/test_alpha_blending.py::test_alpha_unblend_over[front_color75-back_color75] [32mPASSED[0m[32m [ 24%][0m
2025-02-28T15:25:35.8620149Z tests/colors/test_color_conversion.py::test_rgba_to_rgb[input_color0-expected_color0] [32mPASSED[0m[32m [ 24%][0m
2025-02-28T15:25:35.8638511Z tests/colors/test_color_conversion.py::test_rgba_to_rgb[input_color1-expected_color1] [32mPASSED[0m[32m [ 24%][0m
2025-02-28T15:25:35.8656825Z tests/colors/test_color_conversion.py::test_rgba_to_rgb[input_color2-expected_color2] [32mPASSED[0m[32m [ 24%][0m
2025-02-28T15:25:35.8674606Z tests/colors/test_color_conversion.py::test_rgba_to_rgb[input_color3-expected_color3] [32mPASSED[0m[32m [ 24%][0m
2025-02-28T15:25:35.8693079Z tests/colors/test_color_conversion.py::test_rgba_to_rgb[input_color4-expected_color4] [32mPASSED[0m[32m [ 25%][0m
2025-02-28T15:25:35.8711188Z tests/colors/test_color_conversion.py::test_rgba_to_rgb[input_color5-expected_color5] [32mPASSED[0m[32m [ 25%][0m
2025-02-28T15:25:35.8729213Z tests/colors/test_color_conversion.py::test_rgba_to_rgb[input_color6-expected_color6] [32mPASSED[0m[32m [ 25%][0m
2025-02-28T15:25:35.8747115Z tests/colors/test_color_conversion.py::test_rgba_to_rgb[input_color7-expected_color7] [32mPASSED[0m[32m [ 25%][0m
2025-02-28T15:25:35.8764915Z tests/colors/test_color_conversion.py::test_rgba_to_rgb[input_color8-expected_color8] [32mPASSED[0m[32m [ 25%][0m
2025-02-28T15:25:35.8782674Z tests/colors/test_color_conversion.py::test_rgba_to_rgb[input_color9-expected_color9] [32mPASSED[0m[32m [ 25%][0m
2025-02-28T15:25:35.8800832Z tests/colors/test_color_conversion.py::test_rgba_to_rgb[input_color10-expected_color10] [32mPASSED[0m[32m [ 26%][0m
2025-02-28T15:25:35.8818905Z tests/colors/test_color_conversion.py::test_rgba_to_rgb[input_color11-expected_color11] [32mPASSED[0m[32m [ 26%][0m
2025-02-28T15:25:35.8837105Z tests/colors/test_color_conversion.py::test_rgba_to_rgb[input_color12-expected_color12] [32mPASSED[0m[32m [ 26%][0m
2025-02-28T15:25:35.8855034Z tests/colors/test_color_conversion.py::test_rgba_to_rgb[input_color13-expected_color13] [32mPASSED[0m[32m [ 26%][0m
2025-02-28T15:25:35.8873160Z tests/colors/test_color_conversion.py::test_rgba_to_rgb[input_color14-expected_color14] [32mPASSED[0m[32m [ 26%][0m
2025-02-28T15:25:35.8891260Z tests/colors/test_color_conversion.py::test_rgba_to_rgb[input_color15-expected_color15] [32mPASSED[0m[32m [ 26%][0m
2025-02-28T15:25:35.8909760Z tests/colors/test_color_conversion.py::test_rgba_to_hsla[input_color0-expected_color0] [32mPASSED[0m[32m [ 26%][0m
2025-02-28T15:25:35.8928269Z tests/colors/test_color_conversion.py::test_rgba_to_hsla[input_color1-expected_color1] [32mPASSED[0m[32m [ 27%][0m
2025-02-28T15:25:35.8946689Z tests/colors/test_color_conversion.py::test_rgba_to_hsla[input_color2-expected_color2] [32mPASSED[0m[32m [ 27%][0m
2025-02-28T15:25:35.8964606Z tests/colors/test_color_conversion.py::test_rgba_to_hsla[input_color3-expected_color3] [32mPASSED[0m[32m [ 27%][0m
2025-02-28T15:25:35.8982847Z tests/colors/test_color_conversion.py::test_rgba_to_hsla[input_color4-expected_color4] [32mPASSED[0m[32m [ 27%][0m
2025-02-28T15:25:35.9001363Z tests/colors/test_color_conversion.py::test_rgba_to_hsla[input_color5-expected_color5] [32mPASSED[0m[32m [ 27%][0m
2025-02-28T15:25:35.9019660Z tests/colors/test_color_conversion.py::test_rgba_to_hsla[input_color6-expected_color6] [32mPASSED[0m[32m [ 27%][0m
2025-02-28T15:25:35.9037944Z tests/colors/test_color_conversion.py::test_rgba_to_hsla[input_color7-expected_color7] [32mPASSED[0m[32m [ 28%][0m
2025-02-28T15:25:35.9056433Z tests/colors/test_color_conversion.py::test_rgba_to_hsla[input_color8-expected_color8] [32mPASSED[0m[32m [ 28%][0m
2025-02-28T15:25:35.9074725Z tests/colors/test_color_conversion.py::test_rgba_to_hsla[input_color9-expected_color9] [32mPASSED[0m[32m [ 28%][0m
2025-02-28T15:25:35.9093401Z tests/colors/test_color_conversion.py::test_rgba_to_hsla[input_color10-expected_color10] [32mPASSED[0m[32m [ 28%][0m
2025-02-28T15:25:35.9111797Z tests/colors/test_color_conversion.py::test_rgba_to_hsla[input_color11-expected_color11] [32mPASSED[0m[32m [ 28%][0m
2025-02-28T15:25:35.9130434Z tests/colors/test_color_conversion.py::test_rgba_to_hsla[input_color12-expected_color12] [32mPASSED[0m[32m [ 28%][0m
2025-02-28T15:25:35.9148912Z tests/colors/test_color_conversion.py::test_rgba_to_hsla[input_color13-expected_color13] [32mPASSED[0m[32m [ 28%][0m
2025-02-28T15:25:35.9167256Z tests/colors/test_color_conversion.py::test_rgba_to_hsla[input_color14-expected_color14] [32mPASSED[0m[32m [ 29%][0m
2025-02-28T15:25:35.9185372Z tests/colors/test_color_conversion.py::test_rgba_to_hsla[input_color15-expected_color15] [32mPASSED[0m[32m [ 29%][0m
2025-02-28T15:25:35.9203757Z tests/colors/test_color_conversion.py::test_rgba_to_hsl[input_color0-expected_color0] [32mPASSED[0m[32m [ 29%][0m
2025-02-28T15:25:35.9221892Z tests/colors/test_color_conversion.py::test_rgba_to_hsl[input_color1-expected_color1] [32mPASSED[0m[32m [ 29%][0m
2025-02-28T15:25:35.9240104Z tests/colors/test_color_conversion.py::test_rgba_to_hsl[input_color2-expected_color2] [32mPASSED[0m[32m [ 29%][0m
2025-02-28T15:25:35.9258705Z tests/colors/test_color_conversion.py::test_rgba_to_hsl[input_color3-expected_color3] [32mPASSED[0m[32m [ 29%][0m
2025-02-28T15:25:35.9276799Z tests/colors/test_color_conversion.py::test_rgba_to_hsl[input_color4-expected_color4] [32mPASSED[0m[32m [ 30%][0m
2025-02-28T15:25:35.9295165Z tests/colors/test_color_conversion.py::test_rgba_to_hsl[input_color5-expected_color5] [32mPASSED[0m[32m [ 30%][0m
2025-02-28T15:25:35.9313307Z tests/colors/test_color_conversion.py::test_rgba_to_hsl[input_color6-expected_color6] [32mPASSED[0m[32m [ 30%][0m
2025-02-28T15:25:35.9331712Z tests/colors/test_color_conversion.py::test_rgba_to_hsl[input_color7-expected_color7] [32mPASSED[0m[32m [ 30%][0m
2025-02-28T15:25:35.9350386Z tests/colors/test_color_conversion.py::test_rgba_to_hsl[input_color8-expected_color8] [32mPASSED[0m[32m [ 30%][0m
2025-02-28T15:25:35.9368789Z tests/colors/test_color_conversion.py::test_rgba_to_hsl[input_color9-expected_color9] [32mPASSED[0m[32m [ 30%][0m
2025-02-28T15:25:35.9387829Z tests/colors/test_color_conversion.py::test_rgba_to_hsl[input_color10-expected_color10] [32mPASSED[0m[32m [ 31%][0m
2025-02-28T15:25:35.9406198Z tests/colors/test_color_conversion.py::test_rgba_to_hsl[input_color11-expected_color11] [32mPASSED[0m[32m [ 31%][0m
2025-02-28T15:25:35.9424370Z tests/colors/test_color_conversion.py::test_rgba_to_hsl[input_color12-expected_color12] [32mPASSED[0m[32m [ 31%][0m
2025-02-28T15:25:35.9442841Z tests/colors/test_color_conversion.py::test_rgba_to_hsl[input_color13-expected_color13] [32mPASSED[0m[32m [ 31%][0m
2025-02-28T15:25:35.9461327Z tests/colors/test_color_conversion.py::test_rgba_to_hsl[input_color14-expected_color14] [32mPASSED[0m[32m [ 31%][0m
2025-02-28T15:25:35.9479766Z tests/colors/test_color_conversion.py::test_rgba_to_hsl[input_color15-expected_color15] [32mPASSED[0m[32m [ 31%][0m
2025-02-28T15:25:35.9498452Z tests/colors/test_color_conversion.py::test_rgb_to_rgba[input_color0-expected_color0] [32mPASSED[0m[32m [ 31%][0m
2025-02-28T15:25:35.9516458Z tests/colors/test_color_conversion.py::test_rgb_to_rgba[input_color1-expected_color1] [32mPASSED[0m[32m [ 32%][0m
2025-02-28T15:25:35.9534537Z tests/colors/test_color_conversion.py::test_rgb_to_rgba[input_color2-expected_color2] [32mPASSED[0m[32m [ 32%][0m
2025-02-28T15:25:35.9553039Z tests/colors/test_color_conversion.py::test_rgb_to_rgba[input_color3-expected_color3] [32mPASSED[0m[32m [ 32%][0m
2025-02-28T15:25:35.9571369Z tests/colors/test_color_conversion.py::test_rgb_to_rgba[input_color4-expected_color4] [32mPASSED[0m[32m [ 32%][0m
2025-02-28T15:25:35.9589838Z tests/colors/test_color_conversion.py::test_rgb_to_rgba[input_color5-expected_color5] [32mPASSED[0m[32m [ 32%][0m
2025-02-28T15:25:35.9608198Z tests/colors/test_color_conversion.py::test_rgb_to_rgba[input_color6-expected_color6] [32mPASSED[0m[32m [ 32%][0m
2025-02-28T15:25:35.9627122Z tests/colors/test_color_conversion.py::test_rgb_to_rgba[input_color7-expected_color7] [32mPASSED[0m[32m [ 33%][0m
2025-02-28T15:25:35.9647089Z tests/colors/test_color_conversion.py::test_rgb_to_rgba[input_color8-expected_color8] [32mPASSED[0m[32m [ 33%][0m
2025-02-28T15:25:35.9665340Z tests/colors/test_color_conversion.py::test_rgb_to_rgba[input_color9-expected_color9] [32mPASSED[0m[32m [ 33%][0m
2025-02-28T15:25:35.9683923Z tests/colors/test_color_conversion.py::test_rgb_to_rgba[input_color10-expected_color10] [32mPASSED[0m[32m [ 33%][0m
2025-02-28T15:25:35.9702611Z tests/colors/test_color_conversion.py::test_rgb_to_rgba[input_color11-expected_color11] [32mPASSED[0m[32m [ 33%][0m
2025-02-28T15:25:35.9721223Z tests/colors/test_color_conversion.py::test_rgb_to_hsla[input_color0-expected_color0] [32mPASSED[0m[32m [ 33%][0m
2025-02-28T15:25:35.9739797Z tests/colors/test_color_conversion.py::test_rgb_to_hsla[input_color1-expected_color1] [32mPASSED[0m[32m [ 33%][0m
2025-02-28T15:25:35.9758340Z tests/colors/test_color_conversion.py::test_rgb_to_hsla[input_color2-expected_color2] [32mPASSED[0m[32m [ 34%][0m
2025-02-28T15:25:35.9776855Z tests/colors/test_color_conversion.py::test_rgb_to_hsla[input_color3-expected_color3] [32mPASSED[0m[32m [ 34%][0m
2025-02-28T15:25:35.9795331Z tests/colors/test_color_conversion.py::test_rgb_to_hsla[input_color4-expected_color4] [32mPASSED[0m[32m [ 34%][0m
2025-02-28T15:25:35.9813817Z tests/colors/test_color_conversion.py::test_rgb_to_hsla[input_color5-expected_color5] [32mPASSED[0m[32m [ 34%][0m
2025-02-28T15:25:35.9833279Z tests/colors/test_color_conversion.py::test_rgb_to_hsla[input_color6-expected_color6] [32mPASSED[0m[32m [ 34%][0m
2025-02-28T15:25:35.9852114Z tests/colors/test_color_conversion.py::test_rgb_to_hsla[input_color7-expected_color7] [32mPASSED[0m[32m [ 34%][0m
2025-02-28T15:25:35.9870723Z tests/colors/test_color_conversion.py::test_rgb_to_hsla[input_color8-expected_color8] [32mPASSED[0m[32m [ 35%][0m
2025-02-28T15:25:35.9889631Z tests/colors/test_color_conversion.py::test_rgb_to_hsla[input_color9-expected_color9] [32mPASSED[0m[32m [ 35%][0m
2025-02-28T15:25:35.9908323Z tests/colors/test_color_conversion.py::test_rgb_to_hsla[input_color10-expected_color10] [32mPASSED[0m[32m [ 35%][0m
2025-02-28T15:25:35.9927164Z tests/colors/test_color_conversion.py::test_rgb_to_hsla[input_color11-expected_color11] [32mPASSED[0m[32m [ 35%][0m
2025-02-28T15:25:35.9945785Z tests/colors/test_color_conversion.py::test_rgb_to_hsl[input_color0-expected_color0] [32mPASSED[0m[32m [ 35%][0m
2025-02-28T15:25:35.9964833Z tests/colors/test_color_conversion.py::test_rgb_to_hsl[input_color1-expected_color1] [32mPASSED[0m[32m [ 35%][0m
2025-02-28T15:25:35.9983388Z tests/colors/test_color_conversion.py::test_rgb_to_hsl[input_color2-expected_color2] [32mPASSED[0m[32m [ 35%][0m
2025-02-28T15:25:36.0001901Z tests/colors/test_color_conversion.py::test_rgb_to_hsl[input_color3-expected_color3] [32mPASSED[0m[32m [ 36%][0m
2025-02-28T15:25:36.0020280Z tests/colors/test_color_conversion.py::test_rgb_to_hsl[input_color4-expected_color4] [32mPASSED[0m[32m [ 36%][0m
2025-02-28T15:25:36.0038741Z tests/colors/test_color_conversion.py::test_rgb_to_hsl[input_color5-expected_color5] [32mPASSED[0m[32m [ 36%][0m
2025-02-28T15:25:36.0057028Z tests/colors/test_color_conversion.py::test_rgb_to_hsl[input_color6-expected_color6] [32mPASSED[0m[32m [ 36%][0m
2025-02-28T15:25:36.0075253Z tests/colors/test_color_conversion.py::test_rgb_to_hsl[input_color7-expected_color7] [32mPASSED[0m[32m [ 36%][0m
2025-02-28T15:25:36.0093629Z tests/colors/test_color_conversion.py::test_rgb_to_hsl[input_color8-expected_color8] [32mPASSED[0m[32m [ 36%][0m
2025-02-28T15:25:36.0112194Z tests/colors/test_color_conversion.py::test_rgb_to_hsl[input_color9-expected_color9] [32mPASSED[0m[32m [ 37%][0m
2025-02-28T15:25:36.0131118Z tests/colors/test_color_conversion.py::test_rgb_to_hsl[input_color10-expected_color10] [32mPASSED[0m[32m [ 37%][0m
2025-02-28T15:25:36.0149587Z tests/colors/test_color_conversion.py::test_rgb_to_hsl[input_color11-expected_color11] [32mPASSED[0m[32m [ 37%][0m
2025-02-28T15:25:36.0167955Z tests/colors/test_color_conversion.py::test_hsla_to_hsl[input_color0-expected_color0] [32mPASSED[0m[32m [ 37%][0m
2025-02-28T15:25:36.0185802Z tests/colors/test_color_conversion.py::test_hsla_to_hsl[input_color1-expected_color1] [32mPASSED[0m[32m [ 37%][0m
2025-02-28T15:25:36.0203642Z tests/colors/test_color_conversion.py::test_hsla_to_hsl[input_color2-expected_color2] [32mPASSED[0m[32m [ 37%][0m
2025-02-28T15:25:36.0221745Z tests/colors/test_color_conversion.py::test_hsla_to_hsl[input_color3-expected_color3] [32mPASSED[0m[32m [ 37%][0m
2025-02-28T15:25:36.0239926Z tests/colors/test_color_conversion.py::test_hsla_to_hsl[input_color4-expected_color4] [32mPASSED[0m[32m [ 38%][0m
2025-02-28T15:25:36.0258359Z tests/colors/test_color_conversion.py::test_hsla_to_hsl[input_color5-expected_color5] [32mPASSED[0m[32m [ 38%][0m
2025-02-28T15:25:36.0277275Z tests/colors/test_color_conversion.py::test_hsla_to_hsl[input_color6-expected_color6] [32mPASSED[0m[32m [ 38%][0m
2025-02-28T15:25:36.0295343Z tests/colors/test_color_conversion.py::test_hsla_to_hsl[input_color7-expected_color7] [32mPASSED[0m[32m [ 38%][0m
2025-02-28T15:25:36.0313285Z tests/colors/test_color_conversion.py::test_hsla_to_hsl[input_color8-expected_color8] [32mPASSED[0m[32m [ 38%][0m
2025-02-28T15:25:36.0331407Z tests/colors/test_color_conversion.py::test_hsla_to_hsl[input_color9-expected_color9] [32mPASSED[0m[32m [ 38%][0m
2025-02-28T15:25:36.0349482Z tests/colors/test_color_conversion.py::test_hsla_to_hsl[input_color10-expected_color10] [32mPASSED[0m[32m [ 39%][0m
2025-02-28T15:25:36.0367754Z tests/colors/test_color_conversion.py::test_hsla_to_hsl[input_color11-expected_color11] [32mPASSED[0m[32m [ 39%][0m
2025-02-28T15:25:36.0385875Z tests/colors/test_color_conversion.py::test_hsla_to_hsl[input_color12-expected_color12] [32mPASSED[0m[32m [ 39%][0m
2025-02-28T15:25:36.0403229Z tests/colors/test_color_conversion.py::test_hsla_to_hsl[input_color13-expected_color13] [32mPASSED[0m[32m [ 39%][0m
2025-02-28T15:25:36.0421283Z tests/colors/test_color_conversion.py::test_hsla_to_hsl[input_color14-expected_color14] [32mPASSED[0m[32m [ 39%][0m
2025-02-28T15:25:36.0439621Z tests/colors/test_color_conversion.py::test_hsla_to_hsl[input_color15-expected_color15] [32mPASSED[0m[32m [ 39%][0m
2025-02-28T15:25:36.0458107Z tests/colors/test_color_conversion.py::test_hsla_to_rgba[input_color0-expected_color0] [32mPASSED[0m[32m [ 40%][0m
2025-02-28T15:25:36.0476365Z tests/colors/test_color_conversion.py::test_hsla_to_rgba[input_color1-expected_color1] [32mPASSED[0m[32m [ 40%][0m
2025-02-28T15:25:36.0494952Z tests/colors/test_color_conversion.py::test_hsla_to_rgba[input_color2-expected_color2] [32mPASSED[0m[32m [ 40%][0m
2025-02-28T15:25:36.0513320Z tests/colors/test_color_conversion.py::test_hsla_to_rgba[input_color3-expected_color3] [32mPASSED[0m[32m [ 40%][0m
2025-02-28T15:25:36.0532430Z tests/colors/test_color_conversion.py::test_hsla_to_rgba[input_color4-expected_color4] [32mPASSED[0m[32m [ 40%][0m
2025-02-28T15:25:36.0551742Z tests/colors/test_color_conversion.py::test_hsla_to_rgba[input_color5-expected_color5] [32mPASSED[0m[32m [ 40%][0m
2025-02-28T15:25:36.0570403Z tests/colors/test_color_conversion.py::test_hsla_to_rgba[input_color6-expected_color6] [32mPASSED[0m[32m [ 40%][0m
2025-02-28T15:25:36.0589198Z tests/colors/test_color_conversion.py::test_hsla_to_rgba[input_color7-expected_color7] [32mPASSED[0m[32m [ 41%][0m
2025-02-28T15:25:36.0607825Z tests/colors/test_color_conversion.py::test_hsla_to_rgba[input_color8-expected_color8] [32mPASSED[0m[32m [ 41%][0m
2025-02-28T15:25:36.0625989Z tests/colors/test_color_conversion.py::test_hsla_to_rgba[input_color9-expected_color9] [32mPASSED[0m[32m [ 41%][0m
2025-02-28T15:25:36.0644126Z tests/colors/test_color_conversion.py::test_hsla_to_rgba[input_color10-expected_color10] [32mPASSED[0m[32m [ 41%][0m
2025-02-28T15:25:36.0663196Z tests/colors/test_color_conversion.py::test_hsla_to_rgba[input_color11-expected_color11] [32mPASSED[0m[32m [ 41%][0m
2025-02-28T15:25:36.0681944Z tests/colors/test_color_conversion.py::test_hsla_to_rgba[input_color12-expected_color12] [32mPASSED[0m[32m [ 41%][0m
2025-02-28T15:25:36.0702880Z tests/colors/test_color_conversion.py::test_hsla_to_rgba[input_color13-expected_color13] [32mPASSED[0m[32m [ 42%][0m
2025-02-28T15:25:36.0721250Z tests/colors/test_color_conversion.py::test_hsla_to_rgba[input_color14-expected_color14] [32mPASSED[0m[32m [ 42%][0m
2025-02-28T15:25:36.0739988Z tests/colors/test_color_conversion.py::test_hsla_to_rgba[input_color15-expected_color15] [32mPASSED[0m[32m [ 42%][0m
2025-02-28T15:25:36.0758429Z tests/colors/test_color_conversion.py::test_hsla_to_rgb[input_color0-expected_color0] [32mPASSED[0m[32m [ 42%][0m
2025-02-28T15:25:36.0776981Z tests/colors/test_color_conversion.py::test_hsla_to_rgb[input_color1-expected_color1] [32mPASSED[0m[32m [ 42%][0m
2025-02-28T15:25:36.0795183Z tests/colors/test_color_conversion.py::test_hsla_to_rgb[input_color2-expected_color2] [32mPASSED[0m[32m [ 42%][0m
2025-02-28T15:25:36.0813231Z tests/colors/test_color_conversion.py::test_hsla_to_rgb[input_color3-expected_color3] [32mPASSED[0m[32m [ 42%][0m
2025-02-28T15:25:36.0831789Z tests/colors/test_color_conversion.py::test_hsla_to_rgb[input_color4-expected_color4] [32mPASSED[0m[32m [ 43%][0m
2025-02-28T15:25:36.0850373Z tests/colors/test_color_conversion.py::test_hsla_to_rgb[input_color5-expected_color5] [32mPASSED[0m[32m [ 43%][0m
2025-02-28T15:25:36.0868703Z tests/colors/test_color_conversion.py::test_hsla_to_rgb[input_color6-expected_color6] [32mPASSED[0m[32m [ 43%][0m
2025-02-28T15:25:36.0887340Z tests/colors/test_color_conversion.py::test_hsla_to_rgb[input_color7-expected_color7] [32mPASSED[0m[32m [ 43%][0m
2025-02-28T15:25:36.0905340Z tests/colors/test_color_conversion.py::test_hsla_to_rgb[input_color8-expected_color8] [32mPASSED[0m[32m [ 43%][0m
2025-02-28T15:25:36.0923696Z tests/colors/test_color_conversion.py::test_hsla_to_rgb[input_color9-expected_color9] [32mPASSED[0m[32m [ 43%][0m
2025-02-28T15:25:36.0942053Z tests/colors/test_color_conversion.py::test_hsla_to_rgb[input_color10-expected_color10] [32mPASSED[0m[32m [ 44%][0m
2025-02-28T15:25:36.0960505Z tests/colors/test_color_conversion.py::test_hsla_to_rgb[input_color11-expected_color11] [32mPASSED[0m[32m [ 44%][0m
2025-02-28T15:25:36.0978969Z tests/colors/test_color_conversion.py::test_hsla_to_rgb[input_color12-expected_color12] [32mPASSED[0m[32m [ 44%][0m
2025-02-28T15:25:36.0997210Z tests/colors/test_color_conversion.py::test_hsla_to_rgb[input_color13-expected_color13] [32mPASSED[0m[32m [ 44%][0m
2025-02-28T15:25:36.1015732Z tests/colors/test_color_conversion.py::test_hsla_to_rgb[input_color14-expected_color14] [32mPASSED[0m[32m [ 44%][0m
2025-02-28T15:25:36.1033020Z tests/colors/test_color_conversion.py::test_hsla_to_rgb[input_color15-expected_color15] [32mPASSED[0m[32m [ 44%][0m
2025-02-28T15:25:36.1051460Z tests/colors/test_color_conversion.py::test_hsl_to_hsla[input_color0-expected_color0] [32mPASSED[0m[32m [ 44%][0m
2025-02-28T15:25:36.1069761Z tests/colors/test_color_conversion.py::test_hsl_to_hsla[input_color1-expected_color1] [32mPASSED[0m[32m [ 45%][0m
2025-02-28T15:25:36.1088432Z tests/colors/test_color_conversion.py::test_hsl_to_hsla[input_color2-expected_color2] [32mPASSED[0m[32m [ 45%][0m
2025-02-28T15:25:36.1106694Z tests/colors/test_color_conversion.py::test_hsl_to_hsla[input_color3-expected_color3] [32mPASSED[0m[32m [ 45%][0m
2025-02-28T15:25:36.1124776Z tests/colors/test_color_conversion.py::test_hsl_to_hsla[input_color4-expected_color4] [32mPASSED[0m[32m [ 45%][0m
2025-02-28T15:25:36.1142967Z tests/colors/test_color_conversion.py::test_hsl_to_hsla[input_color5-expected_color5] [32mPASSED[0m[32m [ 45%][0m
2025-02-28T15:25:36.1161436Z tests/colors/test_color_conversion.py::test_hsl_to_hsla[input_color6-expected_color6] [32mPASSED[0m[32m [ 45%][0m
2025-02-28T15:25:36.1180489Z tests/colors/test_color_conversion.py::test_hsl_to_hsla[input_color7-expected_color7] [32mPASSED[0m[32m [ 46%][0m
2025-02-28T15:25:36.1198530Z tests/colors/test_color_conversion.py::test_hsl_to_hsla[input_color8-expected_color8] [32mPASSED[0m[32m [ 46%][0m
2025-02-28T15:25:36.1216914Z tests/colors/test_color_conversion.py::test_hsl_to_hsla[input_color9-expected_color9] [32mPASSED[0m[32m [ 46%][0m
2025-02-28T15:25:36.1235048Z tests/colors/test_color_conversion.py::test_hsl_to_hsla[input_color10-expected_color10] [32mPASSED[0m[32m [ 46%][0m
2025-02-28T15:25:36.1253278Z tests/colors/test_color_conversion.py::test_hsl_to_hsla[input_color11-expected_color11] [32mPASSED[0m[32m [ 46%][0m
2025-02-28T15:25:36.1271801Z tests/colors/test_color_conversion.py::test_hsl_to_rgba[input_color0-expected_color0] [32mPASSED[0m[32m [ 46%][0m
2025-02-28T15:25:36.1291052Z tests/colors/test_color_conversion.py::test_hsl_to_rgba[input_color1-expected_color1] [32mPASSED[0m[32m [ 46%][0m
2025-02-28T15:25:36.1311672Z tests/colors/test_color_conversion.py::test_hsl_to_rgba[input_color2-expected_color2] [32mPASSED[0m[32m [ 47%][0m
2025-02-28T15:25:36.1330492Z tests/colors/test_color_conversion.py::test_hsl_to_rgba[input_color3-expected_color3] [32mPASSED[0m[32m [ 47%][0m
2025-02-28T15:25:36.1348992Z tests/colors/test_color_conversion.py::test_hsl_to_rgba[input_color4-expected_color4] [32mPASSED[0m[32m [ 47%][0m
2025-02-28T15:25:36.1367530Z tests/colors/test_color_conversion.py::test_hsl_to_rgba[input_color5-expected_color5] [32mPASSED[0m[32m [ 47%][0m
2025-02-28T15:25:36.1386211Z tests/colors/test_color_conversion.py::test_hsl_to_rgba[input_color6-expected_color6] [32mPASSED[0m[32m [ 47%][0m
2025-02-28T15:25:36.1404250Z tests/colors/test_color_conversion.py::test_hsl_to_rgba[input_color7-expected_color7] [32mPASSED[0m[32m [ 47%][0m
2025-02-28T15:25:36.1422495Z tests/colors/test_color_conversion.py::test_hsl_to_rgba[input_color8-expected_color8] [32mPASSED[0m[32m [ 48%][0m
2025-02-28T15:25:36.1440747Z tests/colors/test_color_conversion.py::test_hsl_to_rgba[input_color9-expected_color9] [32mPASSED[0m[32m [ 48%][0m
2025-02-28T15:25:36.1459046Z tests/colors/test_color_conversion.py::test_hsl_to_rgba[input_color10-expected_color10] [32mPASSED[0m[32m [ 48%][0m
2025-02-28T15:25:36.1477706Z tests/colors/test_color_conversion.py::test_hsl_to_rgba[input_color11-expected_color11] [32mPASSED[0m[32m [ 48%][0m
2025-02-28T15:25:36.1496035Z tests/colors/test_color_conversion.py::test_hsl_to_rgb[input_color0-expected_color0] [32mPASSED[0m[32m [ 48%][0m
2025-02-28T15:25:36.1513942Z tests/colors/test_color_conversion.py::test_hsl_to_rgb[input_color1-expected_color1] [32mPASSED[0m[32m [ 48%][0m
2025-02-28T15:25:36.1532228Z tests/colors/test_color_conversion.py::test_hsl_to_rgb[input_color2-expected_color2] [32mPASSED[0m[32m [ 48%][0m
2025-02-28T15:25:36.1550458Z tests/colors/test_color_conversion.py::test_hsl_to_rgb[input_color3-expected_color3] [32mPASSED[0m[32m [ 49%][0m
2025-02-28T15:25:36.1568841Z tests/colors/test_color_conversion.py::test_hsl_to_rgb[input_color4-expected_color4] [32mPASSED[0m[32m [ 49%][0m
2025-02-28T15:25:36.1587116Z tests/colors/test_color_conversion.py::test_hsl_to_rgb[input_color5-expected_color5] [32mPASSED[0m[32m [ 49%][0m
2025-02-28T15:25:36.1604888Z tests/colors/test_color_conversion.py::test_hsl_to_rgb[input_color6-expected_color6] [32mPASSED[0m[32m [ 49%][0m
2025-02-28T15:25:36.1622900Z tests/colors/test_color_conversion.py::test_hsl_to_rgb[input_color7-expected_color7] [32mPASSED[0m[32m [ 49%][0m
2025-02-28T15:25:36.1640946Z tests/colors/test_color_conversion.py::test_hsl_to_rgb[input_color8-expected_color8] [32mPASSED[0m[32m [ 49%][0m
2025-02-28T15:25:36.1659590Z tests/colors/test_color_conversion.py::test_hsl_to_rgb[input_color9-expected_color9] [32mPASSED[0m[32m [ 50%][0m
2025-02-28T15:25:36.1678132Z tests/colors/test_color_conversion.py::test_hsl_to_rgb[input_color10-expected_color10] [32mPASSED[0m[32m [ 50%][0m
2025-02-28T15:25:36.1698202Z tests/colors/test_color_conversion.py::test_hsl_to_rgb[input_color11-expected_color11] [32mPASSED[0m[32m [ 50%][0m
2025-02-28T15:25:36.1715754Z tests/colors/test_constructor.py::test_repr[rgb-value0-rgb(10, 20, 30)] [32mPASSED[0m[32m [ 50%][0m
2025-02-28T15:25:36.1733504Z tests/colors/test_constructor.py::test_repr[rgba-value1-rgba(10, 20, 30, 0.5)] [32mPASSED[0m[32m [ 50%][0m
2025-02-28T15:25:36.1751648Z tests/colors/test_constructor.py::test_repr[hsl-value2-hsl(10, 0.2, 0.3)] [32mPASSED[0m[32m [ 50%][0m
2025-02-28T15:25:36.1769711Z tests/colors/test_constructor.py::test_repr[hsla-value3-hsla(10, 0.2, 0.3, 0.5)] [32mPASSED[0m[32m [ 51%][0m
2025-02-28T15:25:36.1784978Z tests/colors/test_constructor.py::test_rgb_hash [32mPASSED[0m[32m                   [ 51%][0m
2025-02-28T15:25:36.1800679Z tests/colors/test_constructor.py::test_rgba_hash [32mPASSED[0m[32m                  [ 51%][0m
2025-02-28T15:25:36.1816355Z tests/colors/test_constructor.py::test_hsl_hash [32mPASSED[0m[32m                   [ 51%][0m
2025-02-28T15:25:36.1832588Z tests/colors/test_constructor.py::test_hsla_hash [32mPASSED[0m[32m                  [ 51%][0m
2025-02-28T15:25:36.1851225Z tests/colors/test_constructor.py::test_hsl[value0-expected0] [32mPASSED[0m[32m      [ 51%][0m
2025-02-28T15:25:36.1869503Z tests/colors/test_constructor.py::test_hsl[value1-expected1] [32mPASSED[0m[32m      [ 51%][0m
2025-02-28T15:25:36.1887734Z tests/colors/test_constructor.py::test_hsl[value2-expected2] [32mPASSED[0m[32m      [ 52%][0m
2025-02-28T15:25:36.1905412Z tests/colors/test_constructor.py::test_hsl[value3-expected3] [32mPASSED[0m[32m      [ 52%][0m
2025-02-28T15:25:36.1923351Z tests/colors/test_constructor.py::test_hsl[value4-expected4] [32mPASSED[0m[32m      [ 52%][0m
2025-02-28T15:25:36.1941419Z tests/colors/test_constructor.py::test_hsl[value5-expected5] [32mPASSED[0m[32m      [ 52%][0m
2025-02-28T15:25:36.1959288Z tests/colors/test_constructor.py::test_hsl[value6-expected6] [32mPASSED[0m[32m      [ 52%][0m
2025-02-28T15:25:36.1977322Z tests/colors/test_constructor.py::test_hsl[value7-expected7] [32mPASSED[0m[32m      [ 52%][0m
2025-02-28T15:25:36.1995015Z tests/colors/test_constructor.py::test_hsl[value8-expected8] [32mPASSED[0m[32m      [ 53%][0m
2025-02-28T15:25:36.2012417Z tests/colors/test_constructor.py::test_hsl[value9-expected9] [32mPASSED[0m[32m      [ 53%][0m
2025-02-28T15:25:36.2030194Z tests/colors/test_constructor.py::test_hsl[value10-expected10] [32mPASSED[0m[32m    [ 53%][0m
2025-02-28T15:25:36.2047965Z tests/colors/test_constructor.py::test_hsl[value11-expected11] [32mPASSED[0m[32m    [ 53%][0m
2025-02-28T15:25:36.2065416Z tests/colors/test_constructor.py::test_hsl[value12-expected12] [32mPASSED[0m[32m    [ 53%][0m
2025-02-28T15:25:36.2083324Z tests/colors/test_constructor.py::test_hsl[value13-expected13] [32mPASSED[0m[32m    [ 53%][0m
2025-02-28T15:25:36.2101206Z tests/colors/test_constructor.py::test_hsl[value14-expected14] [32mPASSED[0m[32m    [ 53%][0m
2025-02-28T15:25:36.2119142Z tests/colors/test_constructor.py::test_hsl[value15-expected15] [32mPASSED[0m[32m    [ 54%][0m
2025-02-28T15:25:36.2136809Z tests/colors/test_constructor.py::test_hsl[value16-expected16] [32mPASSED[0m[32m    [ 54%][0m
2025-02-28T15:25:36.2154519Z tests/colors/test_constructor.py::test_hsl[value17-expected17] [32mPASSED[0m[32m    [ 54%][0m
2025-02-28T15:25:36.2172514Z tests/colors/test_constructor.py::test_hsl[value18-expected18] [32mPASSED[0m[32m    [ 54%][0m
2025-02-28T15:25:36.2190744Z tests/colors/test_constructor.py::test_hsl[value19-expected19] [32mPASSED[0m[32m    [ 54%][0m
2025-02-28T15:25:36.2208783Z tests/colors/test_constructor.py::test_hsl[value20-expected20] [32mPASSED[0m[32m    [ 54%][0m
2025-02-28T15:25:36.2226581Z tests/colors/test_constructor.py::test_hsl[value21-expected21] [32mPASSED[0m[32m    [ 55%][0m
2025-02-28T15:25:36.2244222Z tests/colors/test_constructor.py::test_hsl[value22-expected22] [32mPASSED[0m[32m    [ 55%][0m
2025-02-28T15:25:36.2262639Z tests/colors/test_constructor.py::test_hsl[value23-expected23] [32mPASSED[0m[32m    [ 55%][0m
2025-02-28T15:25:36.2280632Z tests/colors/test_constructor.py::test_hsl[value24-expected24] [32mPASSED[0m[32m    [ 55%][0m
2025-02-28T15:25:36.2298607Z tests/colors/test_constructor.py::test_hsl[value25-expected25] [32mPASSED[0m[32m    [ 55%][0m
2025-02-28T15:25:36.2316537Z tests/colors/test_constructor.py::test_hsl[value26-expected26] [32mPASSED[0m[32m    [ 55%][0m
2025-02-28T15:25:36.2334411Z tests/colors/test_constructor.py::test_hsl[value27-expected27] [32mPASSED[0m[32m    [ 55%][0m
2025-02-28T15:25:36.2352452Z tests/colors/test_constructor.py::test_hsl[value28-expected28] [32mPASSED[0m[32m    [ 56%][0m
2025-02-28T15:25:36.2370881Z tests/colors/test_constructor.py::test_hsl[value29-expected29] [32mPASSED[0m[32m    [ 56%][0m
2025-02-28T15:25:36.2389004Z tests/colors/test_constructor.py::test_hsl[value30-expected30] [32mPASSED[0m[32m    [ 56%][0m
2025-02-28T15:25:36.2406964Z tests/colors/test_constructor.py::test_hsl[value31-expected31] [32mPASSED[0m[32m    [ 56%][0m
2025-02-28T15:25:36.2424923Z tests/colors/test_constructor.py::test_hsl[value32-expected32] [32mPASSED[0m[32m    [ 56%][0m
2025-02-28T15:25:36.2443029Z tests/colors/test_constructor.py::test_hsl[value33-expected33] [32mPASSED[0m[32m    [ 56%][0m
2025-02-28T15:25:36.2461335Z tests/colors/test_constructor.py::test_hsl[value34-expected34] [32mPASSED[0m[32m    [ 57%][0m
2025-02-28T15:25:36.2479816Z tests/colors/test_constructor.py::test_hsl[value35-expected35] [32mPASSED[0m[32m    [ 57%][0m
2025-02-28T15:25:36.2498052Z tests/colors/test_constructor.py::test_hsl[value36-expected36] [32mPASSED[0m[32m    [ 57%][0m
2025-02-28T15:25:36.2515950Z tests/colors/test_constructor.py::test_hsl[value37-expected37] [32mPASSED[0m[32m    [ 57%][0m
2025-02-28T15:25:36.2533525Z tests/colors/test_constructor.py::test_hsl[value38-expected38] [32mPASSED[0m[32m    [ 57%][0m
2025-02-28T15:25:36.2551659Z tests/colors/test_constructor.py::test_hsl[value39-expected39] [32mPASSED[0m[32m    [ 57%][0m
2025-02-28T15:25:36.2569762Z tests/colors/test_constructor.py::test_hsl[value40-expected40] [32mPASSED[0m[32m    [ 57%][0m
2025-02-28T15:25:36.2589299Z tests/colors/test_constructor.py::test_hsl[value41-expected41] [32mPASSED[0m[32m    [ 58%][0m
2025-02-28T15:25:36.2607307Z tests/colors/test_constructor.py::test_hsl[value42-expected42] [32mPASSED[0m[32m    [ 58%][0m
2025-02-28T15:25:36.2625220Z tests/colors/test_constructor.py::test_hsl[value43-expected43] [32mPASSED[0m[32m    [ 58%][0m
2025-02-28T15:25:36.2643145Z tests/colors/test_constructor.py::test_hsl[value44-expected44] [32mPASSED[0m[32m    [ 58%][0m
2025-02-28T15:25:36.2661568Z tests/colors/test_constructor.py::test_hsl[value45-expected45] [32mPASSED[0m[32m    [ 58%][0m
2025-02-28T15:25:36.2679734Z tests/colors/test_constructor.py::test_hsl[value46-expected46] [32mPASSED[0m[32m    [ 58%][0m
2025-02-28T15:25:36.2698009Z tests/colors/test_constructor.py::test_hsl[value47-expected47] [32mPASSED[0m[32m    [ 59%][0m
2025-02-28T15:25:36.2716060Z tests/colors/test_constructor.py::test_hsl[value48-expected48] [32mPASSED[0m[32m    [ 59%][0m
2025-02-28T15:25:36.2733790Z tests/colors/test_constructor.py::test_hsl[value49-expected49] [32mPASSED[0m[32m    [ 59%][0m
2025-02-28T15:25:36.2752039Z tests/colors/test_constructor.py::test_hsl_alpha[value0-expected0] [32mPASSED[0m[32m [ 59%][0m
2025-02-28T15:25:36.2770130Z tests/colors/test_constructor.py::test_hsl_alpha[value1-expected1] [32mPASSED[0m[32m [ 59%][0m
2025-02-28T15:25:36.2788656Z tests/colors/test_constructor.py::test_hsl_alpha[value2-expected2] [32mPASSED[0m[32m [ 59%][0m
2025-02-28T15:25:36.2806576Z tests/colors/test_constructor.py::test_hsl_alpha[value3-expected3] [32mPASSED[0m[32m [ 60%][0m
2025-02-28T15:25:36.2824544Z tests/colors/test_constructor.py::test_hsl_alpha[value4-expected4] [32mPASSED[0m[32m [ 60%][0m
2025-02-28T15:25:36.2843095Z tests/colors/test_constructor.py::test_hsl_alpha[value5-expected5] [32mPASSED[0m[32m [ 60%][0m
2025-02-28T15:25:36.2860753Z tests/colors/test_constructor.py::test_hsl_alpha[value6-expected6] [32mPASSED[0m[32m [ 60%][0m
2025-02-28T15:25:36.2892118Z tests/colors/test_constructor.py::test_invalid_color_constructor[rgb-value0-red-0-255--1] [32mPASSED[0m[32m [ 60%][0m
2025-02-28T15:25:36.2922712Z tests/colors/test_constructor.py::test_invalid_color_constructor[rgb-value1-red-0-255-256] [32mPASSED[0m[32m [ 60%][0m
2025-02-28T15:25:36.2953562Z tests/colors/test_constructor.py::test_invalid_color_constructor[rgb-value2-green-0-255--1] [32mPASSED[0m[32m [ 60%][0m
2025-02-28T15:25:36.2984836Z tests/colors/test_constructor.py::test_invalid_color_constructor[rgb-value3-green-0-255-256] [32mPASSED[0m[32m [ 61%][0m
2025-02-28T15:25:36.3015323Z tests/colors/test_constructor.py::test_invalid_color_constructor[rgb-value4-blue-0-255--1] [32mPASSED[0m[32m [ 61%][0m
2025-02-28T15:25:36.3047304Z tests/colors/test_constructor.py::test_invalid_color_constructor[rgb-value5-blue-0-255-256] [32mPASSED[0m[32m [ 61%][0m
2025-02-28T15:25:36.3068497Z tests/colors/test_constructor.py::test_invalid_color_constructor[rgba-value6-red-0-255--1] [32mPASSED[0m[32m [ 61%][0m
2025-02-28T15:25:36.3089659Z tests/colors/test_constructor.py::test_invalid_color_constructor[rgba-value7-red-0-255-256] [32mPASSED[0m[32m [ 61%][0m
2025-02-28T15:25:36.3110480Z tests/colors/test_constructor.py::test_invalid_color_constructor[rgba-value8-green-0-255--1] [32mPASSED[0m[32m [ 61%][0m
2025-02-28T15:25:36.3135718Z tests/colors/test_constructor.py::test_invalid_color_constructor[rgba-value9-green-0-255-256] [32mPASSED[0m[32m [ 62%][0m
2025-02-28T15:25:36.3161035Z tests/colors/test_constructor.py::test_invalid_color_constructor[rgba-value10-blue-0-255--1] [32mPASSED[0m[32m [ 62%][0m
2025-02-28T15:25:36.3182051Z tests/colors/test_constructor.py::test_invalid_color_constructor[rgba-value11-blue-0-255-256] [32mPASSED[0m[32m [ 62%][0m
2025-02-28T15:25:36.3213376Z tests/colors/test_constructor.py::test_invalid_color_constructor[rgba-value12-alpha-0-1--0.5] [32mPASSED[0m[32m [ 62%][0m
2025-02-28T15:25:36.3243805Z tests/colors/test_constructor.py::test_invalid_color_constructor[rgba-value13-alpha-0-1-1.1] [32mPASSED[0m[32m [ 62%][0m
2025-02-28T15:25:36.3273800Z tests/colors/test_constructor.py::test_invalid_color_constructor[hsl-value14-hue-0-360--1] [32mPASSED[0m[32m [ 62%][0m
2025-02-28T15:25:36.3304364Z tests/colors/test_constructor.py::test_invalid_color_constructor[hsl-value15-hue-0-360-361] [32mPASSED[0m[32m [ 62%][0m
2025-02-28T15:25:36.3336308Z tests/colors/test_constructor.py::test_invalid_color_constructor[hsl-value16-saturation-0-1--0.1] [32mPASSED[0m[32m [ 63%][0m
2025-02-28T15:25:36.3368059Z tests/colors/test_constructor.py::test_invalid_color_constructor[hsl-value17-saturation-0-1-1.1] [32mPASSED[0m[32m [ 63%][0m
2025-02-28T15:25:36.3399580Z tests/colors/test_constructor.py::test_invalid_color_constructor[hsl-value18-lightness-0-1--0.1] [32mPASSED[0m[32m [ 63%][0m
2025-02-28T15:25:36.3430629Z tests/colors/test_constructor.py::test_invalid_color_constructor[hsl-value19-lightness-0-1-1.1] [32mPASSED[0m[32m [ 63%][0m
2025-02-28T15:25:36.3451517Z tests/colors/test_constructor.py::test_invalid_color_constructor[hsla-value20-hue-0-360--1] [32mPASSED[0m[32m [ 63%][0m
2025-02-28T15:25:36.3472528Z tests/colors/test_constructor.py::test_invalid_color_constructor[hsla-value21-hue-0-360-361] [32mPASSED[0m[32m [ 63%][0m
2025-02-28T15:25:36.3493662Z tests/colors/test_constructor.py::test_invalid_color_constructor[hsla-value22-saturation-0-1--0.1] [32mPASSED[0m[32m [ 64%][0m
2025-02-28T15:25:36.3514032Z tests/colors/test_constructor.py::test_invalid_color_constructor[hsla-value23-saturation-0-1-1.1] [32mPASSED[0m[32m [ 64%][0m
2025-02-28T15:25:36.3534891Z tests/colors/test_constructor.py::test_invalid_color_constructor[hsla-value24-lightness-0-1--0.1] [32mPASSED[0m[32m [ 64%][0m
2025-02-28T15:25:36.3557219Z tests/colors/test_constructor.py::test_invalid_color_constructor[hsla-value25-lightness-0-1-1.1] [32mPASSED[0m[32m [ 64%][0m
2025-02-28T15:25:36.3587980Z tests/colors/test_constructor.py::test_invalid_color_constructor[hsla-value26-alpha-0-1--0.1] [32mPASSED[0m[32m [ 64%][0m
2025-02-28T15:25:36.3610398Z tests/colors/test_constructor.py::test_invalid_color_constructor[hsla-value27-alpha-0-1-1.1] [32mPASSED[0m[32m [ 64%][0m
2025-02-28T15:25:36.3626317Z tests/colors/test_parsing.py::test_noop [32mPASSED[0m[32m                           [ 64%][0m
2025-02-28T15:25:36.3643733Z tests/colors/test_parsing.py::test_rgb[rgb(1,2,3)-expected0] [32mPASSED[0m[32m      [ 65%][0m
2025-02-28T15:25:36.3661388Z tests/colors/test_parsing.py::test_rgb[rgb(1, 2, 3)-expected1] [32mPASSED[0m[32m    [ 65%][0m
2025-02-28T15:25:36.3678688Z tests/colors/test_parsing.py::test_rgb[rgb( 1 , 2 , 3)-expected2] [32mPASSED[0m[32m [ 65%][0m
2025-02-28T15:25:36.3696359Z tests/colors/test_parsing.py::test_rgb[#123-expected3] [32mPASSED[0m[32m            [ 65%][0m
2025-02-28T15:25:36.3713610Z tests/colors/test_parsing.py::test_rgb[#112233-expected4] [32mPASSED[0m[32m         [ 65%][0m
2025-02-28T15:25:36.3731019Z tests/colors/test_parsing.py::test_rgb[#abc-expected5] [32mPASSED[0m[32m            [ 65%][0m
2025-02-28T15:25:36.3748539Z tests/colors/test_parsing.py::test_rgb[#ABC-expected6] [32mPASSED[0m[32m            [ 66%][0m
2025-02-28T15:25:36.3765717Z tests/colors/test_parsing.py::test_rgb[#abcdef-expected7] [32mPASSED[0m[32m         [ 66%][0m
2025-02-28T15:25:36.3783016Z tests/colors/test_parsing.py::test_rgb[#ABCDEF-expected8] [32mPASSED[0m[32m         [ 66%][0m
2025-02-28T15:25:36.3805806Z tests/colors/test_parsing.py::test_rgb_invalid[10, 20] [32mPASSED[0m[32m            [ 66%][0m
2025-02-28T15:25:36.3822043Z tests/colors/test_parsing.py::test_rgb_invalid[a, 10, 20] [32mPASSED[0m[32m         [ 66%][0m
2025-02-28T15:25:36.3838312Z tests/colors/test_parsing.py::test_rgb_invalid[10, b, 20] [32mPASSED[0m[32m         [ 66%][0m
2025-02-28T15:25:36.3854437Z tests/colors/test_parsing.py::test_rgb_invalid[10, 20, c] [32mPASSED[0m[32m         [ 66%][0m
2025-02-28T15:25:36.3870579Z tests/colors/test_parsing.py::test_rgb_invalid[10, 20, 30, 0.5] [32mPASSED[0m[32m   [ 67%][0m
2025-02-28T15:25:36.3888072Z tests/colors/test_parsing.py::test_rgba[rgba(1,2,3,0.5)-expected0] [32mPASSED[0m[32m [ 67%][0m
2025-02-28T15:25:36.3905272Z tests/colors/test_parsing.py::test_rgba[rgba(1, 2, 3, 0.5)-expected1] [32mPASSED[0m[32m [ 67%][0m
2025-02-28T15:25:36.3922432Z tests/colors/test_parsing.py::test_rgba[rgba( 1 , 2 , 3 , 0.5)-expected2] [32mPASSED[0m[32m [ 67%][0m
2025-02-28T15:25:36.3939711Z tests/colors/test_parsing.py::test_rgba[#1234-expected3] [32mPASSED[0m[32m          [ 67%][0m
2025-02-28T15:25:36.3956739Z tests/colors/test_parsing.py::test_rgba[#11223344-expected4] [32mPASSED[0m[32m      [ 67%][0m
2025-02-28T15:25:36.3973547Z tests/colors/test_parsing.py::test_rgba[#abcd-expected5] [32mPASSED[0m[32m          [ 68%][0m
2025-02-28T15:25:36.3991114Z tests/colors/test_parsing.py::test_rgba[#ABCD-expected6] [32mPASSED[0m[32m          [ 68%][0m
2025-02-28T15:25:36.4008306Z tests/colors/test_parsing.py::test_rgba[#abcdefba-expected7] [32mPASSED[0m[32m      [ 68%][0m
2025-02-28T15:25:36.4025332Z tests/colors/test_parsing.py::test_rgba[#ABCDEFBA-expected8] [32mPASSED[0m[32m      [ 68%][0m
2025-02-28T15:25:36.4041303Z tests/colors/test_parsing.py::test_rgba_invalid[10, 20, 30] [32mPASSED[0m[32m       [ 68%][0m
2025-02-28T15:25:36.4057354Z tests/colors/test_parsing.py::test_rgba_invalid[a, 10, 20, 0.5] [32mPASSED[0m[32m   [ 68%][0m
2025-02-28T15:25:36.4073181Z tests/colors/test_parsing.py::test_rgba_invalid[10, b, 20, 0.5] [32mPASSED[0m[32m   [ 68%][0m
2025-02-28T15:25:36.4089605Z tests/colors/test_parsing.py::test_rgba_invalid[10, 20, c, 0.5] [32mPASSED[0m[32m   [ 69%][0m
2025-02-28T15:25:36.4106464Z tests/colors/test_parsing.py::test_rgba_invalid[10, 20, 30, c] [32mPASSED[0m[32m    [ 69%][0m
2025-02-28T15:25:36.4121914Z tests/colors/test_parsing.py::test_rgba_invalid[10, 20, 30, 0.5, 5] [32mPASSED[0m[32m [ 69%][0m
2025-02-28T15:25:36.4140572Z tests/colors/test_parsing.py::test_hsl[1,20%,30%] [32mPASSED[0m[32m                 [ 69%][0m
2025-02-28T15:25:36.4156880Z tests/colors/test_parsing.py::test_hsl[1, 20%, 30%] [32mPASSED[0m[32m               [ 69%][0m
2025-02-28T15:25:36.4172981Z tests/colors/test_parsing.py::test_hsl[1, 20% , 30%] [32mPASSED[0m[32m              [ 69%][0m
2025-02-28T15:25:36.4189246Z tests/colors/test_parsing.py::test_hsl_invalid[1, 20%] [32mPASSED[0m[32m            [ 70%][0m
2025-02-28T15:25:36.4205156Z tests/colors/test_parsing.py::test_hsl_invalid[a, 20%, 30%] [32mPASSED[0m[32m       [ 70%][0m
2025-02-28T15:25:36.4221267Z tests/colors/test_parsing.py::test_hsl_invalid[1, a, 30%] [32mPASSED[0m[32m         [ 70%][0m
2025-02-28T15:25:36.4237328Z tests/colors/test_parsing.py::test_hsl_invalid[1, 20%, a)] [32mPASSED[0m[32m        [ 70%][0m
2025-02-28T15:25:36.4253147Z tests/colors/test_parsing.py::test_hsl_invalid[1, 20%, 30%, 0.5)] [32mPASSED[0m[32m [ 70%][0m
2025-02-28T15:25:36.4269943Z tests/colors/test_parsing.py::test_hsla[1,20%,30%,0.5] [32mPASSED[0m[32m            [ 70%][0m
2025-02-28T15:25:36.4286384Z tests/colors/test_parsing.py::test_hsla[1, 20%, 30%, 0.5] [32mPASSED[0m[32m         [ 71%][0m
2025-02-28T15:25:36.4302457Z tests/colors/test_parsing.py::test_hsla[ 1, 20% , 30% , 0.5] [32mPASSED[0m[32m      [ 71%][0m
2025-02-28T15:25:36.4318714Z tests/colors/test_parsing.py::test_hsla_invalid[1, 20%, 30%] [32mPASSED[0m[32m      [ 71%][0m
2025-02-28T15:25:36.4334557Z tests/colors/test_parsing.py::test_hsla_invalid[a, 20%, 30%, 0.5] [32mPASSED[0m[32m [ 71%][0m
2025-02-28T15:25:36.4350845Z tests/colors/test_parsing.py::test_hsla_invalid[1, a, 30%, 0.5] [32mPASSED[0m[32m   [ 71%][0m
2025-02-28T15:25:36.4366787Z tests/colors/test_parsing.py::test_hsla_invalid[1, 20%, a, 0.5] [32mPASSED[0m[32m   [ 71%][0m
2025-02-28T15:25:36.4382566Z tests/colors/test_parsing.py::test_hsla_invalid[1, 20%, 30%, a] [32mPASSED[0m[32m   [ 71%][0m
2025-02-28T15:25:36.4398706Z tests/colors/test_parsing.py::test_hsla_invalid[1, 20%, 30%, 0.5, 5] [32mPASSED[0m[32m [ 72%][0m
2025-02-28T15:25:36.4415779Z tests/colors/test_parsing.py::test_named_color[Red-expected0] [32mPASSED[0m[32m     [ 72%][0m
2025-02-28T15:25:36.4432687Z tests/colors/test_parsing.py::test_named_color[RED-expected1] [32mPASSED[0m[32m     [ 72%][0m
2025-02-28T15:25:36.4449781Z tests/colors/test_parsing.py::test_named_color[red-expected2] [32mPASSED[0m[32m     [ 72%][0m
2025-02-28T15:25:36.4466657Z tests/colors/test_parsing.py::test_named_color[rEd-expected3] [32mPASSED[0m[32m     [ 72%][0m
2025-02-28T15:25:36.4483530Z tests/colors/test_parsing.py::test_named_color[CornflowerBlue-expected4] [32mPASSED[0m[32m [ 72%][0m
2025-02-28T15:25:36.4500688Z tests/colors/test_parsing.py::test_named_color[cornflowerblue-expected5] [32mPASSED[0m[32m [ 73%][0m
2025-02-28T15:25:36.4517993Z tests/colors/test_parsing.py::test_named_color[CORNFLOWERBLUE-expected6] [32mPASSED[0m[32m [ 73%][0m
2025-02-28T15:25:36.4534709Z tests/colors/test_parsing.py::test_named_color[Cornflowerblue-expected7] [32mPASSED[0m[32m [ 73%][0m
2025-02-28T15:25:36.4551935Z tests/colors/test_parsing.py::test_named_color[CoRnFlOwErBlUe-expected8] [32mPASSED[0m[32m [ 73%][0m
2025-02-28T15:25:36.4566794Z tests/colors/test_parsing.py::test_named_color_invalid [32mPASSED[0m[32m            [ 73%][0m
2025-02-28T15:25:36.4582524Z tests/colors/test_parsing.py::test_hash_mark_invalid[1] [32mPASSED[0m[32m           [ 73%][0m
2025-02-28T15:25:36.4598884Z tests/colors/test_parsing.py::test_hash_mark_invalid[2] [32mPASSED[0m[32m           [ 73%][0m
2025-02-28T15:25:36.4614473Z tests/colors/test_parsing.py::test_hash_mark_invalid[5] [32mPASSED[0m[32m           [ 74%][0m
2025-02-28T15:25:36.4630891Z tests/colors/test_parsing.py::test_hash_mark_invalid[7] [32mPASSED[0m[32m           [ 74%][0m
2025-02-28T15:25:36.4646586Z tests/colors/test_parsing.py::test_hash_mark_invalid[9] [32mPASSED[0m[32m           [ 74%][0m
2025-02-28T15:25:36.4663822Z tests/colors/test_parsing.py::test_hash_mark_invalid[10] [32mPASSED[0m[32m          [ 74%][0m
2025-02-28T15:25:36.4705053Z tests/test_choices.py::test_none[Style] [32mPASSED[0m[32m                           [ 74%][0m
2025-02-28T15:25:36.4728877Z tests/test_choices.py::test_none[DeprecatedStyle] [32mPASSED[0m[32m                 [ 74%][0m
2025-02-28T15:25:36.4766637Z tests/test_choices.py::test_allow_string[Style] [32mPASSED[0m[32m                   [ 75%][0m
2025-02-28T15:25:36.4789741Z tests/test_choices.py::test_allow_string[DeprecatedStyle] [32mPASSED[0m[32m         [ 75%][0m
2025-02-28T15:25:36.4827943Z tests/test_choices.py::test_allow_integer[Style] [32mPASSED[0m[32m                  [ 75%][0m
2025-02-28T15:25:36.4849625Z tests/test_choices.py::test_allow_integer[DeprecatedStyle] [32mPASSED[0m[32m        [ 75%][0m
2025-02-28T15:25:36.4887060Z tests/test_choices.py::test_allow_number[Style] [32mPASSED[0m[32m                   [ 75%][0m
2025-02-28T15:25:36.4908849Z tests/test_choices.py::test_allow_number[DeprecatedStyle] [32mPASSED[0m[32m         [ 75%][0m
2025-02-28T15:25:36.4949118Z tests/test_choices.py::test_allow_color[Style] [32mPASSED[0m[32m                    [ 75%][0m
2025-02-28T15:25:36.4972829Z tests/test_choices.py::test_allow_color[DeprecatedStyle] [32mPASSED[0m[32m          [ 76%][0m
2025-02-28T15:25:36.5009567Z tests/test_choices.py::test_values[Style] [32mPASSED[0m[32m                         [ 76%][0m
2025-02-28T15:25:36.5031947Z tests/test_choices.py::test_values[DeprecatedStyle] [32mPASSED[0m[32m               [ 76%][0m
2025-02-28T15:25:36.5078395Z tests/test_choices.py::test_multiple_choices[Style] [32mPASSED[0m[32m               [ 76%][0m
2025-02-28T15:25:36.5103835Z tests/test_choices.py::test_multiple_choices[DeprecatedStyle] [32mPASSED[0m[32m     [ 76%][0m
2025-02-28T15:25:36.5121862Z tests/test_choices.py::test_string_symbol[Style] [32mPASSED[0m[32m                  [ 76%][0m
2025-02-28T15:25:36.5141015Z tests/test_choices.py::test_string_symbol[DeprecatedStyle] [32mPASSED[0m[32m        [ 77%][0m
2025-02-28T15:25:36.5157206Z tests/test_fonts.py::test_equality[font0] [32mPASSED[0m[32m                         [ 77%][0m
2025-02-28T15:25:36.5173405Z tests/test_fonts.py::test_equality[font1] [32mPASSED[0m[32m                         [ 77%][0m
2025-02-28T15:25:36.5189538Z tests/test_fonts.py::test_equality[font2] [32mPASSED[0m[32m                         [ 77%][0m
2025-02-28T15:25:36.5205255Z tests/test_fonts.py::test_inqequality[font0] [32mPASSED[0m[32m                      [ 77%][0m
2025-02-28T15:25:36.5221055Z tests/test_fonts.py::test_inqequality[font1] [32mPASSED[0m[32m                      [ 77%][0m
2025-02-28T15:25:36.5236875Z tests/test_fonts.py::test_inqequality[font2] [32mPASSED[0m[32m                      [ 77%][0m
2025-02-28T15:25:36.5253232Z tests/test_fonts.py::test_inqequality[a string] [32mPASSED[0m[32m                   [ 78%][0m
2025-02-28T15:25:36.5268994Z tests/test_fonts.py::test_inqequality[5] [32mPASSED[0m[32m                          [ 78%][0m
2025-02-28T15:25:36.5283467Z tests/test_fonts.py::test_hash [32mPASSED[0m[32m                                    [ 78%][0m
2025-02-28T15:25:36.5301021Z tests/test_fonts.py::test_repr[12-kwargs0-12pt] [32mPASSED[0m[32m                   [ 78%][0m
2025-02-28T15:25:36.5318873Z tests/test_fonts.py::test_repr[12-kwargs1-italic 12pt] [32mPASSED[0m[32m            [ 78%][0m
2025-02-28T15:25:36.5336489Z tests/test_fonts.py::test_repr[12-kwargs2-italic small-caps 12pt] [32mPASSED[0m[32m [ 78%][0m
2025-02-28T15:25:36.5353669Z tests/test_fonts.py::test_repr[12-kwargs3-italic small-caps bold 12pt] [32mPASSED[0m[32m [ 79%][0m
2025-02-28T15:25:36.5371602Z tests/test_fonts.py::test_repr[12-kwargs4-small-caps bold 12pt] [32mPASSED[0m[32m   [ 79%][0m
2025-02-28T15:25:36.5388829Z tests/test_fonts.py::test_repr[12-kwargs5-bold 12pt] [32mPASSED[0m[32m              [ 79%][0m
2025-02-28T15:25:36.5406120Z tests/test_fonts.py::test_repr[12-kwargs6-italic bold 12pt] [32mPASSED[0m[32m       [ 79%][0m
2025-02-28T15:25:36.5423172Z tests/test_fonts.py::test_repr[-1-kwargs7-system default size] [32mPASSED[0m[32m    [ 79%][0m
2025-02-28T15:25:36.5441727Z tests/test_fonts.py::test_repr[-1-kwargs8-italic system default size] [32mPASSED[0m[32m [ 79%][0m
2025-02-28T15:25:36.5457344Z tests/test_fonts.py::test_simple_construction[12_0] [32mPASSED[0m[32m               [ 80%][0m
2025-02-28T15:25:36.5472688Z tests/test_fonts.py::test_simple_construction[12_1] [32mPASSED[0m[32m               [ 80%][0m
2025-02-28T15:25:36.5488235Z tests/test_fonts.py::test_simple_construction[12pt] [32mPASSED[0m[32m               [ 80%][0m
2025-02-28T15:25:36.5503596Z tests/test_fonts.py::test_simple_construction[12 pt] [32mPASSED[0m[32m              [ 80%][0m
2025-02-28T15:25:36.5518556Z tests/test_fonts.py::test_invalid_construction [32mPASSED[0m[32m                    [ 80%][0m
2025-02-28T15:25:36.5534049Z tests/test_fonts.py::test_family[Comics Sans] [32mPASSED[0m[32m                     [ 80%][0m
2025-02-28T15:25:36.5553172Z tests/test_fonts.py::test_family[Wingdings] [32mPASSED[0m[32m                       [ 80%][0m
2025-02-28T15:25:36.5568834Z tests/test_fonts.py::test_family['Comic Sans'] [32mPASSED[0m[32m                    [ 81%][0m
2025-02-28T15:25:36.5584207Z tests/test_fonts.py::test_family["Comic Sans"] [32mPASSED[0m[32m                    [ 81%][0m
2025-02-28T15:25:36.5600804Z tests/test_fonts.py::test_style[italic-italic0] [32mPASSED[0m[32m                   [ 81%][0m
2025-02-28T15:25:36.5617382Z tests/test_fonts.py::test_style[italic-italic1] [32mPASSED[0m[32m                   [ 81%][0m
2025-02-28T15:25:36.5633544Z tests/test_fonts.py::test_style[oblique-oblique0] [32mPASSED[0m[32m                 [ 81%][0m
2025-02-28T15:25:36.5650211Z tests/test_fonts.py::test_style[oblique-oblique1] [32mPASSED[0m[32m                 [ 81%][0m
2025-02-28T15:25:36.5666979Z tests/test_fonts.py::test_style[something else-normal] [32mPASSED[0m[32m            [ 82%][0m
2025-02-28T15:25:36.5683005Z tests/test_fonts.py::test_make_normal_style[kwargs0] [32mPASSED[0m[32m              [ 82%][0m
2025-02-28T15:25:36.5698747Z tests/test_fonts.py::test_make_normal_style[kwargs1] [32mPASSED[0m[32m              [ 82%][0m
2025-02-28T15:25:36.5715999Z tests/test_fonts.py::test_make_slanted[italic-italic] [32mPASSED[0m[32m             [ 82%][0m
2025-02-28T15:25:36.5732260Z tests/test_fonts.py::test_make_slanted[oblique-oblique] [32mPASSED[0m[32m           [ 82%][0m
2025-02-28T15:25:36.5748690Z tests/test_fonts.py::test_variant[small-caps-small-caps0] [32mPASSED[0m[32m         [ 82%][0m
2025-02-28T15:25:36.5764697Z tests/test_fonts.py::test_variant[small-caps-small-caps1] [32mPASSED[0m[32m         [ 82%][0m
2025-02-28T15:25:36.5781428Z tests/test_fonts.py::test_variant[something else-normal] [32mPASSED[0m[32m          [ 83%][0m
2025-02-28T15:25:36.5797046Z tests/test_fonts.py::test_make_normal_variant[kwargs0] [32mPASSED[0m[32m            [ 83%][0m
2025-02-28T15:25:36.5812285Z tests/test_fonts.py::test_make_normal_variant[kwargs1] [32mPASSED[0m[32m            [ 83%][0m
2025-02-28T15:25:36.5827551Z tests/test_fonts.py::test_make_small_caps [32mPASSED[0m[32m                         [ 83%][0m
2025-02-28T15:25:36.5845011Z tests/test_fonts.py::test_weight[bold-bold0] [32mPASSED[0m[32m                      [ 83%][0m
2025-02-28T15:25:36.5861763Z tests/test_fonts.py::test_weight[bold-bold1] [32mPASSED[0m[32m                      [ 83%][0m
2025-02-28T15:25:36.5878701Z tests/test_fonts.py::test_weight[something else-normal] [32mPASSED[0m[32m           [ 84%][0m
2025-02-28T15:25:36.5895060Z tests/test_fonts.py::test_make_normal_weight[kwargs0] [32mPASSED[0m[32m             [ 84%][0m
2025-02-28T15:25:36.5912072Z tests/test_fonts.py::test_make_normal_weight[kwargs1] [32mPASSED[0m[32m             [ 84%][0m
2025-02-28T15:25:36.5927784Z tests/test_fonts.py::test_make_bold [32mPASSED[0m[32m                               [ 84%][0m
2025-02-28T15:25:36.5942296Z tests/test_layout.py::test_viewport_default [32mPASSED[0m[32m                       [ 84%][0m
2025-02-28T15:25:36.5956841Z tests/test_layout.py::test_viewport_constructor [32mPASSED[0m[32m                   [ 84%][0m
2025-02-28T15:25:36.5974918Z tests/test_layout.py::test_repr [32mPASSED[0m[32m                                   [ 84%][0m
2025-02-28T15:25:36.5992378Z tests/test_layout.py::test_initial [32mPASSED[0m[32m                                [ 85%][0m
2025-02-28T15:25:36.6015152Z tests/test_layout.py::test_set_content_dimension[content_top-5-expected10-7-expected20] [32mPASSED[0m[32m [ 85%][0m
2025-02-28T15:25:36.6037735Z tests/test_layout.py::test_set_content_dimension[content_left-5-expected11-7-expected21] [32mPASSED[0m[32m [ 85%][0m
2025-02-28T15:25:36.6059557Z tests/test_layout.py::test_set_content_dimension[min_content_width-8-expected12-9-expected22] [32mPASSED[0m[32m [ 85%][0m
2025-02-28T15:25:36.6081186Z tests/test_layout.py::test_set_content_dimension[content_width-5-expected13-7-expected23] [32mPASSED[0m[32m [ 85%][0m
2025-02-28T15:25:36.6106209Z tests/test_layout.py::test_set_content_dimension[min_content_height-7-expected14-8-expected24] [32mPASSED[0m[32m [ 85%][0m
2025-02-28T15:25:36.6128056Z tests/test_layout.py::test_set_content_dimension[content_height-10-expected15-12-expected25] [32mPASSED[0m[32m [ 86%][0m
2025-02-28T15:25:36.6146553Z tests/test_layout.py::test_descendent_offsets [32mPASSED[0m[32m                     [ 86%][0m
2025-02-28T15:25:36.6165297Z tests/test_layout.py::test_absolute_equalities [32mPASSED[0m[32m                    [ 86%][0m
2025-02-28T15:25:36.6182530Z tests/test_node.py::test_create_leaf [32mPASSED[0m[32m                              [ 86%][0m
2025-02-28T15:25:36.6202240Z tests/test_node.py::test_create_node [32mPASSED[0m[32m                              [ 86%][0m
2025-02-28T15:25:36.6225055Z tests/test_node.py::test_refresh[Style] [32mPASSED[0m[32m                           [ 86%][0m
2025-02-28T15:25:36.6250514Z tests/test_node.py::test_refresh[OldStyle] [32mPASSED[0m[32m                        [ 86%][0m
2025-02-28T15:25:36.6266405Z tests/test_node.py::test_refresh_no_op [32mPASSED[0m[32m                            [ 87%][0m
2025-02-28T15:25:36.6290331Z tests/test_node.py::test_type_error_in_layout[TypeErrorStyle] [32mPASSED[0m[32m     [ 87%][0m
2025-02-28T15:25:36.6308806Z tests/test_node.py::test_type_error_in_layout[OldTypeErrorStyle] [32mPASSED[0m[32m  [ 87%][0m
2025-02-28T15:25:36.6324913Z tests/test_node.py::test_add [32mPASSED[0m[32m                                      [ 87%][0m
2025-02-28T15:25:36.6343576Z tests/test_node.py::test_insert [32mPASSED[0m[32m                                   [ 87%][0m
2025-02-28T15:25:36.6365052Z tests/test_node.py::test_insert_leaf [32mPASSED[0m[32m                              [ 87%][0m
2025-02-28T15:25:36.6382823Z tests/test_node.py::test_remove [32mPASSED[0m[32m                                   [ 88%][0m
2025-02-28T15:25:36.6405916Z tests/test_node.py::test_remove_leaf [32mPASSED[0m[32m                              [ 88%][0m
2025-02-28T15:25:36.6424039Z tests/test_node.py::test_clear [32mPASSED[0m[32m                                    [ 88%][0m
2025-02-28T15:25:36.6439689Z tests/test_node.py::test_clear_leaf [32mPASSED[0m[32m                               [ 88%][0m
2025-02-28T15:25:36.6457939Z tests/test_node.py::test_create_with_no_applicator [32mPASSED[0m[32m                [ 88%][0m
2025-02-28T15:25:36.6476579Z tests/test_node.py::test_create_with_applicator [32mPASSED[0m[32m                   [ 88%][0m
2025-02-28T15:25:36.6494844Z tests/test_node.py::test_assign_applicator[node0] [32mPASSED[0m[32m                 [ 88%][0m
2025-02-28T15:25:36.6512397Z tests/test_node.py::test_assign_applicator[node1] [32mPASSED[0m[32m                 [ 89%][0m
2025-02-28T15:25:36.6528501Z tests/test_node.py::test_assign_applicator_none[node0] [32mPASSED[0m[32m            [ 89%][0m
2025-02-28T15:25:36.6544564Z tests/test_node.py::test_assign_applicator_none[node1] [32mPASSED[0m[32m            [ 89%][0m
2025-02-28T15:25:36.6566590Z tests/test_node.py::test_assign_style_with_applicator [32mPASSED[0m[32m             [ 89%][0m
2025-02-28T15:25:36.6586318Z tests/test_node.py::test_assign_style_with_no_applicator [32mPASSED[0m[32m          [ 89%][0m
2025-02-28T15:25:36.6604646Z tests/test_node.py::test_apply_before_node_is_ready [32mPASSED[0m[32m               [ 89%][0m
2025-02-28T15:25:36.6622050Z tests/test_node.py::test_applicator_has_node_reference [32mPASSED[0m[32m            [ 90%][0m
2025-02-28T15:25:36.6636690Z tests/test_size.py::test_at_least_repr [32mPASSED[0m[32m                            [ 90%][0m
2025-02-28T15:25:36.6651197Z tests/test_size.py::test_at_least_eq [32mPASSED[0m[32m                              [ 90%][0m
2025-02-28T15:25:36.6668461Z tests/test_size.py::test_size_repr [32mPASSED[0m[32m                                [ 90%][0m
2025-02-28T15:25:36.6684230Z tests/test_style.py::test_invalid_style [32mPASSED[0m[32m                           [ 90%][0m
2025-02-28T15:25:36.6712538Z tests/test_style.py::test_positional_argument[Style] [32mPASSED[0m[32m              [ 90%][0m
2025-02-28T15:25:36.6729399Z tests/test_style.py::test_positional_argument[DeprecatedStyle] [32mPASSED[0m[32m    [ 91%][0m
2025-02-28T15:25:36.6749760Z tests/test_style.py::test_create_and_copy[Style] [32mPASSED[0m[32m                  [ 91%][0m
2025-02-28T15:25:36.6769495Z tests/test_style.py::test_create_and_copy[DeprecatedStyle] [32mPASSED[0m[32m        [ 91%][0m
2025-02-28T15:25:36.6786379Z tests/test_style.py::test_deprecated_copy [32mPASSED[0m[32m                         [ 91%][0m
2025-02-28T15:25:36.6809903Z tests/test_style.py::test_apply[Style] [32mPASSED[0m[32m                            [ 91%][0m
2025-02-28T15:25:36.6828494Z tests/test_style.py::test_apply[DeprecatedStyle] [32mPASSED[0m[32m                  [ 91%][0m
2025-02-28T15:25:36.6848058Z tests/test_style.py::test_property_with_explicit_const[Style] [32mPASSED[0m[32m     [ 91%][0m
2025-02-28T15:25:36.6867445Z tests/test_style.py::test_property_with_explicit_const[DeprecatedStyle] [32mPASSED[0m[32m [ 92%][0m
2025-02-28T15:25:36.6886411Z tests/test_style.py::test_property_with_explicit_value[Style] [32mPASSED[0m[32m     [ 92%][0m
2025-02-28T15:25:36.6905159Z tests/test_style.py::test_property_with_explicit_value[DeprecatedStyle] [32mPASSED[0m[32m [ 92%][0m
2025-02-28T15:25:36.6924220Z tests/test_style.py::test_property_with_explicit_none[Style] [32mPASSED[0m[32m      [ 92%][0m
2025-02-28T15:25:36.6943237Z tests/test_style.py::test_property_with_explicit_none[DeprecatedStyle] [32mPASSED[0m[32m [ 92%][0m
2025-02-28T15:25:36.6962501Z tests/test_style.py::test_property_with_implicit_default[Style] [32mPASSED[0m[32m   [ 92%][0m
2025-02-28T15:25:36.6981554Z tests/test_style.py::test_property_with_implicit_default[DeprecatedStyle] [32mPASSED[0m[32m [ 93%][0m
2025-02-28T15:25:36.6998186Z tests/test_style.py::test_set_initial_no_apply[Style] [32mPASSED[0m[32m             [ 93%][0m
2025-02-28T15:25:36.7014315Z tests/test_style.py::test_set_initial_no_apply[DeprecatedStyle] [32mPASSED[0m[32m   [ 93%][0m
2025-02-28T15:25:36.7052503Z tests/test_style.py::test_directional_property[Style] [32mPASSED[0m[32m             [ 93%][0m
2025-02-28T15:25:36.7088743Z tests/test_style.py::test_directional_property[DeprecatedStyle] [32mPASSED[0m[32m   [ 93%][0m
2025-02-28T15:25:36.7107282Z tests/test_style.py::test_list_property[value0-expected0] [32mPASSED[0m[32m         [ 93%][0m
2025-02-28T15:25:36.7125720Z tests/test_style.py::test_list_property[value1-expected1] [32mPASSED[0m[32m         [ 93%][0m
2025-02-28T15:25:36.7144515Z tests/test_style.py::test_list_property[value2-expected2] [32mPASSED[0m[32m         [ 94%][0m
2025-02-28T15:25:36.7162550Z tests/test_style.py::test_list_property[value3-expected3] [32mPASSED[0m[32m         [ 94%][0m
2025-02-28T15:25:36.7180928Z tests/test_style.py::test_list_property[value4-expected4] [32mPASSED[0m[32m         [ 94%][0m
2025-02-28T15:25:36.7199630Z tests/test_style.py::test_list_property[value5-expected5] [32mPASSED[0m[32m         [ 94%][0m
2025-02-28T15:25:36.7218410Z tests/test_style.py::test_list_property[value6-expected6] [32mPASSED[0m[32m         [ 94%][0m
2025-02-28T15:25:36.7250564Z tests/test_style.py::test_list_property_invalid[5-TypeError-Value for list property list_prop must be a sequence\\.] [32mPASSED[0m[32m [ 94%][0m
2025-02-28T15:25:36.7281462Z tests/test_style.py::test_list_property_invalid[<genexpr>-TypeError-Value for list property list_prop must be a sequence.] [32mPASSED[0m[32m [ 95%][0m
2025-02-28T15:25:36.7323956Z tests/test_style.py::test_list_property_invalid[value2-ValueError-Invalid item value 'bogus' for list property list_prop; Valid values are: none, value1, value2, value3, <integer>] [32mPASSED[0m[32m [ 95%][0m
2025-02-28T15:25:36.7363127Z tests/test_style.py::test_list_property_invalid[value3-ValueError-List properties cannot be set to an empty sequence; to reset a property, use del `style.list_prop`\\.] [32mPASSED[0m[32m [ 95%][0m
2025-02-28T15:25:36.7382117Z tests/test_style.py::test_list_property_invalid[value4-ValueError-List properties cannot be set to an empty sequence; to reset a property, use del `style.list_prop`\\.] [32mPASSED[0m[32m [ 95%][0m
2025-02-28T15:25:36.7419913Z tests/test_style.py::test_list_property_immutable [32mPASSED[0m[32m                 [ 95%][0m
2025-02-28T15:25:36.7437346Z tests/test_style.py::test_list_property_list_like [32mPASSED[0m[32m                 [ 95%][0m
2025-02-28T15:25:36.7457863Z tests/test_style.py::test_set_multiple_properties[Style] [32mPASSED[0m[32m          [ 95%][0m
2025-02-28T15:25:36.7477794Z tests/test_style.py::test_set_multiple_properties[DeprecatedStyle] [32mPASSED[0m[32m [ 96%][0m
2025-02-28T15:25:36.7497764Z tests/test_style.py::test_str[Style] [32mPASSED[0m[32m                              [ 96%][0m
2025-02-28T15:25:36.7517165Z tests/test_style.py::test_str[DeprecatedStyle] [32mPASSED[0m[32m                    [ 96%][0m
2025-02-28T15:25:36.7543655Z tests/test_style.py::test_dict[Style] [32mPASSED[0m[32m                             [ 96%][0m
2025-02-28T15:25:36.7569882Z tests/test_style.py::test_dict[DeprecatedStyle] [32mPASSED[0m[32m                   [ 96%][0m
2025-02-28T15:25:36.7593133Z tests/test_style.py::test_set_to_initial[Style] [32mPASSED[0m[32m                   [ 96%][0m
2025-02-28T15:25:36.7615767Z tests/test_style.py::test_set_to_initial[DeprecatedStyle] [32mPASSED[0m[32m         [ 97%][0m
2025-02-28T15:25:36.7640862Z tests/test_style.py::test_union_operators[True-Style] [32mPASSED[0m[32m             [ 97%][0m
2025-02-28T15:25:36.7665209Z tests/test_style.py::test_union_operators[True-DeprecatedStyle] [32mPASSED[0m[32m   [ 97%][0m
2025-02-28T15:25:36.7687965Z tests/test_style.py::test_union_operators[False-Style] [32mPASSED[0m[32m            [ 97%][0m
2025-02-28T15:25:36.7714252Z tests/test_style.py::test_union_operators[False-DeprecatedStyle] [32mPASSED[0m[32m  [ 97%][0m
2025-02-28T15:25:36.7739680Z tests/test_style.py::test_union_operators_invalid_type[Style-StyleSubclass] [32mPASSED[0m[32m [ 97%][0m
2025-02-28T15:25:36.7757916Z tests/test_style.py::test_union_operators_invalid_type[Style-Sibling] [32mPASSED[0m[32m [ 97%][0m
2025-02-28T15:25:36.7775982Z tests/test_style.py::test_union_operators_invalid_type[Style-int] [32mPASSED[0m[32m [ 98%][0m
2025-02-28T15:25:36.7794195Z tests/test_style.py::test_union_operators_invalid_type[Style-list] [32mPASSED[0m[32m [ 98%][0m
2025-02-28T15:25:36.7813280Z tests/test_style.py::test_union_operators_invalid_type[DeprecatedStyle-DeprecatedStyleSubclass] [32mPASSED[0m[32m [ 98%][0m
2025-02-28T15:25:36.7830721Z tests/test_style.py::test_union_operators_invalid_type[DeprecatedStyle-Sibling] [32mPASSED[0m[32m [ 98%][0m
2025-02-28T15:25:36.7849135Z tests/test_style.py::test_union_operators_invalid_type[DeprecatedStyle-int] [32mPASSED[0m[32m [ 98%][0m
2025-02-28T15:25:36.7867097Z tests/test_style.py::test_union_operators_invalid_type[DeprecatedStyle-list] [32mPASSED[0m[32m [ 98%][0m
2025-02-28T15:25:36.7887333Z tests/test_style.py::test_union_operators_invalid_key_value[right0-ValueError-Style] [32mPASSED[0m[32m [ 99%][0m
2025-02-28T15:25:36.7907261Z tests/test_style.py::test_union_operators_invalid_key_value[right0-ValueError-DeprecatedStyle] [32mPASSED[0m[32m [ 99%][0m
2025-02-28T15:25:36.7927746Z tests/test_style.py::test_union_operators_invalid_key_value[right1-NameError-Style] [32mPASSED[0m[32m [ 99%][0m
2025-02-28T15:25:36.7947514Z tests/test_style.py::test_union_operators_invalid_key_value[right1-NameError-DeprecatedStyle] [32mPASSED[0m[32m [ 99%][0m
2025-02-28T15:25:36.7963893Z tests/test_style.py::test_deprecated_class_methods [32mPASSED[0m[32m                [ 99%][0m
2025-02-28T15:25:36.7981073Z tests/test_style.py::test_deprecated_reapply [32mPASSED[0m[32m                      [ 99%][0m
2025-02-28T15:25:36.8030943Z tests/test_style.py::test_deprecated_import [32mPASSED[0m[32m                       [100%][0m
2025-02-28T15:25:36.8031553Z 
2025-02-28T15:25:36.8031899Z [32m============================= [32m[1m645 passed[0m[32m in 2.17s[0m[32m ==============================[0m
2025-02-28T15:25:36.8709339Z   py-cov-trav: OK (8.74=setup[0.78]+cmd[5.28,2.69] seconds)
2025-02-28T15:25:36.8709945Z   congratulations :) (8.92 seconds)
2025-02-28T15:25:37.8768896Z Python 3.13.2
2025-02-28T15:25:38.4418544Z Looking in links: ../dist
2025-02-28T15:25:38.4471999Z Processing /home/runner/work/toga/toga/dist/toga_core-0.4.9.dev629+g68266e24a-py3-none-any.whl (from toga-core==0.4.9.dev629+g68266e24a)
2025-02-28T15:25:38.4556776Z Processing /home/runner/work/toga/toga/dist/toga_dummy-0.4.9.dev629+g68266e24a-py3-none-any.whl
2025-02-28T15:25:38.5033022Z Processing /home/runner/work/toga/toga/dist/travertino-0.4.9.dev629+g68266e24a-py3-none-any.whl (from toga-core==0.4.9.dev629+g68266e24a->toga-core==0.4.9.dev629+g68266e24a)
2025-02-28T15:25:38.6952455Z Collecting coverage==7.6.12 (from coverage[toml]==7.6.12; extra == "dev"->toga-core==0.4.9.dev629+g68266e24a->toga-core==0.4.9.dev629+g68266e24a)
2025-02-28T15:25:38.6966026Z   Using cached coverage-7.6.12-cp313-cp313-manylinux_2_5_x86_64.manylinux1_x86_64.manylinux_2_17_x86_64.manylinux2014_x86_64.whl.metadata (8.5 kB)
2025-02-28T15:25:38.7074951Z Collecting coverage-conditional-plugin==0.9.0 (from toga-core==0.4.9.dev629+g68266e24a->toga-core==0.4.9.dev629+g68266e24a)
2025-02-28T15:25:38.7085423Z   Using cached coverage_conditional_plugin-0.9.0-py3-none-any.whl.metadata (6.9 kB)
2025-02-28T15:25:38.8180187Z Collecting Pillow==11.1.0 (from toga-core==0.4.9.dev629+g68266e24a->toga-core==0.4.9.dev629+g68266e24a)
2025-02-28T15:25:38.8191592Z   Using cached pillow-11.1.0-cp313-cp313-manylinux_2_28_x86_64.whl.metadata (9.1 kB)
2025-02-28T15:25:38.8507434Z Collecting pre-commit==4.1.0 (from toga-core==0.4.9.dev629+g68266e24a->toga-core==0.4.9.dev629+g68266e24a)
2025-02-28T15:25:38.8518238Z   Using cached pre_commit-4.1.0-py2.py3-none-any.whl.metadata (1.3 kB)
2025-02-28T15:25:38.8789598Z Collecting pytest==8.3.4 (from toga-core==0.4.9.dev629+g68266e24a->toga-core==0.4.9.dev629+g68266e24a)
2025-02-28T15:25:38.8800373Z   Using cached pytest-8.3.4-py3-none-any.whl.metadata (7.5 kB)
2025-02-28T15:25:38.8965767Z Collecting pytest-asyncio==0.25.3 (from toga-core==0.4.9.dev629+g68266e24a->toga-core==0.4.9.dev629+g68266e24a)
2025-02-28T15:25:38.8976001Z   Using cached pytest_asyncio-0.25.3-py3-none-any.whl.metadata (3.9 kB)
2025-02-28T15:25:38.9082445Z Collecting pytest-freezer==0.4.9 (from toga-core==0.4.9.dev629+g68266e24a->toga-core==0.4.9.dev629+g68266e24a)
2025-02-28T15:25:38.9092512Z   Using cached pytest_freezer-0.4.9-py3-none-any.whl.metadata (2.1 kB)
2025-02-28T15:25:38.9313270Z Collecting setuptools-scm==8.1.0 (from toga-core==0.4.9.dev629+g68266e24a->toga-core==0.4.9.dev629+g68266e24a)
2025-02-28T15:25:38.9324211Z   Using cached setuptools_scm-8.1.0-py3-none-any.whl.metadata (6.6 kB)
2025-02-28T15:25:38.9680603Z Collecting tox==4.24.1 (from toga-core==0.4.9.dev629+g68266e24a->toga-core==0.4.9.dev629+g68266e24a)
2025-02-28T15:25:38.9691758Z   Using cached tox-4.24.1-py3-none-any.whl.metadata (3.7 kB)
2025-02-28T15:25:38.9901581Z Collecting packaging>=20.4 (from coverage-conditional-plugin==0.9.0->toga-core==0.4.9.dev629+g68266e24a->toga-core==0.4.9.dev629+g68266e24a)
2025-02-28T15:25:38.9911982Z   Using cached packaging-24.2-py3-none-any.whl.metadata (3.2 kB)
2025-02-28T15:25:39.0027361Z Collecting cfgv>=2.0.0 (from pre-commit==4.1.0->toga-core==0.4.9.dev629+g68266e24a->toga-core==0.4.9.dev629+g68266e24a)
2025-02-28T15:25:39.0037817Z   Using cached cfgv-3.4.0-py2.py3-none-any.whl.metadata (8.5 kB)
2025-02-28T15:25:39.0369104Z Collecting identify>=1.0.0 (from pre-commit==4.1.0->toga-core==0.4.9.dev629+g68266e24a->toga-core==0.4.9.dev629+g68266e24a)
2025-02-28T15:25:39.0380139Z   Using cached identify-2.6.8-py2.py3-none-any.whl.metadata (4.4 kB)
2025-02-28T15:25:39.0508376Z Collecting nodeenv>=0.11.1 (from pre-commit==4.1.0->toga-core==0.4.9.dev629+g68266e24a->toga-core==0.4.9.dev629+g68266e24a)
2025-02-28T15:25:39.0518347Z   Using cached nodeenv-1.9.1-py2.py3-none-any.whl.metadata (21 kB)
2025-02-28T15:25:39.0780640Z Collecting pyyaml>=5.1 (from pre-commit==4.1.0->toga-core==0.4.9.dev629+g68266e24a->toga-core==0.4.9.dev629+g68266e24a)
2025-02-28T15:25:39.0791705Z   Using cached PyYAML-6.0.2-cp313-cp313-manylinux_2_17_x86_64.manylinux2014_x86_64.whl.metadata (2.1 kB)
2025-02-28T15:25:39.1139347Z Collecting virtualenv>=20.10.0 (from pre-commit==4.1.0->toga-core==0.4.9.dev629+g68266e24a->toga-core==0.4.9.dev629+g68266e24a)
2025-02-28T15:25:39.1150245Z   Using cached virtualenv-20.29.2-py3-none-any.whl.metadata (4.5 kB)
2025-02-28T15:25:39.1268925Z Collecting iniconfig (from pytest==8.3.4->toga-core==0.4.9.dev629+g68266e24a->toga-core==0.4.9.dev629+g68266e24a)
2025-02-28T15:25:39.1279413Z   Using cached iniconfig-2.0.0-py3-none-any.whl.metadata (2.6 kB)
2025-02-28T15:25:39.1389665Z Collecting pluggy<2,>=1.5 (from pytest==8.3.4->toga-core==0.4.9.dev629+g68266e24a->toga-core==0.4.9.dev629+g68266e24a)
2025-02-28T15:25:39.1400304Z   Using cached pluggy-1.5.0-py3-none-any.whl.metadata (4.8 kB)
2025-02-28T15:25:39.1758055Z Collecting freezegun>=1.1 (from pytest-freezer==0.4.9->toga-core==0.4.9.dev629+g68266e24a->toga-core==0.4.9.dev629+g68266e24a)
2025-02-28T15:25:39.1768162Z   Using cached freezegun-1.5.1-py3-none-any.whl.metadata (11 kB)
2025-02-28T15:25:39.2718570Z Collecting setuptools (from setuptools-scm==8.1.0->toga-core==0.4.9.dev629+g68266e24a->toga-core==0.4.9.dev629+g68266e24a)
2025-02-28T15:25:39.2729386Z   Using cached setuptools-75.8.2-py3-none-any.whl.metadata (6.7 kB)
2025-02-28T15:25:39.2950539Z Collecting cachetools>=5.5 (from tox==4.24.1->toga-core==0.4.9.dev629+g68266e24a->toga-core==0.4.9.dev629+g68266e24a)
2025-02-28T15:25:39.2960449Z   Using cached cachetools-5.5.2-py3-none-any.whl.metadata (5.4 kB)
2025-02-28T15:25:39.3048747Z Collecting chardet>=5.2 (from tox==4.24.1->toga-core==0.4.9.dev629+g68266e24a->toga-core==0.4.9.dev629+g68266e24a)
2025-02-28T15:25:39.3059299Z   Using cached chardet-5.2.0-py3-none-any.whl.metadata (3.4 kB)
2025-02-28T15:25:39.3183591Z Collecting colorama>=0.4.6 (from tox==4.24.1->toga-core==0.4.9.dev629+g68266e24a->toga-core==0.4.9.dev629+g68266e24a)
2025-02-28T15:25:39.3193551Z   Using cached colorama-0.4.6-py2.py3-none-any.whl.metadata (17 kB)
2025-02-28T15:25:39.3353516Z Collecting filelock>=3.16.1 (from tox==4.24.1->toga-core==0.4.9.dev629+g68266e24a->toga-core==0.4.9.dev629+g68266e24a)
2025-02-28T15:25:39.3363333Z   Using cached filelock-3.17.0-py3-none-any.whl.metadata (2.9 kB)
2025-02-28T15:25:39.3546803Z Collecting platformdirs>=4.3.6 (from tox==4.24.1->toga-core==0.4.9.dev629+g68266e24a->toga-core==0.4.9.dev629+g68266e24a)
2025-02-28T15:25:39.3556110Z   Using cached platformdirs-4.3.6-py3-none-any.whl.metadata (11 kB)
2025-02-28T15:25:39.3671295Z Collecting pyproject-api>=1.8 (from tox==4.24.1->toga-core==0.4.9.dev629+g68266e24a->toga-core==0.4.9.dev629+g68266e24a)
2025-02-28T15:25:39.3681261Z   Using cached pyproject_api-1.9.0-py3-none-any.whl.metadata (2.7 kB)
2025-02-28T15:25:39.3964597Z Collecting python-dateutil>=2.7 (from freezegun>=1.1->pytest-freezer==0.4.9->toga-core==0.4.9.dev629+g68266e24a->toga-core==0.4.9.dev629+g68266e24a)
2025-02-28T15:25:39.3974551Z   Using cached python_dateutil-2.9.0.post0-py2.py3-none-any.whl.metadata (8.4 kB)
2025-02-28T15:25:39.4182528Z Collecting distlib<1,>=0.3.7 (from virtualenv>=20.10.0->pre-commit==4.1.0->toga-core==0.4.9.dev629+g68266e24a->toga-core==0.4.9.dev629+g68266e24a)
2025-02-28T15:25:39.4192467Z   Using cached distlib-0.3.9-py2.py3-none-any.whl.metadata (5.2 kB)
2025-02-28T15:25:39.4449494Z Collecting six>=1.5 (from python-dateutil>=2.7->freezegun>=1.1->pytest-freezer==0.4.9->toga-core==0.4.9.dev629+g68266e24a->toga-core==0.4.9.dev629+g68266e24a)
2025-02-28T15:25:39.4458817Z   Using cached six-1.17.0-py2.py3-none-any.whl.metadata (1.7 kB)
2025-02-28T15:25:39.4515964Z Using cached coverage-7.6.12-cp313-cp313-manylinux_2_5_x86_64.manylinux1_x86_64.manylinux_2_17_x86_64.manylinux2014_x86_64.whl (241 kB)
2025-02-28T15:25:39.4527743Z Using cached coverage_conditional_plugin-0.9.0-py3-none-any.whl (7.3 kB)
2025-02-28T15:25:39.4538090Z Using cached pillow-11.1.0-cp313-cp313-manylinux_2_28_x86_64.whl (4.5 MB)
2025-02-28T15:25:39.4583363Z Using cached pre_commit-4.1.0-py2.py3-none-any.whl (220 kB)
2025-02-28T15:25:39.4595111Z Using cached pytest-8.3.4-py3-none-any.whl (343 kB)
2025-02-28T15:25:39.4608216Z Using cached pytest_asyncio-0.25.3-py3-none-any.whl (19 kB)
2025-02-28T15:25:39.4618454Z Using cached pytest_freezer-0.4.9-py3-none-any.whl (3.2 kB)
2025-02-28T15:25:39.4628737Z Using cached setuptools_scm-8.1.0-py3-none-any.whl (43 kB)
2025-02-28T15:25:39.4638876Z Using cached tox-4.24.1-py3-none-any.whl (171 kB)
2025-02-28T15:25:39.4650239Z Using cached cachetools-5.5.2-py3-none-any.whl (10 kB)
2025-02-28T15:25:39.4660306Z Using cached cfgv-3.4.0-py2.py3-none-any.whl (7.2 kB)
2025-02-28T15:25:39.4670284Z Using cached chardet-5.2.0-py3-none-any.whl (199 kB)
2025-02-28T15:25:39.4681746Z Using cached colorama-0.4.6-py2.py3-none-any.whl (25 kB)
2025-02-28T15:25:39.4691835Z Using cached filelock-3.17.0-py3-none-any.whl (16 kB)
2025-02-28T15:25:39.4701857Z Using cached freezegun-1.5.1-py3-none-any.whl (17 kB)
2025-02-28T15:25:39.4711937Z Using cached identify-2.6.8-py2.py3-none-any.whl (99 kB)
2025-02-28T15:25:39.4722605Z Using cached nodeenv-1.9.1-py2.py3-none-any.whl (22 kB)
2025-02-28T15:25:39.4732870Z Using cached packaging-24.2-py3-none-any.whl (65 kB)
2025-02-28T15:25:39.4743302Z Using cached platformdirs-4.3.6-py3-none-any.whl (18 kB)
2025-02-28T15:25:39.4753335Z Using cached pluggy-1.5.0-py3-none-any.whl (20 kB)
2025-02-28T15:25:39.4763402Z Using cached pyproject_api-1.9.0-py3-none-any.whl (13 kB)
2025-02-28T15:25:39.4773931Z Using cached PyYAML-6.0.2-cp313-cp313-manylinux_2_17_x86_64.manylinux2014_x86_64.whl (759 kB)
2025-02-28T15:25:39.4790136Z Using cached virtualenv-20.29.2-py3-none-any.whl (4.3 MB)
2025-02-28T15:25:39.4834360Z Using cached iniconfig-2.0.0-py3-none-any.whl (5.9 kB)
2025-02-28T15:25:39.4844498Z Using cached setuptools-75.8.2-py3-none-any.whl (1.2 MB)
2025-02-28T15:25:39.4864194Z Using cached distlib-0.3.9-py2.py3-none-any.whl (468 kB)
2025-02-28T15:25:39.4878084Z Using cached python_dateutil-2.9.0.post0-py2.py3-none-any.whl (229 kB)
2025-02-28T15:25:39.4889621Z Using cached six-1.17.0-py2.py3-none-any.whl (11 kB)
2025-02-28T15:25:39.5686838Z Installing collected packages: distlib, travertino, six, setuptools, pyyaml, pluggy, platformdirs, Pillow, packaging, nodeenv, iniconfig, identify, filelock, coverage, colorama, chardet, cfgv, cachetools, virtualenv, toga-core, setuptools-scm, python-dateutil, pytest, pyproject-api, coverage-conditional-plugin, tox, toga-dummy, pytest-asyncio, pre-commit, freezegun, pytest-freezer
2025-02-28T15:25:42.0589098Z Successfully installed Pillow-11.1.0 cachetools-5.5.2 cfgv-3.4.0 chardet-5.2.0 colorama-0.4.6 coverage-7.6.12 coverage-conditional-plugin-0.9.0 distlib-0.3.9 filelock-3.17.0 freezegun-1.5.1 identify-2.6.8 iniconfig-2.0.0 nodeenv-1.9.1 packaging-24.2 platformdirs-4.3.6 pluggy-1.5.0 pre-commit-4.1.0 pyproject-api-1.9.0 pytest-8.3.4 pytest-asyncio-0.25.3 pytest-freezer-0.4.9 python-dateutil-2.9.0.post0 pyyaml-6.0.2 setuptools-75.8.2 setuptools-scm-8.1.0 six-1.17.0 toga-core-0.4.9.dev629+g68266e24a toga-dummy-0.4.9.dev629+g68266e24a tox-4.24.1 travertino-0.4.9.dev629+g68266e24a virtualenv-20.29.2
2025-02-28T15:25:42.2332893Z Combined data file .coverage.fv-az1910-813.2192.XzndWlyx
2025-02-28T15:25:42.4850392Z Name    Stmts   Miss Branch BrPart   Cover   Missing
2025-02-28T15:25:42.4850936Z ----------------------------------------------------
2025-02-28T15:25:42.4851419Z TOTAL     871      0    180      0  100.0%
2025-02-28T15:25:42.4851686Z 
2025-02-28T15:25:42.4851846Z 13 files skipped due to complete coverage.
2025-02-28T15:25:42.5138563Z   coverage313-trav: OK (5.31 seconds)
2025-02-28T15:25:42.5139080Z   congratulations :) (5.44 seconds)
2025-02-28T15:25:42.5547281Z ##[group]Run actions/upload-artifact@v4.6.1
2025-02-28T15:25:42.5547602Z with:
2025-02-28T15:25:42.5547860Z   name: travertino-coverage-data-ubuntu-latest-3.13
2025-02-28T15:25:42.5548180Z   path: travertino/.coverage.*
2025-02-28T15:25:42.5548436Z   if-no-files-found: error
2025-02-28T15:25:42.5548677Z   include-hidden-files: true
2025-02-28T15:25:42.5548919Z   compression-level: 6
2025-02-28T15:25:42.5549138Z   overwrite: false
2025-02-28T15:25:42.5549339Z env:
2025-02-28T15:25:42.5549529Z   min_python_version: 3.9
2025-02-28T15:25:42.5549756Z   max_python_version: 3.12
2025-02-28T15:25:42.5549974Z   FORCE_COLOR: 1
2025-02-28T15:25:42.5550242Z   pythonLocation: /opt/hostedtoolcache/Python/3.13.2/x64
2025-02-28T15:25:42.5550655Z   PKG_CONFIG_PATH: /opt/hostedtoolcache/Python/3.13.2/x64/lib/pkgconfig
2025-02-28T15:25:42.5551051Z   Python_ROOT_DIR: /opt/hostedtoolcache/Python/3.13.2/x64
2025-02-28T15:25:42.5551420Z   Python2_ROOT_DIR: /opt/hostedtoolcache/Python/3.13.2/x64
2025-02-28T15:25:42.5551798Z   Python3_ROOT_DIR: /opt/hostedtoolcache/Python/3.13.2/x64
2025-02-28T15:25:42.5552148Z   LD_LIBRARY_PATH: /opt/hostedtoolcache/Python/3.13.2/x64/lib
2025-02-28T15:25:42.5552447Z ##[endgroup]
2025-02-28T15:25:42.7633876Z With the provided path, there will be 1 file uploaded
2025-02-28T15:25:42.7638801Z Artifact name is valid!
2025-02-28T15:25:42.7639749Z Root directory input is valid!
2025-02-28T15:25:42.8911228Z Beginning upload of artifact content to blob storage
2025-02-28T15:25:43.0397986Z Uploaded bytes 30090
2025-02-28T15:25:43.0714851Z Finished uploading artifact content to blob storage!
2025-02-28T15:25:43.0718282Z SHA256 hash of uploaded artifact zip is f6de4f685d2f32d195ecce1b8fdbfe4165b210ce1a4194d6bf80ee3abf28fa0c
2025-02-28T15:25:43.0719823Z Finalizing artifact upload
2025-02-28T15:25:43.1817675Z Artifact travertino-coverage-data-ubuntu-latest-3.13.zip successfully finalized. Artifact ID 2671292952
2025-02-28T15:25:43.1819238Z Artifact travertino-coverage-data-ubuntu-latest-3.13 has been successfully uploaded! Final size is 30090 bytes. Artifact ID is 2671292952
2025-02-28T15:25:43.1825837Z Artifact download URL: https://github.com/beeware/toga/actions/runs/13591189051/artifacts/2671292952
2025-02-28T15:25:43.1955436Z Post job cleanup.
2025-02-28T15:25:43.1993234Z Post job cleanup.
2025-02-28T15:25:43.2936601Z [command]/usr/bin/git version
2025-02-28T15:25:43.2976845Z git version 2.48.1
2025-02-28T15:25:43.3026916Z Temporarily overriding HOME='/home/runner/work/_temp/840984c5-168b-43f8-bf3e-c52fb0753586' before making global git config changes
2025-02-28T15:25:43.3028289Z Adding repository directory to the temporary git global config as a safe directory
2025-02-28T15:25:43.3033175Z [command]/usr/bin/git config --global --add safe.directory /home/runner/work/toga/toga/.github-beeware
2025-02-28T15:25:43.3069054Z [command]/usr/bin/git config --local --name-only --get-regexp core\.sshCommand
2025-02-28T15:25:43.3103443Z [command]/usr/bin/git submodule foreach --recursive sh -c "git config --local --name-only --get-regexp 'core\.sshCommand' && git config --local --unset-all 'core.sshCommand' || :"
2025-02-28T15:25:43.3342753Z [command]/usr/bin/git config --local --name-only --get-regexp http\.https\:\/\/github\.com\/\.extraheader
2025-02-28T15:25:43.3364011Z http.https://github.com/.extraheader
2025-02-28T15:25:43.3378167Z [command]/usr/bin/git config --local --unset-all http.https://github.com/.extraheader
2025-02-28T15:25:43.3411517Z [command]/usr/bin/git submodule foreach --recursive sh -c "git config --local --name-only --get-regexp 'http\.https\:\/\/github\.com\/\.extraheader' && git config --local --unset-all 'http.https://github.com/.extraheader' || :"
2025-02-28T15:25:43.3744857Z Post job cleanup.
2025-02-28T15:25:43.5372802Z Post job cleanup.
2025-02-28T15:25:43.6398807Z [command]/usr/bin/git version
2025-02-28T15:25:43.6440179Z git version 2.48.1
2025-02-28T15:25:43.6484467Z Temporarily overriding HOME='/home/runner/work/_temp/8cd4ab52-e511-484d-99a0-48182eb15b2c' before making global git config changes
2025-02-28T15:25:43.6485975Z Adding repository directory to the temporary git global config as a safe directory
2025-02-28T15:25:43.6498400Z [command]/usr/bin/git config --global --add safe.directory /home/runner/work/toga/toga
2025-02-28T15:25:43.6534757Z [command]/usr/bin/git config --local --name-only --get-regexp core\.sshCommand
2025-02-28T15:25:43.6570811Z [command]/usr/bin/git submodule foreach --recursive sh -c "git config --local --name-only --get-regexp 'core\.sshCommand' && git config --local --unset-all 'core.sshCommand' || :"
2025-02-28T15:25:43.6827303Z [command]/usr/bin/git config --local --name-only --get-regexp http\.https\:\/\/github\.com\/\.extraheader
2025-02-28T15:25:43.6848086Z http.https://github.com/.extraheader
2025-02-28T15:25:43.6860311Z [command]/usr/bin/git config --local --unset-all http.https://github.com/.extraheader
2025-02-28T15:25:43.6890888Z [command]/usr/bin/git submodule foreach --recursive sh -c "git config --local --name-only --get-regexp 'http\.https\:\/\/github\.com\/\.extraheader' && git config --local --unset-all 'http.https://github.com/.extraheader' || :"
2025-02-28T15:25:43.7226279Z Cleaning up orphan processes
