2025-02-28T15:27:10.8150730Z Current runner version: '2.322.0'
2025-02-28T15:27:10.8184920Z ##[group]Operating System
2025-02-28T15:27:10.8185790Z macOS
2025-02-28T15:27:10.8186300Z 13.7.4
2025-02-28T15:27:10.8186800Z 22H420
2025-02-28T15:27:10.8187290Z ##[endgroup]
2025-02-28T15:27:10.8187900Z ##[group]Runner Image
2025-02-28T15:27:10.8188540Z Image: macos-13
2025-02-28T15:27:10.8189080Z Version: 20250224.726
2025-02-28T15:27:10.8190320Z Included Software: https://github.com/actions/runner-images/blob/macos-13/20250224.726/images/macos/macos-13-Readme.md
2025-02-28T15:27:10.8192320Z Image Release: https://github.com/actions/runner-images/releases/tag/macos-13%2F20250224.726
2025-02-28T15:27:10.8193560Z ##[endgroup]
2025-02-28T15:27:10.8194200Z ##[group]Runner Image Provisioner
2025-02-28T15:27:10.8194960Z 2.0.422.1+55c30c14fe2a0a1547db1b656933ae07d97649a9
2025-02-28T15:27:10.8195710Z ##[endgroup]
2025-02-28T15:27:10.8198960Z ##[group]GITHUB_TOKEN Permissions
2025-02-28T15:27:10.8202700Z Actions: read
2025-02-28T15:27:10.8203420Z Attestations: read
2025-02-28T15:27:10.8204010Z Checks: read
2025-02-28T15:27:10.8204550Z Contents: read
2025-02-28T15:27:10.8205090Z Deployments: read
2025-02-28T15:27:10.8205840Z Discussions: read
2025-02-28T15:27:10.8206400Z Issues: read
2025-02-28T15:27:10.8206930Z Metadata: read
2025-02-28T15:27:10.8207470Z Packages: read
2025-02-28T15:27:10.8208150Z Pages: read
2025-02-28T15:27:10.8208740Z PullRequests: read
2025-02-28T15:27:10.8209320Z RepositoryProjects: read
2025-02-28T15:27:10.8209950Z SecurityEvents: read
2025-02-28T15:27:10.8210660Z Statuses: read
2025-02-28T15:27:10.8211260Z ##[endgroup]
2025-02-28T15:27:10.8215260Z Secret source: None
2025-02-28T15:27:10.8217530Z Prepare workflow directory
2025-02-28T15:27:10.8715720Z Prepare all required actions
2025-02-28T15:27:10.8761040Z Getting action download info
2025-02-28T15:27:11.0963170Z Download action repository 'smorimoto/tune-github-hosted-runner-network@v1.0.0' (SHA:bb252dcb5c8609a31087e7993daa086f5a1c0069)
2025-02-28T15:27:12.1371970Z Download action repository 'actions/checkout@v4.2.2' (SHA:11bd71901bbe5b1630ceea73d27597364c9af683)
2025-02-28T15:27:12.2268030Z Download action repository 'actions/setup-python@v5.4.0' (SHA:42375524e23c412d93fb67b49958b491fce71c38)
2025-02-28T15:27:12.3642940Z Download action repository 'actions/download-artifact@v4.1.8' (SHA:fa0a91b85d4f404e444e00e005971372dc801d16)
2025-02-28T15:27:13.6313780Z Download action repository 'actions/upload-artifact@v4.6.1' (SHA:4cec3d8aa04e39d1a68397de0c4cd6fb9dce8ec1)
2025-02-28T15:27:13.9590240Z Complete job name: Testbed (macOS-x86_64)
2025-02-28T15:27:14.0509960Z ##[group]Run smorimoto/tune-github-hosted-runner-network@v1.0.0
2025-02-28T15:27:14.0513230Z env:
2025-02-28T15:27:14.0514500Z   min_python_version: 3.9
2025-02-28T15:27:14.0516010Z   max_python_version: 3.12
2025-02-28T15:27:14.0517500Z   FORCE_COLOR: 1
2025-02-28T15:27:14.0518780Z ##[endgroup]
2025-02-28T15:27:14.0742680Z ##[group]Run sudo sysctl -w net.link.generic.system.hwcksum_tx=0
2025-02-28T15:27:14.0745440Z [36;1msudo sysctl -w net.link.generic.system.hwcksum_tx=0[0m
2025-02-28T15:27:14.0748060Z [36;1msudo sysctl -w net.link.generic.system.hwcksum_rx=0[0m
2025-02-28T15:27:14.0875890Z shell: /bin/bash --noprofile --norc -e -o pipefail {0}
2025-02-28T15:27:14.0877900Z env:
2025-02-28T15:27:14.0879130Z   min_python_version: 3.9
2025-02-28T15:27:14.0880640Z   max_python_version: 3.12
2025-02-28T15:27:14.0882120Z   FORCE_COLOR: 1
2025-02-28T15:27:14.0883410Z ##[endgroup]
2025-02-28T15:27:14.1426760Z net.link.generic.system.hwcksum_tx: 1 -> 0
2025-02-28T15:27:14.1565890Z net.link.generic.system.hwcksum_rx: 1 -> 0
2025-02-28T15:27:14.1942430Z ##[group]Run actions/checkout@v4.2.2
2025-02-28T15:27:14.1944210Z with:
2025-02-28T15:27:14.1945480Z   fetch-depth: 0
2025-02-28T15:27:14.1946880Z   repository: beeware/toga
2025-02-28T15:27:14.1948830Z   token: ***
2025-02-28T15:27:14.1950130Z   ssh-strict: true
2025-02-28T15:27:14.1951460Z   ssh-user: git
2025-02-28T15:27:14.1952880Z   persist-credentials: true
2025-02-28T15:27:14.1955200Z   clean: true
2025-02-28T15:27:14.1956610Z   sparse-checkout-cone-mode: true
2025-02-28T15:27:14.1958310Z   fetch-tags: false
2025-02-28T15:27:14.1959720Z   show-progress: true
2025-02-28T15:27:14.1979780Z   lfs: false
2025-02-28T15:27:14.1981360Z   submodules: false
2025-02-28T15:27:14.1982800Z   set-safe-directory: true
2025-02-28T15:27:14.1984270Z env:
2025-02-28T15:27:14.1985520Z   min_python_version: 3.9
2025-02-28T15:27:14.1987050Z   max_python_version: 3.12
2025-02-28T15:27:14.1988580Z   FORCE_COLOR: 1
2025-02-28T15:27:14.1989910Z ##[endgroup]
2025-02-28T15:27:14.7082040Z Syncing repository: beeware/toga
2025-02-28T15:27:14.7086820Z ##[group]Getting Git version info
2025-02-28T15:27:14.7088800Z Working directory is '/Users/runner/work/toga/toga'
2025-02-28T15:27:14.7092020Z [command]/usr/local/bin/git version
2025-02-28T15:27:14.7434770Z git version 2.48.1
2025-02-28T15:27:14.7479370Z ##[endgroup]
2025-02-28T15:27:14.7492470Z Copying '/Users/runner/.gitconfig' to '/Users/runner/work/_temp/2a828e56-bb7d-4394-9357-886abf1663a8/.gitconfig'
2025-02-28T15:27:14.7509160Z Temporarily overriding HOME='/Users/runner/work/_temp/2a828e56-bb7d-4394-9357-886abf1663a8' before making global git config changes
2025-02-28T15:27:14.7514050Z Adding repository directory to the temporary git global config as a safe directory
2025-02-28T15:27:14.7517870Z [command]/usr/local/bin/git config --global --add safe.directory /Users/runner/work/toga/toga
2025-02-28T15:27:14.7633220Z Deleting the contents of '/Users/runner/work/toga/toga'
2025-02-28T15:27:14.7638570Z ##[group]Initializing the repository
2025-02-28T15:27:14.7645230Z [command]/usr/local/bin/git init /Users/runner/work/toga/toga
2025-02-28T15:27:14.7897960Z hint: Using 'master' as the name for the initial branch. This default branch name
2025-02-28T15:27:14.7903230Z hint: is subject to change. To configure the initial branch name to use in all
2025-02-28T15:27:14.7906620Z hint: of your new repositories, which will suppress this warning, call:
2025-02-28T15:27:14.7909000Z hint:
2025-02-28T15:27:14.7910800Z hint: 	git config --global init.defaultBranch <name>
2025-02-28T15:27:14.7912740Z hint:
2025-02-28T15:27:14.7914700Z hint: Names commonly chosen instead of 'master' are 'main', 'trunk' and
2025-02-28T15:27:14.7917840Z hint: 'development'. The just-created branch can be renamed via this command:
2025-02-28T15:27:14.7998940Z hint:
2025-02-28T15:27:14.8013570Z hint: 	git branch -m <name>
2025-02-28T15:27:14.8030070Z Initialized empty Git repository in /Users/runner/work/toga/toga/.git/
2025-02-28T15:27:14.8036410Z [command]/usr/local/bin/git remote add origin https://github.com/beeware/toga
2025-02-28T15:27:14.8304730Z ##[endgroup]
2025-02-28T15:27:14.8307080Z ##[group]Disabling automatic garbage collection
2025-02-28T15:27:14.8309280Z [command]/usr/local/bin/git config --local gc.auto 0
2025-02-28T15:27:14.8382100Z ##[endgroup]
2025-02-28T15:27:14.8384310Z ##[group]Setting up auth
2025-02-28T15:27:14.8389680Z [command]/usr/local/bin/git config --local --name-only --get-regexp core\.sshCommand
2025-02-28T15:27:14.8458980Z [command]/usr/local/bin/git submodule foreach --recursive sh -c "git config --local --name-only --get-regexp 'core\.sshCommand' && git config --local --unset-all 'core.sshCommand' || :"
2025-02-28T15:27:14.9544950Z [command]/usr/local/bin/git config --local --name-only --get-regexp http\.https\:\/\/github\.com\/\.extraheader
2025-02-28T15:27:14.9682500Z [command]/usr/local/bin/git submodule foreach --recursive sh -c "git config --local --name-only --get-regexp 'http\.https\:\/\/github\.com\/\.extraheader' && git config --local --unset-all 'http.https://github.com/.extraheader' || :"
2025-02-28T15:27:15.0622810Z [command]/usr/local/bin/git config --local http.https://github.com/.extraheader AUTHORIZATION: basic ***
2025-02-28T15:27:15.0721720Z ##[endgroup]
2025-02-28T15:27:15.0724230Z ##[group]Fetching the repository
2025-02-28T15:27:15.0734980Z [command]/usr/local/bin/git -c protocol.version=2 fetch --prune --no-recurse-submodules origin +refs/heads/*:refs/remotes/origin/* +refs/tags/*:refs/tags/* +68266e24a68fb42fbbeefb9a1fc4181dfda30fbe:refs/remotes/pull/3217/merge
2025-02-28T15:27:18.5968310Z From https://github.com/beeware/toga
2025-02-28T15:27:18.5970170Z  * [new branch]          main         -> origin/main
2025-02-28T15:27:18.5971840Z  * [new branch]          pre-0.5      -> origin/pre-0.5
2025-02-28T15:27:18.5976000Z  * [new tag]             0.2.6        -> 0.2.6
2025-02-28T15:27:18.5980400Z  * [new tag]             v0.0.1rc1    -> v0.0.1rc1
2025-02-28T15:27:18.5982700Z  * [new tag]             v0.0.1rc10   -> v0.0.1rc10
2025-02-28T15:27:18.5985690Z  * [new tag]             v0.0.1rc5    -> v0.0.1rc5
2025-02-28T15:27:18.5988610Z  * [new tag]             v0.0.1rc6    -> v0.0.1rc6
2025-02-28T15:27:18.5992720Z  * [new tag]             v0.1.0       -> v0.1.0
2025-02-28T15:27:18.5996350Z  * [new tag]             v0.1.1       -> v0.1.1
2025-02-28T15:27:18.6000670Z  * [new tag]             v0.1.2       -> v0.1.2
2025-02-28T15:27:18.6002750Z  * [new tag]             v0.2.0       -> v0.2.0
2025-02-28T15:27:18.6007150Z  * [new tag]             v0.2.0.dev1  -> v0.2.0.dev1
2025-02-28T15:27:18.6010390Z  * [new tag]             v0.2.1       -> v0.2.1
2025-02-28T15:27:18.6013640Z  * [new tag]             v0.2.10      -> v0.2.10
2025-02-28T15:27:18.6018180Z  * [new tag]             v0.2.11      -> v0.2.11
2025-02-28T15:27:18.6021700Z  * [new tag]             v0.2.12      -> v0.2.12
2025-02-28T15:27:18.6023650Z  * [new tag]             v0.2.13      -> v0.2.13
2025-02-28T15:27:18.6027800Z  * [new tag]             v0.2.14      -> v0.2.14
2025-02-28T15:27:18.6031630Z  * [new tag]             v0.2.15      -> v0.2.15
2025-02-28T15:27:18.6034870Z  * [new tag]             v0.2.2       -> v0.2.2
2025-02-28T15:27:18.6038800Z  * [new tag]             v0.2.3       -> v0.2.3
2025-02-28T15:27:18.6041610Z  * [new tag]             v0.2.4       -> v0.2.4
2025-02-28T15:27:18.6044600Z  * [new tag]             v0.2.5       -> v0.2.5
2025-02-28T15:27:18.6047100Z  * [new tag]             v0.2.6       -> v0.2.6
2025-02-28T15:27:18.6051900Z  * [new tag]             v0.2.7       -> v0.2.7
2025-02-28T15:27:18.6054960Z  * [new tag]             v0.2.8       -> v0.2.8
2025-02-28T15:27:18.6058290Z  * [new tag]             v0.2.9       -> v0.2.9
2025-02-28T15:27:18.6061640Z  * [new tag]             v0.3.0       -> v0.3.0
2025-02-28T15:27:18.6064680Z  * [new tag]             v0.3.0.dev1  -> v0.3.0.dev1
2025-02-28T15:27:18.6067280Z  * [new tag]             v0.3.0.dev10 -> v0.3.0.dev10
2025-02-28T15:27:18.6075500Z  * [new tag]             v0.3.0.dev11 -> v0.3.0.dev11
2025-02-28T15:27:18.6079160Z  * [new tag]             v0.3.0.dev12 -> v0.3.0.dev12
2025-02-28T15:27:18.6082110Z  * [new tag]             v0.3.0.dev13 -> v0.3.0.dev13
2025-02-28T15:27:18.6085510Z  * [new tag]             v0.3.0.dev14 -> v0.3.0.dev14
2025-02-28T15:27:18.6087790Z  * [new tag]             v0.3.0.dev15 -> v0.3.0.dev15
2025-02-28T15:27:18.6090890Z  * [new tag]             v0.3.0.dev16 -> v0.3.0.dev16
2025-02-28T15:27:18.6094250Z  * [new tag]             v0.3.0.dev17 -> v0.3.0.dev17
2025-02-28T15:27:18.6098660Z  * [new tag]             v0.3.0.dev18 -> v0.3.0.dev18
2025-02-28T15:27:18.6101020Z  * [new tag]             v0.3.0.dev19 -> v0.3.0.dev19
2025-02-28T15:27:18.6104830Z  * [new tag]             v0.3.0.dev2  -> v0.3.0.dev2
2025-02-28T15:27:18.6107070Z  * [new tag]             v0.3.0.dev20 -> v0.3.0.dev20
2025-02-28T15:27:18.6110800Z  * [new tag]             v0.3.0.dev21 -> v0.3.0.dev21
2025-02-28T15:27:18.6114570Z  * [new tag]             v0.3.0.dev22 -> v0.3.0.dev22
2025-02-28T15:27:18.6117990Z  * [new tag]             v0.3.0.dev23 -> v0.3.0.dev23
2025-02-28T15:27:18.6120720Z  * [new tag]             v0.3.0.dev24 -> v0.3.0.dev24
2025-02-28T15:27:18.6124010Z  * [new tag]             v0.3.0.dev25 -> v0.3.0.dev25
2025-02-28T15:27:18.6127470Z  * [new tag]             v0.3.0.dev26 -> v0.3.0.dev26
2025-02-28T15:27:18.6130630Z  * [new tag]             v0.3.0.dev27 -> v0.3.0.dev27
2025-02-28T15:27:18.6132950Z  * [new tag]             v0.3.0.dev28 -> v0.3.0.dev28
2025-02-28T15:27:18.6135890Z  * [new tag]             v0.3.0.dev29 -> v0.3.0.dev29
2025-02-28T15:27:18.6139920Z  * [new tag]             v0.3.0.dev3  -> v0.3.0.dev3
2025-02-28T15:27:18.6142110Z  * [new tag]             v0.3.0.dev30 -> v0.3.0.dev30
2025-02-28T15:27:18.6145900Z  * [new tag]             v0.3.0.dev32 -> v0.3.0.dev32
2025-02-28T15:27:18.6147930Z  * [new tag]             v0.3.0.dev33 -> v0.3.0.dev33
2025-02-28T15:27:18.6152950Z  * [new tag]             v0.3.0.dev34 -> v0.3.0.dev34
2025-02-28T15:27:18.6154520Z  * [new tag]             v0.3.0.dev35 -> v0.3.0.dev35
2025-02-28T15:27:18.6156990Z  * [new tag]             v0.3.0.dev36 -> v0.3.0.dev36
2025-02-28T15:27:18.6160860Z  * [new tag]             v0.3.0.dev37 -> v0.3.0.dev37
2025-02-28T15:27:18.6163290Z  * [new tag]             v0.3.0.dev38 -> v0.3.0.dev38
2025-02-28T15:27:18.6167120Z  * [new tag]             v0.3.0.dev39 -> v0.3.0.dev39
2025-02-28T15:27:18.6169770Z  * [new tag]             v0.3.0.dev4  -> v0.3.0.dev4
2025-02-28T15:27:18.6175370Z  * [new tag]             v0.3.0.dev5  -> v0.3.0.dev5
2025-02-28T15:27:18.6176630Z  * [new tag]             v0.3.0.dev6  -> v0.3.0.dev6
2025-02-28T15:27:18.6179760Z  * [new tag]             v0.3.0.dev7  -> v0.3.0.dev7
2025-02-28T15:27:18.6182520Z  * [new tag]             v0.3.0.dev8  -> v0.3.0.dev8
2025-02-28T15:27:18.6185900Z  * [new tag]             v0.3.0.dev9  -> v0.3.0.dev9
2025-02-28T15:27:18.6207830Z  * [new tag]             v0.3.0rc0    -> v0.3.0rc0
2025-02-28T15:27:18.6208810Z  * [new tag]             v0.3.1       -> v0.3.1
2025-02-28T15:27:18.6211950Z  * [new tag]             v0.4.0       -> v0.4.0
2025-02-28T15:27:18.6213800Z  * [new tag]             v0.4.1       -> v0.4.1
2025-02-28T15:27:18.6214830Z  * [new tag]             v0.4.2       -> v0.4.2
2025-02-28T15:27:18.6216660Z  * [new tag]             v0.4.3       -> v0.4.3
2025-02-28T15:27:18.6218050Z  * [new tag]             v0.4.4       -> v0.4.4
2025-02-28T15:27:18.6219690Z  * [new tag]             v0.4.5       -> v0.4.5
2025-02-28T15:27:18.6221550Z  * [new tag]             v0.4.6       -> v0.4.6
2025-02-28T15:27:18.6224390Z  * [new tag]             v0.4.7       -> v0.4.7
2025-02-28T15:27:18.6227730Z  * [new tag]             v0.4.8       -> v0.4.8
2025-02-28T15:27:18.6229910Z  * [new tag]             v0.4.9       -> v0.4.9
2025-02-28T15:27:18.6237830Z  * [new ref]             68266e24a68fb42fbbeefb9a1fc4181dfda30fbe -> pull/3217/merge
2025-02-28T15:27:18.6346430Z ##[endgroup]
2025-02-28T15:27:18.6347260Z ##[group]Determining the checkout info
2025-02-28T15:27:18.6348110Z ##[endgroup]
2025-02-28T15:27:18.6354130Z [command]/usr/local/bin/git sparse-checkout disable
2025-02-28T15:27:18.6441930Z [command]/usr/local/bin/git config --local --unset-all extensions.worktreeConfig
2025-02-28T15:27:18.6509570Z ##[group]Checking out the ref
2025-02-28T15:27:18.6514610Z [command]/usr/local/bin/git checkout --progress --force refs/remotes/pull/3217/merge
2025-02-28T15:27:19.2933930Z HEAD is now at 68266e24a Merge ee512b602a87bb9213021e3ceab7c75b22852c2d into 39458b6f220cd2eeafe9dcf5d470bd504914850a
2025-02-28T15:27:19.2953340Z ##[endgroup]
2025-02-28T15:27:19.3047000Z [command]/usr/local/bin/git log -1 --format=%H
2025-02-28T15:27:19.3142520Z 68266e24a68fb42fbbeefb9a1fc4181dfda30fbe
2025-02-28T15:27:19.3382030Z ##[group]Run actions/setup-python@v5.4.0
2025-02-28T15:27:19.3382500Z with:
2025-02-28T15:27:19.3382790Z   python-version: 3.12
2025-02-28T15:27:19.3383140Z   check-latest: false
2025-02-28T15:27:19.3383640Z   token: ***
2025-02-28T15:27:19.3383960Z   update-environment: true
2025-02-28T15:27:19.3384340Z   allow-prereleases: false
2025-02-28T15:27:19.3384680Z env:
2025-02-28T15:27:19.3384960Z   min_python_version: 3.9
2025-02-28T15:27:19.3385330Z   max_python_version: 3.12
2025-02-28T15:27:19.3385680Z   FORCE_COLOR: 1
2025-02-28T15:27:19.3385980Z ##[endgroup]
2025-02-28T15:27:19.5759290Z ##[group]Installed versions
2025-02-28T15:27:19.5912210Z Successfully set up CPython (3.12.9)
2025-02-28T15:27:19.5913590Z ##[endgroup]
2025-02-28T15:27:19.6072810Z ##[group]Run # Use the development version of Briefcase
2025-02-28T15:27:19.6073870Z [36;1m[0m
2025-02-28T15:27:19.6074290Z [36;1m# Use the development version of Briefcase[0m
2025-02-28T15:27:19.6074880Z [36;1mpython -m pip install -U pip[0m
2025-02-28T15:27:19.6075650Z [36;1mpython -m pip install git+https://github.com/beeware/briefcase.git[0m
2025-02-28T15:27:19.6210620Z shell: /bin/bash --noprofile --norc -e -o pipefail {0}
2025-02-28T15:27:19.6211200Z env:
2025-02-28T15:27:19.6211560Z   min_python_version: 3.9
2025-02-28T15:27:19.6211990Z   max_python_version: 3.12
2025-02-28T15:27:19.6212420Z   FORCE_COLOR: 1
2025-02-28T15:27:19.6212970Z   pythonLocation: /Users/runner/hostedtoolcache/Python/3.12.9/x64
2025-02-28T15:27:19.6213910Z   PKG_CONFIG_PATH: /Users/runner/hostedtoolcache/Python/3.12.9/x64/lib/pkgconfig
2025-02-28T15:27:19.6214810Z   Python_ROOT_DIR: /Users/runner/hostedtoolcache/Python/3.12.9/x64
2025-02-28T15:27:19.6215690Z   Python2_ROOT_DIR: /Users/runner/hostedtoolcache/Python/3.12.9/x64
2025-02-28T15:27:19.6216530Z   Python3_ROOT_DIR: /Users/runner/hostedtoolcache/Python/3.12.9/x64
2025-02-28T15:27:19.6217170Z   PIP_BREAK_SYSTEM_PACKAGES: 1
2025-02-28T15:27:19.6217610Z ##[endgroup]
2025-02-28T15:27:21.2936680Z Requirement already satisfied: pip in /Library/Frameworks/Python.framework/Versions/3.12/lib/python3.12/site-packages (25.0.1)
2025-02-28T15:27:22.1544150Z Collecting git+https://github.com/beeware/briefcase.git
2025-02-28T15:27:22.1552090Z   Cloning https://github.com/beeware/briefcase.git to /private/var/folders/t8/r_s4tkhn46g6y0d15z25l36c0000gn/T/pip-req-build-z0odahu9
2025-02-28T15:27:22.1634730Z   Running command git clone --filter=blob:none --quiet https://github.com/beeware/briefcase.git /private/var/folders/t8/r_s4tkhn46g6y0d15z25l36c0000gn/T/pip-req-build-z0odahu9
2025-02-28T15:27:24.5988540Z   Resolved https://github.com/beeware/briefcase.git to commit b53bbac6e5ef8e2c5789b59e36fd0635086a489a
2025-02-28T15:27:24.6133770Z   Installing build dependencies: started
2025-02-28T15:27:27.4364600Z   Installing build dependencies: finished with status 'done'
2025-02-28T15:27:27.4381480Z   Getting requirements to build wheel: started
2025-02-28T15:27:28.0497580Z   Getting requirements to build wheel: finished with status 'done'
2025-02-28T15:27:28.0516940Z   Preparing metadata (pyproject.toml): started
2025-02-28T15:27:28.6407520Z   Preparing metadata (pyproject.toml): finished with status 'done'
2025-02-28T15:27:28.7195150Z Collecting packaging>=24.2 (from briefcase==0.3.23.dev12+gb53bbac6)
2025-02-28T15:27:28.7217060Z   Using cached packaging-24.2-py3-none-any.whl.metadata (3.2 kB)
2025-02-28T15:27:28.7247470Z Requirement already satisfied: pip>=24.3 in /Library/Frameworks/Python.framework/Versions/3.12/lib/python3.12/site-packages (from briefcase==0.3.23.dev12+gb53bbac6) (25.0.1)
2025-02-28T15:27:28.8994380Z Collecting setuptools>=60 (from briefcase==0.3.23.dev12+gb53bbac6)
2025-02-28T15:27:28.9429570Z   Downloading setuptools-75.8.2-py3-none-any.whl.metadata (6.7 kB)
2025-02-28T15:27:29.0275370Z Collecting wheel>=0.37 (from briefcase==0.3.23.dev12+gb53bbac6)
2025-02-28T15:27:29.0377790Z   Downloading wheel-0.45.1-py3-none-any.whl.metadata (2.3 kB)
2025-02-28T15:27:29.0731010Z Collecting build>=0.10 (from briefcase==0.3.23.dev12+gb53bbac6)
2025-02-28T15:27:29.0857260Z   Downloading build-1.2.2.post1-py3-none-any.whl.metadata (6.5 kB)
2025-02-28T15:27:29.1308940Z Collecting cookiecutter<3.0,>=2.6.0 (from briefcase==0.3.23.dev12+gb53bbac6)
2025-02-28T15:27:29.1435690Z   Downloading cookiecutter-2.6.0-py3-none-any.whl.metadata (7.3 kB)
2025-02-28T15:27:29.1737190Z Collecting dmgbuild<2.0,>=1.6.4 (from briefcase==0.3.23.dev12+gb53bbac6)
2025-02-28T15:27:29.1860000Z   Downloading dmgbuild-1.6.4-py3-none-any.whl.metadata (3.2 kB)
2025-02-28T15:27:29.2336410Z Collecting GitPython<4.0,>=3.1 (from briefcase==0.3.23.dev12+gb53bbac6)
2025-02-28T15:27:29.2457110Z   Downloading GitPython-3.1.44-py3-none-any.whl.metadata (13 kB)
2025-02-28T15:27:29.2906550Z Collecting platformdirs<5.0,>=2.6 (from briefcase==0.3.23.dev12+gb53bbac6)
2025-02-28T15:27:29.3034850Z   Downloading platformdirs-4.3.6-py3-none-any.whl.metadata (11 kB)
2025-02-28T15:27:29.4171870Z Collecting psutil<8.0,>=5.9 (from briefcase==0.3.23.dev12+gb53bbac6)
2025-02-28T15:27:29.4286340Z   Downloading psutil-7.0.0-cp36-abi3-macosx_10_9_x86_64.whl.metadata (22 kB)
2025-02-28T15:27:29.4676260Z Collecting python-dateutil>=2.9.0.post0 (from briefcase==0.3.23.dev12+gb53bbac6)
2025-02-28T15:27:29.4793010Z   Downloading python_dateutil-2.9.0.post0-py2.py3-none-any.whl.metadata (8.4 kB)
2025-02-28T15:27:29.5215950Z Collecting httpx<1.0,>=0.20 (from briefcase==0.3.23.dev12+gb53bbac6)
2025-02-28T15:27:29.5332150Z   Downloading httpx-0.28.1-py3-none-any.whl.metadata (7.1 kB)
2025-02-28T15:27:29.6106370Z Collecting rich<14.0,>=12.6 (from briefcase==0.3.23.dev12+gb53bbac6)
2025-02-28T15:27:29.6234660Z   Downloading rich-13.9.4-py3-none-any.whl.metadata (18 kB)
2025-02-28T15:27:29.6619470Z Collecting tomli_w<2.0,>=1.0 (from briefcase==0.3.23.dev12+gb53bbac6)
2025-02-28T15:27:29.6801250Z   Downloading tomli_w-1.2.0-py3-none-any.whl.metadata (5.7 kB)
2025-02-28T15:27:29.7130700Z Collecting pyproject_hooks (from build>=0.10->briefcase==0.3.23.dev12+gb53bbac6)
2025-02-28T15:27:29.7254090Z   Downloading pyproject_hooks-1.2.0-py3-none-any.whl.metadata (1.3 kB)
2025-02-28T15:27:29.7537940Z Collecting binaryornot>=0.4.4 (from cookiecutter<3.0,>=2.6.0->briefcase==0.3.23.dev12+gb53bbac6)
2025-02-28T15:27:29.7653200Z   Downloading binaryornot-0.4.4-py2.py3-none-any.whl.metadata (6.0 kB)
2025-02-28T15:27:29.8046030Z Collecting Jinja2<4.0.0,>=2.7 (from cookiecutter<3.0,>=2.6.0->briefcase==0.3.23.dev12+gb53bbac6)
2025-02-28T15:27:29.8164110Z   Downloading jinja2-3.1.5-py3-none-any.whl.metadata (2.6 kB)
2025-02-28T15:27:29.8561840Z Collecting click<9.0.0,>=7.0 (from cookiecutter<3.0,>=2.6.0->briefcase==0.3.23.dev12+gb53bbac6)
2025-02-28T15:27:29.8676180Z   Downloading click-8.1.8-py3-none-any.whl.metadata (2.3 kB)
2025-02-28T15:27:29.9273430Z Collecting pyyaml>=5.3.1 (from cookiecutter<3.0,>=2.6.0->briefcase==0.3.23.dev12+gb53bbac6)
2025-02-28T15:27:29.9405880Z   Downloading PyYAML-6.0.2-cp312-cp312-macosx_10_9_x86_64.whl.metadata (2.1 kB)
2025-02-28T15:27:29.9790220Z Collecting python-slugify>=4.0.0 (from cookiecutter<3.0,>=2.6.0->briefcase==0.3.23.dev12+gb53bbac6)
2025-02-28T15:27:29.9906670Z   Downloading python_slugify-8.0.4-py2.py3-none-any.whl.metadata (8.5 kB)
2025-02-28T15:27:30.0414340Z Collecting requests>=2.23.0 (from cookiecutter<3.0,>=2.6.0->briefcase==0.3.23.dev12+gb53bbac6)
2025-02-28T15:27:30.0548510Z   Downloading requests-2.32.3-py3-none-any.whl.metadata (4.6 kB)
2025-02-28T15:27:30.0937270Z Collecting arrow (from cookiecutter<3.0,>=2.6.0->briefcase==0.3.23.dev12+gb53bbac6)
2025-02-28T15:27:30.1063240Z   Downloading arrow-1.3.0-py3-none-any.whl.metadata (7.5 kB)
2025-02-28T15:27:30.1351490Z Collecting ds_store>=1.1.0 (from dmgbuild<2.0,>=1.6.4->briefcase==0.3.23.dev12+gb53bbac6)
2025-02-28T15:27:30.1472560Z   Downloading ds_store-1.3.1-py3-none-any.whl.metadata (3.0 kB)
2025-02-28T15:27:30.1779590Z Collecting mac_alias>=2.0.1 (from dmgbuild<2.0,>=1.6.4->briefcase==0.3.23.dev12+gb53bbac6)
2025-02-28T15:27:30.1897210Z   Downloading mac_alias-2.2.2-py3-none-any.whl.metadata (3.1 kB)
2025-02-28T15:27:30.2199210Z Collecting gitdb<5,>=4.0.1 (from GitPython<4.0,>=3.1->briefcase==0.3.23.dev12+gb53bbac6)
2025-02-28T15:27:30.2318520Z   Downloading gitdb-4.0.12-py3-none-any.whl.metadata (1.2 kB)
2025-02-28T15:27:30.2738350Z Collecting anyio (from httpx<1.0,>=0.20->briefcase==0.3.23.dev12+gb53bbac6)
2025-02-28T15:27:30.2881860Z   Downloading anyio-4.8.0-py3-none-any.whl.metadata (4.6 kB)
2025-02-28T15:27:30.2995370Z Requirement already satisfied: certifi in /Library/Frameworks/Python.framework/Versions/3.12/lib/python3.12/site-packages (from httpx<1.0,>=0.20->briefcase==0.3.23.dev12+gb53bbac6) (2025.1.31)
2025-02-28T15:27:30.3314300Z Collecting httpcore==1.* (from httpx<1.0,>=0.20->briefcase==0.3.23.dev12+gb53bbac6)
2025-02-28T15:27:30.3431820Z   Downloading httpcore-1.0.7-py3-none-any.whl.metadata (21 kB)
2025-02-28T15:27:30.3750050Z Collecting idna (from httpx<1.0,>=0.20->briefcase==0.3.23.dev12+gb53bbac6)
2025-02-28T15:27:30.3867110Z   Downloading idna-3.10-py3-none-any.whl.metadata (10 kB)
2025-02-28T15:27:30.4209190Z Collecting h11<0.15,>=0.13 (from httpcore==1.*->httpx<1.0,>=0.20->briefcase==0.3.23.dev12+gb53bbac6)
2025-02-28T15:27:30.4335600Z   Downloading h11-0.14.0-py3-none-any.whl.metadata (8.2 kB)
2025-02-28T15:27:30.4737920Z Collecting six>=1.5 (from python-dateutil>=2.9.0.post0->briefcase==0.3.23.dev12+gb53bbac6)
2025-02-28T15:27:30.4856110Z   Downloading six-1.17.0-py2.py3-none-any.whl.metadata (1.7 kB)
2025-02-28T15:27:30.5220550Z Collecting markdown-it-py>=2.2.0 (from rich<14.0,>=12.6->briefcase==0.3.23.dev12+gb53bbac6)
2025-02-28T15:27:30.5335950Z   Downloading markdown_it_py-3.0.0-py3-none-any.whl.metadata (6.9 kB)
2025-02-28T15:27:30.5787320Z Collecting pygments<3.0.0,>=2.13.0 (from rich<14.0,>=12.6->briefcase==0.3.23.dev12+gb53bbac6)
2025-02-28T15:27:30.5948690Z   Downloading pygments-2.19.1-py3-none-any.whl.metadata (2.5 kB)
2025-02-28T15:27:30.6296920Z Collecting chardet>=3.0.2 (from binaryornot>=0.4.4->cookiecutter<3.0,>=2.6.0->briefcase==0.3.23.dev12+gb53bbac6)
2025-02-28T15:27:30.6411200Z   Downloading chardet-5.2.0-py3-none-any.whl.metadata (3.4 kB)
2025-02-28T15:27:30.6734860Z Collecting smmap<6,>=3.0.1 (from gitdb<5,>=4.0.1->GitPython<4.0,>=3.1->briefcase==0.3.23.dev12+gb53bbac6)
2025-02-28T15:27:30.6848330Z   Downloading smmap-5.0.2-py3-none-any.whl.metadata (4.3 kB)
2025-02-28T15:27:30.7621110Z Collecting MarkupSafe>=2.0 (from Jinja2<4.0.0,>=2.7->cookiecutter<3.0,>=2.6.0->briefcase==0.3.23.dev12+gb53bbac6)
2025-02-28T15:27:30.7755910Z   Downloading MarkupSafe-3.0.2-cp312-cp312-macosx_10_13_universal2.whl.metadata (4.0 kB)
2025-02-28T15:27:30.8062920Z Collecting mdurl~=0.1 (from markdown-it-py>=2.2.0->rich<14.0,>=12.6->briefcase==0.3.23.dev12+gb53bbac6)
2025-02-28T15:27:30.8173510Z   Downloading mdurl-0.1.2-py3-none-any.whl.metadata (1.6 kB)
2025-02-28T15:27:30.8501410Z Collecting text-unidecode>=1.3 (from python-slugify>=4.0.0->cookiecutter<3.0,>=2.6.0->briefcase==0.3.23.dev12+gb53bbac6)
2025-02-28T15:27:30.8616900Z   Downloading text_unidecode-1.3-py2.py3-none-any.whl.metadata (2.4 kB)
2025-02-28T15:27:30.9673230Z Collecting charset-normalizer<4,>=2 (from requests>=2.23.0->cookiecutter<3.0,>=2.6.0->briefcase==0.3.23.dev12+gb53bbac6)
2025-02-28T15:27:30.9790150Z   Downloading charset_normalizer-3.4.1-cp312-cp312-macosx_10_13_universal2.whl.metadata (35 kB)
2025-02-28T15:27:31.0395800Z Collecting urllib3<3,>=1.21.1 (from requests>=2.23.0->cookiecutter<3.0,>=2.6.0->briefcase==0.3.23.dev12+gb53bbac6)
2025-02-28T15:27:31.0520530Z   Downloading urllib3-2.3.0-py3-none-any.whl.metadata (6.5 kB)
2025-02-28T15:27:31.0957840Z Collecting sniffio>=1.1 (from anyio->httpx<1.0,>=0.20->briefcase==0.3.23.dev12+gb53bbac6)
2025-02-28T15:27:31.1078230Z   Downloading sniffio-1.3.1-py3-none-any.whl.metadata (3.9 kB)
2025-02-28T15:27:31.1450520Z Collecting typing_extensions>=4.5 (from anyio->httpx<1.0,>=0.20->briefcase==0.3.23.dev12+gb53bbac6)
2025-02-28T15:27:31.1575790Z   Downloading typing_extensions-4.12.2-py3-none-any.whl.metadata (3.0 kB)
2025-02-28T15:27:31.2076290Z Collecting types-python-dateutil>=2.8.10 (from arrow->cookiecutter<3.0,>=2.6.0->briefcase==0.3.23.dev12+gb53bbac6)
2025-02-28T15:27:31.2197200Z   Downloading types_python_dateutil-2.9.0.20241206-py3-none-any.whl.metadata (2.1 kB)
2025-02-28T15:27:31.2637850Z Downloading build-1.2.2.post1-py3-none-any.whl (22 kB)
2025-02-28T15:27:31.2853900Z Downloading cookiecutter-2.6.0-py3-none-any.whl (39 kB)
2025-02-28T15:27:31.3047240Z Downloading dmgbuild-1.6.4-py3-none-any.whl (34 kB)
2025-02-28T15:27:31.3252020Z Downloading GitPython-3.1.44-py3-none-any.whl (207 kB)
2025-02-28T15:27:31.3527510Z Downloading httpx-0.28.1-py3-none-any.whl (73 kB)
2025-02-28T15:27:31.3705950Z Downloading httpcore-1.0.7-py3-none-any.whl (78 kB)
2025-02-28T15:27:31.3804430Z Using cached packaging-24.2-py3-none-any.whl (65 kB)
2025-02-28T15:27:31.3931920Z Downloading platformdirs-4.3.6-py3-none-any.whl (18 kB)
2025-02-28T15:27:31.4135230Z Downloading psutil-7.0.0-cp36-abi3-macosx_10_9_x86_64.whl (238 kB)
2025-02-28T15:27:31.4332860Z Downloading python_dateutil-2.9.0.post0-py2.py3-none-any.whl (229 kB)
2025-02-28T15:27:31.4538540Z Downloading rich-13.9.4-py3-none-any.whl (242 kB)
2025-02-28T15:27:31.4730920Z Downloading setuptools-75.8.2-py3-none-any.whl (1.2 MB)
2025-02-28T15:27:31.4972160Z [?25l   [90m━━━━━━━━━━━━━━━━━━━━━━━━━━━━━━━━━━━━━━━━[0m [32m0.0/1.2 MB[0m [31m?[0m eta [36m-:--:--[0m
2025-02-28T15:27:31.4973170Z [2K   [90m━━━━━━━━━━━━━━━━━━━━━━━━━━━━━━━━━━━━━━━━[0m [32m1.2/1.2 MB[0m [31m50.5 MB/s[0m eta [36m0:00:00[0m
2025-02-28T15:27:31.5097650Z [?25hDownloading tomli_w-1.2.0-py3-none-any.whl (6.7 kB)
2025-02-28T15:27:31.5304290Z Downloading wheel-0.45.1-py3-none-any.whl (72 kB)
2025-02-28T15:27:31.5490390Z Downloading binaryornot-0.4.4-py2.py3-none-any.whl (9.0 kB)
2025-02-28T15:27:31.5678400Z Downloading click-8.1.8-py3-none-any.whl (98 kB)
2025-02-28T15:27:31.5884820Z Downloading ds_store-1.3.1-py3-none-any.whl (16 kB)
2025-02-28T15:27:31.6069370Z Downloading gitdb-4.0.12-py3-none-any.whl (62 kB)
2025-02-28T15:27:31.6264160Z Downloading jinja2-3.1.5-py3-none-any.whl (134 kB)
2025-02-28T15:27:31.6468390Z Downloading mac_alias-2.2.2-py3-none-any.whl (21 kB)
2025-02-28T15:27:31.6653550Z Downloading markdown_it_py-3.0.0-py3-none-any.whl (87 kB)
2025-02-28T15:27:31.6850880Z Downloading pygments-2.19.1-py3-none-any.whl (1.2 MB)
2025-02-28T15:27:31.6995930Z [?25l   [90m━━━━━━━━━━━━━━━━━━━━━━━━━━━━━━━━━━━━━━━━[0m [32m0.0/1.2 MB[0m [31m?[0m eta [36m-:--:--[0m
2025-02-28T15:27:31.6997190Z [2K   [90m━━━━━━━━━━━━━━━━━━━━━━━━━━━━━━━━━━━━━━━━[0m [32m1.2/1.2 MB[0m [31m93.1 MB/s[0m eta [36m0:00:00[0m
2025-02-28T15:27:31.7125680Z [?25hDownloading python_slugify-8.0.4-py2.py3-none-any.whl (10 kB)
2025-02-28T15:27:31.7351470Z Downloading PyYAML-6.0.2-cp312-cp312-macosx_10_9_x86_64.whl (183 kB)
2025-02-28T15:27:31.7542310Z Downloading requests-2.32.3-py3-none-any.whl (64 kB)
2025-02-28T15:27:31.7736380Z Downloading idna-3.10-py3-none-any.whl (70 kB)
2025-02-28T15:27:31.7919770Z Downloading six-1.17.0-py2.py3-none-any.whl (11 kB)
2025-02-28T15:27:31.8096560Z Downloading anyio-4.8.0-py3-none-any.whl (96 kB)
2025-02-28T15:27:31.8295100Z Downloading arrow-1.3.0-py3-none-any.whl (66 kB)
2025-02-28T15:27:31.8490450Z Downloading pyproject_hooks-1.2.0-py3-none-any.whl (10 kB)
2025-02-28T15:27:31.8676660Z Downloading chardet-5.2.0-py3-none-any.whl (199 kB)
2025-02-28T15:27:31.8892510Z Downloading charset_normalizer-3.4.1-cp312-cp312-macosx_10_13_universal2.whl (196 kB)
2025-02-28T15:27:31.9138480Z Downloading h11-0.14.0-py3-none-any.whl (58 kB)
2025-02-28T15:27:31.9407770Z Downloading MarkupSafe-3.0.2-cp312-cp312-macosx_10_13_universal2.whl (14 kB)
2025-02-28T15:27:31.9612680Z Downloading mdurl-0.1.2-py3-none-any.whl (10.0 kB)
2025-02-28T15:27:31.9894850Z Downloading smmap-5.0.2-py3-none-any.whl (24 kB)
2025-02-28T15:27:31.9994330Z Downloading sniffio-1.3.1-py3-none-any.whl (10 kB)
2025-02-28T15:27:32.0170640Z Downloading text_unidecode-1.3-py2.py3-none-any.whl (78 kB)
2025-02-28T15:27:32.0358910Z Downloading types_python_dateutil-2.9.0.20241206-py3-none-any.whl (14 kB)
2025-02-28T15:27:32.0536510Z Downloading typing_extensions-4.12.2-py3-none-any.whl (37 kB)
2025-02-28T15:27:32.0724410Z Downloading urllib3-2.3.0-py3-none-any.whl (128 kB)
2025-02-28T15:27:32.1365500Z Building wheels for collected packages: briefcase
2025-02-28T15:27:32.1378630Z   Building wheel for briefcase (pyproject.toml): started
2025-02-28T15:27:32.8837280Z   Building wheel for briefcase (pyproject.toml): finished with status 'done'
2025-02-28T15:27:32.8854920Z   Created wheel for briefcase: filename=briefcase-0.3.23.dev12+gb53bbac6-py3-none-any.whl size=240924 sha256=04347c705bd2522082fa7fa392a745d4dfc790f8fa08449108e13e180121c41d
2025-02-28T15:27:32.8857740Z   Stored in directory: /private/var/folders/t8/r_s4tkhn46g6y0d15z25l36c0000gn/T/pip-ephem-wheel-cache-_lk9407z/wheels/c5/04/18/55524f7f66d67aa89c0ad161b560d13d7948240e6934e45f7e
2025-02-28T15:27:32.8900360Z Successfully built briefcase
2025-02-28T15:27:32.9798090Z Installing collected packages: text-unidecode, wheel, urllib3, typing_extensions, types-python-dateutil, tomli_w, sniffio, smmap, six, setuptools, pyyaml, python-slugify, pyproject_hooks, pygments, psutil, platformdirs, packaging, mdurl, MarkupSafe, mac_alias, idna, h11, click, charset-normalizer, chardet, requests, python-dateutil, markdown-it-py, Jinja2, httpcore, gitdb, ds_store, build, binaryornot, anyio, rich, httpx, GitPython, dmgbuild, arrow, cookiecutter, briefcase
2025-02-28T15:27:37.4021950Z Successfully installed GitPython-3.1.44 Jinja2-3.1.5 MarkupSafe-3.0.2 anyio-4.8.0 arrow-1.3.0 binaryornot-0.4.4 briefcase-0.3.23.dev12+gb53bbac6 build-1.2.2.post1 chardet-5.2.0 charset-normalizer-3.4.1 click-8.1.8 cookiecutter-2.6.0 dmgbuild-1.6.4 ds_store-1.3.1 gitdb-4.0.12 h11-0.14.0 httpcore-1.0.7 httpx-0.28.1 idna-3.10 mac_alias-2.2.2 markdown-it-py-3.0.0 mdurl-0.1.2 packaging-24.2 platformdirs-4.3.6 psutil-7.0.0 pygments-2.19.1 pyproject_hooks-1.2.0 python-dateutil-2.9.0.post0 python-slugify-8.0.4 pyyaml-6.0.2 requests-2.32.3 rich-13.9.4 setuptools-75.8.2 six-1.17.0 smmap-5.0.2 sniffio-1.3.1 text-unidecode-1.3 tomli_w-1.2.0 types-python-dateutil-2.9.0.20241206 typing_extensions-4.12.2 urllib3-2.3.0 wheel-0.45.1
2025-02-28T15:27:37.7786120Z ##[group]Run actions/download-artifact@v4.1.8
2025-02-28T15:27:37.7786650Z with:
2025-02-28T15:27:37.7786970Z   pattern: Packages-toga-*
2025-02-28T15:27:37.7789140Z   merge-multiple: true
2025-02-28T15:27:37.7789530Z   path: dist
2025-02-28T15:27:37.7789850Z   repository: beeware/toga
2025-02-28T15:27:37.7790210Z   run-id: 13591189051
2025-02-28T15:27:37.7790520Z env:
2025-02-28T15:27:37.7791270Z   min_python_version: 3.9
2025-02-28T15:27:37.7791680Z   max_python_version: 3.12
2025-02-28T15:27:37.7792030Z   FORCE_COLOR: 1
2025-02-28T15:27:37.7792520Z   pythonLocation: /Users/runner/hostedtoolcache/Python/3.12.9/x64
2025-02-28T15:27:37.7793390Z   PKG_CONFIG_PATH: /Users/runner/hostedtoolcache/Python/3.12.9/x64/lib/pkgconfig
2025-02-28T15:27:37.7794220Z   Python_ROOT_DIR: /Users/runner/hostedtoolcache/Python/3.12.9/x64
2025-02-28T15:27:37.7794970Z   Python2_ROOT_DIR: /Users/runner/hostedtoolcache/Python/3.12.9/x64
2025-02-28T15:27:37.7795770Z   Python3_ROOT_DIR: /Users/runner/hostedtoolcache/Python/3.12.9/x64
2025-02-28T15:27:37.7796350Z ##[endgroup]
2025-02-28T15:27:38.3079180Z Found 56 artifact(s)
2025-02-28T15:27:38.3082360Z Filtering artifacts by pattern 'Packages-toga-*'
2025-02-28T15:27:38.3102480Z Preparing to download the following artifacts:
2025-02-28T15:27:38.3104310Z - Packages-toga-winforms (ID: 2671287482, Size: 912634)
2025-02-28T15:27:38.3105580Z - Packages-toga-dummy (ID: 2671286695, Size: 148605)
2025-02-28T15:27:38.3107220Z - Packages-toga-core (ID: 2671286668, Size: 1154108)
2025-02-28T15:27:38.3110430Z - Packages-toga-iOS (ID: 2671286641, Size: 872393)
2025-02-28T15:27:38.3114400Z - Packages-toga-demo (ID: 2671286618, Size: 1242392)
2025-02-28T15:27:38.3117500Z - Packages-toga-web (ID: 2671286591, Size: 34849)
2025-02-28T15:27:38.3119240Z - Packages-toga-cocoa (ID: 2671286553, Size: 929372)
2025-02-28T15:27:38.3125520Z - Packages-toga-gtk (ID: 2671286494, Size: 142140)
2025-02-28T15:27:38.3129980Z - Packages-toga-travertino (ID: 2671286454, Size: 62313)
2025-02-28T15:27:38.3140130Z - Packages-toga-android (ID: 2671286345, Size: 138242)
2025-02-28T15:27:38.3144990Z - Packages-toga-toga (ID: 2671286304, Size: 7265)
2025-02-28T15:27:38.3145630Z - Packages-toga-textual (ID: 2671286253, Size: 32043)
2025-02-28T15:27:38.4561490Z Redirecting to blob download url: https://productionresultssa15.blob.core.windows.net/actions-results/2833d74d-b108-4855-a138-f9cc692c54c9/workflow-job-run-3124742b-843a-5b41-b426-aef8afedb9f7/artifacts/442c3fefacaa5f4a317396d7241d3673a3eab28c29b7e651a0b97534d592e35d.zip
2025-02-28T15:27:38.4564550Z Starting download of artifact to: /Users/runner/work/toga/toga/dist
2025-02-28T15:27:38.5328640Z Redirecting to blob download url: https://productionresultssa15.blob.core.windows.net/actions-results/2833d74d-b108-4855-a138-f9cc692c54c9/workflow-job-run-46aa3184-e851-51af-58d5-831072cd673f/artifacts/485660db63ec446c9f562cc6bdf49c64bf27c37a329b95a30a2467812096f020.zip
2025-02-28T15:27:38.5350930Z Starting download of artifact to: /Users/runner/work/toga/toga/dist
2025-02-28T15:27:38.5369480Z Redirecting to blob download url: https://productionresultssa15.blob.core.windows.net/actions-results/2833d74d-b108-4855-a138-f9cc692c54c9/workflow-job-run-18bbcbc6-8763-5d15-2620-0ac883eea9b0/artifacts/42ca5e4547811af7883a91d6c65b481266e15c0cdc8d243ec9aae2b558253c02.zip
2025-02-28T15:27:38.5372460Z Starting download of artifact to: /Users/runner/work/toga/toga/dist
2025-02-28T15:27:38.5390480Z Redirecting to blob download url: https://productionresultssa15.blob.core.windows.net/actions-results/2833d74d-b108-4855-a138-f9cc692c54c9/workflow-job-run-832e8880-3eb6-5d89-0c04-ef547b46a59e/artifacts/dd722970e727682fe8f4f464e3511dbda02932b6586e5f2f8ac9f8f11f50cdc9.zip
2025-02-28T15:27:38.5393720Z Starting download of artifact to: /Users/runner/work/toga/toga/dist
2025-02-28T15:27:38.5409190Z Redirecting to blob download url: https://productionresultssa15.blob.core.windows.net/actions-results/2833d74d-b108-4855-a138-f9cc692c54c9/workflow-job-run-7815ca6b-1b41-513e-fbe7-8eccb083611a/artifacts/1660c57eb65463a413672e3e25e0e2a0d8c8794547115554b39228f20230f22e.zip
2025-02-28T15:27:38.5412590Z Starting download of artifact to: /Users/runner/work/toga/toga/dist
2025-02-28T15:27:38.5443360Z Redirecting to blob download url: https://productionresultssa15.blob.core.windows.net/actions-results/2833d74d-b108-4855-a138-f9cc692c54c9/workflow-job-run-c851c84b-57ed-5071-9878-2279ccd891b8/artifacts/5eb57499beb40f05e15583bbf1c077df75bc75fa11156590733b79c2f9774e5a.zip
2025-02-28T15:27:38.5471050Z Starting download of artifact to: /Users/runner/work/toga/toga/dist
2025-02-28T15:27:38.5497010Z Redirecting to blob download url: https://productionresultssa15.blob.core.windows.net/actions-results/2833d74d-b108-4855-a138-f9cc692c54c9/workflow-job-run-f1ed5179-285b-5126-8d3b-2df284d1f11c/artifacts/a55c024fa54bd7854415e2c7edfeb2c5046af07e859f8da7b852b08eadc84e2a.zip
2025-02-28T15:27:38.5500370Z Starting download of artifact to: /Users/runner/work/toga/toga/dist
2025-02-28T15:27:38.5656650Z Redirecting to blob download url: https://productionresultssa15.blob.core.windows.net/actions-results/2833d74d-b108-4855-a138-f9cc692c54c9/workflow-job-run-866e389a-a1a0-5c67-a00f-72c22223abfe/artifacts/b4bca85baf5c112d5a88797759fe2e27b3de49b97e7268608199152765d6405a.zip
2025-02-28T15:27:38.5662690Z Starting download of artifact to: /Users/runner/work/toga/toga/dist
2025-02-28T15:27:38.5895160Z Redirecting to blob download url: https://productionresultssa15.blob.core.windows.net/actions-results/2833d74d-b108-4855-a138-f9cc692c54c9/workflow-job-run-98be74ae-5157-5c81-b7d0-b2ef5821a81e/artifacts/6e0cae3735cba3d010b2e4c6917aa1f2ffe72638fbddcfcf5e7d00e456e64178.zip
2025-02-28T15:27:38.5906030Z Starting download of artifact to: /Users/runner/work/toga/toga/dist
2025-02-28T15:27:38.6065020Z Redirecting to blob download url: https://productionresultssa15.blob.core.windows.net/actions-results/2833d74d-b108-4855-a138-f9cc692c54c9/workflow-job-run-137efbf3-bb9f-5901-016f-a9ca027ec083/artifacts/3f2c1a4e1441705d00c0abbd5f3913c6b215c2d9365be6ffa9fcc342e7742def.zip
2025-02-28T15:27:38.6083930Z Starting download of artifact to: /Users/runner/work/toga/toga/dist
2025-02-28T15:27:38.6141670Z Redirecting to blob download url: https://productionresultssa15.blob.core.windows.net/actions-results/2833d74d-b108-4855-a138-f9cc692c54c9/workflow-job-run-996a8579-f179-559d-4190-0dfa80ff20d7/artifacts/78e64f25892d1e62a7fba16b04b2d38f38656067df6d708afd5432245debf794.zip
2025-02-28T15:27:38.6153800Z Starting download of artifact to: /Users/runner/work/toga/toga/dist
2025-02-28T15:27:38.6160630Z Redirecting to blob download url: https://productionresultssa15.blob.core.windows.net/actions-results/2833d74d-b108-4855-a138-f9cc692c54c9/workflow-job-run-e2a6fa47-47a3-5188-27fb-56f4e71042c8/artifacts/5425332638acb926f3e0f42935440601f1f6cf4c943281c5f8b926bd1948bc25.zip
2025-02-28T15:27:38.6164540Z Starting download of artifact to: /Users/runner/work/toga/toga/dist
2025-02-28T15:27:38.6435070Z (node:5330) [DEP0005] DeprecationWarning: Buffer() is deprecated due to security and usability issues. Please use the Buffer.alloc(), Buffer.allocUnsafe(), or Buffer.from() methods instead.
2025-02-28T15:27:38.6437530Z (Use `node --trace-deprecation ...` to show where the warning was created)
2025-02-28T15:27:38.7045670Z Artifact download completed successfully.
2025-02-28T15:27:38.7452320Z Artifact download completed successfully.
2025-02-28T15:27:38.7547080Z Artifact download completed successfully.
2025-02-28T15:27:38.7793820Z Artifact download completed successfully.
2025-02-28T15:27:38.7801940Z Artifact download completed successfully.
2025-02-28T15:27:38.8021590Z Artifact download completed successfully.
2025-02-28T15:27:38.8199940Z Artifact download completed successfully.
2025-02-28T15:27:38.8851710Z Artifact download completed successfully.
2025-02-28T15:27:38.9348870Z Artifact download completed successfully.
2025-02-28T15:27:38.9642420Z Artifact download completed successfully.
2025-02-28T15:27:38.9923270Z Artifact download completed successfully.
2025-02-28T15:27:39.0799250Z Artifact download completed successfully.
2025-02-28T15:27:39.0799930Z Total of 12 artifact(s) downloaded
2025-02-28T15:27:39.0808720Z Download artifact has finished successfully
2025-02-28T15:27:39.0976700Z ##[group]Run \
2025-02-28T15:27:39.0977130Z [36;1m \[0m
2025-02-28T15:27:39.0977560Z [36;1m  briefcase run macOS --log --test  -- --ci[0m
2025-02-28T15:27:39.1100550Z shell: /bin/bash --noprofile --norc -e -o pipefail {0}
2025-02-28T15:27:39.1101100Z env:
2025-02-28T15:27:39.1101420Z   min_python_version: 3.9
2025-02-28T15:27:39.1101860Z   max_python_version: 3.12
2025-02-28T15:27:39.1102260Z   FORCE_COLOR: 1
2025-02-28T15:27:39.1102790Z   pythonLocation: /Users/runner/hostedtoolcache/Python/3.12.9/x64
2025-02-28T15:27:39.1103690Z   PKG_CONFIG_PATH: /Users/runner/hostedtoolcache/Python/3.12.9/x64/lib/pkgconfig
2025-02-28T15:27:39.1104580Z   Python_ROOT_DIR: /Users/runner/hostedtoolcache/Python/3.12.9/x64
2025-02-28T15:27:39.1105350Z   Python2_ROOT_DIR: /Users/runner/hostedtoolcache/Python/3.12.9/x64
2025-02-28T15:27:39.1106130Z   Python3_ROOT_DIR: /Users/runner/hostedtoolcache/Python/3.12.9/x64
2025-02-28T15:27:39.1106770Z ##[endgroup]
2025-02-28T15:27:39.6660620Z 
2025-02-28T15:27:39.6677360Z [2m[testbed][0m Generating application template...
2025-02-28T15:27:39.6709230Z Using app template: [4;94mhttps://github.com/beeware/briefcase-macOS-app-template.git,[0m branch v0.3.23
2025-02-28T15:27:39.6723370Z Cloning template '[4;94mhttps://github.com/beeware/briefcase-macOS-app-template.git[0m'...
2025-02-28T15:27:40.9041810Z Template branch v0.3.23 not found; falling back to development template
2025-02-28T15:27:41.3164420Z Using existing template (sha e8082ea4d3310d7605e12f4ab1fa7ff7b637b974, updated Thu Jan 23 22:43:48 2025)
2025-02-28T15:27:42.1665270Z 
2025-02-28T15:27:42.1678740Z [2m[testbed][0m Installing support package...
2025-02-28T15:27:42.1694000Z Using support package [4;94mhttps://briefcase-support.s3.amazonaws.com/python/3.12/macOS/Python-3.12-macOS-support.b6.tar.gz[0m
2025-02-28T15:27:42.4883210Z Downloading Python-3.12-macOS-support.b6.tar.gz...
2025-02-28T15:27:43.2570140Z Unpacking support package... started
2025-02-28T15:27:46.0044210Z Unpacking support package... done
2025-02-28T15:27:46.0053490Z Copying standard library into app bundle... started
2025-02-28T15:27:47.5994540Z Copying standard library into app bundle... done
2025-02-28T15:27:47.6003100Z 
2025-02-28T15:27:47.6012860Z [2m[testbed][0m Installing stub binary...
2025-02-28T15:27:47.6024300Z Using stub binary [4;94mhttps://briefcase-support.s3.amazonaws.com/python/3.12/macOS/GUI-Stub-3.12-b10.zip[0m
2025-02-28T15:27:47.8622420Z Downloading GUI-Stub-3.12-b10.zip...
2025-02-28T15:27:47.8642430Z Installing stub binary... started
2025-02-28T15:27:47.8666350Z Installing stub binary... done
2025-02-28T15:27:47.8685120Z 
2025-02-28T15:27:47.8692000Z [2m[testbed][0m Installing application code...
2025-02-28T15:27:47.8705140Z Installing src/testbed... started
2025-02-28T15:27:47.9008070Z Installing src/testbed... done
2025-02-28T15:27:47.9017390Z Installing tests... started
2025-02-28T15:27:47.9240150Z Installing tests... done
2025-02-28T15:27:47.9249710Z Installing ../cocoa/tests_backend... started
2025-02-28T15:27:47.9389920Z Installing ../cocoa/tests_backend... done
2025-02-28T15:27:47.9410060Z 
2025-02-28T15:27:47.9420740Z [2m[testbed][0m Installing requirements...
2025-02-28T15:27:47.9431110Z Installing app requirements... started
2025-02-28T15:27:48.5582810Z Looking in links: /Users/runner/work/toga/toga/dist
2025-02-28T15:27:48.5605720Z Processing /Users/runner/work/toga/toga/travertino
2025-02-28T15:27:48.5621890Z   Installing build dependencies: started
2025-02-28T15:27:51.1222720Z   Installing build dependencies: finished with status 'done'
2025-02-28T15:27:51.1234050Z   Getting requirements to build wheel: started
2025-02-28T15:27:51.8226310Z   Getting requirements to build wheel: finished with status 'done'
2025-02-28T15:27:51.8244640Z   Preparing metadata (pyproject.toml): started
2025-02-28T15:27:52.5975790Z   Preparing metadata (pyproject.toml): finished with status 'done'
2025-02-28T15:27:52.6023210Z Processing /Users/runner/work/toga/toga/core
2025-02-28T15:27:52.6455780Z   Installing build dependencies: started
2025-02-28T15:27:55.0033860Z   Installing build dependencies: finished with status 'done'
2025-02-28T15:27:55.0042610Z   Getting requirements to build wheel: started
2025-02-28T15:27:55.6792500Z   Getting requirements to build wheel: finished with status 'done'
2025-02-28T15:27:55.6807170Z   Preparing metadata (pyproject.toml): started
2025-02-28T15:27:56.4999780Z   Preparing metadata (pyproject.toml): finished with status 'done'
2025-02-28T15:27:56.5095480Z Processing /Users/runner/work/toga/toga/cocoa
2025-02-28T15:27:56.5237620Z   Installing build dependencies: started
2025-02-28T15:27:58.8983390Z   Installing build dependencies: finished with status 'done'
2025-02-28T15:27:58.8992220Z   Getting requirements to build wheel: started
2025-02-28T15:27:59.6354290Z   Getting requirements to build wheel: finished with status 'done'
2025-02-28T15:27:59.6373260Z   Preparing metadata (pyproject.toml): started
2025-02-28T15:28:00.2674550Z   Preparing metadata (pyproject.toml): finished with status 'done'
2025-02-28T15:28:00.2704400Z Ignoring fonttools: markers 'sys_platform == "linux"' don't match your environment
2025-02-28T15:28:00.3524530Z Collecting std-nslog~=1.0.0
2025-02-28T15:28:00.3959050Z   Downloading std_nslog-1.0.3-py3-none-any.whl.metadata (3.6 kB)
2025-02-28T15:28:00.7626260Z Collecting coverage==7.6.12
2025-02-28T15:28:00.7769930Z   Downloading coverage-7.6.12-cp312-cp312-macosx_10_13_x86_64.whl.metadata (8.5 kB)
2025-02-28T15:28:00.8097920Z Collecting coverage-conditional-plugin==0.9.0
2025-02-28T15:28:00.8231770Z   Downloading coverage_conditional_plugin-0.9.0-py3-none-any.whl.metadata (6.9 kB)
2025-02-28T15:28:01.0189900Z Collecting pillow==11.0.0
2025-02-28T15:28:01.0327120Z   Downloading pillow-11.0.0-cp312-cp312-macosx_10_13_x86_64.whl.metadata (9.1 kB)
2025-02-28T15:28:01.0904180Z Collecting pytest==8.3.4
2025-02-28T15:28:01.1031790Z   Downloading pytest-8.3.4-py3-none-any.whl.metadata (7.5 kB)
2025-02-28T15:28:01.1446660Z Collecting pytest-asyncio==0.25.3
2025-02-28T15:28:01.1575860Z   Downloading pytest_asyncio-0.25.3-py3-none-any.whl.metadata (3.9 kB)
2025-02-28T15:28:01.1934510Z Collecting packaging>=20.4 (from coverage-conditional-plugin==0.9.0)
2025-02-28T15:28:01.1955150Z   Using cached packaging-24.2-py3-none-any.whl.metadata (3.2 kB)
2025-02-28T15:28:01.2227890Z Collecting iniconfig (from pytest==8.3.4)
2025-02-28T15:28:01.2343350Z   Downloading iniconfig-2.0.0-py3-none-any.whl.metadata (2.6 kB)
2025-02-28T15:28:01.2643630Z Collecting pluggy<2,>=1.5 (from pytest==8.3.4)
2025-02-28T15:28:01.2768310Z   Downloading pluggy-1.5.0-py3-none-any.whl.metadata (4.8 kB)
2025-02-28T15:28:01.4516330Z Collecting fonttools<5.0.0,>=4.42.1 (from toga-cocoa==0.4.9.dev629+g68266e24a)
2025-02-28T15:28:01.4625580Z   Downloading fonttools-4.56.0-cp312-cp312-macosx_10_13_x86_64.whl.metadata (101 kB)
2025-02-28T15:28:01.5245900Z Collecting rubicon-objc<0.6.0,>=0.5.0 (from toga-cocoa==0.4.9.dev629+g68266e24a)
2025-02-28T15:28:01.5382590Z   Downloading rubicon_objc-0.5.0-py3-none-any.whl.metadata (5.5 kB)
2025-02-28T15:28:01.5674260Z Downloading coverage-7.6.12-cp312-cp312-macosx_10_13_x86_64.whl (208 kB)
2025-02-28T15:28:01.5976870Z Downloading coverage_conditional_plugin-0.9.0-py3-none-any.whl (7.3 kB)
2025-02-28T15:28:01.6202900Z Downloading pillow-11.0.0-cp312-cp312-macosx_10_13_x86_64.whl (3.1 MB)
2025-02-28T15:28:01.6679630Z [?25l   [90m━━━━━━━━━━━━━━━━━━━━━━━━━━━━━━━━━━━━━━━━[0m [32m0.0/3.1 MB[0m [31m?[0m eta [36m-:--:--[0m
2025-02-28T15:28:01.6701310Z [2K   [90m━━━━━━━━━━━━━━━━━━━━━━━━━━━━━━━━━━━━━━━━[0m [32m3.1/3.1 MB[0m [31m68.1 MB/s[0m eta [36m0:00:00[0m
2025-02-28T15:28:01.6820510Z [?25hDownloading pytest-8.3.4-py3-none-any.whl (343 kB)
2025-02-28T15:28:01.7067780Z Downloading pytest_asyncio-0.25.3-py3-none-any.whl (19 kB)
2025-02-28T15:28:01.7315220Z Downloading std_nslog-1.0.3-py3-none-any.whl (4.8 kB)
2025-02-28T15:28:01.7593880Z Downloading fonttools-4.56.0-cp312-cp312-macosx_10_13_x86_64.whl (2.3 MB)
2025-02-28T15:28:01.7870010Z [?25l   [90m━━━━━━━━━━━━━━━━━━━━━━━━━━━━━━━━━━━━━━━━[0m [32m0.0/2.3 MB[0m [31m?[0m eta [36m-:--:--[0m
2025-02-28T15:28:01.7882750Z [2K   [90m━━━━━━━━━━━━━━━━━━━━━━━━━━━━━━━━━━━━━━━━[0m [32m2.3/2.3 MB[0m [31m90.6 MB/s[0m eta [36m0:00:00[0m
2025-02-28T15:28:01.7901400Z [?25hUsing cached packaging-24.2-py3-none-any.whl (65 kB)
2025-02-28T15:28:01.8012370Z Downloading pluggy-1.5.0-py3-none-any.whl (20 kB)
2025-02-28T15:28:01.8240310Z Downloading rubicon_objc-0.5.0-py3-none-any.whl (62 kB)
2025-02-28T15:28:01.8416560Z Downloading iniconfig-2.0.0-py3-none-any.whl (5.9 kB)
2025-02-28T15:28:01.8754200Z Building wheels for collected packages: travertino, toga-core, toga-cocoa
2025-02-28T15:28:01.8765680Z   Building wheel for travertino (pyproject.toml): started
2025-02-28T15:28:02.5731030Z   Building wheel for travertino (pyproject.toml): finished with status 'done'
2025-02-28T15:28:02.5743920Z   Created wheel for travertino: filename=travertino-0.4.9.dev629+g68266e24a-py3-none-any.whl size=22881 sha256=aa745b1aae977c99bfea6bac27ad543f0a9fab380a34cc39153ae84c3fd108cb
2025-02-28T15:28:02.5753260Z   Stored in directory: /private/var/folders/t8/r_s4tkhn46g6y0d15z25l36c0000gn/T/pip-ephem-wheel-cache-2r2j47z7/wheels/fb/03/30/94bfd0cf122995590b1f326d3b00ed8b247f6304287450f1c9
2025-02-28T15:28:02.5795690Z   Building wheel for toga-core (pyproject.toml): started
2025-02-28T15:28:03.3590720Z   Building wheel for toga-core (pyproject.toml): finished with status 'done'
2025-02-28T15:28:03.3605150Z   Created wheel for toga-core: filename=toga_core-0.4.9.dev629+g68266e24a-py3-none-any.whl size=142978 sha256=baf520b7b36946fe600b736982e509141c96c80ed7f57e8241ceff203effcb03
2025-02-28T15:28:03.3615150Z   Stored in directory: /private/var/folders/t8/r_s4tkhn46g6y0d15z25l36c0000gn/T/pip-ephem-wheel-cache-2r2j47z7/wheels/9e/e8/ee/76b71fb42aa09373531dc76326216b74a6f01a510db217f28d
2025-02-28T15:28:03.3656240Z   Building wheel for toga-cocoa (pyproject.toml): started
2025-02-28T15:28:04.1125050Z   Building wheel for toga-cocoa (pyproject.toml): finished with status 'done'
2025-02-28T15:28:04.1168090Z   Created wheel for toga-cocoa: filename=toga_cocoa-0.4.9.dev629+g68266e24a-py3-none-any.whl size=465458 sha256=a32c7af22cc391685cfe4fddc161abb1db8f36e3e52954d074871722cad440c9
2025-02-28T15:28:04.1174240Z   Stored in directory: /private/var/folders/t8/r_s4tkhn46g6y0d15z25l36c0000gn/T/pip-ephem-wheel-cache-2r2j47z7/wheels/86/ef/d1/42797be250353a77cb37d181b1b71efc9c429671ede4b810e1
2025-02-28T15:28:04.1194860Z Successfully built travertino toga-core toga-cocoa
2025-02-28T15:28:04.2199650Z Installing collected packages: travertino, std-nslog, rubicon-objc, pluggy, pillow, packaging, iniconfig, fonttools, coverage, toga-core, pytest, coverage-conditional-plugin, toga-cocoa, pytest-asyncio
2025-02-28T15:28:06.4516620Z Successfully installed coverage-7.6.12 coverage-conditional-plugin-0.9.0 fonttools-4.56.0 iniconfig-2.0.0 packaging-24.2 pillow-11.0.0 pluggy-1.5.0 pytest-8.3.4 pytest-asyncio-0.25.3 rubicon-objc-0.5.0 std-nslog-1.0.3 toga-cocoa-0.4.9.dev629+g68266e24a toga-core-0.4.9.dev629+g68266e24a travertino-0.4.9.dev629+g68266e24a
2025-02-28T15:28:06.9255320Z Installing app requirements... done
2025-02-28T15:28:06.9326500Z Installing binary app requirements for arm64... started
2025-02-28T15:28:07.5748040Z Looking in links: /Users/runner/work/toga/toga/dist
2025-02-28T15:28:07.9475370Z Collecting coverage==7.6.12
2025-02-28T15:28:08.0105680Z   Downloading coverage-7.6.12-cp312-cp312-macosx_11_0_arm64.whl.metadata (8.5 kB)
2025-02-28T15:28:08.2045050Z Collecting fonttools==4.56.0
2025-02-28T15:28:08.2191490Z   Downloading fonttools-4.56.0-cp312-cp312-macosx_10_13_universal2.whl.metadata (101 kB)
2025-02-28T15:28:08.4333590Z Collecting pillow==11.0.0
2025-02-28T15:28:08.4477080Z   Downloading pillow-11.0.0-cp312-cp312-macosx_11_0_arm64.whl.metadata (9.1 kB)
2025-02-28T15:28:08.4808470Z Downloading coverage-7.6.12-cp312-cp312-macosx_11_0_arm64.whl (208 kB)
2025-02-28T15:28:08.5129640Z Downloading fonttools-4.56.0-cp312-cp312-macosx_10_13_universal2.whl (2.7 MB)
2025-02-28T15:28:08.5590060Z [?25l   [90m━━━━━━━━━━━━━━━━━━━━━━━━━━━━━━━━━━━━━━━━[0m [32m0.0/2.7 MB[0m [31m?[0m eta [36m-:--:--[0m
2025-02-28T15:28:08.5600650Z [2K   [90m━━━━━━━━━━━━━━━━━━━━━━━━━━━━━━━━━━━━━━━━[0m [32m2.7/2.7 MB[0m [31m60.2 MB/s[0m eta [36m0:00:00[0m
2025-02-28T15:28:08.5786000Z [?25hDownloading pillow-11.0.0-cp312-cp312-macosx_11_0_arm64.whl (3.0 MB)
2025-02-28T15:28:08.6143090Z [?25l   [90m━━━━━━━━━━━━━━━━━━━━━━━━━━━━━━━━━━━━━━━━[0m [32m0.0/3.0 MB[0m [31m?[0m eta [36m-:--:--[0m
2025-02-28T15:28:08.6153780Z [2K   [90m━━━━━━━━━━━━━━━━━━━━━━━━━━━━━━━━━━━━━━━━[0m [32m3.0/3.0 MB[0m [31m88.2 MB/s[0m eta [36m0:00:00[0m
2025-02-28T15:28:08.6345630Z [?25hInstalling collected packages: pillow, fonttools, coverage
2025-02-28T15:28:10.0986400Z Successfully installed coverage-7.6.12 fonttools-4.56.0 pillow-11.0.0
2025-02-28T15:28:10.2478970Z Installing binary app requirements for arm64... done
2025-02-28T15:28:10.3512980Z Thinning libraries in app_packages.arm64...
2025-02-28T15:28:16.2078030Z Merging app_packages.x86_64... started
2025-02-28T15:28:17.3438420Z Merging app_packages.x86_64... done
2025-02-28T15:28:17.3588340Z Merging app_packages.arm64... started
2025-02-28T15:28:17.6180330Z Merging app_packages.arm64... done
2025-02-28T15:28:17.6191580Z Merging libraries...
2025-02-28T15:28:18.3249980Z 
2025-02-28T15:28:18.3260370Z [2m[testbed][0m Installing application resources...
2025-02-28T15:28:18.3271490Z Installing icons/testbed.icns as application icon... started
2025-02-28T15:28:18.3288120Z Installing icons/testbed.icns as application icon... done
2025-02-28T15:28:18.3297590Z 
2025-02-28T15:28:18.3307070Z [2m[testbed][0m Removing unneeded app content...
2025-02-28T15:28:18.3316540Z Removing unneeded app bundle content... started
2025-02-28T15:28:19.2014910Z Removing unneeded app bundle content... done
2025-02-28T15:28:19.2024220Z 
2025-02-28T15:28:19.2033860Z [2m[testbed][0m Created build/testbed/macos/app
2025-02-28T15:28:19.2047440Z 
2025-02-28T15:28:19.2056940Z [2m[testbed][0m Building App...
2025-02-28T15:28:19.2067620Z Renaming stub binary... started
2025-02-28T15:28:19.2078370Z Renaming stub binary... done
2025-02-28T15:28:19.2086670Z 
2025-02-28T15:28:19.2096110Z [2m[testbed][0m Ad-hoc signing app...
2025-02-28T15:28:25.1742450Z 
2025-02-28T15:28:25.1800450Z [2m[testbed][0m Built build/testbed/macos/app/Toga Testbed.app (test mode)
2025-02-28T15:28:25.4742180Z 
2025-02-28T15:28:25.4941610Z [2m[testbed][0m Starting test_suite...
2025-02-28T15:28:25.8260880Z ===========================================================================
2025-02-28T15:28:27.9957880Z Waiting for app to be ready for testing... ready.
2025-02-28T15:28:28.2537110Z ============================= test session starts ==============================
2025-02-28T15:28:32.1347960Z collecting ... collected 604 items / 1 skipped
2025-02-28T15:28:32.1368440Z 
2025-02-28T15:28:32.8139780Z tests/app/test_app.py::test_main_window_toolbar PASSED                   [  0%]
2025-02-28T15:28:33.0346950Z tests/app/test_app.py::test_system_menus PASSED                          [  0%]
2025-02-28T15:28:33.4896330Z tests/app/test_app.py::test_menu_about PASSED                            [  0%]
2025-02-28T15:28:33.6488090Z tests/app/test_app.py::test_menu_visit_homepage PASSED                   [  0%]
2025-02-28T15:28:33.9341760Z tests/app/test_app.py::test_menu_items PASSED                            [  0%]
2025-02-28T15:28:34.1152750Z tests/app/test_app.py::test_beep PASSED                                  [  0%]
2025-02-28T15:28:34.2153380Z tests/app/test_app.py::test_screens PASSED                               [  1%]
2025-02-28T15:28:34.5344820Z tests/app/test_app.py::test_app_icon PASSED                              [  1%]
2025-02-28T15:28:34.7397980Z tests/app/test_app.py::test_dark_mode_state_read PASSED                  [  1%]
2025-02-28T15:28:35.2234670Z tests/app/test_desktop.py::test_exit_on_close_main_window PASSED         [  1%]
2025-02-28T15:28:35.4011880Z tests/app/test_desktop.py::test_menu_exit PASSED                         [  1%]
2025-02-28T15:28:35.6832300Z tests/app/test_desktop.py::test_menu_close_windows PASSED                [  1%]
2025-02-28T15:28:36.4157210Z tests/app/test_desktop.py::test_menu_minimize PASSED                     [  2%]
2025-02-28T15:28:37.9134990Z tests/app/test_desktop.py::test_app_level_menu_hide PASSED               [  2%]
2025-02-28T15:28:39.8842490Z tests/app/test_desktop.py::test_presentation_mode PASSED                 [  2%]
2025-02-28T15:28:42.4908910Z tests/app/test_desktop.py::test_window_presentation_exit_on_another_window_presentation PASSED [  2%]
2025-02-28T15:28:46.7107270Z tests/app/test_desktop.py::test_presentation_mode_exit_on_window_state_change[WindowState.MINIMIZED] PASSED [  2%]
2025-02-28T15:28:50.8662060Z tests/app/test_desktop.py::test_presentation_mode_exit_on_window_state_change[WindowState.MAXIMIZED] PASSED [  2%]
2025-02-28T15:28:55.4829950Z tests/app/test_desktop.py::test_presentation_mode_exit_on_window_state_change[WindowState.FULLSCREEN] PASSED [  3%]
2025-02-28T15:28:55.8622070Z tests/app/test_desktop.py::test_show_hide_cursor PASSED                  [  3%]
2025-02-28T15:28:57.7856810Z tests/app/test_desktop.py::test_current_window PASSED                    [  3%]
2025-02-28T15:28:58.2820440Z tests/app/test_desktop.py::test_system_dpi_change[1.0-SystemEvents.DisplaySettingsChanged] XFAIL [  3%]
2025-02-28T15:28:58.4476850Z tests/app/test_desktop.py::test_system_dpi_change[1.0-Form.LocationChanged] XFAIL [  3%]
2025-02-28T15:28:58.6130250Z tests/app/test_desktop.py::test_system_dpi_change[1.0-Form.Resize] XFAIL [  3%]
2025-02-28T15:28:58.7723940Z tests/app/test_desktop.py::test_system_dpi_change[1.25-SystemEvents.DisplaySettingsChanged] XFAIL [  4%]
2025-02-28T15:28:58.9361870Z tests/app/test_desktop.py::test_system_dpi_change[1.25-Form.LocationChanged] XFAIL [  4%]
2025-02-28T15:28:59.0976380Z tests/app/test_desktop.py::test_system_dpi_change[1.25-Form.Resize] XFAIL [  4%]
2025-02-28T15:28:59.2574340Z tests/app/test_desktop.py::test_system_dpi_change[1.5-SystemEvents.DisplaySettingsChanged] XFAIL [  4%]
2025-02-28T15:28:59.4177780Z tests/app/test_desktop.py::test_system_dpi_change[1.5-Form.LocationChanged] XFAIL [  4%]
2025-02-28T15:28:59.5782160Z tests/app/test_desktop.py::test_system_dpi_change[1.5-Form.Resize] XFAIL [  4%]
2025-02-28T15:28:59.7384130Z tests/app/test_desktop.py::test_system_dpi_change[1.75-SystemEvents.DisplaySettingsChanged] XFAIL [  5%]
2025-02-28T15:28:59.9019810Z tests/app/test_desktop.py::test_system_dpi_change[1.75-Form.LocationChanged] XFAIL [  5%]
2025-02-28T15:29:00.0994030Z tests/app/test_desktop.py::test_system_dpi_change[1.75-Form.Resize] XFAIL [  5%]
2025-02-28T15:29:00.4619680Z tests/app/test_desktop.py::test_system_dpi_change[2.0-SystemEvents.DisplaySettingsChanged] XFAIL [  5%]
2025-02-28T15:29:00.6324780Z tests/app/test_desktop.py::test_system_dpi_change[2.0-Form.LocationChanged] XFAIL [  5%]
2025-02-28T15:29:00.8084020Z tests/app/test_desktop.py::test_system_dpi_change[2.0-Form.Resize] XFAIL [  5%]
2025-02-28T15:29:01.1084190Z tests/app/test_desktop.py::test_session_based_app PASSED                 [  6%]
2025-02-28T15:29:01.4364880Z tests/app/test_desktop.py::test_background_app PASSED                    [  6%]
2025-02-28T15:29:02.1828310Z tests/app/test_dialogs.py::test_info_dialog PASSED                       [  6%]
2025-02-28T15:29:02.9372150Z tests/app/test_dialogs.py::test_question_dialog[False] PASSED            [  6%]
2025-02-28T15:29:03.6962290Z tests/app/test_dialogs.py::test_question_dialog[True] PASSED             [  6%]
2025-02-28T15:29:04.4586220Z tests/app/test_dialogs.py::test_confirm_dialog[False] PASSED             [  6%]
2025-02-28T15:29:05.2151300Z tests/app/test_dialogs.py::test_confirm_dialog[True] PASSED              [  7%]
2025-02-28T15:29:06.0151230Z tests/app/test_dialogs.py::test_error_dialog PASSED                      [  7%]
2025-02-28T15:29:07.0050940Z tests/app/test_dialogs.py::test_stack_trace_dialog[None] PASSED          [  7%]
2025-02-28T15:29:07.7805820Z tests/app/test_dialogs.py::test_stack_trace_dialog[False] PASSED         [  7%]
2025-02-28T15:29:08.5500140Z tests/app/test_dialogs.py::test_stack_trace_dialog[True] PASSED          [  7%]
2025-02-28T15:29:10.2978350Z tests/app/test_dialogs.py::test_save_file_dialog[/path/to/file.txt-None-result0] PASSED [  7%]
2025-02-28T15:29:10.8307890Z tests/app/test_dialogs.py::test_save_file_dialog[/path/to/file.txt-None-None] PASSED [  8%]
2025-02-28T15:29:11.3700170Z tests/app/test_dialogs.py::test_save_file_dialog[/path/to/file.txt-file_types2-result2] PASSED [  8%]
2025-02-28T15:29:11.8999730Z tests/app/test_dialogs.py::test_save_file_dialog[/path/to/file.txt-file_types3-None] PASSED [  8%]
2025-02-28T15:29:12.6191830Z tests/app/test_dialogs.py::test_open_file_dialog[initial_directory0-None-False-result0] PASSED [  8%]
2025-02-28T15:29:13.4835010Z tests/app/test_dialogs.py::test_open_file_dialog[initial_directory1-None-False-None] PASSED [  8%]
2025-02-28T15:29:14.0670110Z tests/app/test_dialogs.py::test_open_file_dialog[None-None-False-result2] PASSED [  8%]
2025-02-28T15:29:14.7520100Z tests/app/test_dialogs.py::test_open_file_dialog[initial_directory3-file_types3-False-result3] PASSED [  9%]
2025-02-28T15:29:15.4347830Z tests/app/test_dialogs.py::test_open_file_dialog[initial_directory4-None-True-result4] PASSED [  9%]
2025-02-28T15:29:16.1250870Z tests/app/test_dialogs.py::test_open_file_dialog[initial_directory5-None-True-result5] PASSED [  9%]
2025-02-28T15:29:16.8305590Z tests/app/test_dialogs.py::test_open_file_dialog[initial_directory6-None-True-None] PASSED [  9%]
2025-02-28T15:29:17.4500200Z tests/app/test_dialogs.py::test_open_file_dialog[None-None-True-result7] PASSED [  9%]
2025-02-28T15:29:18.5276720Z tests/app/test_dialogs.py::test_open_file_dialog[initial_directory8-file_types8-True-result8] PASSED [  9%]
2025-02-28T15:29:19.6278250Z tests/app/test_dialogs.py::test_select_folder_dialog[initial_directory0-False-result0] PASSED [ 10%]
2025-02-28T15:29:20.5599740Z tests/app/test_dialogs.py::test_select_folder_dialog[initial_directory1-False-None] PASSED [ 10%]
2025-02-28T15:29:21.1624800Z tests/app/test_dialogs.py::test_select_folder_dialog[None-False-result2] PASSED [ 10%]
2025-02-28T15:29:21.9269000Z tests/app/test_dialogs.py::test_select_folder_dialog[initial_directory3-True-result3] PASSED [ 10%]
2025-02-28T15:29:22.6657350Z tests/app/test_dialogs.py::test_select_folder_dialog[initial_directory4-True-result4] PASSED [ 10%]
2025-02-28T15:29:23.3969860Z tests/app/test_dialogs.py::test_select_folder_dialog[initial_directory5-True-None] PASSED [ 10%]
2025-02-28T15:29:23.5871530Z tests/app/test_document_app.py::test_new_document PASSED                 [ 11%]
2025-02-28T15:29:23.9920660Z tests/app/test_document_app.py::test_open_document PASSED                [ 11%]
2025-02-28T15:29:24.2943810Z tests/app/test_document_app.py::test_open_missing_document PASSED        [ 11%]
2025-02-28T15:29:24.4885040Z tests/app/test_document_app.py::test_open_bad_document PASSED            [ 11%]
2025-02-28T15:29:24.7564040Z tests/app/test_document_app.py::test_open_initial_document PASSED        [ 11%]
2025-02-28T15:29:26.0707560Z tests/app/test_document_app.py::test_open_document_by_drag PASSED        [ 11%]
2025-02-28T15:29:26.4702770Z tests/app/test_document_app.py::test_save_document PASSED                [ 12%]
2025-02-28T15:29:27.0364570Z tests/app/test_document_app.py::test_save_as_document PASSED             [ 12%]
2025-02-28T15:29:27.4384160Z tests/app/test_document_app.py::test_save_all_documents PASSED           [ 12%]
2025-02-28T15:29:27.7333640Z tests/app/test_screens.py::test_name PASSED                              [ 12%]
2025-02-28T15:29:27.9118720Z tests/app/test_screens.py::test_origin PASSED                            [ 12%]
2025-02-28T15:29:28.0885440Z tests/app/test_screens.py::test_size PASSED                              [ 12%]
2025-02-28T15:29:28.6971910Z tests/app/test_screens.py::test_as_image PASSED                          [ 13%]
2025-02-28T15:29:28.8815350Z tests/hardware/test_camera.py::test_camera_properties[CameraProbe] PASSED [ 13%]
2025-02-28T15:29:29.0725610Z tests/hardware/test_camera.py::test_grant_permission[CameraProbe] PASSED [ 13%]
2025-02-28T15:29:29.2460500Z tests/hardware/test_camera.py::test_deny_permission[CameraProbe] PASSED  [ 13%]
2025-02-28T15:29:30.2383020Z tests/hardware/test_camera.py::test_take_photo[CameraProbe] PASSED       [ 13%]
2025-02-28T15:29:31.0540190Z tests/hardware/test_camera.py::test_flash_mode[CameraProbe] PASSED       [ 13%]
2025-02-28T15:29:31.4443480Z tests/hardware/test_camera.py::test_take_photo_unknown_permission[CameraProbe] PASSED [ 14%]
2025-02-28T15:29:31.8306470Z tests/hardware/test_camera.py::test_cancel_photo[CameraProbe] PASSED     [ 14%]
2025-02-28T15:29:32.0051300Z tests/hardware/test_camera.py::test_take_photo_no_permission[CameraProbe] PASSED [ 14%]
2025-02-28T15:29:32.4120380Z tests/hardware/test_camera.py::test_change_camera[CameraProbe] PASSED    [ 14%]
2025-02-28T15:29:32.8051660Z tests/hardware/test_camera.py::test_no_cameras[CameraProbe] PASSED       [ 14%]
2025-02-28T15:29:32.9815680Z tests/hardware/test_location.py::test_grant_permission[LocationProbe] PASSED [ 14%]
2025-02-28T15:29:33.1570150Z tests/hardware/test_location.py::test_deny_permission[LocationProbe] PASSED [ 15%]
2025-02-28T15:29:33.3355430Z tests/hardware/test_location.py::test_grant_background_permission[LocationProbe] PASSED [ 15%]
2025-02-28T15:29:33.5088500Z tests/hardware/test_location.py::test_deny_background_permission[LocationProbe] PASSED [ 15%]
2025-02-28T15:29:33.6989420Z tests/hardware/test_location.py::test_current_location[LocationProbe] PASSED [ 15%]
2025-02-28T15:29:33.8809450Z tests/hardware/test_location.py::test_track_location[LocationProbe] PASSED [ 15%]
2025-02-28T15:29:34.0609290Z tests/hardware/test_location.py::test_track_location_retrack[LocationProbe] PASSED [ 15%]
2025-02-28T15:29:34.2335050Z tests/hardware/test_location.py::test_stop_tracking_when_already_stopped[LocationProbe] PASSED [ 16%]
2025-02-28T15:29:34.4355320Z tests/hardware/test_location.py::test_location_error[LocationProbe] PASSED [ 16%]
2025-02-28T15:29:34.6121530Z tests/hardware/test_location.py::test_location_tracking_start_error[LocationProbe] XFAIL [ 16%]
2025-02-28T15:29:34.7870070Z tests/hardware/test_location.py::test_no_permission[LocationProbe] PASSED [ 16%]
2025-02-28T15:29:34.9594160Z tests/test_command.py::test_unknown_system_command PASSED                [ 16%]
2025-02-28T15:29:35.1877330Z tests/test_fonts.py::test_use_system_font_fallback PASSED                [ 16%]
2025-02-28T15:29:36.2538380Z tests/test_fonts.py::test_font_options PASSED                            [ 17%]
2025-02-28T15:29:36.6620130Z tests/test_fonts.py::test_font_file_loaded[Font Awesome 5 Free Solid-resources/fonts/Font Awesome 5 Free-Solid-900.otf-font_kwargs0-False] PASSED [ 17%]
2025-02-28T15:29:36.8853360Z tests/test_fonts.py::test_font_file_loaded[Endor-resources/fonts/ENDOR___.ttf-font_kwargs1-False] PASSED [ 17%]
2025-02-28T15:29:37.1001030Z tests/test_fonts.py::test_font_file_loaded[Endor-resources/fonts/ENDOR___.ttf-font_kwargs2-True] PASSED [ 17%]
2025-02-28T15:29:37.3361070Z tests/test_fonts.py::test_font_file_loaded[Roboto-resources/fonts/Roboto-Bold.ttf-font_kwargs3-False] PASSED [ 17%]
2025-02-28T15:29:37.5704470Z tests/test_fonts.py::test_font_file_loaded[Roboto-resources/fonts/Roboto-Italic.ttf-font_kwargs4-False] PASSED [ 17%]
2025-02-28T15:29:37.8025500Z tests/test_fonts.py::test_font_file_loaded[Roboto-resources/fonts/Roboto-BoldItalic.ttf-font_kwargs5-False] PASSED [ 18%]
2025-02-28T15:29:37.9906210Z tests/test_fonts.py::test_non_existent_font_file PASSED                  [ 18%]
2025-02-28T15:29:38.2083270Z tests/test_fonts.py::test_corrupted_font_file PASSED                     [ 18%]
2025-02-28T15:29:38.4116190Z tests/test_icons.py::test_icon PASSED                                    [ 18%]
2025-02-28T15:29:38.6754480Z tests/test_icons.py::test_app_icon PASSED                                [ 18%]
2025-02-28T15:29:38.8512910Z tests/test_icons.py::test_system_icon PASSED                             [ 18%]
2025-02-28T15:29:39.0303930Z tests/test_icons.py::test_platform_icon PASSED                           [ 19%]
2025-02-28T15:29:39.2158550Z tests/test_icons.py::test_bad_icon_file PASSED                           [ 19%]
2025-02-28T15:29:39.4000530Z tests/test_images.py::test_local_image PASSED                            [ 19%]
2025-02-28T15:29:39.5777620Z tests/test_images.py::test_raw_image PASSED                              [ 19%]
2025-02-28T15:29:39.7627100Z tests/test_images.py::test_bad_image_file PASSED                         [ 19%]
2025-02-28T15:29:39.9617440Z tests/test_images.py::test_buffer_image PASSED                           [ 19%]
2025-02-28T15:29:40.1473050Z tests/test_images.py::test_pil_raw_and_data_image PASSED                 [ 20%]
2025-02-28T15:29:40.3207730Z tests/test_images.py::test_bad_image_data PASSED                         [ 20%]
2025-02-28T15:29:40.5373610Z tests/test_images.py::test_save PASSED                                   [ 20%]
2025-02-28T15:29:40.7256960Z tests/test_keys.py::test_key_combinations[a-key_data0] PASSED            [ 20%]
2025-02-28T15:29:40.9015410Z tests/test_keys.py::test_key_combinations[A-key_data1] PASSED            [ 20%]
2025-02-28T15:29:41.0802920Z tests/test_keys.py::test_key_combinations[<mod 1>a-key_data2] PASSED     [ 20%]
2025-02-28T15:29:41.2559110Z tests/test_keys.py::test_key_combinations[<mod 2>a-key_data3] PASSED     [ 21%]
2025-02-28T15:29:41.4339850Z tests/test_keys.py::test_key_combinations[<mod 3>a-key_data4] PASSED     [ 21%]
2025-02-28T15:29:41.6112190Z tests/test_keys.py::test_key_combinations[<mod 1><mod 2>a-key_data5] PASSED [ 21%]
2025-02-28T15:29:41.7875120Z tests/test_keys.py::test_key_combinations[<mod 2><mod 1>a-key_data6] PASSED [ 21%]
2025-02-28T15:29:41.9652410Z tests/test_keys.py::test_key_combinations[<mod 1><mod 2><mod 3>A-key_data7] PASSED [ 21%]
2025-02-28T15:29:42.1625590Z tests/test_keys.py::test_key_combinations[1-key_data8] PASSED            [ 21%]
2025-02-28T15:29:42.3323200Z tests/test_keys.py::test_key_combinations[!-key_data9] PASSED            [ 22%]
2025-02-28T15:29:42.5207250Z tests/test_keys.py::test_key_combinations[Key.F5-key_data10] PASSED      [ 22%]
2025-02-28T15:29:42.7029560Z tests/test_keys.py::test_key_combinations[Key.HOME-key_data11] PASSED    [ 22%]
2025-02-28T15:29:42.8885660Z tests/test_keys.py::test_key_combinations[<home><mod 1>-key_data12] PASSED [ 22%]
2025-02-28T15:29:43.0690700Z tests/test_keys.py::test_key_combinations[numpad:5<mod 1>-key_data13] PASSED [ 22%]
2025-02-28T15:29:43.2549800Z tests/test_keys.py::test_key_combinations[<mod 1>;-key_data14] PASSED    [ 22%]
2025-02-28T15:29:43.4282790Z tests/test_keys.py::test_key_combinations[<mod 1> -key_data15] PASSED    [ 23%]
2025-02-28T15:29:43.6073260Z tests/test_keys.py::test_key_combinations[<mod 1>'-key_data16] PASSED    [ 23%]
2025-02-28T15:29:43.7923690Z tests/test_keys.py::test_key_combinations[<mod 1>|-key_data17] PASSED    [ 23%]
2025-02-28T15:29:43.9668680Z tests/test_paths.py::test_app_paths[config] PASSED                       [ 23%]
2025-02-28T15:29:44.1429090Z tests/test_paths.py::test_app_paths[data] PASSED                         [ 23%]
2025-02-28T15:29:44.3253890Z tests/test_paths.py::test_app_paths[cache] PASSED                        [ 23%]
2025-02-28T15:29:44.5046920Z tests/test_paths.py::test_app_paths[logs] PASSED                         [ 24%]
2025-02-28T15:29:44.8204820Z tests/test_statusicons.py::test_add_remove PASSED                        [ 24%]
2025-02-28T15:29:45.0149270Z tests/test_statusicons.py::test_unknown_status_icon PASSED               [ 24%]
2025-02-28T15:29:45.3309300Z tests/test_statusicons.py::test_activate_button_icon PASSED              [ 24%]
2025-02-28T15:29:45.5158880Z tests/test_statusicons.py::test_activate_status_menu_item PASSED         [ 24%]
2025-02-28T15:29:45.7442420Z tests/widgets/test_activityindicator.py::test_enable_noop <- build/testbed/macos/app/Toga Testbed.app/Contents/Resources/app/tests/widgets/properties.py PASSED [ 24%]
2025-02-28T15:29:46.0883490Z tests/widgets/test_activityindicator.py::test_focus_noop <- build/testbed/macos/app/Toga Testbed.app/Contents/Resources/app/tests/widgets/properties.py PASSED [ 25%]
2025-02-28T15:29:46.3014120Z tests/widgets/test_activityindicator.py::test_cleanup <- build/testbed/macos/app/Toga Testbed.app/Contents/Resources/app/tests/widgets/conftest.py PASSED [ 25%]
2025-02-28T15:29:46.5211330Z tests/widgets/test_activityindicator.py::test_start_stop PASSED          [ 25%]
2025-02-28T15:29:46.7280280Z tests/widgets/test_activityindicator.py::test_fixed_square_widget_size PASSED [ 25%]
2025-02-28T15:29:46.9876420Z tests/widgets/test_base.py::test_visibility PASSED                       [ 25%]
2025-02-28T15:29:47.2334920Z tests/widgets/test_base.py::test_parenting PASSED                        [ 25%]
2025-02-28T15:29:47.4498720Z tests/widgets/test_base.py::test_tab_index PASSED                        [ 25%]
2025-02-28T15:29:47.6788110Z tests/widgets/test_box.py::test_background_color <- build/testbed/macos/app/Toga Testbed.app/Contents/Resources/app/tests/widgets/properties.py PASSED [ 26%]
2025-02-28T15:29:47.8825400Z tests/widgets/test_box.py::test_background_color_reset <- build/testbed/macos/app/Toga Testbed.app/Contents/Resources/app/tests/widgets/properties.py PASSED [ 26%]
2025-02-28T15:29:48.0919240Z tests/widgets/test_box.py::test_background_color_transparent <- build/testbed/macos/app/Toga Testbed.app/Contents/Resources/app/tests/widgets/properties.py PASSED [ 26%]
2025-02-28T15:29:48.2991200Z tests/widgets/test_box.py::test_enable_noop <- build/testbed/macos/app/Toga Testbed.app/Contents/Resources/app/tests/widgets/properties.py PASSED [ 26%]
2025-02-28T15:29:48.5126920Z tests/widgets/test_box.py::test_flex_widget_size <- build/testbed/macos/app/Toga Testbed.app/Contents/Resources/app/tests/widgets/properties.py PASSED [ 26%]
2025-02-28T15:29:48.7413140Z tests/widgets/test_box.py::test_focus_noop <- build/testbed/macos/app/Toga Testbed.app/Contents/Resources/app/tests/widgets/properties.py PASSED [ 26%]
2025-02-28T15:29:48.9586850Z tests/widgets/test_box.py::test_cleanup <- build/testbed/macos/app/Toga Testbed.app/Contents/Resources/app/tests/widgets/conftest.py PASSED [ 27%]
2025-02-28T15:29:49.2020340Z tests/widgets/test_button.py::test_background_color <- build/testbed/macos/app/Toga Testbed.app/Contents/Resources/app/tests/widgets/properties.py PASSED [ 27%]
2025-02-28T15:29:49.4189710Z tests/widgets/test_button.py::test_background_color_reset <- build/testbed/macos/app/Toga Testbed.app/Contents/Resources/app/tests/widgets/properties.py PASSED [ 27%]
2025-02-28T15:29:49.6381040Z tests/widgets/test_button.py::test_color <- build/testbed/macos/app/Toga Testbed.app/Contents/Resources/app/tests/widgets/properties.py XFAIL [ 27%]
2025-02-28T15:29:49.8540440Z tests/widgets/test_button.py::test_color_reset <- build/testbed/macos/app/Toga Testbed.app/Contents/Resources/app/tests/widgets/properties.py XFAIL [ 27%]
2025-02-28T15:29:50.0719920Z tests/widgets/test_button.py::test_enabled <- build/testbed/macos/app/Toga Testbed.app/Contents/Resources/app/tests/widgets/properties.py PASSED [ 27%]
2025-02-28T15:29:50.3187090Z tests/widgets/test_button.py::test_flex_horizontal_widget_size <- build/testbed/macos/app/Toga Testbed.app/Contents/Resources/app/tests/widgets/properties.py PASSED [ 28%]
2025-02-28T15:29:50.5626330Z tests/widgets/test_button.py::test_font <- build/testbed/macos/app/Toga Testbed.app/Contents/Resources/app/tests/widgets/properties.py PASSED [ 28%]
2025-02-28T15:29:50.8344120Z tests/widgets/test_button.py::test_font_attrs <- build/testbed/macos/app/Toga Testbed.app/Contents/Resources/app/tests/widgets/properties.py PASSED [ 28%]
2025-02-28T15:29:51.0529200Z tests/widgets/test_button.py::test_text_width_change <- build/testbed/macos/app/Toga Testbed.app/Contents/Resources/app/tests/widgets/properties.py PASSED [ 28%]
2025-02-28T15:29:51.3257530Z tests/widgets/test_button.py::test_focus <- build/testbed/macos/app/Toga Testbed.app/Contents/Resources/app/tests/widgets/properties.py PASSED [ 28%]
2025-02-28T15:29:51.5454050Z tests/widgets/test_button.py::test_cleanup <- build/testbed/macos/app/Toga Testbed.app/Contents/Resources/app/tests/widgets/conftest.py PASSED [ 28%]
2025-02-28T15:29:51.8547590Z tests/widgets/test_button.py::test_text PASSED                           [ 29%]
2025-02-28T15:29:52.0916780Z tests/widgets/test_button.py::test_icon PASSED                           [ 29%]
2025-02-28T15:29:52.5538660Z tests/widgets/test_button.py::test_press PASSED                          [ 29%]
2025-02-28T15:29:52.7722440Z tests/widgets/test_button.py::test_background_color_transparent PASSED   [ 29%]
2025-02-28T15:29:53.0562930Z tests/widgets/test_canvas.py::test_background_color <- build/testbed/macos/app/Toga Testbed.app/Contents/Resources/app/tests/widgets/properties.py PASSED [ 29%]
2025-02-28T15:29:53.2750450Z tests/widgets/test_canvas.py::test_background_color_reset <- build/testbed/macos/app/Toga Testbed.app/Contents/Resources/app/tests/widgets/properties.py PASSED [ 29%]
2025-02-28T15:29:53.4919420Z tests/widgets/test_canvas.py::test_background_color_transparent <- build/testbed/macos/app/Toga Testbed.app/Contents/Resources/app/tests/widgets/properties.py PASSED [ 30%]
2025-02-28T15:29:53.7074290Z tests/widgets/test_canvas.py::test_enable_noop <- build/testbed/macos/app/Toga Testbed.app/Contents/Resources/app/tests/widgets/properties.py PASSED [ 30%]
2025-02-28T15:29:53.9452780Z tests/widgets/test_canvas.py::test_flex_widget_size <- build/testbed/macos/app/Toga Testbed.app/Contents/Resources/app/tests/widgets/properties.py PASSED [ 30%]
2025-02-28T15:29:54.2020110Z tests/widgets/test_canvas.py::test_focus_noop <- build/testbed/macos/app/Toga Testbed.app/Contents/Resources/app/tests/widgets/properties.py PASSED [ 30%]
2025-02-28T15:29:54.4180510Z tests/widgets/test_canvas.py::test_cleanup <- build/testbed/macos/app/Toga Testbed.app/Contents/Resources/app/tests/widgets/conftest.py PASSED [ 30%]
2025-02-28T15:29:54.6428380Z tests/widgets/test_canvas.py::test_resize PASSED                         [ 30%]
2025-02-28T15:29:54.8977750Z tests/widgets/test_canvas.py::test_press PASSED                          [ 31%]
2025-02-28T15:29:55.1217170Z tests/widgets/test_canvas.py::test_activate PASSED                       [ 31%]
2025-02-28T15:29:55.3482810Z tests/widgets/test_canvas.py::test_drag PASSED                           [ 31%]
2025-02-28T15:29:55.5750690Z tests/widgets/test_canvas.py::test_alt_press PASSED                      [ 31%]
2025-02-28T15:29:55.8069090Z tests/widgets/test_canvas.py::test_alt_drag PASSED                       [ 31%]
2025-02-28T15:29:56.1169220Z tests/widgets/test_canvas.py::test_image_data PASSED                     [ 31%]
2025-02-28T15:29:56.7810070Z tests/widgets/test_canvas.py::test_transparency PASSED                   [ 32%]
2025-02-28T15:29:57.4427900Z tests/widgets/test_canvas.py::test_paths PASSED                          [ 32%]
2025-02-28T15:29:58.1035060Z tests/widgets/test_canvas.py::test_bezier_curve PASSED                   [ 32%]
2025-02-28T15:29:58.7583890Z tests/widgets/test_canvas.py::test_quadratic_curve PASSED                [ 32%]
2025-02-28T15:29:59.4211020Z tests/widgets/test_canvas.py::test_arc PASSED                            [ 32%]
2025-02-28T15:30:00.0849210Z tests/widgets/test_canvas.py::test_ellipse PASSED                        [ 32%]
2025-02-28T15:30:00.7446350Z tests/widgets/test_canvas.py::test_ellipse_path PASSED                   [ 33%]
2025-02-28T15:30:01.4044680Z tests/widgets/test_canvas.py::test_rect PASSED                           [ 33%]
2025-02-28T15:30:02.0668900Z tests/widgets/test_canvas.py::test_fill PASSED                           [ 33%]
2025-02-28T15:30:02.7255930Z tests/widgets/test_canvas.py::test_stroke PASSED                         [ 33%]
2025-02-28T15:30:03.3933320Z tests/widgets/test_canvas.py::test_closed_path_context PASSED            [ 33%]
2025-02-28T15:30:04.0596470Z tests/widgets/test_canvas.py::test_fill_context PASSED                   [ 33%]
2025-02-28T15:30:04.7234260Z tests/widgets/test_canvas.py::test_stroke_context PASSED                 [ 34%]
2025-02-28T15:30:05.3893430Z tests/widgets/test_canvas.py::test_transforms PASSED                     [ 34%]
2025-02-28T15:30:06.1308480Z tests/widgets/test_canvas.py::test_write_text PASSED                     [ 34%]
2025-02-28T15:30:06.8671530Z tests/widgets/test_canvas.py::test_multiline_text PASSED                 [ 34%]
2025-02-28T15:30:07.0531420Z tests/widgets/test_dateinput.py::test_background_color <- build/testbed/macos/app/Toga Testbed.app/Contents/Resources/app/tests/widgets/properties.py SKIPPED [ 34%]
2025-02-28T15:30:07.2379330Z tests/widgets/test_dateinput.py::test_background_color_reset <- build/testbed/macos/app/Toga Testbed.app/Contents/Resources/app/tests/widgets/properties.py SKIPPED [ 34%]
2025-02-28T15:30:07.4258730Z tests/widgets/test_dateinput.py::test_background_color_transparent <- build/testbed/macos/app/Toga Testbed.app/Contents/Resources/app/tests/widgets/properties.py SKIPPED [ 35%]
2025-02-28T15:30:07.6091050Z tests/widgets/test_dateinput.py::test_color <- build/testbed/macos/app/Toga Testbed.app/Contents/Resources/app/tests/widgets/properties.py SKIPPED [ 35%]
2025-02-28T15:30:07.7951300Z tests/widgets/test_dateinput.py::test_color_reset <- build/testbed/macos/app/Toga Testbed.app/Contents/Resources/app/tests/widgets/properties.py SKIPPED [ 35%]
2025-02-28T15:30:07.9822190Z tests/widgets/test_dateinput.py::test_enabled <- build/testbed/macos/app/Toga Testbed.app/Contents/Resources/app/tests/widgets/properties.py SKIPPED [ 35%]
2025-02-28T15:30:08.1645170Z tests/widgets/test_dateinput.py::test_flex_horizontal_widget_size <- build/testbed/macos/app/Toga Testbed.app/Contents/Resources/app/tests/widgets/properties.py SKIPPED [ 35%]
2025-02-28T15:30:08.3583120Z tests/widgets/test_dateinput.py::test_cleanup <- build/testbed/macos/app/Toga Testbed.app/Contents/Resources/app/tests/widgets/conftest.py SKIPPED [ 35%]
2025-02-28T15:30:08.5126160Z tests/widgets/test_dateinput.py::test_init SKIPPED (not yet implemented
2025-02-28T15:30:08.5577140Z on macOS)                                                                [ 36%]
2025-02-28T15:30:08.7037280Z tests/widgets/test_dateinput.py::test_value SKIPPED (not yet implemented
2025-02-28T15:30:08.7423910Z on macOS)                                                                [ 36%]
2025-02-28T15:30:08.8870330Z tests/widgets/test_dateinput.py::test_change SKIPPED (not yet
2025-02-28T15:30:08.9244340Z implemented on macOS)                                                    [ 36%]
2025-02-28T15:30:09.0677950Z tests/widgets/test_dateinput.py::test_min SKIPPED (not yet implemented
2025-02-28T15:30:09.1091670Z on macOS)                                                                [ 36%]
2025-02-28T15:30:09.2555090Z tests/widgets/test_dateinput.py::test_max SKIPPED (not yet implemented
2025-02-28T15:30:09.2922740Z on macOS)                                                                [ 36%]
2025-02-28T15:30:09.9605510Z tests/widgets/test_detailedlist.py::test_enable_noop <- build/testbed/macos/app/Toga Testbed.app/Contents/Resources/app/tests/widgets/properties.py PASSED [ 36%]
2025-02-28T15:30:10.7748550Z tests/widgets/test_detailedlist.py::test_flex_widget_size <- build/testbed/macos/app/Toga Testbed.app/Contents/Resources/app/tests/widgets/properties.py PASSED [ 37%]
2025-02-28T15:30:11.3416330Z tests/widgets/test_detailedlist.py::test_focus_noop <- build/testbed/macos/app/Toga Testbed.app/Contents/Resources/app/tests/widgets/properties.py PASSED [ 37%]
2025-02-28T15:30:11.5983490Z tests/widgets/test_detailedlist.py::test_cleanup <- build/testbed/macos/app/Toga Testbed.app/Contents/Resources/app/tests/widgets/conftest.py PASSED [ 37%]
2025-02-28T15:30:12.1450550Z tests/widgets/test_detailedlist.py::test_scroll PASSED                   [ 37%]
2025-02-28T15:30:13.0035250Z tests/widgets/test_detailedlist.py::test_select PASSED                   [ 37%]
2025-02-28T15:30:13.5904410Z tests/widgets/test_detailedlist.py::test_row_changes PASSED              [ 37%]
2025-02-28T15:30:14.6099400Z tests/widgets/test_detailedlist.py::test_refresh PASSED                  [ 38%]
2025-02-28T15:30:16.8963240Z tests/widgets/test_detailedlist.py::test_actions PASSED                  [ 38%]
2025-02-28T15:30:17.1341360Z tests/widgets/test_divider.py::test_enable_noop <- build/testbed/macos/app/Toga Testbed.app/Contents/Resources/app/tests/widgets/properties.py PASSED [ 38%]
2025-02-28T15:30:17.3793260Z tests/widgets/test_divider.py::test_focus_noop <- build/testbed/macos/app/Toga Testbed.app/Contents/Resources/app/tests/widgets/properties.py PASSED [ 38%]
2025-02-28T15:30:17.6126720Z tests/widgets/test_divider.py::test_cleanup <- build/testbed/macos/app/Toga Testbed.app/Contents/Resources/app/tests/widgets/conftest.py PASSED [ 38%]
2025-02-28T15:30:17.8371300Z tests/widgets/test_divider.py::test_directions PASSED                    [ 38%]
2025-02-28T15:30:18.0851800Z tests/widgets/test_imageview.py::test_background_color <- build/testbed/macos/app/Toga Testbed.app/Contents/Resources/app/tests/widgets/properties.py PASSED [ 39%]
2025-02-28T15:30:18.3250120Z tests/widgets/test_imageview.py::test_background_color_reset <- build/testbed/macos/app/Toga Testbed.app/Contents/Resources/app/tests/widgets/properties.py PASSED [ 39%]
2025-02-28T15:30:18.5654690Z tests/widgets/test_imageview.py::test_background_color_transparent <- build/testbed/macos/app/Toga Testbed.app/Contents/Resources/app/tests/widgets/properties.py PASSED [ 39%]
2025-02-28T15:30:18.7913440Z tests/widgets/test_imageview.py::test_enable_noop <- build/testbed/macos/app/Toga Testbed.app/Contents/Resources/app/tests/widgets/properties.py PASSED [ 39%]
2025-02-28T15:30:19.0559590Z tests/widgets/test_imageview.py::test_focus_noop <- build/testbed/macos/app/Toga Testbed.app/Contents/Resources/app/tests/widgets/properties.py PASSED [ 39%]
2025-02-28T15:30:19.2957650Z tests/widgets/test_imageview.py::test_cleanup <- build/testbed/macos/app/Toga Testbed.app/Contents/Resources/app/tests/widgets/conftest.py PASSED [ 39%]
2025-02-28T15:30:19.5481020Z tests/widgets/test_imageview.py::test_implicit_size PASSED               [ 40%]
2025-02-28T15:30:19.7783540Z tests/widgets/test_imageview.py::test_explicit_width PASSED              [ 40%]
2025-02-28T15:30:20.0182800Z tests/widgets/test_imageview.py::test_explicit_height PASSED             [ 40%]
2025-02-28T15:30:20.2585530Z tests/widgets/test_imageview.py::test_explicit_size PASSED               [ 40%]
2025-02-28T15:30:20.4851550Z tests/widgets/test_label.py::test_background_color <- build/testbed/macos/app/Toga Testbed.app/Contents/Resources/app/tests/widgets/properties.py PASSED [ 40%]
2025-02-28T15:30:20.7063060Z tests/widgets/test_label.py::test_background_color_reset <- build/testbed/macos/app/Toga Testbed.app/Contents/Resources/app/tests/widgets/properties.py PASSED [ 40%]
2025-02-28T15:30:20.9307330Z tests/widgets/test_label.py::test_background_color_transparent <- build/testbed/macos/app/Toga Testbed.app/Contents/Resources/app/tests/widgets/properties.py PASSED [ 41%]
2025-02-28T15:30:21.1537570Z tests/widgets/test_label.py::test_color <- build/testbed/macos/app/Toga Testbed.app/Contents/Resources/app/tests/widgets/properties.py PASSED [ 41%]
2025-02-28T15:30:21.3675670Z tests/widgets/test_label.py::test_color_reset <- build/testbed/macos/app/Toga Testbed.app/Contents/Resources/app/tests/widgets/properties.py PASSED [ 41%]
2025-02-28T15:30:21.6141120Z tests/widgets/test_label.py::test_enabled <- build/testbed/macos/app/Toga Testbed.app/Contents/Resources/app/tests/widgets/properties.py PASSED [ 41%]
2025-02-28T15:30:21.8583380Z tests/widgets/test_label.py::test_flex_horizontal_widget_size <- build/testbed/macos/app/Toga Testbed.app/Contents/Resources/app/tests/widgets/properties.py PASSED [ 41%]
2025-02-28T15:30:22.1169580Z tests/widgets/test_label.py::test_focus_noop <- build/testbed/macos/app/Toga Testbed.app/Contents/Resources/app/tests/widgets/properties.py PASSED [ 41%]
2025-02-28T15:30:22.3515930Z tests/widgets/test_label.py::test_font <- build/testbed/macos/app/Toga Testbed.app/Contents/Resources/app/tests/widgets/properties.py PASSED [ 42%]
2025-02-28T15:30:22.6082920Z tests/widgets/test_label.py::test_font_attrs <- build/testbed/macos/app/Toga Testbed.app/Contents/Resources/app/tests/widgets/properties.py PASSED [ 42%]
2025-02-28T15:30:22.8836970Z tests/widgets/test_label.py::test_text <- build/testbed/macos/app/Toga Testbed.app/Contents/Resources/app/tests/widgets/properties.py PASSED [ 42%]
2025-02-28T15:30:23.1138150Z tests/widgets/test_label.py::test_text_align <- build/testbed/macos/app/Toga Testbed.app/Contents/Resources/app/tests/widgets/properties.py PASSED [ 42%]
2025-02-28T15:30:23.3352480Z tests/widgets/test_label.py::test_text_width_change <- build/testbed/macos/app/Toga Testbed.app/Contents/Resources/app/tests/widgets/properties.py PASSED [ 42%]
2025-02-28T15:30:23.5706300Z tests/widgets/test_label.py::test_cleanup <- build/testbed/macos/app/Toga Testbed.app/Contents/Resources/app/tests/widgets/conftest.py PASSED [ 42%]
2025-02-28T15:30:23.8052270Z tests/widgets/test_label.py::test_multiline PASSED                       [ 43%]
2025-02-28T15:30:25.4383950Z tests/widgets/test_mapview.py::test_flex_widget_size <- build/testbed/macos/app/Toga Testbed.app/Contents/Resources/app/tests/widgets/properties.py PASSED [ 43%]
2025-02-28T15:30:26.7667320Z tests/widgets/test_mapview.py::test_focus <- build/testbed/macos/app/Toga Testbed.app/Contents/Resources/app/tests/widgets/properties.py PASSED [ 43%]
2025-02-28T15:30:27.0532800Z tests/widgets/test_mapview.py::test_cleanup <- build/testbed/macos/app/Toga Testbed.app/Contents/Resources/app/tests/widgets/conftest.py PASSED [ 43%]
2025-02-28T15:30:30.5292700Z tests/widgets/test_mapview.py::test_location XPASS (Test is unreliable
2025-02-28T15:30:30.5866360Z on macOS x86_64)                                                         [ 43%]
2025-02-28T15:30:35.0621930Z tests/widgets/test_mapview.py::test_zoom XPASS (Test is unreliable on
2025-02-28T15:30:35.1185450Z macOS x86_64)                                                            [ 43%]
2025-02-28T15:30:39.0213560Z === Messages dropped during live streaming (use `log show` to see what they were)
2025-02-28T15:30:39.0226530Z === Messages dropped during live streaming (use `log show` to see what they were)
2025-02-28T15:30:39.0235840Z === Messages dropped during live streaming (use `log show` to see what they were)
2025-02-28T15:30:39.0244910Z === Messages dropped during live streaming (use `log show` to see what they were)
2025-02-28T15:30:39.0254130Z === Messages dropped during live streaming (use `log show` to see what they were)
2025-02-28T15:30:39.0262950Z === Messages dropped during live streaming (use `log show` to see what they were)
2025-02-28T15:30:39.0271890Z === Messages dropped during live streaming (use `log show` to see what they were)
2025-02-28T15:30:39.0282140Z tests/widgets/test_mapview.py::test_add_pins PASSED                      [ 44%]
2025-02-28T15:30:41.9244800Z tests/widgets/test_mapview.py::test_select_pin PASSED                    [ 44%]
2025-02-28T15:30:42.2396940Z tests/widgets/test_multilinetextinput.py::test_background_color <- build/testbed/macos/app/Toga Testbed.app/Contents/Resources/app/tests/widgets/properties.py PASSED [ 44%]
2025-02-28T15:30:42.4759920Z tests/widgets/test_multilinetextinput.py::test_background_color_reset <- build/testbed/macos/app/Toga Testbed.app/Contents/Resources/app/tests/widgets/properties.py PASSED [ 44%]
2025-02-28T15:30:42.7168370Z tests/widgets/test_multilinetextinput.py::test_background_color_transparent <- build/testbed/macos/app/Toga Testbed.app/Contents/Resources/app/tests/widgets/properties.py PASSED [ 44%]
2025-02-28T15:30:42.9679960Z tests/widgets/test_multilinetextinput.py::test_color <- build/testbed/macos/app/Toga Testbed.app/Contents/Resources/app/tests/widgets/properties.py PASSED [ 44%]
2025-02-28T15:30:43.2052160Z tests/widgets/test_multilinetextinput.py::test_color_reset <- build/testbed/macos/app/Toga Testbed.app/Contents/Resources/app/tests/widgets/properties.py PASSED [ 45%]
2025-02-28T15:30:43.4573990Z tests/widgets/test_multilinetextinput.py::test_enabled <- build/testbed/macos/app/Toga Testbed.app/Contents/Resources/app/tests/widgets/properties.py PASSED [ 45%]
2025-02-28T15:30:43.7340120Z tests/widgets/test_multilinetextinput.py::test_flex_widget_size <- build/testbed/macos/app/Toga Testbed.app/Contents/Resources/app/tests/widgets/properties.py PASSED [ 45%]
2025-02-28T15:30:44.0449010Z tests/widgets/test_multilinetextinput.py::test_focus <- build/testbed/macos/app/Toga Testbed.app/Contents/Resources/app/tests/widgets/properties.py PASSED [ 45%]
2025-02-28T15:30:44.3064300Z tests/widgets/test_multilinetextinput.py::test_font <- build/testbed/macos/app/Toga Testbed.app/Contents/Resources/app/tests/widgets/properties.py PASSED [ 45%]
2025-02-28T15:30:44.5828330Z tests/widgets/test_multilinetextinput.py::test_font_attrs <- build/testbed/macos/app/Toga Testbed.app/Contents/Resources/app/tests/widgets/properties.py PASSED [ 45%]
2025-02-28T15:30:44.8574130Z tests/widgets/test_multilinetextinput.py::test_placeholder <- build/testbed/macos/app/Toga Testbed.app/Contents/Resources/app/tests/widgets/properties.py PASSED [ 46%]
2025-02-28T15:30:45.1315100Z tests/widgets/test_multilinetextinput.py::test_placeholder_color <- build/testbed/macos/app/Toga Testbed.app/Contents/Resources/app/tests/widgets/properties.py PASSED [ 46%]
2025-02-28T15:30:45.4607310Z tests/widgets/test_multilinetextinput.py::test_placeholder_focus <- build/testbed/macos/app/Toga Testbed.app/Contents/Resources/app/tests/widgets/properties.py PASSED [ 46%]
2025-02-28T15:30:45.7143440Z tests/widgets/test_multilinetextinput.py::test_readonly <- build/testbed/macos/app/Toga Testbed.app/Contents/Resources/app/tests/widgets/properties.py PASSED [ 46%]
2025-02-28T15:30:45.9815520Z tests/widgets/test_multilinetextinput.py::test_text_align <- build/testbed/macos/app/Toga Testbed.app/Contents/Resources/app/tests/widgets/properties.py PASSED [ 46%]
2025-02-28T15:30:46.3431320Z tests/widgets/test_multilinetextinput.py::test_text_value <- build/testbed/macos/app/Toga Testbed.app/Contents/Resources/app/tests/widgets/properties.py PASSED [ 46%]
2025-02-28T15:30:46.6224350Z tests/widgets/test_multilinetextinput.py::test_on_change_focus[True-] <- build/testbed/macos/app/Toga Testbed.app/Contents/Resources/app/tests/widgets/test_textinput.py PASSED [ 47%]
2025-02-28T15:30:46.8728600Z tests/widgets/test_multilinetextinput.py::test_on_change_focus[True-placeholder] <- build/testbed/macos/app/Toga Testbed.app/Contents/Resources/app/tests/widgets/test_textinput.py PASSED [ 47%]
2025-02-28T15:30:47.1802530Z tests/widgets/test_multilinetextinput.py::test_on_change_focus[False-] <- build/testbed/macos/app/Toga Testbed.app/Contents/Resources/app/tests/widgets/test_textinput.py PASSED [ 47%]
2025-02-28T15:30:47.4649640Z tests/widgets/test_multilinetextinput.py::test_on_change_focus[False-placeholder] <- build/testbed/macos/app/Toga Testbed.app/Contents/Resources/app/tests/widgets/test_textinput.py PASSED [ 47%]
2025-02-28T15:30:47.7603230Z tests/widgets/test_multilinetextinput.py::test_on_change_programmatic[True-] <- build/testbed/macos/app/Toga Testbed.app/Contents/Resources/app/tests/widgets/test_textinput.py PASSED [ 47%]
2025-02-28T15:30:48.1086310Z tests/widgets/test_multilinetextinput.py::test_on_change_programmatic[True-placeholder] <- build/testbed/macos/app/Toga Testbed.app/Contents/Resources/app/tests/widgets/test_textinput.py PASSED [ 47%]
2025-02-28T15:30:48.7764540Z tests/widgets/test_multilinetextinput.py::test_on_change_programmatic[False-] <- build/testbed/macos/app/Toga Testbed.app/Contents/Resources/app/tests/widgets/test_textinput.py PASSED [ 48%]
2025-02-28T15:30:49.0873140Z tests/widgets/test_multilinetextinput.py::test_on_change_programmatic[False-placeholder] <- build/testbed/macos/app/Toga Testbed.app/Contents/Resources/app/tests/widgets/test_textinput.py PASSED [ 48%]
2025-02-28T15:30:49.6737460Z tests/widgets/test_multilinetextinput.py::test_on_change_user <- build/testbed/macos/app/Toga Testbed.app/Contents/Resources/app/tests/widgets/test_textinput.py PASSED [ 48%]
2025-02-28T15:30:50.3501060Z tests/widgets/test_multilinetextinput.py::test_undo_redo <- build/testbed/macos/app/Toga Testbed.app/Contents/Resources/app/tests/widgets/test_textinput.py PASSED [ 48%]
2025-02-28T15:30:50.9400380Z tests/widgets/test_multilinetextinput.py::test_value_not_hidden <- build/testbed/macos/app/Toga Testbed.app/Contents/Resources/app/tests/widgets/test_textinput.py PASSED [ 48%]
2025-02-28T15:30:51.3937360Z tests/widgets/test_multilinetextinput.py::test_cleanup <- build/testbed/macos/app/Toga Testbed.app/Contents/Resources/app/tests/widgets/conftest.py PASSED [ 48%]
2025-02-28T15:30:51.8539620Z tests/widgets/test_multilinetextinput.py::test_scroll_position PASSED    [ 49%]
2025-02-28T15:30:52.2891690Z tests/widgets/test_numberinput.py::test_background_color <- build/testbed/macos/app/Toga Testbed.app/Contents/Resources/app/tests/widgets/properties.py PASSED [ 49%]
2025-02-28T15:30:52.5276790Z tests/widgets/test_numberinput.py::test_background_color_reset <- build/testbed/macos/app/Toga Testbed.app/Contents/Resources/app/tests/widgets/properties.py PASSED [ 49%]
2025-02-28T15:30:52.7772320Z tests/widgets/test_numberinput.py::test_background_color_transparent <- build/testbed/macos/app/Toga Testbed.app/Contents/Resources/app/tests/widgets/properties.py PASSED [ 49%]
2025-02-28T15:30:53.0260540Z tests/widgets/test_numberinput.py::test_color <- build/testbed/macos/app/Toga Testbed.app/Contents/Resources/app/tests/widgets/properties.py PASSED [ 49%]
2025-02-28T15:30:53.2646910Z tests/widgets/test_numberinput.py::test_color_reset <- build/testbed/macos/app/Toga Testbed.app/Contents/Resources/app/tests/widgets/properties.py PASSED [ 49%]
2025-02-28T15:30:53.5158720Z tests/widgets/test_numberinput.py::test_enabled <- build/testbed/macos/app/Toga Testbed.app/Contents/Resources/app/tests/widgets/properties.py PASSED [ 50%]
2025-02-28T15:30:53.7642720Z tests/widgets/test_numberinput.py::test_flex_horizontal_widget_size <- build/testbed/macos/app/Toga Testbed.app/Contents/Resources/app/tests/widgets/properties.py PASSED [ 50%]
2025-02-28T15:30:54.0658410Z tests/widgets/test_numberinput.py::test_focus <- build/testbed/macos/app/Toga Testbed.app/Contents/Resources/app/tests/widgets/properties.py PASSED [ 50%]
2025-02-28T15:30:54.3150160Z tests/widgets/test_numberinput.py::test_font <- build/testbed/macos/app/Toga Testbed.app/Contents/Resources/app/tests/widgets/properties.py PASSED [ 50%]
2025-02-28T15:30:54.5815930Z tests/widgets/test_numberinput.py::test_font_attrs <- build/testbed/macos/app/Toga Testbed.app/Contents/Resources/app/tests/widgets/properties.py PASSED [ 50%]
2025-02-28T15:30:54.8291420Z tests/widgets/test_numberinput.py::test_readonly <- build/testbed/macos/app/Toga Testbed.app/Contents/Resources/app/tests/widgets/properties.py PASSED [ 50%]
2025-02-28T15:30:55.0693420Z tests/widgets/test_numberinput.py::test_text_align <- build/testbed/macos/app/Toga Testbed.app/Contents/Resources/app/tests/widgets/properties.py PASSED [ 50%]
2025-02-28T15:30:55.3229360Z tests/widgets/test_numberinput.py::test_cleanup <- build/testbed/macos/app/Toga Testbed.app/Contents/Resources/app/tests/widgets/conftest.py PASSED [ 51%]
2025-02-28T15:30:55.6461610Z tests/widgets/test_numberinput.py::test_on_change_handler PASSED         [ 51%]
2025-02-28T15:30:55.9517170Z tests/widgets/test_numberinput.py::test_focus_value_clipping PASSED      [ 51%]
2025-02-28T15:30:56.2061450Z tests/widgets/test_numberinput.py::test_value PASSED                     [ 51%]
2025-02-28T15:30:56.5514250Z tests/widgets/test_numberinput.py::test_increment_decrement PASSED       [ 51%]
2025-02-28T15:30:56.9378930Z tests/widgets/test_numberinput.py::test_undo_redo PASSED                 [ 51%]
2025-02-28T15:30:57.2805180Z tests/widgets/test_optioncontainer.py::test_enable_noop <- build/testbed/macos/app/Toga Testbed.app/Contents/Resources/app/tests/widgets/properties.py PASSED [ 52%]
2025-02-28T15:30:57.6091440Z tests/widgets/test_optioncontainer.py::test_flex_widget_size <- build/testbed/macos/app/Toga Testbed.app/Contents/Resources/app/tests/widgets/properties.py PASSED [ 52%]
2025-02-28T15:30:57.9249240Z tests/widgets/test_optioncontainer.py::test_focus_noop <- build/testbed/macos/app/Toga Testbed.app/Contents/Resources/app/tests/widgets/properties.py PASSED [ 52%]
2025-02-28T15:30:58.1828940Z tests/widgets/test_optioncontainer.py::test_cleanup <- build/testbed/macos/app/Toga Testbed.app/Contents/Resources/app/tests/widgets/conftest.py PASSED [ 52%]
2025-02-28T15:30:58.4800450Z tests/widgets/test_optioncontainer.py::test_select_tab PASSED            [ 52%]
2025-02-28T15:30:58.9068930Z tests/widgets/test_optioncontainer.py::test_select_tab_overflow PASSED   [ 52%]
2025-02-28T15:30:59.2077740Z tests/widgets/test_optioncontainer.py::test_enable_tab PASSED            [ 53%]
2025-02-28T15:30:59.5599130Z tests/widgets/test_optioncontainer.py::test_change_content PASSED        [ 53%]
2025-02-28T15:30:59.9012590Z tests/widgets/test_passwordinput.py::test_background_color <- build/testbed/macos/app/Toga Testbed.app/Contents/Resources/app/tests/widgets/properties.py PASSED [ 53%]
2025-02-28T15:31:00.1680180Z tests/widgets/test_passwordinput.py::test_background_color_reset <- build/testbed/macos/app/Toga Testbed.app/Contents/Resources/app/tests/widgets/properties.py PASSED [ 53%]
2025-02-28T15:31:00.4208950Z tests/widgets/test_passwordinput.py::test_background_color_transparent <- build/testbed/macos/app/Toga Testbed.app/Contents/Resources/app/tests/widgets/properties.py PASSED [ 53%]
2025-02-28T15:31:00.6772450Z tests/widgets/test_passwordinput.py::test_color <- build/testbed/macos/app/Toga Testbed.app/Contents/Resources/app/tests/widgets/properties.py PASSED [ 53%]
2025-02-28T15:31:00.9258130Z tests/widgets/test_passwordinput.py::test_color_reset <- build/testbed/macos/app/Toga Testbed.app/Contents/Resources/app/tests/widgets/properties.py PASSED [ 54%]
2025-02-28T15:31:01.2028290Z tests/widgets/test_passwordinput.py::test_enabled <- build/testbed/macos/app/Toga Testbed.app/Contents/Resources/app/tests/widgets/properties.py PASSED [ 54%]
2025-02-28T15:31:01.4590970Z tests/widgets/test_passwordinput.py::test_flex_horizontal_widget_size <- build/testbed/macos/app/Toga Testbed.app/Contents/Resources/app/tests/widgets/properties.py PASSED [ 54%]
2025-02-28T15:31:01.8520040Z tests/widgets/test_passwordinput.py::test_focus <- build/testbed/macos/app/Toga Testbed.app/Contents/Resources/app/tests/widgets/properties.py PASSED [ 54%]
2025-02-28T15:31:02.1886660Z tests/widgets/test_passwordinput.py::test_font <- build/testbed/macos/app/Toga Testbed.app/Contents/Resources/app/tests/widgets/properties.py PASSED [ 54%]
2025-02-28T15:31:02.5197210Z tests/widgets/test_passwordinput.py::test_font_attrs <- build/testbed/macos/app/Toga Testbed.app/Contents/Resources/app/tests/widgets/properties.py PASSED [ 54%]
2025-02-28T15:31:02.8486830Z tests/widgets/test_passwordinput.py::test_placeholder <- build/testbed/macos/app/Toga Testbed.app/Contents/Resources/app/tests/widgets/properties.py PASSED [ 55%]
2025-02-28T15:31:03.1521390Z tests/widgets/test_passwordinput.py::test_placeholder_color <- build/testbed/macos/app/Toga Testbed.app/Contents/Resources/app/tests/widgets/properties.py PASSED [ 55%]
2025-02-28T15:31:03.6018040Z tests/widgets/test_passwordinput.py::test_placeholder_focus <- build/testbed/macos/app/Toga Testbed.app/Contents/Resources/app/tests/widgets/properties.py PASSED [ 55%]
2025-02-28T15:31:03.8798380Z tests/widgets/test_passwordinput.py::test_readonly <- build/testbed/macos/app/Toga Testbed.app/Contents/Resources/app/tests/widgets/properties.py PASSED [ 55%]
2025-02-28T15:31:04.1539520Z tests/widgets/test_passwordinput.py::test_text_align <- build/testbed/macos/app/Toga Testbed.app/Contents/Resources/app/tests/widgets/properties.py PASSED [ 55%]
2025-02-28T15:31:04.5160220Z tests/widgets/test_passwordinput.py::test_on_change_focus[True-] <- build/testbed/macos/app/Toga Testbed.app/Contents/Resources/app/tests/widgets/test_textinput.py PASSED [ 55%]
2025-02-28T15:31:04.8696720Z tests/widgets/test_passwordinput.py::test_on_change_focus[True-placeholder] <- build/testbed/macos/app/Toga Testbed.app/Contents/Resources/app/tests/widgets/test_textinput.py PASSED [ 56%]
2025-02-28T15:31:05.2437300Z tests/widgets/test_passwordinput.py::test_on_change_focus[False-] <- build/testbed/macos/app/Toga Testbed.app/Contents/Resources/app/tests/widgets/test_textinput.py PASSED [ 56%]
2025-02-28T15:31:05.6009430Z tests/widgets/test_passwordinput.py::test_on_change_focus[False-placeholder] <- build/testbed/macos/app/Toga Testbed.app/Contents/Resources/app/tests/widgets/test_textinput.py PASSED [ 56%]
2025-02-28T15:31:05.9125400Z tests/widgets/test_passwordinput.py::test_on_change_programmatic[True-] <- build/testbed/macos/app/Toga Testbed.app/Contents/Resources/app/tests/widgets/test_textinput.py PASSED [ 56%]
2025-02-28T15:31:06.2353370Z tests/widgets/test_passwordinput.py::test_on_change_programmatic[True-placeholder] <- build/testbed/macos/app/Toga Testbed.app/Contents/Resources/app/tests/widgets/test_textinput.py PASSED [ 56%]
2025-02-28T15:31:06.5437200Z tests/widgets/test_passwordinput.py::test_on_change_programmatic[False-] <- build/testbed/macos/app/Toga Testbed.app/Contents/Resources/app/tests/widgets/test_textinput.py PASSED [ 56%]
2025-02-28T15:31:06.8545920Z tests/widgets/test_passwordinput.py::test_on_change_programmatic[False-placeholder] <- build/testbed/macos/app/Toga Testbed.app/Contents/Resources/app/tests/widgets/test_textinput.py PASSED [ 57%]
2025-02-28T15:31:07.2047660Z tests/widgets/test_passwordinput.py::test_on_change_user <- build/testbed/macos/app/Toga Testbed.app/Contents/Resources/app/tests/widgets/test_textinput.py PASSED [ 57%]
2025-02-28T15:31:07.5147580Z tests/widgets/test_passwordinput.py::test_on_confirm <- build/testbed/macos/app/Toga Testbed.app/Contents/Resources/app/tests/widgets/test_textinput.py PASSED [ 57%]
2025-02-28T15:31:07.8209920Z tests/widgets/test_passwordinput.py::test_text_value <- build/testbed/macos/app/Toga Testbed.app/Contents/Resources/app/tests/widgets/test_textinput.py PASSED [ 57%]
2025-02-28T15:31:08.2714840Z tests/widgets/test_passwordinput.py::test_undo_redo <- build/testbed/macos/app/Toga Testbed.app/Contents/Resources/app/tests/widgets/test_textinput.py PASSED [ 57%]
2025-02-28T15:31:08.5972000Z tests/widgets/test_passwordinput.py::test_validation <- build/testbed/macos/app/Toga Testbed.app/Contents/Resources/app/tests/widgets/test_textinput.py PASSED [ 57%]
2025-02-28T15:31:08.8694840Z tests/widgets/test_passwordinput.py::test_cleanup <- build/testbed/macos/app/Toga Testbed.app/Contents/Resources/app/tests/widgets/conftest.py PASSED [ 58%]
2025-02-28T15:31:09.1225390Z tests/widgets/test_passwordinput.py::test_value_hidden PASSED            [ 58%]
2025-02-28T15:31:09.3611220Z tests/widgets/test_progressbar.py::test_enable_noop <- build/testbed/macos/app/Toga Testbed.app/Contents/Resources/app/tests/widgets/properties.py PASSED [ 58%]
2025-02-28T15:31:09.5971250Z tests/widgets/test_progressbar.py::test_flex_horizontal_widget_size <- build/testbed/macos/app/Toga Testbed.app/Contents/Resources/app/tests/widgets/properties.py PASSED [ 58%]
2025-02-28T15:31:09.8660830Z tests/widgets/test_progressbar.py::test_focus <- build/testbed/macos/app/Toga Testbed.app/Contents/Resources/app/tests/widgets/properties.py PASSED [ 58%]
2025-02-28T15:31:10.1209800Z tests/widgets/test_progressbar.py::test_cleanup <- build/testbed/macos/app/Toga Testbed.app/Contents/Resources/app/tests/widgets/conftest.py PASSED [ 58%]
2025-02-28T15:31:10.3515070Z tests/widgets/test_progressbar.py::test_start_stop_determinate PASSED    [ 59%]
2025-02-28T15:31:10.5810710Z tests/widgets/test_progressbar.py::test_start_stop_indeterminate PASSED  [ 59%]
2025-02-28T15:31:10.8108800Z tests/widgets/test_progressbar.py::test_animation_starts_on_max_change PASSED [ 59%]
2025-02-28T15:31:11.0386730Z tests/widgets/test_progressbar.py::test_position_change_on_max_change PASSED [ 59%]
2025-02-28T15:31:12.0005110Z tests/widgets/test_scrollcontainer.py::test_background_color <- build/testbed/macos/app/Toga Testbed.app/Contents/Resources/app/tests/widgets/properties.py PASSED [ 59%]
2025-02-28T15:31:12.9179740Z tests/widgets/test_scrollcontainer.py::test_background_color_reset <- build/testbed/macos/app/Toga Testbed.app/Contents/Resources/app/tests/widgets/properties.py PASSED [ 59%]
2025-02-28T15:31:13.8235400Z tests/widgets/test_scrollcontainer.py::test_background_color_transparent <- build/testbed/macos/app/Toga Testbed.app/Contents/Resources/app/tests/widgets/properties.py PASSED [ 60%]
2025-02-28T15:31:14.7356930Z tests/widgets/test_scrollcontainer.py::test_enable_noop <- build/testbed/macos/app/Toga Testbed.app/Contents/Resources/app/tests/widgets/properties.py PASSED [ 60%]
2025-02-28T15:31:16.2665960Z tests/widgets/test_scrollcontainer.py::test_flex_widget_size <- build/testbed/macos/app/Toga Testbed.app/Contents/Resources/app/tests/widgets/properties.py PASSED [ 60%]
2025-02-28T15:31:17.2806350Z tests/widgets/test_scrollcontainer.py::test_focus_noop <- build/testbed/macos/app/Toga Testbed.app/Contents/Resources/app/tests/widgets/properties.py PASSED [ 60%]
2025-02-28T15:31:17.5468020Z tests/widgets/test_scrollcontainer.py::test_cleanup <- build/testbed/macos/app/Toga Testbed.app/Contents/Resources/app/tests/widgets/conftest.py PASSED [ 60%]
2025-02-28T15:31:18.5142930Z tests/widgets/test_scrollcontainer.py::test_clear_content PASSED         [ 60%]
2025-02-28T15:31:19.9521900Z tests/widgets/test_scrollcontainer.py::test_margin PASSED                [ 61%]
2025-02-28T15:31:21.3678570Z tests/widgets/test_scrollcontainer.py::test_enable_horizontal_scrolling PASSED [ 61%]
2025-02-28T15:31:22.7714910Z tests/widgets/test_scrollcontainer.py::test_enable_vertical_scrolling PASSED [ 61%]
2025-02-28T15:31:23.6995760Z tests/widgets/test_scrollcontainer.py::test_vertical_scroll PASSED       [ 61%]
2025-02-28T15:31:24.6584950Z tests/widgets/test_scrollcontainer.py::test_vertical_scroll_small_content PASSED [ 61%]
2025-02-28T15:31:25.6564320Z tests/widgets/test_scrollcontainer.py::test_horizontal_scroll PASSED     [ 61%]
2025-02-28T15:31:26.6125510Z tests/widgets/test_scrollcontainer.py::test_horizontal_scroll_small_content PASSED [ 62%]
2025-02-28T15:31:27.6098810Z tests/widgets/test_scrollcontainer.py::test_scroll_both PASSED           [ 62%]
2025-02-28T15:31:28.6484450Z tests/widgets/test_scrollcontainer.py::test_manual_scroll PASSED         [ 62%]
2025-02-28T15:31:29.9723900Z tests/widgets/test_scrollcontainer.py::test_no_content PASSED            [ 62%]
2025-02-28T15:31:30.2516190Z tests/widgets/test_selection.py::test_background_color <- build/testbed/macos/app/Toga Testbed.app/Contents/Resources/app/tests/widgets/properties.py XFAIL [ 62%]
2025-02-28T15:31:30.4901740Z tests/widgets/test_selection.py::test_background_color_reset <- build/testbed/macos/app/Toga Testbed.app/Contents/Resources/app/tests/widgets/properties.py XFAIL [ 62%]
2025-02-28T15:31:30.7322500Z tests/widgets/test_selection.py::test_background_color_transparent <- build/testbed/macos/app/Toga Testbed.app/Contents/Resources/app/tests/widgets/properties.py XFAIL [ 63%]
2025-02-28T15:31:30.9719830Z tests/widgets/test_selection.py::test_color <- build/testbed/macos/app/Toga Testbed.app/Contents/Resources/app/tests/widgets/properties.py XFAIL [ 63%]
2025-02-28T15:31:31.2088200Z tests/widgets/test_selection.py::test_color_reset <- build/testbed/macos/app/Toga Testbed.app/Contents/Resources/app/tests/widgets/properties.py XFAIL [ 63%]
2025-02-28T15:31:31.4746060Z tests/widgets/test_selection.py::test_enabled <- build/testbed/macos/app/Toga Testbed.app/Contents/Resources/app/tests/widgets/properties.py PASSED [ 63%]
2025-02-28T15:31:31.7550810Z tests/widgets/test_selection.py::test_flex_horizontal_widget_size <- build/testbed/macos/app/Toga Testbed.app/Contents/Resources/app/tests/widgets/properties.py PASSED [ 63%]
2025-02-28T15:31:32.0080150Z tests/widgets/test_selection.py::test_font <- build/testbed/macos/app/Toga Testbed.app/Contents/Resources/app/tests/widgets/properties.py XFAIL [ 63%]
2025-02-28T15:31:32.2566840Z tests/widgets/test_selection.py::test_font_attrs <- build/testbed/macos/app/Toga Testbed.app/Contents/Resources/app/tests/widgets/properties.py XFAIL [ 64%]
2025-02-28T15:31:32.5091110Z tests/widgets/test_selection.py::test_text_align <- build/testbed/macos/app/Toga Testbed.app/Contents/Resources/app/tests/widgets/properties.py XFAIL [ 64%]
2025-02-28T15:31:32.8104610Z tests/widgets/test_selection.py::test_focus <- build/testbed/macos/app/Toga Testbed.app/Contents/Resources/app/tests/widgets/properties.py PASSED [ 64%]
2025-02-28T15:31:33.0708810Z tests/widgets/test_selection.py::test_cleanup <- build/testbed/macos/app/Toga Testbed.app/Contents/Resources/app/tests/widgets/conftest.py PASSED [ 64%]
2025-02-28T15:31:33.4129180Z tests/widgets/test_selection.py::test_item_titles PASSED                 [ 64%]
2025-02-28T15:31:34.0339070Z tests/widgets/test_selection.py::test_selection_change PASSED            [ 64%]
2025-02-28T15:31:34.3374070Z tests/widgets/test_selection.py::test_source_changes PASSED              [ 65%]
2025-02-28T15:31:34.6133360Z tests/widgets/test_selection.py::test_resize_on_content_change PASSED    [ 65%]
2025-02-28T15:31:34.9672360Z tests/widgets/test_slider.py::test_enabled <- build/testbed/macos/app/Toga Testbed.app/Contents/Resources/app/tests/widgets/properties.py PASSED [ 65%]
2025-02-28T15:31:35.2479470Z tests/widgets/test_slider.py::test_flex_horizontal_widget_size <- build/testbed/macos/app/Toga Testbed.app/Contents/Resources/app/tests/widgets/properties.py PASSED [ 65%]
2025-02-28T15:31:35.5501530Z tests/widgets/test_slider.py::test_focus <- build/testbed/macos/app/Toga Testbed.app/Contents/Resources/app/tests/widgets/properties.py PASSED [ 65%]
2025-02-28T15:31:35.8148380Z tests/widgets/test_slider.py::test_cleanup <- build/testbed/macos/app/Toga Testbed.app/Contents/Resources/app/tests/widgets/conftest.py PASSED [ 65%]
2025-02-28T15:31:36.0611210Z tests/widgets/test_slider.py::test_init PASSED                           [ 66%]
2025-02-28T15:31:36.2721880Z tests/widgets/test_slider.py::test_init_handlers PASSED                  [ 66%]
2025-02-28T15:31:36.6560310Z tests/widgets/test_slider.py::test_value PASSED                          [ 66%]
2025-02-28T15:31:37.2764340Z tests/widgets/test_slider.py::test_change PASSED                         [ 66%]
2025-02-28T15:31:37.5405860Z tests/widgets/test_slider.py::test_min PASSED                            [ 66%]
2025-02-28T15:31:37.8046230Z tests/widgets/test_slider.py::test_max PASSED                            [ 66%]
2025-02-28T15:31:38.1475110Z tests/widgets/test_slider.py::test_ticks PASSED                          [ 67%]
2025-02-28T15:31:38.4450110Z tests/widgets/test_slider.py::test_value_with_ticks PASSED               [ 67%]
2025-02-28T15:31:38.7542850Z tests/widgets/test_slider.py::test_range_with_ticks PASSED               [ 67%]
2025-02-28T15:31:39.0462400Z tests/widgets/test_slider.py::test_press_release[press] PASSED           [ 67%]
2025-02-28T15:31:39.3111160Z tests/widgets/test_slider.py::test_press_release[release] PASSED         [ 67%]
2025-02-28T15:31:39.6696320Z tests/widgets/test_splitcontainer.py::test_enable_noop <- build/testbed/macos/app/Toga Testbed.app/Contents/Resources/app/tests/widgets/properties.py PASSED [ 67%]
2025-02-28T15:31:40.0798780Z tests/widgets/test_splitcontainer.py::test_flex_widget_size <- build/testbed/macos/app/Toga Testbed.app/Contents/Resources/app/tests/widgets/properties.py PASSED [ 68%]
2025-02-28T15:31:40.4262830Z tests/widgets/test_splitcontainer.py::test_focus_noop <- build/testbed/macos/app/Toga Testbed.app/Contents/Resources/app/tests/widgets/properties.py PASSED [ 68%]
2025-02-28T15:31:40.6950640Z tests/widgets/test_splitcontainer.py::test_cleanup <- build/testbed/macos/app/Toga Testbed.app/Contents/Resources/app/tests/widgets/conftest.py PASSED [ 68%]
2025-02-28T15:31:41.3535570Z tests/widgets/test_splitcontainer.py::test_set_content PASSED            [ 68%]
2025-02-28T15:31:41.9957070Z tests/widgets/test_splitcontainer.py::test_set_direction PASSED          [ 68%]
2025-02-28T15:31:42.5359100Z tests/widgets/test_splitcontainer.py::test_move_splitter PASSED          [ 68%]
2025-02-28T15:31:42.8488670Z tests/widgets/test_switch.py::test_color <- build/testbed/macos/app/Toga Testbed.app/Contents/Resources/app/tests/widgets/properties.py XFAIL [ 69%]
2025-02-28T15:31:43.1028320Z tests/widgets/test_switch.py::test_color_reset <- build/testbed/macos/app/Toga Testbed.app/Contents/Resources/app/tests/widgets/properties.py XFAIL [ 69%]
2025-02-28T15:31:43.3709430Z tests/widgets/test_switch.py::test_enabled <- build/testbed/macos/app/Toga Testbed.app/Contents/Resources/app/tests/widgets/properties.py PASSED [ 69%]
2025-02-28T15:31:43.6496470Z tests/widgets/test_switch.py::test_flex_horizontal_widget_size <- build/testbed/macos/app/Toga Testbed.app/Contents/Resources/app/tests/widgets/properties.py PASSED [ 69%]
2025-02-28T15:31:43.9357420Z tests/widgets/test_switch.py::test_font <- build/testbed/macos/app/Toga Testbed.app/Contents/Resources/app/tests/widgets/properties.py PASSED [ 69%]
2025-02-28T15:31:44.2549330Z tests/widgets/test_switch.py::test_font_attrs <- build/testbed/macos/app/Toga Testbed.app/Contents/Resources/app/tests/widgets/properties.py PASSED [ 69%]
2025-02-28T15:31:44.5153260Z tests/widgets/test_switch.py::test_text_width_change <- build/testbed/macos/app/Toga Testbed.app/Contents/Resources/app/tests/widgets/properties.py PASSED [ 70%]
2025-02-28T15:31:44.8396590Z tests/widgets/test_switch.py::test_focus <- build/testbed/macos/app/Toga Testbed.app/Contents/Resources/app/tests/widgets/properties.py PASSED [ 70%]
2025-02-28T15:31:45.1185160Z tests/widgets/test_switch.py::test_cleanup <- build/testbed/macos/app/Toga Testbed.app/Contents/Resources/app/tests/widgets/conftest.py PASSED [ 70%]
2025-02-28T15:31:45.4736390Z tests/widgets/test_switch.py::test_text PASSED                           [ 70%]
2025-02-28T15:31:45.9560510Z tests/widgets/test_switch.py::test_press PASSED                          [ 70%]
2025-02-28T15:31:46.2120330Z tests/widgets/test_switch.py::test_change_value PASSED                   [ 70%]
2025-02-28T15:31:47.0910290Z tests/widgets/test_table.py::test_background_color <- build/testbed/macos/app/Toga Testbed.app/Contents/Resources/app/tests/widgets/properties.py PASSED [ 71%]
2025-02-28T15:31:47.8187970Z tests/widgets/test_table.py::test_background_color_reset <- build/testbed/macos/app/Toga Testbed.app/Contents/Resources/app/tests/widgets/properties.py PASSED [ 71%]
2025-02-28T15:31:48.5474240Z tests/widgets/test_table.py::test_enable_noop <- build/testbed/macos/app/Toga Testbed.app/Contents/Resources/app/tests/widgets/properties.py PASSED [ 71%]
2025-02-28T15:31:49.4205490Z tests/widgets/test_table.py::test_flex_widget_size <- build/testbed/macos/app/Toga Testbed.app/Contents/Resources/app/tests/widgets/properties.py PASSED [ 71%]
2025-02-28T15:31:50.2317480Z tests/widgets/test_table.py::test_focus_noop <- build/testbed/macos/app/Toga Testbed.app/Contents/Resources/app/tests/widgets/properties.py PASSED [ 71%]
2025-02-28T15:31:50.9630610Z tests/widgets/test_table.py::test_font <- build/testbed/macos/app/Toga Testbed.app/Contents/Resources/app/tests/widgets/properties.py SKIPPED [ 71%]
2025-02-28T15:31:51.2511630Z tests/widgets/test_table.py::test_cleanup <- build/testbed/macos/app/Toga Testbed.app/Contents/Resources/app/tests/widgets/conftest.py PASSED [ 72%]
2025-02-28T15:31:52.4680850Z tests/widgets/test_table.py::test_scroll PASSED                          [ 72%]
2025-02-28T15:31:53.7538010Z tests/widgets/test_table.py::test_keyboard_navigation PASSED             [ 72%]
2025-02-28T15:31:55.4177860Z tests/widgets/test_table.py::test_select PASSED                          [ 72%]
2025-02-28T15:31:56.5892770Z tests/widgets/test_table.py::test_activate PASSED                        [ 72%]
2025-02-28T15:31:58.0350280Z tests/widgets/test_table.py::test_multiselect PASSED                     [ 72%]
2025-02-28T15:31:59.0619540Z tests/widgets/test_table.py::test_row_changes PASSED                     [ 73%]
2025-02-28T15:32:00.1106150Z tests/widgets/test_table.py::test_headerless_row_changes PASSED          [ 73%]
2025-02-28T15:32:01.3959920Z tests/widgets/test_table.py::test_column_changes PASSED                  [ 73%]
2025-02-28T15:32:02.6330120Z tests/widgets/test_table.py::test_headerless_column_changes PASSED       [ 73%]
2025-02-28T15:32:03.4294550Z tests/widgets/test_table.py::test_remove_all_columns PASSED              [ 73%]
2025-02-28T15:32:04.3983680Z tests/widgets/test_table.py::test_cell_icon PASSED                       [ 73%]
2025-02-28T15:32:05.6045830Z tests/widgets/test_table.py::test_cell_widget PASSED                     [ 74%]
2025-02-28T15:32:05.8774020Z tests/widgets/test_textinput.py::test_background_color <- build/testbed/macos/app/Toga Testbed.app/Contents/Resources/app/tests/widgets/properties.py PASSED [ 74%]
2025-02-28T15:32:06.1267860Z tests/widgets/test_textinput.py::test_background_color_reset <- build/testbed/macos/app/Toga Testbed.app/Contents/Resources/app/tests/widgets/properties.py PASSED [ 74%]
2025-02-28T15:32:06.3790370Z tests/widgets/test_textinput.py::test_background_color_transparent <- build/testbed/macos/app/Toga Testbed.app/Contents/Resources/app/tests/widgets/properties.py PASSED [ 74%]
2025-02-28T15:32:06.6274300Z tests/widgets/test_textinput.py::test_color <- build/testbed/macos/app/Toga Testbed.app/Contents/Resources/app/tests/widgets/properties.py PASSED [ 74%]
2025-02-28T15:32:06.8726520Z tests/widgets/test_textinput.py::test_color_reset <- build/testbed/macos/app/Toga Testbed.app/Contents/Resources/app/tests/widgets/properties.py PASSED [ 74%]
2025-02-28T15:32:07.1382850Z tests/widgets/test_textinput.py::test_enabled <- build/testbed/macos/app/Toga Testbed.app/Contents/Resources/app/tests/widgets/properties.py PASSED [ 75%]
2025-02-28T15:32:07.3947880Z tests/widgets/test_textinput.py::test_flex_horizontal_widget_size <- build/testbed/macos/app/Toga Testbed.app/Contents/Resources/app/tests/widgets/properties.py PASSED [ 75%]
2025-02-28T15:32:07.7169320Z tests/widgets/test_textinput.py::test_focus <- build/testbed/macos/app/Toga Testbed.app/Contents/Resources/app/tests/widgets/properties.py PASSED [ 75%]
2025-02-28T15:32:07.9831530Z tests/widgets/test_textinput.py::test_font <- build/testbed/macos/app/Toga Testbed.app/Contents/Resources/app/tests/widgets/properties.py PASSED [ 75%]
2025-02-28T15:32:08.2657810Z tests/widgets/test_textinput.py::test_font_attrs <- build/testbed/macos/app/Toga Testbed.app/Contents/Resources/app/tests/widgets/properties.py PASSED [ 75%]
2025-02-28T15:32:08.5232210Z tests/widgets/test_textinput.py::test_placeholder <- build/testbed/macos/app/Toga Testbed.app/Contents/Resources/app/tests/widgets/properties.py PASSED [ 75%]
2025-02-28T15:32:08.7824990Z tests/widgets/test_textinput.py::test_placeholder_color <- build/testbed/macos/app/Toga Testbed.app/Contents/Resources/app/tests/widgets/properties.py PASSED [ 75%]
2025-02-28T15:32:09.1431210Z tests/widgets/test_textinput.py::test_placeholder_focus <- build/testbed/macos/app/Toga Testbed.app/Contents/Resources/app/tests/widgets/properties.py PASSED [ 76%]
2025-02-28T15:32:09.4076340Z tests/widgets/test_textinput.py::test_readonly <- build/testbed/macos/app/Toga Testbed.app/Contents/Resources/app/tests/widgets/properties.py PASSED [ 76%]
2025-02-28T15:32:09.6700290Z tests/widgets/test_textinput.py::test_text_align <- build/testbed/macos/app/Toga Testbed.app/Contents/Resources/app/tests/widgets/properties.py PASSED [ 76%]
2025-02-28T15:32:09.9461940Z tests/widgets/test_textinput.py::test_cleanup <- build/testbed/macos/app/Toga Testbed.app/Contents/Resources/app/tests/widgets/conftest.py PASSED [ 76%]
2025-02-28T15:32:10.1952240Z tests/widgets/test_textinput.py::test_value_not_hidden PASSED            [ 76%]
2025-02-28T15:32:10.4865450Z tests/widgets/test_textinput.py::test_on_change_programmatic[True-] PASSED [ 76%]
2025-02-28T15:32:10.7779870Z tests/widgets/test_textinput.py::test_on_change_programmatic[True-placeholder] PASSED [ 77%]
2025-02-28T15:32:11.0629620Z tests/widgets/test_textinput.py::test_on_change_programmatic[False-] PASSED [ 77%]
2025-02-28T15:32:11.3603360Z tests/widgets/test_textinput.py::test_on_change_programmatic[False-placeholder] PASSED [ 77%]
2025-02-28T15:32:11.7149190Z tests/widgets/test_textinput.py::test_on_change_user PASSED              [ 77%]
2025-02-28T15:32:12.0078210Z tests/widgets/test_textinput.py::test_on_change_focus[True-] PASSED      [ 77%]
2025-02-28T15:32:12.3086380Z tests/widgets/test_textinput.py::test_on_change_focus[True-placeholder] PASSED [ 77%]
2025-02-28T15:32:12.6013490Z tests/widgets/test_textinput.py::test_on_change_focus[False-] PASSED     [ 78%]
2025-02-28T15:32:12.8904100Z tests/widgets/test_textinput.py::test_on_change_focus[False-placeholder] PASSED [ 78%]
2025-02-28T15:32:13.1796770Z tests/widgets/test_textinput.py::test_on_confirm PASSED                  [ 78%]
2025-02-28T15:32:13.4720990Z tests/widgets/test_textinput.py::test_validation PASSED                  [ 78%]
2025-02-28T15:32:13.7769140Z tests/widgets/test_textinput.py::test_text_value PASSED                  [ 78%]
2025-02-28T15:32:14.1750280Z tests/widgets/test_textinput.py::test_undo_redo PASSED                   [ 78%]
2025-02-28T15:32:14.3975600Z tests/widgets/test_timeinput.py::test_background_color <- build/testbed/macos/app/Toga Testbed.app/Contents/Resources/app/tests/widgets/properties.py SKIPPED [ 79%]
2025-02-28T15:32:14.6133080Z tests/widgets/test_timeinput.py::test_background_color_reset <- build/testbed/macos/app/Toga Testbed.app/Contents/Resources/app/tests/widgets/properties.py SKIPPED [ 79%]
2025-02-28T15:32:14.8319920Z tests/widgets/test_timeinput.py::test_background_color_transparent <- build/testbed/macos/app/Toga Testbed.app/Contents/Resources/app/tests/widgets/properties.py SKIPPED [ 79%]
2025-02-28T15:32:15.0543250Z tests/widgets/test_timeinput.py::test_color <- build/testbed/macos/app/Toga Testbed.app/Contents/Resources/app/tests/widgets/properties.py SKIPPED [ 79%]
2025-02-28T15:32:15.2683050Z tests/widgets/test_timeinput.py::test_color_reset <- build/testbed/macos/app/Toga Testbed.app/Contents/Resources/app/tests/widgets/properties.py SKIPPED [ 79%]
2025-02-28T15:32:15.4812510Z tests/widgets/test_timeinput.py::test_enabled <- build/testbed/macos/app/Toga Testbed.app/Contents/Resources/app/tests/widgets/properties.py SKIPPED [ 79%]
2025-02-28T15:32:15.6936800Z tests/widgets/test_timeinput.py::test_flex_horizontal_widget_size <- build/testbed/macos/app/Toga Testbed.app/Contents/Resources/app/tests/widgets/properties.py SKIPPED [ 80%]
2025-02-28T15:32:15.9075870Z tests/widgets/test_timeinput.py::test_max <- build/testbed/macos/app/Toga Testbed.app/Contents/Resources/app/tests/widgets/test_dateinput.py SKIPPED [ 80%]
2025-02-28T15:32:16.1217690Z tests/widgets/test_timeinput.py::test_min <- build/testbed/macos/app/Toga Testbed.app/Contents/Resources/app/tests/widgets/test_dateinput.py SKIPPED [ 80%]
2025-02-28T15:32:16.3361290Z tests/widgets/test_timeinput.py::test_value <- build/testbed/macos/app/Toga Testbed.app/Contents/Resources/app/tests/widgets/test_dateinput.py SKIPPED [ 80%]
2025-02-28T15:32:16.5500890Z tests/widgets/test_timeinput.py::test_cleanup <- build/testbed/macos/app/Toga Testbed.app/Contents/Resources/app/tests/widgets/conftest.py SKIPPED [ 80%]
2025-02-28T15:32:16.7123010Z tests/widgets/test_timeinput.py::test_init SKIPPED (not yet implemented
2025-02-28T15:32:16.7647500Z on macOS)                                                                [ 80%]
2025-02-28T15:32:16.9245960Z tests/widgets/test_timeinput.py::test_change SKIPPED (not yet
2025-02-28T15:32:16.9772120Z implemented on macOS)                                                    [ 81%]
2025-02-28T15:32:17.7046650Z tests/widgets/test_tree.py::test_background_color <- build/testbed/macos/app/Toga Testbed.app/Contents/Resources/app/tests/widgets/properties.py PASSED [ 81%]
2025-02-28T15:32:18.2914750Z tests/widgets/test_tree.py::test_background_color_reset <- build/testbed/macos/app/Toga Testbed.app/Contents/Resources/app/tests/widgets/properties.py PASSED [ 81%]
2025-02-28T15:32:18.8897880Z tests/widgets/test_tree.py::test_enable_noop <- build/testbed/macos/app/Toga Testbed.app/Contents/Resources/app/tests/widgets/properties.py PASSED [ 81%]
2025-02-28T15:32:19.5724680Z tests/widgets/test_tree.py::test_flex_widget_size <- build/testbed/macos/app/Toga Testbed.app/Contents/Resources/app/tests/widgets/properties.py PASSED [ 81%]
2025-02-28T15:32:20.2338200Z tests/widgets/test_tree.py::test_focus_noop <- build/testbed/macos/app/Toga Testbed.app/Contents/Resources/app/tests/widgets/properties.py PASSED [ 81%]
2025-02-28T15:32:20.8344120Z tests/widgets/test_tree.py::test_font <- build/testbed/macos/app/Toga Testbed.app/Contents/Resources/app/tests/widgets/properties.py SKIPPED [ 82%]
2025-02-28T15:32:21.1413030Z tests/widgets/test_tree.py::test_cleanup <- build/testbed/macos/app/Toga Testbed.app/Contents/Resources/app/tests/widgets/conftest.py PASSED [ 82%]
2025-02-28T15:32:23.2327270Z tests/widgets/test_tree.py::test_select PASSED                           [ 82%]
2025-02-28T15:32:24.7275950Z tests/widgets/test_tree.py::test_expand_collapse PASSED                  [ 82%]
2025-02-28T15:32:26.2654940Z tests/widgets/test_tree.py::test_activate PASSED                         [ 82%]
2025-02-28T15:32:28.2920720Z tests/widgets/test_tree.py::test_multiselect PASSED                      [ 82%]
2025-02-28T15:32:29.3961340Z tests/widgets/test_tree.py::test_row_changes PASSED                      [ 83%]
2025-02-28T15:32:30.4467020Z tests/widgets/test_tree.py::test_headerless_row_changes PASSED           [ 83%]
2025-02-28T15:32:31.3769800Z tests/widgets/test_tree.py::test_column_changes PASSED                   [ 83%]
2025-02-28T15:32:32.2441840Z tests/widgets/test_tree.py::test_headerless_column_changes PASSED        [ 83%]
2025-02-28T15:32:33.3106370Z tests/widgets/test_tree.py::test_cell_icon PASSED                        [ 83%]
2025-02-28T15:32:34.4986420Z tests/widgets/test_tree.py::test_cell_widget PASSED                      [ 83%]
2025-02-28T15:32:35.2211970Z tests/widgets/test_webview.py::test_flex_widget_size <- build/testbed/macos/app/Toga Testbed.app/Contents/Resources/app/tests/widgets/properties.py PASSED [ 84%]
2025-02-28T15:32:35.5939000Z tests/widgets/test_webview.py::test_focus <- build/testbed/macos/app/Toga Testbed.app/Contents/Resources/app/tests/widgets/properties.py PASSED [ 84%]
2025-02-28T15:32:35.9254590Z tests/widgets/test_webview.py::test_cleanup <- build/testbed/macos/app/Toga Testbed.app/Contents/Resources/app/tests/widgets/conftest.py PASSED [ 84%]
2025-02-28T15:32:36.5899300Z tests/widgets/test_webview.py::test_set_url PASSED                       [ 84%]
2025-02-28T15:32:36.9762680Z tests/widgets/test_webview.py::test_clear_url PASSED                     [ 84%]
2025-02-28T15:32:37.3931300Z tests/widgets/test_webview.py::test_load_empty_url PASSED                [ 84%]
2025-02-28T15:32:37.9885900Z tests/widgets/test_webview.py::test_load_url PASSED                      [ 85%]
2025-02-28T15:32:38.3066530Z tests/widgets/test_webview.py::test_static_content PASSED                [ 85%]
2025-02-28T15:32:38.6206890Z tests/widgets/test_webview.py::test_user_agent PASSED                    [ 85%]
2025-02-28T15:32:39.0083840Z tests/widgets/test_webview.py::test_evaluate_javascript PASSED           [ 85%]
2025-02-28T15:32:39.3887980Z tests/widgets/test_webview.py::test_evaluate_javascript_no_handler PASSED [ 85%]
2025-02-28T15:32:39.7881590Z tests/widgets/test_webview.py::test_evaluate_javascript_error PASSED     [ 85%]
2025-02-28T15:32:40.2797600Z tests/widgets/test_webview.py::test_evaluate_javascript_error_without_handler PASSED [ 86%]
2025-02-28T15:32:41.2362190Z === Messages dropped during live streaming (use `log show` to see what they were)
2025-02-28T15:32:41.2366600Z tests/widgets/test_webview.py::test_dom_storage_enabled PASSED           [ 86%]
2025-02-28T15:32:42.5765590Z tests/widgets/test_webview.py::test_retrieve_cookies PASSED              [ 86%]
2025-02-28T15:32:43.4035110Z tests/window/test_dialogs.py::test_info_dialog PASSED                    [ 86%]
2025-02-28T15:32:44.2081260Z tests/window/test_dialogs.py::test_question_dialog[False] PASSED         [ 86%]
2025-02-28T15:32:45.0150720Z tests/window/test_dialogs.py::test_question_dialog[True] PASSED          [ 86%]
2025-02-28T15:32:45.8205910Z tests/window/test_dialogs.py::test_confirm_dialog[False] PASSED          [ 87%]
2025-02-28T15:32:46.6361650Z tests/window/test_dialogs.py::test_confirm_dialog[True] PASSED           [ 87%]
2025-02-28T15:32:47.4559990Z tests/window/test_dialogs.py::test_error_dialog PASSED                   [ 87%]
2025-02-28T15:32:48.3732440Z tests/window/test_dialogs.py::test_stack_trace_dialog[None] PASSED       [ 87%]
2025-02-28T15:32:49.3337400Z tests/window/test_dialogs.py::test_stack_trace_dialog[False] PASSED      [ 87%]
2025-02-28T15:32:50.2410600Z tests/window/test_dialogs.py::test_stack_trace_dialog[True] PASSED       [ 87%]
2025-02-28T15:32:51.3694490Z tests/window/test_dialogs.py::test_save_file_dialog[/path/to/file.txt-None-result0] PASSED [ 88%]
2025-02-28T15:32:52.6966040Z tests/window/test_dialogs.py::test_save_file_dialog[/path/to/file.txt-None-None] PASSED [ 88%]
2025-02-28T15:32:53.6944930Z tests/window/test_dialogs.py::test_save_file_dialog[/path/to/file.txt-file_types2-result2] PASSED [ 88%]
2025-02-28T15:32:54.6612010Z tests/window/test_dialogs.py::test_save_file_dialog[/path/to/file.txt-file_types3-None] PASSED [ 88%]
2025-02-28T15:32:55.6912630Z tests/window/test_dialogs.py::test_open_file_dialog[initial_directory0-None-False-result0] PASSED [ 88%]
2025-02-28T15:32:56.7419430Z tests/window/test_dialogs.py::test_open_file_dialog[initial_directory1-None-False-None] PASSED [ 88%]
2025-02-28T15:32:57.7775780Z tests/window/test_dialogs.py::test_open_file_dialog[None-None-False-result2] PASSED [ 89%]
2025-02-28T15:32:58.8117300Z tests/window/test_dialogs.py::test_open_file_dialog[initial_directory3-file_types3-False-result3] PASSED [ 89%]
2025-02-28T15:32:59.8783630Z tests/window/test_dialogs.py::test_open_file_dialog[initial_directory4-None-True-result4] PASSED [ 89%]
2025-02-28T15:33:01.0350660Z tests/window/test_dialogs.py::test_open_file_dialog[initial_directory5-None-True-result5] PASSED [ 89%]
2025-02-28T15:33:02.0570300Z tests/window/test_dialogs.py::test_open_file_dialog[initial_directory6-None-True-None] PASSED [ 89%]
2025-02-28T15:33:03.0926460Z tests/window/test_dialogs.py::test_open_file_dialog[None-None-True-result7] PASSED [ 89%]
2025-02-28T15:33:04.1491200Z tests/window/test_dialogs.py::test_open_file_dialog[initial_directory8-file_types8-True-result8] PASSED [ 90%]
2025-02-28T15:33:05.2531940Z tests/window/test_dialogs.py::test_select_folder_dialog[initial_directory0-False-result0] PASSED [ 90%]
2025-02-28T15:33:06.2907680Z tests/window/test_dialogs.py::test_select_folder_dialog[initial_directory1-False-None] PASSED [ 90%]
2025-02-28T15:33:07.3384640Z tests/window/test_dialogs.py::test_select_folder_dialog[None-False-result2] PASSED [ 90%]
2025-02-28T15:33:08.3929800Z tests/window/test_dialogs.py::test_select_folder_dialog[initial_directory3-True-result3] PASSED [ 90%]
2025-02-28T15:33:09.4316740Z tests/window/test_dialogs.py::test_select_folder_dialog[initial_directory4-True-result4] PASSED [ 90%]
2025-02-28T15:33:10.4576500Z tests/window/test_dialogs.py::test_select_folder_dialog[initial_directory5-True-None] PASSED [ 91%]
2025-02-28T15:33:11.0182250Z tests/window/test_window.py::test_title PASSED                           [ 91%]
2025-02-28T15:33:11.4991230Z tests/window/test_window.py::test_secondary_window[Window-second_window_kwargs0] PASSED [ 91%]
2025-02-28T15:33:12.2857430Z tests/window/test_window.py::test_secondary_window_with_args[Window-second_window_kwargs0] PASSED [ 91%]
2025-02-28T15:33:12.6619120Z tests/window/test_window.py::test_secondary_window_with_content PASSED   [ 91%]
2025-02-28T15:33:13.0053840Z tests/window/test_window.py::test_secondary_window_cleanup PASSED        [ 91%]
2025-02-28T15:33:13.4671500Z tests/window/test_window.py::test_secondary_window_toolbar[MainWindow-second_window_kwargs0] PASSED [ 92%]
2025-02-28T15:33:13.9562020Z tests/window/test_window.py::test_non_resizable[Window-second_window_kwargs0] PASSED [ 92%]
2025-02-28T15:33:14.6595670Z tests/window/test_window.py::test_non_closable[Window-second_window_kwargs0] PASSED [ 92%]
2025-02-28T15:33:15.2436530Z tests/window/test_window.py::test_non_minimizable[Window-second_window_kwargs0] PASSED [ 92%]
2025-02-28T15:33:17.7900410Z tests/window/test_window.py::test_visibility[Window-second_window_kwargs0] PASSED [ 92%]
2025-02-28T15:33:19.1895000Z tests/window/test_window.py::test_move_and_resize[Window-second_window_kwargs0] PASSED [ 92%]
2025-02-28T15:33:20.5335820Z tests/window/test_window.py::test_window_state_change[MainWindow-second_window_kwargs0-WindowState.NORMAL-WindowState.MINIMIZED] PASSED [ 93%]
2025-02-28T15:33:22.1645190Z tests/window/test_window.py::test_window_state_change[MainWindow-second_window_kwargs0-WindowState.NORMAL-WindowState.MAXIMIZED] PASSED [ 93%]
2025-02-28T15:33:23.5685030Z tests/window/test_window.py::test_window_state_change[MainWindow-second_window_kwargs0-WindowState.NORMAL-WindowState.FULLSCREEN] PASSED [ 93%]
2025-02-28T15:33:25.4071640Z tests/window/test_window.py::test_window_state_change[MainWindow-second_window_kwargs0-WindowState.NORMAL-WindowState.PRESENTATION] PASSED [ 93%]
2025-02-28T15:33:26.2850430Z tests/window/test_window.py::test_window_state_change[MainWindow-second_window_kwargs0-WindowState.NORMAL-WindowState.NORMAL] PASSED [ 93%]
2025-02-28T15:33:28.0524900Z tests/window/test_window.py::test_window_state_change[MainWindow-second_window_kwargs0-WindowState.MINIMIZED-WindowState.NORMAL] PASSED [ 93%]
2025-02-28T15:33:30.1885190Z tests/window/test_window.py::test_window_state_change[MainWindow-second_window_kwargs0-WindowState.MINIMIZED-WindowState.MAXIMIZED] PASSED [ 94%]
2025-02-28T15:33:32.6592850Z tests/window/test_window.py::test_window_state_change[MainWindow-second_window_kwargs0-WindowState.MINIMIZED-WindowState.FULLSCREEN] PASSED [ 94%]
2025-02-28T15:33:35.3791170Z tests/window/test_window.py::test_window_state_change[MainWindow-second_window_kwargs0-WindowState.MINIMIZED-WindowState.PRESENTATION] PASSED [ 94%]
2025-02-28T15:33:36.6981390Z tests/window/test_window.py::test_window_state_change[MainWindow-second_window_kwargs0-WindowState.MINIMIZED-WindowState.MINIMIZED] PASSED [ 94%]
2025-02-28T15:33:38.6875340Z tests/window/test_window.py::test_window_state_change[MainWindow-second_window_kwargs0-WindowState.MAXIMIZED-WindowState.NORMAL] PASSED [ 94%]
2025-02-28T15:33:40.7403640Z tests/window/test_window.py::test_window_state_change[MainWindow-second_window_kwargs0-WindowState.MAXIMIZED-WindowState.MINIMIZED] PASSED [ 94%]
2025-02-28T15:33:43.3957210Z tests/window/test_window.py::test_window_state_change[MainWindow-second_window_kwargs0-WindowState.MAXIMIZED-WindowState.FULLSCREEN] PASSED [ 95%]
2025-02-28T15:33:45.9399800Z tests/window/test_window.py::test_window_state_change[MainWindow-second_window_kwargs0-WindowState.MAXIMIZED-WindowState.PRESENTATION] PASSED [ 95%]
2025-02-28T15:33:47.1851200Z tests/window/test_window.py::test_window_state_change[MainWindow-second_window_kwargs0-WindowState.MAXIMIZED-WindowState.MAXIMIZED] PASSED [ 95%]
2025-02-28T15:33:49.1684980Z tests/window/test_window.py::test_window_state_change[MainWindow-second_window_kwargs0-WindowState.FULLSCREEN-WindowState.NORMAL] PASSED [ 95%]
2025-02-28T15:33:51.7222380Z tests/window/test_window.py::test_window_state_change[MainWindow-second_window_kwargs0-WindowState.FULLSCREEN-WindowState.MINIMIZED] PASSED [ 95%]
2025-02-28T15:33:54.4494560Z tests/window/test_window.py::test_window_state_change[MainWindow-second_window_kwargs0-WindowState.FULLSCREEN-WindowState.MAXIMIZED] PASSED [ 95%]
2025-02-28T15:33:56.5082390Z tests/window/test_window.py::test_window_state_change[MainWindow-second_window_kwargs0-WindowState.FULLSCREEN-WindowState.PRESENTATION] PASSED [ 96%]
2025-02-28T15:33:57.9692750Z tests/window/test_window.py::test_window_state_change[MainWindow-second_window_kwargs0-WindowState.FULLSCREEN-WindowState.FULLSCREEN] PASSED [ 96%]
2025-02-28T15:34:00.3291020Z tests/window/test_window.py::test_window_state_change[MainWindow-second_window_kwargs0-WindowState.PRESENTATION-WindowState.NORMAL] PASSED [ 96%]
2025-02-28T15:34:02.2504210Z tests/window/test_window.py::test_window_state_change[MainWindow-second_window_kwargs0-WindowState.PRESENTATION-WindowState.MINIMIZED] PASSED [ 96%]
2025-02-28T15:34:04.4658640Z tests/window/test_window.py::test_window_state_change[MainWindow-second_window_kwargs0-WindowState.PRESENTATION-WindowState.MAXIMIZED] PASSED [ 96%]
2025-02-28T15:34:06.5572300Z tests/window/test_window.py::test_window_state_change[MainWindow-second_window_kwargs0-WindowState.PRESENTATION-WindowState.FULLSCREEN] PASSED [ 96%]
2025-02-28T15:34:08.3998400Z tests/window/test_window.py::test_window_state_change[MainWindow-second_window_kwargs0-WindowState.PRESENTATION-WindowState.PRESENTATION] PASSED [ 97%]
2025-02-28T15:34:10.9094520Z tests/window/test_window.py::test_window_state_rapid_assignment[MainWindow-second_window_kwargs0-states0] PASSED [ 97%]
2025-02-28T15:34:14.2841840Z tests/window/test_window.py::test_window_state_rapid_assignment[MainWindow-second_window_kwargs0-states1] PASSED [ 97%]
2025-02-28T15:34:16.7098420Z tests/window/test_window.py::test_window_state_rapid_assignment[MainWindow-second_window_kwargs0-states2] PASSED [ 97%]
2025-02-28T15:34:18.0499160Z tests/window/test_window.py::test_window_state_rapid_assignment[MainWindow-second_window_kwargs0-states3] PASSED [ 97%]
2025-02-28T15:34:18.7557090Z tests/window/test_window.py::test_window_state_same_as_current_without_intermediate_states[Window-second_window_kwargs0-WindowState.NORMAL] PASSED [ 97%]
2025-02-28T15:34:19.8979100Z tests/window/test_window.py::test_window_state_same_as_current_without_intermediate_states[Window-second_window_kwargs0-WindowState.MINIMIZED] PASSED [ 98%]
2025-02-28T15:34:21.3542500Z tests/window/test_window.py::test_window_state_same_as_current_without_intermediate_states[Window-second_window_kwargs0-WindowState.MAXIMIZED] PASSED [ 98%]
2025-02-28T15:34:22.6671640Z tests/window/test_window.py::test_window_state_same_as_current_without_intermediate_states[Window-second_window_kwargs0-WindowState.FULLSCREEN] PASSED [ 98%]
2025-02-28T15:34:24.3197260Z tests/window/test_window.py::test_window_state_same_as_current_without_intermediate_states[Window-second_window_kwargs0-WindowState.PRESENTATION] PASSED [ 98%]
2025-02-28T15:34:25.9503690Z tests/window/test_window.py::test_window_state_content_size_increase[Window-second_window_kwargs0-WindowState.MAXIMIZED] PASSED [ 98%]
2025-02-28T15:34:27.9911730Z tests/window/test_window.py::test_window_state_content_size_increase[Window-second_window_kwargs0-WindowState.FULLSCREEN] PASSED [ 98%]
2025-02-28T15:34:29.4754350Z tests/window/test_window.py::test_window_state_content_size_increase[Window-second_window_kwargs0-WindowState.PRESENTATION] PASSED [ 99%]
2025-02-28T15:34:30.2773370Z tests/window/test_window.py::test_window_state_when_window_hidden[Window-second_window_kwargs0-WindowState.NORMAL] PASSED [ 99%]
2025-02-28T15:34:31.4351470Z tests/window/test_window.py::test_window_state_when_window_hidden[Window-second_window_kwargs0-WindowState.MAXIMIZED] PASSED [ 99%]
2025-02-28T15:34:32.1386190Z tests/window/test_window.py::test_focus_events[Window-second_window_kwargs0] PASSED [ 99%]
2025-02-28T15:34:32.8521770Z tests/window/test_window.py::test_visibility_events[Window-second_window_kwargs0] PASSED [ 99%]
2025-02-28T15:34:33.5747800Z tests/window/test_window.py::test_screen[Window-second_window_kwargs0] PASSED [ 99%]
2025-02-28T15:34:34.0270760Z tests/window/test_window.py::test_as_image PASSED                        [100%]
2025-02-28T15:34:34.0281880Z 
2025-02-28T15:34:34.0292160Z ====== 546 passed, 29 skipped, 28 xfailed, 2 xpassed in 365.77s (0:06:05) ======
2025-02-28T15:34:34.9552010Z Name    Stmts   Miss Branch BrPart   Cover   Missing
2025-02-28T15:34:34.9562990Z ----------------------------------------------------
2025-02-28T15:34:34.9571800Z TOTAL    3683      0    502      0  100.0%
2025-02-28T15:34:34.9580800Z 
2025-02-28T15:34:34.9589980Z 57 files skipped due to complete coverage.
2025-02-28T15:34:38.1887790Z 
2025-02-28T15:34:38.2339120Z [2m[testbed][0m Test suite passed!
2025-02-28T15:34:38.2372640Z Saving log... started
2025-02-28T15:34:38.2440500Z 
2025-02-28T15:34:38.3134670Z [1;33mLog saved to /Users/runner/work/toga/toga/testbed/logs/briefcase.2025_02_28-15_34_38.run.log[0m[1;33m
2025-02-28T15:34:38.3156650Z [0m
2025-02-28T15:34:38.3158160Z Saving log... done
2025-02-28T15:34:38.5769720Z Post job cleanup.
2025-02-28T15:34:38.9405620Z Post job cleanup.
2025-02-28T15:34:39.2311780Z [command]/usr/local/bin/git version
2025-02-28T15:34:39.2417800Z git version 2.48.1
2025-02-28T15:34:39.2492950Z Copying '/Users/runner/.gitconfig' to '/Users/runner/work/_temp/6cfa81ee-af09-46f8-bf14-888662bc4d7e/.gitconfig'
2025-02-28T15:34:39.2519960Z Temporarily overriding HOME='/Users/runner/work/_temp/6cfa81ee-af09-46f8-bf14-888662bc4d7e' before making global git config changes
2025-02-28T15:34:39.2522000Z Adding repository directory to the temporary git global config as a safe directory
2025-02-28T15:34:39.2531780Z [command]/usr/local/bin/git config --global --add safe.directory /Users/runner/work/toga/toga
2025-02-28T15:34:39.2989520Z [command]/usr/local/bin/git config --local --name-only --get-regexp core\.sshCommand
2025-02-28T15:34:39.3072800Z [command]/usr/local/bin/git submodule foreach --recursive sh -c "git config --local --name-only --get-regexp 'core\.sshCommand' && git config --local --unset-all 'core.sshCommand' || :"
2025-02-28T15:34:39.4402790Z [command]/usr/local/bin/git config --local --name-only --get-regexp http\.https\:\/\/github\.com\/\.extraheader
2025-02-28T15:34:39.4477060Z http.https://github.com/.extraheader
2025-02-28T15:34:39.4503410Z [command]/usr/local/bin/git config --local --unset-all http.https://github.com/.extraheader
2025-02-28T15:34:39.4649380Z [command]/usr/local/bin/git submodule foreach --recursive sh -c "git config --local --name-only --get-regexp 'http\.https\:\/\/github\.com\/\.extraheader' && git config --local --unset-all 'http.https://github.com/.extraheader' || :"
2025-02-28T15:34:39.6223890Z Cleaning up orphan processes
