2025-02-28T15:27:07.7664540Z Current runner version: '2.322.0'
2025-02-28T15:27:07.7679480Z ##[group]Operating System
2025-02-28T15:27:07.7679930Z macOS
2025-02-28T15:27:07.7680240Z 14.7.4
2025-02-28T15:27:07.7680530Z 23H420
2025-02-28T15:27:07.7680820Z ##[endgroup]
2025-02-28T15:27:07.7681120Z ##[group]Runner Image
2025-02-28T15:27:07.7681450Z Image: macos-14-arm64
2025-02-28T15:27:07.7681770Z Version: 20250225.952
2025-02-28T15:27:07.7682440Z Included Software: https://github.com/actions/runner-images/blob/macos-14-arm64/20250225.952/images/macos/macos-14-arm64-Readme.md
2025-02-28T15:27:07.7683380Z Image Release: https://github.com/actions/runner-images/releases/tag/macos-14-arm64%2F20250225.952
2025-02-28T15:27:07.7683950Z ##[endgroup]
2025-02-28T15:27:07.7684270Z ##[group]Runner Image Provisioner
2025-02-28T15:27:07.7684670Z 2.0.422.1+55c30c14fe2a0a1547db1b656933ae07d97649a9
2025-02-28T15:27:07.7685070Z ##[endgroup]
2025-02-28T15:27:07.7686390Z ##[group]GITHUB_TOKEN Permissions
2025-02-28T15:27:07.7687390Z Actions: read
2025-02-28T15:27:07.7687720Z Attestations: read
2025-02-28T15:27:07.7688040Z Checks: read
2025-02-28T15:27:07.7688340Z Contents: read
2025-02-28T15:27:07.7688640Z Deployments: read
2025-02-28T15:27:07.7688950Z Discussions: read
2025-02-28T15:27:07.7689260Z Issues: read
2025-02-28T15:27:07.7689560Z Metadata: read
2025-02-28T15:27:07.7689870Z Packages: read
2025-02-28T15:27:07.7690170Z Pages: read
2025-02-28T15:27:07.7690460Z PullRequests: read
2025-02-28T15:27:07.7690810Z RepositoryProjects: read
2025-02-28T15:27:07.7691170Z SecurityEvents: read
2025-02-28T15:27:07.7691510Z Statuses: read
2025-02-28T15:27:07.7691830Z ##[endgroup]
2025-02-28T15:27:07.7693500Z Secret source: None
2025-02-28T15:27:07.7693890Z Prepare workflow directory
2025-02-28T15:27:07.7937500Z Prepare all required actions
2025-02-28T15:27:07.7962320Z Getting action download info
2025-02-28T15:27:07.9982740Z Download action repository 'smorimoto/tune-github-hosted-runner-network@v1.0.0' (SHA:bb252dcb5c8609a31087e7993daa086f5a1c0069)
2025-02-28T15:27:08.9411690Z Download action repository 'actions/checkout@v4.2.2' (SHA:11bd71901bbe5b1630ceea73d27597364c9af683)
2025-02-28T15:27:09.0643150Z Download action repository 'actions/setup-python@v5.4.0' (SHA:42375524e23c412d93fb67b49958b491fce71c38)
2025-02-28T15:27:09.1629010Z Download action repository 'actions/download-artifact@v4.1.8' (SHA:fa0a91b85d4f404e444e00e005971372dc801d16)
2025-02-28T15:27:10.1814880Z Download action repository 'actions/upload-artifact@v4.6.1' (SHA:4cec3d8aa04e39d1a68397de0c4cd6fb9dce8ec1)
2025-02-28T15:27:10.3487540Z Complete job name: Testbed (macOS-arm64)
2025-02-28T15:27:10.3909340Z ##[group]Run smorimoto/tune-github-hosted-runner-network@v1.0.0
2025-02-28T15:27:10.3910300Z env:
2025-02-28T15:27:10.3910720Z   min_python_version: 3.9
2025-02-28T15:27:10.3911240Z   max_python_version: 3.12
2025-02-28T15:27:10.3911740Z   FORCE_COLOR: 1
2025-02-28T15:27:10.3912170Z ##[endgroup]
2025-02-28T15:27:10.4021970Z ##[group]Run sudo sysctl -w net.link.generic.system.hwcksum_tx=0
2025-02-28T15:27:10.4023060Z [36;1msudo sysctl -w net.link.generic.system.hwcksum_tx=0[0m
2025-02-28T15:27:10.4023990Z [36;1msudo sysctl -w net.link.generic.system.hwcksum_rx=0[0m
2025-02-28T15:27:10.4085390Z shell: /bin/bash --noprofile --norc -e -o pipefail {0}
2025-02-28T15:27:10.4086440Z env:
2025-02-28T15:27:10.4086920Z   min_python_version: 3.9
2025-02-28T15:27:10.4087490Z   max_python_version: 3.12
2025-02-28T15:27:10.4088020Z   FORCE_COLOR: 1
2025-02-28T15:27:10.4088490Z ##[endgroup]
2025-02-28T15:27:10.4436050Z net.link.generic.system.hwcksum_tx: 1 -> 0
2025-02-28T15:27:10.4510540Z net.link.generic.system.hwcksum_rx: 1 -> 0
2025-02-28T15:27:10.4658100Z ##[group]Run actions/checkout@v4.2.2
2025-02-28T15:27:10.4658700Z with:
2025-02-28T15:27:10.4659120Z   fetch-depth: 0
2025-02-28T15:27:10.4659590Z   repository: beeware/toga
2025-02-28T15:27:10.4660260Z   token: ***
2025-02-28T15:27:10.4660750Z   ssh-strict: true
2025-02-28T15:27:10.4661240Z   ssh-user: git
2025-02-28T15:27:10.4661740Z   persist-credentials: true
2025-02-28T15:27:10.4662680Z   clean: true
2025-02-28T15:27:10.4663160Z   sparse-checkout-cone-mode: true
2025-02-28T15:27:10.4677030Z   fetch-tags: false
2025-02-28T15:27:10.4677570Z   show-progress: true
2025-02-28T15:27:10.4678070Z   lfs: false
2025-02-28T15:27:10.4678520Z   submodules: false
2025-02-28T15:27:10.4679010Z   set-safe-directory: true
2025-02-28T15:27:10.4679530Z env:
2025-02-28T15:27:10.4679970Z   min_python_version: 3.9
2025-02-28T15:27:10.4680490Z   max_python_version: 3.12
2025-02-28T15:27:10.4681010Z   FORCE_COLOR: 1
2025-02-28T15:27:10.4681480Z ##[endgroup]
2025-02-28T15:27:10.7224350Z Syncing repository: beeware/toga
2025-02-28T15:27:10.7225350Z ##[group]Getting Git version info
2025-02-28T15:27:10.7225630Z Working directory is '/Users/runner/work/toga/toga'
2025-02-28T15:27:10.7226080Z [command]/opt/homebrew/bin/git version
2025-02-28T15:27:10.7810690Z git version 2.48.1
2025-02-28T15:27:10.7836740Z ##[endgroup]
2025-02-28T15:27:10.7842080Z Copying '/Users/runner/.gitconfig' to '/Users/runner/work/_temp/ed833906-a4f1-4cca-b22a-18386c343e02/.gitconfig'
2025-02-28T15:27:10.7848570Z Temporarily overriding HOME='/Users/runner/work/_temp/ed833906-a4f1-4cca-b22a-18386c343e02' before making global git config changes
2025-02-28T15:27:10.7849160Z Adding repository directory to the temporary git global config as a safe directory
2025-02-28T15:27:10.7852350Z [command]/opt/homebrew/bin/git config --global --add safe.directory /Users/runner/work/toga/toga
2025-02-28T15:27:10.7928300Z Deleting the contents of '/Users/runner/work/toga/toga'
2025-02-28T15:27:10.7931030Z ##[group]Initializing the repository
2025-02-28T15:27:10.7934620Z [command]/opt/homebrew/bin/git init /Users/runner/work/toga/toga
2025-02-28T15:27:10.8078050Z hint: Using 'master' as the name for the initial branch. This default branch name
2025-02-28T15:27:10.8078810Z hint: is subject to change. To configure the initial branch name to use in all
2025-02-28T15:27:10.8079530Z hint: of your new repositories, which will suppress this warning, call:
2025-02-28T15:27:10.8079880Z hint:
2025-02-28T15:27:10.8080220Z hint: 	git config --global init.defaultBranch <name>
2025-02-28T15:27:10.8080490Z hint:
2025-02-28T15:27:10.8080730Z hint: Names commonly chosen instead of 'master' are 'main', 'trunk' and
2025-02-28T15:27:10.8081130Z hint: 'development'. The just-created branch can be renamed via this command:
2025-02-28T15:27:10.8081440Z hint:
2025-02-28T15:27:10.8081610Z hint: 	git branch -m <name>
2025-02-28T15:27:10.8081910Z Initialized empty Git repository in /Users/runner/work/toga/toga/.git/
2025-02-28T15:27:10.8085790Z [command]/opt/homebrew/bin/git remote add origin https://github.com/beeware/toga
2025-02-28T15:27:10.8134570Z ##[endgroup]
2025-02-28T15:27:10.8135120Z ##[group]Disabling automatic garbage collection
2025-02-28T15:27:10.8136760Z [command]/opt/homebrew/bin/git config --local gc.auto 0
2025-02-28T15:27:10.8177770Z ##[endgroup]
2025-02-28T15:27:10.8178210Z ##[group]Setting up auth
2025-02-28T15:27:10.8182000Z [command]/opt/homebrew/bin/git config --local --name-only --get-regexp core\.sshCommand
2025-02-28T15:27:10.8221920Z [command]/opt/homebrew/bin/git submodule foreach --recursive sh -c "git config --local --name-only --get-regexp 'core\.sshCommand' && git config --local --unset-all 'core.sshCommand' || :"
2025-02-28T15:27:10.8730170Z [command]/opt/homebrew/bin/git config --local --name-only --get-regexp http\.https\:\/\/github\.com\/\.extraheader
2025-02-28T15:27:10.8765940Z [command]/opt/homebrew/bin/git submodule foreach --recursive sh -c "git config --local --name-only --get-regexp 'http\.https\:\/\/github\.com\/\.extraheader' && git config --local --unset-all 'http.https://github.com/.extraheader' || :"
2025-02-28T15:27:10.9197870Z [command]/opt/homebrew/bin/git config --local http.https://github.com/.extraheader AUTHORIZATION: basic ***
2025-02-28T15:27:10.9260280Z ##[endgroup]
2025-02-28T15:27:10.9260750Z ##[group]Fetching the repository
2025-02-28T15:27:10.9265960Z [command]/opt/homebrew/bin/git -c protocol.version=2 fetch --prune --no-recurse-submodules origin +refs/heads/*:refs/remotes/origin/* +refs/tags/*:refs/tags/* +68266e24a68fb42fbbeefb9a1fc4181dfda30fbe:refs/remotes/pull/3217/merge
2025-02-28T15:27:13.2957480Z From https://github.com/beeware/toga
2025-02-28T15:27:13.2958290Z  * [new branch]          main         -> origin/main
2025-02-28T15:27:13.2959370Z  * [new branch]          pre-0.5      -> origin/pre-0.5
2025-02-28T15:27:13.2960230Z  * [new tag]             0.2.6        -> 0.2.6
2025-02-28T15:27:13.2960680Z  * [new tag]             v0.0.1rc1    -> v0.0.1rc1
2025-02-28T15:27:13.2961560Z  * [new tag]             v0.0.1rc10   -> v0.0.1rc10
2025-02-28T15:27:13.2961940Z  * [new tag]             v0.0.1rc5    -> v0.0.1rc5
2025-02-28T15:27:13.2962860Z  * [new tag]             v0.0.1rc6    -> v0.0.1rc6
2025-02-28T15:27:13.2965200Z  * [new tag]             v0.1.0       -> v0.1.0
2025-02-28T15:27:13.2965890Z  * [new tag]             v0.1.1       -> v0.1.1
2025-02-28T15:27:13.2967310Z  * [new tag]             v0.1.2       -> v0.1.2
2025-02-28T15:27:13.2968370Z  * [new tag]             v0.2.0       -> v0.2.0
2025-02-28T15:27:13.2969250Z  * [new tag]             v0.2.0.dev1  -> v0.2.0.dev1
2025-02-28T15:27:13.2970360Z  * [new tag]             v0.2.1       -> v0.2.1
2025-02-28T15:27:13.2973430Z  * [new tag]             v0.2.10      -> v0.2.10
2025-02-28T15:27:13.2975880Z  * [new tag]             v0.2.11      -> v0.2.11
2025-02-28T15:27:13.2976720Z  * [new tag]             v0.2.12      -> v0.2.12
2025-02-28T15:27:13.2978290Z  * [new tag]             v0.2.13      -> v0.2.13
2025-02-28T15:27:13.2980520Z  * [new tag]             v0.2.14      -> v0.2.14
2025-02-28T15:27:13.2982070Z  * [new tag]             v0.2.15      -> v0.2.15
2025-02-28T15:27:13.2984260Z  * [new tag]             v0.2.2       -> v0.2.2
2025-02-28T15:27:13.2985120Z  * [new tag]             v0.2.3       -> v0.2.3
2025-02-28T15:27:13.2986440Z  * [new tag]             v0.2.4       -> v0.2.4
2025-02-28T15:27:13.2987760Z  * [new tag]             v0.2.5       -> v0.2.5
2025-02-28T15:27:13.2988890Z  * [new tag]             v0.2.6       -> v0.2.6
2025-02-28T15:27:13.2991610Z  * [new tag]             v0.2.7       -> v0.2.7
2025-02-28T15:27:13.2992340Z  * [new tag]             v0.2.8       -> v0.2.8
2025-02-28T15:27:13.2993590Z  * [new tag]             v0.2.9       -> v0.2.9
2025-02-28T15:27:13.2994920Z  * [new tag]             v0.3.0       -> v0.3.0
2025-02-28T15:27:13.2996530Z  * [new tag]             v0.3.0.dev1  -> v0.3.0.dev1
2025-02-28T15:27:13.2997580Z  * [new tag]             v0.3.0.dev10 -> v0.3.0.dev10
2025-02-28T15:27:13.2999620Z  * [new tag]             v0.3.0.dev11 -> v0.3.0.dev11
2025-02-28T15:27:13.3000840Z  * [new tag]             v0.3.0.dev12 -> v0.3.0.dev12
2025-02-28T15:27:13.3002110Z  * [new tag]             v0.3.0.dev13 -> v0.3.0.dev13
2025-02-28T15:27:13.3003450Z  * [new tag]             v0.3.0.dev14 -> v0.3.0.dev14
2025-02-28T15:27:13.3004710Z  * [new tag]             v0.3.0.dev15 -> v0.3.0.dev15
2025-02-28T15:27:13.3005960Z  * [new tag]             v0.3.0.dev16 -> v0.3.0.dev16
2025-02-28T15:27:13.3009590Z  * [new tag]             v0.3.0.dev17 -> v0.3.0.dev17
2025-02-28T15:27:13.3010540Z  * [new tag]             v0.3.0.dev18 -> v0.3.0.dev18
2025-02-28T15:27:13.3011910Z  * [new tag]             v0.3.0.dev19 -> v0.3.0.dev19
2025-02-28T15:27:13.3013370Z  * [new tag]             v0.3.0.dev2  -> v0.3.0.dev2
2025-02-28T15:27:13.3014720Z  * [new tag]             v0.3.0.dev20 -> v0.3.0.dev20
2025-02-28T15:27:13.3017600Z  * [new tag]             v0.3.0.dev21 -> v0.3.0.dev21
2025-02-28T15:27:13.3018020Z  * [new tag]             v0.3.0.dev22 -> v0.3.0.dev22
2025-02-28T15:27:13.3019220Z  * [new tag]             v0.3.0.dev23 -> v0.3.0.dev23
2025-02-28T15:27:13.3020410Z  * [new tag]             v0.3.0.dev24 -> v0.3.0.dev24
2025-02-28T15:27:13.3021710Z  * [new tag]             v0.3.0.dev25 -> v0.3.0.dev25
2025-02-28T15:27:13.3022940Z  * [new tag]             v0.3.0.dev26 -> v0.3.0.dev26
2025-02-28T15:27:13.3025160Z  * [new tag]             v0.3.0.dev27 -> v0.3.0.dev27
2025-02-28T15:27:13.3026090Z  * [new tag]             v0.3.0.dev28 -> v0.3.0.dev28
2025-02-28T15:27:13.3031060Z  * [new tag]             v0.3.0.dev29 -> v0.3.0.dev29
2025-02-28T15:27:13.3032500Z  * [new tag]             v0.3.0.dev3  -> v0.3.0.dev3
2025-02-28T15:27:13.3051320Z  * [new tag]             v0.3.0.dev30 -> v0.3.0.dev30
2025-02-28T15:27:13.3052210Z  * [new tag]             v0.3.0.dev32 -> v0.3.0.dev32
2025-02-28T15:27:13.3053990Z  * [new tag]             v0.3.0.dev33 -> v0.3.0.dev33
2025-02-28T15:27:13.3055040Z  * [new tag]             v0.3.0.dev34 -> v0.3.0.dev34
2025-02-28T15:27:13.3056040Z  * [new tag]             v0.3.0.dev35 -> v0.3.0.dev35
2025-02-28T15:27:13.3056360Z  * [new tag]             v0.3.0.dev36 -> v0.3.0.dev36
2025-02-28T15:27:13.3056710Z  * [new tag]             v0.3.0.dev37 -> v0.3.0.dev37
2025-02-28T15:27:13.3057400Z  * [new tag]             v0.3.0.dev38 -> v0.3.0.dev38
2025-02-28T15:27:13.3057790Z  * [new tag]             v0.3.0.dev39 -> v0.3.0.dev39
2025-02-28T15:27:13.3058180Z  * [new tag]             v0.3.0.dev4  -> v0.3.0.dev4
2025-02-28T15:27:13.3058780Z  * [new tag]             v0.3.0.dev5  -> v0.3.0.dev5
2025-02-28T15:27:13.3059210Z  * [new tag]             v0.3.0.dev6  -> v0.3.0.dev6
2025-02-28T15:27:13.3059820Z  * [new tag]             v0.3.0.dev7  -> v0.3.0.dev7
2025-02-28T15:27:13.3060520Z  * [new tag]             v0.3.0.dev8  -> v0.3.0.dev8
2025-02-28T15:27:13.3060830Z  * [new tag]             v0.3.0.dev9  -> v0.3.0.dev9
2025-02-28T15:27:13.3062550Z  * [new tag]             v0.3.0rc0    -> v0.3.0rc0
2025-02-28T15:27:13.3062980Z  * [new tag]             v0.3.1       -> v0.3.1
2025-02-28T15:27:13.3063890Z  * [new tag]             v0.4.0       -> v0.4.0
2025-02-28T15:27:13.3064200Z  * [new tag]             v0.4.1       -> v0.4.1
2025-02-28T15:27:13.3064420Z  * [new tag]             v0.4.2       -> v0.4.2
2025-02-28T15:27:13.3064630Z  * [new tag]             v0.4.3       -> v0.4.3
2025-02-28T15:27:13.3065200Z  * [new tag]             v0.4.4       -> v0.4.4
2025-02-28T15:27:13.3066340Z  * [new tag]             v0.4.5       -> v0.4.5
2025-02-28T15:27:13.3067630Z  * [new tag]             v0.4.6       -> v0.4.6
2025-02-28T15:27:13.3069210Z  * [new tag]             v0.4.7       -> v0.4.7
2025-02-28T15:27:13.3070350Z  * [new tag]             v0.4.8       -> v0.4.8
2025-02-28T15:27:13.3071460Z  * [new tag]             v0.4.9       -> v0.4.9
2025-02-28T15:27:13.3075100Z  * [new ref]             68266e24a68fb42fbbeefb9a1fc4181dfda30fbe -> pull/3217/merge
2025-02-28T15:27:13.3139720Z ##[endgroup]
2025-02-28T15:27:13.3140020Z ##[group]Determining the checkout info
2025-02-28T15:27:13.3140320Z ##[endgroup]
2025-02-28T15:27:13.3144170Z [command]/opt/homebrew/bin/git sparse-checkout disable
2025-02-28T15:27:13.3189770Z [command]/opt/homebrew/bin/git config --local --unset-all extensions.worktreeConfig
2025-02-28T15:27:13.3226750Z ##[group]Checking out the ref
2025-02-28T15:27:13.3229680Z [command]/opt/homebrew/bin/git checkout --progress --force refs/remotes/pull/3217/merge
2025-02-28T15:27:13.5513660Z HEAD is now at 68266e24a Merge ee512b602a87bb9213021e3ceab7c75b22852c2d into 39458b6f220cd2eeafe9dcf5d470bd504914850a
2025-02-28T15:27:13.5523410Z ##[endgroup]
2025-02-28T15:27:13.5589120Z [command]/opt/homebrew/bin/git log -1 --format=%H
2025-02-28T15:27:13.5638260Z 68266e24a68fb42fbbeefb9a1fc4181dfda30fbe
2025-02-28T15:27:13.5771940Z ##[group]Run actions/setup-python@v5.4.0
2025-02-28T15:27:13.5772170Z with:
2025-02-28T15:27:13.5772290Z   python-version: 3.12
2025-02-28T15:27:13.5772450Z   check-latest: false
2025-02-28T15:27:13.5772670Z   token: ***
2025-02-28T15:27:13.5772820Z   update-environment: true
2025-02-28T15:27:13.5772990Z   allow-prereleases: false
2025-02-28T15:27:13.5773140Z env:
2025-02-28T15:27:13.5773260Z   min_python_version: 3.9
2025-02-28T15:27:13.5773420Z   max_python_version: 3.12
2025-02-28T15:27:13.5773570Z   FORCE_COLOR: 1
2025-02-28T15:27:13.5773710Z ##[endgroup]
2025-02-28T15:27:13.7125980Z ##[group]Installed versions
2025-02-28T15:27:13.7190320Z Successfully set up CPython (3.12.9)
2025-02-28T15:27:13.7191130Z ##[endgroup]
2025-02-28T15:27:13.7267420Z ##[group]Run # Use the development version of Briefcase
2025-02-28T15:27:13.7267760Z [36;1m[0m
2025-02-28T15:27:13.7267960Z [36;1m# Use the development version of Briefcase[0m
2025-02-28T15:27:13.7268240Z [36;1mpython -m pip install -U pip[0m
2025-02-28T15:27:13.7268610Z [36;1mpython -m pip install git+https://github.com/beeware/briefcase.git[0m
2025-02-28T15:27:13.7354870Z shell: /bin/bash --noprofile --norc -e -o pipefail {0}
2025-02-28T15:27:13.7355150Z env:
2025-02-28T15:27:13.7355290Z   min_python_version: 3.9
2025-02-28T15:27:13.7355460Z   max_python_version: 3.12
2025-02-28T15:27:13.7355620Z   FORCE_COLOR: 1
2025-02-28T15:27:13.7355840Z   pythonLocation: /Users/runner/hostedtoolcache/Python/3.12.9/arm64
2025-02-28T15:27:13.7356210Z   PKG_CONFIG_PATH: /Users/runner/hostedtoolcache/Python/3.12.9/arm64/lib/pkgconfig
2025-02-28T15:27:13.7356550Z   Python_ROOT_DIR: /Users/runner/hostedtoolcache/Python/3.12.9/arm64
2025-02-28T15:27:13.7356930Z   Python2_ROOT_DIR: /Users/runner/hostedtoolcache/Python/3.12.9/arm64
2025-02-28T15:27:13.7357240Z   Python3_ROOT_DIR: /Users/runner/hostedtoolcache/Python/3.12.9/arm64
2025-02-28T15:27:13.7357530Z   PIP_BREAK_SYSTEM_PACKAGES: 1
2025-02-28T15:27:13.7357700Z ##[endgroup]
2025-02-28T15:27:14.8348180Z Requirement already satisfied: pip in /Library/Frameworks/Python.framework/Versions/3.12/lib/python3.12/site-packages (25.0.1)
2025-02-28T15:27:15.2376840Z Collecting git+https://github.com/beeware/briefcase.git
2025-02-28T15:27:15.2379810Z   Cloning https://github.com/beeware/briefcase.git to /private/var/folders/8b/qtqs1qmx5nqg9shtxqxb_lpw0000gn/T/pip-req-build-u8gy3wt7
2025-02-28T15:27:15.2429660Z   Running command git clone --filter=blob:none --quiet https://github.com/beeware/briefcase.git /private/var/folders/8b/qtqs1qmx5nqg9shtxqxb_lpw0000gn/T/pip-req-build-u8gy3wt7
2025-02-28T15:27:17.2855800Z   Resolved https://github.com/beeware/briefcase.git to commit b53bbac6e5ef8e2c5789b59e36fd0635086a489a
2025-02-28T15:27:17.2937520Z   Installing build dependencies: started
2025-02-28T15:27:18.6962470Z   Installing build dependencies: finished with status 'done'
2025-02-28T15:27:18.7063630Z   Getting requirements to build wheel: started
2025-02-28T15:27:18.9788170Z   Getting requirements to build wheel: finished with status 'done'
2025-02-28T15:27:18.9797960Z   Preparing metadata (pyproject.toml): started
2025-02-28T15:27:19.2569890Z   Preparing metadata (pyproject.toml): finished with status 'done'
2025-02-28T15:27:19.3012630Z Collecting packaging>=24.2 (from briefcase==0.3.23.dev12+gb53bbac6)
2025-02-28T15:27:19.3021620Z   Using cached packaging-24.2-py3-none-any.whl.metadata (3.2 kB)
2025-02-28T15:27:19.3036470Z Requirement already satisfied: pip>=24.3 in /Library/Frameworks/Python.framework/Versions/3.12/lib/python3.12/site-packages (from briefcase==0.3.23.dev12+gb53bbac6) (25.0.1)
2025-02-28T15:27:19.3635300Z Collecting setuptools>=60 (from briefcase==0.3.23.dev12+gb53bbac6)
2025-02-28T15:27:19.3962110Z   Downloading setuptools-75.8.2-py3-none-any.whl.metadata (6.7 kB)
2025-02-28T15:27:19.4345510Z Collecting wheel>=0.37 (from briefcase==0.3.23.dev12+gb53bbac6)
2025-02-28T15:27:19.4441770Z   Downloading wheel-0.45.1-py3-none-any.whl.metadata (2.3 kB)
2025-02-28T15:27:19.4834990Z Collecting build>=0.10 (from briefcase==0.3.23.dev12+gb53bbac6)
2025-02-28T15:27:19.5034600Z   Downloading build-1.2.2.post1-py3-none-any.whl.metadata (6.5 kB)
2025-02-28T15:27:19.5238940Z Collecting cookiecutter<3.0,>=2.6.0 (from briefcase==0.3.23.dev12+gb53bbac6)
2025-02-28T15:27:19.5440630Z   Downloading cookiecutter-2.6.0-py3-none-any.whl.metadata (7.3 kB)
2025-02-28T15:27:19.5641160Z Collecting dmgbuild<2.0,>=1.6.4 (from briefcase==0.3.23.dev12+gb53bbac6)
2025-02-28T15:27:19.5843990Z   Downloading dmgbuild-1.6.4-py3-none-any.whl.metadata (3.2 kB)
2025-02-28T15:27:19.6039870Z Collecting GitPython<4.0,>=3.1 (from briefcase==0.3.23.dev12+gb53bbac6)
2025-02-28T15:27:19.6141580Z   Downloading GitPython-3.1.44-py3-none-any.whl.metadata (13 kB)
2025-02-28T15:27:19.6367230Z Collecting platformdirs<5.0,>=2.6 (from briefcase==0.3.23.dev12+gb53bbac6)
2025-02-28T15:27:19.6469100Z   Downloading platformdirs-4.3.6-py3-none-any.whl.metadata (11 kB)
2025-02-28T15:27:19.6950960Z Collecting psutil<8.0,>=5.9 (from briefcase==0.3.23.dev12+gb53bbac6)
2025-02-28T15:27:19.7066510Z   Downloading psutil-7.0.0-cp36-abi3-macosx_11_0_arm64.whl.metadata (22 kB)
2025-02-28T15:27:19.7279430Z Collecting python-dateutil>=2.9.0.post0 (from briefcase==0.3.23.dev12+gb53bbac6)
2025-02-28T15:27:19.7375160Z   Downloading python_dateutil-2.9.0.post0-py2.py3-none-any.whl.metadata (8.4 kB)
2025-02-28T15:27:19.7592750Z Collecting httpx<1.0,>=0.20 (from briefcase==0.3.23.dev12+gb53bbac6)
2025-02-28T15:27:19.7688340Z   Downloading httpx-0.28.1-py3-none-any.whl.metadata (7.1 kB)
2025-02-28T15:27:19.7969670Z Collecting rich<14.0,>=12.6 (from briefcase==0.3.23.dev12+gb53bbac6)
2025-02-28T15:27:19.8065810Z   Downloading rich-13.9.4-py3-none-any.whl.metadata (18 kB)
2025-02-28T15:27:19.8228410Z Collecting tomli_w<2.0,>=1.0 (from briefcase==0.3.23.dev12+gb53bbac6)
2025-02-28T15:27:19.8323010Z   Downloading tomli_w-1.2.0-py3-none-any.whl.metadata (5.7 kB)
2025-02-28T15:27:19.8517290Z Collecting pyproject_hooks (from build>=0.10->briefcase==0.3.23.dev12+gb53bbac6)
2025-02-28T15:27:19.8764920Z   Downloading pyproject_hooks-1.2.0-py3-none-any.whl.metadata (1.3 kB)
2025-02-28T15:27:19.8968140Z Collecting binaryornot>=0.4.4 (from cookiecutter<3.0,>=2.6.0->briefcase==0.3.23.dev12+gb53bbac6)
2025-02-28T15:27:19.9109020Z   Downloading binaryornot-0.4.4-py2.py3-none-any.whl.metadata (6.0 kB)
2025-02-28T15:27:19.9311390Z Collecting Jinja2<4.0.0,>=2.7 (from cookiecutter<3.0,>=2.6.0->briefcase==0.3.23.dev12+gb53bbac6)
2025-02-28T15:27:19.9461760Z   Downloading jinja2-3.1.5-py3-none-any.whl.metadata (2.6 kB)
2025-02-28T15:27:19.9601030Z Collecting click<9.0.0,>=7.0 (from cookiecutter<3.0,>=2.6.0->briefcase==0.3.23.dev12+gb53bbac6)
2025-02-28T15:27:19.9693930Z   Downloading click-8.1.8-py3-none-any.whl.metadata (2.3 kB)
2025-02-28T15:27:19.9922980Z Collecting pyyaml>=5.3.1 (from cookiecutter<3.0,>=2.6.0->briefcase==0.3.23.dev12+gb53bbac6)
2025-02-28T15:27:20.0020230Z   Downloading PyYAML-6.0.2-cp312-cp312-macosx_11_0_arm64.whl.metadata (2.1 kB)
2025-02-28T15:27:20.0200270Z Collecting python-slugify>=4.0.0 (from cookiecutter<3.0,>=2.6.0->briefcase==0.3.23.dev12+gb53bbac6)
2025-02-28T15:27:20.0297090Z   Downloading python_slugify-8.0.4-py2.py3-none-any.whl.metadata (8.5 kB)
2025-02-28T15:27:20.0504600Z Collecting requests>=2.23.0 (from cookiecutter<3.0,>=2.6.0->briefcase==0.3.23.dev12+gb53bbac6)
2025-02-28T15:27:20.0599830Z   Downloading requests-2.32.3-py3-none-any.whl.metadata (4.6 kB)
2025-02-28T15:27:20.0778060Z Collecting arrow (from cookiecutter<3.0,>=2.6.0->briefcase==0.3.23.dev12+gb53bbac6)
2025-02-28T15:27:20.0874820Z   Downloading arrow-1.3.0-py3-none-any.whl.metadata (7.5 kB)
2025-02-28T15:27:20.1038520Z Collecting ds_store>=1.1.0 (from dmgbuild<2.0,>=1.6.4->briefcase==0.3.23.dev12+gb53bbac6)
2025-02-28T15:27:20.1147150Z   Downloading ds_store-1.3.1-py3-none-any.whl.metadata (3.0 kB)
2025-02-28T15:27:20.1307690Z Collecting mac_alias>=2.0.1 (from dmgbuild<2.0,>=1.6.4->briefcase==0.3.23.dev12+gb53bbac6)
2025-02-28T15:27:20.1415810Z   Downloading mac_alias-2.2.2-py3-none-any.whl.metadata (3.1 kB)
2025-02-28T15:27:20.1579660Z Collecting gitdb<5,>=4.0.1 (from GitPython<4.0,>=3.1->briefcase==0.3.23.dev12+gb53bbac6)
2025-02-28T15:27:20.1678730Z   Downloading gitdb-4.0.12-py3-none-any.whl.metadata (1.2 kB)
2025-02-28T15:27:20.1889030Z Collecting anyio (from httpx<1.0,>=0.20->briefcase==0.3.23.dev12+gb53bbac6)
2025-02-28T15:27:20.1996400Z   Downloading anyio-4.8.0-py3-none-any.whl.metadata (4.6 kB)
2025-02-28T15:27:20.2049350Z Requirement already satisfied: certifi in /Library/Frameworks/Python.framework/Versions/3.12/lib/python3.12/site-packages (from httpx<1.0,>=0.20->briefcase==0.3.23.dev12+gb53bbac6) (2025.1.31)
2025-02-28T15:27:20.2223950Z Collecting httpcore==1.* (from httpx<1.0,>=0.20->briefcase==0.3.23.dev12+gb53bbac6)
2025-02-28T15:27:20.2323720Z   Downloading httpcore-1.0.7-py3-none-any.whl.metadata (21 kB)
2025-02-28T15:27:20.3035250Z Collecting idna (from httpx<1.0,>=0.20->briefcase==0.3.23.dev12+gb53bbac6)
2025-02-28T15:27:20.3189590Z   Downloading idna-3.10-py3-none-any.whl.metadata (10 kB)
2025-02-28T15:27:20.3620620Z Collecting h11<0.15,>=0.13 (from httpcore==1.*->httpx<1.0,>=0.20->briefcase==0.3.23.dev12+gb53bbac6)
2025-02-28T15:27:20.3821350Z   Downloading h11-0.14.0-py3-none-any.whl.metadata (8.2 kB)
2025-02-28T15:27:20.3922420Z Collecting six>=1.5 (from python-dateutil>=2.9.0.post0->briefcase==0.3.23.dev12+gb53bbac6)
2025-02-28T15:27:20.4022750Z   Downloading six-1.17.0-py2.py3-none-any.whl.metadata (1.7 kB)
2025-02-28T15:27:20.4224300Z Collecting markdown-it-py>=2.2.0 (from rich<14.0,>=12.6->briefcase==0.3.23.dev12+gb53bbac6)
2025-02-28T15:27:20.4314830Z   Downloading markdown_it_py-3.0.0-py3-none-any.whl.metadata (6.9 kB)
2025-02-28T15:27:20.4525650Z Collecting pygments<3.0.0,>=2.13.0 (from rich<14.0,>=12.6->briefcase==0.3.23.dev12+gb53bbac6)
2025-02-28T15:27:20.4624100Z   Downloading pygments-2.19.1-py3-none-any.whl.metadata (2.5 kB)
2025-02-28T15:27:20.4785420Z Collecting chardet>=3.0.2 (from binaryornot>=0.4.4->cookiecutter<3.0,>=2.6.0->briefcase==0.3.23.dev12+gb53bbac6)
2025-02-28T15:27:20.4890340Z   Downloading chardet-5.2.0-py3-none-any.whl.metadata (3.4 kB)
2025-02-28T15:27:20.5062110Z Collecting smmap<6,>=3.0.1 (from gitdb<5,>=4.0.1->GitPython<4.0,>=3.1->briefcase==0.3.23.dev12+gb53bbac6)
2025-02-28T15:27:20.5173800Z   Downloading smmap-5.0.2-py3-none-any.whl.metadata (4.3 kB)
2025-02-28T15:27:20.5498620Z Collecting MarkupSafe>=2.0 (from Jinja2<4.0.0,>=2.7->cookiecutter<3.0,>=2.6.0->briefcase==0.3.23.dev12+gb53bbac6)
2025-02-28T15:27:20.5597400Z   Downloading MarkupSafe-3.0.2-cp312-cp312-macosx_11_0_arm64.whl.metadata (4.0 kB)
2025-02-28T15:27:20.5750680Z Collecting mdurl~=0.1 (from markdown-it-py>=2.2.0->rich<14.0,>=12.6->briefcase==0.3.23.dev12+gb53bbac6)
2025-02-28T15:27:20.5848500Z   Downloading mdurl-0.1.2-py3-none-any.whl.metadata (1.6 kB)
2025-02-28T15:27:20.6012520Z Collecting text-unidecode>=1.3 (from python-slugify>=4.0.0->cookiecutter<3.0,>=2.6.0->briefcase==0.3.23.dev12+gb53bbac6)
2025-02-28T15:27:20.6106830Z   Downloading text_unidecode-1.3-py2.py3-none-any.whl.metadata (2.4 kB)
2025-02-28T15:27:20.6711090Z Collecting charset-normalizer<4,>=2 (from requests>=2.23.0->cookiecutter<3.0,>=2.6.0->briefcase==0.3.23.dev12+gb53bbac6)
2025-02-28T15:27:20.6816780Z   Downloading charset_normalizer-3.4.1-cp312-cp312-macosx_10_13_universal2.whl.metadata (35 kB)
2025-02-28T15:27:20.7102700Z Collecting urllib3<3,>=1.21.1 (from requests>=2.23.0->cookiecutter<3.0,>=2.6.0->briefcase==0.3.23.dev12+gb53bbac6)
2025-02-28T15:27:20.7210970Z   Downloading urllib3-2.3.0-py3-none-any.whl.metadata (6.5 kB)
2025-02-28T15:27:20.7439930Z Collecting sniffio>=1.1 (from anyio->httpx<1.0,>=0.20->briefcase==0.3.23.dev12+gb53bbac6)
2025-02-28T15:27:20.7538600Z   Downloading sniffio-1.3.1-py3-none-any.whl.metadata (3.9 kB)
2025-02-28T15:27:20.7707260Z Collecting typing_extensions>=4.5 (from anyio->httpx<1.0,>=0.20->briefcase==0.3.23.dev12+gb53bbac6)
2025-02-28T15:27:20.7807240Z   Downloading typing_extensions-4.12.2-py3-none-any.whl.metadata (3.0 kB)
2025-02-28T15:27:20.8015500Z Collecting types-python-dateutil>=2.8.10 (from arrow->cookiecutter<3.0,>=2.6.0->briefcase==0.3.23.dev12+gb53bbac6)
2025-02-28T15:27:20.8112760Z   Downloading types_python_dateutil-2.9.0.20241206-py3-none-any.whl.metadata (2.1 kB)
2025-02-28T15:27:20.8305790Z Downloading build-1.2.2.post1-py3-none-any.whl (22 kB)
2025-02-28T15:27:20.8463690Z Downloading cookiecutter-2.6.0-py3-none-any.whl (39 kB)
2025-02-28T15:27:20.8606500Z Downloading dmgbuild-1.6.4-py3-none-any.whl (34 kB)
2025-02-28T15:27:20.8726860Z Downloading GitPython-3.1.44-py3-none-any.whl (207 kB)
2025-02-28T15:27:20.8967710Z Downloading httpx-0.28.1-py3-none-any.whl (73 kB)
2025-02-28T15:27:20.9109670Z Downloading httpcore-1.0.7-py3-none-any.whl (78 kB)
2025-02-28T15:27:20.9149570Z Using cached packaging-24.2-py3-none-any.whl (65 kB)
2025-02-28T15:27:20.9249170Z Downloading platformdirs-4.3.6-py3-none-any.whl (18 kB)
2025-02-28T15:27:20.9380530Z Downloading psutil-7.0.0-cp36-abi3-macosx_11_0_arm64.whl (239 kB)
2025-02-28T15:27:20.9585100Z Downloading python_dateutil-2.9.0.post0-py2.py3-none-any.whl (229 kB)
2025-02-28T15:27:21.0051280Z Downloading rich-13.9.4-py3-none-any.whl (242 kB)
2025-02-28T15:27:21.0151950Z Downloading setuptools-75.8.2-py3-none-any.whl (1.2 MB)
2025-02-28T15:27:21.0296350Z [?25l   [90m━━━━━━━━━━━━━━━━━━━━━━━━━━━━━━━━━━━━━━━━[0m [32m0.0/1.2 MB[0m [31m?[0m eta [36m-:--:--[0m
2025-02-28T15:27:21.0297010Z [2K   [90m━━━━━━━━━━━━━━━━━━━━━━━━━━━━━━━━━━━━━━━━[0m [32m1.2/1.2 MB[0m [31m64.5 MB/s[0m eta [36m0:00:00[0m
2025-02-28T15:27:21.0401950Z [?25hDownloading tomli_w-1.2.0-py3-none-any.whl (6.7 kB)
2025-02-28T15:27:21.0521070Z Downloading wheel-0.45.1-py3-none-any.whl (72 kB)
2025-02-28T15:27:21.0638470Z Downloading binaryornot-0.4.4-py2.py3-none-any.whl (9.0 kB)
2025-02-28T15:27:21.0759060Z Downloading click-8.1.8-py3-none-any.whl (98 kB)
2025-02-28T15:27:21.0901880Z Downloading ds_store-1.3.1-py3-none-any.whl (16 kB)
2025-02-28T15:27:21.1028890Z Downloading gitdb-4.0.12-py3-none-any.whl (62 kB)
2025-02-28T15:27:21.1151340Z Downloading jinja2-3.1.5-py3-none-any.whl (134 kB)
2025-02-28T15:27:21.1283050Z Downloading mac_alias-2.2.2-py3-none-any.whl (21 kB)
2025-02-28T15:27:21.1411530Z Downloading markdown_it_py-3.0.0-py3-none-any.whl (87 kB)
2025-02-28T15:27:21.1552380Z Downloading pygments-2.19.1-py3-none-any.whl (1.2 MB)
2025-02-28T15:27:21.1648520Z [?25l   [90m━━━━━━━━━━━━━━━━━━━━━━━━━━━━━━━━━━━━━━━━[0m [32m0.0/1.2 MB[0m [31m?[0m eta [36m-:--:--[0m
2025-02-28T15:27:21.1649330Z [2K   [90m━━━━━━━━━━━━━━━━━━━━━━━━━━━━━━━━━━━━━━━━[0m [32m1.2/1.2 MB[0m [31m128.5 MB/s[0m eta [36m0:00:00[0m
2025-02-28T15:27:21.1756640Z [?25hDownloading python_slugify-8.0.4-py2.py3-none-any.whl (10 kB)
2025-02-28T15:27:21.1887220Z Downloading PyYAML-6.0.2-cp312-cp312-macosx_11_0_arm64.whl (173 kB)
2025-02-28T15:27:21.2047650Z Downloading requests-2.32.3-py3-none-any.whl (64 kB)
2025-02-28T15:27:21.2183520Z Downloading idna-3.10-py3-none-any.whl (70 kB)
2025-02-28T15:27:21.2319370Z Downloading six-1.17.0-py2.py3-none-any.whl (11 kB)
2025-02-28T15:27:21.2447490Z Downloading anyio-4.8.0-py3-none-any.whl (96 kB)
2025-02-28T15:27:21.2585810Z Downloading arrow-1.3.0-py3-none-any.whl (66 kB)
2025-02-28T15:27:21.2743580Z Downloading pyproject_hooks-1.2.0-py3-none-any.whl (10 kB)
2025-02-28T15:27:21.2881440Z Downloading chardet-5.2.0-py3-none-any.whl (199 kB)
2025-02-28T15:27:21.3038990Z Downloading charset_normalizer-3.4.1-cp312-cp312-macosx_10_13_universal2.whl (196 kB)
2025-02-28T15:27:21.3187570Z Downloading h11-0.14.0-py3-none-any.whl (58 kB)
2025-02-28T15:27:21.3323970Z Downloading MarkupSafe-3.0.2-cp312-cp312-macosx_11_0_arm64.whl (12 kB)
2025-02-28T15:27:21.3451800Z Downloading mdurl-0.1.2-py3-none-any.whl (10.0 kB)
2025-02-28T15:27:21.3583170Z Downloading smmap-5.0.2-py3-none-any.whl (24 kB)
2025-02-28T15:27:21.3717480Z Downloading sniffio-1.3.1-py3-none-any.whl (10 kB)
2025-02-28T15:27:21.3848310Z Downloading text_unidecode-1.3-py2.py3-none-any.whl (78 kB)
2025-02-28T15:27:21.3978040Z Downloading types_python_dateutil-2.9.0.20241206-py3-none-any.whl (14 kB)
2025-02-28T15:27:21.4137630Z Downloading typing_extensions-4.12.2-py3-none-any.whl (37 kB)
2025-02-28T15:27:21.4467620Z Downloading urllib3-2.3.0-py3-none-any.whl (128 kB)
2025-02-28T15:27:21.5016900Z Building wheels for collected packages: briefcase
2025-02-28T15:27:21.5117960Z   Building wheel for briefcase (pyproject.toml): started
2025-02-28T15:27:21.8956500Z   Building wheel for briefcase (pyproject.toml): finished with status 'done'
2025-02-28T15:27:21.8964540Z   Created wheel for briefcase: filename=briefcase-0.3.23.dev12+gb53bbac6-py3-none-any.whl size=240924 sha256=161ce574ec2fe248911a3140fb317cbe87fee240ca8945a0b24b92277df523e6
2025-02-28T15:27:21.8966060Z   Stored in directory: /private/var/folders/8b/qtqs1qmx5nqg9shtxqxb_lpw0000gn/T/pip-ephem-wheel-cache-jqh6p3ka/wheels/c5/04/18/55524f7f66d67aa89c0ad161b560d13d7948240e6934e45f7e
2025-02-28T15:27:21.8983760Z Successfully built briefcase
2025-02-28T15:27:21.9285830Z Installing collected packages: text-unidecode, wheel, urllib3, typing_extensions, types-python-dateutil, tomli_w, sniffio, smmap, six, setuptools, pyyaml, python-slugify, pyproject_hooks, pygments, psutil, platformdirs, packaging, mdurl, MarkupSafe, mac_alias, idna, h11, click, charset-normalizer, chardet, requests, python-dateutil, markdown-it-py, Jinja2, httpcore, gitdb, ds_store, build, binaryornot, anyio, rich, httpx, GitPython, dmgbuild, arrow, cookiecutter, briefcase
2025-02-28T15:27:24.1624710Z Successfully installed GitPython-3.1.44 Jinja2-3.1.5 MarkupSafe-3.0.2 anyio-4.8.0 arrow-1.3.0 binaryornot-0.4.4 briefcase-0.3.23.dev12+gb53bbac6 build-1.2.2.post1 chardet-5.2.0 charset-normalizer-3.4.1 click-8.1.8 cookiecutter-2.6.0 dmgbuild-1.6.4 ds_store-1.3.1 gitdb-4.0.12 h11-0.14.0 httpcore-1.0.7 httpx-0.28.1 idna-3.10 mac_alias-2.2.2 markdown-it-py-3.0.0 mdurl-0.1.2 packaging-24.2 platformdirs-4.3.6 psutil-7.0.0 pygments-2.19.1 pyproject_hooks-1.2.0 python-dateutil-2.9.0.post0 python-slugify-8.0.4 pyyaml-6.0.2 requests-2.32.3 rich-13.9.4 setuptools-75.8.2 six-1.17.0 smmap-5.0.2 sniffio-1.3.1 text-unidecode-1.3 tomli_w-1.2.0 types-python-dateutil-2.9.0.20241206 typing_extensions-4.12.2 urllib3-2.3.0 wheel-0.45.1
2025-02-28T15:27:24.3347380Z ##[group]Run actions/download-artifact@v4.1.8
2025-02-28T15:27:24.3347630Z with:
2025-02-28T15:27:24.3347790Z   pattern: Packages-toga-*
2025-02-28T15:27:24.3348190Z   merge-multiple: true
2025-02-28T15:27:24.3348400Z   path: dist
2025-02-28T15:27:24.3348540Z   repository: beeware/toga
2025-02-28T15:27:24.3348730Z   run-id: 13591189051
2025-02-28T15:27:24.3348870Z env:
2025-02-28T15:27:24.3349000Z   min_python_version: 3.9
2025-02-28T15:27:24.3349160Z   max_python_version: 3.12
2025-02-28T15:27:24.3349310Z   FORCE_COLOR: 1
2025-02-28T15:27:24.3349520Z   pythonLocation: /Users/runner/hostedtoolcache/Python/3.12.9/arm64
2025-02-28T15:27:24.3349900Z   PKG_CONFIG_PATH: /Users/runner/hostedtoolcache/Python/3.12.9/arm64/lib/pkgconfig
2025-02-28T15:27:24.3350240Z   Python_ROOT_DIR: /Users/runner/hostedtoolcache/Python/3.12.9/arm64
2025-02-28T15:27:24.3350550Z   Python2_ROOT_DIR: /Users/runner/hostedtoolcache/Python/3.12.9/arm64
2025-02-28T15:27:24.3350890Z   Python3_ROOT_DIR: /Users/runner/hostedtoolcache/Python/3.12.9/arm64
2025-02-28T15:27:24.3351120Z ##[endgroup]
2025-02-28T15:27:24.6960830Z Found 56 artifact(s)
2025-02-28T15:27:24.6961360Z Filtering artifacts by pattern 'Packages-toga-*'
2025-02-28T15:27:24.6976580Z Preparing to download the following artifacts:
2025-02-28T15:27:24.6976880Z - Packages-toga-winforms (ID: 2671287482, Size: 912634)
2025-02-28T15:27:24.6977160Z - Packages-toga-dummy (ID: 2671286695, Size: 148605)
2025-02-28T15:27:24.6977430Z - Packages-toga-core (ID: 2671286668, Size: 1154108)
2025-02-28T15:27:24.6977690Z - Packages-toga-iOS (ID: 2671286641, Size: 872393)
2025-02-28T15:27:24.6977990Z - Packages-toga-demo (ID: 2671286618, Size: 1242392)
2025-02-28T15:27:24.6978300Z - Packages-toga-web (ID: 2671286591, Size: 34849)
2025-02-28T15:27:24.6978620Z - Packages-toga-cocoa (ID: 2671286553, Size: 929372)
2025-02-28T15:27:24.6978900Z - Packages-toga-gtk (ID: 2671286494, Size: 142140)
2025-02-28T15:27:24.6979150Z - Packages-toga-travertino (ID: 2671286454, Size: 62313)
2025-02-28T15:27:24.6979750Z - Packages-toga-android (ID: 2671286345, Size: 138242)
2025-02-28T15:27:24.6980020Z - Packages-toga-toga (ID: 2671286304, Size: 7265)
2025-02-28T15:27:24.6980270Z - Packages-toga-textual (ID: 2671286253, Size: 32043)
2025-02-28T15:27:24.8176050Z Redirecting to blob download url: https://productionresultssa15.blob.core.windows.net/actions-results/2833d74d-b108-4855-a138-f9cc692c54c9/workflow-job-run-3124742b-843a-5b41-b426-aef8afedb9f7/artifacts/442c3fefacaa5f4a317396d7241d3673a3eab28c29b7e651a0b97534d592e35d.zip
2025-02-28T15:27:24.8177790Z Starting download of artifact to: /Users/runner/work/toga/toga/dist
2025-02-28T15:27:25.0954300Z Redirecting to blob download url: https://productionresultssa15.blob.core.windows.net/actions-results/2833d74d-b108-4855-a138-f9cc692c54c9/workflow-job-run-46aa3184-e851-51af-58d5-831072cd673f/artifacts/485660db63ec446c9f562cc6bdf49c64bf27c37a329b95a30a2467812096f020.zip
2025-02-28T15:27:25.0955320Z Starting download of artifact to: /Users/runner/work/toga/toga/dist
2025-02-28T15:27:25.0965900Z Redirecting to blob download url: https://productionresultssa15.blob.core.windows.net/actions-results/2833d74d-b108-4855-a138-f9cc692c54c9/workflow-job-run-98be74ae-5157-5c81-b7d0-b2ef5821a81e/artifacts/6e0cae3735cba3d010b2e4c6917aa1f2ffe72638fbddcfcf5e7d00e456e64178.zip
2025-02-28T15:27:25.0966860Z Starting download of artifact to: /Users/runner/work/toga/toga/dist
2025-02-28T15:27:25.1051470Z Redirecting to blob download url: https://productionresultssa15.blob.core.windows.net/actions-results/2833d74d-b108-4855-a138-f9cc692c54c9/workflow-job-run-996a8579-f179-559d-4190-0dfa80ff20d7/artifacts/78e64f25892d1e62a7fba16b04b2d38f38656067df6d708afd5432245debf794.zip
2025-02-28T15:27:25.1052450Z Starting download of artifact to: /Users/runner/work/toga/toga/dist
2025-02-28T15:27:25.1098230Z Redirecting to blob download url: https://productionresultssa15.blob.core.windows.net/actions-results/2833d74d-b108-4855-a138-f9cc692c54c9/workflow-job-run-7815ca6b-1b41-513e-fbe7-8eccb083611a/artifacts/1660c57eb65463a413672e3e25e0e2a0d8c8794547115554b39228f20230f22e.zip
2025-02-28T15:27:25.1099200Z Starting download of artifact to: /Users/runner/work/toga/toga/dist
2025-02-28T15:27:25.1105640Z Redirecting to blob download url: https://productionresultssa15.blob.core.windows.net/actions-results/2833d74d-b108-4855-a138-f9cc692c54c9/workflow-job-run-18bbcbc6-8763-5d15-2620-0ac883eea9b0/artifacts/42ca5e4547811af7883a91d6c65b481266e15c0cdc8d243ec9aae2b558253c02.zip
2025-02-28T15:27:25.1106600Z Starting download of artifact to: /Users/runner/work/toga/toga/dist
2025-02-28T15:27:25.1129970Z Redirecting to blob download url: https://productionresultssa15.blob.core.windows.net/actions-results/2833d74d-b108-4855-a138-f9cc692c54c9/workflow-job-run-832e8880-3eb6-5d89-0c04-ef547b46a59e/artifacts/dd722970e727682fe8f4f464e3511dbda02932b6586e5f2f8ac9f8f11f50cdc9.zip
2025-02-28T15:27:25.1130990Z Starting download of artifact to: /Users/runner/work/toga/toga/dist
2025-02-28T15:27:25.1138780Z Redirecting to blob download url: https://productionresultssa15.blob.core.windows.net/actions-results/2833d74d-b108-4855-a138-f9cc692c54c9/workflow-job-run-f1ed5179-285b-5126-8d3b-2df284d1f11c/artifacts/a55c024fa54bd7854415e2c7edfeb2c5046af07e859f8da7b852b08eadc84e2a.zip
2025-02-28T15:27:25.1139840Z Starting download of artifact to: /Users/runner/work/toga/toga/dist
2025-02-28T15:27:25.1258680Z Redirecting to blob download url: https://productionresultssa15.blob.core.windows.net/actions-results/2833d74d-b108-4855-a138-f9cc692c54c9/workflow-job-run-e2a6fa47-47a3-5188-27fb-56f4e71042c8/artifacts/5425332638acb926f3e0f42935440601f1f6cf4c943281c5f8b926bd1948bc25.zip
2025-02-28T15:27:25.1259800Z Starting download of artifact to: /Users/runner/work/toga/toga/dist
2025-02-28T15:27:25.1271950Z Redirecting to blob download url: https://productionresultssa15.blob.core.windows.net/actions-results/2833d74d-b108-4855-a138-f9cc692c54c9/workflow-job-run-137efbf3-bb9f-5901-016f-a9ca027ec083/artifacts/3f2c1a4e1441705d00c0abbd5f3913c6b215c2d9365be6ffa9fcc342e7742def.zip
2025-02-28T15:27:25.1272850Z Starting download of artifact to: /Users/runner/work/toga/toga/dist
2025-02-28T15:27:25.1764500Z Redirecting to blob download url: https://productionresultssa15.blob.core.windows.net/actions-results/2833d74d-b108-4855-a138-f9cc692c54c9/workflow-job-run-c851c84b-57ed-5071-9878-2279ccd891b8/artifacts/5eb57499beb40f05e15583bbf1c077df75bc75fa11156590733b79c2f9774e5a.zip
2025-02-28T15:27:25.1765510Z Starting download of artifact to: /Users/runner/work/toga/toga/dist
2025-02-28T15:27:25.1988250Z Redirecting to blob download url: https://productionresultssa15.blob.core.windows.net/actions-results/2833d74d-b108-4855-a138-f9cc692c54c9/workflow-job-run-866e389a-a1a0-5c67-a00f-72c22223abfe/artifacts/b4bca85baf5c112d5a88797759fe2e27b3de49b97e7268608199152765d6405a.zip
2025-02-28T15:27:25.1989760Z Starting download of artifact to: /Users/runner/work/toga/toga/dist
2025-02-28T15:27:25.3807450Z (node:1719) [DEP0005] DeprecationWarning: Buffer() is deprecated due to security and usability issues. Please use the Buffer.alloc(), Buffer.allocUnsafe(), or Buffer.from() methods instead.
2025-02-28T15:27:25.3808130Z (Use `node --trace-deprecation ...` to show where the warning was created)
2025-02-28T15:27:25.4534620Z Artifact download completed successfully.
2025-02-28T15:27:25.4649370Z Artifact download completed successfully.
2025-02-28T15:27:25.4727260Z Artifact download completed successfully.
2025-02-28T15:27:25.4971460Z Artifact download completed successfully.
2025-02-28T15:27:25.4977860Z Artifact download completed successfully.
2025-02-28T15:27:25.4990130Z Artifact download completed successfully.
2025-02-28T15:27:25.5398500Z Artifact download completed successfully.
2025-02-28T15:27:25.5755830Z Artifact download completed successfully.
2025-02-28T15:27:25.5910110Z Artifact download completed successfully.
2025-02-28T15:27:25.6506640Z Artifact download completed successfully.
2025-02-28T15:27:25.6631350Z Artifact download completed successfully.
2025-02-28T15:27:25.7862630Z Artifact download completed successfully.
2025-02-28T15:27:25.7862940Z Total of 12 artifact(s) downloaded
2025-02-28T15:27:25.7867410Z Download artifact has finished successfully
2025-02-28T15:27:25.7968910Z ##[group]Run \
2025-02-28T15:27:25.7969070Z [36;1m \[0m
2025-02-28T15:27:25.7969270Z [36;1m  briefcase run macOS --log --test  -- --ci[0m
2025-02-28T15:27:25.8017330Z shell: /bin/bash --noprofile --norc -e -o pipefail {0}
2025-02-28T15:27:25.8017540Z env:
2025-02-28T15:27:25.8017690Z   min_python_version: 3.9
2025-02-28T15:27:25.8017840Z   max_python_version: 3.12
2025-02-28T15:27:25.8018010Z   FORCE_COLOR: 1
2025-02-28T15:27:25.8018260Z   pythonLocation: /Users/runner/hostedtoolcache/Python/3.12.9/arm64
2025-02-28T15:27:25.8018630Z   PKG_CONFIG_PATH: /Users/runner/hostedtoolcache/Python/3.12.9/arm64/lib/pkgconfig
2025-02-28T15:27:25.8018980Z   Python_ROOT_DIR: /Users/runner/hostedtoolcache/Python/3.12.9/arm64
2025-02-28T15:27:25.8019290Z   Python2_ROOT_DIR: /Users/runner/hostedtoolcache/Python/3.12.9/arm64
2025-02-28T15:27:25.8019630Z   Python3_ROOT_DIR: /Users/runner/hostedtoolcache/Python/3.12.9/arm64
2025-02-28T15:27:25.8019870Z ##[endgroup]
2025-02-28T15:27:26.0772130Z 
2025-02-28T15:27:26.0780340Z [2m[testbed][0m Generating application template...
2025-02-28T15:27:26.0794100Z Using app template: [4;94mhttps://github.com/beeware/briefcase-macOS-app-template.git,[0m branch v0.3.23
2025-02-28T15:27:26.0799700Z Cloning template '[4;94mhttps://github.com/beeware/briefcase-macOS-app-template.git[0m'...
2025-02-28T15:27:27.3133840Z Template branch v0.3.23 not found; falling back to development template
2025-02-28T15:27:27.7730370Z Using existing template (sha e8082ea4d3310d7605e12f4ab1fa7ff7b637b974, updated Thu Jan 23 22:43:48 2025)
2025-02-28T15:27:28.5248970Z 
2025-02-28T15:27:28.5256400Z [2m[testbed][0m Installing support package...
2025-02-28T15:27:28.5263800Z Using support package [4;94mhttps://briefcase-support.s3.amazonaws.com/python/3.12/macOS/Python-3.12-macOS-support.b6.tar.gz[0m
2025-02-28T15:27:28.8611590Z Downloading Python-3.12-macOS-support.b6.tar.gz...
2025-02-28T15:27:29.7679840Z Unpacking support package... started
2025-02-28T15:27:31.2436030Z Unpacking support package... done
2025-02-28T15:27:31.2491300Z Copying standard library into app bundle... started
2025-02-28T15:27:31.8212550Z Copying standard library into app bundle... done
2025-02-28T15:27:31.8216260Z 
2025-02-28T15:27:31.8220260Z [2m[testbed][0m Installing stub binary...
2025-02-28T15:27:31.8225090Z Using stub binary [4;94mhttps://briefcase-support.s3.amazonaws.com/python/3.12/macOS/GUI-Stub-3.12-b10.zip[0m
2025-02-28T15:27:32.0246580Z Downloading GUI-Stub-3.12-b10.zip...
2025-02-28T15:27:32.0353300Z Installing stub binary... started
2025-02-28T15:27:32.0375650Z Installing stub binary... done
2025-02-28T15:27:32.0376250Z 
2025-02-28T15:27:32.0376820Z [2m[testbed][0m Installing application code...
2025-02-28T15:27:32.0378210Z Installing src/testbed... started
2025-02-28T15:27:32.0623340Z Installing src/testbed... done
2025-02-28T15:27:32.0628500Z Installing tests... started
2025-02-28T15:27:32.0750390Z Installing tests... done
2025-02-28T15:27:32.0754420Z Installing ../cocoa/tests_backend... started
2025-02-28T15:27:32.0857490Z Installing ../cocoa/tests_backend... done
2025-02-28T15:27:32.0865000Z 
2025-02-28T15:27:32.0868920Z [2m[testbed][0m Installing requirements...
2025-02-28T15:27:32.0872580Z Installing app requirements... started
2025-02-28T15:27:32.5600960Z Looking in links: /Users/runner/work/toga/toga/dist
2025-02-28T15:27:32.5606060Z Processing /Users/runner/work/toga/toga/travertino
2025-02-28T15:27:32.5613890Z   Installing build dependencies: started
2025-02-28T15:27:33.6703490Z   Installing build dependencies: finished with status 'done'
2025-02-28T15:27:33.6803960Z   Getting requirements to build wheel: started
2025-02-28T15:27:34.4468630Z   Getting requirements to build wheel: finished with status 'done'
2025-02-28T15:27:34.4570140Z   Preparing metadata (pyproject.toml): started
2025-02-28T15:27:34.8875040Z   Preparing metadata (pyproject.toml): finished with status 'done'
2025-02-28T15:27:34.8977290Z Processing /Users/runner/work/toga/toga/core
2025-02-28T15:27:34.9079090Z   Installing build dependencies: started
2025-02-28T15:27:36.1685240Z   Installing build dependencies: finished with status 'done'
2025-02-28T15:27:36.1989120Z   Getting requirements to build wheel: started
2025-02-28T15:27:36.6554000Z   Getting requirements to build wheel: finished with status 'done'
2025-02-28T15:27:36.6655560Z   Preparing metadata (pyproject.toml): started
2025-02-28T15:27:37.2449050Z   Preparing metadata (pyproject.toml): finished with status 'done'
2025-02-28T15:27:37.2551560Z Processing /Users/runner/work/toga/toga/cocoa
2025-02-28T15:27:37.2671530Z   Installing build dependencies: started
2025-02-28T15:27:38.4565630Z   Installing build dependencies: finished with status 'done'
2025-02-28T15:27:38.4570010Z   Getting requirements to build wheel: started
2025-02-28T15:27:38.8924650Z   Getting requirements to build wheel: finished with status 'done'
2025-02-28T15:27:38.8972470Z   Preparing metadata (pyproject.toml): started
2025-02-28T15:27:39.2715910Z   Preparing metadata (pyproject.toml): finished with status 'done'
2025-02-28T15:27:39.2730120Z Ignoring fonttools: markers 'sys_platform == "linux"' don't match your environment
2025-02-28T15:27:39.3624880Z Collecting std-nslog~=1.0.0
2025-02-28T15:27:39.4023490Z   Downloading std_nslog-1.0.3-py3-none-any.whl.metadata (3.6 kB)
2025-02-28T15:27:39.5510500Z Collecting coverage==7.6.12
2025-02-28T15:27:39.5634630Z   Downloading coverage-7.6.12-cp312-cp312-macosx_11_0_arm64.whl.metadata (8.5 kB)
2025-02-28T15:27:39.5824440Z Collecting coverage-conditional-plugin==0.9.0
2025-02-28T15:27:39.5949700Z   Downloading coverage_conditional_plugin-0.9.0-py3-none-any.whl.metadata (6.9 kB)
2025-02-28T15:27:39.6679860Z Collecting pillow==11.0.0
2025-02-28T15:27:39.6826750Z   Downloading pillow-11.0.0-cp312-cp312-macosx_11_0_arm64.whl.metadata (9.1 kB)
2025-02-28T15:27:39.7346140Z Collecting pytest==8.3.4
2025-02-28T15:27:39.7465590Z   Downloading pytest-8.3.4-py3-none-any.whl.metadata (7.5 kB)
2025-02-28T15:27:39.7685790Z Collecting pytest-asyncio==0.25.3
2025-02-28T15:27:39.7805250Z   Downloading pytest_asyncio-0.25.3-py3-none-any.whl.metadata (3.9 kB)
2025-02-28T15:27:39.7999560Z Collecting packaging>=20.4 (from coverage-conditional-plugin==0.9.0)
2025-02-28T15:27:39.8009630Z   Using cached packaging-24.2-py3-none-any.whl.metadata (3.2 kB)
2025-02-28T15:27:39.8156190Z Collecting iniconfig (from pytest==8.3.4)
2025-02-28T15:27:39.8331710Z   Downloading iniconfig-2.0.0-py3-none-any.whl.metadata (2.6 kB)
2025-02-28T15:27:39.8714980Z Collecting pluggy<2,>=1.5 (from pytest==8.3.4)
2025-02-28T15:27:39.8917890Z   Downloading pluggy-1.5.0-py3-none-any.whl.metadata (4.8 kB)
2025-02-28T15:27:40.0010630Z Collecting fonttools<5.0.0,>=4.42.1 (from toga-cocoa==0.4.9.dev629+g68266e24a)
2025-02-28T15:27:40.0112150Z   Downloading fonttools-4.56.0-cp312-cp312-macosx_10_13_universal2.whl.metadata (101 kB)
2025-02-28T15:27:40.0638840Z Collecting rubicon-objc<0.6.0,>=0.5.0 (from toga-cocoa==0.4.9.dev629+g68266e24a)
2025-02-28T15:27:40.0799010Z   Downloading rubicon_objc-0.5.0-py3-none-any.whl.metadata (5.5 kB)
2025-02-28T15:27:40.0986220Z Downloading coverage-7.6.12-cp312-cp312-macosx_11_0_arm64.whl (208 kB)
2025-02-28T15:27:40.1241070Z Downloading coverage_conditional_plugin-0.9.0-py3-none-any.whl (7.3 kB)
2025-02-28T15:27:40.1399090Z Downloading pillow-11.0.0-cp312-cp312-macosx_11_0_arm64.whl (3.0 MB)
2025-02-28T15:27:40.1760930Z [?25l   [90m━━━━━━━━━━━━━━━━━━━━━━━━━━━━━━━━━━━━━━━━[0m [32m0.0/3.0 MB[0m [31m?[0m eta [36m-:--:--[0m
2025-02-28T15:27:40.1768420Z [2K   [90m━━━━━━━━━━━━━━━━━━━━━━━━━━━━━━━━━━━━━━━━[0m [32m3.0/3.0 MB[0m [31m83.9 MB/s[0m eta [36m0:00:00[0m
2025-02-28T15:27:40.1884910Z [?25hDownloading pytest-8.3.4-py3-none-any.whl (343 kB)
2025-02-28T15:27:40.2028880Z Downloading pytest_asyncio-0.25.3-py3-none-any.whl (19 kB)
2025-02-28T15:27:40.2212790Z Downloading std_nslog-1.0.3-py3-none-any.whl (4.8 kB)
2025-02-28T15:27:40.2377150Z Downloading fonttools-4.56.0-cp312-cp312-macosx_10_13_universal2.whl (2.7 MB)
2025-02-28T15:27:40.2511650Z [?25l   [90m━━━━━━━━━━━━━━━━━━━━━━━━━━━━━━━━━━━━━━━━[0m [32m0.0/2.7 MB[0m [31m?[0m eta [36m-:--:--[0m
2025-02-28T15:27:40.2532000Z [2K   [90m━━━━━━━━━━━━━━━━━━━━━━━━━━━━━━━━━━━━━━━━[0m [32m2.7/2.7 MB[0m [31m217.2 MB/s[0m eta [36m0:00:00[0m
2025-02-28T15:27:40.2543710Z [?25hUsing cached packaging-24.2-py3-none-any.whl (65 kB)
2025-02-28T15:27:40.2645130Z Downloading pluggy-1.5.0-py3-none-any.whl (20 kB)
2025-02-28T15:27:40.2918340Z Downloading rubicon_objc-0.5.0-py3-none-any.whl (62 kB)
2025-02-28T15:27:40.3019440Z Downloading iniconfig-2.0.0-py3-none-any.whl (5.9 kB)
2025-02-28T15:27:40.3225260Z Building wheels for collected packages: travertino, toga-core, toga-cocoa
2025-02-28T15:27:40.3331050Z   Building wheel for travertino (pyproject.toml): started
2025-02-28T15:27:40.7894090Z   Building wheel for travertino (pyproject.toml): finished with status 'done'
2025-02-28T15:27:40.8015010Z   Created wheel for travertino: filename=travertino-0.4.9.dev629+g68266e24a-py3-none-any.whl size=22881 sha256=bfd1c15ba50a382163f3ee6574cbcaaaf56590008aa9d8c4b305d5f4ed669a07
2025-02-28T15:27:40.8030170Z   Stored in directory: /private/var/folders/8b/qtqs1qmx5nqg9shtxqxb_lpw0000gn/T/pip-ephem-wheel-cache-be8r4efe/wheels/fb/03/30/94bfd0cf122995590b1f326d3b00ed8b247f6304287450f1c9
2025-02-28T15:27:40.8158250Z   Building wheel for toga-core (pyproject.toml): started
2025-02-28T15:27:41.3374550Z   Building wheel for toga-core (pyproject.toml): finished with status 'done'
2025-02-28T15:27:41.3476070Z   Created wheel for toga-core: filename=toga_core-0.4.9.dev629+g68266e24a-py3-none-any.whl size=142978 sha256=8aab9ac0e2316a9cf8c4e0162ecf277c899048a38ecbe9b932c9c298ac923eae
2025-02-28T15:27:41.3499870Z   Stored in directory: /private/var/folders/8b/qtqs1qmx5nqg9shtxqxb_lpw0000gn/T/pip-ephem-wheel-cache-be8r4efe/wheels/9e/e8/ee/76b71fb42aa09373531dc76326216b74a6f01a510db217f28d
2025-02-28T15:27:41.3505280Z   Building wheel for toga-cocoa (pyproject.toml): started
2025-02-28T15:27:41.8361900Z   Building wheel for toga-cocoa (pyproject.toml): finished with status 'done'
2025-02-28T15:27:41.8463430Z   Created wheel for toga-cocoa: filename=toga_cocoa-0.4.9.dev629+g68266e24a-py3-none-any.whl size=465458 sha256=d9823f376d36917d0c5343c85adcf9daf772c015375b56ce2d0f2d1fcfd9546e
2025-02-28T15:27:41.8565470Z   Stored in directory: /private/var/folders/8b/qtqs1qmx5nqg9shtxqxb_lpw0000gn/T/pip-ephem-wheel-cache-be8r4efe/wheels/86/ef/d1/42797be250353a77cb37d181b1b71efc9c429671ede4b810e1
2025-02-28T15:27:41.8665260Z Successfully built travertino toga-core toga-cocoa
2025-02-28T15:27:41.8766970Z Installing collected packages: travertino, std-nslog, rubicon-objc, pluggy, pillow, packaging, iniconfig, fonttools, coverage, toga-core, pytest, coverage-conditional-plugin, toga-cocoa, pytest-asyncio
2025-02-28T15:27:43.1942240Z Successfully installed coverage-7.6.12 coverage-conditional-plugin-0.9.0 fonttools-4.56.0 iniconfig-2.0.0 packaging-24.2 pillow-11.0.0 pluggy-1.5.0 pytest-8.3.4 pytest-asyncio-0.25.3 rubicon-objc-0.5.0 std-nslog-1.0.3 toga-cocoa-0.4.9.dev629+g68266e24a toga-core-0.4.9.dev629+g68266e24a travertino-0.4.9.dev629+g68266e24a
2025-02-28T15:27:43.5366210Z Installing app requirements... done
2025-02-28T15:27:43.5388760Z Installing binary app requirements for x86_64... started
2025-02-28T15:27:43.8479700Z Looking in links: /Users/runner/work/toga/toga/dist
2025-02-28T15:27:44.0112420Z Collecting coverage==7.6.12
2025-02-28T15:27:44.0446250Z   Downloading coverage-7.6.12-cp312-cp312-macosx_10_13_x86_64.whl.metadata (8.5 kB)
2025-02-28T15:27:44.1405780Z Collecting pillow==11.0.0
2025-02-28T15:27:44.1513950Z   Downloading pillow-11.0.0-cp312-cp312-macosx_10_13_x86_64.whl.metadata (9.1 kB)
2025-02-28T15:27:44.1700580Z Downloading coverage-7.6.12-cp312-cp312-macosx_10_13_x86_64.whl (208 kB)
2025-02-28T15:27:44.2065590Z Downloading pillow-11.0.0-cp312-cp312-macosx_10_13_x86_64.whl (3.1 MB)
2025-02-28T15:27:44.2489900Z [?25l   [90m━━━━━━━━━━━━━━━━━━━━━━━━━━━━━━━━━━━━━━━━[0m [32m0.0/3.1 MB[0m [31m?[0m eta [36m-:--:--[0m
2025-02-28T15:27:44.2503640Z [2K   [90m━━━━━━━━━━━━━━━━━━━━━━━━━━━━━━━━━━━━━━━━[0m [32m3.1/3.1 MB[0m [31m93.2 MB/s[0m eta [36m0:00:00[0m
2025-02-28T15:27:44.2526690Z [?25hInstalling collected packages: pillow, coverage
2025-02-28T15:27:44.4965090Z Successfully installed coverage-7.6.12 pillow-11.0.0
2025-02-28T15:27:44.5375220Z Installing binary app requirements for x86_64... done
2025-02-28T15:27:44.5394680Z Thinning libraries in app_packages.x86_64...
2025-02-28T15:27:47.1186780Z Merging app_packages.arm64... started
2025-02-28T15:27:47.4961630Z Merging app_packages.arm64... done
2025-02-28T15:27:47.4966190Z Merging app_packages.x86_64... started
2025-02-28T15:27:47.5212460Z Merging app_packages.x86_64... done
2025-02-28T15:27:47.5216860Z Merging libraries...
2025-02-28T15:27:48.2917580Z 
2025-02-28T15:27:48.2924080Z [2m[testbed][0m Installing application resources...
2025-02-28T15:27:48.2929950Z Installing icons/testbed.icns as application icon... started
2025-02-28T15:27:48.2940050Z Installing icons/testbed.icns as application icon... done
2025-02-28T15:27:48.2944270Z 
2025-02-28T15:27:48.2948880Z [2m[testbed][0m Removing unneeded app content...
2025-02-28T15:27:48.2952490Z Removing unneeded app bundle content... started
2025-02-28T15:27:48.6256030Z Removing unneeded app bundle content... done
2025-02-28T15:27:48.6259190Z 
2025-02-28T15:27:48.6262830Z [2m[testbed][0m Created build/testbed/macos/app
2025-02-28T15:27:48.6272730Z 
2025-02-28T15:27:48.6277110Z [2m[testbed][0m Building App...
2025-02-28T15:27:48.6281380Z Renaming stub binary... started
2025-02-28T15:27:48.6285860Z Renaming stub binary... done
2025-02-28T15:27:48.6289410Z 
2025-02-28T15:27:48.6293090Z [2m[testbed][0m Ad-hoc signing app...
2025-02-28T15:27:54.7645840Z 
2025-02-28T15:27:54.7650740Z [2m[testbed][0m Built build/testbed/macos/app/Toga Testbed.app (test mode)
2025-02-28T15:27:55.1691990Z 
2025-02-28T15:27:55.1747620Z [2m[testbed][0m Starting test_suite...
2025-02-28T15:27:55.5311890Z ===========================================================================
2025-02-28T15:27:56.5945560Z Waiting for app to be ready for testing... ready.
2025-02-28T15:27:56.7352470Z ============================= test session starts ==============================
2025-02-28T15:27:58.1876360Z collecting ... collected 604 items / 1 skipped
2025-02-28T15:27:58.1883410Z 
2025-02-28T15:27:58.5892790Z tests/app/test_app.py::test_main_window_toolbar PASSED                   [  0%]
2025-02-28T15:27:58.7349710Z tests/app/test_app.py::test_system_menus PASSED                          [  0%]
2025-02-28T15:27:59.1800430Z tests/app/test_app.py::test_menu_about PASSED                            [  0%]
2025-02-28T15:27:59.3251330Z tests/app/test_app.py::test_menu_visit_homepage PASSED                   [  0%]
2025-02-28T15:27:59.4892590Z tests/app/test_app.py::test_menu_items PASSED                            [  0%]
2025-02-28T15:27:59.6561950Z tests/app/test_app.py::test_beep PASSED                                  [  0%]
2025-02-28T15:27:59.8083590Z tests/app/test_app.py::test_screens PASSED                               [  1%]
2025-02-28T15:28:00.0288520Z tests/app/test_app.py::test_app_icon PASSED                              [  1%]
2025-02-28T15:28:00.1878100Z tests/app/test_app.py::test_dark_mode_state_read PASSED                  [  1%]
2025-02-28T15:28:00.6801900Z tests/app/test_desktop.py::test_exit_on_close_main_window PASSED         [  1%]
2025-02-28T15:28:00.8504660Z tests/app/test_desktop.py::test_menu_exit PASSED                         [  1%]
2025-02-28T15:28:01.0841260Z tests/app/test_desktop.py::test_menu_close_windows PASSED                [  1%]
2025-02-28T15:28:01.8149020Z tests/app/test_desktop.py::test_menu_minimize PASSED                     [  2%]
2025-02-28T15:28:03.2889320Z tests/app/test_desktop.py::test_app_level_menu_hide PASSED               [  2%]
2025-02-28T15:28:04.6435740Z tests/app/test_desktop.py::test_presentation_mode PASSED                 [  2%]
2025-02-28T15:28:05.7115440Z tests/app/test_desktop.py::test_window_presentation_exit_on_another_window_presentation PASSED [  2%]
2025-02-28T15:28:08.8905270Z tests/app/test_desktop.py::test_presentation_mode_exit_on_window_state_change[WindowState.MINIMIZED] PASSED [  2%]
2025-02-28T15:28:11.8521900Z tests/app/test_desktop.py::test_presentation_mode_exit_on_window_state_change[WindowState.MAXIMIZED] PASSED [  2%]
2025-02-28T15:28:15.3375420Z tests/app/test_desktop.py::test_presentation_mode_exit_on_window_state_change[WindowState.FULLSCREEN] PASSED [  3%]
2025-02-28T15:28:15.7154140Z tests/app/test_desktop.py::test_show_hide_cursor PASSED                  [  3%]
2025-02-28T15:28:17.5976620Z tests/app/test_desktop.py::test_current_window PASSED                    [  3%]
2025-02-28T15:28:18.1277010Z tests/app/test_desktop.py::test_system_dpi_change[1.0-SystemEvents.DisplaySettingsChanged] XFAIL [  3%]
2025-02-28T15:28:18.2808830Z tests/app/test_desktop.py::test_system_dpi_change[1.0-Form.LocationChanged] XFAIL [  3%]
2025-02-28T15:28:18.4300090Z tests/app/test_desktop.py::test_system_dpi_change[1.0-Form.Resize] XFAIL [  3%]
2025-02-28T15:28:18.5862020Z tests/app/test_desktop.py::test_system_dpi_change[1.25-SystemEvents.DisplaySettingsChanged] XFAIL [  4%]
2025-02-28T15:28:18.7446780Z tests/app/test_desktop.py::test_system_dpi_change[1.25-Form.LocationChanged] XFAIL [  4%]
2025-02-28T15:28:18.8991020Z tests/app/test_desktop.py::test_system_dpi_change[1.25-Form.Resize] XFAIL [  4%]
2025-02-28T15:28:19.0585850Z tests/app/test_desktop.py::test_system_dpi_change[1.5-SystemEvents.DisplaySettingsChanged] XFAIL [  4%]
2025-02-28T15:28:19.2100410Z tests/app/test_desktop.py::test_system_dpi_change[1.5-Form.LocationChanged] XFAIL [  4%]
2025-02-28T15:28:19.3656780Z tests/app/test_desktop.py::test_system_dpi_change[1.5-Form.Resize] XFAIL [  4%]
2025-02-28T15:28:19.5194810Z tests/app/test_desktop.py::test_system_dpi_change[1.75-SystemEvents.DisplaySettingsChanged] XFAIL [  5%]
2025-02-28T15:28:19.6746910Z tests/app/test_desktop.py::test_system_dpi_change[1.75-Form.LocationChanged] XFAIL [  5%]
2025-02-28T15:28:19.8272300Z tests/app/test_desktop.py::test_system_dpi_change[1.75-Form.Resize] XFAIL [  5%]
2025-02-28T15:28:19.9733450Z tests/app/test_desktop.py::test_system_dpi_change[2.0-SystemEvents.DisplaySettingsChanged] XFAIL [  5%]
2025-02-28T15:28:20.1162260Z tests/app/test_desktop.py::test_system_dpi_change[2.0-Form.LocationChanged] XFAIL [  5%]
2025-02-28T15:28:20.2681290Z tests/app/test_desktop.py::test_system_dpi_change[2.0-Form.Resize] XFAIL [  5%]
2025-02-28T15:28:20.5375590Z tests/app/test_desktop.py::test_session_based_app PASSED                 [  6%]
2025-02-28T15:28:20.8480030Z tests/app/test_desktop.py::test_background_app PASSED                    [  6%]
2025-02-28T15:28:21.5364780Z tests/app/test_dialogs.py::test_info_dialog PASSED                       [  6%]
2025-02-28T15:28:22.2476240Z tests/app/test_dialogs.py::test_question_dialog[False] PASSED            [  6%]
2025-02-28T15:28:22.9775290Z tests/app/test_dialogs.py::test_question_dialog[True] PASSED             [  6%]
2025-02-28T15:28:23.7562110Z tests/app/test_dialogs.py::test_confirm_dialog[False] PASSED             [  6%]
2025-02-28T15:28:24.5181990Z tests/app/test_dialogs.py::test_confirm_dialog[True] PASSED              [  7%]
2025-02-28T15:28:25.2667060Z tests/app/test_dialogs.py::test_error_dialog PASSED                      [  7%]
2025-02-28T15:28:26.1693470Z tests/app/test_dialogs.py::test_stack_trace_dialog[None] PASSED          [  7%]
2025-02-28T15:28:26.9327640Z tests/app/test_dialogs.py::test_stack_trace_dialog[False] PASSED         [  7%]
2025-02-28T15:28:27.7251860Z tests/app/test_dialogs.py::test_stack_trace_dialog[True] PASSED          [  7%]
2025-02-28T15:28:28.6887960Z tests/app/test_dialogs.py::test_save_file_dialog[/path/to/file.txt-None-result0] PASSED [  7%]
2025-02-28T15:28:29.1535250Z tests/app/test_dialogs.py::test_save_file_dialog[/path/to/file.txt-None-None] PASSED [  8%]
2025-02-28T15:28:29.6402670Z tests/app/test_dialogs.py::test_save_file_dialog[/path/to/file.txt-file_types2-result2] PASSED [  8%]
2025-02-28T15:28:30.1044700Z tests/app/test_dialogs.py::test_save_file_dialog[/path/to/file.txt-file_types3-None] PASSED [  8%]
2025-02-28T15:28:30.9008270Z tests/app/test_dialogs.py::test_open_file_dialog[initial_directory0-None-False-result0] PASSED [  8%]
2025-02-28T15:28:31.3098230Z tests/app/test_dialogs.py::test_open_file_dialog[initial_directory1-None-False-None] PASSED [  8%]
2025-02-28T15:28:31.7842790Z tests/app/test_dialogs.py::test_open_file_dialog[None-None-False-result2] PASSED [  8%]
2025-02-28T15:28:32.2724650Z tests/app/test_dialogs.py::test_open_file_dialog[initial_directory3-file_types3-False-result3] PASSED [  9%]
2025-02-28T15:28:32.7330700Z tests/app/test_dialogs.py::test_open_file_dialog[initial_directory4-None-True-result4] PASSED [  9%]
2025-02-28T15:28:33.2019220Z tests/app/test_dialogs.py::test_open_file_dialog[initial_directory5-None-True-result5] PASSED [  9%]
2025-02-28T15:28:33.6492750Z tests/app/test_dialogs.py::test_open_file_dialog[initial_directory6-None-True-None] PASSED [  9%]
2025-02-28T15:28:34.1240880Z tests/app/test_dialogs.py::test_open_file_dialog[None-None-True-result7] PASSED [  9%]
2025-02-28T15:28:34.5860290Z tests/app/test_dialogs.py::test_open_file_dialog[initial_directory8-file_types8-True-result8] PASSED [  9%]
2025-02-28T15:28:35.0756950Z tests/app/test_dialogs.py::test_select_folder_dialog[initial_directory0-False-result0] PASSED [ 10%]
2025-02-28T15:28:35.5278810Z tests/app/test_dialogs.py::test_select_folder_dialog[initial_directory1-False-None] PASSED [ 10%]
2025-02-28T15:28:36.0014730Z tests/app/test_dialogs.py::test_select_folder_dialog[None-False-result2] PASSED [ 10%]
2025-02-28T15:28:36.4709540Z tests/app/test_dialogs.py::test_select_folder_dialog[initial_directory3-True-result3] PASSED [ 10%]
2025-02-28T15:28:36.9642120Z tests/app/test_dialogs.py::test_select_folder_dialog[initial_directory4-True-result4] PASSED [ 10%]
2025-02-28T15:28:37.4546910Z tests/app/test_dialogs.py::test_select_folder_dialog[initial_directory5-True-None] PASSED [ 10%]
2025-02-28T15:28:37.6195590Z tests/app/test_document_app.py::test_new_document PASSED                 [ 11%]
2025-02-28T15:28:37.9868150Z tests/app/test_document_app.py::test_open_document PASSED                [ 11%]
2025-02-28T15:28:38.2561690Z tests/app/test_document_app.py::test_open_missing_document PASSED        [ 11%]
2025-02-28T15:28:38.4244690Z tests/app/test_document_app.py::test_open_bad_document PASSED            [ 11%]
2025-02-28T15:28:38.6874810Z tests/app/test_document_app.py::test_open_initial_document PASSED        [ 11%]
2025-02-28T15:28:40.0496680Z tests/app/test_document_app.py::test_open_document_by_drag PASSED        [ 11%]
2025-02-28T15:28:40.4830520Z tests/app/test_document_app.py::test_save_document PASSED                [ 12%]
2025-02-28T15:28:40.9912720Z tests/app/test_document_app.py::test_save_as_document PASSED             [ 12%]
2025-02-28T15:28:41.4048920Z tests/app/test_document_app.py::test_save_all_documents PASSED           [ 12%]
2025-02-28T15:28:41.7176540Z tests/app/test_screens.py::test_name PASSED                              [ 12%]
2025-02-28T15:28:41.8888530Z tests/app/test_screens.py::test_origin PASSED                            [ 12%]
2025-02-28T15:28:42.0555370Z tests/app/test_screens.py::test_size PASSED                              [ 12%]
2025-02-28T15:28:42.5255680Z tests/app/test_screens.py::test_as_image PASSED                          [ 13%]
2025-02-28T15:28:42.6863430Z tests/hardware/test_camera.py::test_camera_properties[CameraProbe] PASSED [ 13%]
2025-02-28T15:28:42.8549250Z tests/hardware/test_camera.py::test_grant_permission[CameraProbe] PASSED [ 13%]
2025-02-28T15:28:43.0117370Z tests/hardware/test_camera.py::test_deny_permission[CameraProbe] PASSED  [ 13%]
2025-02-28T15:28:43.6767660Z tests/hardware/test_camera.py::test_take_photo[CameraProbe] PASSED       [ 13%]
2025-02-28T15:28:44.3096780Z tests/hardware/test_camera.py::test_flash_mode[CameraProbe] PASSED       [ 13%]
2025-02-28T15:28:44.6250230Z tests/hardware/test_camera.py::test_take_photo_unknown_permission[CameraProbe] PASSED [ 14%]
2025-02-28T15:28:44.9437920Z tests/hardware/test_camera.py::test_cancel_photo[CameraProbe] PASSED     [ 14%]
2025-02-28T15:28:45.0966660Z tests/hardware/test_camera.py::test_take_photo_no_permission[CameraProbe] PASSED [ 14%]
2025-02-28T15:28:45.4136210Z tests/hardware/test_camera.py::test_change_camera[CameraProbe] PASSED    [ 14%]
2025-02-28T15:28:45.7362970Z tests/hardware/test_camera.py::test_no_cameras[CameraProbe] PASSED       [ 14%]
2025-02-28T15:28:45.8973690Z tests/hardware/test_location.py::test_grant_permission[LocationProbe] PASSED [ 14%]
2025-02-28T15:28:46.0509410Z tests/hardware/test_location.py::test_deny_permission[LocationProbe] PASSED [ 15%]
2025-02-28T15:28:46.2204040Z tests/hardware/test_location.py::test_grant_background_permission[LocationProbe] PASSED [ 15%]
2025-02-28T15:28:46.3793870Z tests/hardware/test_location.py::test_deny_background_permission[LocationProbe] PASSED [ 15%]
2025-02-28T15:28:46.5552620Z tests/hardware/test_location.py::test_current_location[LocationProbe] PASSED [ 15%]
2025-02-28T15:28:46.7261570Z tests/hardware/test_location.py::test_track_location[LocationProbe] PASSED [ 15%]
2025-02-28T15:28:46.8877150Z tests/hardware/test_location.py::test_track_location_retrack[LocationProbe] PASSED [ 15%]
2025-02-28T15:28:47.0469730Z tests/hardware/test_location.py::test_stop_tracking_when_already_stopped[LocationProbe] PASSED [ 16%]
2025-02-28T15:28:47.2181320Z tests/hardware/test_location.py::test_location_error[LocationProbe] PASSED [ 16%]
2025-02-28T15:28:47.3776050Z tests/hardware/test_location.py::test_location_tracking_start_error[LocationProbe] XFAIL [ 16%]
2025-02-28T15:28:47.5325810Z tests/hardware/test_location.py::test_no_permission[LocationProbe] PASSED [ 16%]
2025-02-28T15:28:47.6893140Z tests/test_command.py::test_unknown_system_command PASSED                [ 16%]
2025-02-28T15:28:47.8617620Z tests/test_fonts.py::test_use_system_font_fallback PASSED                [ 16%]
2025-02-28T15:28:48.3916030Z tests/test_fonts.py::test_font_options PASSED                            [ 17%]
2025-02-28T15:28:48.6858570Z tests/test_fonts.py::test_font_file_loaded[Font Awesome 5 Free Solid-resources/fonts/Font Awesome 5 Free-Solid-900.otf-font_kwargs0-False] PASSED [ 17%]
2025-02-28T15:28:48.8757810Z tests/test_fonts.py::test_font_file_loaded[Endor-resources/fonts/ENDOR___.ttf-font_kwargs1-False] PASSED [ 17%]
2025-02-28T15:28:49.0554360Z tests/test_fonts.py::test_font_file_loaded[Endor-resources/fonts/ENDOR___.ttf-font_kwargs2-True] PASSED [ 17%]
2025-02-28T15:28:49.2526700Z tests/test_fonts.py::test_font_file_loaded[Roboto-resources/fonts/Roboto-Bold.ttf-font_kwargs3-False] PASSED [ 17%]
2025-02-28T15:28:49.4359370Z tests/test_fonts.py::test_font_file_loaded[Roboto-resources/fonts/Roboto-Italic.ttf-font_kwargs4-False] PASSED [ 17%]
2025-02-28T15:28:49.6215160Z tests/test_fonts.py::test_font_file_loaded[Roboto-resources/fonts/Roboto-BoldItalic.ttf-font_kwargs5-False] PASSED [ 18%]
2025-02-28T15:28:49.7906110Z tests/test_fonts.py::test_non_existent_font_file PASSED                  [ 18%]
2025-02-28T15:28:49.9728760Z tests/test_fonts.py::test_corrupted_font_file PASSED                     [ 18%]
2025-02-28T15:28:50.1510780Z tests/test_icons.py::test_icon PASSED                                    [ 18%]
2025-02-28T15:28:50.3656690Z tests/test_icons.py::test_app_icon PASSED                                [ 18%]
2025-02-28T15:28:50.5299630Z tests/test_icons.py::test_system_icon PASSED                             [ 18%]
2025-02-28T15:28:50.6919960Z tests/test_icons.py::test_platform_icon PASSED                           [ 19%]
2025-02-28T15:28:50.8637260Z tests/test_icons.py::test_bad_icon_file PASSED                           [ 19%]
2025-02-28T15:28:51.0244690Z tests/test_images.py::test_local_image PASSED                            [ 19%]
2025-02-28T15:28:51.1934060Z tests/test_images.py::test_raw_image PASSED                              [ 19%]
2025-02-28T15:28:51.3714620Z tests/test_images.py::test_bad_image_file PASSED                         [ 19%]
2025-02-28T15:28:51.5645840Z tests/test_images.py::test_buffer_image PASSED                           [ 19%]
2025-02-28T15:28:51.7320000Z tests/test_images.py::test_pil_raw_and_data_image PASSED                 [ 20%]
2025-02-28T15:28:51.8945170Z tests/test_images.py::test_bad_image_data PASSED                         [ 20%]
2025-02-28T15:28:52.0855560Z tests/test_images.py::test_save PASSED                                   [ 20%]
2025-02-28T15:28:52.2494260Z tests/test_keys.py::test_key_combinations[a-key_data0] PASSED            [ 20%]
2025-02-28T15:28:52.4161880Z tests/test_keys.py::test_key_combinations[A-key_data1] PASSED            [ 20%]
2025-02-28T15:28:52.5866850Z tests/test_keys.py::test_key_combinations[<mod 1>a-key_data2] PASSED     [ 20%]
2025-02-28T15:28:52.7476290Z tests/test_keys.py::test_key_combinations[<mod 2>a-key_data3] PASSED     [ 21%]
2025-02-28T15:28:52.9061590Z tests/test_keys.py::test_key_combinations[<mod 3>a-key_data4] PASSED     [ 21%]
2025-02-28T15:28:53.0697090Z tests/test_keys.py::test_key_combinations[<mod 1><mod 2>a-key_data5] PASSED [ 21%]
2025-02-28T15:28:53.2367360Z tests/test_keys.py::test_key_combinations[<mod 2><mod 1>a-key_data6] PASSED [ 21%]
2025-02-28T15:28:53.4068390Z tests/test_keys.py::test_key_combinations[<mod 1><mod 2><mod 3>A-key_data7] PASSED [ 21%]
2025-02-28T15:28:53.5653430Z tests/test_keys.py::test_key_combinations[1-key_data8] PASSED            [ 21%]
2025-02-28T15:28:53.7292230Z tests/test_keys.py::test_key_combinations[!-key_data9] PASSED            [ 22%]
2025-02-28T15:28:53.8984790Z tests/test_keys.py::test_key_combinations[Key.F5-key_data10] PASSED      [ 22%]
2025-02-28T15:28:54.0589640Z tests/test_keys.py::test_key_combinations[Key.HOME-key_data11] PASSED    [ 22%]
2025-02-28T15:28:54.2229680Z tests/test_keys.py::test_key_combinations[<home><mod 1>-key_data12] PASSED [ 22%]
2025-02-28T15:28:54.3892560Z tests/test_keys.py::test_key_combinations[numpad:5<mod 1>-key_data13] PASSED [ 22%]
2025-02-28T15:28:54.5578310Z tests/test_keys.py::test_key_combinations[<mod 1>;-key_data14] PASSED    [ 22%]
2025-02-28T15:28:54.7253710Z tests/test_keys.py::test_key_combinations[<mod 1> -key_data15] PASSED    [ 23%]
2025-02-28T15:28:54.8906190Z tests/test_keys.py::test_key_combinations[<mod 1>'-key_data16] PASSED    [ 23%]
2025-02-28T15:28:55.0588160Z tests/test_keys.py::test_key_combinations[<mod 1>|-key_data17] PASSED    [ 23%]
2025-02-28T15:28:55.2156200Z tests/test_paths.py::test_app_paths[config] PASSED                       [ 23%]
2025-02-28T15:28:55.3785540Z tests/test_paths.py::test_app_paths[data] PASSED                         [ 23%]
2025-02-28T15:28:55.5457400Z tests/test_paths.py::test_app_paths[cache] PASSED                        [ 23%]
2025-02-28T15:28:55.7050050Z tests/test_paths.py::test_app_paths[logs] PASSED                         [ 24%]
2025-02-28T15:28:55.9127550Z tests/test_statusicons.py::test_add_remove PASSED                        [ 24%]
2025-02-28T15:28:56.0808400Z tests/test_statusicons.py::test_unknown_status_icon PASSED               [ 24%]
2025-02-28T15:28:56.3698230Z tests/test_statusicons.py::test_activate_button_icon PASSED              [ 24%]
2025-02-28T15:28:56.5402380Z tests/test_statusicons.py::test_activate_status_menu_item PASSED         [ 24%]
2025-02-28T15:28:56.7218380Z tests/widgets/test_activityindicator.py::test_enable_noop <- build/testbed/macos/app/Toga Testbed.app/Contents/Resources/app/tests/widgets/properties.py PASSED [ 24%]
2025-02-28T15:28:56.9773440Z tests/widgets/test_activityindicator.py::test_focus_noop <- build/testbed/macos/app/Toga Testbed.app/Contents/Resources/app/tests/widgets/properties.py PASSED [ 25%]
2025-02-28T15:28:57.1713100Z tests/widgets/test_activityindicator.py::test_cleanup <- build/testbed/macos/app/Toga Testbed.app/Contents/Resources/app/tests/widgets/conftest.py PASSED [ 25%]
2025-02-28T15:28:57.3565600Z tests/widgets/test_activityindicator.py::test_start_stop PASSED          [ 25%]
2025-02-28T15:28:57.5383590Z tests/widgets/test_activityindicator.py::test_fixed_square_widget_size PASSED [ 25%]
2025-02-28T15:28:57.7358750Z tests/widgets/test_base.py::test_visibility PASSED                       [ 25%]
2025-02-28T15:28:57.9326320Z tests/widgets/test_base.py::test_parenting PASSED                        [ 25%]
2025-02-28T15:28:58.1176800Z tests/widgets/test_base.py::test_tab_index PASSED                        [ 25%]
2025-02-28T15:28:58.2989830Z tests/widgets/test_box.py::test_background_color <- build/testbed/macos/app/Toga Testbed.app/Contents/Resources/app/tests/widgets/properties.py PASSED [ 26%]
2025-02-28T15:28:58.4827500Z tests/widgets/test_box.py::test_background_color_reset <- build/testbed/macos/app/Toga Testbed.app/Contents/Resources/app/tests/widgets/properties.py PASSED [ 26%]
2025-02-28T15:28:58.6603250Z tests/widgets/test_box.py::test_background_color_transparent <- build/testbed/macos/app/Toga Testbed.app/Contents/Resources/app/tests/widgets/properties.py PASSED [ 26%]
2025-02-28T15:28:58.8398290Z tests/widgets/test_box.py::test_enable_noop <- build/testbed/macos/app/Toga Testbed.app/Contents/Resources/app/tests/widgets/properties.py PASSED [ 26%]
2025-02-28T15:28:59.0221870Z tests/widgets/test_box.py::test_flex_widget_size <- build/testbed/macos/app/Toga Testbed.app/Contents/Resources/app/tests/widgets/properties.py PASSED [ 26%]
2025-02-28T15:28:59.2203320Z tests/widgets/test_box.py::test_focus_noop <- build/testbed/macos/app/Toga Testbed.app/Contents/Resources/app/tests/widgets/properties.py PASSED [ 26%]
2025-02-28T15:28:59.4184650Z tests/widgets/test_box.py::test_cleanup <- build/testbed/macos/app/Toga Testbed.app/Contents/Resources/app/tests/widgets/conftest.py PASSED [ 27%]
2025-02-28T15:28:59.6119300Z tests/widgets/test_button.py::test_background_color <- build/testbed/macos/app/Toga Testbed.app/Contents/Resources/app/tests/widgets/properties.py PASSED [ 27%]
2025-02-28T15:28:59.7951140Z tests/widgets/test_button.py::test_background_color_reset <- build/testbed/macos/app/Toga Testbed.app/Contents/Resources/app/tests/widgets/properties.py PASSED [ 27%]
2025-02-28T15:28:59.9805820Z tests/widgets/test_button.py::test_color <- build/testbed/macos/app/Toga Testbed.app/Contents/Resources/app/tests/widgets/properties.py XFAIL [ 27%]
2025-02-28T15:29:00.1562500Z tests/widgets/test_button.py::test_color_reset <- build/testbed/macos/app/Toga Testbed.app/Contents/Resources/app/tests/widgets/properties.py XFAIL [ 27%]
2025-02-28T15:29:00.3410140Z tests/widgets/test_button.py::test_enabled <- build/testbed/macos/app/Toga Testbed.app/Contents/Resources/app/tests/widgets/properties.py PASSED [ 27%]
2025-02-28T15:29:00.5356770Z tests/widgets/test_button.py::test_flex_horizontal_widget_size <- build/testbed/macos/app/Toga Testbed.app/Contents/Resources/app/tests/widgets/properties.py PASSED [ 28%]
2025-02-28T15:29:00.7387720Z tests/widgets/test_button.py::test_font <- build/testbed/macos/app/Toga Testbed.app/Contents/Resources/app/tests/widgets/properties.py PASSED [ 28%]
2025-02-28T15:29:00.9467510Z tests/widgets/test_button.py::test_font_attrs <- build/testbed/macos/app/Toga Testbed.app/Contents/Resources/app/tests/widgets/properties.py PASSED [ 28%]
2025-02-28T15:29:01.1301740Z tests/widgets/test_button.py::test_text_width_change <- build/testbed/macos/app/Toga Testbed.app/Contents/Resources/app/tests/widgets/properties.py PASSED [ 28%]
2025-02-28T15:29:01.3593220Z tests/widgets/test_button.py::test_focus <- build/testbed/macos/app/Toga Testbed.app/Contents/Resources/app/tests/widgets/properties.py PASSED [ 28%]
2025-02-28T15:29:01.5606540Z tests/widgets/test_button.py::test_cleanup <- build/testbed/macos/app/Toga Testbed.app/Contents/Resources/app/tests/widgets/conftest.py PASSED [ 28%]
2025-02-28T15:29:01.7913910Z tests/widgets/test_button.py::test_text PASSED                           [ 29%]
2025-02-28T15:29:01.9915180Z tests/widgets/test_button.py::test_icon PASSED                           [ 29%]
2025-02-28T15:29:02.4156620Z tests/widgets/test_button.py::test_press PASSED                          [ 29%]
2025-02-28T15:29:02.5975830Z tests/widgets/test_button.py::test_background_color_transparent PASSED   [ 29%]
2025-02-28T15:29:02.8164250Z tests/widgets/test_canvas.py::test_background_color <- build/testbed/macos/app/Toga Testbed.app/Contents/Resources/app/tests/widgets/properties.py PASSED [ 29%]
2025-02-28T15:29:03.0083740Z tests/widgets/test_canvas.py::test_background_color_reset <- build/testbed/macos/app/Toga Testbed.app/Contents/Resources/app/tests/widgets/properties.py PASSED [ 29%]
2025-02-28T15:29:03.1852640Z tests/widgets/test_canvas.py::test_background_color_transparent <- build/testbed/macos/app/Toga Testbed.app/Contents/Resources/app/tests/widgets/properties.py PASSED [ 30%]
2025-02-28T15:29:03.3714120Z tests/widgets/test_canvas.py::test_enable_noop <- build/testbed/macos/app/Toga Testbed.app/Contents/Resources/app/tests/widgets/properties.py PASSED [ 30%]
2025-02-28T15:29:03.5536870Z tests/widgets/test_canvas.py::test_flex_widget_size <- build/testbed/macos/app/Toga Testbed.app/Contents/Resources/app/tests/widgets/properties.py PASSED [ 30%]
2025-02-28T15:29:03.7725840Z tests/widgets/test_canvas.py::test_focus_noop <- build/testbed/macos/app/Toga Testbed.app/Contents/Resources/app/tests/widgets/properties.py PASSED [ 30%]
2025-02-28T15:29:03.9669150Z tests/widgets/test_canvas.py::test_cleanup <- build/testbed/macos/app/Toga Testbed.app/Contents/Resources/app/tests/widgets/conftest.py PASSED [ 30%]
2025-02-28T15:29:04.1500880Z tests/widgets/test_canvas.py::test_resize PASSED                         [ 30%]
2025-02-28T15:29:04.3624480Z tests/widgets/test_canvas.py::test_press PASSED                          [ 31%]
2025-02-28T15:29:04.5533860Z tests/widgets/test_canvas.py::test_activate PASSED                       [ 31%]
2025-02-28T15:29:04.7417310Z tests/widgets/test_canvas.py::test_drag PASSED                           [ 31%]
2025-02-28T15:29:04.9283450Z tests/widgets/test_canvas.py::test_alt_press PASSED                      [ 31%]
2025-02-28T15:29:05.1225100Z tests/widgets/test_canvas.py::test_alt_drag PASSED                       [ 31%]
2025-02-28T15:29:05.3584420Z tests/widgets/test_canvas.py::test_image_data PASSED                     [ 31%]
2025-02-28T15:29:05.6882440Z tests/widgets/test_canvas.py::test_transparency PASSED                   [ 32%]
2025-02-28T15:29:06.0214710Z tests/widgets/test_canvas.py::test_paths PASSED                          [ 32%]
2025-02-28T15:29:06.3562260Z tests/widgets/test_canvas.py::test_bezier_curve PASSED                   [ 32%]
2025-02-28T15:29:06.6941000Z tests/widgets/test_canvas.py::test_quadratic_curve PASSED                [ 32%]
2025-02-28T15:29:07.0236680Z tests/widgets/test_canvas.py::test_arc PASSED                            [ 32%]
2025-02-28T15:29:07.3566710Z tests/widgets/test_canvas.py::test_ellipse PASSED                        [ 32%]
2025-02-28T15:29:07.6953720Z tests/widgets/test_canvas.py::test_ellipse_path PASSED                   [ 33%]
2025-02-28T15:29:08.0398950Z tests/widgets/test_canvas.py::test_rect PASSED                           [ 33%]
2025-02-28T15:29:08.3777270Z tests/widgets/test_canvas.py::test_fill PASSED                           [ 33%]
2025-02-28T15:29:08.7102400Z tests/widgets/test_canvas.py::test_stroke PASSED                         [ 33%]
2025-02-28T15:29:09.0454500Z tests/widgets/test_canvas.py::test_closed_path_context PASSED            [ 33%]
2025-02-28T15:29:09.3900740Z tests/widgets/test_canvas.py::test_fill_context PASSED                   [ 33%]
2025-02-28T15:29:09.7246750Z tests/widgets/test_canvas.py::test_stroke_context PASSED                 [ 34%]
2025-02-28T15:29:10.0578450Z tests/widgets/test_canvas.py::test_transforms PASSED                     [ 34%]
2025-02-28T15:29:10.4294950Z tests/widgets/test_canvas.py::test_write_text PASSED                     [ 34%]
2025-02-28T15:29:10.7951320Z tests/widgets/test_canvas.py::test_multiline_text PASSED                 [ 34%]
2025-02-28T15:29:10.9628360Z tests/widgets/test_dateinput.py::test_background_color <- build/testbed/macos/app/Toga Testbed.app/Contents/Resources/app/tests/widgets/properties.py SKIPPED [ 34%]
2025-02-28T15:29:11.1304970Z tests/widgets/test_dateinput.py::test_background_color_reset <- build/testbed/macos/app/Toga Testbed.app/Contents/Resources/app/tests/widgets/properties.py SKIPPED [ 34%]
2025-02-28T15:29:11.3015560Z tests/widgets/test_dateinput.py::test_background_color_transparent <- build/testbed/macos/app/Toga Testbed.app/Contents/Resources/app/tests/widgets/properties.py SKIPPED [ 35%]
2025-02-28T15:29:11.4797310Z tests/widgets/test_dateinput.py::test_color <- build/testbed/macos/app/Toga Testbed.app/Contents/Resources/app/tests/widgets/properties.py SKIPPED [ 35%]
2025-02-28T15:29:11.6586540Z tests/widgets/test_dateinput.py::test_color_reset <- build/testbed/macos/app/Toga Testbed.app/Contents/Resources/app/tests/widgets/properties.py SKIPPED [ 35%]
2025-02-28T15:29:11.8333590Z tests/widgets/test_dateinput.py::test_enabled <- build/testbed/macos/app/Toga Testbed.app/Contents/Resources/app/tests/widgets/properties.py SKIPPED [ 35%]
2025-02-28T15:29:11.9980420Z tests/widgets/test_dateinput.py::test_flex_horizontal_widget_size <- build/testbed/macos/app/Toga Testbed.app/Contents/Resources/app/tests/widgets/properties.py SKIPPED [ 35%]
2025-02-28T15:29:12.1642340Z tests/widgets/test_dateinput.py::test_cleanup <- build/testbed/macos/app/Toga Testbed.app/Contents/Resources/app/tests/widgets/conftest.py SKIPPED [ 35%]
2025-02-28T15:29:12.2954500Z tests/widgets/test_dateinput.py::test_init SKIPPED (not yet implemented
2025-02-28T15:29:12.3259980Z on macOS)                                                                [ 36%]
2025-02-28T15:29:12.4557130Z tests/widgets/test_dateinput.py::test_value SKIPPED (not yet implemented
2025-02-28T15:29:12.4842470Z on macOS)                                                                [ 36%]
2025-02-28T15:29:12.6225430Z tests/widgets/test_dateinput.py::test_change SKIPPED (not yet
2025-02-28T15:29:12.6557160Z implemented on macOS)                                                    [ 36%]
2025-02-28T15:29:12.7881090Z tests/widgets/test_dateinput.py::test_min SKIPPED (not yet implemented
2025-02-28T15:29:12.8198570Z on macOS)                                                                [ 36%]
2025-02-28T15:29:12.9556480Z tests/widgets/test_dateinput.py::test_max SKIPPED (not yet implemented
2025-02-28T15:29:12.9872630Z on macOS)                                                                [ 36%]
2025-02-28T15:29:13.3135790Z tests/widgets/test_detailedlist.py::test_enable_noop <- build/testbed/macos/app/Toga Testbed.app/Contents/Resources/app/tests/widgets/properties.py PASSED [ 36%]
2025-02-28T15:29:13.6253460Z tests/widgets/test_detailedlist.py::test_flex_widget_size <- build/testbed/macos/app/Toga Testbed.app/Contents/Resources/app/tests/widgets/properties.py PASSED [ 37%]
2025-02-28T15:29:13.9211970Z tests/widgets/test_detailedlist.py::test_focus_noop <- build/testbed/macos/app/Toga Testbed.app/Contents/Resources/app/tests/widgets/properties.py PASSED [ 37%]
2025-02-28T15:29:14.1381820Z tests/widgets/test_detailedlist.py::test_cleanup <- build/testbed/macos/app/Toga Testbed.app/Contents/Resources/app/tests/widgets/conftest.py PASSED [ 37%]
2025-02-28T15:29:14.4230870Z tests/widgets/test_detailedlist.py::test_scroll PASSED                   [ 37%]
2025-02-28T15:29:15.0984380Z tests/widgets/test_detailedlist.py::test_select PASSED                   [ 37%]
2025-02-28T15:29:15.3922690Z tests/widgets/test_detailedlist.py::test_row_changes PASSED              [ 37%]
2025-02-28T15:29:16.2510900Z tests/widgets/test_detailedlist.py::test_refresh PASSED                  [ 38%]
2025-02-28T15:29:18.7223620Z tests/widgets/test_detailedlist.py::test_actions PASSED                  [ 38%]
2025-02-28T15:29:18.9171200Z tests/widgets/test_divider.py::test_enable_noop <- build/testbed/macos/app/Toga Testbed.app/Contents/Resources/app/tests/widgets/properties.py PASSED [ 38%]
2025-02-28T15:29:19.1360360Z tests/widgets/test_divider.py::test_focus_noop <- build/testbed/macos/app/Toga Testbed.app/Contents/Resources/app/tests/widgets/properties.py PASSED [ 38%]
2025-02-28T15:29:19.3312640Z tests/widgets/test_divider.py::test_cleanup <- build/testbed/macos/app/Toga Testbed.app/Contents/Resources/app/tests/widgets/conftest.py PASSED [ 38%]
2025-02-28T15:29:19.5175050Z tests/widgets/test_divider.py::test_directions PASSED                    [ 38%]
2025-02-28T15:29:19.7240120Z tests/widgets/test_imageview.py::test_background_color <- build/testbed/macos/app/Toga Testbed.app/Contents/Resources/app/tests/widgets/properties.py PASSED [ 39%]
2025-02-28T15:29:19.9226250Z tests/widgets/test_imageview.py::test_background_color_reset <- build/testbed/macos/app/Toga Testbed.app/Contents/Resources/app/tests/widgets/properties.py PASSED [ 39%]
2025-02-28T15:29:20.1129870Z tests/widgets/test_imageview.py::test_background_color_transparent <- build/testbed/macos/app/Toga Testbed.app/Contents/Resources/app/tests/widgets/properties.py PASSED [ 39%]
2025-02-28T15:29:20.3023090Z tests/widgets/test_imageview.py::test_enable_noop <- build/testbed/macos/app/Toga Testbed.app/Contents/Resources/app/tests/widgets/properties.py PASSED [ 39%]
2025-02-28T15:29:20.5124810Z tests/widgets/test_imageview.py::test_focus_noop <- build/testbed/macos/app/Toga Testbed.app/Contents/Resources/app/tests/widgets/properties.py PASSED [ 39%]
2025-02-28T15:29:20.7099940Z tests/widgets/test_imageview.py::test_cleanup <- build/testbed/macos/app/Toga Testbed.app/Contents/Resources/app/tests/widgets/conftest.py PASSED [ 39%]
2025-02-28T15:29:20.9072330Z tests/widgets/test_imageview.py::test_implicit_size PASSED               [ 40%]
2025-02-28T15:29:21.1114720Z tests/widgets/test_imageview.py::test_explicit_width PASSED              [ 40%]
2025-02-28T15:29:21.3076170Z tests/widgets/test_imageview.py::test_explicit_height PASSED             [ 40%]
2025-02-28T15:29:21.5021180Z tests/widgets/test_imageview.py::test_explicit_size PASSED               [ 40%]
2025-02-28T15:29:21.7004720Z tests/widgets/test_label.py::test_background_color <- build/testbed/macos/app/Toga Testbed.app/Contents/Resources/app/tests/widgets/properties.py PASSED [ 40%]
2025-02-28T15:29:21.8935950Z tests/widgets/test_label.py::test_background_color_reset <- build/testbed/macos/app/Toga Testbed.app/Contents/Resources/app/tests/widgets/properties.py PASSED [ 40%]
2025-02-28T15:29:22.0912180Z tests/widgets/test_label.py::test_background_color_transparent <- build/testbed/macos/app/Toga Testbed.app/Contents/Resources/app/tests/widgets/properties.py PASSED [ 41%]
2025-02-28T15:29:22.2687690Z tests/widgets/test_label.py::test_color <- build/testbed/macos/app/Toga Testbed.app/Contents/Resources/app/tests/widgets/properties.py PASSED [ 41%]
2025-02-28T15:29:22.4464910Z tests/widgets/test_label.py::test_color_reset <- build/testbed/macos/app/Toga Testbed.app/Contents/Resources/app/tests/widgets/properties.py PASSED [ 41%]
2025-02-28T15:29:22.6374970Z tests/widgets/test_label.py::test_enabled <- build/testbed/macos/app/Toga Testbed.app/Contents/Resources/app/tests/widgets/properties.py PASSED [ 41%]
2025-02-28T15:29:22.8376270Z tests/widgets/test_label.py::test_flex_horizontal_widget_size <- build/testbed/macos/app/Toga Testbed.app/Contents/Resources/app/tests/widgets/properties.py PASSED [ 41%]
2025-02-28T15:29:23.0472920Z tests/widgets/test_label.py::test_focus_noop <- build/testbed/macos/app/Toga Testbed.app/Contents/Resources/app/tests/widgets/properties.py PASSED [ 41%]
2025-02-28T15:29:23.2501140Z tests/widgets/test_label.py::test_font <- build/testbed/macos/app/Toga Testbed.app/Contents/Resources/app/tests/widgets/properties.py PASSED [ 42%]
2025-02-28T15:29:23.4592100Z tests/widgets/test_label.py::test_font_attrs <- build/testbed/macos/app/Toga Testbed.app/Contents/Resources/app/tests/widgets/properties.py PASSED [ 42%]
2025-02-28T15:29:23.6688640Z tests/widgets/test_label.py::test_text <- build/testbed/macos/app/Toga Testbed.app/Contents/Resources/app/tests/widgets/properties.py PASSED [ 42%]
2025-02-28T15:29:23.8592020Z tests/widgets/test_label.py::test_text_align <- build/testbed/macos/app/Toga Testbed.app/Contents/Resources/app/tests/widgets/properties.py PASSED [ 42%]
2025-02-28T15:29:24.0486900Z tests/widgets/test_label.py::test_text_width_change <- build/testbed/macos/app/Toga Testbed.app/Contents/Resources/app/tests/widgets/properties.py PASSED [ 42%]
2025-02-28T15:29:24.2635500Z tests/widgets/test_label.py::test_cleanup <- build/testbed/macos/app/Toga Testbed.app/Contents/Resources/app/tests/widgets/conftest.py PASSED [ 42%]
2025-02-28T15:29:24.4712150Z tests/widgets/test_label.py::test_multiline PASSED                       [ 43%]
2025-02-28T15:29:25.9824840Z === Messages dropped during live streaming (use `log show` to see what they were)
2025-02-28T15:29:25.9838430Z tests/widgets/test_mapview.py::test_flex_widget_size <- build/testbed/macos/app/Toga Testbed.app/Contents/Resources/app/tests/widgets/properties.py PASSED [ 43%]
2025-02-28T15:29:27.2557220Z === Messages dropped during live streaming (use `log show` to see what they were)
2025-02-28T15:29:27.2557900Z === Messages dropped during live streaming (use `log show` to see what they were)
2025-02-28T15:29:27.2558700Z tests/widgets/test_mapview.py::test_focus <- build/testbed/macos/app/Toga Testbed.app/Contents/Resources/app/tests/widgets/properties.py PASSED [ 43%]
2025-02-28T15:29:27.4600180Z tests/widgets/test_mapview.py::test_cleanup <- build/testbed/macos/app/Toga Testbed.app/Contents/Resources/app/tests/widgets/conftest.py PASSED [ 43%]
2025-02-28T15:29:31.9141250Z tests/widgets/test_mapview.py::test_location PASSED                      [ 43%]
2025-02-28T15:29:41.6593220Z tests/widgets/test_mapview.py::test_zoom PASSED                          [ 43%]
2025-02-28T15:29:45.5030440Z tests/widgets/test_mapview.py::test_add_pins PASSED                      [ 44%]
2025-02-28T15:29:48.3967720Z tests/widgets/test_mapview.py::test_select_pin PASSED                    [ 44%]
2025-02-28T15:29:48.6583140Z tests/widgets/test_multilinetextinput.py::test_background_color <- build/testbed/macos/app/Toga Testbed.app/Contents/Resources/app/tests/widgets/properties.py PASSED [ 44%]
2025-02-28T15:29:48.8509700Z tests/widgets/test_multilinetextinput.py::test_background_color_reset <- build/testbed/macos/app/Toga Testbed.app/Contents/Resources/app/tests/widgets/properties.py PASSED [ 44%]
2025-02-28T15:29:49.0449900Z tests/widgets/test_multilinetextinput.py::test_background_color_transparent <- build/testbed/macos/app/Toga Testbed.app/Contents/Resources/app/tests/widgets/properties.py PASSED [ 44%]
2025-02-28T15:29:49.2416860Z tests/widgets/test_multilinetextinput.py::test_color <- build/testbed/macos/app/Toga Testbed.app/Contents/Resources/app/tests/widgets/properties.py PASSED [ 44%]
2025-02-28T15:29:49.4366360Z tests/widgets/test_multilinetextinput.py::test_color_reset <- build/testbed/macos/app/Toga Testbed.app/Contents/Resources/app/tests/widgets/properties.py PASSED [ 45%]
2025-02-28T15:29:49.6480250Z tests/widgets/test_multilinetextinput.py::test_enabled <- build/testbed/macos/app/Toga Testbed.app/Contents/Resources/app/tests/widgets/properties.py PASSED [ 45%]
2025-02-28T15:29:49.8598710Z tests/widgets/test_multilinetextinput.py::test_flex_widget_size <- build/testbed/macos/app/Toga Testbed.app/Contents/Resources/app/tests/widgets/properties.py PASSED [ 45%]
2025-02-28T15:29:50.0969140Z tests/widgets/test_multilinetextinput.py::test_focus <- build/testbed/macos/app/Toga Testbed.app/Contents/Resources/app/tests/widgets/properties.py PASSED [ 45%]
2025-02-28T15:29:50.2937080Z tests/widgets/test_multilinetextinput.py::test_font <- build/testbed/macos/app/Toga Testbed.app/Contents/Resources/app/tests/widgets/properties.py PASSED [ 45%]
2025-02-28T15:29:50.5248160Z tests/widgets/test_multilinetextinput.py::test_font_attrs <- build/testbed/macos/app/Toga Testbed.app/Contents/Resources/app/tests/widgets/properties.py PASSED [ 45%]
2025-02-28T15:29:50.7355490Z tests/widgets/test_multilinetextinput.py::test_placeholder <- build/testbed/macos/app/Toga Testbed.app/Contents/Resources/app/tests/widgets/properties.py PASSED [ 46%]
2025-02-28T15:29:50.9395460Z tests/widgets/test_multilinetextinput.py::test_placeholder_color <- build/testbed/macos/app/Toga Testbed.app/Contents/Resources/app/tests/widgets/properties.py PASSED [ 46%]
2025-02-28T15:29:51.1975170Z tests/widgets/test_multilinetextinput.py::test_placeholder_focus <- build/testbed/macos/app/Toga Testbed.app/Contents/Resources/app/tests/widgets/properties.py PASSED [ 46%]
2025-02-28T15:29:51.3866360Z tests/widgets/test_multilinetextinput.py::test_readonly <- build/testbed/macos/app/Toga Testbed.app/Contents/Resources/app/tests/widgets/properties.py PASSED [ 46%]
2025-02-28T15:29:51.5941000Z tests/widgets/test_multilinetextinput.py::test_text_align <- build/testbed/macos/app/Toga Testbed.app/Contents/Resources/app/tests/widgets/properties.py PASSED [ 46%]
2025-02-28T15:29:51.8086070Z tests/widgets/test_multilinetextinput.py::test_text_value <- build/testbed/macos/app/Toga Testbed.app/Contents/Resources/app/tests/widgets/properties.py PASSED [ 46%]
2025-02-28T15:29:52.0340220Z tests/widgets/test_multilinetextinput.py::test_on_change_focus[True-] <- build/testbed/macos/app/Toga Testbed.app/Contents/Resources/app/tests/widgets/test_textinput.py PASSED [ 47%]
2025-02-28T15:29:52.2721310Z tests/widgets/test_multilinetextinput.py::test_on_change_focus[True-placeholder] <- build/testbed/macos/app/Toga Testbed.app/Contents/Resources/app/tests/widgets/test_textinput.py PASSED [ 47%]
2025-02-28T15:29:52.4966560Z tests/widgets/test_multilinetextinput.py::test_on_change_focus[False-] <- build/testbed/macos/app/Toga Testbed.app/Contents/Resources/app/tests/widgets/test_textinput.py PASSED [ 47%]
2025-02-28T15:29:52.7242320Z tests/widgets/test_multilinetextinput.py::test_on_change_focus[False-placeholder] <- build/testbed/macos/app/Toga Testbed.app/Contents/Resources/app/tests/widgets/test_textinput.py PASSED [ 47%]
2025-02-28T15:29:52.9461210Z tests/widgets/test_multilinetextinput.py::test_on_change_programmatic[True-] <- build/testbed/macos/app/Toga Testbed.app/Contents/Resources/app/tests/widgets/test_textinput.py PASSED [ 47%]
2025-02-28T15:29:53.1719640Z tests/widgets/test_multilinetextinput.py::test_on_change_programmatic[True-placeholder] <- build/testbed/macos/app/Toga Testbed.app/Contents/Resources/app/tests/widgets/test_textinput.py PASSED [ 47%]
2025-02-28T15:29:53.4165260Z tests/widgets/test_multilinetextinput.py::test_on_change_programmatic[False-] <- build/testbed/macos/app/Toga Testbed.app/Contents/Resources/app/tests/widgets/test_textinput.py PASSED [ 48%]
2025-02-28T15:29:53.6359560Z tests/widgets/test_multilinetextinput.py::test_on_change_programmatic[False-placeholder] <- build/testbed/macos/app/Toga Testbed.app/Contents/Resources/app/tests/widgets/test_textinput.py PASSED [ 48%]
2025-02-28T15:29:53.8764770Z tests/widgets/test_multilinetextinput.py::test_on_change_user <- build/testbed/macos/app/Toga Testbed.app/Contents/Resources/app/tests/widgets/test_textinput.py PASSED [ 48%]
2025-02-28T15:29:54.1742790Z tests/widgets/test_multilinetextinput.py::test_undo_redo <- build/testbed/macos/app/Toga Testbed.app/Contents/Resources/app/tests/widgets/test_textinput.py PASSED [ 48%]
2025-02-28T15:29:54.3718400Z tests/widgets/test_multilinetextinput.py::test_value_not_hidden <- build/testbed/macos/app/Toga Testbed.app/Contents/Resources/app/tests/widgets/test_textinput.py PASSED [ 48%]
2025-02-28T15:29:54.5738790Z tests/widgets/test_multilinetextinput.py::test_cleanup <- build/testbed/macos/app/Toga Testbed.app/Contents/Resources/app/tests/widgets/conftest.py PASSED [ 48%]
2025-02-28T15:29:54.8053820Z tests/widgets/test_multilinetextinput.py::test_scroll_position PASSED    [ 49%]
2025-02-28T15:29:55.0512990Z tests/widgets/test_numberinput.py::test_background_color <- build/testbed/macos/app/Toga Testbed.app/Contents/Resources/app/tests/widgets/properties.py PASSED [ 49%]
2025-02-28T15:29:55.2455300Z tests/widgets/test_numberinput.py::test_background_color_reset <- build/testbed/macos/app/Toga Testbed.app/Contents/Resources/app/tests/widgets/properties.py PASSED [ 49%]
2025-02-28T15:29:55.4306290Z tests/widgets/test_numberinput.py::test_background_color_transparent <- build/testbed/macos/app/Toga Testbed.app/Contents/Resources/app/tests/widgets/properties.py PASSED [ 49%]
2025-02-28T15:29:55.6181440Z tests/widgets/test_numberinput.py::test_color <- build/testbed/macos/app/Toga Testbed.app/Contents/Resources/app/tests/widgets/properties.py PASSED [ 49%]
2025-02-28T15:29:55.8087630Z tests/widgets/test_numberinput.py::test_color_reset <- build/testbed/macos/app/Toga Testbed.app/Contents/Resources/app/tests/widgets/properties.py PASSED [ 49%]
2025-02-28T15:29:56.0191250Z tests/widgets/test_numberinput.py::test_enabled <- build/testbed/macos/app/Toga Testbed.app/Contents/Resources/app/tests/widgets/properties.py PASSED [ 50%]
2025-02-28T15:29:56.2244910Z tests/widgets/test_numberinput.py::test_flex_horizontal_widget_size <- build/testbed/macos/app/Toga Testbed.app/Contents/Resources/app/tests/widgets/properties.py PASSED [ 50%]
2025-02-28T15:29:56.4736140Z tests/widgets/test_numberinput.py::test_focus <- build/testbed/macos/app/Toga Testbed.app/Contents/Resources/app/tests/widgets/properties.py PASSED [ 50%]
2025-02-28T15:29:56.6693740Z tests/widgets/test_numberinput.py::test_font <- build/testbed/macos/app/Toga Testbed.app/Contents/Resources/app/tests/widgets/properties.py PASSED [ 50%]
2025-02-28T15:29:56.8816070Z tests/widgets/test_numberinput.py::test_font_attrs <- build/testbed/macos/app/Toga Testbed.app/Contents/Resources/app/tests/widgets/properties.py PASSED [ 50%]
2025-02-28T15:29:57.0788860Z tests/widgets/test_numberinput.py::test_readonly <- build/testbed/macos/app/Toga Testbed.app/Contents/Resources/app/tests/widgets/properties.py PASSED [ 50%]
2025-02-28T15:29:57.2755330Z tests/widgets/test_numberinput.py::test_text_align <- build/testbed/macos/app/Toga Testbed.app/Contents/Resources/app/tests/widgets/properties.py PASSED [ 50%]
2025-02-28T15:29:57.4894670Z tests/widgets/test_numberinput.py::test_cleanup <- build/testbed/macos/app/Toga Testbed.app/Contents/Resources/app/tests/widgets/conftest.py PASSED [ 51%]
2025-02-28T15:29:57.7285640Z tests/widgets/test_numberinput.py::test_on_change_handler PASSED         [ 51%]
2025-02-28T15:29:57.9662210Z tests/widgets/test_numberinput.py::test_focus_value_clipping PASSED      [ 51%]
2025-02-28T15:29:58.1685010Z tests/widgets/test_numberinput.py::test_value PASSED                     [ 51%]
2025-02-28T15:29:58.4377650Z tests/widgets/test_numberinput.py::test_increment_decrement PASSED       [ 51%]
2025-02-28T15:29:58.7799520Z tests/widgets/test_numberinput.py::test_undo_redo PASSED                 [ 51%]
2025-02-28T15:29:59.0456060Z tests/widgets/test_optioncontainer.py::test_enable_noop <- build/testbed/macos/app/Toga Testbed.app/Contents/Resources/app/tests/widgets/properties.py PASSED [ 52%]
2025-02-28T15:29:59.3017600Z tests/widgets/test_optioncontainer.py::test_flex_widget_size <- build/testbed/macos/app/Toga Testbed.app/Contents/Resources/app/tests/widgets/properties.py PASSED [ 52%]
2025-02-28T15:29:59.5491110Z tests/widgets/test_optioncontainer.py::test_focus_noop <- build/testbed/macos/app/Toga Testbed.app/Contents/Resources/app/tests/widgets/properties.py PASSED [ 52%]
2025-02-28T15:29:59.7652670Z tests/widgets/test_optioncontainer.py::test_cleanup <- build/testbed/macos/app/Toga Testbed.app/Contents/Resources/app/tests/widgets/conftest.py PASSED [ 52%]
2025-02-28T15:29:59.9900640Z tests/widgets/test_optioncontainer.py::test_select_tab PASSED            [ 52%]
2025-02-28T15:30:00.2630260Z tests/widgets/test_optioncontainer.py::test_select_tab_overflow PASSED   [ 52%]
2025-02-28T15:30:00.4879850Z tests/widgets/test_optioncontainer.py::test_enable_tab PASSED            [ 53%]
2025-02-28T15:30:00.7379590Z tests/widgets/test_optioncontainer.py::test_change_content PASSED        [ 53%]
2025-02-28T15:30:00.9776190Z tests/widgets/test_passwordinput.py::test_background_color <- build/testbed/macos/app/Toga Testbed.app/Contents/Resources/app/tests/widgets/properties.py PASSED [ 53%]
2025-02-28T15:30:01.1777010Z tests/widgets/test_passwordinput.py::test_background_color_reset <- build/testbed/macos/app/Toga Testbed.app/Contents/Resources/app/tests/widgets/properties.py PASSED [ 53%]
2025-02-28T15:30:01.3864900Z tests/widgets/test_passwordinput.py::test_background_color_transparent <- build/testbed/macos/app/Toga Testbed.app/Contents/Resources/app/tests/widgets/properties.py PASSED [ 53%]
2025-02-28T15:30:01.5821690Z tests/widgets/test_passwordinput.py::test_color <- build/testbed/macos/app/Toga Testbed.app/Contents/Resources/app/tests/widgets/properties.py PASSED [ 53%]
2025-02-28T15:30:01.7841480Z tests/widgets/test_passwordinput.py::test_color_reset <- build/testbed/macos/app/Toga Testbed.app/Contents/Resources/app/tests/widgets/properties.py PASSED [ 54%]
2025-02-28T15:30:01.9945150Z tests/widgets/test_passwordinput.py::test_enabled <- build/testbed/macos/app/Toga Testbed.app/Contents/Resources/app/tests/widgets/properties.py PASSED [ 54%]
2025-02-28T15:30:02.1977300Z tests/widgets/test_passwordinput.py::test_flex_horizontal_widget_size <- build/testbed/macos/app/Toga Testbed.app/Contents/Resources/app/tests/widgets/properties.py PASSED [ 54%]
2025-02-28T15:30:02.4753710Z tests/widgets/test_passwordinput.py::test_focus <- build/testbed/macos/app/Toga Testbed.app/Contents/Resources/app/tests/widgets/properties.py PASSED [ 54%]
2025-02-28T15:30:02.7009450Z tests/widgets/test_passwordinput.py::test_font <- build/testbed/macos/app/Toga Testbed.app/Contents/Resources/app/tests/widgets/properties.py PASSED [ 54%]
2025-02-28T15:30:02.9456550Z tests/widgets/test_passwordinput.py::test_font_attrs <- build/testbed/macos/app/Toga Testbed.app/Contents/Resources/app/tests/widgets/properties.py PASSED [ 54%]
2025-02-28T15:30:03.1543840Z tests/widgets/test_passwordinput.py::test_placeholder <- build/testbed/macos/app/Toga Testbed.app/Contents/Resources/app/tests/widgets/properties.py PASSED [ 55%]
2025-02-28T15:30:03.3585780Z tests/widgets/test_passwordinput.py::test_placeholder_color <- build/testbed/macos/app/Toga Testbed.app/Contents/Resources/app/tests/widgets/properties.py PASSED [ 55%]
2025-02-28T15:30:03.6928590Z tests/widgets/test_passwordinput.py::test_placeholder_focus <- build/testbed/macos/app/Toga Testbed.app/Contents/Resources/app/tests/widgets/properties.py PASSED [ 55%]
2025-02-28T15:30:03.8982220Z tests/widgets/test_passwordinput.py::test_readonly <- build/testbed/macos/app/Toga Testbed.app/Contents/Resources/app/tests/widgets/properties.py PASSED [ 55%]
2025-02-28T15:30:04.1048740Z tests/widgets/test_passwordinput.py::test_text_align <- build/testbed/macos/app/Toga Testbed.app/Contents/Resources/app/tests/widgets/properties.py PASSED [ 55%]
2025-02-28T15:30:04.3604340Z tests/widgets/test_passwordinput.py::test_on_change_focus[True-] <- build/testbed/macos/app/Toga Testbed.app/Contents/Resources/app/tests/widgets/test_textinput.py PASSED [ 55%]
2025-02-28T15:30:04.6227350Z tests/widgets/test_passwordinput.py::test_on_change_focus[True-placeholder] <- build/testbed/macos/app/Toga Testbed.app/Contents/Resources/app/tests/widgets/test_textinput.py PASSED [ 56%]
2025-02-28T15:30:04.8667550Z tests/widgets/test_passwordinput.py::test_on_change_focus[False-] <- build/testbed/macos/app/Toga Testbed.app/Contents/Resources/app/tests/widgets/test_textinput.py PASSED [ 56%]
2025-02-28T15:30:05.1249000Z tests/widgets/test_passwordinput.py::test_on_change_focus[False-placeholder] <- build/testbed/macos/app/Toga Testbed.app/Contents/Resources/app/tests/widgets/test_textinput.py PASSED [ 56%]
2025-02-28T15:30:05.3441190Z tests/widgets/test_passwordinput.py::test_on_change_programmatic[True-] <- build/testbed/macos/app/Toga Testbed.app/Contents/Resources/app/tests/widgets/test_textinput.py PASSED [ 56%]
2025-02-28T15:30:05.5761350Z tests/widgets/test_passwordinput.py::test_on_change_programmatic[True-placeholder] <- build/testbed/macos/app/Toga Testbed.app/Contents/Resources/app/tests/widgets/test_textinput.py PASSED [ 56%]
2025-02-28T15:30:05.8024600Z tests/widgets/test_passwordinput.py::test_on_change_programmatic[False-] <- build/testbed/macos/app/Toga Testbed.app/Contents/Resources/app/tests/widgets/test_textinput.py PASSED [ 56%]
2025-02-28T15:30:06.0320570Z tests/widgets/test_passwordinput.py::test_on_change_programmatic[False-placeholder] <- build/testbed/macos/app/Toga Testbed.app/Contents/Resources/app/tests/widgets/test_textinput.py PASSED [ 57%]
2025-02-28T15:30:06.2775170Z tests/widgets/test_passwordinput.py::test_on_change_user <- build/testbed/macos/app/Toga Testbed.app/Contents/Resources/app/tests/widgets/test_textinput.py PASSED [ 57%]
2025-02-28T15:30:06.5200520Z tests/widgets/test_passwordinput.py::test_on_confirm <- build/testbed/macos/app/Toga Testbed.app/Contents/Resources/app/tests/widgets/test_textinput.py PASSED [ 57%]
2025-02-28T15:30:06.7421160Z tests/widgets/test_passwordinput.py::test_text_value <- build/testbed/macos/app/Toga Testbed.app/Contents/Resources/app/tests/widgets/test_textinput.py PASSED [ 57%]
2025-02-28T15:30:07.0696150Z tests/widgets/test_passwordinput.py::test_undo_redo <- build/testbed/macos/app/Toga Testbed.app/Contents/Resources/app/tests/widgets/test_textinput.py PASSED [ 57%]
2025-02-28T15:30:07.3115850Z tests/widgets/test_passwordinput.py::test_validation <- build/testbed/macos/app/Toga Testbed.app/Contents/Resources/app/tests/widgets/test_textinput.py PASSED [ 57%]
2025-02-28T15:30:07.5345220Z tests/widgets/test_passwordinput.py::test_cleanup <- build/testbed/macos/app/Toga Testbed.app/Contents/Resources/app/tests/widgets/conftest.py PASSED [ 58%]
2025-02-28T15:30:07.7401870Z tests/widgets/test_passwordinput.py::test_value_hidden PASSED            [ 58%]
2025-02-28T15:30:07.9330760Z tests/widgets/test_progressbar.py::test_enable_noop <- build/testbed/macos/app/Toga Testbed.app/Contents/Resources/app/tests/widgets/properties.py PASSED [ 58%]
2025-02-28T15:30:08.1231860Z tests/widgets/test_progressbar.py::test_flex_horizontal_widget_size <- build/testbed/macos/app/Toga Testbed.app/Contents/Resources/app/tests/widgets/properties.py PASSED [ 58%]
2025-02-28T15:30:08.3318400Z tests/widgets/test_progressbar.py::test_focus <- build/testbed/macos/app/Toga Testbed.app/Contents/Resources/app/tests/widgets/properties.py PASSED [ 58%]
2025-02-28T15:30:08.5466810Z tests/widgets/test_progressbar.py::test_cleanup <- build/testbed/macos/app/Toga Testbed.app/Contents/Resources/app/tests/widgets/conftest.py PASSED [ 58%]
2025-02-28T15:30:08.7552910Z tests/widgets/test_progressbar.py::test_start_stop_determinate PASSED    [ 59%]
2025-02-28T15:30:08.9477350Z tests/widgets/test_progressbar.py::test_start_stop_indeterminate PASSED  [ 59%]
2025-02-28T15:30:09.1364620Z tests/widgets/test_progressbar.py::test_animation_starts_on_max_change PASSED [ 59%]
2025-02-28T15:30:09.3216990Z tests/widgets/test_progressbar.py::test_position_change_on_max_change PASSED [ 59%]
2025-02-28T15:30:09.7799580Z tests/widgets/test_scrollcontainer.py::test_background_color <- build/testbed/macos/app/Toga Testbed.app/Contents/Resources/app/tests/widgets/properties.py PASSED [ 59%]
2025-02-28T15:30:10.2130860Z tests/widgets/test_scrollcontainer.py::test_background_color_reset <- build/testbed/macos/app/Toga Testbed.app/Contents/Resources/app/tests/widgets/properties.py PASSED [ 59%]
2025-02-28T15:30:10.6487700Z tests/widgets/test_scrollcontainer.py::test_background_color_transparent <- build/testbed/macos/app/Toga Testbed.app/Contents/Resources/app/tests/widgets/properties.py PASSED [ 60%]
2025-02-28T15:30:11.0826960Z tests/widgets/test_scrollcontainer.py::test_enable_noop <- build/testbed/macos/app/Toga Testbed.app/Contents/Resources/app/tests/widgets/properties.py PASSED [ 60%]
2025-02-28T15:30:11.7891160Z tests/widgets/test_scrollcontainer.py::test_flex_widget_size <- build/testbed/macos/app/Toga Testbed.app/Contents/Resources/app/tests/widgets/properties.py PASSED [ 60%]
2025-02-28T15:30:12.2805420Z tests/widgets/test_scrollcontainer.py::test_focus_noop <- build/testbed/macos/app/Toga Testbed.app/Contents/Resources/app/tests/widgets/properties.py PASSED [ 60%]
2025-02-28T15:30:12.4943030Z tests/widgets/test_scrollcontainer.py::test_cleanup <- build/testbed/macos/app/Toga Testbed.app/Contents/Resources/app/tests/widgets/conftest.py PASSED [ 60%]
2025-02-28T15:30:12.9641680Z tests/widgets/test_scrollcontainer.py::test_clear_content PASSED         [ 60%]
2025-02-28T15:30:13.6315710Z tests/widgets/test_scrollcontainer.py::test_margin PASSED                [ 61%]
2025-02-28T15:30:14.2943220Z tests/widgets/test_scrollcontainer.py::test_enable_horizontal_scrolling PASSED [ 61%]
2025-02-28T15:30:14.9485900Z tests/widgets/test_scrollcontainer.py::test_enable_vertical_scrolling PASSED [ 61%]
2025-02-28T15:30:15.3839280Z tests/widgets/test_scrollcontainer.py::test_vertical_scroll PASSED       [ 61%]
2025-02-28T15:30:15.8297580Z tests/widgets/test_scrollcontainer.py::test_vertical_scroll_small_content PASSED [ 61%]
2025-02-28T15:30:16.3067790Z tests/widgets/test_scrollcontainer.py::test_horizontal_scroll PASSED     [ 61%]
2025-02-28T15:30:16.7887610Z tests/widgets/test_scrollcontainer.py::test_horizontal_scroll_small_content PASSED [ 62%]
2025-02-28T15:30:17.2745380Z tests/widgets/test_scrollcontainer.py::test_scroll_both PASSED           [ 62%]
2025-02-28T15:30:17.7693750Z tests/widgets/test_scrollcontainer.py::test_manual_scroll PASSED         [ 62%]
2025-02-28T15:30:18.3374610Z tests/widgets/test_scrollcontainer.py::test_no_content PASSED            [ 62%]
2025-02-28T15:30:18.5475320Z tests/widgets/test_selection.py::test_background_color <- build/testbed/macos/app/Toga Testbed.app/Contents/Resources/app/tests/widgets/properties.py XFAIL [ 62%]
2025-02-28T15:30:18.7451090Z tests/widgets/test_selection.py::test_background_color_reset <- build/testbed/macos/app/Toga Testbed.app/Contents/Resources/app/tests/widgets/properties.py XFAIL [ 62%]
2025-02-28T15:30:18.9374260Z tests/widgets/test_selection.py::test_background_color_transparent <- build/testbed/macos/app/Toga Testbed.app/Contents/Resources/app/tests/widgets/properties.py XFAIL [ 63%]
2025-02-28T15:30:19.1395920Z tests/widgets/test_selection.py::test_color <- build/testbed/macos/app/Toga Testbed.app/Contents/Resources/app/tests/widgets/properties.py XFAIL [ 63%]
2025-02-28T15:30:19.3374430Z tests/widgets/test_selection.py::test_color_reset <- build/testbed/macos/app/Toga Testbed.app/Contents/Resources/app/tests/widgets/properties.py XFAIL [ 63%]
2025-02-28T15:30:19.5458720Z tests/widgets/test_selection.py::test_enabled <- build/testbed/macos/app/Toga Testbed.app/Contents/Resources/app/tests/widgets/properties.py PASSED [ 63%]
2025-02-28T15:30:19.7526150Z tests/widgets/test_selection.py::test_flex_horizontal_widget_size <- build/testbed/macos/app/Toga Testbed.app/Contents/Resources/app/tests/widgets/properties.py PASSED [ 63%]
2025-02-28T15:30:19.9538620Z tests/widgets/test_selection.py::test_font <- build/testbed/macos/app/Toga Testbed.app/Contents/Resources/app/tests/widgets/properties.py XFAIL [ 63%]
2025-02-28T15:30:20.1491430Z tests/widgets/test_selection.py::test_font_attrs <- build/testbed/macos/app/Toga Testbed.app/Contents/Resources/app/tests/widgets/properties.py XFAIL [ 64%]
2025-02-28T15:30:20.3562580Z tests/widgets/test_selection.py::test_text_align <- build/testbed/macos/app/Toga Testbed.app/Contents/Resources/app/tests/widgets/properties.py XFAIL [ 64%]
2025-02-28T15:30:20.5817320Z tests/widgets/test_selection.py::test_focus <- build/testbed/macos/app/Toga Testbed.app/Contents/Resources/app/tests/widgets/properties.py PASSED [ 64%]
2025-02-28T15:30:20.8053540Z tests/widgets/test_selection.py::test_cleanup <- build/testbed/macos/app/Toga Testbed.app/Contents/Resources/app/tests/widgets/conftest.py PASSED [ 64%]
2025-02-28T15:30:21.0366310Z tests/widgets/test_selection.py::test_item_titles PASSED                 [ 64%]
2025-02-28T15:30:21.3497780Z tests/widgets/test_selection.py::test_selection_change PASSED            [ 64%]
2025-02-28T15:30:21.5782140Z tests/widgets/test_selection.py::test_source_changes PASSED              [ 65%]
2025-02-28T15:30:21.7842510Z tests/widgets/test_selection.py::test_resize_on_content_change PASSED    [ 65%]
2025-02-28T15:30:22.0294340Z tests/widgets/test_slider.py::test_enabled <- build/testbed/macos/app/Toga Testbed.app/Contents/Resources/app/tests/widgets/properties.py PASSED [ 65%]
2025-02-28T15:30:22.2405300Z tests/widgets/test_slider.py::test_flex_horizontal_widget_size <- build/testbed/macos/app/Toga Testbed.app/Contents/Resources/app/tests/widgets/properties.py PASSED [ 65%]
2025-02-28T15:30:22.4790210Z tests/widgets/test_slider.py::test_focus <- build/testbed/macos/app/Toga Testbed.app/Contents/Resources/app/tests/widgets/properties.py PASSED [ 65%]
2025-02-28T15:30:22.6999540Z tests/widgets/test_slider.py::test_cleanup <- build/testbed/macos/app/Toga Testbed.app/Contents/Resources/app/tests/widgets/conftest.py PASSED [ 65%]
2025-02-28T15:30:22.9114220Z tests/widgets/test_slider.py::test_init PASSED                           [ 66%]
2025-02-28T15:30:23.0994860Z tests/widgets/test_slider.py::test_init_handlers PASSED                  [ 66%]
2025-02-28T15:30:23.3472220Z tests/widgets/test_slider.py::test_value PASSED                          [ 66%]
2025-02-28T15:30:23.6879690Z tests/widgets/test_slider.py::test_change PASSED                         [ 66%]
2025-02-28T15:30:23.8975480Z tests/widgets/test_slider.py::test_min PASSED                            [ 66%]
2025-02-28T15:30:24.1010880Z tests/widgets/test_slider.py::test_max PASSED                            [ 66%]
2025-02-28T15:30:24.3320800Z tests/widgets/test_slider.py::test_ticks PASSED                          [ 67%]
2025-02-28T15:30:24.5617710Z tests/widgets/test_slider.py::test_value_with_ticks PASSED               [ 67%]
2025-02-28T15:30:24.8006640Z tests/widgets/test_slider.py::test_range_with_ticks PASSED               [ 67%]
2025-02-28T15:30:25.0349260Z tests/widgets/test_slider.py::test_press_release[press] PASSED           [ 67%]
2025-02-28T15:30:25.2363180Z tests/widgets/test_slider.py::test_press_release[release] PASSED         [ 67%]
2025-02-28T15:30:25.4707680Z tests/widgets/test_splitcontainer.py::test_enable_noop <- build/testbed/macos/app/Toga Testbed.app/Contents/Resources/app/tests/widgets/properties.py PASSED [ 67%]
2025-02-28T15:30:25.7292950Z tests/widgets/test_splitcontainer.py::test_flex_widget_size <- build/testbed/macos/app/Toga Testbed.app/Contents/Resources/app/tests/widgets/properties.py PASSED [ 68%]
2025-02-28T15:30:25.9794300Z tests/widgets/test_splitcontainer.py::test_focus_noop <- build/testbed/macos/app/Toga Testbed.app/Contents/Resources/app/tests/widgets/properties.py PASSED [ 68%]
2025-02-28T15:30:26.1999850Z tests/widgets/test_splitcontainer.py::test_cleanup <- build/testbed/macos/app/Toga Testbed.app/Contents/Resources/app/tests/widgets/conftest.py PASSED [ 68%]
2025-02-28T15:30:26.7710680Z tests/widgets/test_splitcontainer.py::test_set_content PASSED            [ 68%]
2025-02-28T15:30:27.3451940Z tests/widgets/test_splitcontainer.py::test_set_direction PASSED          [ 68%]
2025-02-28T15:30:27.8277040Z tests/widgets/test_splitcontainer.py::test_move_splitter PASSED          [ 68%]
2025-02-28T15:30:28.0520780Z tests/widgets/test_switch.py::test_color <- build/testbed/macos/app/Toga Testbed.app/Contents/Resources/app/tests/widgets/properties.py XFAIL [ 69%]
2025-02-28T15:30:28.2588140Z tests/widgets/test_switch.py::test_color_reset <- build/testbed/macos/app/Toga Testbed.app/Contents/Resources/app/tests/widgets/properties.py XFAIL [ 69%]
2025-02-28T15:30:28.4696700Z tests/widgets/test_switch.py::test_enabled <- build/testbed/macos/app/Toga Testbed.app/Contents/Resources/app/tests/widgets/properties.py PASSED [ 69%]
2025-02-28T15:30:28.6823820Z tests/widgets/test_switch.py::test_flex_horizontal_widget_size <- build/testbed/macos/app/Toga Testbed.app/Contents/Resources/app/tests/widgets/properties.py PASSED [ 69%]
2025-02-28T15:30:28.9112000Z tests/widgets/test_switch.py::test_font <- build/testbed/macos/app/Toga Testbed.app/Contents/Resources/app/tests/widgets/properties.py PASSED [ 69%]
2025-02-28T15:30:29.1398880Z tests/widgets/test_switch.py::test_font_attrs <- build/testbed/macos/app/Toga Testbed.app/Contents/Resources/app/tests/widgets/properties.py PASSED [ 69%]
2025-02-28T15:30:29.3467440Z tests/widgets/test_switch.py::test_text_width_change <- build/testbed/macos/app/Toga Testbed.app/Contents/Resources/app/tests/widgets/properties.py PASSED [ 70%]
2025-02-28T15:30:29.5844020Z tests/widgets/test_switch.py::test_focus <- build/testbed/macos/app/Toga Testbed.app/Contents/Resources/app/tests/widgets/properties.py PASSED [ 70%]
2025-02-28T15:30:29.8037300Z tests/widgets/test_switch.py::test_cleanup <- build/testbed/macos/app/Toga Testbed.app/Contents/Resources/app/tests/widgets/conftest.py PASSED [ 70%]
2025-02-28T15:30:30.0610230Z tests/widgets/test_switch.py::test_text PASSED                           [ 70%]
2025-02-28T15:30:30.4894720Z tests/widgets/test_switch.py::test_press PASSED                          [ 70%]
2025-02-28T15:30:30.6982270Z tests/widgets/test_switch.py::test_change_value PASSED                   [ 70%]
2025-02-28T15:30:31.1115690Z tests/widgets/test_table.py::test_background_color <- build/testbed/macos/app/Toga Testbed.app/Contents/Resources/app/tests/widgets/properties.py PASSED [ 71%]
2025-02-28T15:30:31.4630790Z tests/widgets/test_table.py::test_background_color_reset <- build/testbed/macos/app/Toga Testbed.app/Contents/Resources/app/tests/widgets/properties.py PASSED [ 71%]
2025-02-28T15:30:31.8263650Z tests/widgets/test_table.py::test_enable_noop <- build/testbed/macos/app/Toga Testbed.app/Contents/Resources/app/tests/widgets/properties.py PASSED [ 71%]
2025-02-28T15:30:32.2365690Z tests/widgets/test_table.py::test_flex_widget_size <- build/testbed/macos/app/Toga Testbed.app/Contents/Resources/app/tests/widgets/properties.py PASSED [ 71%]
2025-02-28T15:30:32.6208350Z tests/widgets/test_table.py::test_focus_noop <- build/testbed/macos/app/Toga Testbed.app/Contents/Resources/app/tests/widgets/properties.py PASSED [ 71%]
2025-02-28T15:30:32.9908320Z tests/widgets/test_table.py::test_font <- build/testbed/macos/app/Toga Testbed.app/Contents/Resources/app/tests/widgets/properties.py SKIPPED [ 71%]
2025-02-28T15:30:33.2214480Z tests/widgets/test_table.py::test_cleanup <- build/testbed/macos/app/Toga Testbed.app/Contents/Resources/app/tests/widgets/conftest.py PASSED [ 72%]
2025-02-28T15:30:33.7363760Z tests/widgets/test_table.py::test_scroll PASSED                          [ 72%]
2025-02-28T15:30:34.2884960Z tests/widgets/test_table.py::test_keyboard_navigation PASSED             [ 72%]
2025-02-28T15:30:35.3199810Z tests/widgets/test_table.py::test_select PASSED                          [ 72%]
2025-02-28T15:30:36.1829380Z tests/widgets/test_table.py::test_activate PASSED                        [ 72%]
2025-02-28T15:30:37.4152210Z tests/widgets/test_table.py::test_multiselect PASSED                     [ 72%]
2025-02-28T15:30:37.8736730Z tests/widgets/test_table.py::test_row_changes PASSED                     [ 73%]
2025-02-28T15:30:38.3591970Z tests/widgets/test_table.py::test_headerless_row_changes PASSED          [ 73%]
2025-02-28T15:30:39.0508150Z tests/widgets/test_table.py::test_column_changes PASSED                  [ 73%]
2025-02-28T15:30:39.9116260Z tests/widgets/test_table.py::test_headerless_column_changes PASSED       [ 73%]
2025-02-28T15:30:40.2677960Z tests/widgets/test_table.py::test_remove_all_columns PASSED              [ 73%]
2025-02-28T15:30:40.6909370Z tests/widgets/test_table.py::test_cell_icon PASSED                       [ 73%]
2025-02-28T15:30:41.2691880Z tests/widgets/test_table.py::test_cell_widget PASSED                     [ 74%]
2025-02-28T15:30:41.4779670Z tests/widgets/test_textinput.py::test_background_color <- build/testbed/macos/app/Toga Testbed.app/Contents/Resources/app/tests/widgets/properties.py PASSED [ 74%]
2025-02-28T15:30:41.6903520Z tests/widgets/test_textinput.py::test_background_color_reset <- build/testbed/macos/app/Toga Testbed.app/Contents/Resources/app/tests/widgets/properties.py PASSED [ 74%]
2025-02-28T15:30:41.8924160Z tests/widgets/test_textinput.py::test_background_color_transparent <- build/testbed/macos/app/Toga Testbed.app/Contents/Resources/app/tests/widgets/properties.py PASSED [ 74%]
2025-02-28T15:30:42.1063310Z tests/widgets/test_textinput.py::test_color <- build/testbed/macos/app/Toga Testbed.app/Contents/Resources/app/tests/widgets/properties.py PASSED [ 74%]
2025-02-28T15:30:42.3180940Z tests/widgets/test_textinput.py::test_color_reset <- build/testbed/macos/app/Toga Testbed.app/Contents/Resources/app/tests/widgets/properties.py PASSED [ 74%]
2025-02-28T15:30:42.5285020Z tests/widgets/test_textinput.py::test_enabled <- build/testbed/macos/app/Toga Testbed.app/Contents/Resources/app/tests/widgets/properties.py PASSED [ 75%]
2025-02-28T15:30:42.7337950Z tests/widgets/test_textinput.py::test_flex_horizontal_widget_size <- build/testbed/macos/app/Toga Testbed.app/Contents/Resources/app/tests/widgets/properties.py PASSED [ 75%]
2025-02-28T15:30:42.9890450Z tests/widgets/test_textinput.py::test_focus <- build/testbed/macos/app/Toga Testbed.app/Contents/Resources/app/tests/widgets/properties.py PASSED [ 75%]
2025-02-28T15:30:43.2012450Z tests/widgets/test_textinput.py::test_font <- build/testbed/macos/app/Toga Testbed.app/Contents/Resources/app/tests/widgets/properties.py PASSED [ 75%]
2025-02-28T15:30:43.4345420Z tests/widgets/test_textinput.py::test_font_attrs <- build/testbed/macos/app/Toga Testbed.app/Contents/Resources/app/tests/widgets/properties.py PASSED [ 75%]
2025-02-28T15:30:43.6498900Z tests/widgets/test_textinput.py::test_placeholder <- build/testbed/macos/app/Toga Testbed.app/Contents/Resources/app/tests/widgets/properties.py PASSED [ 75%]
2025-02-28T15:30:43.8519440Z tests/widgets/test_textinput.py::test_placeholder_color <- build/testbed/macos/app/Toga Testbed.app/Contents/Resources/app/tests/widgets/properties.py PASSED [ 75%]
2025-02-28T15:30:44.1396460Z tests/widgets/test_textinput.py::test_placeholder_focus <- build/testbed/macos/app/Toga Testbed.app/Contents/Resources/app/tests/widgets/properties.py PASSED [ 76%]
2025-02-28T15:30:44.3388100Z tests/widgets/test_textinput.py::test_readonly <- build/testbed/macos/app/Toga Testbed.app/Contents/Resources/app/tests/widgets/properties.py PASSED [ 76%]
2025-02-28T15:30:44.5446710Z tests/widgets/test_textinput.py::test_text_align <- build/testbed/macos/app/Toga Testbed.app/Contents/Resources/app/tests/widgets/properties.py PASSED [ 76%]
2025-02-28T15:30:44.7735620Z tests/widgets/test_textinput.py::test_cleanup <- build/testbed/macos/app/Toga Testbed.app/Contents/Resources/app/tests/widgets/conftest.py PASSED [ 76%]
2025-02-28T15:30:44.9786920Z tests/widgets/test_textinput.py::test_value_not_hidden PASSED            [ 76%]
2025-02-28T15:30:45.2075500Z tests/widgets/test_textinput.py::test_on_change_programmatic[True-] PASSED [ 76%]
2025-02-28T15:30:45.4478430Z tests/widgets/test_textinput.py::test_on_change_programmatic[True-placeholder] PASSED [ 77%]
2025-02-28T15:30:45.6835010Z tests/widgets/test_textinput.py::test_on_change_programmatic[False-] PASSED [ 77%]
2025-02-28T15:30:45.9090590Z tests/widgets/test_textinput.py::test_on_change_programmatic[False-placeholder] PASSED [ 77%]
2025-02-28T15:30:46.1717460Z tests/widgets/test_textinput.py::test_on_change_user PASSED              [ 77%]
2025-02-28T15:30:46.4224970Z tests/widgets/test_textinput.py::test_on_change_focus[True-] PASSED      [ 77%]
2025-02-28T15:30:46.6542920Z tests/widgets/test_textinput.py::test_on_change_focus[True-placeholder] PASSED [ 77%]
2025-02-28T15:30:46.8828970Z tests/widgets/test_textinput.py::test_on_change_focus[False-] PASSED     [ 78%]
2025-02-28T15:30:47.1189850Z tests/widgets/test_textinput.py::test_on_change_focus[False-placeholder] PASSED [ 78%]
2025-02-28T15:30:47.3577240Z tests/widgets/test_textinput.py::test_on_confirm PASSED                  [ 78%]
2025-02-28T15:30:47.5876300Z tests/widgets/test_textinput.py::test_validation PASSED                  [ 78%]
2025-02-28T15:30:47.8124660Z tests/widgets/test_textinput.py::test_text_value PASSED                  [ 78%]
2025-02-28T15:30:48.1265960Z tests/widgets/test_textinput.py::test_undo_redo PASSED                   [ 78%]
2025-02-28T15:30:48.3107420Z tests/widgets/test_timeinput.py::test_background_color <- build/testbed/macos/app/Toga Testbed.app/Contents/Resources/app/tests/widgets/properties.py SKIPPED [ 79%]
2025-02-28T15:30:48.4995500Z tests/widgets/test_timeinput.py::test_background_color_reset <- build/testbed/macos/app/Toga Testbed.app/Contents/Resources/app/tests/widgets/properties.py SKIPPED [ 79%]
2025-02-28T15:30:48.6849400Z tests/widgets/test_timeinput.py::test_background_color_transparent <- build/testbed/macos/app/Toga Testbed.app/Contents/Resources/app/tests/widgets/properties.py SKIPPED [ 79%]
2025-02-28T15:30:48.8776560Z tests/widgets/test_timeinput.py::test_color <- build/testbed/macos/app/Toga Testbed.app/Contents/Resources/app/tests/widgets/properties.py SKIPPED [ 79%]
2025-02-28T15:30:49.0605580Z tests/widgets/test_timeinput.py::test_color_reset <- build/testbed/macos/app/Toga Testbed.app/Contents/Resources/app/tests/widgets/properties.py SKIPPED [ 79%]
2025-02-28T15:30:49.2396660Z tests/widgets/test_timeinput.py::test_enabled <- build/testbed/macos/app/Toga Testbed.app/Contents/Resources/app/tests/widgets/properties.py SKIPPED [ 79%]
2025-02-28T15:30:49.4295360Z tests/widgets/test_timeinput.py::test_flex_horizontal_widget_size <- build/testbed/macos/app/Toga Testbed.app/Contents/Resources/app/tests/widgets/properties.py SKIPPED [ 80%]
2025-02-28T15:30:49.6125130Z tests/widgets/test_timeinput.py::test_max <- build/testbed/macos/app/Toga Testbed.app/Contents/Resources/app/tests/widgets/test_dateinput.py SKIPPED [ 80%]
2025-02-28T15:30:49.8063410Z tests/widgets/test_timeinput.py::test_min <- build/testbed/macos/app/Toga Testbed.app/Contents/Resources/app/tests/widgets/test_dateinput.py SKIPPED [ 80%]
2025-02-28T15:30:49.9947260Z tests/widgets/test_timeinput.py::test_value <- build/testbed/macos/app/Toga Testbed.app/Contents/Resources/app/tests/widgets/test_dateinput.py SKIPPED [ 80%]
2025-02-28T15:30:50.1842830Z tests/widgets/test_timeinput.py::test_cleanup <- build/testbed/macos/app/Toga Testbed.app/Contents/Resources/app/tests/widgets/conftest.py SKIPPED [ 80%]
2025-02-28T15:30:50.3321120Z tests/widgets/test_timeinput.py::test_init SKIPPED (not yet implemented
2025-02-28T15:30:50.3758700Z on macOS)                                                                [ 80%]
2025-02-28T15:30:50.5214690Z tests/widgets/test_timeinput.py::test_change SKIPPED (not yet
2025-02-28T15:30:50.5652060Z implemented on macOS)                                                    [ 81%]
2025-02-28T15:30:50.9254840Z tests/widgets/test_tree.py::test_background_color <- build/testbed/macos/app/Toga Testbed.app/Contents/Resources/app/tests/widgets/properties.py PASSED [ 81%]
2025-02-28T15:30:51.2418260Z tests/widgets/test_tree.py::test_background_color_reset <- build/testbed/macos/app/Toga Testbed.app/Contents/Resources/app/tests/widgets/properties.py PASSED [ 81%]
2025-02-28T15:30:51.5592360Z tests/widgets/test_tree.py::test_enable_noop <- build/testbed/macos/app/Toga Testbed.app/Contents/Resources/app/tests/widgets/properties.py PASSED [ 81%]
2025-02-28T15:30:51.9100540Z tests/widgets/test_tree.py::test_flex_widget_size <- build/testbed/macos/app/Toga Testbed.app/Contents/Resources/app/tests/widgets/properties.py PASSED [ 81%]
2025-02-28T15:30:52.2813690Z tests/widgets/test_tree.py::test_focus_noop <- build/testbed/macos/app/Toga Testbed.app/Contents/Resources/app/tests/widgets/properties.py PASSED [ 81%]
2025-02-28T15:30:52.5977300Z tests/widgets/test_tree.py::test_font <- build/testbed/macos/app/Toga Testbed.app/Contents/Resources/app/tests/widgets/properties.py SKIPPED [ 82%]
2025-02-28T15:30:52.8397260Z tests/widgets/test_tree.py::test_cleanup <- build/testbed/macos/app/Toga Testbed.app/Contents/Resources/app/tests/widgets/conftest.py PASSED [ 82%]
2025-02-28T15:30:54.2226110Z tests/widgets/test_tree.py::test_select PASSED                           [ 82%]
2025-02-28T15:30:54.8473160Z tests/widgets/test_tree.py::test_expand_collapse PASSED                  [ 82%]
2025-02-28T15:30:55.8589560Z tests/widgets/test_tree.py::test_activate PASSED                         [ 82%]
2025-02-28T15:30:57.2955860Z tests/widgets/test_tree.py::test_multiselect PASSED                      [ 82%]
2025-02-28T15:30:57.8790620Z tests/widgets/test_tree.py::test_row_changes PASSED                      [ 83%]
2025-02-28T15:30:58.4420440Z tests/widgets/test_tree.py::test_headerless_row_changes PASSED           [ 83%]
2025-02-28T15:30:58.8950060Z tests/widgets/test_tree.py::test_column_changes PASSED                   [ 83%]
2025-02-28T15:30:59.3205850Z tests/widgets/test_tree.py::test_headerless_column_changes PASSED        [ 83%]
2025-02-28T15:30:59.8610930Z tests/widgets/test_tree.py::test_cell_icon PASSED                        [ 83%]
2025-02-28T15:31:00.4259240Z tests/widgets/test_tree.py::test_cell_widget PASSED                      [ 83%]
2025-02-28T15:31:01.0112980Z tests/widgets/test_webview.py::test_flex_widget_size <- build/testbed/macos/app/Toga Testbed.app/Contents/Resources/app/tests/widgets/properties.py PASSED [ 84%]
2025-02-28T15:31:01.2616300Z tests/widgets/test_webview.py::test_focus <- build/testbed/macos/app/Toga Testbed.app/Contents/Resources/app/tests/widgets/properties.py PASSED [ 84%]
2025-02-28T15:31:01.5097210Z tests/widgets/test_webview.py::test_cleanup <- build/testbed/macos/app/Toga Testbed.app/Contents/Resources/app/tests/widgets/conftest.py PASSED [ 84%]
2025-02-28T15:31:04.2783940Z tests/widgets/test_webview.py::test_set_url PASSED                       [ 84%]
2025-02-28T15:31:06.0446820Z tests/widgets/test_webview.py::test_clear_url PASSED                     [ 84%]
2025-02-28T15:31:07.8069210Z tests/widgets/test_webview.py::test_load_empty_url PASSED                [ 84%]
2025-02-28T15:31:09.6410540Z tests/widgets/test_webview.py::test_load_url PASSED                      [ 85%]
2025-02-28T15:31:11.4914170Z tests/widgets/test_webview.py::test_static_content PASSED                [ 85%]
2025-02-28T15:31:11.7169520Z tests/widgets/test_webview.py::test_user_agent PASSED                    [ 85%]
2025-02-28T15:31:13.4809910Z tests/widgets/test_webview.py::test_evaluate_javascript PASSED           [ 85%]
2025-02-28T15:31:15.2342730Z tests/widgets/test_webview.py::test_evaluate_javascript_no_handler PASSED [ 85%]
2025-02-28T15:31:16.9930750Z tests/widgets/test_webview.py::test_evaluate_javascript_error PASSED     [ 85%]
2025-02-28T15:31:18.7357590Z tests/widgets/test_webview.py::test_evaluate_javascript_error_without_handler PASSED [ 86%]
2025-02-28T15:31:21.5887690Z === Messages dropped during live streaming (use `log show` to see what they were)
2025-02-28T15:31:21.5891750Z tests/widgets/test_webview.py::test_dom_storage_enabled PASSED           [ 86%]
2025-02-28T15:31:24.1441870Z tests/widgets/test_webview.py::test_retrieve_cookies PASSED              [ 86%]
2025-02-28T15:31:24.9147890Z tests/window/test_dialogs.py::test_info_dialog PASSED                    [ 86%]
2025-02-28T15:31:25.6889880Z tests/window/test_dialogs.py::test_question_dialog[False] PASSED         [ 86%]
2025-02-28T15:31:26.4673680Z tests/window/test_dialogs.py::test_question_dialog[True] PASSED          [ 86%]
2025-02-28T15:31:27.2322140Z tests/window/test_dialogs.py::test_confirm_dialog[False] PASSED          [ 87%]
2025-02-28T15:31:27.9864830Z tests/window/test_dialogs.py::test_confirm_dialog[True] PASSED           [ 87%]
2025-02-28T15:31:28.7416410Z tests/window/test_dialogs.py::test_error_dialog PASSED                   [ 87%]
2025-02-28T15:31:29.5153700Z tests/window/test_dialogs.py::test_stack_trace_dialog[None] PASSED       [ 87%]
2025-02-28T15:31:30.3022710Z tests/window/test_dialogs.py::test_stack_trace_dialog[False] PASSED      [ 87%]
2025-02-28T15:31:31.0864390Z tests/window/test_dialogs.py::test_stack_trace_dialog[True] PASSED       [ 87%]
2025-02-28T15:31:31.9613130Z tests/window/test_dialogs.py::test_save_file_dialog[/path/to/file.txt-None-result0] PASSED [ 88%]
2025-02-28T15:31:32.8032650Z tests/window/test_dialogs.py::test_save_file_dialog[/path/to/file.txt-None-None] PASSED [ 88%]
2025-02-28T15:31:33.6646920Z tests/window/test_dialogs.py::test_save_file_dialog[/path/to/file.txt-file_types2-result2] PASSED [ 88%]
2025-02-28T15:31:34.5074510Z tests/window/test_dialogs.py::test_save_file_dialog[/path/to/file.txt-file_types3-None] PASSED [ 88%]
2025-02-28T15:31:35.3675950Z tests/window/test_dialogs.py::test_open_file_dialog[initial_directory0-None-False-result0] PASSED [ 88%]
2025-02-28T15:31:36.2180720Z tests/window/test_dialogs.py::test_open_file_dialog[initial_directory1-None-False-None] PASSED [ 88%]
2025-02-28T15:31:37.0642440Z tests/window/test_dialogs.py::test_open_file_dialog[None-None-False-result2] PASSED [ 89%]
2025-02-28T15:31:37.9216210Z tests/window/test_dialogs.py::test_open_file_dialog[initial_directory3-file_types3-False-result3] PASSED [ 89%]
2025-02-28T15:31:38.7707720Z tests/window/test_dialogs.py::test_open_file_dialog[initial_directory4-None-True-result4] PASSED [ 89%]
2025-02-28T15:31:39.6183830Z tests/window/test_dialogs.py::test_open_file_dialog[initial_directory5-None-True-result5] PASSED [ 89%]
2025-02-28T15:31:40.4820230Z tests/window/test_dialogs.py::test_open_file_dialog[initial_directory6-None-True-None] PASSED [ 89%]
2025-02-28T15:31:41.3415130Z tests/window/test_dialogs.py::test_open_file_dialog[None-None-True-result7] PASSED [ 89%]
2025-02-28T15:31:42.2120210Z tests/window/test_dialogs.py::test_open_file_dialog[initial_directory8-file_types8-True-result8] PASSED [ 90%]
2025-02-28T15:31:43.0759260Z tests/window/test_dialogs.py::test_select_folder_dialog[initial_directory0-False-result0] PASSED [ 90%]
2025-02-28T15:31:43.9391680Z tests/window/test_dialogs.py::test_select_folder_dialog[initial_directory1-False-None] PASSED [ 90%]
2025-02-28T15:31:44.8065850Z tests/window/test_dialogs.py::test_select_folder_dialog[None-False-result2] PASSED [ 90%]
2025-02-28T15:31:45.6639420Z tests/window/test_dialogs.py::test_select_folder_dialog[initial_directory3-True-result3] PASSED [ 90%]
2025-02-28T15:31:46.5270730Z tests/window/test_dialogs.py::test_select_folder_dialog[initial_directory4-True-result4] PASSED [ 90%]
2025-02-28T15:31:47.3732110Z tests/window/test_dialogs.py::test_select_folder_dialog[initial_directory5-True-None] PASSED [ 91%]
2025-02-28T15:31:47.9590200Z tests/window/test_window.py::test_title PASSED                           [ 91%]
2025-02-28T15:31:48.4282680Z tests/window/test_window.py::test_secondary_window[Window-second_window_kwargs0] PASSED [ 91%]
2025-02-28T15:31:49.2024020Z tests/window/test_window.py::test_secondary_window_with_args[Window-second_window_kwargs0] PASSED [ 91%]
2025-02-28T15:31:49.5404980Z tests/window/test_window.py::test_secondary_window_with_content PASSED   [ 91%]
2025-02-28T15:31:49.8115310Z tests/window/test_window.py::test_secondary_window_cleanup PASSED        [ 91%]
2025-02-28T15:31:50.1904190Z tests/window/test_window.py::test_secondary_window_toolbar[MainWindow-second_window_kwargs0] PASSED [ 92%]
2025-02-28T15:31:50.6495460Z tests/window/test_window.py::test_non_resizable[Window-second_window_kwargs0] PASSED [ 92%]
2025-02-28T15:31:51.3435640Z tests/window/test_window.py::test_non_closable[Window-second_window_kwargs0] PASSED [ 92%]
2025-02-28T15:31:51.8165640Z tests/window/test_window.py::test_non_minimizable[Window-second_window_kwargs0] PASSED [ 92%]
2025-02-28T15:31:54.4651820Z tests/window/test_window.py::test_visibility[Window-second_window_kwargs0] PASSED [ 92%]
2025-02-28T15:31:55.8948110Z tests/window/test_window.py::test_move_and_resize[Window-second_window_kwargs0] PASSED [ 92%]
2025-02-28T15:31:57.1937420Z tests/window/test_window.py::test_window_state_change[MainWindow-second_window_kwargs0-WindowState.NORMAL-WindowState.MINIMIZED] PASSED [ 93%]
2025-02-28T15:31:58.7876160Z tests/window/test_window.py::test_window_state_change[MainWindow-second_window_kwargs0-WindowState.NORMAL-WindowState.MAXIMIZED] PASSED [ 93%]
2025-02-28T15:32:00.0979990Z tests/window/test_window.py::test_window_state_change[MainWindow-second_window_kwargs0-WindowState.NORMAL-WindowState.FULLSCREEN] PASSED [ 93%]
2025-02-28T15:32:01.7889840Z tests/window/test_window.py::test_window_state_change[MainWindow-second_window_kwargs0-WindowState.NORMAL-WindowState.PRESENTATION] PASSED [ 93%]
2025-02-28T15:32:02.5416250Z tests/window/test_window.py::test_window_state_change[MainWindow-second_window_kwargs0-WindowState.NORMAL-WindowState.NORMAL] PASSED [ 93%]
2025-02-28T15:32:04.2523530Z tests/window/test_window.py::test_window_state_change[MainWindow-second_window_kwargs0-WindowState.MINIMIZED-WindowState.NORMAL] PASSED [ 93%]
2025-02-28T15:32:06.3640890Z tests/window/test_window.py::test_window_state_change[MainWindow-second_window_kwargs0-WindowState.MINIMIZED-WindowState.MAXIMIZED] PASSED [ 94%]
2025-02-28T15:32:08.7591620Z tests/window/test_window.py::test_window_state_change[MainWindow-second_window_kwargs0-WindowState.MINIMIZED-WindowState.FULLSCREEN] PASSED [ 94%]
2025-02-28T15:32:11.4469880Z tests/window/test_window.py::test_window_state_change[MainWindow-second_window_kwargs0-WindowState.MINIMIZED-WindowState.PRESENTATION] PASSED [ 94%]
2025-02-28T15:32:12.7483200Z tests/window/test_window.py::test_window_state_change[MainWindow-second_window_kwargs0-WindowState.MINIMIZED-WindowState.MINIMIZED] PASSED [ 94%]
2025-02-28T15:32:14.6669210Z tests/window/test_window.py::test_window_state_change[MainWindow-second_window_kwargs0-WindowState.MAXIMIZED-WindowState.NORMAL] PASSED [ 94%]
2025-02-28T15:32:16.6703230Z tests/window/test_window.py::test_window_state_change[MainWindow-second_window_kwargs0-WindowState.MAXIMIZED-WindowState.MINIMIZED] PASSED [ 94%]
2025-02-28T15:32:19.1710170Z tests/window/test_window.py::test_window_state_change[MainWindow-second_window_kwargs0-WindowState.MAXIMIZED-WindowState.FULLSCREEN] PASSED [ 95%]
2025-02-28T15:32:21.6428540Z tests/window/test_window.py::test_window_state_change[MainWindow-second_window_kwargs0-WindowState.MAXIMIZED-WindowState.PRESENTATION] PASSED [ 95%]
2025-02-28T15:32:22.8368830Z tests/window/test_window.py::test_window_state_change[MainWindow-second_window_kwargs0-WindowState.MAXIMIZED-WindowState.MAXIMIZED] PASSED [ 95%]
2025-02-28T15:32:24.7343250Z tests/window/test_window.py::test_window_state_change[MainWindow-second_window_kwargs0-WindowState.FULLSCREEN-WindowState.NORMAL] PASSED [ 95%]
2025-02-28T15:32:27.1128570Z tests/window/test_window.py::test_window_state_change[MainWindow-second_window_kwargs0-WindowState.FULLSCREEN-WindowState.MINIMIZED] PASSED [ 95%]
2025-02-28T15:32:29.7425980Z tests/window/test_window.py::test_window_state_change[MainWindow-second_window_kwargs0-WindowState.FULLSCREEN-WindowState.MAXIMIZED] PASSED [ 95%]
2025-02-28T15:32:31.6056460Z tests/window/test_window.py::test_window_state_change[MainWindow-second_window_kwargs0-WindowState.FULLSCREEN-WindowState.PRESENTATION] PASSED [ 96%]
2025-02-28T15:32:32.9277730Z tests/window/test_window.py::test_window_state_change[MainWindow-second_window_kwargs0-WindowState.FULLSCREEN-WindowState.FULLSCREEN] PASSED [ 96%]
2025-02-28T15:32:34.7313350Z tests/window/test_window.py::test_window_state_change[MainWindow-second_window_kwargs0-WindowState.PRESENTATION-WindowState.NORMAL] PASSED [ 96%]
2025-02-28T15:32:36.0837620Z tests/window/test_window.py::test_window_state_change[MainWindow-second_window_kwargs0-WindowState.PRESENTATION-WindowState.MINIMIZED] PASSED [ 96%]
2025-02-28T15:32:37.7664590Z tests/window/test_window.py::test_window_state_change[MainWindow-second_window_kwargs0-WindowState.PRESENTATION-WindowState.MAXIMIZED] PASSED [ 96%]
2025-02-28T15:32:39.1779010Z tests/window/test_window.py::test_window_state_change[MainWindow-second_window_kwargs0-WindowState.PRESENTATION-WindowState.FULLSCREEN] PASSED [ 96%]
2025-02-28T15:32:40.9770070Z tests/window/test_window.py::test_window_state_change[MainWindow-second_window_kwargs0-WindowState.PRESENTATION-WindowState.PRESENTATION] PASSED [ 97%]
2025-02-28T15:32:43.3586850Z tests/window/test_window.py::test_window_state_rapid_assignment[MainWindow-second_window_kwargs0-states0] PASSED [ 97%]
2025-02-28T15:32:46.6423900Z tests/window/test_window.py::test_window_state_rapid_assignment[MainWindow-second_window_kwargs0-states1] PASSED [ 97%]
2025-02-28T15:32:48.8766470Z tests/window/test_window.py::test_window_state_rapid_assignment[MainWindow-second_window_kwargs0-states2] PASSED [ 97%]
2025-02-28T15:32:49.5834110Z tests/window/test_window.py::test_window_state_rapid_assignment[MainWindow-second_window_kwargs0-states3] PASSED [ 97%]
2025-02-28T15:32:50.2714130Z tests/window/test_window.py::test_window_state_same_as_current_without_intermediate_states[Window-second_window_kwargs0-WindowState.NORMAL] PASSED [ 97%]
2025-02-28T15:32:51.4345200Z tests/window/test_window.py::test_window_state_same_as_current_without_intermediate_states[Window-second_window_kwargs0-WindowState.MINIMIZED] PASSED [ 98%]
2025-02-28T15:32:52.9164070Z tests/window/test_window.py::test_window_state_same_as_current_without_intermediate_states[Window-second_window_kwargs0-WindowState.MAXIMIZED] PASSED [ 98%]
2025-02-28T15:32:54.1044080Z tests/window/test_window.py::test_window_state_same_as_current_without_intermediate_states[Window-second_window_kwargs0-WindowState.FULLSCREEN] PASSED [ 98%]
2025-02-28T15:32:55.7747690Z tests/window/test_window.py::test_window_state_same_as_current_without_intermediate_states[Window-second_window_kwargs0-WindowState.PRESENTATION] PASSED [ 98%]
2025-02-28T15:32:57.4541840Z tests/window/test_window.py::test_window_state_content_size_increase[Window-second_window_kwargs0-WindowState.MAXIMIZED] PASSED [ 98%]
2025-02-28T15:32:59.4046960Z tests/window/test_window.py::test_window_state_content_size_increase[Window-second_window_kwargs0-WindowState.FULLSCREEN] PASSED [ 98%]
2025-02-28T15:33:00.3700230Z tests/window/test_window.py::test_window_state_content_size_increase[Window-second_window_kwargs0-WindowState.PRESENTATION] PASSED [ 99%]
2025-02-28T15:33:01.1787300Z tests/window/test_window.py::test_window_state_when_window_hidden[Window-second_window_kwargs0-WindowState.NORMAL] PASSED [ 99%]
2025-02-28T15:33:02.3601480Z tests/window/test_window.py::test_window_state_when_window_hidden[Window-second_window_kwargs0-WindowState.MAXIMIZED] PASSED [ 99%]
2025-02-28T15:33:03.0839720Z tests/window/test_window.py::test_focus_events[Window-second_window_kwargs0] PASSED [ 99%]
2025-02-28T15:33:03.8139970Z tests/window/test_window.py::test_visibility_events[Window-second_window_kwargs0] PASSED [ 99%]
2025-02-28T15:33:04.5223570Z tests/window/test_window.py::test_screen[Window-second_window_kwargs0] PASSED [ 99%]
2025-02-28T15:33:04.8922520Z tests/window/test_window.py::test_as_image PASSED                        [100%]
2025-02-28T15:33:04.8928020Z 
2025-02-28T15:33:04.8932030Z =========== 548 passed, 29 skipped, 28 xfailed in 308.16s (0:05:08) ============
2025-02-28T15:33:05.1918700Z Name    Stmts   Miss Branch BrPart   Cover   Missing
2025-02-28T15:33:05.1922720Z ----------------------------------------------------
2025-02-28T15:33:05.1926370Z TOTAL    3683      0    502      0  100.0%
2025-02-28T15:33:05.1929710Z 
2025-02-28T15:33:05.2003490Z 57 files skipped due to complete coverage.
2025-02-28T15:33:08.2828920Z 
2025-02-28T15:33:08.3696530Z [2m[testbed][0m Test suite passed!
2025-02-28T15:33:08.3799180Z Saving log... started
2025-02-28T15:33:08.4049660Z 
2025-02-28T15:33:08.4985600Z [1;33mLog saved to /Users/runner/work/toga/toga/testbed/logs/briefcase.2025_02_28-15_33_08.run.log[0m[1;33m
2025-02-28T15:33:08.5005670Z [0m
2025-02-28T15:33:08.5014890Z Saving log... done
2025-02-28T15:33:08.6035450Z Post job cleanup.
2025-02-28T15:33:09.0408240Z Post job cleanup.
2025-02-28T15:33:09.2130140Z [command]/opt/homebrew/bin/git version
2025-02-28T15:33:09.2343240Z git version 2.48.1
2025-02-28T15:33:09.2383120Z Copying '/Users/runner/.gitconfig' to '/Users/runner/work/_temp/bc108c8e-f039-4825-ae8e-89007a151643/.gitconfig'
2025-02-28T15:33:09.2394200Z Temporarily overriding HOME='/Users/runner/work/_temp/bc108c8e-f039-4825-ae8e-89007a151643' before making global git config changes
2025-02-28T15:33:09.2394900Z Adding repository directory to the temporary git global config as a safe directory
2025-02-28T15:33:09.2397840Z [command]/opt/homebrew/bin/git config --global --add safe.directory /Users/runner/work/toga/toga
2025-02-28T15:33:09.2485960Z [command]/opt/homebrew/bin/git config --local --name-only --get-regexp core\.sshCommand
2025-02-28T15:33:09.2526410Z [command]/opt/homebrew/bin/git submodule foreach --recursive sh -c "git config --local --name-only --get-regexp 'core\.sshCommand' && git config --local --unset-all 'core.sshCommand' || :"
2025-02-28T15:33:09.3134450Z [command]/opt/homebrew/bin/git config --local --name-only --get-regexp http\.https\:\/\/github\.com\/\.extraheader
2025-02-28T15:33:09.3169460Z http.https://github.com/.extraheader
2025-02-28T15:33:09.3183090Z [command]/opt/homebrew/bin/git config --local --unset-all http.https://github.com/.extraheader
2025-02-28T15:33:09.3231090Z [command]/opt/homebrew/bin/git submodule foreach --recursive sh -c "git config --local --name-only --get-regexp 'http\.https\:\/\/github\.com\/\.extraheader' && git config --local --unset-all 'http.https://github.com/.extraheader' || :"
2025-02-28T15:33:09.3895030Z Cleaning up orphan processes
