2025-02-28T15:27:12.5932657Z Current runner version: '2.322.0'
2025-02-28T15:27:12.5954619Z ##[group]Operating System
2025-02-28T15:27:12.5955322Z Microsoft Windows Server 2022
2025-02-28T15:27:12.5955857Z 10.0.20348
2025-02-28T15:27:12.5956304Z Datacenter
2025-02-28T15:27:12.5956728Z ##[endgroup]
2025-02-28T15:27:12.5957180Z ##[group]Runner Image
2025-02-28T15:27:12.5957696Z Image: windows-2022
2025-02-28T15:27:12.5958135Z Version: 20250224.5.0
2025-02-28T15:27:12.5959125Z Included Software: https://github.com/actions/runner-images/blob/win22/20250224.5/images/windows/Windows2022-Readme.md
2025-02-28T15:27:12.5960434Z Image Release: https://github.com/actions/runner-images/releases/tag/win22%2F20250224.5
2025-02-28T15:27:12.5961243Z ##[endgroup]
2025-02-28T15:27:12.5961720Z ##[group]Runner Image Provisioner
2025-02-28T15:27:12.5962251Z 2.0.422.1
2025-02-28T15:27:12.5962632Z ##[endgroup]
2025-02-28T15:27:12.5964698Z ##[group]GITHUB_TOKEN Permissions
2025-02-28T15:27:12.5966412Z Actions: read
2025-02-28T15:27:12.5967232Z Attestations: read
2025-02-28T15:27:12.5967802Z Checks: read
2025-02-28T15:27:12.5968252Z Contents: read
2025-02-28T15:27:12.5968703Z Deployments: read
2025-02-28T15:27:12.5969138Z Discussions: read
2025-02-28T15:27:12.5969594Z Issues: read
2025-02-28T15:27:12.5970053Z Metadata: read
2025-02-28T15:27:12.5970518Z Packages: read
2025-02-28T15:27:12.5970959Z Pages: read
2025-02-28T15:27:12.5971371Z PullRequests: read
2025-02-28T15:27:12.5971853Z RepositoryProjects: read
2025-02-28T15:27:12.5972367Z SecurityEvents: read
2025-02-28T15:27:12.5972819Z Statuses: read
2025-02-28T15:27:12.5973325Z ##[endgroup]
2025-02-28T15:27:12.5975969Z Secret source: None
2025-02-28T15:27:12.5976596Z Prepare workflow directory
2025-02-28T15:27:12.6333123Z Prepare all required actions
2025-02-28T15:27:12.6368924Z Getting action download info
2025-02-28T15:27:12.8668761Z Download action repository 'smorimoto/tune-github-hosted-runner-network@v1.0.0' (SHA:bb252dcb5c8609a31087e7993daa086f5a1c0069)
2025-02-28T15:27:13.1742966Z Download action repository 'actions/checkout@v4.2.2' (SHA:11bd71901bbe5b1630ceea73d27597364c9af683)
2025-02-28T15:27:13.2857178Z Download action repository 'actions/setup-python@v5.4.0' (SHA:42375524e23c412d93fb67b49958b491fce71c38)
2025-02-28T15:27:13.4788379Z Download action repository 'actions/download-artifact@v4.1.8' (SHA:fa0a91b85d4f404e444e00e005971372dc801d16)
2025-02-28T15:27:13.6828945Z Download action repository 'actions/upload-artifact@v4.6.1' (SHA:4cec3d8aa04e39d1a68397de0c4cd6fb9dce8ec1)
2025-02-28T15:27:14.0341780Z Complete job name: Testbed (windows)
2025-02-28T15:27:14.1409700Z ##[group]Run smorimoto/tune-github-hosted-runner-network@v1.0.0
2025-02-28T15:27:14.1411094Z env:
2025-02-28T15:27:14.1411490Z   min_python_version: 3.9
2025-02-28T15:27:14.1411939Z   max_python_version: 3.12
2025-02-28T15:27:14.1412360Z   FORCE_COLOR: 1
2025-02-28T15:27:14.1412725Z ##[endgroup]
2025-02-28T15:27:14.1635403Z ##[group]Run Disable-NetAdapterChecksumOffload -Name * -TcpIPv4 -UdpIPv4 -TcpIPv6 -UdpIPv6
2025-02-28T15:27:14.1636671Z [36;1mDisable-NetAdapterChecksumOffload -Name * -TcpIPv4 -UdpIPv4 -TcpIPv6 -UdpIPv6[0m
2025-02-28T15:27:14.1677387Z shell: C:\Program Files\PowerShell\7\pwsh.EXE -command ". '{0}'"
2025-02-28T15:27:14.1678039Z env:
2025-02-28T15:27:14.1678396Z   min_python_version: 3.9
2025-02-28T15:27:14.1678850Z   max_python_version: 3.12
2025-02-28T15:27:14.1679278Z   FORCE_COLOR: 1
2025-02-28T15:27:14.1679638Z ##[endgroup]
2025-02-28T15:27:19.5567240Z ##[group]Run actions/checkout@v4.2.2
2025-02-28T15:27:19.5568308Z with:
2025-02-28T15:27:19.5568964Z   fetch-depth: 0
2025-02-28T15:27:19.5569707Z   repository: beeware/toga
2025-02-28T15:27:19.5570855Z   token: ***
2025-02-28T15:27:19.5571530Z   ssh-strict: true
2025-02-28T15:27:19.5572242Z   ssh-user: git
2025-02-28T15:27:19.5572966Z   persist-credentials: true
2025-02-28T15:27:19.5573818Z   clean: true
2025-02-28T15:27:19.5574561Z   sparse-checkout-cone-mode: true
2025-02-28T15:27:19.5575495Z   fetch-tags: false
2025-02-28T15:27:19.5577845Z   show-progress: true
2025-02-28T15:27:19.5578601Z   lfs: false
2025-02-28T15:27:19.5579293Z   submodules: false
2025-02-28T15:27:19.5580024Z   set-safe-directory: true
2025-02-28T15:27:19.5580826Z env:
2025-02-28T15:27:19.5581442Z   min_python_version: 3.9
2025-02-28T15:27:19.5582246Z   max_python_version: 3.12
2025-02-28T15:27:19.5583084Z   FORCE_COLOR: 1
2025-02-28T15:27:19.5583744Z ##[endgroup]
2025-02-28T15:27:22.6950836Z Syncing repository: beeware/toga
2025-02-28T15:27:22.7044529Z ##[group]Getting Git version info
2025-02-28T15:27:22.7045074Z Working directory is 'D:\a\toga\toga'
2025-02-28T15:27:23.3082398Z [command]"C:\Program Files\Git\bin\git.exe" version
2025-02-28T15:27:23.3978100Z git version 2.48.1.windows.1
2025-02-28T15:27:23.4646047Z ##[endgroup]
2025-02-28T15:27:23.4668809Z Temporarily overriding HOME='D:\a\_temp\ff64c0bd-5f35-4f56-9221-c5fe48008182' before making global git config changes
2025-02-28T15:27:23.4669498Z Adding repository directory to the temporary git global config as a safe directory
2025-02-28T15:27:23.4680634Z [command]"C:\Program Files\Git\bin\git.exe" config --global --add safe.directory D:\a\toga\toga
2025-02-28T15:27:23.5436476Z Deleting the contents of 'D:\a\toga\toga'
2025-02-28T15:27:23.5441671Z ##[group]Initializing the repository
2025-02-28T15:27:23.5451014Z [command]"C:\Program Files\Git\bin\git.exe" init D:\a\toga\toga
2025-02-28T15:27:23.6433934Z Initialized empty Git repository in D:/a/toga/toga/.git/
2025-02-28T15:27:23.6476955Z [command]"C:\Program Files\Git\bin\git.exe" remote add origin https://github.com/beeware/toga
2025-02-28T15:27:23.6988526Z ##[endgroup]
2025-02-28T15:27:23.6989167Z ##[group]Disabling automatic garbage collection
2025-02-28T15:27:23.6998725Z [command]"C:\Program Files\Git\bin\git.exe" config --local gc.auto 0
2025-02-28T15:27:23.7218913Z ##[endgroup]
2025-02-28T15:27:23.7219258Z ##[group]Setting up auth
2025-02-28T15:27:23.7234727Z [command]"C:\Program Files\Git\bin\git.exe" config --local --name-only --get-regexp core\.sshCommand
2025-02-28T15:27:23.7462447Z [command]"C:\Program Files\Git\bin\git.exe" submodule foreach --recursive "sh -c \"git config --local --name-only --get-regexp 'core\.sshCommand' && git config --local --unset-all 'core.sshCommand' || :\""
2025-02-28T15:27:25.7235750Z [command]"C:\Program Files\Git\bin\git.exe" config --local --name-only --get-regexp http\.https\:\/\/github\.com\/\.extraheader
2025-02-28T15:27:25.7469249Z [command]"C:\Program Files\Git\bin\git.exe" submodule foreach --recursive "sh -c \"git config --local --name-only --get-regexp 'http\.https\:\/\/github\.com\/\.extraheader' && git config --local --unset-all 'http.https://github.com/.extraheader' || :\""
2025-02-28T15:27:26.1390840Z [command]"C:\Program Files\Git\bin\git.exe" config --local http.https://github.com/.extraheader "AUTHORIZATION: basic ***"
2025-02-28T15:27:26.1610459Z ##[endgroup]
2025-02-28T15:27:26.1610904Z ##[group]Fetching the repository
2025-02-28T15:27:26.1633007Z [command]"C:\Program Files\Git\bin\git.exe" -c protocol.version=2 fetch --prune --no-recurse-submodules origin +refs/heads/*:refs/remotes/origin/* +refs/tags/*:refs/tags/* +68266e24a68fb42fbbeefb9a1fc4181dfda30fbe:refs/remotes/pull/3217/merge
2025-02-28T15:27:29.1880535Z From https://github.com/beeware/toga
2025-02-28T15:27:29.1881193Z  * [new branch]          main         -> origin/main
2025-02-28T15:27:29.1884110Z  * [new branch]          pre-0.5      -> origin/pre-0.5
2025-02-28T15:27:29.1884577Z  * [new tag]             0.2.6        -> 0.2.6
2025-02-28T15:27:29.1884861Z  * [new tag]             v0.0.1rc1    -> v0.0.1rc1
2025-02-28T15:27:29.1885149Z  * [new tag]             v0.0.1rc10   -> v0.0.1rc10
2025-02-28T15:27:29.1885412Z  * [new tag]             v0.0.1rc5    -> v0.0.1rc5
2025-02-28T15:27:29.1885675Z  * [new tag]             v0.0.1rc6    -> v0.0.1rc6
2025-02-28T15:27:29.1885925Z  * [new tag]             v0.1.0       -> v0.1.0
2025-02-28T15:27:29.1886177Z  * [new tag]             v0.1.1       -> v0.1.1
2025-02-28T15:27:29.1887114Z  * [new tag]             v0.1.2       -> v0.1.2
2025-02-28T15:27:29.1887354Z  * [new tag]             v0.2.0       -> v0.2.0
2025-02-28T15:27:29.1888415Z  * [new tag]             v0.2.0.dev1  -> v0.2.0.dev1
2025-02-28T15:27:29.1888746Z  * [new tag]             v0.2.1       -> v0.2.1
2025-02-28T15:27:29.1889005Z  * [new tag]             v0.2.10      -> v0.2.10
2025-02-28T15:27:29.1889267Z  * [new tag]             v0.2.11      -> v0.2.11
2025-02-28T15:27:29.1889512Z  * [new tag]             v0.2.12      -> v0.2.12
2025-02-28T15:27:29.1889761Z  * [new tag]             v0.2.13      -> v0.2.13
2025-02-28T15:27:29.1890000Z  * [new tag]             v0.2.14      -> v0.2.14
2025-02-28T15:27:29.1890241Z  * [new tag]             v0.2.15      -> v0.2.15
2025-02-28T15:27:29.1890486Z  * [new tag]             v0.2.2       -> v0.2.2
2025-02-28T15:27:29.1890725Z  * [new tag]             v0.2.3       -> v0.2.3
2025-02-28T15:27:29.1890956Z  * [new tag]             v0.2.4       -> v0.2.4
2025-02-28T15:27:29.1891193Z  * [new tag]             v0.2.5       -> v0.2.5
2025-02-28T15:27:29.1891429Z  * [new tag]             v0.2.6       -> v0.2.6
2025-02-28T15:27:29.1891659Z  * [new tag]             v0.2.7       -> v0.2.7
2025-02-28T15:27:29.1891887Z  * [new tag]             v0.2.8       -> v0.2.8
2025-02-28T15:27:29.1892110Z  * [new tag]             v0.2.9       -> v0.2.9
2025-02-28T15:27:29.1892351Z  * [new tag]             v0.3.0       -> v0.3.0
2025-02-28T15:27:29.1892613Z  * [new tag]             v0.3.0.dev1  -> v0.3.0.dev1
2025-02-28T15:27:29.1892883Z  * [new tag]             v0.3.0.dev10 -> v0.3.0.dev10
2025-02-28T15:27:29.1893147Z  * [new tag]             v0.3.0.dev11 -> v0.3.0.dev11
2025-02-28T15:27:29.1893397Z  * [new tag]             v0.3.0.dev12 -> v0.3.0.dev12
2025-02-28T15:27:29.1893656Z  * [new tag]             v0.3.0.dev13 -> v0.3.0.dev13
2025-02-28T15:27:29.1893909Z  * [new tag]             v0.3.0.dev14 -> v0.3.0.dev14
2025-02-28T15:27:29.1894157Z  * [new tag]             v0.3.0.dev15 -> v0.3.0.dev15
2025-02-28T15:27:29.1894412Z  * [new tag]             v0.3.0.dev16 -> v0.3.0.dev16
2025-02-28T15:27:29.1894657Z  * [new tag]             v0.3.0.dev17 -> v0.3.0.dev17
2025-02-28T15:27:29.1894900Z  * [new tag]             v0.3.0.dev18 -> v0.3.0.dev18
2025-02-28T15:27:29.1895163Z  * [new tag]             v0.3.0.dev19 -> v0.3.0.dev19
2025-02-28T15:27:29.1895419Z  * [new tag]             v0.3.0.dev2  -> v0.3.0.dev2
2025-02-28T15:27:29.1895679Z  * [new tag]             v0.3.0.dev20 -> v0.3.0.dev20
2025-02-28T15:27:29.1895932Z  * [new tag]             v0.3.0.dev21 -> v0.3.0.dev21
2025-02-28T15:27:29.1896182Z  * [new tag]             v0.3.0.dev22 -> v0.3.0.dev22
2025-02-28T15:27:29.1896434Z  * [new tag]             v0.3.0.dev23 -> v0.3.0.dev23
2025-02-28T15:27:29.1896682Z  * [new tag]             v0.3.0.dev24 -> v0.3.0.dev24
2025-02-28T15:27:29.1896933Z  * [new tag]             v0.3.0.dev25 -> v0.3.0.dev25
2025-02-28T15:27:29.1897182Z  * [new tag]             v0.3.0.dev26 -> v0.3.0.dev26
2025-02-28T15:27:29.1897434Z  * [new tag]             v0.3.0.dev27 -> v0.3.0.dev27
2025-02-28T15:27:29.1897679Z  * [new tag]             v0.3.0.dev28 -> v0.3.0.dev28
2025-02-28T15:27:29.1897933Z  * [new tag]             v0.3.0.dev29 -> v0.3.0.dev29
2025-02-28T15:27:29.1898187Z  * [new tag]             v0.3.0.dev3  -> v0.3.0.dev3
2025-02-28T15:27:29.1898452Z  * [new tag]             v0.3.0.dev30 -> v0.3.0.dev30
2025-02-28T15:27:29.1899268Z  * [new tag]             v0.3.0.dev32 -> v0.3.0.dev32
2025-02-28T15:27:29.1899566Z  * [new tag]             v0.3.0.dev33 -> v0.3.0.dev33
2025-02-28T15:27:29.1899825Z  * [new tag]             v0.3.0.dev34 -> v0.3.0.dev34
2025-02-28T15:27:29.1900075Z  * [new tag]             v0.3.0.dev35 -> v0.3.0.dev35
2025-02-28T15:27:29.1900324Z  * [new tag]             v0.3.0.dev36 -> v0.3.0.dev36
2025-02-28T15:27:29.1900571Z  * [new tag]             v0.3.0.dev37 -> v0.3.0.dev37
2025-02-28T15:27:29.1900821Z  * [new tag]             v0.3.0.dev38 -> v0.3.0.dev38
2025-02-28T15:27:29.1901175Z  * [new tag]             v0.3.0.dev39 -> v0.3.0.dev39
2025-02-28T15:27:29.1901440Z  * [new tag]             v0.3.0.dev4  -> v0.3.0.dev4
2025-02-28T15:27:29.1901700Z  * [new tag]             v0.3.0.dev5  -> v0.3.0.dev5
2025-02-28T15:27:29.1901951Z  * [new tag]             v0.3.0.dev6  -> v0.3.0.dev6
2025-02-28T15:27:29.1902201Z  * [new tag]             v0.3.0.dev7  -> v0.3.0.dev7
2025-02-28T15:27:29.1902480Z  * [new tag]             v0.3.0.dev8  -> v0.3.0.dev8
2025-02-28T15:27:29.1902768Z  * [new tag]             v0.3.0.dev9  -> v0.3.0.dev9
2025-02-28T15:27:29.1903026Z  * [new tag]             v0.3.0rc0    -> v0.3.0rc0
2025-02-28T15:27:29.1903285Z  * [new tag]             v0.3.1       -> v0.3.1
2025-02-28T15:27:29.1903531Z  * [new tag]             v0.4.0       -> v0.4.0
2025-02-28T15:27:29.1903763Z  * [new tag]             v0.4.1       -> v0.4.1
2025-02-28T15:27:29.1903999Z  * [new tag]             v0.4.2       -> v0.4.2
2025-02-28T15:27:29.1904224Z  * [new tag]             v0.4.3       -> v0.4.3
2025-02-28T15:27:29.1904458Z  * [new tag]             v0.4.4       -> v0.4.4
2025-02-28T15:27:29.1904686Z  * [new tag]             v0.4.5       -> v0.4.5
2025-02-28T15:27:29.1904915Z  * [new tag]             v0.4.6       -> v0.4.6
2025-02-28T15:27:29.1905142Z  * [new tag]             v0.4.7       -> v0.4.7
2025-02-28T15:27:29.1905369Z  * [new tag]             v0.4.8       -> v0.4.8
2025-02-28T15:27:29.1905601Z  * [new tag]             v0.4.9       -> v0.4.9
2025-02-28T15:27:29.1914495Z  * [new ref]             68266e24a68fb42fbbeefb9a1fc4181dfda30fbe -> pull/3217/merge
2025-02-28T15:27:29.2149340Z ##[endgroup]
2025-02-28T15:27:29.2149746Z ##[group]Determining the checkout info
2025-02-28T15:27:29.2151130Z ##[endgroup]
2025-02-28T15:27:29.2162196Z [command]"C:\Program Files\Git\bin\git.exe" sparse-checkout disable
2025-02-28T15:27:29.2592014Z [command]"C:\Program Files\Git\bin\git.exe" config --local --unset-all extensions.worktreeConfig
2025-02-28T15:27:29.2815124Z ##[group]Checking out the ref
2025-02-28T15:27:29.2824862Z [command]"C:\Program Files\Git\bin\git.exe" checkout --progress --force refs/remotes/pull/3217/merge
2025-02-28T15:27:29.7755188Z Note: switching to 'refs/remotes/pull/3217/merge'.
2025-02-28T15:27:29.7755824Z 
2025-02-28T15:27:29.7756138Z You are in 'detached HEAD' state. You can look around, make experimental
2025-02-28T15:27:29.7756904Z changes and commit them, and you can discard any commits you make in this
2025-02-28T15:27:29.7757525Z state without impacting any branches by switching back to a branch.
2025-02-28T15:27:29.7757829Z 
2025-02-28T15:27:29.7758104Z If you want to create a new branch to retain commits you create, you may
2025-02-28T15:27:29.7758760Z do so (now or later) by using -c with the switch command. Example:
2025-02-28T15:27:29.7759136Z 
2025-02-28T15:27:29.7759281Z   git switch -c <new-branch-name>
2025-02-28T15:27:29.7759533Z 
2025-02-28T15:27:29.7759668Z Or undo this operation with:
2025-02-28T15:27:29.7759928Z 
2025-02-28T15:27:29.7759998Z   git switch -
2025-02-28T15:27:29.7760109Z 
2025-02-28T15:27:29.7760300Z Turn off this advice by setting config variable advice.detachedHead to false
2025-02-28T15:27:29.7760677Z 
2025-02-28T15:27:29.7761348Z HEAD is now at 68266e24a Merge ee512b602a87bb9213021e3ceab7c75b22852c2d into 39458b6f220cd2eeafe9dcf5d470bd504914850a
2025-02-28T15:27:29.7814258Z ##[endgroup]
2025-02-28T15:27:29.8111174Z [command]"C:\Program Files\Git\bin\git.exe" log -1 --format=%H
2025-02-28T15:27:29.8359499Z 68266e24a68fb42fbbeefb9a1fc4181dfda30fbe
2025-02-28T15:27:29.8755021Z ##[group]Run actions/setup-python@v5.4.0
2025-02-28T15:27:29.8755356Z with:
2025-02-28T15:27:29.8755534Z   python-version: 3.12
2025-02-28T15:27:29.8755729Z   check-latest: false
2025-02-28T15:27:29.8756050Z   token: ***
2025-02-28T15:27:29.8756232Z   update-environment: true
2025-02-28T15:27:29.8756446Z   allow-prereleases: false
2025-02-28T15:27:29.8756636Z env:
2025-02-28T15:27:29.8756795Z   min_python_version: 3.9
2025-02-28T15:27:29.8757165Z   max_python_version: 3.12
2025-02-28T15:27:29.8757359Z   FORCE_COLOR: 1
2025-02-28T15:27:29.8757523Z ##[endgroup]
2025-02-28T15:27:30.1177452Z ##[group]Installed versions
2025-02-28T15:27:30.1756035Z Successfully set up CPython (3.12.9)
2025-02-28T15:27:30.1758102Z ##[endgroup]
2025-02-28T15:27:30.2001993Z ##[group]Run # Use the development version of Briefcase
2025-02-28T15:27:30.2002344Z [36;1m[0m
2025-02-28T15:27:30.2002565Z [36;1m# Use the development version of Briefcase[0m
2025-02-28T15:27:30.2002869Z [36;1mpython -m pip install -U pip[0m
2025-02-28T15:27:30.2003242Z [36;1mpython -m pip install git+https://github.com/beeware/briefcase.git[0m
2025-02-28T15:27:30.2107020Z shell: C:\Program Files\Git\bin\bash.EXE --noprofile --norc -e -o pipefail {0}
2025-02-28T15:27:30.2107614Z env:
2025-02-28T15:27:30.2107873Z   min_python_version: 3.9
2025-02-28T15:27:30.2108205Z   max_python_version: 3.12
2025-02-28T15:27:30.2108521Z   FORCE_COLOR: 1
2025-02-28T15:27:30.2108962Z   pythonLocation: C:\hostedtoolcache\windows\Python\3.12.9\x64
2025-02-28T15:27:30.2109673Z   PKG_CONFIG_PATH: C:\hostedtoolcache\windows\Python\3.12.9\x64/lib/pkgconfig
2025-02-28T15:27:30.2110368Z   Python_ROOT_DIR: C:\hostedtoolcache\windows\Python\3.12.9\x64
2025-02-28T15:27:30.2111023Z   Python2_ROOT_DIR: C:\hostedtoolcache\windows\Python\3.12.9\x64
2025-02-28T15:27:30.2111653Z   Python3_ROOT_DIR: C:\hostedtoolcache\windows\Python\3.12.9\x64
2025-02-28T15:27:30.2112164Z   PIP_BREAK_SYSTEM_PACKAGES: 1
2025-02-28T15:27:30.2112501Z ##[endgroup]
2025-02-28T15:27:37.7595058Z Requirement already satisfied: pip in c:\hostedtoolcache\windows\python\3.12.9\x64\lib\site-packages (25.0.1)
2025-02-28T15:27:39.6089338Z Collecting git+https://github.com/beeware/briefcase.git
2025-02-28T15:27:39.6099539Z   Cloning https://github.com/beeware/briefcase.git to c:\users\runneradmin\appdata\local\temp\pip-req-build-cfhtab40
2025-02-28T15:27:39.6234608Z   Running command git clone --filter=blob:none --quiet https://github.com/beeware/briefcase.git 'C:\Users\runneradmin\AppData\Local\Temp\pip-req-build-cfhtab40'
2025-02-28T15:27:42.7396016Z   Resolved https://github.com/beeware/briefcase.git to commit b53bbac6e5ef8e2c5789b59e36fd0635086a489a
2025-02-28T15:27:42.7664178Z   Installing build dependencies: started
2025-02-28T15:27:47.6891313Z   Installing build dependencies: finished with status 'done'
2025-02-28T15:27:47.6905524Z   Getting requirements to build wheel: started
2025-02-28T15:27:48.5611114Z   Getting requirements to build wheel: finished with status 'done'
2025-02-28T15:27:48.5636443Z   Preparing metadata (pyproject.toml): started
2025-02-28T15:27:49.2764704Z   Preparing metadata (pyproject.toml): finished with status 'done'
2025-02-28T15:27:49.3416307Z Collecting packaging>=24.2 (from briefcase==0.3.23.dev12+gb53bbac6)
2025-02-28T15:27:49.3434206Z   Using cached packaging-24.2-py3-none-any.whl.metadata (3.2 kB)
2025-02-28T15:27:49.3467790Z Requirement already satisfied: pip>=24.3 in c:\hostedtoolcache\windows\python\3.12.9\x64\lib\site-packages (from briefcase==0.3.23.dev12+gb53bbac6) (25.0.1)
2025-02-28T15:27:49.4560077Z Collecting setuptools>=60 (from briefcase==0.3.23.dev12+gb53bbac6)
2025-02-28T15:27:49.4748387Z   Downloading setuptools-75.8.2-py3-none-any.whl.metadata (6.7 kB)
2025-02-28T15:27:49.5321786Z Collecting wheel>=0.37 (from briefcase==0.3.23.dev12+gb53bbac6)
2025-02-28T15:27:49.5357075Z   Downloading wheel-0.45.1-py3-none-any.whl.metadata (2.3 kB)
2025-02-28T15:27:49.5740698Z Collecting build>=0.10 (from briefcase==0.3.23.dev12+gb53bbac6)
2025-02-28T15:27:49.5771606Z   Downloading build-1.2.2.post1-py3-none-any.whl.metadata (6.5 kB)
2025-02-28T15:27:49.6697360Z Collecting cookiecutter<3.0,>=2.6.0 (from briefcase==0.3.23.dev12+gb53bbac6)
2025-02-28T15:27:49.6738517Z   Downloading cookiecutter-2.6.0-py3-none-any.whl.metadata (7.3 kB)
2025-02-28T15:27:49.7486335Z Collecting GitPython<4.0,>=3.1 (from briefcase==0.3.23.dev12+gb53bbac6)
2025-02-28T15:27:49.7522123Z   Downloading GitPython-3.1.44-py3-none-any.whl.metadata (13 kB)
2025-02-28T15:27:49.7993671Z Collecting platformdirs<5.0,>=2.6 (from briefcase==0.3.23.dev12+gb53bbac6)
2025-02-28T15:27:49.8025574Z   Downloading platformdirs-4.3.6-py3-none-any.whl.metadata (11 kB)
2025-02-28T15:27:49.8882079Z Collecting psutil<8.0,>=5.9 (from briefcase==0.3.23.dev12+gb53bbac6)
2025-02-28T15:27:49.8913502Z   Downloading psutil-7.0.0-cp37-abi3-win_amd64.whl.metadata (23 kB)
2025-02-28T15:27:49.9362242Z Collecting python-dateutil>=2.9.0.post0 (from briefcase==0.3.23.dev12+gb53bbac6)
2025-02-28T15:27:49.9393629Z   Downloading python_dateutil-2.9.0.post0-py2.py3-none-any.whl.metadata (8.4 kB)
2025-02-28T15:27:50.0016325Z Collecting httpx<1.0,>=0.20 (from briefcase==0.3.23.dev12+gb53bbac6)
2025-02-28T15:27:50.0047947Z   Downloading httpx-0.28.1-py3-none-any.whl.metadata (7.1 kB)
2025-02-28T15:27:50.0666853Z Collecting rich<14.0,>=12.6 (from briefcase==0.3.23.dev12+gb53bbac6)
2025-02-28T15:27:50.0700515Z   Downloading rich-13.9.4-py3-none-any.whl.metadata (18 kB)
2025-02-28T15:27:50.1267278Z Collecting tomli_w<2.0,>=1.0 (from briefcase==0.3.23.dev12+gb53bbac6)
2025-02-28T15:27:50.1299777Z   Downloading tomli_w-1.2.0-py3-none-any.whl.metadata (5.7 kB)
2025-02-28T15:27:50.1779424Z Collecting pyproject_hooks (from build>=0.10->briefcase==0.3.23.dev12+gb53bbac6)
2025-02-28T15:27:50.1810304Z   Downloading pyproject_hooks-1.2.0-py3-none-any.whl.metadata (1.3 kB)
2025-02-28T15:27:50.2327067Z Collecting colorama (from build>=0.10->briefcase==0.3.23.dev12+gb53bbac6)
2025-02-28T15:27:50.2362737Z   Downloading colorama-0.4.6-py2.py3-none-any.whl.metadata (17 kB)
2025-02-28T15:27:50.2750280Z Collecting binaryornot>=0.4.4 (from cookiecutter<3.0,>=2.6.0->briefcase==0.3.23.dev12+gb53bbac6)
2025-02-28T15:27:50.2791430Z   Downloading binaryornot-0.4.4-py2.py3-none-any.whl.metadata (6.0 kB)
2025-02-28T15:27:50.3529674Z Collecting Jinja2<4.0.0,>=2.7 (from cookiecutter<3.0,>=2.6.0->briefcase==0.3.23.dev12+gb53bbac6)
2025-02-28T15:27:50.3642097Z   Downloading jinja2-3.1.5-py3-none-any.whl.metadata (2.6 kB)
2025-02-28T15:27:50.4455532Z Collecting click<9.0.0,>=7.0 (from cookiecutter<3.0,>=2.6.0->briefcase==0.3.23.dev12+gb53bbac6)
2025-02-28T15:27:50.4565101Z   Downloading click-8.1.8-py3-none-any.whl.metadata (2.3 kB)
2025-02-28T15:27:50.5418232Z Collecting pyyaml>=5.3.1 (from cookiecutter<3.0,>=2.6.0->briefcase==0.3.23.dev12+gb53bbac6)
2025-02-28T15:27:50.5463679Z   Downloading PyYAML-6.0.2-cp312-cp312-win_amd64.whl.metadata (2.1 kB)
2025-02-28T15:27:50.5945163Z Collecting python-slugify>=4.0.0 (from cookiecutter<3.0,>=2.6.0->briefcase==0.3.23.dev12+gb53bbac6)
2025-02-28T15:27:50.5980699Z   Downloading python_slugify-8.0.4-py2.py3-none-any.whl.metadata (8.5 kB)
2025-02-28T15:27:50.6521087Z Collecting requests>=2.23.0 (from cookiecutter<3.0,>=2.6.0->briefcase==0.3.23.dev12+gb53bbac6)
2025-02-28T15:27:50.6553971Z   Downloading requests-2.32.3-py3-none-any.whl.metadata (4.6 kB)
2025-02-28T15:27:50.6978654Z Collecting arrow (from cookiecutter<3.0,>=2.6.0->briefcase==0.3.23.dev12+gb53bbac6)
2025-02-28T15:27:50.7012257Z   Downloading arrow-1.3.0-py3-none-any.whl.metadata (7.5 kB)
2025-02-28T15:27:50.7452331Z Collecting gitdb<5,>=4.0.1 (from GitPython<4.0,>=3.1->briefcase==0.3.23.dev12+gb53bbac6)
2025-02-28T15:27:50.7483283Z   Downloading gitdb-4.0.12-py3-none-any.whl.metadata (1.2 kB)
2025-02-28T15:27:50.7902398Z Collecting anyio (from httpx<1.0,>=0.20->briefcase==0.3.23.dev12+gb53bbac6)
2025-02-28T15:27:50.7932339Z   Downloading anyio-4.8.0-py3-none-any.whl.metadata (4.6 kB)
2025-02-28T15:27:50.8480469Z Collecting certifi (from httpx<1.0,>=0.20->briefcase==0.3.23.dev12+gb53bbac6)
2025-02-28T15:27:50.8510847Z   Downloading certifi-2025.1.31-py3-none-any.whl.metadata (2.5 kB)
2025-02-28T15:27:50.9665862Z Collecting httpcore==1.* (from httpx<1.0,>=0.20->briefcase==0.3.23.dev12+gb53bbac6)
2025-02-28T15:27:50.9698696Z   Downloading httpcore-1.0.7-py3-none-any.whl.metadata (21 kB)
2025-02-28T15:27:51.0085839Z Collecting idna (from httpx<1.0,>=0.20->briefcase==0.3.23.dev12+gb53bbac6)
2025-02-28T15:27:51.0118607Z   Downloading idna-3.10-py3-none-any.whl.metadata (10 kB)
2025-02-28T15:27:51.0481616Z Collecting h11<0.15,>=0.13 (from httpcore==1.*->httpx<1.0,>=0.20->briefcase==0.3.23.dev12+gb53bbac6)
2025-02-28T15:27:51.0514575Z   Downloading h11-0.14.0-py3-none-any.whl.metadata (8.2 kB)
2025-02-28T15:27:51.0961047Z Collecting six>=1.5 (from python-dateutil>=2.9.0.post0->briefcase==0.3.23.dev12+gb53bbac6)
2025-02-28T15:27:51.0993168Z   Downloading six-1.17.0-py2.py3-none-any.whl.metadata (1.7 kB)
2025-02-28T15:27:51.1388643Z Collecting markdown-it-py>=2.2.0 (from rich<14.0,>=12.6->briefcase==0.3.23.dev12+gb53bbac6)
2025-02-28T15:27:51.1419584Z   Downloading markdown_it_py-3.0.0-py3-none-any.whl.metadata (6.9 kB)
2025-02-28T15:27:51.1928593Z Collecting pygments<3.0.0,>=2.13.0 (from rich<14.0,>=12.6->briefcase==0.3.23.dev12+gb53bbac6)
2025-02-28T15:27:51.1961097Z   Downloading pygments-2.19.1-py3-none-any.whl.metadata (2.5 kB)
2025-02-28T15:27:51.2410927Z Collecting chardet>=3.0.2 (from binaryornot>=0.4.4->cookiecutter<3.0,>=2.6.0->briefcase==0.3.23.dev12+gb53bbac6)
2025-02-28T15:27:51.2443000Z   Downloading chardet-5.2.0-py3-none-any.whl.metadata (3.4 kB)
2025-02-28T15:27:51.2832259Z Collecting smmap<6,>=3.0.1 (from gitdb<5,>=4.0.1->GitPython<4.0,>=3.1->briefcase==0.3.23.dev12+gb53bbac6)
2025-02-28T15:27:51.2864976Z   Downloading smmap-5.0.2-py3-none-any.whl.metadata (4.3 kB)
2025-02-28T15:27:51.3550990Z Collecting MarkupSafe>=2.0 (from Jinja2<4.0.0,>=2.7->cookiecutter<3.0,>=2.6.0->briefcase==0.3.23.dev12+gb53bbac6)
2025-02-28T15:27:51.3592466Z   Downloading MarkupSafe-3.0.2-cp312-cp312-win_amd64.whl.metadata (4.1 kB)
2025-02-28T15:27:51.4018209Z Collecting mdurl~=0.1 (from markdown-it-py>=2.2.0->rich<14.0,>=12.6->briefcase==0.3.23.dev12+gb53bbac6)
2025-02-28T15:27:51.4052959Z   Downloading mdurl-0.1.2-py3-none-any.whl.metadata (1.6 kB)
2025-02-28T15:27:51.4450123Z Collecting text-unidecode>=1.3 (from python-slugify>=4.0.0->cookiecutter<3.0,>=2.6.0->briefcase==0.3.23.dev12+gb53bbac6)
2025-02-28T15:27:51.4489024Z   Downloading text_unidecode-1.3-py2.py3-none-any.whl.metadata (2.4 kB)
2025-02-28T15:27:51.5311430Z Collecting charset-normalizer<4,>=2 (from requests>=2.23.0->cookiecutter<3.0,>=2.6.0->briefcase==0.3.23.dev12+gb53bbac6)
2025-02-28T15:27:51.5348015Z   Downloading charset_normalizer-3.4.1-cp312-cp312-win_amd64.whl.metadata (36 kB)
2025-02-28T15:27:51.5903196Z Collecting urllib3<3,>=1.21.1 (from requests>=2.23.0->cookiecutter<3.0,>=2.6.0->briefcase==0.3.23.dev12+gb53bbac6)
2025-02-28T15:27:51.5939336Z   Downloading urllib3-2.3.0-py3-none-any.whl.metadata (6.5 kB)
2025-02-28T15:27:51.6491645Z Collecting sniffio>=1.1 (from anyio->httpx<1.0,>=0.20->briefcase==0.3.23.dev12+gb53bbac6)
2025-02-28T15:27:51.6526614Z   Downloading sniffio-1.3.1-py3-none-any.whl.metadata (3.9 kB)
2025-02-28T15:27:51.6990631Z Collecting typing_extensions>=4.5 (from anyio->httpx<1.0,>=0.20->briefcase==0.3.23.dev12+gb53bbac6)
2025-02-28T15:27:51.7022507Z   Downloading typing_extensions-4.12.2-py3-none-any.whl.metadata (3.0 kB)
2025-02-28T15:27:51.7467779Z Collecting types-python-dateutil>=2.8.10 (from arrow->cookiecutter<3.0,>=2.6.0->briefcase==0.3.23.dev12+gb53bbac6)
2025-02-28T15:27:51.7501969Z   Downloading types_python_dateutil-2.9.0.20241206-py3-none-any.whl.metadata (2.1 kB)
2025-02-28T15:27:51.7856989Z Downloading build-1.2.2.post1-py3-none-any.whl (22 kB)
2025-02-28T15:27:51.8039512Z Downloading cookiecutter-2.6.0-py3-none-any.whl (39 kB)
2025-02-28T15:27:51.8209902Z Downloading GitPython-3.1.44-py3-none-any.whl (207 kB)
2025-02-28T15:27:51.8521397Z Downloading httpx-0.28.1-py3-none-any.whl (73 kB)
2025-02-28T15:27:51.8701040Z Downloading httpcore-1.0.7-py3-none-any.whl (78 kB)
2025-02-28T15:27:51.8857336Z Using cached packaging-24.2-py3-none-any.whl (65 kB)
2025-02-28T15:27:51.8890768Z Downloading platformdirs-4.3.6-py3-none-any.whl (18 kB)
2025-02-28T15:27:51.9052307Z Downloading psutil-7.0.0-cp37-abi3-win_amd64.whl (244 kB)
2025-02-28T15:27:51.9254971Z Downloading python_dateutil-2.9.0.post0-py2.py3-none-any.whl (229 kB)
2025-02-28T15:27:51.9433651Z Downloading rich-13.9.4-py3-none-any.whl (242 kB)
2025-02-28T15:27:51.9651442Z Downloading setuptools-75.8.2-py3-none-any.whl (1.2 MB)
2025-02-28T15:27:51.9900822Z    ---------------------------------------- 0.0/1.2 MB ? eta -:--:--
2025-02-28T15:27:51.9902458Z    ---------------------------------------- 1.2/1.2 MB 64.5 MB/s eta 0:00:00
2025-02-28T15:27:51.9932174Z Downloading tomli_w-1.2.0-py3-none-any.whl (6.7 kB)
2025-02-28T15:27:52.0093398Z Downloading wheel-0.45.1-py3-none-any.whl (72 kB)
2025-02-28T15:27:52.0400613Z Downloading binaryornot-0.4.4-py2.py3-none-any.whl (9.0 kB)
2025-02-28T15:27:52.0563099Z Downloading click-8.1.8-py3-none-any.whl (98 kB)
2025-02-28T15:27:52.0731975Z Downloading gitdb-4.0.12-py3-none-any.whl (62 kB)
2025-02-28T15:27:52.0922031Z Downloading jinja2-3.1.5-py3-none-any.whl (134 kB)
2025-02-28T15:27:52.1085700Z Downloading markdown_it_py-3.0.0-py3-none-any.whl (87 kB)
2025-02-28T15:27:52.1276492Z Downloading pygments-2.19.1-py3-none-any.whl (1.2 MB)
2025-02-28T15:27:52.1518813Z    ---------------------------------------- 0.0/1.2 MB ? eta -:--:--
2025-02-28T15:27:52.1519938Z    ---------------------------------------- 1.2/1.2 MB 31.1 MB/s eta 0:00:00
2025-02-28T15:27:52.1550214Z Downloading python_slugify-8.0.4-py2.py3-none-any.whl (10 kB)
2025-02-28T15:27:52.1795426Z Downloading PyYAML-6.0.2-cp312-cp312-win_amd64.whl (156 kB)
2025-02-28T15:27:52.2021324Z Downloading requests-2.32.3-py3-none-any.whl (64 kB)
2025-02-28T15:27:52.2844444Z Downloading certifi-2025.1.31-py3-none-any.whl (166 kB)
2025-02-28T15:27:52.3127510Z Downloading idna-3.10-py3-none-any.whl (70 kB)
2025-02-28T15:27:52.3290597Z Downloading six-1.17.0-py2.py3-none-any.whl (11 kB)
2025-02-28T15:27:52.3447909Z Downloading anyio-4.8.0-py3-none-any.whl (96 kB)
2025-02-28T15:27:52.3648129Z Downloading arrow-1.3.0-py3-none-any.whl (66 kB)
2025-02-28T15:27:52.3832104Z Downloading colorama-0.4.6-py2.py3-none-any.whl (25 kB)
2025-02-28T15:27:52.4031661Z Downloading pyproject_hooks-1.2.0-py3-none-any.whl (10 kB)
2025-02-28T15:27:52.4199825Z Downloading chardet-5.2.0-py3-none-any.whl (199 kB)
2025-02-28T15:27:52.4372514Z Downloading charset_normalizer-3.4.1-cp312-cp312-win_amd64.whl (102 kB)
2025-02-28T15:27:52.4588544Z Downloading h11-0.14.0-py3-none-any.whl (58 kB)
2025-02-28T15:27:52.4888865Z Downloading MarkupSafe-3.0.2-cp312-cp312-win_amd64.whl (15 kB)
2025-02-28T15:27:52.5073146Z Downloading mdurl-0.1.2-py3-none-any.whl (10.0 kB)
2025-02-28T15:27:52.5239127Z Downloading smmap-5.0.2-py3-none-any.whl (24 kB)
2025-02-28T15:27:52.5404508Z Downloading sniffio-1.3.1-py3-none-any.whl (10 kB)
2025-02-28T15:27:52.5606868Z Downloading text_unidecode-1.3-py2.py3-none-any.whl (78 kB)
2025-02-28T15:27:52.5773453Z Downloading types_python_dateutil-2.9.0.20241206-py3-none-any.whl (14 kB)
2025-02-28T15:27:52.5954221Z Downloading typing_extensions-4.12.2-py3-none-any.whl (37 kB)
2025-02-28T15:27:52.6135342Z Downloading urllib3-2.3.0-py3-none-any.whl (128 kB)
2025-02-28T15:27:52.6976729Z Building wheels for collected packages: briefcase
2025-02-28T15:27:52.7002842Z   Building wheel for briefcase (pyproject.toml): started
2025-02-28T15:27:53.5899205Z   Building wheel for briefcase (pyproject.toml): finished with status 'done'
2025-02-28T15:27:53.5921872Z   Created wheel for briefcase: filename=briefcase-0.3.23.dev12+gb53bbac6-py3-none-any.whl size=242616 sha256=c91368386a0a25cc2e0d047942487e1677f1c65a9c908f26063f2cd1a5947feb
2025-02-28T15:27:53.5924207Z   Stored in directory: C:\Users\runneradmin\AppData\Local\Temp\pip-ephem-wheel-cache-ib10mxti\wheels\c5\04\18\55524f7f66d67aa89c0ad161b560d13d7948240e6934e45f7e
2025-02-28T15:27:53.5963138Z Successfully built briefcase
2025-02-28T15:27:53.6702223Z Installing collected packages: text-unidecode, wheel, urllib3, typing_extensions, types-python-dateutil, tomli_w, sniffio, smmap, six, setuptools, pyyaml, python-slugify, pyproject_hooks, pygments, psutil, platformdirs, packaging, mdurl, MarkupSafe, idna, h11, colorama, charset-normalizer, chardet, certifi, requests, python-dateutil, markdown-it-py, Jinja2, httpcore, gitdb, click, build, binaryornot, anyio, rich, httpx, GitPython, arrow, cookiecutter, briefcase
2025-02-28T15:28:10.1597291Z Successfully installed GitPython-3.1.44 Jinja2-3.1.5 MarkupSafe-3.0.2 anyio-4.8.0 arrow-1.3.0 binaryornot-0.4.4 briefcase-0.3.23.dev12+gb53bbac6 build-1.2.2.post1 certifi-2025.1.31 chardet-5.2.0 charset-normalizer-3.4.1 click-8.1.8 colorama-0.4.6 cookiecutter-2.6.0 gitdb-4.0.12 h11-0.14.0 httpcore-1.0.7 httpx-0.28.1 idna-3.10 markdown-it-py-3.0.0 mdurl-0.1.2 packaging-24.2 platformdirs-4.3.6 psutil-7.0.0 pygments-2.19.1 pyproject_hooks-1.2.0 python-dateutil-2.9.0.post0 python-slugify-8.0.4 pyyaml-6.0.2 requests-2.32.3 rich-13.9.4 setuptools-75.8.2 six-1.17.0 smmap-5.0.2 sniffio-1.3.1 text-unidecode-1.3 tomli_w-1.2.0 types-python-dateutil-2.9.0.20241206 typing_extensions-4.12.2 urllib3-2.3.0 wheel-0.45.1
2025-02-28T15:28:10.7272364Z ##[group]Run actions/download-artifact@v4.1.8
2025-02-28T15:28:10.7272694Z with:
2025-02-28T15:28:10.7272883Z   pattern: Packages-toga-*
2025-02-28T15:28:10.7273109Z   merge-multiple: true
2025-02-28T15:28:10.7273304Z   path: dist
2025-02-28T15:28:10.7273479Z   repository: beeware/toga
2025-02-28T15:28:10.7273678Z   run-id: 13591189051
2025-02-28T15:28:10.7273841Z env:
2025-02-28T15:28:10.7273999Z   min_python_version: 3.9
2025-02-28T15:28:10.7274197Z   max_python_version: 3.12
2025-02-28T15:28:10.7274386Z   FORCE_COLOR: 1
2025-02-28T15:28:10.7274638Z   pythonLocation: C:\hostedtoolcache\windows\Python\3.12.9\x64
2025-02-28T15:28:10.7275035Z   PKG_CONFIG_PATH: C:\hostedtoolcache\windows\Python\3.12.9\x64/lib/pkgconfig
2025-02-28T15:28:10.7275434Z   Python_ROOT_DIR: C:\hostedtoolcache\windows\Python\3.12.9\x64
2025-02-28T15:28:10.7275790Z   Python2_ROOT_DIR: C:\hostedtoolcache\windows\Python\3.12.9\x64
2025-02-28T15:28:10.7276190Z   Python3_ROOT_DIR: C:\hostedtoolcache\windows\Python\3.12.9\x64
2025-02-28T15:28:10.7276478Z ##[endgroup]
2025-02-28T15:28:11.2419054Z Found 56 artifact(s)
2025-02-28T15:28:11.2420150Z Filtering artifacts by pattern 'Packages-toga-*'
2025-02-28T15:28:11.2447474Z Preparing to download the following artifacts:
2025-02-28T15:28:11.2448133Z - Packages-toga-winforms (ID: 2671287482, Size: 912634)
2025-02-28T15:28:11.2448716Z - Packages-toga-dummy (ID: 2671286695, Size: 148605)
2025-02-28T15:28:11.2449967Z - Packages-toga-core (ID: 2671286668, Size: 1154108)
2025-02-28T15:28:11.2450765Z - Packages-toga-iOS (ID: 2671286641, Size: 872393)
2025-02-28T15:28:11.2451283Z - Packages-toga-demo (ID: 2671286618, Size: 1242392)
2025-02-28T15:28:11.2451647Z - Packages-toga-web (ID: 2671286591, Size: 34849)
2025-02-28T15:28:11.2451993Z - Packages-toga-cocoa (ID: 2671286553, Size: 929372)
2025-02-28T15:28:11.2452458Z - Packages-toga-gtk (ID: 2671286494, Size: 142140)
2025-02-28T15:28:11.2453328Z - Packages-toga-travertino (ID: 2671286454, Size: 62313)
2025-02-28T15:28:11.2454016Z - Packages-toga-android (ID: 2671286345, Size: 138242)
2025-02-28T15:28:11.2454571Z - Packages-toga-toga (ID: 2671286304, Size: 7265)
2025-02-28T15:28:11.2455110Z - Packages-toga-textual (ID: 2671286253, Size: 32043)
2025-02-28T15:28:11.3049224Z Redirecting to blob download url: https://productionresultssa15.blob.core.windows.net/actions-results/2833d74d-b108-4855-a138-f9cc692c54c9/workflow-job-run-3124742b-843a-5b41-b426-aef8afedb9f7/artifacts/442c3fefacaa5f4a317396d7241d3673a3eab28c29b7e651a0b97534d592e35d.zip
2025-02-28T15:28:11.3050386Z Starting download of artifact to: D:\a\toga\toga\dist
2025-02-28T15:28:11.3304798Z Redirecting to blob download url: https://productionresultssa15.blob.core.windows.net/actions-results/2833d74d-b108-4855-a138-f9cc692c54c9/workflow-job-run-7815ca6b-1b41-513e-fbe7-8eccb083611a/artifacts/1660c57eb65463a413672e3e25e0e2a0d8c8794547115554b39228f20230f22e.zip
2025-02-28T15:28:11.3306118Z Starting download of artifact to: D:\a\toga\toga\dist
2025-02-28T15:28:11.3328309Z Redirecting to blob download url: https://productionresultssa15.blob.core.windows.net/actions-results/2833d74d-b108-4855-a138-f9cc692c54c9/workflow-job-run-18bbcbc6-8763-5d15-2620-0ac883eea9b0/artifacts/42ca5e4547811af7883a91d6c65b481266e15c0cdc8d243ec9aae2b558253c02.zip
2025-02-28T15:28:11.3329733Z Starting download of artifact to: D:\a\toga\toga\dist
2025-02-28T15:28:11.3342080Z Redirecting to blob download url: https://productionresultssa15.blob.core.windows.net/actions-results/2833d74d-b108-4855-a138-f9cc692c54c9/workflow-job-run-98be74ae-5157-5c81-b7d0-b2ef5821a81e/artifacts/6e0cae3735cba3d010b2e4c6917aa1f2ffe72638fbddcfcf5e7d00e456e64178.zip
2025-02-28T15:28:11.3343225Z Starting download of artifact to: D:\a\toga\toga\dist
2025-02-28T15:28:11.3376292Z Redirecting to blob download url: https://productionresultssa15.blob.core.windows.net/actions-results/2833d74d-b108-4855-a138-f9cc692c54c9/workflow-job-run-866e389a-a1a0-5c67-a00f-72c22223abfe/artifacts/b4bca85baf5c112d5a88797759fe2e27b3de49b97e7268608199152765d6405a.zip
2025-02-28T15:28:11.3377729Z Starting download of artifact to: D:\a\toga\toga\dist
2025-02-28T15:28:11.3388378Z Redirecting to blob download url: https://productionresultssa15.blob.core.windows.net/actions-results/2833d74d-b108-4855-a138-f9cc692c54c9/workflow-job-run-46aa3184-e851-51af-58d5-831072cd673f/artifacts/485660db63ec446c9f562cc6bdf49c64bf27c37a329b95a30a2467812096f020.zip
2025-02-28T15:28:11.3389549Z Starting download of artifact to: D:\a\toga\toga\dist
2025-02-28T15:28:11.3419264Z Redirecting to blob download url: https://productionresultssa15.blob.core.windows.net/actions-results/2833d74d-b108-4855-a138-f9cc692c54c9/workflow-job-run-f1ed5179-285b-5126-8d3b-2df284d1f11c/artifacts/a55c024fa54bd7854415e2c7edfeb2c5046af07e859f8da7b852b08eadc84e2a.zip
2025-02-28T15:28:11.3421457Z Starting download of artifact to: D:\a\toga\toga\dist
2025-02-28T15:28:11.3449245Z Redirecting to blob download url: https://productionresultssa15.blob.core.windows.net/actions-results/2833d74d-b108-4855-a138-f9cc692c54c9/workflow-job-run-137efbf3-bb9f-5901-016f-a9ca027ec083/artifacts/3f2c1a4e1441705d00c0abbd5f3913c6b215c2d9365be6ffa9fcc342e7742def.zip
2025-02-28T15:28:11.3450635Z Starting download of artifact to: D:\a\toga\toga\dist
2025-02-28T15:28:11.3519485Z Redirecting to blob download url: https://productionresultssa15.blob.core.windows.net/actions-results/2833d74d-b108-4855-a138-f9cc692c54c9/workflow-job-run-832e8880-3eb6-5d89-0c04-ef547b46a59e/artifacts/dd722970e727682fe8f4f464e3511dbda02932b6586e5f2f8ac9f8f11f50cdc9.zip
2025-02-28T15:28:11.3521506Z Starting download of artifact to: D:\a\toga\toga\dist
2025-02-28T15:28:11.3689588Z Redirecting to blob download url: https://productionresultssa15.blob.core.windows.net/actions-results/2833d74d-b108-4855-a138-f9cc692c54c9/workflow-job-run-e2a6fa47-47a3-5188-27fb-56f4e71042c8/artifacts/5425332638acb926f3e0f42935440601f1f6cf4c943281c5f8b926bd1948bc25.zip
2025-02-28T15:28:11.3691082Z Starting download of artifact to: D:\a\toga\toga\dist
2025-02-28T15:28:11.3711562Z Redirecting to blob download url: https://productionresultssa15.blob.core.windows.net/actions-results/2833d74d-b108-4855-a138-f9cc692c54c9/workflow-job-run-996a8579-f179-559d-4190-0dfa80ff20d7/artifacts/78e64f25892d1e62a7fba16b04b2d38f38656067df6d708afd5432245debf794.zip
2025-02-28T15:28:11.3712758Z Starting download of artifact to: D:\a\toga\toga\dist
2025-02-28T15:28:11.3920188Z (node:3088) [DEP0005] DeprecationWarning: Buffer() is deprecated due to security and usability issues. Please use the Buffer.alloc(), Buffer.allocUnsafe(), or Buffer.from() methods instead.
2025-02-28T15:28:11.3921811Z (Use `node --trace-deprecation ...` to show where the warning was created)
2025-02-28T15:28:11.3992040Z Redirecting to blob download url: https://productionresultssa15.blob.core.windows.net/actions-results/2833d74d-b108-4855-a138-f9cc692c54c9/workflow-job-run-c851c84b-57ed-5071-9878-2279ccd891b8/artifacts/5eb57499beb40f05e15583bbf1c077df75bc75fa11156590733b79c2f9774e5a.zip
2025-02-28T15:28:11.3993411Z Starting download of artifact to: D:\a\toga\toga\dist
2025-02-28T15:28:11.4338967Z Artifact download completed successfully.
2025-02-28T15:28:11.4369453Z Artifact download completed successfully.
2025-02-28T15:28:11.4463330Z Artifact download completed successfully.
2025-02-28T15:28:11.4699294Z Artifact download completed successfully.
2025-02-28T15:28:11.4730511Z Artifact download completed successfully.
2025-02-28T15:28:11.4756214Z Artifact download completed successfully.
2025-02-28T15:28:11.4815537Z Artifact download completed successfully.
2025-02-28T15:28:11.5371660Z Artifact download completed successfully.
2025-02-28T15:28:11.5400114Z Artifact download completed successfully.
2025-02-28T15:28:11.5440159Z Artifact download completed successfully.
2025-02-28T15:28:11.5468896Z Artifact download completed successfully.
2025-02-28T15:28:11.5490596Z Artifact download completed successfully.
2025-02-28T15:28:11.5491106Z Total of 12 artifact(s) downloaded
2025-02-28T15:28:11.5502055Z Download artifact has finished successfully
2025-02-28T15:28:11.5766061Z ##[group]Run \
2025-02-28T15:28:11.5766314Z [36;1m \[0m
2025-02-28T15:28:11.5766547Z [36;1m  briefcase run windows --log --test  -- --ci[0m
2025-02-28T15:28:11.5778021Z shell: C:\Program Files\Git\bin\bash.EXE --noprofile --norc -e -o pipefail {0}
2025-02-28T15:28:11.5778375Z env:
2025-02-28T15:28:11.5778535Z   min_python_version: 3.9
2025-02-28T15:28:11.5778740Z   max_python_version: 3.12
2025-02-28T15:28:11.5778930Z   FORCE_COLOR: 1
2025-02-28T15:28:11.5779184Z   pythonLocation: C:\hostedtoolcache\windows\Python\3.12.9\x64
2025-02-28T15:28:11.5779922Z   PKG_CONFIG_PATH: C:\hostedtoolcache\windows\Python\3.12.9\x64/lib/pkgconfig
2025-02-28T15:28:11.5780319Z   Python_ROOT_DIR: C:\hostedtoolcache\windows\Python\3.12.9\x64
2025-02-28T15:28:11.5780679Z   Python2_ROOT_DIR: C:\hostedtoolcache\windows\Python\3.12.9\x64
2025-02-28T15:28:11.5781039Z   Python3_ROOT_DIR: C:\hostedtoolcache\windows\Python\3.12.9\x64
2025-02-28T15:28:11.5781346Z ##[endgroup]
2025-02-28T15:28:12.3373834Z 
2025-02-28T15:28:12.3386396Z [rcedit] RCEdit was not found; downloading and installing...
2025-02-28T15:28:12.7136644Z Downloading rcedit-x64.exe...
2025-02-28T15:28:15.3961007Z 
2025-02-28T15:28:15.3973682Z [testbed] Generating application template...
2025-02-28T15:28:15.4562065Z Assigning testbed an application GUID of ff84fa19-9b84-50e7-b673-532e3b57e236
2025-02-28T15:28:15.4577285Z Using app template: https://github.com/beeware/briefcase-windows-app-template.git, branch v0.3.23
2025-02-28T15:28:15.4587101Z Cloning template 'https://github.com/beeware/briefcase-windows-app-template.git'...
2025-02-28T15:28:15.8585367Z Template branch v0.3.23 not found; falling back to development template
2025-02-28T15:28:16.0276673Z Using existing template (sha 7cf714c2995c6d1cfbef9b0b45d0c001c3c4bf95, updated Fri Feb 14 08:15:39 2025)
2025-02-28T15:28:16.2651042Z 
2025-02-28T15:28:16.2660882Z [testbed] Installing support package...
2025-02-28T15:28:16.2672863Z Using support package https://www.python.org/ftp/python/3.12.7/python-3.12.7-embed-amd64.zip
2025-02-28T15:28:16.5074532Z Downloading python-3.12.7-embed-amd64.zip...
2025-02-28T15:28:16.5623904Z Unpacking support package... started
2025-02-28T15:28:16.6690304Z Unpacking support package... done
2025-02-28T15:28:16.6698417Z 
2025-02-28T15:28:16.6706786Z [testbed] Installing stub binary...
2025-02-28T15:28:16.6716577Z Using stub binary https://briefcase-support.s3.amazonaws.com/python/3.12/windows/GUI-Stub-3.12-b7.zip
2025-02-28T15:28:17.1435166Z Downloading GUI-Stub-3.12-b7.zip...
2025-02-28T15:28:17.2244239Z Installing stub binary... started
2025-02-28T15:28:17.2267406Z Installing stub binary... done
2025-02-28T15:28:17.2275384Z 
2025-02-28T15:28:17.2283469Z [testbed] Installing application code...
2025-02-28T15:28:17.2317769Z Installing src/testbed... started
2025-02-28T15:28:17.2491360Z Installing src/testbed... done
2025-02-28T15:28:17.2498966Z Installing tests... started
2025-02-28T15:28:17.2633547Z Installing tests... done
2025-02-28T15:28:17.2641255Z Installing ../winforms/tests_backend... started
2025-02-28T15:28:17.2717591Z Installing ../winforms/tests_backend... done
2025-02-28T15:28:17.2732665Z 
2025-02-28T15:28:17.2741117Z [testbed] Installing requirements...
2025-02-28T15:28:17.2752768Z Installing app requirements... started
2025-02-28T15:28:18.7083349Z Looking in links: d:\a\toga\toga\dist
2025-02-28T15:28:18.7092309Z Processing d:\a\toga\toga\travertino
2025-02-28T15:28:18.7116082Z   Installing build dependencies: started
2025-02-28T15:28:22.0548457Z   Installing build dependencies: finished with status 'done'
2025-02-28T15:28:22.0563394Z   Getting requirements to build wheel: started
2025-02-28T15:28:23.0413476Z   Getting requirements to build wheel: finished with status 'done'
2025-02-28T15:28:23.0439018Z   Preparing metadata (pyproject.toml): started
2025-02-28T15:28:23.8084754Z   Preparing metadata (pyproject.toml): finished with status 'done'
2025-02-28T15:28:23.8123830Z Processing d:\a\toga\toga\core
2025-02-28T15:28:23.8156098Z   Installing build dependencies: started
2025-02-28T15:28:27.4807862Z   Installing build dependencies: finished with status 'done'
2025-02-28T15:28:27.4821325Z   Getting requirements to build wheel: started
2025-02-28T15:28:28.2784910Z   Getting requirements to build wheel: finished with status 'done'
2025-02-28T15:28:28.2809159Z   Preparing metadata (pyproject.toml): started
2025-02-28T15:28:29.0881981Z   Preparing metadata (pyproject.toml): finished with status 'done'
2025-02-28T15:28:29.0928836Z Processing d:\a\toga\toga\winforms
2025-02-28T15:28:29.0957450Z   Installing build dependencies: started
2025-02-28T15:28:33.3866364Z   Installing build dependencies: finished with status 'done'
2025-02-28T15:28:33.3880145Z   Getting requirements to build wheel: started
2025-02-28T15:28:34.1612413Z   Getting requirements to build wheel: finished with status 'done'
2025-02-28T15:28:34.1636317Z   Preparing metadata (pyproject.toml): started
2025-02-28T15:28:34.9416338Z   Preparing metadata (pyproject.toml): finished with status 'done'
2025-02-28T15:28:34.9444093Z Ignoring fonttools: markers 'sys_platform == "linux"' don't match your environment
2025-02-28T15:28:35.2174188Z Collecting coverage==7.6.12
2025-02-28T15:28:35.2339731Z   Downloading coverage-7.6.12-cp312-cp312-win_amd64.whl.metadata (8.7 kB)
2025-02-28T15:28:35.2727089Z Collecting coverage-conditional-plugin==0.9.0
2025-02-28T15:28:35.2861324Z   Downloading coverage_conditional_plugin-0.9.0-py3-none-any.whl.metadata (6.9 kB)
2025-02-28T15:28:35.4272619Z Collecting pillow==11.0.0
2025-02-28T15:28:35.4313112Z   Downloading pillow-11.0.0-cp312-cp312-win_amd64.whl.metadata (9.3 kB)
2025-02-28T15:28:35.4917006Z Collecting pytest==8.3.4
2025-02-28T15:28:35.5683052Z   Downloading pytest-8.3.4-py3-none-any.whl.metadata (7.5 kB)
2025-02-28T15:28:35.6292502Z Collecting pytest-asyncio==0.25.3
2025-02-28T15:28:35.6325643Z   Downloading pytest_asyncio-0.25.3-py3-none-any.whl.metadata (3.9 kB)
2025-02-28T15:28:35.6755538Z Collecting packaging>=20.4 (from coverage-conditional-plugin==0.9.0)
2025-02-28T15:28:35.6771617Z   Using cached packaging-24.2-py3-none-any.whl.metadata (3.2 kB)
2025-02-28T15:28:35.7004210Z Collecting colorama (from pytest==8.3.4)
2025-02-28T15:28:35.7019411Z   Using cached colorama-0.4.6-py2.py3-none-any.whl.metadata (17 kB)
2025-02-28T15:28:35.7356092Z Collecting iniconfig (from pytest==8.3.4)
2025-02-28T15:28:35.7390087Z   Downloading iniconfig-2.0.0-py3-none-any.whl.metadata (2.6 kB)
2025-02-28T15:28:35.7771588Z Collecting pluggy<2,>=1.5 (from pytest==8.3.4)
2025-02-28T15:28:35.7806451Z   Downloading pluggy-1.5.0-py3-none-any.whl.metadata (4.8 kB)
2025-02-28T15:28:35.8314586Z Collecting pythonnet>=3.0.0 (from toga-winforms==0.4.9.dev629+g68266e24a)
2025-02-28T15:28:35.8362532Z   Downloading pythonnet-3.0.5-py3-none-any.whl.metadata (6.6 kB)
2025-02-28T15:28:35.8749040Z Collecting clr_loader<0.3.0,>=0.2.7 (from pythonnet>=3.0.0->toga-winforms==0.4.9.dev629+g68266e24a)
2025-02-28T15:28:35.8803708Z   Downloading clr_loader-0.2.7.post0-py3-none-any.whl.metadata (1.5 kB)
2025-02-28T15:28:35.9879462Z Collecting cffi>=1.17 (from clr_loader<0.3.0,>=0.2.7->pythonnet>=3.0.0->toga-winforms==0.4.9.dev629+g68266e24a)
2025-02-28T15:28:35.9920951Z   Downloading cffi-1.17.1-cp312-cp312-win_amd64.whl.metadata (1.6 kB)
2025-02-28T15:28:36.0281707Z Collecting pycparser (from cffi>=1.17->clr_loader<0.3.0,>=0.2.7->pythonnet>=3.0.0->toga-winforms==0.4.9.dev629+g68266e24a)
2025-02-28T15:28:36.0312135Z   Downloading pycparser-2.22-py3-none-any.whl.metadata (943 bytes)
2025-02-28T15:28:36.0561299Z Downloading coverage-7.6.12-cp312-cp312-win_amd64.whl (212 kB)
2025-02-28T15:28:36.0809290Z Downloading coverage_conditional_plugin-0.9.0-py3-none-any.whl (7.3 kB)
2025-02-28T15:28:36.1004427Z Downloading pillow-11.0.0-cp312-cp312-win_amd64.whl (2.6 MB)
2025-02-28T15:28:36.1391279Z    ---------------------------------------- 0.0/2.6 MB ? eta -:--:--
2025-02-28T15:28:36.1401085Z    ---------------------------------------- 2.6/2.6 MB 74.4 MB/s eta 0:00:00
2025-02-28T15:28:36.1425821Z Downloading pytest-8.3.4-py3-none-any.whl (343 kB)
2025-02-28T15:28:36.1623667Z Downloading pytest_asyncio-0.25.3-py3-none-any.whl (19 kB)
2025-02-28T15:28:36.1784477Z Using cached packaging-24.2-py3-none-any.whl (65 kB)
2025-02-28T15:28:36.1817323Z Downloading pluggy-1.5.0-py3-none-any.whl (20 kB)
2025-02-28T15:28:36.2096126Z Downloading pythonnet-3.0.5-py3-none-any.whl (297 kB)
2025-02-28T15:28:36.2437648Z Using cached colorama-0.4.6-py2.py3-none-any.whl (25 kB)
2025-02-28T15:28:36.2471869Z Downloading iniconfig-2.0.0-py3-none-any.whl (5.9 kB)
2025-02-28T15:28:36.2707764Z Downloading clr_loader-0.2.7.post0-py3-none-any.whl (50 kB)
2025-02-28T15:28:36.3123488Z Downloading cffi-1.17.1-cp312-cp312-win_amd64.whl (181 kB)
2025-02-28T15:28:36.3462296Z Downloading pycparser-2.22-py3-none-any.whl (117 kB)
2025-02-28T15:28:36.4050876Z Building wheels for collected packages: travertino, toga-core, toga-winforms
2025-02-28T15:28:36.4236915Z   Building wheel for travertino (pyproject.toml): started
2025-02-28T15:28:37.2356622Z   Building wheel for travertino (pyproject.toml): finished with status 'done'
2025-02-28T15:28:37.2379018Z   Created wheel for travertino: filename=travertino-0.4.9.dev629+g68266e24a-py3-none-any.whl size=23062 sha256=34920fe68009574252daf91bb812cb9c2dd3ab59b8e643bb1a74f030d8a97721
2025-02-28T15:28:37.2388522Z   Stored in directory: C:\Users\runneradmin\AppData\Local\Temp\pip-ephem-wheel-cache-pzzvyodp\wheels\cc\7b\99\9cf672884cc446be231eabf51d1f4fab37986cf5c78e4fbfce
2025-02-28T15:28:37.2512558Z   Building wheel for toga-core (pyproject.toml): started
2025-02-28T15:28:38.1680759Z   Building wheel for toga-core (pyproject.toml): finished with status 'done'
2025-02-28T15:28:38.1701961Z   Created wheel for toga-core: filename=toga_core-0.4.9.dev629+g68266e24a-py3-none-any.whl size=144186 sha256=b95f147ffe633507821c1d199315dd81dff9564eeddf6c7809ae12db58effaee
2025-02-28T15:28:38.1710822Z   Stored in directory: C:\Users\runneradmin\AppData\Local\Temp\pip-ephem-wheel-cache-pzzvyodp\wheels\45\92\e2\68affe3358429e9c262c1291fd97a4c6e691dab3ee0617898a
2025-02-28T15:28:38.1837283Z   Building wheel for toga-winforms (pyproject.toml): started
2025-02-28T15:28:39.1282125Z   Building wheel for toga-winforms (pyproject.toml): finished with status 'done'
2025-02-28T15:28:39.1305352Z   Created wheel for toga-winforms: filename=toga_winforms-0.4.9.dev629+g68266e24a-py3-none-any.whl size=461418 sha256=93763ff8a88351d0dd41381bfa2b80b5745f3c1f1e9ae2e8c0d34bc0ca118981
2025-02-28T15:28:39.1314697Z   Stored in directory: C:\Users\runneradmin\AppData\Local\Temp\pip-ephem-wheel-cache-pzzvyodp\wheels\5b\4b\28\e63644022e5fbf87e073b5a887aa8ace0d06dd061561f2345e
2025-02-28T15:28:39.1339048Z Successfully built travertino toga-core toga-winforms
2025-02-28T15:28:39.2043719Z Installing collected packages: travertino, pycparser, pluggy, pillow, packaging, iniconfig, coverage, colorama, toga-core, pytest, coverage-conditional-plugin, cffi, pytest-asyncio, clr_loader, pythonnet, toga-winforms
2025-02-28T15:28:43.8153479Z Successfully installed cffi-1.17.1 clr_loader-0.2.7.post0 colorama-0.4.6 coverage-7.6.12 coverage-conditional-plugin-0.9.0 iniconfig-2.0.0 packaging-24.2 pillow-11.0.0 pluggy-1.5.0 pycparser-2.22 pytest-8.3.4 pytest-asyncio-0.25.3 pythonnet-3.0.5 toga-core-0.4.9.dev629+g68266e24a toga-winforms-0.4.9.dev629+g68266e24a travertino-0.4.9.dev629+g68266e24a
2025-02-28T15:28:44.8589979Z Installing app requirements... done
2025-02-28T15:28:44.8597267Z 
2025-02-28T15:28:44.8605489Z [testbed] Installing application resources...
2025-02-28T15:28:44.8615125Z Installing icons/testbed.ico as application icon... started
2025-02-28T15:28:44.8630581Z Installing icons/testbed.ico as application icon... done
2025-02-28T15:28:44.8638175Z 
2025-02-28T15:28:44.8646237Z [testbed] Removing unneeded app content...
2025-02-28T15:28:44.8654960Z Removing unneeded app bundle content... started
2025-02-28T15:28:44.9391745Z Removing unneeded app bundle content... done
2025-02-28T15:28:44.9399730Z 
2025-02-28T15:28:44.9408114Z [testbed] Created build\testbed\windows\app
2025-02-28T15:28:44.9418721Z 
2025-02-28T15:28:44.9426942Z [testbed] Building App...
2025-02-28T15:28:44.9436350Z Renaming stub binary... started
2025-02-28T15:28:44.9446383Z Renaming stub binary... done
2025-02-28T15:28:44.9453719Z Removing any digital signatures from stub app... started
2025-02-28T15:28:44.9717108Z Removing any digital signatures from stub app... done
2025-02-28T15:28:44.9724106Z Setting stub app details... started
2025-02-28T15:28:45.0816655Z Setting stub app details... done
2025-02-28T15:28:45.0825011Z 
2025-02-28T15:28:45.0833896Z [testbed] Built build\testbed\windows\app\src\Toga Testbed.exe (test mode)
2025-02-28T15:28:45.0844194Z 
2025-02-28T15:28:45.0852779Z [testbed] Starting test_suite...
2025-02-28T15:28:45.0935268Z ===========================================================================
2025-02-28T15:28:48.6535815Z Waiting for app to be ready for testing... --ci: Don't know how to open documents with extension
2025-02-28T15:28:48.7575474Z ready.
2025-02-28T15:28:48.9993353Z ============================= test session starts =============================
2025-02-28T15:28:52.0265102Z collecting ... collected 583 items / 3 skipped
2025-02-28T15:28:52.0291604Z 
2025-02-28T15:28:52.6207765Z tests\app\test_app.py::test_main_window_toolbar PASSED                   [  0%]
2025-02-28T15:28:52.8613815Z tests\app\test_app.py::test_system_menus PASSED                          [  0%]
2025-02-28T15:28:53.6471429Z tests\app\test_app.py::test_menu_about PASSED                            [  0%]
2025-02-28T15:28:53.8820745Z tests\app\test_app.py::test_menu_visit_homepage PASSED                   [  0%]
2025-02-28T15:28:54.1491084Z tests\app\test_app.py::test_menu_items PASSED                            [  0%]
2025-02-28T15:28:54.3843278Z tests\app\test_app.py::test_beep PASSED                                  [  1%]
2025-02-28T15:28:54.6196577Z tests\app\test_app.py::test_screens PASSED                               [  1%]
2025-02-28T15:28:55.0120319Z tests\app\test_app.py::test_app_icon PASSED                              [  1%]
2025-02-28T15:28:55.2484219Z tests\app\test_app.py::test_dark_mode_state_read PASSED                  [  1%]
2025-02-28T15:28:55.5622762Z tests\app\test_desktop.py::test_exit_on_close_main_window PASSED         [  1%]
2025-02-28T15:28:55.8287307Z tests\app\test_desktop.py::test_menu_exit PASSED                         [  1%]
2025-02-28T15:28:56.1161649Z tests\app\test_desktop.py::test_menu_close_windows XFAIL (This platform
2025-02-28T15:28:56.1740657Z doesn't have a window management menu)                                   [  2%]
2025-02-28T15:28:56.4603515Z tests\app\test_desktop.py::test_menu_minimize XFAIL (This platform
2025-02-28T15:28:56.5192643Z doesn't have a window management menu)                                   [  2%]
2025-02-28T15:28:56.9145494Z tests\app\test_desktop.py::test_app_level_menu_hide XFAIL (This platform
2025-02-28T15:28:56.9750027Z doesn't present a app level hide option in menu.)                        [  2%]
2025-02-28T15:28:57.3830554Z tests\app\test_desktop.py::test_presentation_mode PASSED                 [  2%]
2025-02-28T15:28:57.8233676Z tests\app\test_desktop.py::test_window_presentation_exit_on_another_window_presentation PASSED [  2%]
2025-02-28T15:28:58.2937384Z tests\app\test_desktop.py::test_presentation_mode_exit_on_window_state_change[WindowState.MINIMIZED] PASSED [  2%]
2025-02-28T15:28:58.7646578Z tests\app\test_desktop.py::test_presentation_mode_exit_on_window_state_change[WindowState.MAXIMIZED] PASSED [  3%]
2025-02-28T15:28:59.2983954Z tests\app\test_desktop.py::test_presentation_mode_exit_on_window_state_change[WindowState.FULLSCREEN] PASSED [  3%]
2025-02-28T15:29:00.1953236Z tests\app\test_desktop.py::test_show_hide_cursor PASSED                  [  3%]
2025-02-28T15:29:00.8872729Z tests\app\test_desktop.py::test_current_window PASSED                    [  3%]
2025-02-28T15:29:01.1702190Z tests\app\test_desktop.py::test_system_dpi_change[1.0-SystemEvents.DisplaySettingsChanged] SKIPPED [  3%]
2025-02-28T15:29:01.4048747Z tests\app\test_desktop.py::test_system_dpi_change[1.0-Form.LocationChanged] SKIPPED [  3%]
2025-02-28T15:29:01.6403901Z tests\app\test_desktop.py::test_system_dpi_change[1.0-Form.Resize] SKIPPED [  4%]
2025-02-28T15:29:02.0490809Z tests\app\test_desktop.py::test_system_dpi_change[1.25-SystemEvents.DisplaySettingsChanged] PASSED [  4%]
2025-02-28T15:29:02.3943945Z tests\app\test_desktop.py::test_system_dpi_change[1.25-Form.LocationChanged] PASSED [  4%]
2025-02-28T15:29:02.7397225Z tests\app\test_desktop.py::test_system_dpi_change[1.25-Form.Resize] PASSED [  4%]
2025-02-28T15:29:03.1162342Z tests\app\test_desktop.py::test_system_dpi_change[1.5-SystemEvents.DisplaySettingsChanged] PASSED [  4%]
2025-02-28T15:29:03.5242652Z tests\app\test_desktop.py::test_system_dpi_change[1.5-Form.LocationChanged] PASSED [  4%]
2025-02-28T15:29:03.8856976Z tests\app\test_desktop.py::test_system_dpi_change[1.5-Form.Resize] PASSED [  5%]
2025-02-28T15:29:04.2465436Z tests\app\test_desktop.py::test_system_dpi_change[1.75-SystemEvents.DisplaySettingsChanged] PASSED [  5%]
2025-02-28T15:29:04.5920967Z tests\app\test_desktop.py::test_system_dpi_change[1.75-Form.LocationChanged] PASSED [  5%]
2025-02-28T15:29:04.9371064Z tests\app\test_desktop.py::test_system_dpi_change[1.75-Form.Resize] PASSED [  5%]
2025-02-28T15:29:05.2986912Z tests\app\test_desktop.py::test_system_dpi_change[2.0-SystemEvents.DisplaySettingsChanged] PASSED [  5%]
2025-02-28T15:29:05.6444869Z tests\app\test_desktop.py::test_system_dpi_change[2.0-Form.LocationChanged] PASSED [  6%]
2025-02-28T15:29:06.0057922Z tests\app\test_desktop.py::test_system_dpi_change[2.0-Form.Resize] PASSED [  6%]
2025-02-28T15:29:06.3192246Z tests\app\test_desktop.py::test_session_based_app PASSED                 [  6%]
2025-02-28T15:29:06.6648439Z tests\app\test_desktop.py::test_background_app PASSED                    [  6%]
2025-02-28T15:29:07.0105171Z tests\app\test_dialogs.py::test_info_dialog PASSED                       [  6%]
2025-02-28T15:29:07.3657348Z tests\app\test_dialogs.py::test_question_dialog[False] PASSED            [  6%]
2025-02-28T15:29:07.7324384Z tests\app\test_dialogs.py::test_question_dialog[True] PASSED             [  7%]
2025-02-28T15:29:08.1256201Z tests\app\test_dialogs.py::test_confirm_dialog[False] PASSED             [  7%]
2025-02-28T15:29:08.4689938Z tests\app\test_dialogs.py::test_confirm_dialog[True] PASSED              [  7%]
2025-02-28T15:29:08.8792252Z tests\app\test_dialogs.py::test_error_dialog PASSED                      [  7%]
2025-02-28T15:29:10.0730904Z tests\app\test_dialogs.py::test_stack_trace_dialog[None] PASSED          [  7%]
2025-02-28T15:29:10.4496631Z tests\app\test_dialogs.py::test_stack_trace_dialog[False] PASSED         [  7%]
2025-02-28T15:29:10.8266096Z tests\app\test_dialogs.py::test_stack_trace_dialog[True] PASSED          [  8%]
2025-02-28T15:29:14.6584046Z tests\app\test_dialogs.py::test_save_file_dialog[/path/to/file.txt-None-result0] PASSED [  8%]
2025-02-28T15:29:15.1460525Z tests\app\test_dialogs.py::test_save_file_dialog[/path/to/file.txt-None-None] PASSED [  8%]
2025-02-28T15:29:15.5542967Z tests\app\test_dialogs.py::test_save_file_dialog[/path/to/file.txt-file_types2-result2] PASSED [  8%]
2025-02-28T15:29:15.9622739Z tests\app\test_dialogs.py::test_save_file_dialog[/path/to/file.txt-file_types3-None] PASSED [  8%]
2025-02-28T15:29:16.8880837Z tests\app\test_dialogs.py::test_open_file_dialog[initial_directory0-None-False-result0] PASSED [  8%]
2025-02-28T15:29:17.2945402Z tests\app\test_dialogs.py::test_open_file_dialog[initial_directory1-None-False-None] PASSED [  9%]
2025-02-28T15:29:17.7051128Z tests\app\test_dialogs.py::test_open_file_dialog[None-None-False-result2] PASSED [  9%]
2025-02-28T15:29:18.1128648Z tests\app\test_dialogs.py::test_open_file_dialog[initial_directory3-file_types3-False-result3] PASSED [  9%]
2025-02-28T15:29:18.7405237Z tests\app\test_dialogs.py::test_open_file_dialog[initial_directory4-None-True-result4] PASSED [  9%]
2025-02-28T15:29:19.1797158Z tests\app\test_dialogs.py::test_open_file_dialog[initial_directory5-None-True-result5] PASSED [  9%]
2025-02-28T15:29:19.6023498Z tests\app\test_dialogs.py::test_open_file_dialog[initial_directory6-None-True-None] PASSED [  9%]
2025-02-28T15:29:20.0437461Z tests\app\test_dialogs.py::test_open_file_dialog[None-None-True-result7] PASSED [ 10%]
2025-02-28T15:29:20.4681711Z tests\app\test_dialogs.py::test_open_file_dialog[initial_directory8-file_types8-True-result8] PASSED [ 10%]
2025-02-28T15:29:21.7398952Z tests\app\test_dialogs.py::test_select_folder_dialog[initial_directory0-False-result0] PASSED [ 10%]
2025-02-28T15:29:22.1006338Z tests\app\test_dialogs.py::test_select_folder_dialog[initial_directory1-False-None] PASSED [ 10%]
2025-02-28T15:29:22.5088809Z tests\app\test_dialogs.py::test_select_folder_dialog[None-False-result2] PASSED [ 10%]
2025-02-28T15:29:22.8883199Z tests\app\test_dialogs.py::test_select_folder_dialog[initial_directory3-True-result3] PASSED [ 10%]
2025-02-28T15:29:23.2789931Z tests\app\test_dialogs.py::test_select_folder_dialog[initial_directory4-True-result4] PASSED [ 11%]
2025-02-28T15:29:23.6561361Z tests\app\test_dialogs.py::test_select_folder_dialog[initial_directory5-True-None] PASSED [ 11%]
2025-02-28T15:29:23.9376640Z tests\app\test_document_app.py::test_new_document PASSED                 [ 11%]
2025-02-28T15:29:24.3141905Z tests\app\test_document_app.py::test_open_document PASSED                [ 11%]
2025-02-28T15:29:24.6125174Z tests\app\test_document_app.py::test_open_missing_document PASSED        [ 11%]
2025-02-28T15:29:24.8950860Z tests\app\test_document_app.py::test_open_bad_document PASSED            [ 12%]
2025-02-28T15:29:25.1468990Z tests\app\test_document_app.py::test_open_initial_document XFAIL         [ 12%]
2025-02-28T15:29:25.3819540Z tests\app\test_document_app.py::test_open_document_by_drag XFAIL         [ 12%]
2025-02-28T15:29:25.7743054Z tests\app\test_document_app.py::test_save_document PASSED                [ 12%]
2025-02-28T15:29:26.1826623Z tests\app\test_document_app.py::test_save_as_document PASSED             [ 12%]
2025-02-28T15:29:26.5751792Z tests\app\test_document_app.py::test_save_all_documents PASSED           [ 12%]
2025-02-28T15:29:26.8257594Z tests\app\test_screens.py::test_name PASSED                              [ 13%]
2025-02-28T15:29:27.0610597Z tests\app\test_screens.py::test_origin PASSED                            [ 13%]
2025-02-28T15:29:27.2960098Z tests\app\test_screens.py::test_size PASSED                              [ 13%]
2025-02-28T15:29:27.9241454Z tests\app\test_screens.py::test_as_image PASSED                          [ 13%]
2025-02-28T15:29:28.1599810Z tests\test_command.py::test_unknown_system_command PASSED                [ 13%]
2025-02-28T15:29:28.5524825Z tests\test_fonts.py::test_use_system_font_fallback PASSED                [ 13%]
2025-02-28T15:29:35.6279946Z tests\test_fonts.py::test_font_options PASSED                            [ 14%]
2025-02-28T15:29:36.0677342Z tests\test_fonts.py::test_font_file_loaded[Font Awesome 5 Free Solid-resources/fonts/Font Awesome 5 Free-Solid-900.otf-font_kwargs0-False] PASSED [ 14%]
2025-02-28T15:29:36.5227271Z tests\test_fonts.py::test_font_file_loaded[Endor-resources/fonts/ENDOR___.ttf-font_kwargs1-False] PASSED [ 14%]
2025-02-28T15:29:36.9308577Z tests\test_fonts.py::test_font_file_loaded[Endor-resources/fonts/ENDOR___.ttf-font_kwargs2-True] PASSED [ 14%]
2025-02-28T15:29:37.3705316Z tests\test_fonts.py::test_font_file_loaded[Roboto-resources/fonts/Roboto-Bold.ttf-font_kwargs3-False] PASSED [ 14%]
2025-02-28T15:29:37.7943063Z tests\test_fonts.py::test_font_file_loaded[Roboto-resources/fonts/Roboto-Italic.ttf-font_kwargs4-False] PASSED [ 14%]
2025-02-28T15:29:38.2024731Z tests\test_fonts.py::test_font_file_loaded[Roboto-resources/fonts/Roboto-BoldItalic.ttf-font_kwargs5-False] PASSED [ 15%]
2025-02-28T15:29:38.4850710Z tests\test_fonts.py::test_non_existent_font_file PASSED                  [ 15%]
2025-02-28T15:29:38.8780728Z tests\test_fonts.py::test_corrupted_font_file PASSED                     [ 15%]
2025-02-28T15:29:39.1281886Z tests\test_icons.py::test_icon PASSED                                    [ 15%]
2025-02-28T15:29:39.3638534Z tests\test_icons.py::test_app_icon PASSED                                [ 15%]
2025-02-28T15:29:39.5991496Z tests\test_icons.py::test_system_icon PASSED                             [ 15%]
2025-02-28T15:29:39.8345324Z tests\test_icons.py::test_platform_icon PASSED                           [ 16%]
2025-02-28T15:29:40.0709566Z tests\test_icons.py::test_bad_icon_file PASSED                           [ 16%]
2025-02-28T15:29:40.3053226Z tests\test_images.py::test_local_image PASSED                            [ 16%]
2025-02-28T15:29:40.5412852Z tests\test_images.py::test_raw_image PASSED                              [ 16%]
2025-02-28T15:29:40.7778936Z tests\test_images.py::test_bad_image_file PASSED                         [ 16%]
2025-02-28T15:29:41.0293503Z tests\test_images.py::test_buffer_image PASSED                           [ 16%]
2025-02-28T15:29:41.2631759Z tests\test_images.py::test_pil_raw_and_data_image PASSED                 [ 17%]
2025-02-28T15:29:41.5006818Z tests\test_images.py::test_bad_image_data PASSED                         [ 17%]
2025-02-28T15:29:42.2129818Z tests\test_images.py::test_save PASSED                                   [ 17%]
2025-02-28T15:29:42.4010382Z tests\test_keys.py::test_key_combinations[a-key_data0] PASSED            [ 17%]
2025-02-28T15:29:42.5895002Z tests\test_keys.py::test_key_combinations[A-key_data1] PASSED            [ 17%]
2025-02-28T15:29:42.7780713Z tests\test_keys.py::test_key_combinations[<mod 1>a-key_data2] PASSED     [ 18%]
2025-02-28T15:29:42.9664155Z tests\test_keys.py::test_key_combinations[<mod 2>a-key_data3] PASSED     [ 18%]
2025-02-28T15:29:43.1552384Z tests\test_keys.py::test_key_combinations[<mod 3>a-key_data4] PASSED     [ 18%]
2025-02-28T15:29:43.3432640Z tests\test_keys.py::test_key_combinations[<mod 1><mod 2>a-key_data5] PASSED [ 18%]
2025-02-28T15:29:43.5315320Z tests\test_keys.py::test_key_combinations[<mod 2><mod 1>a-key_data6] PASSED [ 18%]
2025-02-28T15:29:43.7200671Z tests\test_keys.py::test_key_combinations[<mod 1><mod 2><mod 3>A-key_data7] PASSED [ 18%]
2025-02-28T15:29:43.9084311Z tests\test_keys.py::test_key_combinations[1-key_data8] PASSED            [ 19%]
2025-02-28T15:29:44.0964976Z tests\test_keys.py::test_key_combinations[!-key_data9] PASSED            [ 19%]
2025-02-28T15:29:44.2848679Z tests\test_keys.py::test_key_combinations[Key.F5-key_data10] PASSED      [ 19%]
2025-02-28T15:29:44.4724103Z tests\test_keys.py::test_key_combinations[Key.HOME-key_data11] PASSED    [ 19%]
2025-02-28T15:29:44.6775464Z tests\test_keys.py::test_key_combinations[<home><mod 1>-key_data12] PASSED [ 19%]
2025-02-28T15:29:44.8656928Z tests\test_keys.py::test_key_combinations[numpad:5<mod 1>-key_data13] PASSED [ 19%]
2025-02-28T15:29:45.0543624Z tests\test_keys.py::test_key_combinations[<mod 1>;-key_data14] PASSED    [ 20%]
2025-02-28T15:29:45.2428712Z tests\test_keys.py::test_key_combinations[<mod 1> -key_data15] PASSED    [ 20%]
2025-02-28T15:29:45.4310418Z tests\test_keys.py::test_key_combinations[<mod 1>'-key_data16] PASSED    [ 20%]
2025-02-28T15:29:45.6197918Z tests\test_keys.py::test_key_combinations[<mod 1>|-key_data17] PASSED    [ 20%]
2025-02-28T15:29:45.8554850Z tests\test_paths.py::test_app_paths[config] PASSED                       [ 20%]
2025-02-28T15:29:46.0916535Z tests\test_paths.py::test_app_paths[data] PASSED                         [ 20%]
2025-02-28T15:29:46.3267705Z tests\test_paths.py::test_app_paths[cache] PASSED                        [ 21%]
2025-02-28T15:29:46.5625603Z tests\test_paths.py::test_app_paths[logs] PASSED                         [ 21%]
2025-02-28T15:29:46.9078180Z tests\test_statusicons.py::test_add_remove PASSED                        [ 21%]
2025-02-28T15:29:47.1438360Z tests\test_statusicons.py::test_unknown_status_icon PASSED               [ 21%]
2025-02-28T15:29:47.3965220Z tests\test_statusicons.py::test_activate_button_icon PASSED              [ 21%]
2025-02-28T15:29:47.6636655Z tests\test_statusicons.py::test_activate_status_menu_item PASSED         [ 21%]
2025-02-28T15:29:47.8991299Z tests\widgets\test_activityindicator.py::test_enable_noop <- build\testbed\windows\app\src\app\tests\widgets\properties.py SKIPPED [ 22%]
2025-02-28T15:29:48.1506113Z tests\widgets\test_activityindicator.py::test_focus_noop <- build\testbed\windows\app\src\app\tests\widgets\properties.py SKIPPED [ 22%]
2025-02-28T15:29:48.3863800Z tests\widgets\test_activityindicator.py::test_cleanup <- build\testbed\windows\app\src\app\tests\widgets\conftest.py SKIPPED [ 22%]
2025-02-28T15:29:48.5583075Z tests\widgets\test_activityindicator.py::test_start_stop SKIPPED (not
2025-02-28T15:29:48.6213688Z yet implemented on windows)                                              [ 22%]
2025-02-28T15:29:48.8570547Z tests\widgets\test_activityindicator.py::test_fixed_square_widget_size SKIPPED [ 22%]
2025-02-28T15:29:49.3745268Z tests\widgets\test_base.py::test_visibility PASSED                       [ 22%]
2025-02-28T15:29:49.8609381Z tests\widgets\test_base.py::test_parenting PASSED                        [ 23%]
2025-02-28T15:29:50.4109160Z tests\widgets\test_base.py::test_tab_index PASSED                        [ 23%]
2025-02-28T15:29:50.9611471Z tests\widgets\test_box.py::test_background_color <- build\testbed\windows\app\src\app\tests\widgets\properties.py PASSED [ 23%]
2025-02-28T15:29:51.4011612Z tests\widgets\test_box.py::test_background_color_reset <- build\testbed\windows\app\src\app\tests\widgets\properties.py PASSED [ 23%]
2025-02-28T15:29:51.8255303Z tests\widgets\test_box.py::test_background_color_transparent <- build\testbed\windows\app\src\app\tests\widgets\properties.py PASSED [ 23%]
2025-02-28T15:29:52.2333821Z tests\widgets\test_box.py::test_enable_noop <- build\testbed\windows\app\src\app\tests\widgets\properties.py PASSED [ 24%]
2025-02-28T15:29:52.7038385Z tests\widgets\test_box.py::test_flex_widget_size <- build\testbed\windows\app\src\app\tests\widgets\properties.py PASSED [ 24%]
2025-02-28T15:29:53.2223444Z tests\widgets\test_box.py::test_focus_noop <- build\testbed\windows\app\src\app\tests\widgets\properties.py PASSED [ 24%]
2025-02-28T15:29:53.4733052Z tests\widgets\test_box.py::test_cleanup <- build\testbed\windows\app\src\app\tests\widgets\conftest.py PASSED [ 24%]
2025-02-28T15:29:54.0231315Z tests\widgets\test_button.py::test_background_color <- build\testbed\windows\app\src\app\tests\widgets\properties.py PASSED [ 24%]
2025-02-28T15:29:54.4467730Z tests\widgets\test_button.py::test_background_color_reset <- build\testbed\windows\app\src\app\tests\widgets\properties.py PASSED [ 24%]
2025-02-28T15:29:54.9966515Z tests\widgets\test_button.py::test_color <- build\testbed\windows\app\src\app\tests\widgets\properties.py PASSED [ 25%]
2025-02-28T15:29:55.4204525Z tests\widgets\test_button.py::test_color_reset <- build\testbed\windows\app\src\app\tests\widgets\properties.py PASSED [ 25%]
2025-02-28T15:29:55.8447769Z tests\widgets\test_button.py::test_enabled <- build\testbed\windows\app\src\app\tests\widgets\properties.py PASSED [ 25%]
2025-02-28T15:29:56.2840280Z tests\widgets\test_button.py::test_flex_horizontal_widget_size <- build\testbed\windows\app\src\app\tests\widgets\properties.py PASSED [ 25%]
2025-02-28T15:29:56.7392636Z tests\widgets\test_button.py::test_font <- build\testbed\windows\app\src\app\tests\widgets\properties.py PASSED [ 25%]
2025-02-28T15:29:57.2570787Z tests\widgets\test_button.py::test_font_attrs <- build\testbed\windows\app\src\app\tests\widgets\properties.py PASSED [ 25%]
2025-02-28T15:29:57.6668237Z tests\widgets\test_button.py::test_text_width_change <- build\testbed\windows\app\src\app\tests\widgets\properties.py PASSED [ 26%]
2025-02-28T15:29:58.2308697Z tests\widgets\test_button.py::test_focus <- build\testbed\windows\app\src\app\tests\widgets\properties.py PASSED [ 26%]
2025-02-28T15:29:58.4818789Z tests\widgets\test_button.py::test_cleanup <- build\testbed\windows\app\src\app\tests\widgets\conftest.py PASSED [ 26%]
2025-02-28T15:29:59.9898015Z tests\widgets\test_button.py::test_text PASSED                           [ 26%]
2025-02-28T15:30:00.4139129Z tests\widgets\test_button.py::test_icon PASSED                           [ 26%]
2025-02-28T15:30:00.8211242Z tests\widgets\test_button.py::test_press PASSED                          [ 26%]
2025-02-28T15:30:01.2312621Z tests\widgets\test_button.py::test_background_color_transparent PASSED   [ 27%]
2025-02-28T15:30:01.7798857Z tests\widgets\test_canvas.py::test_background_color <- build\testbed\windows\app\src\app\tests\widgets\properties.py PASSED [ 27%]
2025-02-28T15:30:02.2043177Z tests\widgets\test_canvas.py::test_background_color_reset <- build\testbed\windows\app\src\app\tests\widgets\properties.py PASSED [ 27%]
2025-02-28T15:30:02.6291605Z tests\widgets\test_canvas.py::test_background_color_transparent <- build\testbed\windows\app\src\app\tests\widgets\properties.py PASSED [ 27%]
2025-02-28T15:30:03.0531022Z tests\widgets\test_canvas.py::test_enable_noop <- build\testbed\windows\app\src\app\tests\widgets\properties.py PASSED [ 27%]
2025-02-28T15:30:03.5241016Z tests\widgets\test_canvas.py::test_flex_widget_size <- build\testbed\windows\app\src\app\tests\widgets\properties.py PASSED [ 27%]
2025-02-28T15:30:04.0427515Z tests\widgets\test_canvas.py::test_focus_noop <- build\testbed\windows\app\src\app\tests\widgets\properties.py PASSED [ 28%]
2025-02-28T15:30:04.2933942Z tests\widgets\test_canvas.py::test_cleanup <- build\testbed\windows\app\src\app\tests\widgets\conftest.py PASSED [ 28%]
2025-02-28T15:30:04.7494271Z tests\widgets\test_canvas.py::test_resize PASSED                         [ 28%]
2025-02-28T15:30:05.2038428Z tests\widgets\test_canvas.py::test_press PASSED                          [ 28%]
2025-02-28T15:30:05.6599948Z tests\widgets\test_canvas.py::test_activate PASSED                       [ 28%]
2025-02-28T15:30:06.1144151Z tests\widgets\test_canvas.py::test_drag PASSED                           [ 28%]
2025-02-28T15:30:06.5698758Z tests\widgets\test_canvas.py::test_alt_press PASSED                      [ 29%]
2025-02-28T15:30:07.0251867Z tests\widgets\test_canvas.py::test_alt_drag PASSED                       [ 29%]
2025-02-28T15:30:07.5122040Z tests\widgets\test_canvas.py::test_image_data PASSED                     [ 29%]
2025-02-28T15:30:08.2193242Z tests\widgets\test_canvas.py::test_transparency PASSED                   [ 29%]
2025-02-28T15:30:08.9096212Z tests\widgets\test_canvas.py::test_paths PASSED                          [ 29%]
2025-02-28T15:30:09.6002275Z tests\widgets\test_canvas.py::test_bezier_curve PASSED                   [ 30%]
2025-02-28T15:30:10.3055836Z tests\widgets\test_canvas.py::test_quadratic_curve PASSED                [ 30%]
2025-02-28T15:30:11.0281436Z tests\widgets\test_canvas.py::test_arc PASSED                            [ 30%]
2025-02-28T15:30:11.7190978Z tests\widgets\test_canvas.py::test_ellipse PASSED                        [ 30%]
2025-02-28T15:30:12.4252164Z tests\widgets\test_canvas.py::test_ellipse_path PASSED                   [ 30%]
2025-02-28T15:30:13.1159251Z tests\widgets\test_canvas.py::test_rect PASSED                           [ 30%]
2025-02-28T15:30:13.8216878Z tests\widgets\test_canvas.py::test_fill PASSED                           [ 31%]
2025-02-28T15:30:14.5432176Z tests\widgets\test_canvas.py::test_stroke PASSED                         [ 31%]
2025-02-28T15:30:15.2495283Z tests\widgets\test_canvas.py::test_closed_path_context PASSED            [ 31%]
2025-02-28T15:30:15.9549419Z tests\widgets\test_canvas.py::test_fill_context PASSED                   [ 31%]
2025-02-28T15:30:16.6767204Z tests\widgets\test_canvas.py::test_stroke_context PASSED                 [ 31%]
2025-02-28T15:30:17.3826884Z tests\widgets\test_canvas.py::test_transforms PASSED                     [ 31%]
2025-02-28T15:30:18.1985775Z tests\widgets\test_canvas.py::test_write_text PASSED                     [ 32%]
2025-02-28T15:30:18.9049315Z tests\widgets\test_canvas.py::test_multiline_text PASSED                 [ 32%]
2025-02-28T15:30:19.6902305Z tests\widgets\test_dateinput.py::test_background_color <- build\testbed\windows\app\src\app\tests\widgets\properties.py PASSED [ 32%]
2025-02-28T15:30:20.1141639Z tests\widgets\test_dateinput.py::test_background_color_reset <- build\testbed\windows\app\src\app\tests\widgets\properties.py PASSED [ 32%]
2025-02-28T15:30:20.5531047Z tests\widgets\test_dateinput.py::test_background_color_transparent <- build\testbed\windows\app\src\app\tests\widgets\properties.py PASSED [ 32%]
2025-02-28T15:30:21.1035366Z tests\widgets\test_dateinput.py::test_color <- build\testbed\windows\app\src\app\tests\widgets\properties.py PASSED [ 32%]
2025-02-28T15:30:21.5269121Z tests\widgets\test_dateinput.py::test_color_reset <- build\testbed\windows\app\src\app\tests\widgets\properties.py PASSED [ 33%]
2025-02-28T15:30:21.9506018Z tests\widgets\test_dateinput.py::test_enabled <- build\testbed\windows\app\src\app\tests\widgets\properties.py PASSED [ 33%]
2025-02-28T15:30:22.3896960Z tests\widgets\test_dateinput.py::test_flex_horizontal_widget_size <- build\testbed\windows\app\src\app\tests\widgets\properties.py PASSED [ 33%]
2025-02-28T15:30:22.6410387Z tests\widgets\test_dateinput.py::test_cleanup <- build\testbed\windows\app\src\app\tests\widgets\conftest.py PASSED [ 33%]
2025-02-28T15:30:22.8759666Z tests\widgets\test_dateinput.py::test_init PASSED                        [ 33%]
2025-02-28T15:30:23.4254155Z tests\widgets\test_dateinput.py::test_value PASSED                       [ 33%]
2025-02-28T15:30:24.1323544Z tests\widgets\test_dateinput.py::test_change PASSED                      [ 34%]
2025-02-28T15:30:24.6976347Z tests\widgets\test_dateinput.py::test_min PASSED                         [ 34%]
2025-02-28T15:30:25.2627106Z tests\widgets\test_dateinput.py::test_max PASSED                         [ 34%]
2025-02-28T15:30:27.5118454Z tests\widgets\test_detailedlist.py::test_enable_noop <- build\testbed\windows\app\src\app\tests\widgets\properties.py PASSED [ 34%]
2025-02-28T15:30:28.0136841Z tests\widgets\test_detailedlist.py::test_flex_widget_size <- build\testbed\windows\app\src\app\tests\widgets\properties.py PASSED [ 34%]
2025-02-28T15:30:28.5628775Z tests\widgets\test_detailedlist.py::test_focus_noop <- build\testbed\windows\app\src\app\tests\widgets\properties.py PASSED [ 34%]
2025-02-28T15:30:28.8028471Z tests\widgets\test_detailedlist.py::test_cleanup <- build\testbed\windows\app\src\app\tests\widgets\conftest.py PASSED [ 35%]
2025-02-28T15:30:29.2843193Z tests\widgets\test_detailedlist.py::test_scroll PASSED                   [ 35%]
2025-02-28T15:30:29.7552654Z tests\widgets\test_detailedlist.py::test_select PASSED                   [ 35%]
2025-02-28T15:30:30.3053129Z tests\widgets\test_detailedlist.py::test_row_changes PASSED              [ 35%]
2025-02-28T15:30:30.6183979Z tests\widgets\test_detailedlist.py::test_refresh SKIPPED (This backend
2025-02-28T15:30:30.7281525Z doesn't support the refresh action)                                      [ 35%]
2025-02-28T15:30:31.0418086Z tests\widgets\test_detailedlist.py::test_actions SKIPPED (This backend
2025-02-28T15:30:31.1519822Z doesn't support primary or secondary actions)                            [ 36%]
2025-02-28T15:30:31.5599361Z tests\widgets\test_divider.py::test_enable_noop <- build\testbed\windows\app\src\app\tests\widgets\properties.py PASSED [ 36%]
2025-02-28T15:30:32.0782752Z tests\widgets\test_divider.py::test_focus_noop <- build\testbed\windows\app\src\app\tests\widgets\properties.py PASSED [ 36%]
2025-02-28T15:30:32.3300520Z tests\widgets\test_divider.py::test_cleanup <- build\testbed\windows\app\src\app\tests\widgets\conftest.py PASSED [ 36%]
2025-02-28T15:30:32.8004377Z tests\widgets\test_divider.py::test_directions PASSED                    [ 36%]
2025-02-28T15:30:33.3502342Z tests\widgets\test_imageview.py::test_background_color <- build\testbed\windows\app\src\app\tests\widgets\properties.py PASSED [ 36%]
2025-02-28T15:30:33.7739531Z tests\widgets\test_imageview.py::test_background_color_reset <- build\testbed\windows\app\src\app\tests\widgets\properties.py PASSED [ 37%]
2025-02-28T15:30:34.2135915Z tests\widgets\test_imageview.py::test_background_color_transparent <- build\testbed\windows\app\src\app\tests\widgets\properties.py PASSED [ 37%]
2025-02-28T15:30:34.6222182Z tests\widgets\test_imageview.py::test_enable_noop <- build\testbed\windows\app\src\app\tests\widgets\properties.py PASSED [ 37%]
2025-02-28T15:30:35.1400102Z tests\widgets\test_imageview.py::test_focus_noop <- build\testbed\windows\app\src\app\tests\widgets\properties.py PASSED [ 37%]
2025-02-28T15:30:35.3912050Z tests\widgets\test_imageview.py::test_cleanup <- build\testbed\windows\app\src\app\tests\widgets\conftest.py PASSED [ 37%]
2025-02-28T15:30:35.9410087Z tests\widgets\test_imageview.py::test_implicit_size PASSED               [ 37%]
2025-02-28T15:30:36.4439426Z tests\widgets\test_imageview.py::test_explicit_width PASSED              [ 38%]
2025-02-28T15:30:36.9463942Z tests\widgets\test_imageview.py::test_explicit_height PASSED             [ 38%]
2025-02-28T15:30:37.4019298Z tests\widgets\test_imageview.py::test_explicit_size PASSED               [ 38%]
2025-02-28T15:30:37.9513501Z tests\widgets\test_label.py::test_background_color <- build\testbed\windows\app\src\app\tests\widgets\properties.py PASSED [ 38%]
2025-02-28T15:30:38.3747652Z tests\widgets\test_label.py::test_background_color_reset <- build\testbed\windows\app\src\app\tests\widgets\properties.py PASSED [ 38%]
2025-02-28T15:30:38.7983124Z tests\widgets\test_label.py::test_background_color_transparent <- build\testbed\windows\app\src\app\tests\widgets\properties.py PASSED [ 38%]
2025-02-28T15:30:39.3486344Z tests\widgets\test_label.py::test_color <- build\testbed\windows\app\src\app\tests\widgets\properties.py PASSED [ 39%]
2025-02-28T15:30:39.7879861Z tests\widgets\test_label.py::test_color_reset <- build\testbed\windows\app\src\app\tests\widgets\properties.py PASSED [ 39%]
2025-02-28T15:30:40.2266752Z tests\widgets\test_label.py::test_enabled <- build\testbed\windows\app\src\app\tests\widgets\properties.py PASSED [ 39%]
2025-02-28T15:30:40.6680397Z tests\widgets\test_label.py::test_flex_horizontal_widget_size <- build\testbed\windows\app\src\app\tests\widgets\properties.py PASSED [ 39%]
2025-02-28T15:30:41.1863363Z tests\widgets\test_label.py::test_focus_noop <- build\testbed\windows\app\src\app\tests\widgets\properties.py PASSED [ 39%]
2025-02-28T15:30:41.6259498Z tests\widgets\test_label.py::test_font <- build\testbed\windows\app\src\app\tests\widgets\properties.py PASSED [ 39%]
2025-02-28T15:30:42.1600924Z tests\widgets\test_label.py::test_font_attrs <- build\testbed\windows\app\src\app\tests\widgets\properties.py PASSED [ 40%]
2025-02-28T15:30:42.7244402Z tests\widgets\test_label.py::test_text <- build\testbed\windows\app\src\app\tests\widgets\properties.py PASSED [ 40%]
2025-02-28T15:30:43.2585895Z tests\widgets\test_label.py::test_text_align <- build\testbed\windows\app\src\app\tests\widgets\properties.py PASSED [ 40%]
2025-02-28T15:30:43.6670937Z tests\widgets\test_label.py::test_text_width_change <- build\testbed\windows\app\src\app\tests\widgets\properties.py PASSED [ 40%]
2025-02-28T15:30:43.9181861Z tests\widgets\test_label.py::test_cleanup <- build\testbed\windows\app\src\app\tests\widgets\conftest.py PASSED [ 40%]
2025-02-28T15:30:44.4044398Z tests\widgets\test_label.py::test_multiline PASSED                       [ 40%]
2025-02-28T15:31:38.5029074Z tests\widgets\test_mapview.py::test_flex_widget_size <- build\testbed\windows\app\src\app\tests\widgets\properties.py PASSED [ 41%]
2025-02-28T15:31:39.3475035Z tests\widgets\test_mapview.py::test_focus <- build\testbed\windows\app\src\app\tests\widgets\properties.py PASSED [ 41%]
2025-02-28T15:31:39.6155711Z tests\widgets\test_mapview.py::test_cleanup <- build\testbed\windows\app\src\app\tests\widgets\conftest.py PASSED [ 41%]
2025-02-28T15:31:44.4718307Z tests\widgets\test_mapview.py::test_location PASSED                      [ 41%]
2025-02-28T15:31:59.5192392Z tests\widgets\test_mapview.py::test_zoom PASSED                          [ 41%]
2025-02-28T15:32:03.3941723Z tests\widgets\test_mapview.py::test_add_pins PASSED                      [ 42%]
2025-02-28T15:32:04.5363336Z tests\widgets\test_mapview.py::test_select_pin SKIPPED (Winforms MapView
2025-02-28T15:32:04.7109141Z doesn't support selecting pins)                                          [ 42%]
2025-02-28T15:32:05.2916373Z tests\widgets\test_multilinetextinput.py::test_background_color <- build\testbed\windows\app\src\app\tests\widgets\properties.py PASSED [ 42%]
2025-02-28T15:32:05.7155419Z tests\widgets\test_multilinetextinput.py::test_background_color_reset <- build\testbed\windows\app\src\app\tests\widgets\properties.py PASSED [ 42%]
2025-02-28T15:32:06.1398461Z tests\widgets\test_multilinetextinput.py::test_background_color_transparent <- build\testbed\windows\app\src\app\tests\widgets\properties.py PASSED [ 42%]
2025-02-28T15:32:06.6892115Z tests\widgets\test_multilinetextinput.py::test_color <- build\testbed\windows\app\src\app\tests\widgets\properties.py PASSED [ 42%]
2025-02-28T15:32:07.1128432Z tests\widgets\test_multilinetextinput.py::test_color_reset <- build\testbed\windows\app\src\app\tests\widgets\properties.py PASSED [ 43%]
2025-02-28T15:32:07.5680677Z tests\widgets\test_multilinetextinput.py::test_enabled <- build\testbed\windows\app\src\app\tests\widgets\properties.py PASSED [ 43%]
2025-02-28T15:32:08.0389469Z tests\widgets\test_multilinetextinput.py::test_flex_widget_size <- build\testbed\windows\app\src\app\tests\widgets\properties.py PASSED [ 43%]
2025-02-28T15:32:08.5883986Z tests\widgets\test_multilinetextinput.py::test_focus <- build\testbed\windows\app\src\app\tests\widgets\properties.py PASSED [ 43%]
2025-02-28T15:32:09.0277166Z tests\widgets\test_multilinetextinput.py::test_font <- build\testbed\windows\app\src\app\tests\widgets\properties.py PASSED [ 43%]
2025-02-28T15:32:09.5621860Z tests\widgets\test_multilinetextinput.py::test_font_attrs <- build\testbed\windows\app\src\app\tests\widgets\properties.py PASSED [ 43%]
2025-02-28T15:32:10.0455163Z tests\widgets\test_multilinetextinput.py::test_placeholder <- build\testbed\windows\app\src\app\tests\widgets\properties.py PASSED [ 44%]
2025-02-28T15:32:10.4875504Z tests\widgets\test_multilinetextinput.py::test_placeholder_color <- build\testbed\windows\app\src\app\tests\widgets\properties.py PASSED [ 44%]
2025-02-28T15:32:11.1156255Z tests\widgets\test_multilinetextinput.py::test_placeholder_focus <- build\testbed\windows\app\src\app\tests\widgets\properties.py PASSED [ 44%]
2025-02-28T15:32:11.5395921Z tests\widgets\test_multilinetextinput.py::test_readonly <- build\testbed\windows\app\src\app\tests\widgets\properties.py PASSED [ 44%]
2025-02-28T15:32:12.0578190Z tests\widgets\test_multilinetextinput.py::test_text_align <- build\testbed\windows\app\src\app\tests\widgets\properties.py PASSED [ 44%]
2025-02-28T15:32:14.0200570Z tests\widgets\test_multilinetextinput.py::test_text_value <- build\testbed\windows\app\src\app\tests\widgets\properties.py PASSED [ 44%]
2025-02-28T15:32:14.6646092Z tests\widgets\test_multilinetextinput.py::test_on_change_focus[True-] <- build\testbed\windows\app\src\app\tests\widgets\test_textinput.py PASSED [ 45%]
2025-02-28T15:32:15.2760583Z tests\widgets\test_multilinetextinput.py::test_on_change_focus[True-placeholder] <- build\testbed\windows\app\src\app\tests\widgets\test_textinput.py PASSED [ 45%]
2025-02-28T15:32:15.8878956Z tests\widgets\test_multilinetextinput.py::test_on_change_focus[False-] <- build\testbed\windows\app\src\app\tests\widgets\test_textinput.py PASSED [ 45%]
2025-02-28T15:32:16.4994436Z tests\widgets\test_multilinetextinput.py::test_on_change_focus[False-placeholder] <- build\testbed\windows\app\src\app\tests\widgets\test_textinput.py PASSED [ 45%]
2025-02-28T15:32:17.1272810Z tests\widgets\test_multilinetextinput.py::test_on_change_programmatic[True-] <- build\testbed\windows\app\src\app\tests\widgets\test_textinput.py PASSED [ 45%]
2025-02-28T15:32:17.7867278Z tests\widgets\test_multilinetextinput.py::test_on_change_programmatic[True-placeholder] <- build\testbed\windows\app\src\app\tests\widgets\test_textinput.py PASSED [ 45%]
2025-02-28T15:32:18.3988420Z tests\widgets\test_multilinetextinput.py::test_on_change_programmatic[False-] <- build\testbed\windows\app\src\app\tests\widgets\test_textinput.py PASSED [ 46%]
2025-02-28T15:32:19.0423569Z tests\widgets\test_multilinetextinput.py::test_on_change_programmatic[False-placeholder] <- build\testbed\windows\app\src\app\tests\widgets\test_textinput.py PASSED [ 46%]
2025-02-28T15:32:20.0162706Z tests\widgets\test_multilinetextinput.py::test_on_change_user <- build\testbed\windows\app\src\app\tests\widgets\test_textinput.py PASSED [ 46%]
2025-02-28T15:32:20.4089228Z tests\widgets\test_multilinetextinput.py::test_undo_redo <- build\testbed\windows\app\src\app\tests\widgets\test_textinput.py SKIPPED [ 46%]
2025-02-28T15:32:20.8328715Z tests\widgets\test_multilinetextinput.py::test_value_not_hidden <- build\testbed\windows\app\src\app\tests\widgets\test_textinput.py PASSED [ 46%]
2025-02-28T15:32:21.0844067Z tests\widgets\test_multilinetextinput.py::test_cleanup <- build\testbed\windows\app\src\app\tests\widgets\conftest.py PASSED [ 46%]
2025-02-28T15:32:21.7276072Z tests\widgets\test_multilinetextinput.py::test_scroll_position PASSED    [ 47%]
2025-02-28T15:32:22.3396584Z tests\widgets\test_numberinput.py::test_background_color <- build\testbed\windows\app\src\app\tests\widgets\properties.py PASSED [ 47%]
2025-02-28T15:32:22.7634607Z tests\widgets\test_numberinput.py::test_background_color_reset <- build\testbed\windows\app\src\app\tests\widgets\properties.py PASSED [ 47%]
2025-02-28T15:32:23.1878105Z tests\widgets\test_numberinput.py::test_background_color_transparent <- build\testbed\windows\app\src\app\tests\widgets\properties.py PASSED [ 47%]
2025-02-28T15:32:23.7368452Z tests\widgets\test_numberinput.py::test_color <- build\testbed\windows\app\src\app\tests\widgets\properties.py PASSED [ 47%]
2025-02-28T15:32:24.1607652Z tests\widgets\test_numberinput.py::test_color_reset <- build\testbed\windows\app\src\app\tests\widgets\properties.py PASSED [ 48%]
2025-02-28T15:32:24.5842516Z tests\widgets\test_numberinput.py::test_enabled <- build\testbed\windows\app\src\app\tests\widgets\properties.py PASSED [ 48%]
2025-02-28T15:32:25.0242741Z tests\widgets\test_numberinput.py::test_flex_horizontal_widget_size <- build\testbed\windows\app\src\app\tests\widgets\properties.py PASSED [ 48%]
2025-02-28T15:32:25.5729661Z tests\widgets\test_numberinput.py::test_focus <- build\testbed\windows\app\src\app\tests\widgets\properties.py PASSED [ 48%]
2025-02-28T15:32:26.0124462Z tests\widgets\test_numberinput.py::test_font <- build\testbed\windows\app\src\app\tests\widgets\properties.py PASSED [ 48%]
2025-02-28T15:32:26.5310725Z tests\widgets\test_numberinput.py::test_font_attrs <- build\testbed\windows\app\src\app\tests\widgets\properties.py PASSED [ 48%]
2025-02-28T15:32:26.9706447Z tests\widgets\test_numberinput.py::test_readonly <- build\testbed\windows\app\src\app\tests\widgets\properties.py PASSED [ 49%]
2025-02-28T15:32:27.4882227Z tests\widgets\test_numberinput.py::test_text_align <- build\testbed\windows\app\src\app\tests\widgets\properties.py PASSED [ 49%]
2025-02-28T15:32:27.7399471Z tests\widgets\test_numberinput.py::test_cleanup <- build\testbed\windows\app\src\app\tests\widgets\conftest.py PASSED [ 49%]
2025-02-28T15:32:28.6188335Z tests\widgets\test_numberinput.py::test_on_change_handler PASSED         [ 49%]
2025-02-28T15:32:29.3096517Z tests\widgets\test_numberinput.py::test_focus_value_clipping PASSED      [ 49%]
2025-02-28T15:32:29.7960163Z tests\widgets\test_numberinput.py::test_value PASSED                     [ 49%]
2025-02-28T15:32:30.8493057Z tests\widgets\test_numberinput.py::test_increment_decrement PASSED       [ 50%]
2025-02-28T15:32:31.1476173Z tests\widgets\test_numberinput.py::test_undo_redo SKIPPED (not yet
2025-02-28T15:32:31.2734556Z implemented on windows)                                                  [ 50%]
2025-02-28T15:32:31.9493190Z tests\widgets\test_optioncontainer.py::test_enable_noop <- build\testbed\windows\app\src\app\tests\widgets\properties.py PASSED [ 50%]
2025-02-28T15:32:32.6248541Z tests\widgets\test_optioncontainer.py::test_flex_widget_size <- build\testbed\windows\app\src\app\tests\widgets\properties.py PASSED [ 50%]
2025-02-28T15:32:33.3622549Z tests\widgets\test_optioncontainer.py::test_focus_noop <- build\testbed\windows\app\src\app\tests\widgets\properties.py PASSED [ 50%]
2025-02-28T15:32:33.6297114Z tests\widgets\test_optioncontainer.py::test_cleanup <- build\testbed\windows\app\src\app\tests\widgets\conftest.py PASSED [ 50%]
2025-02-28T15:32:34.4151270Z tests\widgets\test_optioncontainer.py::test_select_tab PASSED            [ 51%]
2025-02-28T15:32:35.1529166Z tests\widgets\test_optioncontainer.py::test_select_tab_overflow PASSED   [ 51%]
2025-02-28T15:32:35.8435530Z tests\widgets\test_optioncontainer.py::test_enable_tab PASSED            [ 51%]
2025-02-28T15:32:36.6127984Z tests\widgets\test_optioncontainer.py::test_change_content PASSED        [ 51%]
2025-02-28T15:32:37.1785594Z tests\widgets\test_passwordinput.py::test_background_color <- build\testbed\windows\app\src\app\tests\widgets\properties.py PASSED [ 51%]
2025-02-28T15:32:37.6182712Z tests\widgets\test_passwordinput.py::test_background_color_reset <- build\testbed\windows\app\src\app\tests\widgets\properties.py PASSED [ 51%]
2025-02-28T15:32:38.0419824Z tests\widgets\test_passwordinput.py::test_background_color_transparent <- build\testbed\windows\app\src\app\tests\widgets\properties.py PASSED [ 52%]
2025-02-28T15:32:38.5934018Z tests\widgets\test_passwordinput.py::test_color <- build\testbed\windows\app\src\app\tests\widgets\properties.py PASSED [ 52%]
2025-02-28T15:32:39.0151795Z tests\widgets\test_passwordinput.py::test_color_reset <- build\testbed\windows\app\src\app\tests\widgets\properties.py PASSED [ 52%]
2025-02-28T15:32:39.4392594Z tests\widgets\test_passwordinput.py::test_enabled <- build\testbed\windows\app\src\app\tests\widgets\properties.py PASSED [ 52%]
2025-02-28T15:32:39.8781412Z tests\widgets\test_passwordinput.py::test_flex_horizontal_widget_size <- build\testbed\windows\app\src\app\tests\widgets\properties.py PASSED [ 52%]
2025-02-28T15:32:40.4450791Z tests\widgets\test_passwordinput.py::test_focus <- build\testbed\windows\app\src\app\tests\widgets\properties.py PASSED [ 53%]
2025-02-28T15:32:40.8846959Z tests\widgets\test_passwordinput.py::test_font <- build\testbed\windows\app\src\app\tests\widgets\properties.py PASSED [ 53%]
2025-02-28T15:32:41.7321289Z tests\widgets\test_passwordinput.py::test_font_attrs <- build\testbed\windows\app\src\app\tests\widgets\properties.py PASSED [ 53%]
2025-02-28T15:32:42.1873707Z tests\widgets\test_passwordinput.py::test_placeholder <- build\testbed\windows\app\src\app\tests\widgets\properties.py PASSED [ 53%]
2025-02-28T15:32:42.6266772Z tests\widgets\test_passwordinput.py::test_placeholder_color <- build\testbed\windows\app\src\app\tests\widgets\properties.py PASSED [ 53%]
2025-02-28T15:32:43.2073896Z tests\widgets\test_passwordinput.py::test_placeholder_focus <- build\testbed\windows\app\src\app\tests\widgets\properties.py PASSED [ 53%]
2025-02-28T15:32:43.6309710Z tests\widgets\test_passwordinput.py::test_readonly <- build\testbed\windows\app\src\app\tests\widgets\properties.py PASSED [ 54%]
2025-02-28T15:32:44.1652206Z tests\widgets\test_passwordinput.py::test_text_align <- build\testbed\windows\app\src\app\tests\widgets\properties.py PASSED [ 54%]
2025-02-28T15:32:44.7922897Z tests\widgets\test_passwordinput.py::test_on_change_focus[True-] <- build\testbed\windows\app\src\app\tests\widgets\test_textinput.py PASSED [ 54%]
2025-02-28T15:32:45.4048848Z tests\widgets\test_passwordinput.py::test_on_change_focus[True-placeholder] <- build\testbed\windows\app\src\app\tests\widgets\test_textinput.py PASSED [ 54%]
2025-02-28T15:32:46.0175200Z tests\widgets\test_passwordinput.py::test_on_change_focus[False-] <- build\testbed\windows\app\src\app\tests\widgets\test_textinput.py PASSED [ 54%]
2025-02-28T15:32:46.6454637Z tests\widgets\test_passwordinput.py::test_on_change_focus[False-placeholder] <- build\testbed\windows\app\src\app\tests\widgets\test_textinput.py PASSED [ 54%]
2025-02-28T15:32:47.2734695Z tests\widgets\test_passwordinput.py::test_on_change_programmatic[True-] <- build\testbed\windows\app\src\app\tests\widgets\test_textinput.py PASSED [ 55%]
2025-02-28T15:32:47.9171401Z tests\widgets\test_passwordinput.py::test_on_change_programmatic[True-placeholder] <- build\testbed\windows\app\src\app\tests\widgets\test_textinput.py PASSED [ 55%]
2025-02-28T15:32:48.5447210Z tests\widgets\test_passwordinput.py::test_on_change_programmatic[False-] <- build\testbed\windows\app\src\app\tests\widgets\test_textinput.py PASSED [ 55%]
2025-02-28T15:32:49.1729463Z tests\widgets\test_passwordinput.py::test_on_change_programmatic[False-placeholder] <- build\testbed\windows\app\src\app\tests\widgets\test_textinput.py PASSED [ 55%]
2025-02-28T15:32:50.1940184Z tests\widgets\test_passwordinput.py::test_on_change_user <- build\testbed\windows\app\src\app\tests\widgets\test_textinput.py PASSED [ 55%]
2025-02-28T15:32:50.8850119Z tests\widgets\test_passwordinput.py::test_on_confirm <- build\testbed\windows\app\src\app\tests\widgets\test_textinput.py PASSED [ 55%]
2025-02-28T15:32:51.4504212Z tests\widgets\test_passwordinput.py::test_text_value <- build\testbed\windows\app\src\app\tests\widgets\test_textinput.py PASSED [ 56%]
2025-02-28T15:32:51.8585121Z tests\widgets\test_passwordinput.py::test_undo_redo <- build\testbed\windows\app\src\app\tests\widgets\test_textinput.py SKIPPED [ 56%]
2025-02-28T15:32:52.6110777Z tests\widgets\test_passwordinput.py::test_validation <- build\testbed\windows\app\src\app\tests\widgets\test_textinput.py PASSED [ 56%]
2025-02-28T15:32:52.8625406Z tests\widgets\test_passwordinput.py::test_cleanup <- build\testbed\windows\app\src\app\tests\widgets\conftest.py PASSED [ 56%]
2025-02-28T15:32:53.3022921Z tests\widgets\test_passwordinput.py::test_value_hidden PASSED            [ 56%]
2025-02-28T15:32:53.7892235Z tests\widgets\test_progressbar.py::test_enable_noop <- build\testbed\windows\app\src\app\tests\widgets\properties.py PASSED [ 56%]
2025-02-28T15:32:54.2288890Z tests\widgets\test_progressbar.py::test_flex_horizontal_widget_size <- build\testbed\windows\app\src\app\tests\widgets\properties.py PASSED [ 57%]
2025-02-28T15:32:54.7939860Z tests\widgets\test_progressbar.py::test_focus <- build\testbed\windows\app\src\app\tests\widgets\properties.py PASSED [ 57%]
2025-02-28T15:32:55.0452774Z tests\widgets\test_progressbar.py::test_cleanup <- build\testbed\windows\app\src\app\tests\widgets\conftest.py PASSED [ 57%]
2025-02-28T15:32:55.5313492Z tests\widgets\test_progressbar.py::test_start_stop_determinate PASSED    [ 57%]
2025-02-28T15:32:55.9870045Z tests\widgets\test_progressbar.py::test_start_stop_indeterminate PASSED  [ 57%]
2025-02-28T15:32:56.4262931Z tests\widgets\test_progressbar.py::test_animation_starts_on_max_change PASSED [ 57%]
2025-02-28T15:32:56.8503537Z tests\widgets\test_progressbar.py::test_position_change_on_max_change PASSED [ 58%]
2025-02-28T15:32:58.0741341Z tests\widgets\test_scrollcontainer.py::test_background_color <- build\testbed\windows\app\src\app\tests\widgets\properties.py PASSED [ 58%]
2025-02-28T15:32:59.0948915Z tests\widgets\test_scrollcontainer.py::test_background_color_reset <- build\testbed\windows\app\src\app\tests\widgets\properties.py PASSED [ 58%]
2025-02-28T15:33:00.0991536Z tests\widgets\test_scrollcontainer.py::test_background_color_transparent <- build\testbed\windows\app\src\app\tests\widgets\properties.py PASSED [ 58%]
2025-02-28T15:33:01.1050857Z tests\widgets\test_scrollcontainer.py::test_enable_noop <- build\testbed\windows\app\src\app\tests\widgets\properties.py PASSED [ 58%]
2025-02-28T15:33:02.8001674Z tests\widgets\test_scrollcontainer.py::test_flex_widget_size <- build\testbed\windows\app\src\app\tests\widgets\properties.py PASSED [ 59%]
2025-02-28T15:33:04.0249643Z tests\widgets\test_scrollcontainer.py::test_focus_noop <- build\testbed\windows\app\src\app\tests\widgets\properties.py PASSED [ 59%]
2025-02-28T15:33:04.2763609Z tests\widgets\test_scrollcontainer.py::test_cleanup <- build\testbed\windows\app\src\app\tests\widgets\conftest.py PASSED [ 59%]
2025-02-28T15:33:05.4229466Z tests\widgets\test_scrollcontainer.py::test_clear_content PASSED         [ 59%]
2025-02-28T15:33:07.1669981Z tests\widgets\test_scrollcontainer.py::test_margin PASSED                [ 59%]
2025-02-28T15:33:08.8464902Z tests\widgets\test_scrollcontainer.py::test_enable_horizontal_scrolling PASSED [ 59%]
2025-02-28T15:33:10.5425142Z tests\widgets\test_scrollcontainer.py::test_enable_vertical_scrolling PASSED [ 60%]
2025-02-28T15:33:11.6105964Z tests\widgets\test_scrollcontainer.py::test_vertical_scroll PASSED       [ 60%]
2025-02-28T15:33:12.7247154Z tests\widgets\test_scrollcontainer.py::test_vertical_scroll_small_content PASSED [ 60%]
2025-02-28T15:33:13.8705982Z tests\widgets\test_scrollcontainer.py::test_horizontal_scroll PASSED     [ 60%]
2025-02-28T15:33:14.9849068Z tests\widgets\test_scrollcontainer.py::test_horizontal_scroll_small_content PASSED [ 60%]
2025-02-28T15:33:16.1482184Z tests\widgets\test_scrollcontainer.py::test_scroll_both PASSED           [ 60%]
2025-02-28T15:33:17.2312132Z tests\widgets\test_scrollcontainer.py::test_manual_scroll PASSED         [ 61%]
2025-02-28T15:33:18.5497717Z tests\widgets\test_scrollcontainer.py::test_no_content PASSED            [ 61%]
2025-02-28T15:33:19.0994486Z tests\widgets\test_selection.py::test_background_color <- build\testbed\windows\app\src\app\tests\widgets\properties.py PASSED [ 61%]
2025-02-28T15:33:19.5232147Z tests\widgets\test_selection.py::test_background_color_reset <- build\testbed\windows\app\src\app\tests\widgets\properties.py PASSED [ 61%]
2025-02-28T15:33:19.9468065Z tests\widgets\test_selection.py::test_background_color_transparent <- build\testbed\windows\app\src\app\tests\widgets\properties.py PASSED [ 61%]
2025-02-28T15:33:20.4964494Z tests\widgets\test_selection.py::test_color <- build\testbed\windows\app\src\app\tests\widgets\properties.py PASSED [ 61%]
2025-02-28T15:33:20.9200448Z tests\widgets\test_selection.py::test_color_reset <- build\testbed\windows\app\src\app\tests\widgets\properties.py PASSED [ 62%]
2025-02-28T15:33:21.3435196Z tests\widgets\test_selection.py::test_enabled <- build\testbed\windows\app\src\app\tests\widgets\properties.py PASSED [ 62%]
2025-02-28T15:33:21.7834710Z tests\widgets\test_selection.py::test_flex_horizontal_widget_size <- build\testbed\windows\app\src\app\tests\widgets\properties.py PASSED [ 62%]
2025-02-28T15:33:22.2387134Z tests\widgets\test_selection.py::test_font <- build\testbed\windows\app\src\app\tests\widgets\properties.py PASSED [ 62%]
2025-02-28T15:33:22.7568936Z tests\widgets\test_selection.py::test_font_attrs <- build\testbed\windows\app\src\app\tests\widgets\properties.py PASSED [ 62%]
2025-02-28T15:33:23.1648478Z tests\widgets\test_selection.py::test_text_align <- build\testbed\windows\app\src\app\tests\widgets\properties.py XFAIL [ 62%]
2025-02-28T15:33:23.7141811Z tests\widgets\test_selection.py::test_focus <- build\testbed\windows\app\src\app\tests\widgets\properties.py PASSED [ 63%]
2025-02-28T15:33:23.9496504Z tests\widgets\test_selection.py::test_cleanup <- build\testbed\windows\app\src\app\tests\widgets\conftest.py SKIPPED [ 63%]
2025-02-28T15:33:24.4991612Z tests\widgets\test_selection.py::test_item_titles PASSED                 [ 63%]
2025-02-28T15:33:24.9229872Z tests\widgets\test_selection.py::test_selection_change PASSED            [ 63%]
2025-02-28T15:33:25.5035253Z tests\widgets\test_selection.py::test_source_changes PASSED              [ 63%]
2025-02-28T15:33:25.9117021Z tests\widgets\test_selection.py::test_resize_on_content_change XFAIL     [ 63%]
2025-02-28T15:33:26.3672629Z tests\widgets\test_slider.py::test_enabled <- build\testbed\windows\app\src\app\tests\widgets\properties.py PASSED [ 64%]
2025-02-28T15:33:26.8067329Z tests\widgets\test_slider.py::test_flex_horizontal_widget_size <- build\testbed\windows\app\src\app\tests\widgets\properties.py PASSED [ 64%]
2025-02-28T15:33:27.3553843Z tests\widgets\test_slider.py::test_focus <- build\testbed\windows\app\src\app\tests\widgets\properties.py PASSED [ 64%]
2025-02-28T15:33:27.6070042Z tests\widgets\test_slider.py::test_cleanup <- build\testbed\windows\app\src\app\tests\widgets\conftest.py PASSED [ 64%]
2025-02-28T15:33:27.9992282Z tests\widgets\test_slider.py::test_init PASSED                           [ 64%]
2025-02-28T15:33:28.2348062Z tests\widgets\test_slider.py::test_init_handlers PASSED                  [ 65%]
2025-02-28T15:33:29.1927281Z tests\widgets\test_slider.py::test_value PASSED                          [ 65%]
2025-02-28T15:33:30.1662211Z tests\widgets\test_slider.py::test_change PASSED                         [ 65%]
2025-02-28T15:33:30.6528093Z tests\widgets\test_slider.py::test_min PASSED                            [ 65%]
2025-02-28T15:33:31.1382336Z tests\widgets\test_slider.py::test_max PASSED                            [ 65%]
2025-02-28T15:33:31.6244851Z tests\widgets\test_slider.py::test_ticks PASSED                          [ 65%]
2025-02-28T15:33:32.1268089Z tests\widgets\test_slider.py::test_value_with_ticks PASSED               [ 66%]
2025-02-28T15:33:32.5979484Z tests\widgets\test_slider.py::test_range_with_ticks PASSED               [ 66%]
2025-02-28T15:33:32.9905653Z tests\widgets\test_slider.py::test_press_release[press] PASSED           [ 66%]
2025-02-28T15:33:33.3824309Z tests\widgets\test_slider.py::test_press_release[release] PASSED         [ 66%]
2025-02-28T15:33:33.9319839Z tests\widgets\test_splitcontainer.py::test_enable_noop <- build\testbed\windows\app\src\app\tests\widgets\properties.py PASSED [ 66%]
2025-02-28T15:33:34.5289117Z tests\widgets\test_splitcontainer.py::test_flex_widget_size <- build\testbed\windows\app\src\app\tests\widgets\properties.py PASSED [ 66%]
2025-02-28T15:33:35.1726819Z tests\widgets\test_splitcontainer.py::test_focus_noop <- build\testbed\windows\app\src\app\tests\widgets\properties.py PASSED [ 67%]
2025-02-28T15:33:35.4238906Z tests\widgets\test_splitcontainer.py::test_cleanup <- build\testbed\windows\app\src\app\tests\widgets\conftest.py PASSED [ 67%]
2025-02-28T15:33:36.1770252Z tests\widgets\test_splitcontainer.py::test_set_content PASSED            [ 67%]
2025-02-28T15:33:36.9151065Z tests\widgets\test_splitcontainer.py::test_set_direction PASSED          [ 67%]
2025-02-28T15:33:37.5433773Z tests\widgets\test_splitcontainer.py::test_move_splitter PASSED          [ 67%]
2025-02-28T15:33:38.1088314Z tests\widgets\test_switch.py::test_color <- build\testbed\windows\app\src\app\tests\widgets\properties.py PASSED [ 67%]
2025-02-28T15:33:38.5328724Z tests\widgets\test_switch.py::test_color_reset <- build\testbed\windows\app\src\app\tests\widgets\properties.py PASSED [ 68%]
2025-02-28T15:33:38.9567735Z tests\widgets\test_switch.py::test_enabled <- build\testbed\windows\app\src\app\tests\widgets\properties.py PASSED [ 68%]
2025-02-28T15:33:39.4050188Z tests\widgets\test_switch.py::test_flex_horizontal_widget_size <- build\testbed\windows\app\src\app\tests\widgets\properties.py PASSED [ 68%]
2025-02-28T15:33:39.8510946Z tests\widgets\test_switch.py::test_font <- build\testbed\windows\app\src\app\tests\widgets\properties.py PASSED [ 68%]
2025-02-28T15:33:40.3695979Z tests\widgets\test_switch.py::test_font_attrs <- build\testbed\windows\app\src\app\tests\widgets\properties.py PASSED [ 68%]
2025-02-28T15:33:40.7783400Z tests\widgets\test_switch.py::test_text_width_change <- build\testbed\windows\app\src\app\tests\widgets\properties.py PASSED [ 68%]
2025-02-28T15:33:41.3283827Z tests\widgets\test_switch.py::test_focus <- build\testbed\windows\app\src\app\tests\widgets\properties.py PASSED [ 69%]
2025-02-28T15:33:41.5953017Z tests\widgets\test_switch.py::test_cleanup <- build\testbed\windows\app\src\app\tests\widgets\conftest.py PASSED [ 69%]
2025-02-28T15:33:42.1759944Z tests\widgets\test_switch.py::test_text PASSED                           [ 69%]
2025-02-28T15:33:42.5996473Z tests\widgets\test_switch.py::test_press PASSED                          [ 69%]
2025-02-28T15:33:43.0551443Z tests\widgets\test_switch.py::test_change_value PASSED                   [ 69%]
2025-02-28T15:33:43.6676327Z tests\widgets\test_table.py::test_background_color <- build\testbed\windows\app\src\app\tests\widgets\properties.py PASSED [ 69%]
2025-02-28T15:33:44.1386674Z tests\widgets\test_table.py::test_background_color_reset <- build\testbed\windows\app\src\app\tests\widgets\properties.py PASSED [ 70%]
2025-02-28T15:33:44.5937556Z tests\widgets\test_table.py::test_enable_noop <- build\testbed\windows\app\src\app\tests\widgets\properties.py PASSED [ 70%]
2025-02-28T15:33:45.1118015Z tests\widgets\test_table.py::test_flex_widget_size <- build\testbed\windows\app\src\app\tests\widgets\properties.py PASSED [ 70%]
2025-02-28T15:33:45.6770004Z tests\widgets\test_table.py::test_focus_noop <- build\testbed\windows\app\src\app\tests\widgets\properties.py PASSED [ 70%]
2025-02-28T15:33:46.1637997Z tests\widgets\test_table.py::test_font <- build\testbed\windows\app\src\app\tests\widgets\properties.py PASSED [ 70%]
2025-02-28T15:33:46.4150731Z tests\widgets\test_table.py::test_cleanup <- build\testbed\windows\app\src\app\tests\widgets\conftest.py PASSED [ 71%]
2025-02-28T15:33:46.9014667Z tests\widgets\test_table.py::test_scroll PASSED                          [ 71%]
2025-02-28T15:33:47.7652682Z tests\widgets\test_table.py::test_keyboard_navigation PASSED             [ 71%]
2025-02-28T15:33:48.2671229Z tests\widgets\test_table.py::test_select PASSED                          [ 71%]
2025-02-28T15:33:48.7381168Z tests\widgets\test_table.py::test_activate PASSED                        [ 71%]
2025-02-28T15:33:49.2406300Z tests\widgets\test_table.py::test_multiselect PASSED                     [ 71%]
2025-02-28T15:33:49.7738007Z tests\widgets\test_table.py::test_row_changes PASSED                     [ 72%]
2025-02-28T15:33:50.3235541Z tests\widgets\test_table.py::test_headerless_row_changes PASSED          [ 72%]
2025-02-28T15:33:50.9998627Z tests\widgets\test_table.py::test_column_changes PASSED                  [ 72%]
2025-02-28T15:33:51.6754786Z tests\widgets\test_table.py::test_headerless_column_changes PASSED       [ 72%]
2025-02-28T15:33:52.1777359Z tests\widgets\test_table.py::test_remove_all_columns PASSED              [ 72%]
2025-02-28T15:33:52.6484792Z tests\widgets\test_table.py::test_cell_icon PASSED                       [ 72%]
2025-02-28T15:33:53.4495777Z tests\widgets\test_table.py::test_cell_widget PASSED                     [ 73%]
2025-02-28T15:33:53.9988219Z tests\widgets\test_textinput.py::test_background_color <- build\testbed\windows\app\src\app\tests\widgets\properties.py PASSED [ 73%]
2025-02-28T15:33:54.4222194Z tests\widgets\test_textinput.py::test_background_color_reset <- build\testbed\windows\app\src\app\tests\widgets\properties.py PASSED [ 73%]
2025-02-28T15:33:54.8480779Z tests\widgets\test_textinput.py::test_background_color_transparent <- build\testbed\windows\app\src\app\tests\widgets\properties.py PASSED [ 73%]
2025-02-28T15:33:55.3958311Z tests\widgets\test_textinput.py::test_color <- build\testbed\windows\app\src\app\tests\widgets\properties.py PASSED [ 73%]
2025-02-28T15:33:55.8197669Z tests\widgets\test_textinput.py::test_color_reset <- build\testbed\windows\app\src\app\tests\widgets\properties.py PASSED [ 73%]
2025-02-28T15:33:56.2594361Z tests\widgets\test_textinput.py::test_enabled <- build\testbed\windows\app\src\app\tests\widgets\properties.py PASSED [ 74%]
2025-02-28T15:33:56.6990075Z tests\widgets\test_textinput.py::test_flex_horizontal_widget_size <- build\testbed\windows\app\src\app\tests\widgets\properties.py PASSED [ 74%]
2025-02-28T15:33:57.2485276Z tests\widgets\test_textinput.py::test_focus <- build\testbed\windows\app\src\app\tests\widgets\properties.py PASSED [ 74%]
2025-02-28T15:33:57.6880566Z tests\widgets\test_textinput.py::test_font <- build\testbed\windows\app\src\app\tests\widgets\properties.py PASSED [ 74%]
2025-02-28T15:33:58.2061167Z tests\widgets\test_textinput.py::test_font_attrs <- build\testbed\windows\app\src\app\tests\widgets\properties.py PASSED [ 74%]
2025-02-28T15:33:58.6588844Z tests\widgets\test_textinput.py::test_placeholder <- build\testbed\windows\app\src\app\tests\widgets\properties.py PASSED [ 74%]
2025-02-28T15:33:59.1007847Z tests\widgets\test_textinput.py::test_placeholder_color <- build\testbed\windows\app\src\app\tests\widgets\properties.py PASSED [ 75%]
2025-02-28T15:33:59.6816956Z tests\widgets\test_textinput.py::test_placeholder_focus <- build\testbed\windows\app\src\app\tests\widgets\properties.py PASSED [ 75%]
2025-02-28T15:34:00.1054680Z tests\widgets\test_textinput.py::test_readonly <- build\testbed\windows\app\src\app\tests\widgets\properties.py PASSED [ 75%]
2025-02-28T15:34:00.6235305Z tests\widgets\test_textinput.py::test_text_align <- build\testbed\windows\app\src\app\tests\widgets\properties.py PASSED [ 75%]
2025-02-28T15:34:00.8745793Z tests\widgets\test_textinput.py::test_cleanup <- build\testbed\windows\app\src\app\tests\widgets\conftest.py PASSED [ 75%]
2025-02-28T15:34:01.2977155Z tests\widgets\test_textinput.py::test_value_not_hidden PASSED            [ 75%]
2025-02-28T15:34:01.9254345Z tests\widgets\test_textinput.py::test_on_change_programmatic[True-] PASSED [ 76%]
2025-02-28T15:34:02.5528607Z tests\widgets\test_textinput.py::test_on_change_programmatic[True-placeholder] PASSED [ 76%]
2025-02-28T15:34:03.1967044Z tests\widgets\test_textinput.py::test_on_change_programmatic[False-] PASSED [ 76%]
2025-02-28T15:34:03.8242548Z tests\widgets\test_textinput.py::test_on_change_programmatic[False-placeholder] PASSED [ 76%]
2025-02-28T15:34:04.8137679Z tests\widgets\test_textinput.py::test_on_change_user PASSED              [ 76%]
2025-02-28T15:34:05.4254650Z tests\widgets\test_textinput.py::test_on_change_focus[True-] PASSED      [ 77%]
2025-02-28T15:34:06.0376864Z tests\widgets\test_textinput.py::test_on_change_focus[True-placeholder] PASSED [ 77%]
2025-02-28T15:34:06.6650353Z tests\widgets\test_textinput.py::test_on_change_focus[False-] PASSED     [ 77%]
2025-02-28T15:34:07.2770638Z tests\widgets\test_textinput.py::test_on_change_focus[False-placeholder] PASSED [ 77%]
2025-02-28T15:34:07.9518721Z tests\widgets\test_textinput.py::test_on_confirm PASSED                  [ 77%]
2025-02-28T15:34:08.5636063Z tests\widgets\test_textinput.py::test_validation PASSED                  [ 77%]
2025-02-28T15:34:09.1286115Z tests\widgets\test_textinput.py::test_text_value PASSED                  [ 78%]
2025-02-28T15:34:09.4106978Z tests\widgets\test_textinput.py::test_undo_redo SKIPPED (Cursor
2025-02-28T15:34:09.5210947Z positioning not supported on this platform)                              [ 78%]
2025-02-28T15:34:10.1016055Z tests\widgets\test_timeinput.py::test_background_color <- build\testbed\windows\app\src\app\tests\widgets\properties.py PASSED [ 78%]
2025-02-28T15:34:10.5244494Z tests\widgets\test_timeinput.py::test_background_color_reset <- build\testbed\windows\app\src\app\tests\widgets\properties.py PASSED [ 78%]
2025-02-28T15:34:10.9480456Z tests\widgets\test_timeinput.py::test_background_color_transparent <- build\testbed\windows\app\src\app\tests\widgets\properties.py PASSED [ 78%]
2025-02-28T15:34:11.4976599Z tests\widgets\test_timeinput.py::test_color <- build\testbed\windows\app\src\app\tests\widgets\properties.py PASSED [ 78%]
2025-02-28T15:34:11.9214788Z tests\widgets\test_timeinput.py::test_color_reset <- build\testbed\windows\app\src\app\tests\widgets\properties.py PASSED [ 79%]
2025-02-28T15:34:12.3446880Z tests\widgets\test_timeinput.py::test_enabled <- build\testbed\windows\app\src\app\tests\widgets\properties.py PASSED [ 79%]
2025-02-28T15:34:12.7839143Z tests\widgets\test_timeinput.py::test_flex_horizontal_widget_size <- build\testbed\windows\app\src\app\tests\widgets\properties.py PASSED [ 79%]
2025-02-28T15:34:13.3499827Z tests\widgets\test_timeinput.py::test_max <- build\testbed\windows\app\src\app\tests\widgets\test_dateinput.py PASSED [ 79%]
2025-02-28T15:34:13.9306216Z tests\widgets\test_timeinput.py::test_min <- build\testbed\windows\app\src\app\tests\widgets\test_dateinput.py PASSED [ 79%]
2025-02-28T15:34:14.4640418Z tests\widgets\test_timeinput.py::test_value <- build\testbed\windows\app\src\app\tests\widgets\test_dateinput.py PASSED [ 79%]
2025-02-28T15:34:14.7307499Z tests\widgets\test_timeinput.py::test_cleanup <- build\testbed\windows\app\src\app\tests\widgets\conftest.py PASSED [ 80%]
2025-02-28T15:34:15.1231918Z tests\widgets\test_timeinput.py::test_init PASSED                        [ 80%]
2025-02-28T15:34:15.6881770Z tests\widgets\test_timeinput.py::test_change PASSED                      [ 80%]
2025-02-28T15:34:15.9239198Z tests\widgets\test_tree.py::test_background_color <- build\testbed\windows\app\src\app\tests\widgets\properties.py SKIPPED [ 80%]
2025-02-28T15:34:16.1594722Z tests\widgets\test_tree.py::test_background_color_reset <- build\testbed\windows\app\src\app\tests\widgets\properties.py SKIPPED [ 80%]
2025-02-28T15:34:16.3943057Z tests\widgets\test_tree.py::test_enable_noop <- build\testbed\windows\app\src\app\tests\widgets\properties.py SKIPPED [ 80%]
2025-02-28T15:34:16.6299562Z tests\widgets\test_tree.py::test_flex_widget_size <- build\testbed\windows\app\src\app\tests\widgets\properties.py SKIPPED [ 81%]
2025-02-28T15:34:16.8500324Z tests\widgets\test_tree.py::test_focus_noop <- build\testbed\windows\app\src\app\tests\widgets\properties.py SKIPPED [ 81%]
2025-02-28T15:34:17.0872649Z tests\widgets\test_tree.py::test_font <- build\testbed\windows\app\src\app\tests\widgets\properties.py SKIPPED [ 81%]
2025-02-28T15:34:17.3229525Z tests\widgets\test_tree.py::test_cleanup <- build\testbed\windows\app\src\app\tests\widgets\conftest.py SKIPPED [ 81%]
2025-02-28T15:34:17.4947397Z tests\widgets\test_tree.py::test_select SKIPPED (not yet implemented on
2025-02-28T15:34:17.5579475Z windows)                                                                 [ 81%]
2025-02-28T15:34:17.7305132Z tests\widgets\test_tree.py::test_expand_collapse SKIPPED (not yet
2025-02-28T15:34:17.7931370Z implemented on windows)                                                  [ 81%]
2025-02-28T15:34:17.9657752Z tests\widgets\test_tree.py::test_activate SKIPPED (not yet implemented
2025-02-28T15:34:18.0288595Z on windows)                                                              [ 82%]
2025-02-28T15:34:18.1557533Z tests\widgets\test_tree.py::test_multiselect SKIPPED (not yet
2025-02-28T15:34:18.2155460Z implemented on windows)                                                  [ 82%]
2025-02-28T15:34:18.3894090Z tests\widgets\test_tree.py::test_row_changes SKIPPED (not yet
2025-02-28T15:34:18.4526742Z implemented on windows)                                                  [ 82%]
2025-02-28T15:34:18.5793060Z tests\widgets\test_tree.py::test_headerless_row_changes SKIPPED (not yet
2025-02-28T15:34:18.6409910Z implemented on windows)                                                  [ 82%]
2025-02-28T15:34:18.8134543Z tests\widgets\test_tree.py::test_column_changes SKIPPED (not yet
2025-02-28T15:34:18.8763541Z implemented on windows)                                                  [ 82%]
2025-02-28T15:34:19.0029962Z tests\widgets\test_tree.py::test_headerless_column_changes SKIPPED (not
2025-02-28T15:34:19.0647970Z yet implemented on windows)                                              [ 83%]
2025-02-28T15:34:19.2376505Z tests\widgets\test_tree.py::test_cell_icon SKIPPED (not yet implemented
2025-02-28T15:34:19.3001072Z on windows)                                                              [ 83%]
2025-02-28T15:34:19.4729293Z tests\widgets\test_tree.py::test_cell_widget SKIPPED (not yet
2025-02-28T15:34:19.5360792Z implemented on windows)                                                  [ 83%]
2025-02-28T15:34:20.1747646Z tests\widgets\test_webview.py::test_flex_widget_size <- build\testbed\windows\app\src\app\tests\widgets\properties.py PASSED [ 83%]
2025-02-28T15:34:20.9247218Z tests\widgets\test_webview.py::test_focus <- build\testbed\windows\app\src\app\tests\widgets\properties.py PASSED [ 83%]
2025-02-28T15:34:21.2275146Z tests\widgets\test_webview.py::test_cleanup <- build\testbed\windows\app\src\app\tests\widgets\conftest.py PASSED [ 83%]
2025-02-28T15:34:22.1585463Z tests\widgets\test_webview.py::test_set_url PASSED                       [ 84%]
2025-02-28T15:34:22.7753174Z tests\widgets\test_webview.py::test_clear_url PASSED                     [ 84%]
2025-02-28T15:34:23.4761922Z tests\widgets\test_webview.py::test_load_empty_url PASSED                [ 84%]
2025-02-28T15:34:24.7998832Z tests\widgets\test_webview.py::test_load_url PASSED                      [ 84%]
2025-02-28T15:34:25.5342397Z tests\widgets\test_webview.py::test_static_content PASSED                [ 84%]
2025-02-28T15:34:26.1282535Z tests\widgets\test_webview.py::test_user_agent PASSED                    [ 84%]
2025-02-28T15:34:26.7539768Z tests\widgets\test_webview.py::test_evaluate_javascript PASSED           [ 85%]
2025-02-28T15:34:27.3785814Z tests\widgets\test_webview.py::test_evaluate_javascript_no_handler PASSED [ 85%]
2025-02-28T15:34:27.9871300Z tests\widgets\test_webview.py::test_evaluate_javascript_error PASSED     [ 85%]
2025-02-28T15:34:28.6124424Z tests\widgets\test_webview.py::test_evaluate_javascript_error_without_handler PASSED [ 85%]
2025-02-28T15:34:32.6807213Z tests\widgets\test_webview.py::test_dom_storage_enabled PASSED           [ 85%]
2025-02-28T15:34:34.0053684Z tests\widgets\test_webview.py::test_retrieve_cookies PASSED              [ 85%]
2025-02-28T15:34:34.4473327Z tests\window\test_dialogs.py::test_info_dialog PASSED                    [ 86%]
2025-02-28T15:34:34.8620774Z tests\window\test_dialogs.py::test_question_dialog[False] PASSED         [ 86%]
2025-02-28T15:34:35.3006139Z tests\window\test_dialogs.py::test_question_dialog[True] PASSED          [ 86%]
2025-02-28T15:34:35.7404209Z tests\window\test_dialogs.py::test_confirm_dialog[False] PASSED          [ 86%]
2025-02-28T15:34:36.1800540Z tests\window\test_dialogs.py::test_confirm_dialog[True] PASSED           [ 86%]
2025-02-28T15:34:36.6195830Z tests\window\test_dialogs.py::test_error_dialog PASSED                   [ 86%]
2025-02-28T15:34:37.0908227Z tests\window\test_dialogs.py::test_stack_trace_dialog[None] PASSED       [ 87%]
2025-02-28T15:34:37.5620039Z tests\window\test_dialogs.py::test_stack_trace_dialog[False] PASSED      [ 87%]
2025-02-28T15:34:38.0486839Z tests\window\test_dialogs.py::test_stack_trace_dialog[True] PASSED       [ 87%]
2025-02-28T15:34:38.5988791Z tests\window\test_dialogs.py::test_save_file_dialog[/path/to/file.txt-None-result0] PASSED [ 87%]
2025-02-28T15:34:39.1320804Z tests\window\test_dialogs.py::test_save_file_dialog[/path/to/file.txt-None-None] PASSED [ 87%]
2025-02-28T15:34:39.7014223Z tests\window\test_dialogs.py::test_save_file_dialog[/path/to/file.txt-file_types2-result2] PASSED [ 87%]
2025-02-28T15:34:40.2308712Z tests\window\test_dialogs.py::test_save_file_dialog[/path/to/file.txt-file_types3-None] PASSED [ 88%]
2025-02-28T15:34:40.7644008Z tests\window\test_dialogs.py::test_open_file_dialog[initial_directory0-None-False-result0] PASSED [ 88%]
2025-02-28T15:34:41.2829486Z tests\window\test_dialogs.py::test_open_file_dialog[initial_directory1-None-False-None] PASSED [ 88%]
2025-02-28T15:34:41.8321019Z tests\window\test_dialogs.py::test_open_file_dialog[None-None-False-result2] PASSED [ 88%]
2025-02-28T15:34:42.3662126Z tests\window\test_dialogs.py::test_open_file_dialog[initial_directory3-file_types3-False-result3] PASSED [ 88%]
2025-02-28T15:34:42.9152070Z tests\window\test_dialogs.py::test_open_file_dialog[initial_directory4-None-True-result4] PASSED [ 89%]
2025-02-28T15:34:43.4499476Z tests\window\test_dialogs.py::test_open_file_dialog[initial_directory5-None-True-result5] PASSED [ 89%]
2025-02-28T15:34:43.9671172Z tests\window\test_dialogs.py::test_open_file_dialog[initial_directory6-None-True-None] PASSED [ 89%]
2025-02-28T15:34:44.5167829Z tests\window\test_dialogs.py::test_open_file_dialog[None-None-True-result7] PASSED [ 89%]
2025-02-28T15:34:45.0673053Z tests\window\test_dialogs.py::test_open_file_dialog[initial_directory8-file_types8-True-result8] PASSED [ 89%]
2025-02-28T15:34:45.5842750Z tests\window\test_dialogs.py::test_select_folder_dialog[initial_directory0-False-result0] PASSED [ 89%]
2025-02-28T15:34:46.0732814Z tests\window\test_dialogs.py::test_select_folder_dialog[initial_directory1-False-None] PASSED [ 90%]
2025-02-28T15:34:46.5741934Z tests\window\test_dialogs.py::test_select_folder_dialog[None-False-result2] PASSED [ 90%]
2025-02-28T15:34:47.0762479Z tests\window\test_dialogs.py::test_select_folder_dialog[initial_directory3-True-result3] PASSED [ 90%]
2025-02-28T15:34:47.5465054Z tests\window\test_dialogs.py::test_select_folder_dialog[initial_directory4-True-result4] PASSED [ 90%]
2025-02-28T15:34:48.0332558Z tests\window\test_dialogs.py::test_select_folder_dialog[initial_directory5-True-None] PASSED [ 90%]
2025-02-28T15:34:48.3161172Z tests\window\test_window.py::test_title PASSED                           [ 90%]
2025-02-28T15:34:48.7397156Z tests\window\test_window.py::test_secondary_window[Window-second_window_kwargs0] PASSED [ 91%]
2025-02-28T15:34:49.1949420Z tests\window\test_window.py::test_secondary_window_with_args[Window-second_window_kwargs0] PASSED [ 91%]
2025-02-28T15:34:49.4930345Z tests\window\test_window.py::test_secondary_window_with_content PASSED   [ 91%]
2025-02-28T15:34:49.8069888Z tests\window\test_window.py::test_secondary_window_cleanup PASSED        [ 91%]
2025-02-28T15:34:50.3249397Z tests\window\test_window.py::test_secondary_window_toolbar[MainWindow-second_window_kwargs0] PASSED [ 91%]
2025-02-28T15:34:50.7496748Z tests\window\test_window.py::test_non_resizable[Window-second_window_kwargs0] PASSED [ 91%]
2025-02-28T15:34:51.2205867Z tests\window\test_window.py::test_non_closable[Window-second_window_kwargs0] PASSED [ 92%]
2025-02-28T15:34:51.6291263Z tests\window\test_window.py::test_non_minimizable[Window-second_window_kwargs0] PASSED [ 92%]
2025-02-28T15:34:52.1944382Z tests\window\test_window.py::test_visibility[Window-second_window_kwargs0] PASSED [ 92%]
2025-02-28T15:34:52.6973016Z tests\window\test_window.py::test_move_and_resize[Window-second_window_kwargs0] PASSED [ 92%]
2025-02-28T15:34:53.2310045Z tests\window\test_window.py::test_window_state_change[MainWindow-second_window_kwargs0-WindowState.NORMAL-WindowState.MINIMIZED] PASSED [ 92%]
2025-02-28T15:34:53.7807856Z tests\window\test_window.py::test_window_state_change[MainWindow-second_window_kwargs0-WindowState.NORMAL-WindowState.MAXIMIZED] PASSED [ 92%]
2025-02-28T15:34:54.2987155Z tests\window\test_window.py::test_window_state_change[MainWindow-second_window_kwargs0-WindowState.NORMAL-WindowState.FULLSCREEN] PASSED [ 93%]
2025-02-28T15:34:54.8329722Z tests\window\test_window.py::test_window_state_change[MainWindow-second_window_kwargs0-WindowState.NORMAL-WindowState.PRESENTATION] PASSED [ 93%]
2025-02-28T15:34:55.3829257Z tests\window\test_window.py::test_window_state_change[MainWindow-second_window_kwargs0-WindowState.NORMAL-WindowState.NORMAL] PASSED [ 93%]
2025-02-28T15:34:55.9164062Z tests\window\test_window.py::test_window_state_change[MainWindow-second_window_kwargs0-WindowState.MINIMIZED-WindowState.NORMAL] PASSED [ 93%]
2025-02-28T15:34:56.4665379Z tests\window\test_window.py::test_window_state_change[MainWindow-second_window_kwargs0-WindowState.MINIMIZED-WindowState.MAXIMIZED] PASSED [ 93%]
2025-02-28T15:34:57.0181787Z tests\window\test_window.py::test_window_state_change[MainWindow-second_window_kwargs0-WindowState.MINIMIZED-WindowState.FULLSCREEN] PASSED [ 93%]
2025-02-28T15:34:57.5969459Z tests\window\test_window.py::test_window_state_change[MainWindow-second_window_kwargs0-WindowState.MINIMIZED-WindowState.PRESENTATION] PASSED [ 94%]
2025-02-28T15:34:58.1460979Z tests\window\test_window.py::test_window_state_change[MainWindow-second_window_kwargs0-WindowState.MINIMIZED-WindowState.MINIMIZED] PASSED [ 94%]
2025-02-28T15:34:58.6873425Z tests\window\test_window.py::test_window_state_change[MainWindow-second_window_kwargs0-WindowState.MAXIMIZED-WindowState.NORMAL] PASSED [ 94%]
2025-02-28T15:34:59.1977186Z tests\window\test_window.py::test_window_state_change[MainWindow-second_window_kwargs0-WindowState.MAXIMIZED-WindowState.MINIMIZED] PASSED [ 94%]
2025-02-28T15:34:59.7465667Z tests\window\test_window.py::test_window_state_change[MainWindow-second_window_kwargs0-WindowState.MAXIMIZED-WindowState.FULLSCREEN] PASSED [ 94%]
2025-02-28T15:35:00.3117098Z tests\window\test_window.py::test_window_state_change[MainWindow-second_window_kwargs0-WindowState.MAXIMIZED-WindowState.PRESENTATION] PASSED [ 95%]
2025-02-28T15:35:00.8460743Z tests\window\test_window.py::test_window_state_change[MainWindow-second_window_kwargs0-WindowState.MAXIMIZED-WindowState.MAXIMIZED] PASSED [ 95%]
2025-02-28T15:35:01.4430162Z tests\window\test_window.py::test_window_state_change[MainWindow-second_window_kwargs0-WindowState.FULLSCREEN-WindowState.NORMAL] PASSED [ 95%]
2025-02-28T15:35:02.0394634Z tests\window\test_window.py::test_window_state_change[MainWindow-second_window_kwargs0-WindowState.FULLSCREEN-WindowState.MINIMIZED] PASSED [ 95%]
2025-02-28T15:35:02.6210081Z tests\window\test_window.py::test_window_state_change[MainWindow-second_window_kwargs0-WindowState.FULLSCREEN-WindowState.MAXIMIZED] PASSED [ 95%]
2025-02-28T15:35:03.2010301Z tests\window\test_window.py::test_window_state_change[MainWindow-second_window_kwargs0-WindowState.FULLSCREEN-WindowState.PRESENTATION] PASSED [ 95%]
2025-02-28T15:35:03.7349541Z tests\window\test_window.py::test_window_state_change[MainWindow-second_window_kwargs0-WindowState.FULLSCREEN-WindowState.FULLSCREEN] PASSED [ 96%]
2025-02-28T15:35:04.3316753Z tests\window\test_window.py::test_window_state_change[MainWindow-second_window_kwargs0-WindowState.PRESENTATION-WindowState.NORMAL] PASSED [ 96%]
2025-02-28T15:35:04.9171747Z tests\window\test_window.py::test_window_state_change[MainWindow-second_window_kwargs0-WindowState.PRESENTATION-WindowState.MINIMIZED] PASSED [ 96%]
2025-02-28T15:35:05.4926763Z tests\window\test_window.py::test_window_state_change[MainWindow-second_window_kwargs0-WindowState.PRESENTATION-WindowState.MAXIMIZED] PASSED [ 96%]
2025-02-28T15:35:06.0892613Z tests\window\test_window.py::test_window_state_change[MainWindow-second_window_kwargs0-WindowState.PRESENTATION-WindowState.FULLSCREEN] PASSED [ 96%]
2025-02-28T15:35:06.6237236Z tests\window\test_window.py::test_window_state_change[MainWindow-second_window_kwargs0-WindowState.PRESENTATION-WindowState.PRESENTATION] PASSED [ 96%]
2025-02-28T15:35:07.1727076Z tests\window\test_window.py::test_window_state_rapid_assignment[MainWindow-second_window_kwargs0-states0] PASSED [ 97%]
2025-02-28T15:35:07.7378216Z tests\window\test_window.py::test_window_state_rapid_assignment[MainWindow-second_window_kwargs0-states1] PASSED [ 97%]
2025-02-28T15:35:08.3183195Z tests\window\test_window.py::test_window_state_rapid_assignment[MainWindow-second_window_kwargs0-states2] PASSED [ 97%]
2025-02-28T15:35:08.8990731Z tests\window\test_window.py::test_window_state_rapid_assignment[MainWindow-second_window_kwargs0-states3] PASSED [ 97%]
2025-02-28T15:35:09.3704906Z tests\window\test_window.py::test_window_state_same_as_current_without_intermediate_states[Window-second_window_kwargs0-WindowState.NORMAL] PASSED [ 97%]
2025-02-28T15:35:09.8415993Z tests\window\test_window.py::test_window_state_same_as_current_without_intermediate_states[Window-second_window_kwargs0-WindowState.MINIMIZED] PASSED [ 97%]
2025-02-28T15:35:10.3119561Z tests\window\test_window.py::test_window_state_same_as_current_without_intermediate_states[Window-second_window_kwargs0-WindowState.MAXIMIZED] PASSED [ 98%]
2025-02-28T15:35:10.7833778Z tests\window\test_window.py::test_window_state_same_as_current_without_intermediate_states[Window-second_window_kwargs0-WindowState.FULLSCREEN] PASSED [ 98%]
2025-02-28T15:35:11.2537190Z tests\window\test_window.py::test_window_state_same_as_current_without_intermediate_states[Window-second_window_kwargs0-WindowState.PRESENTATION] PASSED [ 98%]
2025-02-28T15:35:11.7566211Z tests\window\test_window.py::test_window_state_content_size_increase[Window-second_window_kwargs0-WindowState.MAXIMIZED] PASSED [ 98%]
2025-02-28T15:35:12.2893026Z tests\window\test_window.py::test_window_state_content_size_increase[Window-second_window_kwargs0-WindowState.FULLSCREEN] PASSED [ 98%]
2025-02-28T15:35:12.8068571Z tests\window\test_window.py::test_window_state_content_size_increase[Window-second_window_kwargs0-WindowState.PRESENTATION] PASSED [ 98%]
2025-02-28T15:35:13.2936981Z tests\window\test_window.py::test_window_state_when_window_hidden[Window-second_window_kwargs0-WindowState.NORMAL] PASSED [ 99%]
2025-02-28T15:35:13.7805664Z tests\window\test_window.py::test_window_state_when_window_hidden[Window-second_window_kwargs0-WindowState.MAXIMIZED] PASSED [ 99%]
2025-02-28T15:35:14.2519894Z tests\window\test_window.py::test_focus_events[Window-second_window_kwargs0] PASSED [ 99%]
2025-02-28T15:35:14.7218949Z tests\window\test_window.py::test_visibility_events[Window-second_window_kwargs0] PASSED [ 99%]
2025-02-28T15:35:15.1933642Z tests\window\test_window.py::test_screen[Window-second_window_kwargs0] PASSED [ 99%]
2025-02-28T15:35:15.6108107Z tests\window\test_window.py::test_as_image PASSED                        [100%]
2025-02-28T15:35:15.6117283Z 
2025-02-28T15:35:15.6125343Z =========== 543 passed, 36 skipped, 7 xfailed in 386.60s (0:06:26) ============
2025-02-28T15:35:15.9985311Z Name    Stmts   Miss Branch BrPart   Cover   Missing
2025-02-28T15:35:15.9995094Z ----------------------------------------------------
2025-02-28T15:35:16.0002686Z TOTAL    2399      0    436      0  100.0%
2025-02-28T15:35:16.0010133Z 
2025-02-28T15:35:16.0017448Z 48 files skipped due to complete coverage.
2025-02-28T15:35:19.1151992Z 
2025-02-28T15:35:19.1172511Z [testbed] Test suite passed!
2025-02-28T15:35:19.1191950Z Saving log... started
2025-02-28T15:35:19.1212482Z 
2025-02-28T15:35:19.1687333Z Log saved to D:\a\toga\toga\testbed\logs\briefcase.2025_02_28-15_35_19.run.log
2025-02-28T15:35:19.1700839Z 
2025-02-28T15:35:19.1702484Z Saving log... done
2025-02-28T15:35:19.3281255Z Post job cleanup.
2025-02-28T15:35:19.6092383Z Post job cleanup.
2025-02-28T15:35:19.8325426Z [command]"C:\Program Files\Git\bin\git.exe" version
2025-02-28T15:35:19.8622644Z git version 2.48.1.windows.1
2025-02-28T15:35:19.8696923Z Temporarily overriding HOME='D:\a\_temp\3079af1b-01ce-4c87-b18b-8ec19b3a070d' before making global git config changes
2025-02-28T15:35:19.8697590Z Adding repository directory to the temporary git global config as a safe directory
2025-02-28T15:35:19.8708506Z [command]"C:\Program Files\Git\bin\git.exe" config --global --add safe.directory D:\a\toga\toga
2025-02-28T15:35:19.8945764Z [command]"C:\Program Files\Git\bin\git.exe" config --local --name-only --get-regexp core\.sshCommand
2025-02-28T15:35:19.9174513Z [command]"C:\Program Files\Git\bin\git.exe" submodule foreach --recursive "sh -c \"git config --local --name-only --get-regexp 'core\.sshCommand' && git config --local --unset-all 'core.sshCommand' || :\""
2025-02-28T15:35:20.3616527Z [command]"C:\Program Files\Git\bin\git.exe" config --local --name-only --get-regexp http\.https\:\/\/github\.com\/\.extraheader
2025-02-28T15:35:20.3807624Z http.https://github.com/.extraheader
2025-02-28T15:35:20.3847120Z [command]"C:\Program Files\Git\bin\git.exe" config --local --unset-all http.https://github.com/.extraheader
2025-02-28T15:35:20.4069412Z [command]"C:\Program Files\Git\bin\git.exe" submodule foreach --recursive "sh -c \"git config --local --name-only --get-regexp 'http\.https\:\/\/github\.com\/\.extraheader' && git config --local --unset-all 'http.https://github.com/.extraheader' || :\""
2025-02-28T15:35:20.8098776Z Cleaning up orphan processes
