2025-02-28T15:27:09.3220260Z Current runner version: '2.322.0'
2025-02-28T15:27:09.3241990Z ##[group]Operating System
2025-02-28T15:27:09.3242570Z macOS
2025-02-28T15:27:09.3242900Z 14.7.2
2025-02-28T15:27:09.3243220Z 23H311
2025-02-28T15:27:09.3243530Z ##[endgroup]
2025-02-28T15:27:09.3243850Z ##[group]Runner Image
2025-02-28T15:27:09.3244220Z Image: macos-14-arm64
2025-02-28T15:27:09.3244560Z Version: 20250120.774
2025-02-28T15:27:09.3245280Z Included Software: https://github.com/actions/runner-images/blob/macos-14-arm64/20250120.774/images/macos/macos-14-arm64-Readme.md
2025-02-28T15:27:09.3246260Z Image Release: https://github.com/actions/runner-images/releases/tag/macos-14-arm64%2F20250120.774
2025-02-28T15:27:09.3246870Z ##[endgroup]
2025-02-28T15:27:09.3247200Z ##[group]Runner Image Provisioner
2025-02-28T15:27:09.3247620Z 2.0.422.1+55c30c14fe2a0a1547db1b656933ae07d97649a9
2025-02-28T15:27:09.3248030Z ##[endgroup]
2025-02-28T15:27:09.3249470Z ##[group]GITHUB_TOKEN Permissions
2025-02-28T15:27:09.3251720Z Actions: read
2025-02-28T15:27:09.3252080Z Attestations: read
2025-02-28T15:27:09.3252410Z Checks: read
2025-02-28T15:27:09.3252710Z Contents: read
2025-02-28T15:27:09.3253020Z Deployments: read
2025-02-28T15:27:09.3253340Z Discussions: read
2025-02-28T15:27:09.3253660Z Issues: read
2025-02-28T15:27:09.3253960Z Metadata: read
2025-02-28T15:27:09.3254270Z Packages: read
2025-02-28T15:27:09.3254640Z Pages: read
2025-02-28T15:27:09.3254960Z PullRequests: read
2025-02-28T15:27:09.3255290Z RepositoryProjects: read
2025-02-28T15:27:09.3255650Z SecurityEvents: read
2025-02-28T15:27:09.3255980Z Statuses: read
2025-02-28T15:27:09.3256300Z ##[endgroup]
2025-02-28T15:27:09.3258570Z Secret source: None
2025-02-28T15:27:09.3258990Z Prepare workflow directory
2025-02-28T15:27:09.3775450Z Prepare all required actions
2025-02-28T15:27:09.3812020Z Getting action download info
2025-02-28T15:27:09.5865900Z Download action repository 'smorimoto/tune-github-hosted-runner-network@v1.0.0' (SHA:bb252dcb5c8609a31087e7993daa086f5a1c0069)
2025-02-28T15:27:10.6437260Z Download action repository 'actions/checkout@v4.2.2' (SHA:11bd71901bbe5b1630ceea73d27597364c9af683)
2025-02-28T15:27:10.7123130Z Download action repository 'actions/setup-python@v5.4.0' (SHA:42375524e23c412d93fb67b49958b491fce71c38)
2025-02-28T15:27:12.0492140Z Download action repository 'actions/download-artifact@v4.1.8' (SHA:fa0a91b85d4f404e444e00e005971372dc801d16)
2025-02-28T15:27:13.3844080Z Download action repository 'actions/upload-artifact@v4.6.1' (SHA:4cec3d8aa04e39d1a68397de0c4cd6fb9dce8ec1)
2025-02-28T15:27:14.8325470Z Complete job name: Testbed (iOS)
2025-02-28T15:27:14.8674020Z ##[group]Run smorimoto/tune-github-hosted-runner-network@v1.0.0
2025-02-28T15:27:14.8674520Z env:
2025-02-28T15:27:14.8674690Z   min_python_version: 3.9
2025-02-28T15:27:14.8674870Z   max_python_version: 3.12
2025-02-28T15:27:14.8675030Z   FORCE_COLOR: 1
2025-02-28T15:27:14.8675170Z ##[endgroup]
2025-02-28T15:27:14.8786270Z ##[group]Run sudo sysctl -w net.link.generic.system.hwcksum_tx=0
2025-02-28T15:27:14.8786690Z [36;1msudo sysctl -w net.link.generic.system.hwcksum_tx=0[0m
2025-02-28T15:27:14.8786990Z [36;1msudo sysctl -w net.link.generic.system.hwcksum_rx=0[0m
2025-02-28T15:27:14.8841100Z shell: /bin/bash --noprofile --norc -e -o pipefail {0}
2025-02-28T15:27:14.8841360Z env:
2025-02-28T15:27:14.8841520Z   min_python_version: 3.9
2025-02-28T15:27:14.8841680Z   max_python_version: 3.12
2025-02-28T15:27:14.8841830Z   FORCE_COLOR: 1
2025-02-28T15:27:14.8841970Z ##[endgroup]
2025-02-28T15:27:14.9720280Z net.link.generic.system.hwcksum_tx: 1 -> 0
2025-02-28T15:27:14.9804590Z net.link.generic.system.hwcksum_rx: 1 -> 0
2025-02-28T15:27:15.0005490Z ##[group]Run actions/checkout@v4.2.2
2025-02-28T15:27:15.0006130Z with:
2025-02-28T15:27:15.0006450Z   fetch-depth: 0
2025-02-28T15:27:15.0006700Z   repository: beeware/toga
2025-02-28T15:27:15.0007200Z   token: ***
2025-02-28T15:27:15.0007360Z   ssh-strict: true
2025-02-28T15:27:15.0007530Z   ssh-user: git
2025-02-28T15:27:15.0007690Z   persist-credentials: true
2025-02-28T15:27:15.0008260Z   clean: true
2025-02-28T15:27:15.0008460Z   sparse-checkout-cone-mode: true
2025-02-28T15:27:15.0008730Z   fetch-tags: false
2025-02-28T15:27:15.0008890Z   show-progress: true
2025-02-28T15:27:15.0009070Z   lfs: false
2025-02-28T15:27:15.0009210Z   submodules: false
2025-02-28T15:27:15.0009380Z   set-safe-directory: true
2025-02-28T15:27:15.0009550Z env:
2025-02-28T15:27:15.0009700Z   min_python_version: 3.9
2025-02-28T15:27:15.0009890Z   max_python_version: 3.12
2025-02-28T15:27:15.0010060Z   FORCE_COLOR: 1
2025-02-28T15:27:15.0010250Z ##[endgroup]
2025-02-28T15:27:15.3562900Z Syncing repository: beeware/toga
2025-02-28T15:27:15.3563900Z ##[group]Getting Git version info
2025-02-28T15:27:15.3564160Z Working directory is '/Users/runner/work/toga/toga'
2025-02-28T15:27:15.3582980Z [command]/opt/homebrew/bin/git version
2025-02-28T15:27:15.4181410Z git version 2.48.1
2025-02-28T15:27:15.4209280Z ##[endgroup]
2025-02-28T15:27:15.4217130Z Copying '/Users/runner/.gitconfig' to '/Users/runner/work/_temp/f04f8449-5939-4fcb-b385-d84f3d4dc5bf/.gitconfig'
2025-02-28T15:27:15.4225400Z Temporarily overriding HOME='/Users/runner/work/_temp/f04f8449-5939-4fcb-b385-d84f3d4dc5bf' before making global git config changes
2025-02-28T15:27:15.4229610Z Adding repository directory to the temporary git global config as a safe directory
2025-02-28T15:27:15.4230170Z [command]/opt/homebrew/bin/git config --global --add safe.directory /Users/runner/work/toga/toga
2025-02-28T15:27:15.4353630Z Deleting the contents of '/Users/runner/work/toga/toga'
2025-02-28T15:27:15.4354280Z ##[group]Initializing the repository
2025-02-28T15:27:15.4354740Z [command]/opt/homebrew/bin/git init /Users/runner/work/toga/toga
2025-02-28T15:27:15.4552770Z hint: Using 'master' as the name for the initial branch. This default branch name
2025-02-28T15:27:15.4553540Z hint: is subject to change. To configure the initial branch name to use in all
2025-02-28T15:27:15.4554350Z hint: of your new repositories, which will suppress this warning, call:
2025-02-28T15:27:15.4554780Z hint:
2025-02-28T15:27:15.4555160Z hint: 	git config --global init.defaultBranch <name>
2025-02-28T15:27:15.4555490Z hint:
2025-02-28T15:27:15.4555820Z hint: Names commonly chosen instead of 'master' are 'main', 'trunk' and
2025-02-28T15:27:15.4556320Z hint: 'development'. The just-created branch can be renamed via this command:
2025-02-28T15:27:15.4556710Z hint:
2025-02-28T15:27:15.4556980Z hint: 	git branch -m <name>
2025-02-28T15:27:15.4557360Z Initialized empty Git repository in /Users/runner/work/toga/toga/.git/
2025-02-28T15:27:15.4559460Z [command]/opt/homebrew/bin/git remote add origin https://github.com/beeware/toga
2025-02-28T15:27:15.4619730Z ##[endgroup]
2025-02-28T15:27:15.4620270Z ##[group]Disabling automatic garbage collection
2025-02-28T15:27:15.4621500Z [command]/opt/homebrew/bin/git config --local gc.auto 0
2025-02-28T15:27:15.4672910Z ##[endgroup]
2025-02-28T15:27:15.4673320Z ##[group]Setting up auth
2025-02-28T15:27:15.4677450Z [command]/opt/homebrew/bin/git config --local --name-only --get-regexp core\.sshCommand
2025-02-28T15:27:15.4731420Z [command]/opt/homebrew/bin/git submodule foreach --recursive sh -c "git config --local --name-only --get-regexp 'core\.sshCommand' && git config --local --unset-all 'core.sshCommand' || :"
2025-02-28T15:27:15.5311460Z [command]/opt/homebrew/bin/git config --local --name-only --get-regexp http\.https\:\/\/github\.com\/\.extraheader
2025-02-28T15:27:15.5354000Z [command]/opt/homebrew/bin/git submodule foreach --recursive sh -c "git config --local --name-only --get-regexp 'http\.https\:\/\/github\.com\/\.extraheader' && git config --local --unset-all 'http.https://github.com/.extraheader' || :"
2025-02-28T15:27:15.6128190Z [command]/opt/homebrew/bin/git config --local http.https://github.com/.extraheader AUTHORIZATION: basic ***
2025-02-28T15:27:15.6199920Z ##[endgroup]
2025-02-28T15:27:15.6261440Z ##[group]Fetching the repository
2025-02-28T15:27:15.6266280Z [command]/opt/homebrew/bin/git -c protocol.version=2 fetch --prune --no-recurse-submodules origin +refs/heads/*:refs/remotes/origin/* +refs/tags/*:refs/tags/* +68266e24a68fb42fbbeefb9a1fc4181dfda30fbe:refs/remotes/pull/3217/merge
2025-02-28T15:27:18.7879180Z From https://github.com/beeware/toga
2025-02-28T15:27:18.7954380Z  * [new branch]          main         -> origin/main
2025-02-28T15:27:18.7962480Z  * [new branch]          pre-0.5      -> origin/pre-0.5
2025-02-28T15:27:18.7962780Z  * [new tag]             0.2.6        -> 0.2.6
2025-02-28T15:27:18.7963090Z  * [new tag]             v0.0.1rc1    -> v0.0.1rc1
2025-02-28T15:27:18.7963540Z  * [new tag]             v0.0.1rc10   -> v0.0.1rc10
2025-02-28T15:27:18.7964140Z  * [new tag]             v0.0.1rc5    -> v0.0.1rc5
2025-02-28T15:27:18.7964480Z  * [new tag]             v0.0.1rc6    -> v0.0.1rc6
2025-02-28T15:27:18.7964810Z  * [new tag]             v0.1.0       -> v0.1.0
2025-02-28T15:27:18.7965040Z  * [new tag]             v0.1.1       -> v0.1.1
2025-02-28T15:27:18.7965280Z  * [new tag]             v0.1.2       -> v0.1.2
2025-02-28T15:27:18.7965550Z  * [new tag]             v0.2.0       -> v0.2.0
2025-02-28T15:27:18.7965780Z  * [new tag]             v0.2.0.dev1  -> v0.2.0.dev1
2025-02-28T15:27:18.7966050Z  * [new tag]             v0.2.1       -> v0.2.1
2025-02-28T15:27:18.7966470Z  * [new tag]             v0.2.10      -> v0.2.10
2025-02-28T15:27:18.7966730Z  * [new tag]             v0.2.11      -> v0.2.11
2025-02-28T15:27:18.7966940Z  * [new tag]             v0.2.12      -> v0.2.12
2025-02-28T15:27:18.7967200Z  * [new tag]             v0.2.13      -> v0.2.13
2025-02-28T15:27:18.7967530Z  * [new tag]             v0.2.14      -> v0.2.14
2025-02-28T15:27:18.7967810Z  * [new tag]             v0.2.15      -> v0.2.15
2025-02-28T15:27:18.7968080Z  * [new tag]             v0.2.2       -> v0.2.2
2025-02-28T15:27:18.7968330Z  * [new tag]             v0.2.3       -> v0.2.3
2025-02-28T15:27:18.7969730Z  * [new tag]             v0.2.4       -> v0.2.4
2025-02-28T15:27:18.7970110Z  * [new tag]             v0.2.5       -> v0.2.5
2025-02-28T15:27:18.7970440Z  * [new tag]             v0.2.6       -> v0.2.6
2025-02-28T15:27:18.7971580Z  * [new tag]             v0.2.7       -> v0.2.7
2025-02-28T15:27:18.7971970Z  * [new tag]             v0.2.8       -> v0.2.8
2025-02-28T15:27:18.7972320Z  * [new tag]             v0.2.9       -> v0.2.9
2025-02-28T15:27:18.7973080Z  * [new tag]             v0.3.0       -> v0.3.0
2025-02-28T15:27:18.7973720Z  * [new tag]             v0.3.0.dev1  -> v0.3.0.dev1
2025-02-28T15:27:18.7974060Z  * [new tag]             v0.3.0.dev10 -> v0.3.0.dev10
2025-02-28T15:27:18.7974780Z  * [new tag]             v0.3.0.dev11 -> v0.3.0.dev11
2025-02-28T15:27:18.7975140Z  * [new tag]             v0.3.0.dev12 -> v0.3.0.dev12
2025-02-28T15:27:18.7975490Z  * [new tag]             v0.3.0.dev13 -> v0.3.0.dev13
2025-02-28T15:27:18.7976930Z  * [new tag]             v0.3.0.dev14 -> v0.3.0.dev14
2025-02-28T15:27:18.7977660Z  * [new tag]             v0.3.0.dev15 -> v0.3.0.dev15
2025-02-28T15:27:18.7978090Z  * [new tag]             v0.3.0.dev16 -> v0.3.0.dev16
2025-02-28T15:27:18.7978440Z  * [new tag]             v0.3.0.dev17 -> v0.3.0.dev17
2025-02-28T15:27:18.7979520Z  * [new tag]             v0.3.0.dev18 -> v0.3.0.dev18
2025-02-28T15:27:18.7979910Z  * [new tag]             v0.3.0.dev19 -> v0.3.0.dev19
2025-02-28T15:27:18.7980300Z  * [new tag]             v0.3.0.dev2  -> v0.3.0.dev2
2025-02-28T15:27:18.7981150Z  * [new tag]             v0.3.0.dev20 -> v0.3.0.dev20
2025-02-28T15:27:18.7981570Z  * [new tag]             v0.3.0.dev21 -> v0.3.0.dev21
2025-02-28T15:27:18.7982070Z  * [new tag]             v0.3.0.dev22 -> v0.3.0.dev22
2025-02-28T15:27:18.7983280Z  * [new tag]             v0.3.0.dev23 -> v0.3.0.dev23
2025-02-28T15:27:18.7983730Z  * [new tag]             v0.3.0.dev24 -> v0.3.0.dev24
2025-02-28T15:27:18.7984520Z  * [new tag]             v0.3.0.dev25 -> v0.3.0.dev25
2025-02-28T15:27:18.7984870Z  * [new tag]             v0.3.0.dev26 -> v0.3.0.dev26
2025-02-28T15:27:18.7985680Z  * [new tag]             v0.3.0.dev27 -> v0.3.0.dev27
2025-02-28T15:27:18.7986350Z  * [new tag]             v0.3.0.dev28 -> v0.3.0.dev28
2025-02-28T15:27:18.7987670Z  * [new tag]             v0.3.0.dev29 -> v0.3.0.dev29
2025-02-28T15:27:18.7989000Z  * [new tag]             v0.3.0.dev3  -> v0.3.0.dev3
2025-02-28T15:27:18.7989400Z  * [new tag]             v0.3.0.dev30 -> v0.3.0.dev30
2025-02-28T15:27:18.7990530Z  * [new tag]             v0.3.0.dev32 -> v0.3.0.dev32
2025-02-28T15:27:18.7990880Z  * [new tag]             v0.3.0.dev33 -> v0.3.0.dev33
2025-02-28T15:27:18.7991220Z  * [new tag]             v0.3.0.dev34 -> v0.3.0.dev34
2025-02-28T15:27:18.7992010Z  * [new tag]             v0.3.0.dev35 -> v0.3.0.dev35
2025-02-28T15:27:18.7992480Z  * [new tag]             v0.3.0.dev36 -> v0.3.0.dev36
2025-02-28T15:27:18.7992810Z  * [new tag]             v0.3.0.dev37 -> v0.3.0.dev37
2025-02-28T15:27:18.7993140Z  * [new tag]             v0.3.0.dev38 -> v0.3.0.dev38
2025-02-28T15:27:18.7994050Z  * [new tag]             v0.3.0.dev39 -> v0.3.0.dev39
2025-02-28T15:27:18.7994380Z  * [new tag]             v0.3.0.dev4  -> v0.3.0.dev4
2025-02-28T15:27:18.7994820Z  * [new tag]             v0.3.0.dev5  -> v0.3.0.dev5
2025-02-28T15:27:18.7995610Z  * [new tag]             v0.3.0.dev6  -> v0.3.0.dev6
2025-02-28T15:27:18.7995950Z  * [new tag]             v0.3.0.dev7  -> v0.3.0.dev7
2025-02-28T15:27:18.7996700Z  * [new tag]             v0.3.0.dev8  -> v0.3.0.dev8
2025-02-28T15:27:18.7998670Z  * [new tag]             v0.3.0.dev9  -> v0.3.0.dev9
2025-02-28T15:27:18.8000320Z  * [new tag]             v0.3.0rc0    -> v0.3.0rc0
2025-02-28T15:27:18.8001730Z  * [new tag]             v0.3.1       -> v0.3.1
2025-02-28T15:27:18.8003250Z  * [new tag]             v0.4.0       -> v0.4.0
2025-02-28T15:27:18.8004560Z  * [new tag]             v0.4.1       -> v0.4.1
2025-02-28T15:27:18.8006290Z  * [new tag]             v0.4.2       -> v0.4.2
2025-02-28T15:27:18.8008500Z  * [new tag]             v0.4.3       -> v0.4.3
2025-02-28T15:27:18.8010330Z  * [new tag]             v0.4.4       -> v0.4.4
2025-02-28T15:27:18.8012060Z  * [new tag]             v0.4.5       -> v0.4.5
2025-02-28T15:27:18.8013790Z  * [new tag]             v0.4.6       -> v0.4.6
2025-02-28T15:27:18.8015480Z  * [new tag]             v0.4.7       -> v0.4.7
2025-02-28T15:27:18.8017830Z  * [new tag]             v0.4.8       -> v0.4.8
2025-02-28T15:27:18.8026230Z  * [new tag]             v0.4.9       -> v0.4.9
2025-02-28T15:27:18.8026810Z  * [new ref]             68266e24a68fb42fbbeefb9a1fc4181dfda30fbe -> pull/3217/merge
2025-02-28T15:27:18.8147790Z ##[endgroup]
2025-02-28T15:27:18.8148610Z ##[group]Determining the checkout info
2025-02-28T15:27:18.8152630Z ##[endgroup]
2025-02-28T15:27:18.8167670Z [command]/opt/homebrew/bin/git sparse-checkout disable
2025-02-28T15:27:18.8312310Z [command]/opt/homebrew/bin/git config --local --unset-all extensions.worktreeConfig
2025-02-28T15:27:18.8363550Z ##[group]Checking out the ref
2025-02-28T15:27:18.8364200Z [command]/opt/homebrew/bin/git checkout --progress --force refs/remotes/pull/3217/merge
2025-02-28T15:27:19.2022850Z HEAD is now at 68266e24a Merge ee512b602a87bb9213021e3ceab7c75b22852c2d into 39458b6f220cd2eeafe9dcf5d470bd504914850a
2025-02-28T15:27:19.2036810Z ##[endgroup]
2025-02-28T15:27:19.2102310Z [command]/opt/homebrew/bin/git log -1 --format=%H
2025-02-28T15:27:19.2145520Z 68266e24a68fb42fbbeefb9a1fc4181dfda30fbe
2025-02-28T15:27:19.2280790Z ##[group]Run actions/setup-python@v5.4.0
2025-02-28T15:27:19.2281000Z with:
2025-02-28T15:27:19.2281130Z   python-version: 3.12
2025-02-28T15:27:19.2281280Z   check-latest: false
2025-02-28T15:27:19.2281590Z   token: ***
2025-02-28T15:27:19.2281720Z   update-environment: true
2025-02-28T15:27:19.2281920Z   allow-prereleases: false
2025-02-28T15:27:19.2282090Z env:
2025-02-28T15:27:19.2282220Z   min_python_version: 3.9
2025-02-28T15:27:19.2282400Z   max_python_version: 3.12
2025-02-28T15:27:19.2282560Z   FORCE_COLOR: 1
2025-02-28T15:27:19.2282700Z ##[endgroup]
2025-02-28T15:27:19.3798570Z ##[group]Installed versions
2025-02-28T15:27:19.3861870Z Successfully set up CPython (3.12.8)
2025-02-28T15:27:19.3864150Z ##[endgroup]
2025-02-28T15:27:19.3993960Z ##[group]Run # Use the development version of Briefcase
2025-02-28T15:27:19.3994260Z [36;1m[0m
2025-02-28T15:27:19.3994460Z [36;1m# Use the development version of Briefcase[0m
2025-02-28T15:27:19.3994710Z [36;1mpython -m pip install -U pip[0m
2025-02-28T15:27:19.3995030Z [36;1mpython -m pip install git+https://github.com/beeware/briefcase.git[0m
2025-02-28T15:27:19.4128650Z shell: /bin/bash --noprofile --norc -e -o pipefail {0}
2025-02-28T15:27:19.4128910Z env:
2025-02-28T15:27:19.4129050Z   min_python_version: 3.9
2025-02-28T15:27:19.4129210Z   max_python_version: 3.12
2025-02-28T15:27:19.4129370Z   FORCE_COLOR: 1
2025-02-28T15:27:19.4129590Z   pythonLocation: /Users/runner/hostedtoolcache/Python/3.12.8/arm64
2025-02-28T15:27:19.4129980Z   PKG_CONFIG_PATH: /Users/runner/hostedtoolcache/Python/3.12.8/arm64/lib/pkgconfig
2025-02-28T15:27:19.4130340Z   Python_ROOT_DIR: /Users/runner/hostedtoolcache/Python/3.12.8/arm64
2025-02-28T15:27:19.4130770Z   Python2_ROOT_DIR: /Users/runner/hostedtoolcache/Python/3.12.8/arm64
2025-02-28T15:27:19.4131100Z   Python3_ROOT_DIR: /Users/runner/hostedtoolcache/Python/3.12.8/arm64
2025-02-28T15:27:19.4131350Z   PIP_BREAK_SYSTEM_PACKAGES: 1
2025-02-28T15:27:19.4131520Z ##[endgroup]
2025-02-28T15:27:20.6999450Z Requirement already satisfied: pip in /Library/Frameworks/Python.framework/Versions/3.12/lib/python3.12/site-packages (24.3.1)
2025-02-28T15:27:20.8180810Z Collecting pip
2025-02-28T15:27:20.8458210Z   Downloading pip-25.0.1-py3-none-any.whl.metadata (3.7 kB)
2025-02-28T15:27:20.8576390Z Downloading pip-25.0.1-py3-none-any.whl (1.8 MB)
2025-02-28T15:27:20.8752500Z [?25l   [90m━━━━━━━━━━━━━━━━━━━━━━━━━━━━━━━━━━━━━━━━[0m [32m0.0/1.8 MB[0m [31m?[0m eta [36m-:--:--[0m
2025-02-28T15:27:20.8753310Z [2K   [90m━━━━━━━━━━━━━━━━━━━━━━━━━━━━━━━━━━━━━━━━[0m [32m1.8/1.8 MB[0m [31m111.3 MB/s[0m eta [36m0:00:00[0m
2025-02-28T15:27:20.8866190Z [?25hInstalling collected packages: pip
2025-02-28T15:27:20.8866560Z   Attempting uninstall: pip
2025-02-28T15:27:20.8878050Z     Found existing installation: pip 24.3.1
2025-02-28T15:27:20.9086600Z     Uninstalling pip-24.3.1:
2025-02-28T15:27:21.0415020Z       Successfully uninstalled pip-24.3.1
2025-02-28T15:27:22.2036000Z Successfully installed pip-25.0.1
2025-02-28T15:27:22.6882190Z Collecting git+https://github.com/beeware/briefcase.git
2025-02-28T15:27:22.6884880Z   Cloning https://github.com/beeware/briefcase.git to /private/var/folders/2s/h6hvv9ps03xgz_krkkstvq_r0000gn/T/pip-req-build-ww6j6cgf
2025-02-28T15:27:22.6972810Z   Running command git clone --filter=blob:none --quiet https://github.com/beeware/briefcase.git /private/var/folders/2s/h6hvv9ps03xgz_krkkstvq_r0000gn/T/pip-req-build-ww6j6cgf
2025-02-28T15:27:25.7523120Z   Resolved https://github.com/beeware/briefcase.git to commit b53bbac6e5ef8e2c5789b59e36fd0635086a489a
2025-02-28T15:27:25.7691460Z   Installing build dependencies: started
2025-02-28T15:27:30.0430950Z   Installing build dependencies: finished with status 'done'
2025-02-28T15:27:30.0526530Z   Getting requirements to build wheel: started
2025-02-28T15:27:30.6151850Z   Getting requirements to build wheel: finished with status 'done'
2025-02-28T15:27:30.6170180Z   Preparing metadata (pyproject.toml): started
2025-02-28T15:27:31.1211580Z   Preparing metadata (pyproject.toml): finished with status 'done'
2025-02-28T15:27:31.1471400Z Collecting packaging>=24.2 (from briefcase==0.3.23.dev12+gb53bbac6)
2025-02-28T15:27:31.1482280Z   Using cached packaging-24.2-py3-none-any.whl.metadata (3.2 kB)
2025-02-28T15:27:31.1516200Z Requirement already satisfied: pip>=24.3 in /Library/Frameworks/Python.framework/Versions/3.12/lib/python3.12/site-packages (from briefcase==0.3.23.dev12+gb53bbac6) (25.0.1)
2025-02-28T15:27:31.2180840Z Collecting setuptools>=60 (from briefcase==0.3.23.dev12+gb53bbac6)
2025-02-28T15:27:31.2289120Z   Downloading setuptools-75.8.2-py3-none-any.whl.metadata (6.7 kB)
2025-02-28T15:27:31.2551620Z Collecting wheel>=0.37 (from briefcase==0.3.23.dev12+gb53bbac6)
2025-02-28T15:27:31.2574810Z   Downloading wheel-0.45.1-py3-none-any.whl.metadata (2.3 kB)
2025-02-28T15:27:31.2736960Z Collecting build>=0.10 (from briefcase==0.3.23.dev12+gb53bbac6)
2025-02-28T15:27:31.2765250Z   Downloading build-1.2.2.post1-py3-none-any.whl.metadata (6.5 kB)
2025-02-28T15:27:31.3210730Z Collecting cookiecutter<3.0,>=2.6.0 (from briefcase==0.3.23.dev12+gb53bbac6)
2025-02-28T15:27:31.3281260Z   Downloading cookiecutter-2.6.0-py3-none-any.whl.metadata (7.3 kB)
2025-02-28T15:27:31.3403760Z Collecting dmgbuild<2.0,>=1.6.4 (from briefcase==0.3.23.dev12+gb53bbac6)
2025-02-28T15:27:31.3448130Z   Downloading dmgbuild-1.6.4-py3-none-any.whl.metadata (3.2 kB)
2025-02-28T15:27:31.3699000Z Collecting GitPython<4.0,>=3.1 (from briefcase==0.3.23.dev12+gb53bbac6)
2025-02-28T15:27:31.3724800Z   Downloading GitPython-3.1.44-py3-none-any.whl.metadata (13 kB)
2025-02-28T15:27:31.3901980Z Collecting platformdirs<5.0,>=2.6 (from briefcase==0.3.23.dev12+gb53bbac6)
2025-02-28T15:27:31.3934810Z   Downloading platformdirs-4.3.6-py3-none-any.whl.metadata (11 kB)
2025-02-28T15:27:31.4703430Z Collecting psutil<8.0,>=5.9 (from briefcase==0.3.23.dev12+gb53bbac6)
2025-02-28T15:27:31.4762020Z   Downloading psutil-7.0.0-cp36-abi3-macosx_11_0_arm64.whl.metadata (22 kB)
2025-02-28T15:27:31.5104910Z Collecting python-dateutil>=2.9.0.post0 (from briefcase==0.3.23.dev12+gb53bbac6)
2025-02-28T15:27:31.5139910Z   Downloading python_dateutil-2.9.0.post0-py2.py3-none-any.whl.metadata (8.4 kB)
2025-02-28T15:27:31.5722010Z Collecting httpx<1.0,>=0.20 (from briefcase==0.3.23.dev12+gb53bbac6)
2025-02-28T15:27:31.5759210Z   Downloading httpx-0.28.1-py3-none-any.whl.metadata (7.1 kB)
2025-02-28T15:27:31.6131130Z Collecting rich<14.0,>=12.6 (from briefcase==0.3.23.dev12+gb53bbac6)
2025-02-28T15:27:31.6176970Z   Downloading rich-13.9.4-py3-none-any.whl.metadata (18 kB)
2025-02-28T15:27:31.6354560Z Collecting tomli_w<2.0,>=1.0 (from briefcase==0.3.23.dev12+gb53bbac6)
2025-02-28T15:27:31.6389320Z   Downloading tomli_w-1.2.0-py3-none-any.whl.metadata (5.7 kB)
2025-02-28T15:27:31.6571850Z Collecting pyproject_hooks (from build>=0.10->briefcase==0.3.23.dev12+gb53bbac6)
2025-02-28T15:27:31.6598750Z   Downloading pyproject_hooks-1.2.0-py3-none-any.whl.metadata (1.3 kB)
2025-02-28T15:27:31.6721320Z Collecting binaryornot>=0.4.4 (from cookiecutter<3.0,>=2.6.0->briefcase==0.3.23.dev12+gb53bbac6)
2025-02-28T15:27:31.6753930Z   Downloading binaryornot-0.4.4-py2.py3-none-any.whl.metadata (6.0 kB)
2025-02-28T15:27:31.6907000Z Collecting Jinja2<4.0.0,>=2.7 (from cookiecutter<3.0,>=2.6.0->briefcase==0.3.23.dev12+gb53bbac6)
2025-02-28T15:27:31.6935850Z   Downloading jinja2-3.1.5-py3-none-any.whl.metadata (2.6 kB)
2025-02-28T15:27:31.7110810Z Collecting click<9.0.0,>=7.0 (from cookiecutter<3.0,>=2.6.0->briefcase==0.3.23.dev12+gb53bbac6)
2025-02-28T15:27:31.7139150Z   Downloading click-8.1.8-py3-none-any.whl.metadata (2.3 kB)
2025-02-28T15:27:31.7408090Z Collecting pyyaml>=5.3.1 (from cookiecutter<3.0,>=2.6.0->briefcase==0.3.23.dev12+gb53bbac6)
2025-02-28T15:27:31.7445850Z   Downloading PyYAML-6.0.2-cp312-cp312-macosx_11_0_arm64.whl.metadata (2.1 kB)
2025-02-28T15:27:31.7893510Z Collecting python-slugify>=4.0.0 (from cookiecutter<3.0,>=2.6.0->briefcase==0.3.23.dev12+gb53bbac6)
2025-02-28T15:27:31.7945420Z   Downloading python_slugify-8.0.4-py2.py3-none-any.whl.metadata (8.5 kB)
2025-02-28T15:27:31.8725640Z Collecting requests>=2.23.0 (from cookiecutter<3.0,>=2.6.0->briefcase==0.3.23.dev12+gb53bbac6)
2025-02-28T15:27:31.8775620Z   Downloading requests-2.32.3-py3-none-any.whl.metadata (4.6 kB)
2025-02-28T15:27:31.9049030Z Collecting arrow (from cookiecutter<3.0,>=2.6.0->briefcase==0.3.23.dev12+gb53bbac6)
2025-02-28T15:27:31.9120140Z   Downloading arrow-1.3.0-py3-none-any.whl.metadata (7.5 kB)
2025-02-28T15:27:31.9400590Z Collecting ds_store>=1.1.0 (from dmgbuild<2.0,>=1.6.4->briefcase==0.3.23.dev12+gb53bbac6)
2025-02-28T15:27:31.9453670Z   Downloading ds_store-1.3.1-py3-none-any.whl.metadata (3.0 kB)
2025-02-28T15:27:31.9946300Z Collecting mac_alias>=2.0.1 (from dmgbuild<2.0,>=1.6.4->briefcase==0.3.23.dev12+gb53bbac6)
2025-02-28T15:27:31.9997630Z   Downloading mac_alias-2.2.2-py3-none-any.whl.metadata (3.1 kB)
2025-02-28T15:27:32.0187770Z Collecting gitdb<5,>=4.0.1 (from GitPython<4.0,>=3.1->briefcase==0.3.23.dev12+gb53bbac6)
2025-02-28T15:27:32.0236360Z   Downloading gitdb-4.0.12-py3-none-any.whl.metadata (1.2 kB)
2025-02-28T15:27:32.0505640Z Collecting anyio (from httpx<1.0,>=0.20->briefcase==0.3.23.dev12+gb53bbac6)
2025-02-28T15:27:32.0543120Z   Downloading anyio-4.8.0-py3-none-any.whl.metadata (4.6 kB)
2025-02-28T15:27:32.0790450Z Requirement already satisfied: certifi in /Library/Frameworks/Python.framework/Versions/3.12/lib/python3.12/site-packages (from httpx<1.0,>=0.20->briefcase==0.3.23.dev12+gb53bbac6) (2024.12.14)
2025-02-28T15:27:32.0955450Z Collecting httpcore==1.* (from httpx<1.0,>=0.20->briefcase==0.3.23.dev12+gb53bbac6)
2025-02-28T15:27:32.0991650Z   Downloading httpcore-1.0.7-py3-none-any.whl.metadata (21 kB)
2025-02-28T15:27:32.1214680Z Collecting idna (from httpx<1.0,>=0.20->briefcase==0.3.23.dev12+gb53bbac6)
2025-02-28T15:27:32.1255410Z   Downloading idna-3.10-py3-none-any.whl.metadata (10 kB)
2025-02-28T15:27:32.1954020Z Collecting h11<0.15,>=0.13 (from httpcore==1.*->httpx<1.0,>=0.20->briefcase==0.3.23.dev12+gb53bbac6)
2025-02-28T15:27:32.2060280Z   Downloading h11-0.14.0-py3-none-any.whl.metadata (8.2 kB)
2025-02-28T15:27:32.2318800Z Collecting six>=1.5 (from python-dateutil>=2.9.0.post0->briefcase==0.3.23.dev12+gb53bbac6)
2025-02-28T15:27:32.2381550Z   Downloading six-1.17.0-py2.py3-none-any.whl.metadata (1.7 kB)
2025-02-28T15:27:32.2682770Z Collecting markdown-it-py>=2.2.0 (from rich<14.0,>=12.6->briefcase==0.3.23.dev12+gb53bbac6)
2025-02-28T15:27:32.2786060Z   Downloading markdown_it_py-3.0.0-py3-none-any.whl.metadata (6.9 kB)
2025-02-28T15:27:32.3750430Z Collecting pygments<3.0.0,>=2.13.0 (from rich<14.0,>=12.6->briefcase==0.3.23.dev12+gb53bbac6)
2025-02-28T15:27:32.3799150Z   Downloading pygments-2.19.1-py3-none-any.whl.metadata (2.5 kB)
2025-02-28T15:27:32.4003690Z Collecting chardet>=3.0.2 (from binaryornot>=0.4.4->cookiecutter<3.0,>=2.6.0->briefcase==0.3.23.dev12+gb53bbac6)
2025-02-28T15:27:32.4034940Z   Downloading chardet-5.2.0-py3-none-any.whl.metadata (3.4 kB)
2025-02-28T15:27:32.4164620Z Collecting smmap<6,>=3.0.1 (from gitdb<5,>=4.0.1->GitPython<4.0,>=3.1->briefcase==0.3.23.dev12+gb53bbac6)
2025-02-28T15:27:32.4196580Z   Downloading smmap-5.0.2-py3-none-any.whl.metadata (4.3 kB)
2025-02-28T15:27:32.5292650Z Collecting MarkupSafe>=2.0 (from Jinja2<4.0.0,>=2.7->cookiecutter<3.0,>=2.6.0->briefcase==0.3.23.dev12+gb53bbac6)
2025-02-28T15:27:32.5406380Z   Downloading MarkupSafe-3.0.2-cp312-cp312-macosx_11_0_arm64.whl.metadata (4.0 kB)
2025-02-28T15:27:32.5926010Z Collecting mdurl~=0.1 (from markdown-it-py>=2.2.0->rich<14.0,>=12.6->briefcase==0.3.23.dev12+gb53bbac6)
2025-02-28T15:27:32.5962930Z   Downloading mdurl-0.1.2-py3-none-any.whl.metadata (1.6 kB)
2025-02-28T15:27:32.6117960Z Collecting text-unidecode>=1.3 (from python-slugify>=4.0.0->cookiecutter<3.0,>=2.6.0->briefcase==0.3.23.dev12+gb53bbac6)
2025-02-28T15:27:32.6153030Z   Downloading text_unidecode-1.3-py2.py3-none-any.whl.metadata (2.4 kB)
2025-02-28T15:27:32.6676680Z Collecting charset-normalizer<4,>=2 (from requests>=2.23.0->cookiecutter<3.0,>=2.6.0->briefcase==0.3.23.dev12+gb53bbac6)
2025-02-28T15:27:32.6705860Z   Downloading charset_normalizer-3.4.1-cp312-cp312-macosx_10_13_universal2.whl.metadata (35 kB)
2025-02-28T15:27:32.6958750Z Collecting urllib3<3,>=1.21.1 (from requests>=2.23.0->cookiecutter<3.0,>=2.6.0->briefcase==0.3.23.dev12+gb53bbac6)
2025-02-28T15:27:32.6992080Z   Downloading urllib3-2.3.0-py3-none-any.whl.metadata (6.5 kB)
2025-02-28T15:27:32.7352210Z Collecting sniffio>=1.1 (from anyio->httpx<1.0,>=0.20->briefcase==0.3.23.dev12+gb53bbac6)
2025-02-28T15:27:32.7387320Z   Downloading sniffio-1.3.1-py3-none-any.whl.metadata (3.9 kB)
2025-02-28T15:27:32.7820050Z Collecting typing_extensions>=4.5 (from anyio->httpx<1.0,>=0.20->briefcase==0.3.23.dev12+gb53bbac6)
2025-02-28T15:27:32.7851160Z   Downloading typing_extensions-4.12.2-py3-none-any.whl.metadata (3.0 kB)
2025-02-28T15:27:32.8062360Z Collecting types-python-dateutil>=2.8.10 (from arrow->cookiecutter<3.0,>=2.6.0->briefcase==0.3.23.dev12+gb53bbac6)
2025-02-28T15:27:32.8092740Z   Downloading types_python_dateutil-2.9.0.20241206-py3-none-any.whl.metadata (2.1 kB)
2025-02-28T15:27:32.8324860Z Downloading build-1.2.2.post1-py3-none-any.whl (22 kB)
2025-02-28T15:27:32.8574890Z Downloading cookiecutter-2.6.0-py3-none-any.whl (39 kB)
2025-02-28T15:27:32.8709090Z Downloading dmgbuild-1.6.4-py3-none-any.whl (34 kB)
2025-02-28T15:27:32.8819180Z Downloading GitPython-3.1.44-py3-none-any.whl (207 kB)
2025-02-28T15:27:32.8944880Z Downloading httpx-0.28.1-py3-none-any.whl (73 kB)
2025-02-28T15:27:32.9058440Z Downloading httpcore-1.0.7-py3-none-any.whl (78 kB)
2025-02-28T15:27:32.9127030Z Using cached packaging-24.2-py3-none-any.whl (65 kB)
2025-02-28T15:27:32.9170970Z Downloading platformdirs-4.3.6-py3-none-any.whl (18 kB)
2025-02-28T15:27:32.9250570Z Downloading psutil-7.0.0-cp36-abi3-macosx_11_0_arm64.whl (239 kB)
2025-02-28T15:27:32.9323490Z Downloading python_dateutil-2.9.0.post0-py2.py3-none-any.whl (229 kB)
2025-02-28T15:27:32.9408810Z Downloading rich-13.9.4-py3-none-any.whl (242 kB)
2025-02-28T15:27:32.9658890Z Downloading setuptools-75.8.2-py3-none-any.whl (1.2 MB)
2025-02-28T15:27:32.9790650Z [?25l   [90m━━━━━━━━━━━━━━━━━━━━━━━━━━━━━━━━━━━━━━━━[0m [32m0.0/1.2 MB[0m [31m?[0m eta [36m-:--:--[0m
2025-02-28T15:27:32.9791190Z [2K   [90m━━━━━━━━━━━━━━━━━━━━━━━━━━━━━━━━━━━━━━━━[0m [32m1.2/1.2 MB[0m [31m95.4 MB/s[0m eta [36m0:00:00[0m
2025-02-28T15:27:32.9825810Z [?25hDownloading tomli_w-1.2.0-py3-none-any.whl (6.7 kB)
2025-02-28T15:27:32.9924810Z Downloading wheel-0.45.1-py3-none-any.whl (72 kB)
2025-02-28T15:27:33.0190320Z Downloading binaryornot-0.4.4-py2.py3-none-any.whl (9.0 kB)
2025-02-28T15:27:33.0268640Z Downloading click-8.1.8-py3-none-any.whl (98 kB)
2025-02-28T15:27:33.0360250Z Downloading ds_store-1.3.1-py3-none-any.whl (16 kB)
2025-02-28T15:27:33.0416400Z Downloading gitdb-4.0.12-py3-none-any.whl (62 kB)
2025-02-28T15:27:33.0500040Z Downloading jinja2-3.1.5-py3-none-any.whl (134 kB)
2025-02-28T15:27:33.0623560Z Downloading mac_alias-2.2.2-py3-none-any.whl (21 kB)
2025-02-28T15:27:33.0911070Z Downloading markdown_it_py-3.0.0-py3-none-any.whl (87 kB)
2025-02-28T15:27:33.1012130Z Downloading pygments-2.19.1-py3-none-any.whl (1.2 MB)
2025-02-28T15:27:33.1213280Z [?25l   [90m━━━━━━━━━━━━━━━━━━━━━━━━━━━━━━━━━━━━━━━━[0m [32m0.0/1.2 MB[0m [31m?[0m eta [36m-:--:--[0m
2025-02-28T15:27:33.1213880Z [2K   [90m━━━━━━━━━━━━━━━━━━━━━━━━━━━━━━━━━━━━━━━━[0m [32m1.2/1.2 MB[0m [31m57.7 MB/s[0m eta [36m0:00:00[0m
2025-02-28T15:27:33.1260310Z [?25hDownloading python_slugify-8.0.4-py2.py3-none-any.whl (10 kB)
2025-02-28T15:27:33.1350070Z Downloading PyYAML-6.0.2-cp312-cp312-macosx_11_0_arm64.whl (173 kB)
2025-02-28T15:27:33.1430790Z Downloading requests-2.32.3-py3-none-any.whl (64 kB)
2025-02-28T15:27:33.1584410Z Downloading idna-3.10-py3-none-any.whl (70 kB)
2025-02-28T15:27:33.1665040Z Downloading six-1.17.0-py2.py3-none-any.whl (11 kB)
2025-02-28T15:27:33.1753270Z Downloading anyio-4.8.0-py3-none-any.whl (96 kB)
2025-02-28T15:27:33.1845240Z Downloading arrow-1.3.0-py3-none-any.whl (66 kB)
2025-02-28T15:27:33.1943420Z Downloading pyproject_hooks-1.2.0-py3-none-any.whl (10 kB)
2025-02-28T15:27:33.2019990Z Downloading chardet-5.2.0-py3-none-any.whl (199 kB)
2025-02-28T15:27:33.2121260Z Downloading charset_normalizer-3.4.1-cp312-cp312-macosx_10_13_universal2.whl (196 kB)
2025-02-28T15:27:33.2204360Z Downloading h11-0.14.0-py3-none-any.whl (58 kB)
2025-02-28T15:27:33.2279730Z Downloading MarkupSafe-3.0.2-cp312-cp312-macosx_11_0_arm64.whl (12 kB)
2025-02-28T15:27:33.2347910Z Downloading mdurl-0.1.2-py3-none-any.whl (10.0 kB)
2025-02-28T15:27:33.2415150Z Downloading smmap-5.0.2-py3-none-any.whl (24 kB)
2025-02-28T15:27:33.2484670Z Downloading sniffio-1.3.1-py3-none-any.whl (10 kB)
2025-02-28T15:27:33.2594930Z Downloading text_unidecode-1.3-py2.py3-none-any.whl (78 kB)
2025-02-28T15:27:33.2868570Z Downloading types_python_dateutil-2.9.0.20241206-py3-none-any.whl (14 kB)
2025-02-28T15:27:33.2952620Z Downloading typing_extensions-4.12.2-py3-none-any.whl (37 kB)
2025-02-28T15:27:33.3051910Z Downloading urllib3-2.3.0-py3-none-any.whl (128 kB)
2025-02-28T15:27:33.3742960Z Building wheels for collected packages: briefcase
2025-02-28T15:27:33.3756990Z   Building wheel for briefcase (pyproject.toml): started
2025-02-28T15:27:34.1253650Z   Building wheel for briefcase (pyproject.toml): finished with status 'done'
2025-02-28T15:27:34.1266700Z   Created wheel for briefcase: filename=briefcase-0.3.23.dev12+gb53bbac6-py3-none-any.whl size=240924 sha256=03f9ad226b2ef7e65b27639577629c5dffef0cb4bf263bb14b0b7b0420a202e5
2025-02-28T15:27:34.1267650Z   Stored in directory: /private/var/folders/2s/h6hvv9ps03xgz_krkkstvq_r0000gn/T/pip-ephem-wheel-cache-54k3d97a/wheels/c5/04/18/55524f7f66d67aa89c0ad161b560d13d7948240e6934e45f7e
2025-02-28T15:27:34.1292920Z Successfully built briefcase
2025-02-28T15:27:34.2011500Z Installing collected packages: text-unidecode, wheel, urllib3, typing_extensions, types-python-dateutil, tomli_w, sniffio, smmap, six, setuptools, pyyaml, python-slugify, pyproject_hooks, pygments, psutil, platformdirs, packaging, mdurl, MarkupSafe, mac_alias, idna, h11, click, charset-normalizer, chardet, requests, python-dateutil, markdown-it-py, Jinja2, httpcore, gitdb, ds_store, build, binaryornot, anyio, rich, httpx, GitPython, dmgbuild, arrow, cookiecutter, briefcase
2025-02-28T15:27:39.9105280Z Successfully installed GitPython-3.1.44 Jinja2-3.1.5 MarkupSafe-3.0.2 anyio-4.8.0 arrow-1.3.0 binaryornot-0.4.4 briefcase-0.3.23.dev12+gb53bbac6 build-1.2.2.post1 chardet-5.2.0 charset-normalizer-3.4.1 click-8.1.8 cookiecutter-2.6.0 dmgbuild-1.6.4 ds_store-1.3.1 gitdb-4.0.12 h11-0.14.0 httpcore-1.0.7 httpx-0.28.1 idna-3.10 mac_alias-2.2.2 markdown-it-py-3.0.0 mdurl-0.1.2 packaging-24.2 platformdirs-4.3.6 psutil-7.0.0 pygments-2.19.1 pyproject_hooks-1.2.0 python-dateutil-2.9.0.post0 python-slugify-8.0.4 pyyaml-6.0.2 requests-2.32.3 rich-13.9.4 setuptools-75.8.2 six-1.17.0 smmap-5.0.2 sniffio-1.3.1 text-unidecode-1.3 tomli_w-1.2.0 types-python-dateutil-2.9.0.20241206 typing_extensions-4.12.2 urllib3-2.3.0 wheel-0.45.1
2025-02-28T15:27:40.1618320Z ##[group]Run actions/download-artifact@v4.1.8
2025-02-28T15:27:40.1618560Z with:
2025-02-28T15:27:40.1618700Z   pattern: Packages-toga-*
2025-02-28T15:27:40.1618870Z   merge-multiple: true
2025-02-28T15:27:40.1619010Z   path: dist
2025-02-28T15:27:40.1619240Z   repository: beeware/toga
2025-02-28T15:27:40.1619400Z   run-id: 13591189051
2025-02-28T15:27:40.1619540Z env:
2025-02-28T15:27:40.1619660Z   min_python_version: 3.9
2025-02-28T15:27:40.1619820Z   max_python_version: 3.12
2025-02-28T15:27:40.1619970Z   FORCE_COLOR: 1
2025-02-28T15:27:40.1620200Z   pythonLocation: /Users/runner/hostedtoolcache/Python/3.12.8/arm64
2025-02-28T15:27:40.1620580Z   PKG_CONFIG_PATH: /Users/runner/hostedtoolcache/Python/3.12.8/arm64/lib/pkgconfig
2025-02-28T15:27:40.1620960Z   Python_ROOT_DIR: /Users/runner/hostedtoolcache/Python/3.12.8/arm64
2025-02-28T15:27:40.1621280Z   Python2_ROOT_DIR: /Users/runner/hostedtoolcache/Python/3.12.8/arm64
2025-02-28T15:27:40.1621650Z   Python3_ROOT_DIR: /Users/runner/hostedtoolcache/Python/3.12.8/arm64
2025-02-28T15:27:40.1621890Z ##[endgroup]
2025-02-28T15:27:40.7424950Z Found 56 artifact(s)
2025-02-28T15:27:40.7425540Z Filtering artifacts by pattern 'Packages-toga-*'
2025-02-28T15:27:40.7426020Z Preparing to download the following artifacts:
2025-02-28T15:27:40.7426350Z - Packages-toga-winforms (ID: 2671287482, Size: 912634)
2025-02-28T15:27:40.7426760Z - Packages-toga-dummy (ID: 2671286695, Size: 148605)
2025-02-28T15:27:40.7428080Z - Packages-toga-core (ID: 2671286668, Size: 1154108)
2025-02-28T15:27:40.7428610Z - Packages-toga-iOS (ID: 2671286641, Size: 872393)
2025-02-28T15:27:40.7428920Z - Packages-toga-demo (ID: 2671286618, Size: 1242392)
2025-02-28T15:27:40.7429450Z - Packages-toga-web (ID: 2671286591, Size: 34849)
2025-02-28T15:27:40.7430540Z - Packages-toga-cocoa (ID: 2671286553, Size: 929372)
2025-02-28T15:27:40.7430860Z - Packages-toga-gtk (ID: 2671286494, Size: 142140)
2025-02-28T15:27:40.7431330Z - Packages-toga-travertino (ID: 2671286454, Size: 62313)
2025-02-28T15:27:40.7433280Z - Packages-toga-android (ID: 2671286345, Size: 138242)
2025-02-28T15:27:40.7433610Z - Packages-toga-toga (ID: 2671286304, Size: 7265)
2025-02-28T15:27:40.7433950Z - Packages-toga-textual (ID: 2671286253, Size: 32043)
2025-02-28T15:27:40.8047780Z Redirecting to blob download url: https://productionresultssa15.blob.core.windows.net/actions-results/2833d74d-b108-4855-a138-f9cc692c54c9/workflow-job-run-3124742b-843a-5b41-b426-aef8afedb9f7/artifacts/442c3fefacaa5f4a317396d7241d3673a3eab28c29b7e651a0b97534d592e35d.zip
2025-02-28T15:27:40.8048830Z Starting download of artifact to: /Users/runner/work/toga/toga/dist
2025-02-28T15:27:40.8305940Z Redirecting to blob download url: https://productionresultssa15.blob.core.windows.net/actions-results/2833d74d-b108-4855-a138-f9cc692c54c9/workflow-job-run-866e389a-a1a0-5c67-a00f-72c22223abfe/artifacts/b4bca85baf5c112d5a88797759fe2e27b3de49b97e7268608199152765d6405a.zip
2025-02-28T15:27:40.8306960Z Starting download of artifact to: /Users/runner/work/toga/toga/dist
2025-02-28T15:27:40.8370820Z Redirecting to blob download url: https://productionresultssa15.blob.core.windows.net/actions-results/2833d74d-b108-4855-a138-f9cc692c54c9/workflow-job-run-996a8579-f179-559d-4190-0dfa80ff20d7/artifacts/78e64f25892d1e62a7fba16b04b2d38f38656067df6d708afd5432245debf794.zip
2025-02-28T15:27:40.8371890Z Starting download of artifact to: /Users/runner/work/toga/toga/dist
2025-02-28T15:27:40.8464970Z Redirecting to blob download url: https://productionresultssa15.blob.core.windows.net/actions-results/2833d74d-b108-4855-a138-f9cc692c54c9/workflow-job-run-46aa3184-e851-51af-58d5-831072cd673f/artifacts/485660db63ec446c9f562cc6bdf49c64bf27c37a329b95a30a2467812096f020.zip
2025-02-28T15:27:40.8466020Z Starting download of artifact to: /Users/runner/work/toga/toga/dist
2025-02-28T15:27:40.8475140Z Redirecting to blob download url: https://productionresultssa15.blob.core.windows.net/actions-results/2833d74d-b108-4855-a138-f9cc692c54c9/workflow-job-run-f1ed5179-285b-5126-8d3b-2df284d1f11c/artifacts/a55c024fa54bd7854415e2c7edfeb2c5046af07e859f8da7b852b08eadc84e2a.zip
2025-02-28T15:27:40.8476170Z Starting download of artifact to: /Users/runner/work/toga/toga/dist
2025-02-28T15:27:40.8488460Z Redirecting to blob download url: https://productionresultssa15.blob.core.windows.net/actions-results/2833d74d-b108-4855-a138-f9cc692c54c9/workflow-job-run-98be74ae-5157-5c81-b7d0-b2ef5821a81e/artifacts/6e0cae3735cba3d010b2e4c6917aa1f2ffe72638fbddcfcf5e7d00e456e64178.zip
2025-02-28T15:27:40.8495250Z Starting download of artifact to: /Users/runner/work/toga/toga/dist
2025-02-28T15:27:40.8507280Z Redirecting to blob download url: https://productionresultssa15.blob.core.windows.net/actions-results/2833d74d-b108-4855-a138-f9cc692c54c9/workflow-job-run-18bbcbc6-8763-5d15-2620-0ac883eea9b0/artifacts/42ca5e4547811af7883a91d6c65b481266e15c0cdc8d243ec9aae2b558253c02.zip
2025-02-28T15:27:40.8508220Z Starting download of artifact to: /Users/runner/work/toga/toga/dist
2025-02-28T15:27:40.8543980Z Redirecting to blob download url: https://productionresultssa15.blob.core.windows.net/actions-results/2833d74d-b108-4855-a138-f9cc692c54c9/workflow-job-run-137efbf3-bb9f-5901-016f-a9ca027ec083/artifacts/3f2c1a4e1441705d00c0abbd5f3913c6b215c2d9365be6ffa9fcc342e7742def.zip
2025-02-28T15:27:40.8545270Z Starting download of artifact to: /Users/runner/work/toga/toga/dist
2025-02-28T15:27:40.8597020Z Redirecting to blob download url: https://productionresultssa15.blob.core.windows.net/actions-results/2833d74d-b108-4855-a138-f9cc692c54c9/workflow-job-run-7815ca6b-1b41-513e-fbe7-8eccb083611a/artifacts/1660c57eb65463a413672e3e25e0e2a0d8c8794547115554b39228f20230f22e.zip
2025-02-28T15:27:40.8598100Z Starting download of artifact to: /Users/runner/work/toga/toga/dist
2025-02-28T15:27:40.8614060Z Redirecting to blob download url: https://productionresultssa15.blob.core.windows.net/actions-results/2833d74d-b108-4855-a138-f9cc692c54c9/workflow-job-run-832e8880-3eb6-5d89-0c04-ef547b46a59e/artifacts/dd722970e727682fe8f4f464e3511dbda02932b6586e5f2f8ac9f8f11f50cdc9.zip
2025-02-28T15:27:40.8615560Z Starting download of artifact to: /Users/runner/work/toga/toga/dist
2025-02-28T15:27:40.8660060Z (node:2474) [DEP0005] DeprecationWarning: Buffer() is deprecated due to security and usability issues. Please use the Buffer.alloc(), Buffer.allocUnsafe(), or Buffer.from() methods instead.
2025-02-28T15:27:40.8662800Z (Use `node --trace-deprecation ...` to show where the warning was created)
2025-02-28T15:27:40.8707140Z Redirecting to blob download url: https://productionresultssa15.blob.core.windows.net/actions-results/2833d74d-b108-4855-a138-f9cc692c54c9/workflow-job-run-e2a6fa47-47a3-5188-27fb-56f4e71042c8/artifacts/5425332638acb926f3e0f42935440601f1f6cf4c943281c5f8b926bd1948bc25.zip
2025-02-28T15:27:40.8708220Z Starting download of artifact to: /Users/runner/work/toga/toga/dist
2025-02-28T15:27:40.8732290Z Redirecting to blob download url: https://productionresultssa15.blob.core.windows.net/actions-results/2833d74d-b108-4855-a138-f9cc692c54c9/workflow-job-run-c851c84b-57ed-5071-9878-2279ccd891b8/artifacts/5eb57499beb40f05e15583bbf1c077df75bc75fa11156590733b79c2f9774e5a.zip
2025-02-28T15:27:40.8733220Z Starting download of artifact to: /Users/runner/work/toga/toga/dist
2025-02-28T15:27:40.9129400Z Artifact download completed successfully.
2025-02-28T15:27:40.9144220Z Artifact download completed successfully.
2025-02-28T15:27:40.9153770Z Artifact download completed successfully.
2025-02-28T15:27:40.9161270Z Artifact download completed successfully.
2025-02-28T15:27:40.9166320Z Artifact download completed successfully.
2025-02-28T15:27:40.9296390Z Artifact download completed successfully.
2025-02-28T15:27:40.9370900Z Artifact download completed successfully.
2025-02-28T15:27:40.9371190Z Artifact download completed successfully.
2025-02-28T15:27:40.9595070Z Artifact download completed successfully.
2025-02-28T15:27:41.0265070Z Artifact download completed successfully.
2025-02-28T15:27:41.0639410Z Artifact download completed successfully.
2025-02-28T15:27:41.0640380Z Artifact download completed successfully.
2025-02-28T15:27:41.0640750Z Total of 12 artifact(s) downloaded
2025-02-28T15:27:41.0641680Z Download artifact has finished successfully
2025-02-28T15:27:41.0850570Z ##[group]Run \
2025-02-28T15:27:41.0851430Z [36;1m \[0m
2025-02-28T15:27:41.0851980Z [36;1m  briefcase run iOS --log --test --device 'iPhone SE (3rd generation)' -- --ci[0m
2025-02-28T15:27:41.1023690Z shell: /bin/bash --noprofile --norc -e -o pipefail {0}
2025-02-28T15:27:41.1024000Z env:
2025-02-28T15:27:41.1024170Z   min_python_version: 3.9
2025-02-28T15:27:41.1024350Z   max_python_version: 3.12
2025-02-28T15:27:41.1024690Z   FORCE_COLOR: 1
2025-02-28T15:27:41.1024930Z   pythonLocation: /Users/runner/hostedtoolcache/Python/3.12.8/arm64
2025-02-28T15:27:41.1025380Z   PKG_CONFIG_PATH: /Users/runner/hostedtoolcache/Python/3.12.8/arm64/lib/pkgconfig
2025-02-28T15:27:41.1025780Z   Python_ROOT_DIR: /Users/runner/hostedtoolcache/Python/3.12.8/arm64
2025-02-28T15:27:41.1026130Z   Python2_ROOT_DIR: /Users/runner/hostedtoolcache/Python/3.12.8/arm64
2025-02-28T15:27:41.1026470Z   Python3_ROOT_DIR: /Users/runner/hostedtoolcache/Python/3.12.8/arm64
2025-02-28T15:27:41.1026830Z ##[endgroup]
2025-02-28T15:27:45.9251810Z 
2025-02-28T15:27:45.9271000Z [2m[testbed][0m Generating application template...
2025-02-28T15:27:45.9287330Z Using app template: [4;94mhttps://github.com/beeware/briefcase-iOS-Xcode-template.git,[0m branch v0.3.23
2025-02-28T15:27:45.9293980Z Cloning template '[4;94mhttps://github.com/beeware/briefcase-iOS-Xcode-template.git[0m'...
2025-02-28T15:27:48.1608310Z Template branch v0.3.23 not found; falling back to development template
2025-02-28T15:27:48.7989840Z Using existing template (sha 0fc505dc734032e67350d8e75ec80bc3d7baae61, updated Thu Feb 13 22:16:32 2025)
2025-02-28T15:27:49.8973330Z 
2025-02-28T15:27:49.8979210Z [2m[testbed][0m Installing support package...
2025-02-28T15:27:49.8985950Z Using support package [4;94mhttps://briefcase-support.s3.amazonaws.com/python/3.12/iOS/Python-3.12-iOS-support.b6.tar.gz[0m
2025-02-28T15:27:50.4040750Z Downloading Python-3.12-iOS-support.b6.tar.gz...
2025-02-28T15:27:51.8336120Z Unpacking support package... started
2025-02-28T15:27:54.4129580Z Unpacking support package... done
2025-02-28T15:27:54.4238680Z 
2025-02-28T15:27:54.4298620Z [2m[testbed][0m Installing application code...
2025-02-28T15:27:54.4299480Z Installing src/testbed... started
2025-02-28T15:27:54.5427930Z Installing src/testbed... done
2025-02-28T15:27:54.5447550Z Installing tests... started
2025-02-28T15:27:54.6749540Z Installing tests... done
2025-02-28T15:27:54.6753550Z Installing ../iOS/tests_backend... started
2025-02-28T15:27:54.7122110Z Installing ../iOS/tests_backend... done
2025-02-28T15:27:54.7146450Z 
2025-02-28T15:27:54.7155180Z [2m[testbed][0m Installing requirements...
2025-02-28T15:27:54.7165960Z Installing app requirements for iPhone device... started
2025-02-28T15:27:56.1160030Z Looking in indexes: [4;94mhttps://pypi.org/simple,[0m [4;94mhttps://pypi.anaconda.org/beeware/simple[0m
2025-02-28T15:27:56.1170590Z Looking in links: /Users/runner/work/toga/toga/dist
2025-02-28T15:27:56.1174790Z Processing /Users/runner/work/toga/toga/travertino
2025-02-28T15:27:56.1185060Z   Installing build dependencies: started
2025-02-28T15:27:58.5399070Z   Installing build dependencies: finished with status 'done'
2025-02-28T15:27:58.5420720Z   Getting requirements to build wheel: started
2025-02-28T15:27:59.2674390Z   Getting requirements to build wheel: finished with status 'done'
2025-02-28T15:27:59.2696990Z   Preparing metadata (pyproject.toml): started
2025-02-28T15:27:59.6667650Z   Preparing metadata (pyproject.toml): finished with status 'done'
2025-02-28T15:27:59.6690740Z Processing /Users/runner/work/toga/toga/core
2025-02-28T15:27:59.6709040Z   Installing build dependencies: started
2025-02-28T15:28:01.8279230Z   Installing build dependencies: finished with status 'done'
2025-02-28T15:28:01.8284860Z   Getting requirements to build wheel: started
2025-02-28T15:28:02.1625750Z   Getting requirements to build wheel: finished with status 'done'
2025-02-28T15:28:02.1635630Z   Preparing metadata (pyproject.toml): started
2025-02-28T15:28:02.7496730Z   Preparing metadata (pyproject.toml): finished with status 'done'
2025-02-28T15:28:02.7593310Z Processing /Users/runner/work/toga/toga/iOS
2025-02-28T15:28:02.7645690Z   Installing build dependencies: started
2025-02-28T15:28:04.8451450Z   Installing build dependencies: finished with status 'done'
2025-02-28T15:28:04.8456860Z   Getting requirements to build wheel: started
2025-02-28T15:28:05.2016960Z   Getting requirements to build wheel: finished with status 'done'
2025-02-28T15:28:05.2082370Z   Preparing metadata (pyproject.toml): started
2025-02-28T15:28:05.6829210Z   Preparing metadata (pyproject.toml): finished with status 'done'
2025-02-28T15:28:05.6841650Z Ignoring fonttools: markers 'sys_platform == "linux"' don't match your environment
2025-02-28T15:28:05.8700880Z Collecting std-nslog~=1.0.0
2025-02-28T15:28:05.8934530Z   Downloading std_nslog-1.0.3-py3-none-any.whl.metadata (3.6 kB)
2025-02-28T15:28:06.1150040Z Collecting coverage==7.6.12
2025-02-28T15:28:06.1195690Z   Downloading coverage-7.6.12-py3-none-any.whl.metadata (8.5 kB)
2025-02-28T15:28:06.1772390Z Collecting coverage-conditional-plugin==0.9.0
2025-02-28T15:28:06.1808440Z   Downloading coverage_conditional_plugin-0.9.0-py3-none-any.whl.metadata (6.9 kB)
2025-02-28T15:28:06.5140250Z Collecting pillow==11.0.0
2025-02-28T15:28:06.8108990Z   Downloading [4;94mhttps://pypi.anaconda.org/beeware/simple/pillow/11.0.0/pillow-11.0.0-cp312-cp312-ios_13_0_arm64_iphoneos.whl[0m (1.0 MB)
2025-02-28T15:28:06.8513210Z [?25l     [90m━━━━━━━━━━━━━━━━━━━━━━━━━━━━━━━━━━━━━━━━[0m [32m0.0/1.0 MB[0m [31m?[0m eta [36m-:--:--[0m
2025-02-28T15:28:06.8597400Z [2K     [90m━━━━━━━━━━━━━━━━━━━━━━━━━━━━━━━━━━━━━━━━[0m [32m1.0/1.0 MB[0m [31m37.5 MB/s[0m eta [36m0:00:00[0m
2025-02-28T15:28:06.9355740Z [?25hCollecting pytest==8.3.4
2025-02-28T15:28:06.9385170Z   Downloading pytest-8.3.4-py3-none-any.whl.metadata (7.5 kB)
2025-02-28T15:28:07.0653900Z Collecting pytest-asyncio==0.25.3
2025-02-28T15:28:07.0755700Z   Downloading pytest_asyncio-0.25.3-py3-none-any.whl.metadata (3.9 kB)
2025-02-28T15:28:07.1841470Z Collecting packaging>=20.4 (from coverage-conditional-plugin==0.9.0)
2025-02-28T15:28:07.1852150Z   Using cached packaging-24.2-py3-none-any.whl.metadata (3.2 kB)
2025-02-28T15:28:07.2423130Z Collecting iniconfig (from pytest==8.3.4)
2025-02-28T15:28:07.2448970Z   Downloading iniconfig-2.0.0-py3-none-any.whl.metadata (2.6 kB)
2025-02-28T15:28:07.2980860Z Collecting pluggy<2,>=1.5 (from pytest==8.3.4)
2025-02-28T15:28:07.3004760Z   Downloading pluggy-1.5.0-py3-none-any.whl.metadata (4.8 kB)
2025-02-28T15:28:07.4023660Z Collecting fonttools<5.0.0,>=4.42.1 (from toga-iOS==0.4.9.dev629+g68266e24a)
2025-02-28T15:28:07.4062660Z   Downloading fonttools-4.56.0-py3-none-any.whl.metadata (101 kB)
2025-02-28T15:28:07.4789090Z Collecting rubicon-objc<0.6.0,>=0.5.0 (from toga-iOS==0.4.9.dev629+g68266e24a)
2025-02-28T15:28:07.4929110Z   Downloading rubicon_objc-0.5.0-py3-none-any.whl.metadata (5.5 kB)
2025-02-28T15:28:07.5218330Z Downloading coverage-7.6.12-py3-none-any.whl (200 kB)
2025-02-28T15:28:07.5218840Z Downloading coverage_conditional_plugin-0.9.0-py3-none-any.whl (7.3 kB)
2025-02-28T15:28:07.5261920Z Downloading pytest-8.3.4-py3-none-any.whl (343 kB)
2025-02-28T15:28:07.5380470Z Downloading pytest_asyncio-0.25.3-py3-none-any.whl (19 kB)
2025-02-28T15:28:07.5445240Z Downloading std_nslog-1.0.3-py3-none-any.whl (4.8 kB)
2025-02-28T15:28:07.5743570Z Downloading fonttools-4.56.0-py3-none-any.whl (1.1 MB)
2025-02-28T15:28:07.5901720Z [?25l   [90m━━━━━━━━━━━━━━━━━━━━━━━━━━━━━━━━━━━━━━━━[0m [32m0.0/1.1 MB[0m [31m?[0m eta [36m-:--:--[0m
2025-02-28T15:28:07.5911820Z [2K   [90m━━━━━━━━━━━━━━━━━━━━━━━━━━━━━━━━━━━━━━━━[0m [32m1.1/1.1 MB[0m [31m72.1 MB/s[0m eta [36m0:00:00[0m
2025-02-28T15:28:07.5919150Z [?25hUsing cached packaging-24.2-py3-none-any.whl (65 kB)
2025-02-28T15:28:07.5970660Z Downloading pluggy-1.5.0-py3-none-any.whl (20 kB)
2025-02-28T15:28:07.6047900Z Downloading rubicon_objc-0.5.0-py3-none-any.whl (62 kB)
2025-02-28T15:28:07.6114270Z Downloading iniconfig-2.0.0-py3-none-any.whl (5.9 kB)
2025-02-28T15:28:07.6250070Z Building wheels for collected packages: travertino, toga-core, toga-iOS
2025-02-28T15:28:07.6266000Z   Building wheel for travertino (pyproject.toml): started
2025-02-28T15:28:08.1079050Z   Building wheel for travertino (pyproject.toml): finished with status 'done'
2025-02-28T15:28:08.1089580Z   Created wheel for travertino: filename=travertino-0.4.9.dev629+g68266e24a-py3-none-any.whl size=22881 sha256=ebc520a5135e8a97f5ed65818a632706ef8901370d905facc7f4aae14980ef9e
2025-02-28T15:28:08.1090850Z   Stored in directory: /private/var/folders/2s/h6hvv9ps03xgz_krkkstvq_r0000gn/T/pip-ephem-wheel-cache-jptjwx1h/wheels/fb/03/30/94bfd0cf122995590b1f326d3b00ed8b247f6304287450f1c9
2025-02-28T15:28:08.1141080Z   Building wheel for toga-core (pyproject.toml): started
2025-02-28T15:28:08.7166800Z   Building wheel for toga-core (pyproject.toml): finished with status 'done'
2025-02-28T15:28:08.7178350Z   Created wheel for toga-core: filename=toga_core-0.4.9.dev629+g68266e24a-py3-none-any.whl size=142978 sha256=5905b4a87993c19de435b8678d13171972ef31d91bf11e94ac717008867a5206
2025-02-28T15:28:08.7187110Z   Stored in directory: /private/var/folders/2s/h6hvv9ps03xgz_krkkstvq_r0000gn/T/pip-ephem-wheel-cache-jptjwx1h/wheels/9e/e8/ee/76b71fb42aa09373531dc76326216b74a6f01a510db217f28d
2025-02-28T15:28:08.7220770Z   Building wheel for toga-iOS (pyproject.toml): started
2025-02-28T15:28:09.1905910Z   Building wheel for toga-iOS (pyproject.toml): finished with status 'done'
2025-02-28T15:28:09.1916260Z   Created wheel for toga-iOS: filename=toga_iOS-0.4.9.dev629+g68266e24a-py3-none-any.whl size=436944 sha256=7e313b5f8aa722108edccc2710e1188aebcd27e9b6e4f55c48251d2c7e78618a
2025-02-28T15:28:09.1920080Z   Stored in directory: /private/var/folders/2s/h6hvv9ps03xgz_krkkstvq_r0000gn/T/pip-ephem-wheel-cache-jptjwx1h/wheels/86/ff/af/239e4f5850166993a9ff13b44bbec25c3b209fa92e40dd3eea
2025-02-28T15:28:09.1932080Z Successfully built travertino toga-core toga-iOS
2025-02-28T15:28:09.2485360Z Installing collected packages: travertino, std-nslog, rubicon-objc, pluggy, pillow, packaging, iniconfig, fonttools, coverage, toga-core, pytest, coverage-conditional-plugin, toga-iOS, pytest-asyncio
2025-02-28T15:28:10.8054150Z Successfully installed coverage-7.6.12 coverage-conditional-plugin-0.9.0 fonttools-4.56.0 iniconfig-2.0.0 packaging-24.2 pillow-11.0.0 pluggy-1.5.0 pytest-8.3.4 pytest-asyncio-0.25.3 rubicon-objc-0.5.0 std-nslog-1.0.3 toga-core-0.4.9.dev629+g68266e24a toga-iOS-0.4.9.dev629+g68266e24a travertino-0.4.9.dev629+g68266e24a
2025-02-28T15:28:11.1604940Z Installing app requirements for iPhone device... done
2025-02-28T15:28:11.1705400Z Installing app requirements for iPhone simulator... started
2025-02-28T15:28:11.5642130Z Looking in indexes: [4;94mhttps://pypi.org/simple,[0m [4;94mhttps://pypi.anaconda.org/beeware/simple[0m
2025-02-28T15:28:11.5656180Z Looking in links: /Users/runner/work/toga/toga/dist
2025-02-28T15:28:11.5667580Z Processing /Users/runner/work/toga/toga/travertino
2025-02-28T15:28:11.5689990Z   Installing build dependencies: started
2025-02-28T15:28:13.5906380Z   Installing build dependencies: finished with status 'done'
2025-02-28T15:28:13.5922710Z   Getting requirements to build wheel: started
2025-02-28T15:28:14.0076390Z   Getting requirements to build wheel: finished with status 'done'
2025-02-28T15:28:14.0089730Z   Preparing metadata (pyproject.toml): started
2025-02-28T15:28:14.5056110Z   Preparing metadata (pyproject.toml): finished with status 'done'
2025-02-28T15:28:14.5157850Z Processing /Users/runner/work/toga/toga/core
2025-02-28T15:28:14.5257810Z   Installing build dependencies: started
2025-02-28T15:28:16.2620460Z   Installing build dependencies: finished with status 'done'
2025-02-28T15:28:16.2631850Z   Getting requirements to build wheel: started
2025-02-28T15:28:16.6020660Z   Getting requirements to build wheel: finished with status 'done'
2025-02-28T15:28:16.6054970Z   Preparing metadata (pyproject.toml): started
2025-02-28T15:28:16.9704060Z   Preparing metadata (pyproject.toml): finished with status 'done'
2025-02-28T15:28:16.9762780Z Processing /Users/runner/work/toga/toga/iOS
2025-02-28T15:28:16.9842780Z   Installing build dependencies: started
2025-02-28T15:28:18.5186050Z   Installing build dependencies: finished with status 'done'
2025-02-28T15:28:18.5192350Z   Getting requirements to build wheel: started
2025-02-28T15:28:18.9283370Z   Getting requirements to build wheel: finished with status 'done'
2025-02-28T15:28:18.9293240Z   Preparing metadata (pyproject.toml): started
2025-02-28T15:28:19.3935490Z   Preparing metadata (pyproject.toml): finished with status 'done'
2025-02-28T15:28:19.3950260Z Ignoring fonttools: markers 'sys_platform == "linux"' don't match your environment
2025-02-28T15:28:19.5722820Z Collecting std-nslog~=1.0.0
2025-02-28T15:28:19.5735920Z   Using cached std_nslog-1.0.3-py3-none-any.whl.metadata (3.6 kB)
2025-02-28T15:28:19.7283980Z [33mWARNING: Cache entry deserialization failed, entry ignored[0m[33m
2025-02-28T15:28:19.8357440Z [0mCollecting coverage==7.6.12
2025-02-28T15:28:19.8433800Z   Using cached coverage-7.6.12-py3-none-any.whl.metadata (8.5 kB)
2025-02-28T15:28:19.9584230Z Collecting coverage-conditional-plugin==0.9.0
2025-02-28T15:28:19.9633650Z   Using cached coverage_conditional_plugin-0.9.0-py3-none-any.whl.metadata (6.9 kB)
2025-02-28T15:28:20.1010190Z [33mWARNING: Cache entry deserialization failed, entry ignored[0m[33m
2025-02-28T15:28:20.4880870Z [0mCollecting pillow==11.0.0
2025-02-28T15:28:20.7209070Z   Downloading [4;94mhttps://pypi.anaconda.org/beeware/simple/pillow/11.0.0/pillow-11.0.0-cp312-cp312-ios_13_0_arm64_iphonesimulator.whl[0m (1.1 MB)
2025-02-28T15:28:20.7728600Z [?25l     [90m━━━━━━━━━━━━━━━━━━━━━━━━━━━━━━━━━━━━━━━━[0m [32m0.0/1.1 MB[0m [31m?[0m eta [36m-:--:--[0m
2025-02-28T15:28:20.7834100Z [2K     [90m━━━━━━━━━━━━━━━━━━━━━━━━━━━━━━━━━━━━━━━━[0m [32m1.1/1.1 MB[0m [31m24.9 MB/s[0m eta [36m0:00:00[0m
2025-02-28T15:28:20.8720840Z [?25hCollecting pytest==8.3.4
2025-02-28T15:28:20.8807390Z   Using cached pytest-8.3.4-py3-none-any.whl.metadata (7.5 kB)
2025-02-28T15:28:20.9809390Z Collecting pytest-asyncio==0.25.3
2025-02-28T15:28:20.9911350Z   Using cached pytest_asyncio-0.25.3-py3-none-any.whl.metadata (3.9 kB)
2025-02-28T15:28:21.0574510Z Collecting packaging>=20.4 (from coverage-conditional-plugin==0.9.0)
2025-02-28T15:28:21.0616690Z   Using cached packaging-24.2-py3-none-any.whl.metadata (3.2 kB)
2025-02-28T15:28:21.1425910Z Collecting iniconfig (from pytest==8.3.4)
2025-02-28T15:28:21.1449990Z   Using cached iniconfig-2.0.0-py3-none-any.whl.metadata (2.6 kB)
2025-02-28T15:28:21.2686180Z Collecting pluggy<2,>=1.5 (from pytest==8.3.4)
2025-02-28T15:28:21.2804250Z   Using cached pluggy-1.5.0-py3-none-any.whl.metadata (4.8 kB)
2025-02-28T15:28:21.4118830Z Collecting fonttools<5.0.0,>=4.42.1 (from toga-iOS==0.4.9.dev629+g68266e24a)
2025-02-28T15:28:21.4149910Z   Using cached fonttools-4.56.0-py3-none-any.whl.metadata (101 kB)
2025-02-28T15:28:21.4754970Z Collecting rubicon-objc<0.6.0,>=0.5.0 (from toga-iOS==0.4.9.dev629+g68266e24a)
2025-02-28T15:28:21.4765710Z   Using cached rubicon_objc-0.5.0-py3-none-any.whl.metadata (5.5 kB)
2025-02-28T15:28:21.4819100Z Using cached coverage-7.6.12-py3-none-any.whl (200 kB)
2025-02-28T15:28:21.4836620Z Using cached coverage_conditional_plugin-0.9.0-py3-none-any.whl (7.3 kB)
2025-02-28T15:28:21.4853950Z Using cached pytest-8.3.4-py3-none-any.whl (343 kB)
2025-02-28T15:28:21.4894050Z Using cached pytest_asyncio-0.25.3-py3-none-any.whl (19 kB)
2025-02-28T15:28:21.4911400Z Using cached std_nslog-1.0.3-py3-none-any.whl (4.8 kB)
2025-02-28T15:28:21.4924440Z Using cached fonttools-4.56.0-py3-none-any.whl (1.1 MB)
2025-02-28T15:28:21.4959210Z Using cached packaging-24.2-py3-none-any.whl (65 kB)
2025-02-28T15:28:21.5184820Z Using cached pluggy-1.5.0-py3-none-any.whl (20 kB)
2025-02-28T15:28:21.5273150Z Using cached rubicon_objc-0.5.0-py3-none-any.whl (62 kB)
2025-02-28T15:28:21.5350350Z Using cached iniconfig-2.0.0-py3-none-any.whl (5.9 kB)
2025-02-28T15:28:21.5601940Z Building wheels for collected packages: travertino, toga-core, toga-iOS
2025-02-28T15:28:21.5607370Z   Building wheel for travertino (pyproject.toml): started
2025-02-28T15:28:21.9899880Z   Building wheel for travertino (pyproject.toml): finished with status 'done'
2025-02-28T15:28:21.9901460Z   Created wheel for travertino: filename=travertino-0.4.9.dev629+g68266e24a-py3-none-any.whl size=22881 sha256=001bd6bb70156fbb585918cf00f3668f9278cd89dcaf6b898a8ac4173d4f5fe0
2025-02-28T15:28:21.9906000Z   Stored in directory: /private/var/folders/2s/h6hvv9ps03xgz_krkkstvq_r0000gn/T/pip-ephem-wheel-cache-ys7tp9pt/wheels/fb/03/30/94bfd0cf122995590b1f326d3b00ed8b247f6304287450f1c9
2025-02-28T15:28:21.9927510Z   Building wheel for toga-core (pyproject.toml): started
2025-02-28T15:28:22.5460490Z   Building wheel for toga-core (pyproject.toml): finished with status 'done'
2025-02-28T15:28:22.5470690Z   Created wheel for toga-core: filename=toga_core-0.4.9.dev629+g68266e24a-py3-none-any.whl size=142978 sha256=48b23dae5d4bfd0580fa6df6d7af479781d106d6b1c4795ee34bc7ed60d41bb5
2025-02-28T15:28:22.5474630Z   Stored in directory: /private/var/folders/2s/h6hvv9ps03xgz_krkkstvq_r0000gn/T/pip-ephem-wheel-cache-ys7tp9pt/wheels/9e/e8/ee/76b71fb42aa09373531dc76326216b74a6f01a510db217f28d
2025-02-28T15:28:22.5511310Z   Building wheel for toga-iOS (pyproject.toml): started
2025-02-28T15:28:23.0141900Z   Building wheel for toga-iOS (pyproject.toml): finished with status 'done'
2025-02-28T15:28:23.0151600Z   Created wheel for toga-iOS: filename=toga_iOS-0.4.9.dev629+g68266e24a-py3-none-any.whl size=436944 sha256=ad0560a01ec2193cacc6d68dc976a0806e11182d9ab037a23c0c4c3e1140fd5d
2025-02-28T15:28:23.0155540Z   Stored in directory: /private/var/folders/2s/h6hvv9ps03xgz_krkkstvq_r0000gn/T/pip-ephem-wheel-cache-ys7tp9pt/wheels/86/ff/af/239e4f5850166993a9ff13b44bbec25c3b209fa92e40dd3eea
2025-02-28T15:28:23.0168670Z Successfully built travertino toga-core toga-iOS
2025-02-28T15:28:23.0649230Z Installing collected packages: travertino, std-nslog, rubicon-objc, pluggy, pillow, packaging, iniconfig, fonttools, coverage, toga-core, pytest, coverage-conditional-plugin, toga-iOS, pytest-asyncio
2025-02-28T15:28:24.8208070Z Successfully installed coverage-7.6.12 coverage-conditional-plugin-0.9.0 fonttools-4.56.0 iniconfig-2.0.0 packaging-24.2 pillow-11.0.0 pluggy-1.5.0 pytest-8.3.4 pytest-asyncio-0.25.3 rubicon-objc-0.5.0 std-nslog-1.0.3 toga-core-0.4.9.dev629+g68266e24a toga-iOS-0.4.9.dev629+g68266e24a travertino-0.4.9.dev629+g68266e24a
2025-02-28T15:28:25.2127960Z Installing app requirements for iPhone simulator... done
2025-02-28T15:28:25.2175580Z 
2025-02-28T15:28:25.2176260Z [2m[testbed][0m Installing application resources...
2025-02-28T15:28:25.2179450Z Installing icons/testbed-20.png as 20px application icon... started
2025-02-28T15:28:25.2308850Z Installing icons/testbed-20.png as 20px application icon... done
2025-02-28T15:28:25.2315750Z Installing icons/testbed-29.png as 29px application icon... started
2025-02-28T15:28:25.2389230Z Installing icons/testbed-29.png as 29px application icon... done
2025-02-28T15:28:25.2395160Z Installing icons/testbed-40.png as 40px application icon... started
2025-02-28T15:28:25.2404420Z Installing icons/testbed-40.png as 40px application icon... done
2025-02-28T15:28:25.2409940Z Installing icons/testbed-58.png as 58px application icon... started
2025-02-28T15:28:25.2419210Z Installing icons/testbed-58.png as 58px application icon... done
2025-02-28T15:28:25.2424990Z Installing icons/testbed-60.png as 60px application icon... started
2025-02-28T15:28:25.2434390Z Installing icons/testbed-60.png as 60px application icon... done
2025-02-28T15:28:25.2439390Z Installing icons/testbed-76.png as 76px application icon... started
2025-02-28T15:28:25.2447640Z Installing icons/testbed-76.png as 76px application icon... done
2025-02-28T15:28:25.2451140Z Installing icons/testbed-80.png as 80px application icon... started
2025-02-28T15:28:25.2459710Z Installing icons/testbed-80.png as 80px application icon... done
2025-02-28T15:28:25.2464810Z Installing icons/testbed-87.png as 87px application icon... started
2025-02-28T15:28:25.2476130Z Installing icons/testbed-87.png as 87px application icon... done
2025-02-28T15:28:25.2482140Z Installing icons/testbed-120.png as 120px application icon... started
2025-02-28T15:28:25.2492800Z Installing icons/testbed-120.png as 120px application icon... done
2025-02-28T15:28:25.2498580Z Installing icons/testbed-152.png as 152px application icon... started
2025-02-28T15:28:25.2509510Z Installing icons/testbed-152.png as 152px application icon... done
2025-02-28T15:28:25.2513780Z Installing icons/testbed-167.png as 167px application icon... started
2025-02-28T15:28:25.2523610Z Installing icons/testbed-167.png as 167px application icon... done
2025-02-28T15:28:25.2526620Z Installing icons/testbed-180.png as 180px application icon... started
2025-02-28T15:28:25.2533640Z Installing icons/testbed-180.png as 180px application icon... done
2025-02-28T15:28:25.2539050Z Unable to find icons/testbed-640.png for 640px application icon; using default
2025-02-28T15:28:25.2543690Z Installing icons/testbed-1024.png as 1024px application icon... started
2025-02-28T15:28:25.2553760Z Installing icons/testbed-1024.png as 1024px application icon... done
2025-02-28T15:28:25.2557620Z Unable to find icons/testbed-1280.png for 1280px application icon; using default
2025-02-28T15:28:25.2561490Z Unable to find icons/testbed-1920.png for 1920px application icon; using default
2025-02-28T15:28:25.2566820Z 
2025-02-28T15:28:25.2571920Z [2m[testbed][0m Removing unneeded app content...
2025-02-28T15:28:25.2575500Z Removing unneeded app bundle content... started
2025-02-28T15:28:25.4400950Z Removing unneeded app bundle content... done
2025-02-28T15:28:25.4404590Z 
2025-02-28T15:28:25.4409170Z [2m[testbed][0m Created build/testbed/ios/xcode
2025-02-28T15:28:25.4420410Z 
2025-02-28T15:28:25.4425100Z [2m[testbed][0m Updating app metadata...
2025-02-28T15:28:25.4428430Z Setting main module... started
2025-02-28T15:28:25.4440600Z Setting main module... done
2025-02-28T15:28:25.4443880Z 
2025-02-28T15:28:25.4447450Z [2m[testbed][0m Building Xcode project...
2025-02-28T15:28:25.4451210Z Building... started
2025-02-28T15:29:18.3420280Z Building... done
2025-02-28T15:29:18.3468110Z 
2025-02-28T15:29:18.3499350Z [2m[testbed][0m Built build/testbed/ios/xcode/build/Debug-iphonesimulator/Toga Testbed.app (test mode)
2025-02-28T15:29:27.7210570Z 
2025-02-28T15:29:27.7215680Z [2m[testbed][0m Starting test suite on an iPhone SE (3rd generation) running iOS 18.1 (device UDID 03E2A155-84FC-4069-995D-7F5D60C0AE0E)
2025-02-28T15:29:28.4943420Z Booting simulator... started
2025-02-28T15:29:48.6052460Z Booting simulator... done
2025-02-28T15:29:49.0061650Z 
2025-02-28T15:29:49.1650550Z [2m[testbed][0m Installing test suite...
2025-02-28T15:29:49.1651660Z Uninstalling any existing app version... started
2025-02-28T15:29:58.7328190Z ... still waiting
2025-02-28T15:30:09.8285910Z ... still waiting
2025-02-28T15:30:19.8547750Z ... still waiting
2025-02-28T15:30:35.6621630Z ... still waiting
2025-02-28T15:30:40.7595370Z Uninstalling any existing app version... done
2025-02-28T15:31:29.7487720Z Installing new test suite version... started
2025-02-28T15:31:53.9712370Z ... still waiting
2025-02-28T15:32:08.2899560Z ... still waiting
2025-02-28T15:32:22.6479550Z ... still waiting
2025-02-28T15:32:34.5469800Z ... still waiting
2025-02-28T15:32:44.8645240Z ... still waiting
2025-02-28T15:32:55.3193110Z ... still waiting
2025-02-28T15:33:05.6179470Z ... still waiting
2025-02-28T15:33:15.9217400Z ... still waiting
2025-02-28T15:33:29.6158730Z ... still waiting
2025-02-28T15:33:30.1866070Z Installing new test suite version... done
2025-02-28T15:33:31.4065690Z 
2025-02-28T15:33:31.4350830Z [2m[testbed][0m Starting test suite...
2025-02-28T15:33:31.5712880Z Launching test suite... started
2025-02-28T15:34:02.0217140Z Launching test suite... done
2025-02-28T15:34:02.0506310Z 
2025-02-28T15:34:02.1213510Z [2m[testbed][0m Following simulator log output (type CTRL-C to stop log)...
2025-02-28T15:34:02.1214860Z ===========================================================================
2025-02-28T15:34:02.1354220Z PYTHONPATH:
2025-02-28T15:34:02.1456900Z - /Users/runner/Library/Developer/CoreSimulator/Devices/03E2A155-84FC-4069-995D-7F5D60C0AE0E/data/Containers/Bundle/Application/525E53CF-570E-476C-AEE8-9F2CD39AA94F/Toga Testbed.app/python/lib/python3.12
2025-02-28T15:34:02.3228000Z - /Users/runner/Library/Developer/CoreSimulator/Devices/03E2A155-84FC-4069-995D-7F5D60C0AE0E/data/Containers/Bundle/Application/525E53CF-570E-476C-AEE8-9F2CD39AA94F/Toga Testbed.app/python/lib/python3.12/lib-dynload
2025-02-28T15:34:02.3233140Z - /Users/runner/Library/Developer/CoreSimulator/Devices/03E2A155-84FC-4069-995D-7F5D60C0AE0E/data/Containers/Bundle/Application/525E53CF-570E-476C-AEE8-9F2CD39AA94F/Toga Testbed.app/app_packages
2025-02-28T15:34:02.3373940Z - /Users/runner/Library/Developer/CoreSimulator/Devices/03E2A155-84FC-4069-995D-7F5D60C0AE0E/data/Containers/Bundle/Application/525E53CF-570E-476C-AEE8-9F2CD39AA94F/Toga Testbed.app/app
2025-02-28T15:34:02.3539810Z Configure argc/argv...
2025-02-28T15:34:02.4985660Z Initializing Python runtime...
2025-02-28T15:34:02.5095250Z Installing Python NSLog handler...
2025-02-28T15:34:02.5206800Z Running app module: tests.testbed
2025-02-28T15:34:02.5319570Z ---------------------------------------------------------------------------
2025-02-28T15:34:05.9664630Z WARNING: Can't find app icon; falling back to default icon
2025-02-28T15:34:06.0505660Z Waiting for app to be ready for testing... App finished launching.
2025-02-28T15:34:06.0529740Z /Users/runner/Library/Developer/CoreSimulator/Devices/03E2A155-84FC-4069-995D-7F5D60C0AE0E/data/Containers/Bundle/Application/525E53CF-570E-476C-AEE8-9F2CD39AA94F/Toga Testbed.app/app_packages/toga/__init__.py:105: NotImplementedWarning: [iOS] Not implemented: Status Icons
2025-02-28T15:34:06.0634020Z   warnings.warn(NotImplementedWarning(f"[{platform}] Not implemented: {feature}"))
2025-02-28T15:34:06.6301310Z ready.
2025-02-28T15:34:06.6529140Z App became active.
2025-02-28T15:34:07.8612700Z ============================= test session starts ==============================
2025-02-28T15:34:27.3784090Z collecting ... collected 539 items / 2 skipped
2025-02-28T15:34:27.3885670Z 
2025-02-28T15:34:27.6278050Z tests/app/test_app.py::test_main_window_toolbar SKIPPED (Toolbars not
2025-02-28T15:34:27.6678090Z implemented on iOS)                                                      [  0%]
2025-02-28T15:34:27.6781840Z tests/app/test_app.py::test_system_menus SKIPPED (Menus not implemented
2025-02-28T15:34:27.6901630Z on iOS)                                                                  [  0%]
2025-02-28T15:34:27.7316530Z tests/app/test_app.py::test_menu_about SKIPPED (Menus not implemented on
2025-02-28T15:34:27.7424920Z iOS)                                                                     [  0%]
2025-02-28T15:34:27.7863050Z tests/app/test_app.py::test_menu_visit_homepage SKIPPED (Menus not
2025-02-28T15:34:27.7966060Z implemented on iOS)                                                      [  0%]
2025-02-28T15:34:27.8594240Z tests/app/test_app.py::test_menu_items SKIPPED (Menus not implemented on
2025-02-28T15:34:27.8698940Z iOS)                                                                     [  0%]
2025-02-28T15:34:27.9575840Z tests/app/test_app.py::test_beep PASSED                                  [  1%]
2025-02-28T15:34:28.0499290Z tests/app/test_app.py::test_screens PASSED                               [  1%]
2025-02-28T15:34:28.1233310Z tests/app/test_app.py::test_app_icon XFAIL (iOS apps don't have app
2025-02-28T15:34:28.1339040Z icons at runtime)                                                        [  1%]
2025-02-28T15:34:28.2001440Z tests/app/test_app.py::test_dark_mode_state_read PASSED                  [  1%]
2025-02-28T15:34:28.6300810Z tests/app/test_dialogs.py::test_info_dialog PASSED                       [  1%]
2025-02-28T15:34:29.0602700Z tests/app/test_dialogs.py::test_question_dialog[False] PASSED            [  2%]
2025-02-28T15:34:29.2929780Z tests/app/test_dialogs.py::test_question_dialog[True] PASSED             [  2%]
2025-02-28T15:34:29.7198080Z tests/app/test_dialogs.py::test_confirm_dialog[False] PASSED             [  2%]
2025-02-28T15:34:30.0976640Z tests/app/test_dialogs.py::test_confirm_dialog[True] PASSED              [  2%]
2025-02-28T15:34:30.5744840Z tests/app/test_dialogs.py::test_error_dialog PASSED                      [  2%]
2025-02-28T15:34:30.5746650Z tests/app/test_dialogs.py::test_stack_trace_dialog[None] SKIPPED (Stack
2025-02-28T15:34:30.5853210Z Trace dialog not implemented on iOS)                                     [  2%]
2025-02-28T15:34:30.6424120Z tests/app/test_dialogs.py::test_stack_trace_dialog[False] SKIPPED (Stack
2025-02-28T15:34:30.7102160Z Trace dialog not implemented on iOS)                                     [  3%]
2025-02-28T15:34:30.7287220Z tests/app/test_dialogs.py::test_stack_trace_dialog[True] SKIPPED (Stack
2025-02-28T15:34:30.7407860Z Trace dialog not implemented on iOS)                                     [  3%]
2025-02-28T15:34:30.7617940Z tests/app/test_dialogs.py::test_save_file_dialog[/path/to/file.txt-None-result0] SKIPPED [  3%]
2025-02-28T15:34:30.8541670Z tests/app/test_dialogs.py::test_save_file_dialog[/path/to/file.txt-None-None] SKIPPED [  3%]
2025-02-28T15:34:30.9204560Z tests/app/test_dialogs.py::test_save_file_dialog[/path/to/file.txt-file_types2-result2] SKIPPED [  3%]
2025-02-28T15:34:31.0758600Z tests/app/test_dialogs.py::test_save_file_dialog[/path/to/file.txt-file_types3-None] SKIPPED [  4%]
2025-02-28T15:34:31.1519180Z tests/app/test_dialogs.py::test_open_file_dialog[initial_directory0-None-False-result0] SKIPPED [  4%]
2025-02-28T15:34:31.2192840Z tests/app/test_dialogs.py::test_open_file_dialog[initial_directory1-None-False-None] SKIPPED [  4%]
2025-02-28T15:34:31.3115070Z tests/app/test_dialogs.py::test_open_file_dialog[None-None-False-result2] SKIPPED [  4%]
2025-02-28T15:34:31.4015590Z tests/app/test_dialogs.py::test_open_file_dialog[initial_directory3-file_types3-False-result3] SKIPPED [  4%]
2025-02-28T15:34:31.4808230Z tests/app/test_dialogs.py::test_open_file_dialog[initial_directory4-None-True-result4] SKIPPED [  5%]
2025-02-28T15:34:31.5623300Z tests/app/test_dialogs.py::test_open_file_dialog[initial_directory5-None-True-result5] SKIPPED [  5%]
2025-02-28T15:34:31.6399300Z tests/app/test_dialogs.py::test_open_file_dialog[initial_directory6-None-True-None] SKIPPED [  5%]
2025-02-28T15:34:31.7227640Z tests/app/test_dialogs.py::test_open_file_dialog[None-None-True-result7] SKIPPED [  5%]
2025-02-28T15:34:31.8280990Z tests/app/test_dialogs.py::test_open_file_dialog[initial_directory8-file_types8-True-result8] SKIPPED [  5%]
2025-02-28T15:34:31.9746310Z tests/app/test_dialogs.py::test_select_folder_dialog[initial_directory0-False-result0] SKIPPED [  5%]
2025-02-28T15:34:32.0663530Z tests/app/test_dialogs.py::test_select_folder_dialog[initial_directory1-False-None] SKIPPED [  6%]
2025-02-28T15:34:32.1511020Z tests/app/test_dialogs.py::test_select_folder_dialog[None-False-result2] SKIPPED [  6%]
2025-02-28T15:34:32.2599420Z tests/app/test_dialogs.py::test_select_folder_dialog[initial_directory3-True-result3] SKIPPED [  6%]
2025-02-28T15:34:32.3928890Z tests/app/test_dialogs.py::test_select_folder_dialog[initial_directory4-True-result4] SKIPPED [  6%]
2025-02-28T15:34:32.5326890Z tests/app/test_dialogs.py::test_select_folder_dialog[initial_directory5-True-None] SKIPPED [  6%]
2025-02-28T15:34:32.6473220Z tests/app/test_mobile.py::test_content_size PASSED                       [  7%]
2025-02-28T15:34:32.8364170Z tests/app/test_mobile.py::test_show_hide_cursor PASSED                   [  7%]
2025-02-28T15:34:32.8474720Z tests/app/test_mobile.py::test_presentation_mode XFAIL (This backend
2025-02-28T15:34:32.9048680Z doesn't support presentation window state.)                              [  7%]
2025-02-28T15:34:33.4416840Z tests/app/test_mobile.py::test_current_window PASSED                     [  7%]
2025-02-28T15:34:33.5431740Z tests/app/test_mobile.py::test_app_lifecycle PASSED                      [  7%]
2025-02-28T15:34:33.6441490Z tests/app/test_mobile.py::test_device_rotation PASSED                    [  7%]
2025-02-28T15:34:33.8144750Z tests/app/test_mobile.py::test_session_based_app PASSED                  [  8%]
2025-02-28T15:34:33.9281100Z tests/app/test_mobile.py::test_background_app PASSED                     [  8%]
2025-02-28T15:34:34.0816170Z tests/app/test_screens.py::test_name PASSED                              [  8%]
2025-02-28T15:34:34.1930020Z tests/app/test_screens.py::test_origin PASSED                            [  8%]
2025-02-28T15:34:34.3483470Z tests/app/test_screens.py::test_size PASSED                              [  8%]
2025-02-28T15:34:35.0432830Z tests/app/test_screens.py::test_as_image PASSED                          [  9%]
2025-02-28T15:34:35.2313530Z tests/hardware/test_camera.py::test_camera_properties[CameraProbe] PASSED [  9%]
2025-02-28T15:34:35.6207190Z tests/hardware/test_camera.py::test_grant_permission[CameraProbe] PASSED [  9%]
2025-02-28T15:34:35.6353550Z tests/hardware/test_camera.py::test_deny_permission[CameraProbe] PASSED  [  9%]
2025-02-28T15:34:38.9751300Z tests/hardware/test_camera.py::test_take_photo[CameraProbe] PASSED       [  9%]
2025-02-28T15:34:42.0690000Z tests/hardware/test_camera.py::test_flash_mode[CameraProbe] PASSED       [ 10%]
2025-02-28T15:34:43.3719100Z tests/hardware/test_camera.py::test_take_photo_unknown_permission[CameraProbe] PASSED [ 10%]
2025-02-28T15:34:44.4570430Z tests/hardware/test_camera.py::test_cancel_photo[CameraProbe] PASSED     [ 10%]
2025-02-28T15:34:44.4689300Z tests/hardware/test_camera.py::test_take_photo_no_permission[CameraProbe] PASSED [ 10%]
2025-02-28T15:34:45.4994510Z tests/hardware/test_camera.py::test_change_camera[CameraProbe] PASSED    [ 10%]
2025-02-28T15:34:45.6922810Z tests/hardware/test_camera.py::test_no_cameras[CameraProbe] PASSED       [ 10%]
2025-02-28T15:34:45.7614930Z tests/hardware/test_location.py::test_grant_permission[LocationProbe] PASSED [ 11%]
2025-02-28T15:34:45.9111620Z tests/hardware/test_location.py::test_deny_permission[LocationProbe] PASSED [ 11%]
2025-02-28T15:34:46.0465080Z tests/hardware/test_location.py::test_grant_background_permission[LocationProbe] PASSED [ 11%]
2025-02-28T15:34:47.1047250Z tests/hardware/test_location.py::test_deny_background_permission[LocationProbe] PASSED [ 11%]
2025-02-28T15:34:47.1198290Z tests/hardware/test_location.py::test_current_location[LocationProbe] PASSED [ 11%]
2025-02-28T15:34:47.1995490Z tests/hardware/test_location.py::test_track_location[LocationProbe] PASSED [ 12%]
2025-02-28T15:34:48.6586580Z tests/hardware/test_location.py::test_track_location_retrack[LocationProbe] PASSED [ 12%]
2025-02-28T15:34:48.8719640Z tests/hardware/test_location.py::test_stop_tracking_when_already_stopped[LocationProbe] PASSED [ 12%]
2025-02-28T15:34:48.8902780Z tests/hardware/test_location.py::test_location_error[LocationProbe] PASSED [ 12%]
2025-02-28T15:34:48.9851670Z tests/hardware/test_location.py::test_location_tracking_start_error[LocationProbe] XFAIL [ 12%]
2025-02-28T15:34:49.0202790Z tests/hardware/test_location.py::test_no_permission[LocationProbe] PASSED [ 12%]
2025-02-28T15:34:49.0542530Z tests/test_command.py::test_unknown_system_command PASSED                [ 13%]
2025-02-28T15:34:49.0786720Z tests/test_fonts.py::test_use_system_font_fallback PASSED                [ 13%]
2025-02-28T15:34:53.9209100Z tests/test_fonts.py::test_font_options PASSED                            [ 13%]
2025-02-28T15:34:53.9581800Z tests/test_fonts.py::test_font_file_loaded[Font Awesome 5 Free Solid-resources/fonts/Font Awesome 5 Free-Solid-900.otf-font_kwargs0-False] PASSED [ 13%]
2025-02-28T15:34:53.9687300Z tests/test_fonts.py::test_font_file_loaded[Endor-resources/fonts/ENDOR___.ttf-font_kwargs1-False] PASSED [ 13%]
2025-02-28T15:34:54.0931940Z tests/test_fonts.py::test_font_file_loaded[Endor-resources/fonts/ENDOR___.ttf-font_kwargs2-True] PASSED [ 14%]
2025-02-28T15:34:54.1706540Z tests/test_fonts.py::test_font_file_loaded[Roboto-resources/fonts/Roboto-Bold.ttf-font_kwargs3-False] PASSED [ 14%]
2025-02-28T15:34:54.6931090Z tests/test_fonts.py::test_font_file_loaded[Roboto-resources/fonts/Roboto-Italic.ttf-font_kwargs4-False] PASSED [ 14%]
2025-02-28T15:34:55.4753330Z tests/test_fonts.py::test_font_file_loaded[Roboto-resources/fonts/Roboto-BoldItalic.ttf-font_kwargs5-False] PASSED [ 14%]
2025-02-28T15:34:55.9142840Z tests/test_fonts.py::test_non_existent_font_file PASSED                  [ 14%]
2025-02-28T15:34:56.3220960Z tests/test_fonts.py::test_corrupted_font_file PASSED                     [ 15%]
2025-02-28T15:34:56.3399270Z tests/test_icons.py::test_icon PASSED                                    [ 15%]
2025-02-28T15:34:56.4048250Z tests/test_icons.py::test_app_icon XFAIL (iOS apps don't have app icons
2025-02-28T15:34:56.4241480Z at runtime)                                                              [ 15%]
2025-02-28T15:34:56.6235850Z tests/test_icons.py::test_system_icon PASSED                             [ 15%]
2025-02-28T15:34:56.6864270Z tests/test_icons.py::test_platform_icon PASSED                           [ 15%]
2025-02-28T15:34:56.7732770Z tests/test_icons.py::test_bad_icon_file PASSED                           [ 15%]
2025-02-28T15:34:56.9191320Z tests/test_images.py::test_local_image PASSED                            [ 16%]
2025-02-28T15:34:57.0539040Z tests/test_images.py::test_raw_image PASSED                              [ 16%]
2025-02-28T15:34:57.2017830Z tests/test_images.py::test_bad_image_file PASSED                         [ 16%]
2025-02-28T15:34:57.3345970Z tests/test_images.py::test_buffer_image PASSED                           [ 16%]
2025-02-28T15:34:57.5566780Z tests/test_images.py::test_pil_raw_and_data_image PASSED                 [ 16%]
2025-02-28T15:34:57.5694430Z tests/test_images.py::test_bad_image_data PASSED                         [ 17%]
2025-02-28T15:34:58.5902330Z tests/test_images.py::test_save PASSED                                   [ 17%]
2025-02-28T15:34:58.7531300Z tests/test_keys.py::test_key_combinations[a-key_data0] XFAIL (This
2025-02-28T15:34:58.9396710Z backend doesn't use keyboard shortcuts)                                  [ 17%]
2025-02-28T15:34:59.0588100Z tests/test_keys.py::test_key_combinations[A-key_data1] XFAIL (This
2025-02-28T15:34:59.1342940Z backend doesn't use keyboard shortcuts)                                  [ 17%]
2025-02-28T15:34:59.8705750Z tests/test_keys.py::test_key_combinations[<mod 1>a-key_data2] XFAIL      [ 17%]
2025-02-28T15:35:00.4420390Z tests/test_keys.py::test_key_combinations[<mod 2>a-key_data3] XFAIL      [ 17%]
2025-02-28T15:35:01.1854020Z tests/test_keys.py::test_key_combinations[<mod 3>a-key_data4] XFAIL      [ 18%]
2025-02-28T15:35:01.1854680Z tests/test_keys.py::test_key_combinations[<mod 1><mod 2>a-key_data5] XFAIL [ 18%]
2025-02-28T15:35:01.2750580Z tests/test_keys.py::test_key_combinations[<mod 2><mod 1>a-key_data6] XFAIL [ 18%]
2025-02-28T15:35:01.4146290Z tests/test_keys.py::test_key_combinations[<mod 1><mod 2><mod 3>A-key_data7] XFAIL [ 18%]
2025-02-28T15:35:01.5296400Z tests/test_keys.py::test_key_combinations[1-key_data8] XFAIL (This
2025-02-28T15:35:01.5409560Z backend doesn't use keyboard shortcuts)                                  [ 18%]
2025-02-28T15:35:01.5518910Z tests/test_keys.py::test_key_combinations[!-key_data9] XFAIL (This
2025-02-28T15:35:01.6395940Z backend doesn't use keyboard shortcuts)                                  [ 19%]
2025-02-28T15:35:01.6677390Z tests/test_keys.py::test_key_combinations[Key.F5-key_data10] XFAIL (This
2025-02-28T15:35:01.7046020Z backend doesn't use keyboard shortcuts)                                  [ 19%]
2025-02-28T15:35:01.7216810Z tests/test_keys.py::test_key_combinations[Key.HOME-key_data11] XFAIL     [ 19%]
2025-02-28T15:35:01.7858360Z tests/test_keys.py::test_key_combinations[<home><mod 1>-key_data12] XFAIL [ 19%]
2025-02-28T15:35:01.7963580Z tests/test_keys.py::test_key_combinations[numpad:5<mod 1>-key_data13] XFAIL [ 19%]
2025-02-28T15:35:01.8161420Z tests/test_keys.py::test_key_combinations[<mod 1>;-key_data14] XFAIL     [ 20%]
2025-02-28T15:35:01.8797980Z tests/test_keys.py::test_key_combinations[<mod 1> -key_data15] XFAIL     [ 20%]
2025-02-28T15:35:01.9091020Z tests/test_keys.py::test_key_combinations[<mod 1>'-key_data16] XFAIL     [ 20%]
2025-02-28T15:35:01.9444330Z tests/test_keys.py::test_key_combinations[<mod 1>|-key_data17] XFAIL     [ 20%]
2025-02-28T15:35:01.9602940Z tests/test_paths.py::test_app_paths[config] PASSED                       [ 20%]
2025-02-28T15:35:01.9923790Z tests/test_paths.py::test_app_paths[data] PASSED                         [ 20%]
2025-02-28T15:35:02.1907550Z tests/test_paths.py::test_app_paths[cache] PASSED                        [ 21%]
2025-02-28T15:35:02.2681230Z tests/test_paths.py::test_app_paths[logs] PASSED                         [ 21%]
2025-02-28T15:35:02.3151050Z tests/test_statusicons.py::test_add_remove XFAIL (Status icons not
2025-02-28T15:35:02.3309170Z implemented on iOS)                                                      [ 21%]
2025-02-28T15:35:02.3908580Z tests/test_statusicons.py::test_unknown_status_icon XFAIL (Status icons
2025-02-28T15:35:02.4112670Z not implemented on iOS)                                                  [ 21%]
2025-02-28T15:35:02.5001290Z tests/test_statusicons.py::test_activate_button_icon XFAIL (Status icons
2025-02-28T15:35:02.5475410Z not implemented on iOS)                                                  [ 21%]
2025-02-28T15:35:02.5582410Z tests/test_statusicons.py::test_activate_status_menu_item XFAIL (Status
2025-02-28T15:35:02.5727340Z icons not implemented on iOS)                                            [ 22%]
2025-02-28T15:35:02.7977810Z tests/widgets/test_activityindicator.py::test_enable_noop <- tests/widgets/properties.py PASSED [ 22%]
2025-02-28T15:35:06.6805750Z tests/widgets/test_activityindicator.py::test_focus_noop <- tests/widgets/properties.py PASSED [ 22%]
2025-02-28T15:35:06.9173160Z tests/widgets/test_activityindicator.py::test_cleanup <- tests/widgets/conftest.py PASSED [ 22%]
2025-02-28T15:35:07.2832670Z tests/widgets/test_activityindicator.py::test_start_stop PASSED          [ 22%]
2025-02-28T15:35:07.5987740Z tests/widgets/test_activityindicator.py::test_fixed_square_widget_size PASSED [ 23%]
2025-02-28T15:35:07.6521790Z === Messages dropped during live streaming (use `log show` to see what they were)
2025-02-28T15:35:07.6672990Z === Messages dropped during live streaming (use `log show` to see what they were)
2025-02-28T15:35:07.7151500Z tests/widgets/test_base.py::test_visibility PASSED                       [ 23%]
2025-02-28T15:35:07.7261420Z === Messages dropped during live streaming (use `log show` to see what they were)
2025-02-28T15:35:07.8592510Z tests/widgets/test_base.py::test_parenting PASSED                        [ 23%]
2025-02-28T15:35:07.8953840Z tests/widgets/test_base.py::test_tab_index PASSED                        [ 23%]
2025-02-28T15:35:07.9087670Z tests/widgets/test_box.py::test_background_color <- tests/widgets/properties.py PASSED [ 23%]
2025-02-28T15:35:08.0122100Z tests/widgets/test_box.py::test_background_color_reset <- tests/widgets/properties.py PASSED [ 23%]
2025-02-28T15:35:08.1828590Z tests/widgets/test_box.py::test_background_color_transparent <- tests/widgets/properties.py PASSED [ 24%]
2025-02-28T15:35:08.4025620Z tests/widgets/test_box.py::test_enable_noop <- tests/widgets/properties.py PASSED [ 24%]
2025-02-28T15:35:08.7560910Z tests/widgets/test_box.py::test_flex_widget_size <- tests/widgets/properties.py PASSED [ 24%]
2025-02-28T15:35:10.4134780Z tests/widgets/test_box.py::test_focus_noop <- tests/widgets/properties.py PASSED [ 24%]
2025-02-28T15:35:10.4995400Z tests/widgets/test_box.py::test_cleanup <- tests/widgets/conftest.py PASSED [ 24%]
2025-02-28T15:35:10.8169900Z tests/widgets/test_button.py::test_background_color <- tests/widgets/properties.py PASSED [ 25%]
2025-02-28T15:35:10.8418370Z tests/widgets/test_button.py::test_background_color_reset <- tests/widgets/properties.py PASSED [ 25%]
2025-02-28T15:35:10.9781610Z tests/widgets/test_button.py::test_color <- tests/widgets/properties.py PASSED [ 25%]
2025-02-28T15:35:11.2426670Z tests/widgets/test_button.py::test_color_reset <- tests/widgets/properties.py PASSED [ 25%]
2025-02-28T15:35:11.7406970Z tests/widgets/test_button.py::test_enabled <- tests/widgets/properties.py PASSED [ 25%]
2025-02-28T15:35:12.0959830Z tests/widgets/test_button.py::test_flex_horizontal_widget_size <- tests/widgets/properties.py PASSED [ 25%]
2025-02-28T15:35:13.0087450Z tests/widgets/test_button.py::test_font <- tests/widgets/properties.py PASSED [ 26%]
2025-02-28T15:35:13.4130370Z tests/widgets/test_button.py::test_font_attrs <- tests/widgets/properties.py PASSED [ 26%]
2025-02-28T15:35:14.0522130Z tests/widgets/test_button.py::test_text_width_change <- tests/widgets/properties.py PASSED [ 26%]
2025-02-28T15:35:15.9006760Z tests/widgets/test_button.py::test_focus_noop <- tests/widgets/properties.py PASSED [ 26%]
2025-02-28T15:35:15.9713170Z tests/widgets/test_button.py::test_cleanup <- tests/widgets/conftest.py PASSED [ 26%]
2025-02-28T15:35:16.0955970Z tests/widgets/test_button.py::test_text PASSED                           [ 27%]
2025-02-28T15:35:16.4806130Z tests/widgets/test_button.py::test_icon PASSED                           [ 27%]
2025-02-28T15:35:16.6698230Z tests/widgets/test_button.py::test_press PASSED                          [ 27%]
2025-02-28T15:35:16.8731460Z tests/widgets/test_button.py::test_background_color_transparent PASSED   [ 27%]
2025-02-28T15:35:17.2239540Z tests/widgets/test_canvas.py::test_background_color <- tests/widgets/properties.py PASSED [ 27%]
2025-02-28T15:35:17.3607880Z tests/widgets/test_canvas.py::test_background_color_reset <- tests/widgets/properties.py PASSED [ 28%]
2025-02-28T15:35:17.6601600Z tests/widgets/test_canvas.py::test_background_color_transparent <- tests/widgets/properties.py PASSED [ 28%]
2025-02-28T15:35:17.9843520Z tests/widgets/test_canvas.py::test_enable_noop <- tests/widgets/properties.py PASSED [ 28%]
2025-02-28T15:35:18.2552370Z tests/widgets/test_canvas.py::test_flex_widget_size <- tests/widgets/properties.py PASSED [ 28%]
2025-02-28T15:35:19.1862990Z tests/widgets/test_canvas.py::test_focus_noop <- tests/widgets/properties.py PASSED [ 28%]
2025-02-28T15:35:19.2103600Z tests/widgets/test_canvas.py::test_cleanup <- tests/widgets/conftest.py PASSED [ 28%]
2025-02-28T15:35:19.4410160Z tests/widgets/test_canvas.py::test_resize PASSED                         [ 29%]
2025-02-28T15:35:19.6671870Z tests/widgets/test_canvas.py::test_press PASSED                          [ 29%]
2025-02-28T15:35:19.8601010Z tests/widgets/test_canvas.py::test_activate SKIPPED (Activation not
2025-02-28T15:35:19.9725920Z supported on iOS)                                                        [ 29%]
2025-02-28T15:35:20.2373730Z tests/widgets/test_canvas.py::test_drag PASSED                           [ 29%]
2025-02-28T15:35:20.3466360Z tests/widgets/test_canvas.py::test_alt_press SKIPPED (Alternate handling
2025-02-28T15:35:20.4872550Z not supported on iOS)                                                    [ 29%]
2025-02-28T15:35:20.6975490Z tests/widgets/test_canvas.py::test_alt_drag SKIPPED (Alternate handling
2025-02-28T15:35:20.7723480Z not supported on iOS)                                                    [ 30%]
2025-02-28T15:35:21.2948490Z tests/widgets/test_canvas.py::test_image_data PASSED                     [ 30%]
2025-02-28T15:35:23.1681550Z tests/widgets/test_canvas.py::test_transparency PASSED                   [ 30%]
2025-02-28T15:35:24.6505890Z tests/widgets/test_canvas.py::test_paths PASSED                          [ 30%]
2025-02-28T15:35:25.7865190Z tests/widgets/test_canvas.py::test_bezier_curve PASSED                   [ 30%]
2025-02-28T15:35:26.9871750Z tests/widgets/test_canvas.py::test_quadratic_curve PASSED                [ 30%]
2025-02-28T15:35:28.4737520Z tests/widgets/test_canvas.py::test_arc PASSED                            [ 31%]
2025-02-28T15:35:31.2304590Z tests/widgets/test_canvas.py::test_ellipse PASSED                        [ 31%]
2025-02-28T15:35:31.4552390Z === Messages dropped during live streaming (use `log show` to see what they were)
2025-02-28T15:35:31.4554560Z === Messages dropped during live streaming (use `log show` to see what they were)
2025-02-28T15:35:31.4906310Z === Messages dropped during live streaming (use `log show` to see what they were)
2025-02-28T15:35:31.5008310Z === Messages dropped during live streaming (use `log show` to see what they were)
2025-02-28T15:35:31.5224150Z tests/widgets/test_canvas.py::test_ellipse_path PASSED                   [ 31%]
2025-02-28T15:35:32.7484350Z tests/widgets/test_canvas.py::test_rect PASSED                           [ 31%]
2025-02-28T15:35:34.0959150Z tests/widgets/test_canvas.py::test_fill PASSED                           [ 31%]
2025-02-28T15:35:35.2134000Z tests/widgets/test_canvas.py::test_stroke PASSED                         [ 32%]
2025-02-28T15:35:36.6168870Z tests/widgets/test_canvas.py::test_closed_path_context PASSED            [ 32%]
2025-02-28T15:35:38.2399330Z tests/widgets/test_canvas.py::test_fill_context PASSED                   [ 32%]
2025-02-28T15:35:39.2931590Z tests/widgets/test_canvas.py::test_stroke_context PASSED                 [ 32%]
2025-02-28T15:35:40.4049200Z tests/widgets/test_canvas.py::test_transforms PASSED                     [ 32%]
2025-02-28T15:35:41.8310950Z tests/widgets/test_canvas.py::test_write_text PASSED                     [ 33%]
2025-02-28T15:35:44.4703940Z tests/widgets/test_canvas.py::test_multiline_text PASSED                 [ 33%]
2025-02-28T15:35:44.5714080Z tests/widgets/test_dateinput.py::test_background_color <- tests/widgets/properties.py SKIPPED [ 33%]
2025-02-28T15:35:44.6485850Z tests/widgets/test_dateinput.py::test_background_color_reset <- tests/widgets/properties.py SKIPPED [ 33%]
2025-02-28T15:35:44.7688540Z tests/widgets/test_dateinput.py::test_background_color_transparent <- tests/widgets/properties.py SKIPPED [ 33%]
2025-02-28T15:35:44.8201980Z tests/widgets/test_dateinput.py::test_color <- tests/widgets/properties.py SKIPPED [ 33%]
2025-02-28T15:35:44.9357960Z tests/widgets/test_dateinput.py::test_color_reset <- tests/widgets/properties.py SKIPPED [ 34%]
2025-02-28T15:35:44.9796780Z tests/widgets/test_dateinput.py::test_enabled <- tests/widgets/properties.py SKIPPED [ 34%]
2025-02-28T15:35:45.0597750Z tests/widgets/test_dateinput.py::test_flex_horizontal_widget_size <- tests/widgets/properties.py SKIPPED [ 34%]
2025-02-28T15:35:45.1966930Z tests/widgets/test_dateinput.py::test_cleanup <- tests/widgets/conftest.py SKIPPED [ 34%]
2025-02-28T15:35:45.2536110Z tests/widgets/test_dateinput.py::test_init SKIPPED (not yet implemented
2025-02-28T15:35:45.2920130Z on iOS)                                                                  [ 34%]
2025-02-28T15:35:45.3582860Z tests/widgets/test_dateinput.py::test_value SKIPPED (not yet implemented
2025-02-28T15:35:45.4263660Z on iOS)                                                                  [ 35%]
2025-02-28T15:35:45.5050090Z tests/widgets/test_dateinput.py::test_change SKIPPED (not yet
2025-02-28T15:35:45.5161990Z implemented on iOS)                                                      [ 35%]
2025-02-28T15:35:45.6430860Z tests/widgets/test_dateinput.py::test_min SKIPPED (not yet implemented
2025-02-28T15:35:45.6992780Z on iOS)                                                                  [ 35%]
2025-02-28T15:35:45.7221900Z tests/widgets/test_dateinput.py::test_max SKIPPED (not yet implemented
2025-02-28T15:35:45.7719690Z on iOS)                                                                  [ 35%]
2025-02-28T15:35:46.3956860Z tests/widgets/test_detailedlist.py::test_enable_noop <- tests/widgets/properties.py PASSED [ 35%]
2025-02-28T15:35:46.8180980Z tests/widgets/test_detailedlist.py::test_flex_widget_size <- tests/widgets/properties.py PASSED [ 35%]
2025-02-28T15:35:48.0278850Z tests/widgets/test_detailedlist.py::test_focus_noop <- tests/widgets/properties.py PASSED [ 36%]
2025-02-28T15:35:48.1169420Z tests/widgets/test_detailedlist.py::test_cleanup <- tests/widgets/conftest.py PASSED [ 36%]
2025-02-28T15:35:48.8666920Z tests/widgets/test_detailedlist.py::test_scroll PASSED                   [ 36%]
2025-02-28T15:35:49.1186830Z tests/widgets/test_detailedlist.py::test_select PASSED                   [ 36%]
2025-02-28T15:35:49.7595680Z tests/widgets/test_detailedlist.py::test_row_changes PASSED              [ 36%]
2025-02-28T15:35:50.4578050Z tests/widgets/test_detailedlist.py::test_refresh PASSED                  [ 37%]
2025-02-28T15:35:50.8059890Z tests/widgets/test_detailedlist.py::test_actions PASSED                  [ 37%]
2025-02-28T15:35:51.0078710Z tests/widgets/test_divider.py::test_enable_noop <- tests/widgets/properties.py PASSED [ 37%]
2025-02-28T15:35:53.3724580Z tests/widgets/test_divider.py::test_focus_noop <- tests/widgets/properties.py PASSED [ 37%]
2025-02-28T15:35:53.5198290Z tests/widgets/test_divider.py::test_cleanup <- tests/widgets/conftest.py PASSED [ 37%]
2025-02-28T15:35:53.5319260Z tests/widgets/test_divider.py::test_directions PASSED                    [ 38%]
2025-02-28T15:35:54.0326720Z tests/widgets/test_imageview.py::test_background_color <- tests/widgets/properties.py PASSED [ 38%]
2025-02-28T15:35:54.2449190Z tests/widgets/test_imageview.py::test_background_color_reset <- tests/widgets/properties.py PASSED [ 38%]
2025-02-28T15:35:54.9182130Z tests/widgets/test_imageview.py::test_background_color_transparent <- tests/widgets/properties.py PASSED [ 38%]
2025-02-28T15:35:54.9286300Z tests/widgets/test_imageview.py::test_enable_noop <- tests/widgets/properties.py PASSED [ 38%]
2025-02-28T15:35:54.9964490Z tests/widgets/test_imageview.py::test_focus_noop <- tests/widgets/properties.py PASSED [ 38%]
2025-02-28T15:35:55.0186890Z tests/widgets/test_imageview.py::test_cleanup <- tests/widgets/conftest.py PASSED [ 39%]
2025-02-28T15:35:55.0791530Z tests/widgets/test_imageview.py::test_implicit_size PASSED               [ 39%]
2025-02-28T15:35:55.3051900Z tests/widgets/test_imageview.py::test_explicit_width PASSED              [ 39%]
2025-02-28T15:35:55.6048420Z tests/widgets/test_imageview.py::test_explicit_height PASSED             [ 39%]
2025-02-28T15:35:55.7781770Z tests/widgets/test_imageview.py::test_explicit_size PASSED               [ 39%]
2025-02-28T15:35:56.2190260Z tests/widgets/test_label.py::test_background_color <- tests/widgets/properties.py PASSED [ 40%]
2025-02-28T15:35:56.5910490Z tests/widgets/test_label.py::test_background_color_reset <- tests/widgets/properties.py PASSED [ 40%]
2025-02-28T15:35:56.8487950Z tests/widgets/test_label.py::test_background_color_transparent <- tests/widgets/properties.py PASSED [ 40%]
2025-02-28T15:35:57.1361480Z tests/widgets/test_label.py::test_color <- tests/widgets/properties.py PASSED [ 40%]
2025-02-28T15:35:57.3794790Z tests/widgets/test_label.py::test_color_reset <- tests/widgets/properties.py PASSED [ 40%]
2025-02-28T15:35:57.6237930Z tests/widgets/test_label.py::test_enabled <- tests/widgets/properties.py PASSED [ 41%]
2025-02-28T15:35:58.0455370Z tests/widgets/test_label.py::test_flex_horizontal_widget_size <- tests/widgets/properties.py PASSED [ 41%]
2025-02-28T15:35:58.8858480Z tests/widgets/test_label.py::test_focus_noop <- tests/widgets/properties.py PASSED [ 41%]
2025-02-28T15:35:59.0714390Z tests/widgets/test_label.py::test_font <- tests/widgets/properties.py PASSED [ 41%]
2025-02-28T15:35:59.3090450Z tests/widgets/test_label.py::test_font_attrs <- tests/widgets/properties.py PASSED [ 41%]
2025-02-28T15:35:59.5416230Z tests/widgets/test_label.py::test_text <- tests/widgets/properties.py PASSED [ 41%]
2025-02-28T15:35:59.8126400Z tests/widgets/test_label.py::test_text_align <- tests/widgets/properties.py PASSED [ 42%]
2025-02-28T15:36:00.1585320Z tests/widgets/test_label.py::test_text_width_change <- tests/widgets/properties.py PASSED [ 42%]
2025-02-28T15:36:00.4150760Z tests/widgets/test_label.py::test_cleanup <- tests/widgets/conftest.py PASSED [ 42%]
2025-02-28T15:36:00.6089210Z tests/widgets/test_label.py::test_multiline PASSED                       [ 42%]
2025-02-28T15:36:05.2046700Z tests/widgets/test_mapview.py::test_flex_widget_size <- tests/widgets/properties.py PASSED [ 42%]
2025-02-28T15:36:08.0011840Z tests/widgets/test_mapview.py::test_focus_noop <- tests/widgets/properties.py PASSED [ 43%]
2025-02-28T15:36:08.0116360Z tests/widgets/test_mapview.py::test_cleanup <- tests/widgets/conftest.py PASSED [ 43%]
2025-02-28T15:36:12.4837270Z tests/widgets/test_mapview.py::test_location PASSED                      [ 43%]
2025-02-28T15:36:22.8371000Z tests/widgets/test_mapview.py::test_zoom PASSED                          [ 43%]
2025-02-28T15:36:27.1128680Z tests/widgets/test_mapview.py::test_add_pins PASSED                      [ 43%]
2025-02-28T15:36:30.1778360Z tests/widgets/test_mapview.py::test_select_pin PASSED                    [ 43%]
2025-02-28T15:36:30.6527660Z tests/widgets/test_multilinetextinput.py::test_background_color <- tests/widgets/properties.py PASSED [ 44%]
2025-02-28T15:36:30.8695310Z tests/widgets/test_multilinetextinput.py::test_background_color_reset <- tests/widgets/properties.py PASSED [ 44%]
2025-02-28T15:36:31.2315110Z tests/widgets/test_multilinetextinput.py::test_background_color_transparent <- tests/widgets/properties.py PASSED [ 44%]
2025-02-28T15:36:31.6196360Z tests/widgets/test_multilinetextinput.py::test_color <- tests/widgets/properties.py PASSED [ 44%]
2025-02-28T15:36:31.8400510Z tests/widgets/test_multilinetextinput.py::test_color_reset <- tests/widgets/properties.py PASSED [ 44%]
2025-02-28T15:36:32.1055200Z tests/widgets/test_multilinetextinput.py::test_enabled <- tests/widgets/properties.py PASSED [ 45%]
2025-02-28T15:36:32.3141590Z tests/widgets/test_multilinetextinput.py::test_flex_widget_size <- tests/widgets/properties.py PASSED [ 45%]
2025-02-28T15:36:34.8000590Z tests/widgets/test_multilinetextinput.py::test_focus <- tests/widgets/properties.py PASSED [ 45%]
2025-02-28T15:36:34.8153580Z tests/widgets/test_multilinetextinput.py::test_font <- tests/widgets/properties.py PASSED [ 45%]
2025-02-28T15:36:34.8324920Z tests/widgets/test_multilinetextinput.py::test_font_attrs <- tests/widgets/properties.py PASSED [ 45%]
2025-02-28T15:36:34.8896500Z tests/widgets/test_multilinetextinput.py::test_placeholder <- tests/widgets/properties.py PASSED [ 46%]
2025-02-28T15:36:35.0437340Z tests/widgets/test_multilinetextinput.py::test_placeholder_color <- tests/widgets/properties.py PASSED [ 46%]
2025-02-28T15:36:37.9314100Z tests/widgets/test_multilinetextinput.py::test_placeholder_focus <- tests/widgets/properties.py PASSED [ 46%]
2025-02-28T15:36:37.9533650Z tests/widgets/test_multilinetextinput.py::test_readonly <- tests/widgets/properties.py PASSED [ 46%]
2025-02-28T15:36:39.2968880Z tests/widgets/test_multilinetextinput.py::test_text_align <- tests/widgets/properties.py PASSED [ 46%]
2025-02-28T15:36:40.0332550Z tests/widgets/test_multilinetextinput.py::test_text_value <- tests/widgets/properties.py PASSED [ 46%]
2025-02-28T15:36:40.3164100Z tests/widgets/test_multilinetextinput.py::test_on_change_focus[True-] <- tests/widgets/test_textinput.py PASSED [ 47%]
2025-02-28T15:36:40.5227610Z tests/widgets/test_multilinetextinput.py::test_on_change_focus[True-placeholder] <- tests/widgets/test_textinput.py PASSED [ 47%]
2025-02-28T15:36:43.2677790Z tests/widgets/test_multilinetextinput.py::test_on_change_focus[False-] <- tests/widgets/test_textinput.py PASSED [ 47%]
2025-02-28T15:36:44.1415030Z === Messages dropped during live streaming (use `log show` to see what they were)
2025-02-28T15:36:44.3326110Z === Messages dropped during live streaming (use `log show` to see what they were)
2025-02-28T15:36:44.4751790Z tests/widgets/test_multilinetextinput.py::test_on_change_focus[False-placeholder] <- tests/widgets/test_textinput.py PASSED [ 47%]
2025-02-28T15:36:44.5589350Z === Messages dropped during live streaming (use `log show` to see what they were)
2025-02-28T15:36:44.9625970Z === Messages dropped during live streaming (use `log show` to see what they were)
2025-02-28T15:36:45.1206990Z === Messages dropped during live streaming (use `log show` to see what they were)
2025-02-28T15:36:45.8492710Z === Messages dropped during live streaming (use `log show` to see what they were)
2025-02-28T15:36:45.9520970Z === Messages dropped during live streaming (use `log show` to see what they were)
2025-02-28T15:36:46.0145830Z === Messages dropped during live streaming (use `log show` to see what they were)
2025-02-28T15:36:46.1023220Z tests/widgets/test_multilinetextinput.py::test_on_change_programmatic[True-placeholder] <- tests/widgets/test_textinput.py PASSED [ 48%]
2025-02-28T15:36:46.1343820Z tests/widgets/test_multilinetextinput.py::test_on_change_programmatic[False-] <- tests/widgets/test_textinput.py PASSED [ 48%]
2025-02-28T15:36:46.1918950Z tests/widgets/test_multilinetextinput.py::test_on_change_programmatic[False-placeholder] <- tests/widgets/test_textinput.py PASSED [ 48%]
2025-02-28T15:36:46.2353240Z tests/widgets/test_multilinetextinput.py::test_on_change_user <- tests/widgets/test_textinput.py PASSED [ 48%]
2025-02-28T15:36:46.2574230Z tests/widgets/test_multilinetextinput.py::test_undo_redo <- tests/widgets/test_textinput.py SKIPPED [ 48%]
2025-02-28T15:36:46.3400810Z tests/widgets/test_multilinetextinput.py::test_value_not_hidden <- tests/widgets/test_textinput.py PASSED [ 48%]
2025-02-28T15:36:46.5571150Z tests/widgets/test_multilinetextinput.py::test_cleanup <- tests/widgets/conftest.py PASSED [ 49%]
2025-02-28T15:36:47.7565690Z tests/widgets/test_multilinetextinput.py::test_scroll_position PASSED    [ 49%]
2025-02-28T15:36:48.1798570Z tests/widgets/test_numberinput.py::test_background_color <- tests/widgets/properties.py PASSED [ 49%]
2025-02-28T15:36:48.4292450Z tests/widgets/test_numberinput.py::test_background_color_reset <- tests/widgets/properties.py PASSED [ 49%]
2025-02-28T15:36:48.6493660Z tests/widgets/test_numberinput.py::test_background_color_transparent <- tests/widgets/properties.py PASSED [ 49%]
2025-02-28T15:36:48.8502710Z tests/widgets/test_numberinput.py::test_color <- tests/widgets/properties.py PASSED [ 50%]
2025-02-28T15:36:49.1299730Z tests/widgets/test_numberinput.py::test_color_reset <- tests/widgets/properties.py PASSED [ 50%]
2025-02-28T15:36:49.3526990Z tests/widgets/test_numberinput.py::test_enabled <- tests/widgets/properties.py PASSED [ 50%]
2025-02-28T15:36:49.7564360Z tests/widgets/test_numberinput.py::test_flex_horizontal_widget_size <- tests/widgets/properties.py PASSED [ 50%]
2025-02-28T15:36:51.2875540Z tests/widgets/test_numberinput.py::test_focus <- tests/widgets/properties.py PASSED [ 50%]
2025-02-28T15:36:51.4338300Z tests/widgets/test_numberinput.py::test_font <- tests/widgets/properties.py PASSED [ 51%]
2025-02-28T15:36:51.8007630Z tests/widgets/test_numberinput.py::test_font_attrs <- tests/widgets/properties.py PASSED [ 51%]
2025-02-28T15:36:52.0002460Z tests/widgets/test_numberinput.py::test_readonly <- tests/widgets/properties.py PASSED [ 51%]
2025-02-28T15:36:52.2444070Z tests/widgets/test_numberinput.py::test_text_align <- tests/widgets/properties.py PASSED [ 51%]
2025-02-28T15:36:52.4230640Z tests/widgets/test_numberinput.py::test_cleanup <- tests/widgets/conftest.py PASSED [ 51%]
2025-02-28T15:36:53.1406620Z tests/widgets/test_numberinput.py::test_on_change_handler PASSED         [ 51%]
2025-02-28T15:36:53.8472560Z tests/widgets/test_numberinput.py::test_focus_value_clipping PASSED      [ 52%]
2025-02-28T15:36:54.9754610Z tests/widgets/test_numberinput.py::test_value PASSED                     [ 52%]
2025-02-28T15:36:55.0553510Z tests/widgets/test_numberinput.py::test_increment_decrement XFAIL (iOS
2025-02-28T15:36:55.0791570Z doesn't support stepped increments)                                      [ 52%]
2025-02-28T15:36:55.1813170Z tests/widgets/test_numberinput.py::test_undo_redo SKIPPED (not yet
2025-02-28T15:36:55.3150090Z implemented on iOS)                                                      [ 52%]
2025-02-28T15:36:56.1988560Z tests/widgets/test_optioncontainer.py::test_enable_noop <- tests/widgets/properties.py PASSED [ 52%]
2025-02-28T15:36:57.0126600Z tests/widgets/test_optioncontainer.py::test_flex_widget_size <- tests/widgets/properties.py PASSED [ 53%]
2025-02-28T15:36:58.7024970Z tests/widgets/test_optioncontainer.py::test_focus_noop <- tests/widgets/properties.py PASSED [ 53%]
2025-02-28T15:36:58.7028090Z tests/widgets/test_optioncontainer.py::test_cleanup <- tests/widgets/conftest.py PASSED [ 53%]
2025-02-28T15:36:59.3945130Z tests/widgets/test_optioncontainer.py::test_select_tab PASSED            [ 53%]
2025-02-28T15:37:01.2509670Z tests/widgets/test_optioncontainer.py::test_select_tab_overflow PASSED   [ 53%]
2025-02-28T15:37:02.5802810Z tests/widgets/test_optioncontainer.py::test_enable_tab PASSED            [ 53%]
2025-02-28T15:37:03.8859450Z tests/widgets/test_optioncontainer.py::test_change_content PASSED        [ 54%]
2025-02-28T15:37:04.1287370Z tests/widgets/test_passwordinput.py::test_background_color <- tests/widgets/properties.py PASSED [ 54%]
2025-02-28T15:37:04.3584210Z tests/widgets/test_passwordinput.py::test_background_color_reset <- tests/widgets/properties.py PASSED [ 54%]
2025-02-28T15:37:04.6229570Z tests/widgets/test_passwordinput.py::test_background_color_transparent <- tests/widgets/properties.py PASSED [ 54%]
2025-02-28T15:37:04.9251640Z tests/widgets/test_passwordinput.py::test_color <- tests/widgets/properties.py PASSED [ 54%]
2025-02-28T15:37:05.1660360Z tests/widgets/test_passwordinput.py::test_color_reset <- tests/widgets/properties.py PASSED [ 55%]
2025-02-28T15:37:05.4216530Z tests/widgets/test_passwordinput.py::test_enabled <- tests/widgets/properties.py PASSED [ 55%]
2025-02-28T15:37:05.6894960Z tests/widgets/test_passwordinput.py::test_flex_horizontal_widget_size <- tests/widgets/properties.py PASSED [ 55%]
2025-02-28T15:37:06.5055040Z tests/widgets/test_passwordinput.py::test_focus <- tests/widgets/properties.py PASSED [ 55%]
2025-02-28T15:37:06.5673020Z tests/widgets/test_passwordinput.py::test_font <- tests/widgets/properties.py PASSED [ 55%]
2025-02-28T15:37:06.9437070Z tests/widgets/test_passwordinput.py::test_font_attrs <- tests/widgets/properties.py PASSED [ 56%]
2025-02-28T15:37:07.2850810Z tests/widgets/test_passwordinput.py::test_placeholder <- tests/widgets/properties.py PASSED [ 56%]
2025-02-28T15:37:07.7686950Z tests/widgets/test_passwordinput.py::test_placeholder_color <- tests/widgets/properties.py PASSED [ 56%]
2025-02-28T15:37:09.4080030Z tests/widgets/test_passwordinput.py::test_placeholder_focus <- tests/widgets/properties.py PASSED [ 56%]
2025-02-28T15:37:09.4572660Z tests/widgets/test_passwordinput.py::test_readonly <- tests/widgets/properties.py PASSED [ 56%]
2025-02-28T15:37:09.8029200Z tests/widgets/test_passwordinput.py::test_text_align <- tests/widgets/properties.py PASSED [ 56%]
2025-02-28T15:37:10.4000900Z tests/widgets/test_passwordinput.py::test_on_change_focus[True-] <- tests/widgets/test_textinput.py PASSED [ 57%]
2025-02-28T15:37:11.1928610Z tests/widgets/test_passwordinput.py::test_on_change_focus[True-placeholder] <- tests/widgets/test_textinput.py PASSED [ 57%]
2025-02-28T15:37:11.8626410Z tests/widgets/test_passwordinput.py::test_on_change_focus[False-] <- tests/widgets/test_textinput.py PASSED [ 57%]
2025-02-28T15:37:12.5020690Z tests/widgets/test_passwordinput.py::test_on_change_focus[False-placeholder] <- tests/widgets/test_textinput.py PASSED [ 57%]
2025-02-28T15:37:13.2494470Z tests/widgets/test_passwordinput.py::test_on_change_programmatic[True-] <- tests/widgets/test_textinput.py PASSED [ 57%]
2025-02-28T15:37:13.7711780Z tests/widgets/test_passwordinput.py::test_on_change_programmatic[True-placeholder] <- tests/widgets/test_textinput.py PASSED [ 58%]
2025-02-28T15:37:14.2354460Z tests/widgets/test_passwordinput.py::test_on_change_programmatic[False-] <- tests/widgets/test_textinput.py PASSED [ 58%]
2025-02-28T15:37:16.6403280Z tests/widgets/test_passwordinput.py::test_on_change_programmatic[False-placeholder] <- tests/widgets/test_textinput.py PASSED [ 58%]
2025-02-28T15:37:17.0415150Z tests/widgets/test_passwordinput.py::test_on_change_user <- tests/widgets/test_textinput.py PASSED [ 58%]
2025-02-28T15:37:17.3123290Z tests/widgets/test_passwordinput.py::test_on_confirm <- tests/widgets/test_textinput.py PASSED [ 58%]
2025-02-28T15:37:18.2103420Z tests/widgets/test_passwordinput.py::test_text_value <- tests/widgets/test_textinput.py PASSED [ 58%]
2025-02-28T15:37:18.2106090Z tests/widgets/test_passwordinput.py::test_undo_redo <- tests/widgets/test_textinput.py SKIPPED [ 59%]
2025-02-28T15:37:18.2109340Z tests/widgets/test_passwordinput.py::test_validation <- tests/widgets/test_textinput.py PASSED [ 59%]
2025-02-28T15:37:18.4385200Z tests/widgets/test_passwordinput.py::test_cleanup <- tests/widgets/conftest.py PASSED [ 59%]
2025-02-28T15:37:18.6879550Z tests/widgets/test_passwordinput.py::test_value_hidden PASSED            [ 59%]
2025-02-28T15:37:18.9345800Z tests/widgets/test_progressbar.py::test_enable_noop <- tests/widgets/properties.py PASSED [ 59%]
2025-02-28T15:37:19.2569580Z tests/widgets/test_progressbar.py::test_flex_horizontal_widget_size <- tests/widgets/properties.py PASSED [ 60%]
2025-02-28T15:37:20.1474920Z tests/widgets/test_progressbar.py::test_focus_noop <- tests/widgets/properties.py PASSED [ 60%]
2025-02-28T15:37:20.1587600Z tests/widgets/test_progressbar.py::test_cleanup <- tests/widgets/conftest.py PASSED [ 60%]
2025-02-28T15:37:20.5056920Z tests/widgets/test_progressbar.py::test_start_stop_determinate PASSED    [ 60%]
2025-02-28T15:37:21.3690340Z tests/widgets/test_progressbar.py::test_start_stop_indeterminate PASSED  [ 60%]
2025-02-28T15:37:21.8573320Z tests/widgets/test_progressbar.py::test_animation_starts_on_max_change PASSED [ 61%]
2025-02-28T15:37:22.2124970Z tests/widgets/test_progressbar.py::test_position_change_on_max_change PASSED [ 61%]
2025-02-28T15:37:24.5194930Z tests/widgets/test_scrollcontainer.py::test_background_color <- tests/widgets/properties.py PASSED [ 61%]
2025-02-28T15:37:26.2250770Z tests/widgets/test_scrollcontainer.py::test_background_color_reset <- tests/widgets/properties.py PASSED [ 61%]
2025-02-28T15:37:28.6906790Z tests/widgets/test_scrollcontainer.py::test_background_color_transparent <- tests/widgets/properties.py PASSED [ 61%]
2025-02-28T15:37:31.5276440Z tests/widgets/test_scrollcontainer.py::test_enable_noop <- tests/widgets/properties.py PASSED [ 61%]
2025-02-28T15:37:37.2110320Z tests/widgets/test_scrollcontainer.py::test_flex_widget_size <- tests/widgets/properties.py PASSED [ 62%]
2025-02-28T15:37:41.3255890Z tests/widgets/test_scrollcontainer.py::test_focus_noop <- tests/widgets/properties.py PASSED [ 62%]
2025-02-28T15:37:41.3373950Z tests/widgets/test_scrollcontainer.py::test_cleanup <- tests/widgets/conftest.py PASSED [ 62%]
2025-02-28T15:37:42.9717960Z tests/widgets/test_scrollcontainer.py::test_clear_content PASSED         [ 62%]
2025-02-28T15:37:47.3778670Z tests/widgets/test_scrollcontainer.py::test_margin PASSED                [ 62%]
2025-02-28T15:37:52.5083190Z tests/widgets/test_scrollcontainer.py::test_enable_horizontal_scrolling PASSED [ 63%]
2025-02-28T15:37:57.3635370Z tests/widgets/test_scrollcontainer.py::test_enable_vertical_scrolling PASSED [ 63%]
2025-02-28T15:38:02.0134700Z tests/widgets/test_scrollcontainer.py::test_vertical_scroll PASSED       [ 63%]
2025-02-28T15:38:04.3371560Z tests/widgets/test_scrollcontainer.py::test_vertical_scroll_small_content PASSED [ 63%]
2025-02-28T15:38:07.6715280Z tests/widgets/test_scrollcontainer.py::test_horizontal_scroll PASSED     [ 63%]
2025-02-28T15:38:12.2058900Z tests/widgets/test_scrollcontainer.py::test_horizontal_scroll_small_content PASSED [ 64%]
2025-02-28T15:38:15.5224770Z === Messages dropped during live streaming (use `log show` to see what they were)
2025-02-28T15:38:15.5331280Z === Messages dropped during live streaming (use `log show` to see what they were)
2025-02-28T15:38:15.5475030Z === Messages dropped during live streaming (use `log show` to see what they were)
2025-02-28T15:38:15.5575900Z === Messages dropped during live streaming (use `log show` to see what they were)
2025-02-28T15:38:15.5680640Z === Messages dropped during live streaming (use `log show` to see what they were)
2025-02-28T15:38:15.5865610Z tests/widgets/test_scrollcontainer.py::test_scroll_both PASSED           [ 64%]
2025-02-28T15:38:18.0480050Z tests/widgets/test_scrollcontainer.py::test_manual_scroll PASSED         [ 64%]
2025-02-28T15:38:21.0744790Z tests/widgets/test_scrollcontainer.py::test_no_content PASSED            [ 64%]
2025-02-28T15:38:21.3670440Z tests/widgets/test_selection.py::test_background_color <- tests/widgets/properties.py PASSED [ 64%]
2025-02-28T15:38:21.6814420Z tests/widgets/test_selection.py::test_background_color_reset <- tests/widgets/properties.py PASSED [ 64%]
2025-02-28T15:38:21.8847670Z tests/widgets/test_selection.py::test_background_color_transparent <- tests/widgets/properties.py PASSED [ 65%]
2025-02-28T15:38:22.0682160Z tests/widgets/test_selection.py::test_color <- tests/widgets/properties.py PASSED [ 65%]
2025-02-28T15:38:22.3582750Z tests/widgets/test_selection.py::test_color_reset <- tests/widgets/properties.py PASSED [ 65%]
2025-02-28T15:38:22.9063790Z tests/widgets/test_selection.py::test_enabled <- tests/widgets/properties.py PASSED [ 65%]
2025-02-28T15:38:23.4026710Z tests/widgets/test_selection.py::test_flex_horizontal_widget_size <- tests/widgets/properties.py PASSED [ 65%]
2025-02-28T15:38:23.6657710Z tests/widgets/test_selection.py::test_font <- tests/widgets/properties.py PASSED [ 66%]
2025-02-28T15:38:23.9643250Z tests/widgets/test_selection.py::test_font_attrs <- tests/widgets/properties.py PASSED [ 66%]
2025-02-28T15:38:24.1722810Z tests/widgets/test_selection.py::test_text_align <- tests/widgets/properties.py PASSED [ 66%]
2025-02-28T15:38:24.7876760Z tests/widgets/test_selection.py::test_focus <- tests/widgets/properties.py PASSED [ 66%]
2025-02-28T15:38:24.8101330Z tests/widgets/test_selection.py::test_cleanup <- tests/widgets/conftest.py PASSED [ 66%]
2025-02-28T15:38:25.0938950Z tests/widgets/test_selection.py::test_item_titles PASSED                 [ 66%]
2025-02-28T15:38:26.0638740Z tests/widgets/test_selection.py::test_selection_change PASSED            [ 67%]
2025-02-28T15:38:26.5797850Z tests/widgets/test_selection.py::test_source_changes PASSED              [ 67%]
2025-02-28T15:38:26.7694310Z tests/widgets/test_selection.py::test_resize_on_content_change XFAIL     [ 67%]
2025-02-28T15:38:27.0648810Z tests/widgets/test_slider.py::test_enabled <- tests/widgets/properties.py PASSED [ 67%]
2025-02-28T15:38:27.4430200Z tests/widgets/test_slider.py::test_flex_horizontal_widget_size <- tests/widgets/properties.py PASSED [ 67%]
2025-02-28T15:38:28.4109020Z tests/widgets/test_slider.py::test_focus_noop <- tests/widgets/properties.py PASSED [ 68%]
2025-02-28T15:38:28.5324100Z tests/widgets/test_slider.py::test_cleanup <- tests/widgets/conftest.py PASSED [ 68%]
2025-02-28T15:38:28.7563040Z tests/widgets/test_slider.py::test_init PASSED                           [ 68%]
2025-02-28T15:38:28.8927020Z tests/widgets/test_slider.py::test_init_handlers PASSED                  [ 68%]
2025-02-28T15:38:29.7017800Z tests/widgets/test_slider.py::test_value PASSED                          [ 68%]
2025-02-28T15:38:30.5609590Z tests/widgets/test_slider.py::test_change PASSED                         [ 69%]
2025-02-28T15:38:31.0332450Z tests/widgets/test_slider.py::test_min PASSED                            [ 69%]
2025-02-28T15:38:31.3239310Z tests/widgets/test_slider.py::test_max PASSED                            [ 69%]
2025-02-28T15:38:31.6316930Z tests/widgets/test_slider.py::test_ticks PASSED                          [ 69%]
2025-02-28T15:38:31.8745440Z tests/widgets/test_slider.py::test_value_with_ticks PASSED               [ 69%]
2025-02-28T15:38:32.1650280Z tests/widgets/test_slider.py::test_range_with_ticks PASSED               [ 69%]
2025-02-28T15:38:32.3926080Z tests/widgets/test_slider.py::test_press_release[press] PASSED           [ 70%]
2025-02-28T15:38:32.6821150Z tests/widgets/test_slider.py::test_press_release[release] PASSED         [ 70%]
2025-02-28T15:38:32.8721290Z tests/widgets/test_splitcontainer.py::test_enable_noop <- tests/widgets/properties.py SKIPPED [ 70%]
2025-02-28T15:38:33.0848190Z tests/widgets/test_splitcontainer.py::test_flex_widget_size <- tests/widgets/properties.py SKIPPED [ 70%]
2025-02-28T15:38:33.3018360Z tests/widgets/test_splitcontainer.py::test_focus_noop <- tests/widgets/properties.py SKIPPED [ 70%]
2025-02-28T15:38:33.4467030Z tests/widgets/test_splitcontainer.py::test_cleanup <- tests/widgets/conftest.py SKIPPED [ 71%]
2025-02-28T15:38:33.5565220Z tests/widgets/test_splitcontainer.py::test_set_content SKIPPED (not yet
2025-02-28T15:38:33.6072670Z implemented on iOS)                                                      [ 71%]
2025-02-28T15:38:33.7159820Z tests/widgets/test_splitcontainer.py::test_set_direction SKIPPED (not
2025-02-28T15:38:33.7704460Z yet implemented on iOS)                                                  [ 71%]
2025-02-28T15:38:33.8762860Z tests/widgets/test_splitcontainer.py::test_move_splitter SKIPPED (not
2025-02-28T15:38:33.9317660Z yet implemented on iOS)                                                  [ 71%]
2025-02-28T15:38:34.3962920Z tests/widgets/test_switch.py::test_color <- tests/widgets/properties.py PASSED [ 71%]
2025-02-28T15:38:34.6318410Z tests/widgets/test_switch.py::test_color_reset <- tests/widgets/properties.py PASSED [ 71%]
2025-02-28T15:38:34.8757580Z tests/widgets/test_switch.py::test_enabled <- tests/widgets/properties.py PASSED [ 72%]
2025-02-28T15:38:35.1695900Z tests/widgets/test_switch.py::test_flex_horizontal_widget_size <- tests/widgets/properties.py PASSED [ 72%]
2025-02-28T15:38:35.6368380Z tests/widgets/test_switch.py::test_font <- tests/widgets/properties.py PASSED [ 72%]
2025-02-28T15:38:36.1758140Z tests/widgets/test_switch.py::test_font_attrs <- tests/widgets/properties.py PASSED [ 72%]
2025-02-28T15:38:36.4621500Z tests/widgets/test_switch.py::test_text_width_change <- tests/widgets/properties.py PASSED [ 72%]
2025-02-28T15:38:37.4849660Z tests/widgets/test_switch.py::test_focus_noop <- tests/widgets/properties.py PASSED [ 73%]
2025-02-28T15:38:37.5287880Z tests/widgets/test_switch.py::test_cleanup <- tests/widgets/conftest.py PASSED [ 73%]
2025-02-28T15:38:37.9060230Z tests/widgets/test_switch.py::test_text PASSED                           [ 73%]
2025-02-28T15:38:38.9896550Z tests/widgets/test_switch.py::test_press PASSED                          [ 73%]
2025-02-28T15:38:39.0599630Z tests/widgets/test_switch.py::test_change_value PASSED                   [ 73%]
2025-02-28T15:38:39.0702400Z tests/widgets/test_table.py::test_background_color <- tests/widgets/properties.py SKIPPED [ 74%]
2025-02-28T15:38:39.0804560Z tests/widgets/test_table.py::test_background_color_reset <- tests/widgets/properties.py SKIPPED [ 74%]
2025-02-28T15:38:39.0924900Z tests/widgets/test_table.py::test_enable_noop <- tests/widgets/properties.py SKIPPED [ 74%]
2025-02-28T15:38:39.1291620Z tests/widgets/test_table.py::test_flex_widget_size <- tests/widgets/properties.py SKIPPED [ 74%]
2025-02-28T15:38:39.2559330Z tests/widgets/test_table.py::test_focus_noop <- tests/widgets/properties.py SKIPPED [ 74%]
2025-02-28T15:38:39.4249660Z tests/widgets/test_table.py::test_font <- tests/widgets/properties.py SKIPPED [ 74%]
2025-02-28T15:38:39.4566190Z tests/widgets/test_table.py::test_cleanup <- tests/widgets/conftest.py SKIPPED [ 75%]
2025-02-28T15:38:39.5138160Z tests/widgets/test_table.py::test_scroll SKIPPED (not yet implemented on
2025-02-28T15:38:39.5916000Z iOS)                                                                     [ 75%]
2025-02-28T15:38:39.6360850Z tests/widgets/test_table.py::test_keyboard_navigation SKIPPED (not yet
2025-02-28T15:38:39.7142090Z implemented on iOS)                                                      [ 75%]
2025-02-28T15:38:39.7572760Z tests/widgets/test_table.py::test_select SKIPPED (not yet implemented on
2025-02-28T15:38:39.7987080Z iOS)                                                                     [ 75%]
2025-02-28T15:38:39.8663340Z tests/widgets/test_table.py::test_activate SKIPPED (not yet implemented
2025-02-28T15:38:39.8970710Z on iOS)                                                                  [ 75%]
2025-02-28T15:38:39.9590920Z tests/widgets/test_table.py::test_multiselect SKIPPED (not yet
2025-02-28T15:38:40.0281110Z implemented on iOS)                                                      [ 76%]
2025-02-28T15:38:40.0584010Z tests/widgets/test_table.py::test_row_changes SKIPPED (not yet
2025-02-28T15:38:40.1085220Z implemented on iOS)                                                      [ 76%]
2025-02-28T15:38:40.1564850Z tests/widgets/test_table.py::test_headerless_row_changes SKIPPED (not
2025-02-28T15:38:40.2193500Z yet implemented on iOS)                                                  [ 76%]
2025-02-28T15:38:40.2797390Z tests/widgets/test_table.py::test_column_changes SKIPPED (not yet
2025-02-28T15:38:40.3499280Z implemented on iOS)                                                      [ 76%]
2025-02-28T15:38:40.4116000Z tests/widgets/test_table.py::test_headerless_column_changes SKIPPED (not
2025-02-28T15:38:40.4679690Z yet implemented on iOS)                                                  [ 76%]
2025-02-28T15:38:40.5873740Z tests/widgets/test_table.py::test_remove_all_columns SKIPPED (not yet
2025-02-28T15:38:40.6218580Z implemented on iOS)                                                      [ 76%]
2025-02-28T15:38:40.7045310Z tests/widgets/test_table.py::test_cell_icon SKIPPED (not yet implemented
2025-02-28T15:38:40.8003720Z on iOS)                                                                  [ 77%]
2025-02-28T15:38:40.9048780Z tests/widgets/test_table.py::test_cell_widget SKIPPED (not yet
2025-02-28T15:38:40.9828420Z implemented on iOS)                                                      [ 77%]
2025-02-28T15:38:41.1992560Z tests/widgets/test_textinput.py::test_background_color <- tests/widgets/properties.py PASSED [ 77%]
2025-02-28T15:38:41.4311900Z tests/widgets/test_textinput.py::test_background_color_reset <- tests/widgets/properties.py PASSED [ 77%]
2025-02-28T15:38:41.6923350Z tests/widgets/test_textinput.py::test_background_color_transparent <- tests/widgets/properties.py PASSED [ 77%]
2025-02-28T15:38:41.9402740Z tests/widgets/test_textinput.py::test_color <- tests/widgets/properties.py PASSED [ 78%]
2025-02-28T15:38:42.1858580Z tests/widgets/test_textinput.py::test_color_reset <- tests/widgets/properties.py PASSED [ 78%]
2025-02-28T15:38:42.3964000Z tests/widgets/test_textinput.py::test_enabled <- tests/widgets/properties.py PASSED [ 78%]
2025-02-28T15:38:42.6865000Z tests/widgets/test_textinput.py::test_flex_horizontal_widget_size <- tests/widgets/properties.py PASSED [ 78%]
2025-02-28T15:38:43.4688230Z tests/widgets/test_textinput.py::test_focus <- tests/widgets/properties.py PASSED [ 78%]
2025-02-28T15:38:43.4757730Z tests/widgets/test_textinput.py::test_font <- tests/widgets/properties.py PASSED [ 79%]
2025-02-28T15:38:44.0942660Z tests/widgets/test_textinput.py::test_font_attrs <- tests/widgets/properties.py PASSED [ 79%]
2025-02-28T15:38:44.5664470Z tests/widgets/test_textinput.py::test_placeholder <- tests/widgets/properties.py PASSED [ 79%]
2025-02-28T15:38:44.9232060Z tests/widgets/test_textinput.py::test_placeholder_color <- tests/widgets/properties.py PASSED [ 79%]
2025-02-28T15:38:46.0358590Z tests/widgets/test_textinput.py::test_placeholder_focus <- tests/widgets/properties.py PASSED [ 79%]
2025-02-28T15:38:46.2043930Z tests/widgets/test_textinput.py::test_readonly <- tests/widgets/properties.py PASSED [ 79%]
2025-02-28T15:38:46.4195390Z tests/widgets/test_textinput.py::test_text_align <- tests/widgets/properties.py PASSED [ 80%]
2025-02-28T15:38:46.5909860Z tests/widgets/test_textinput.py::test_cleanup <- tests/widgets/conftest.py PASSED [ 80%]
2025-02-28T15:38:46.7613570Z tests/widgets/test_textinput.py::test_value_not_hidden PASSED            [ 80%]
2025-02-28T15:38:47.1224460Z tests/widgets/test_textinput.py::test_on_change_programmatic[True-] PASSED [ 80%]
2025-02-28T15:38:47.7522990Z tests/widgets/test_textinput.py::test_on_change_programmatic[True-placeholder] PASSED [ 80%]
2025-02-28T15:38:48.1318970Z tests/widgets/test_textinput.py::test_on_change_programmatic[False-] PASSED [ 81%]
2025-02-28T15:38:48.4842160Z tests/widgets/test_textinput.py::test_on_change_programmatic[False-placeholder] PASSED [ 81%]
2025-02-28T15:38:49.0700110Z tests/widgets/test_textinput.py::test_on_change_user PASSED              [ 81%]
2025-02-28T15:38:49.5468390Z tests/widgets/test_textinput.py::test_on_change_focus[True-] PASSED      [ 81%]
2025-02-28T15:38:50.0040010Z tests/widgets/test_textinput.py::test_on_change_focus[True-placeholder] PASSED [ 81%]
2025-02-28T15:38:50.3908590Z tests/widgets/test_textinput.py::test_on_change_focus[False-] PASSED     [ 82%]
2025-02-28T15:38:51.2600810Z tests/widgets/test_textinput.py::test_on_change_focus[False-placeholder] PASSED [ 82%]
2025-02-28T15:38:51.4940380Z tests/widgets/test_textinput.py::test_on_confirm PASSED                  [ 82%]
2025-02-28T15:38:52.1760010Z tests/widgets/test_textinput.py::test_validation PASSED                  [ 82%]
2025-02-28T15:38:52.6627240Z tests/widgets/test_textinput.py::test_text_value PASSED                  [ 82%]
2025-02-28T15:38:52.8543190Z tests/widgets/test_textinput.py::test_undo_redo SKIPPED (Cursor
2025-02-28T15:38:52.9500520Z positioning not supported on this platform)                              [ 82%]
2025-02-28T15:38:53.0729500Z tests/widgets/test_timeinput.py::test_background_color <- tests/widgets/properties.py SKIPPED [ 83%]
2025-02-28T15:38:53.1640270Z tests/widgets/test_timeinput.py::test_background_color_reset <- tests/widgets/properties.py SKIPPED [ 83%]
2025-02-28T15:38:53.2608370Z tests/widgets/test_timeinput.py::test_background_color_transparent <- tests/widgets/properties.py SKIPPED [ 83%]
2025-02-28T15:38:53.3720250Z tests/widgets/test_timeinput.py::test_color <- tests/widgets/properties.py SKIPPED [ 83%]
2025-02-28T15:38:53.4861050Z tests/widgets/test_timeinput.py::test_color_reset <- tests/widgets/properties.py SKIPPED [ 83%]
2025-02-28T15:38:53.5637110Z tests/widgets/test_timeinput.py::test_enabled <- tests/widgets/properties.py SKIPPED [ 84%]
2025-02-28T15:38:53.6583490Z tests/widgets/test_timeinput.py::test_flex_horizontal_widget_size <- tests/widgets/properties.py SKIPPED [ 84%]
2025-02-28T15:38:53.8132860Z tests/widgets/test_timeinput.py::test_max <- tests/widgets/test_dateinput.py SKIPPED [ 84%]
2025-02-28T15:38:53.8992140Z tests/widgets/test_timeinput.py::test_min <- tests/widgets/test_dateinput.py SKIPPED [ 84%]
2025-02-28T15:38:54.0050760Z tests/widgets/test_timeinput.py::test_value <- tests/widgets/test_dateinput.py SKIPPED [ 84%]
2025-02-28T15:38:54.1440320Z tests/widgets/test_timeinput.py::test_cleanup <- tests/widgets/conftest.py SKIPPED [ 84%]
2025-02-28T15:38:54.1859610Z tests/widgets/test_timeinput.py::test_init SKIPPED (not yet implemented
2025-02-28T15:38:54.2366290Z on iOS)                                                                  [ 85%]
2025-02-28T15:38:54.2975650Z tests/widgets/test_timeinput.py::test_change SKIPPED (not yet
2025-02-28T15:38:54.3382480Z implemented on iOS)                                                      [ 85%]
2025-02-28T15:38:54.4557500Z tests/widgets/test_tree.py::test_background_color <- tests/widgets/properties.py SKIPPED [ 85%]
2025-02-28T15:38:54.5411630Z tests/widgets/test_tree.py::test_background_color_reset <- tests/widgets/properties.py SKIPPED [ 85%]
2025-02-28T15:38:54.6707860Z tests/widgets/test_tree.py::test_enable_noop <- tests/widgets/properties.py SKIPPED [ 85%]
2025-02-28T15:38:54.7853690Z tests/widgets/test_tree.py::test_flex_widget_size <- tests/widgets/properties.py SKIPPED [ 86%]
2025-02-28T15:38:54.8789170Z tests/widgets/test_tree.py::test_focus_noop <- tests/widgets/properties.py SKIPPED [ 86%]
2025-02-28T15:38:54.9872060Z tests/widgets/test_tree.py::test_font <- tests/widgets/properties.py SKIPPED [ 86%]
2025-02-28T15:38:55.1150840Z tests/widgets/test_tree.py::test_cleanup <- tests/widgets/conftest.py SKIPPED [ 86%]
2025-02-28T15:38:55.1745340Z tests/widgets/test_tree.py::test_select SKIPPED (not yet implemented on
2025-02-28T15:38:55.2285740Z iOS)                                                                     [ 86%]
2025-02-28T15:38:55.2901080Z tests/widgets/test_tree.py::test_expand_collapse SKIPPED (not yet
2025-02-28T15:38:55.3350920Z implemented on iOS)                                                      [ 87%]
2025-02-28T15:38:55.3898840Z tests/widgets/test_tree.py::test_activate SKIPPED (not yet implemented
2025-02-28T15:38:55.4347330Z on iOS)                                                                  [ 87%]
2025-02-28T15:38:55.4980420Z tests/widgets/test_tree.py::test_multiselect SKIPPED (not yet
2025-02-28T15:38:55.5648300Z implemented on iOS)                                                      [ 87%]
2025-02-28T15:38:55.6145900Z tests/widgets/test_tree.py::test_row_changes SKIPPED (not yet
2025-02-28T15:38:55.6705670Z implemented on iOS)                                                      [ 87%]
2025-02-28T15:38:55.7215150Z tests/widgets/test_tree.py::test_headerless_row_changes SKIPPED (not yet
2025-02-28T15:38:55.7813370Z implemented on iOS)                                                      [ 87%]
2025-02-28T15:38:55.8341530Z tests/widgets/test_tree.py::test_column_changes SKIPPED (not yet
2025-02-28T15:38:56.0029390Z implemented on iOS)                                                      [ 87%]
2025-02-28T15:38:56.0443360Z tests/widgets/test_tree.py::test_headerless_column_changes SKIPPED (not
2025-02-28T15:38:56.1213200Z yet implemented on iOS)                                                  [ 88%]
2025-02-28T15:38:56.1933100Z tests/widgets/test_tree.py::test_cell_icon SKIPPED (not yet implemented
2025-02-28T15:38:56.2622770Z on iOS)                                                                  [ 88%]
2025-02-28T15:38:56.3588100Z tests/widgets/test_tree.py::test_cell_widget SKIPPED (not yet
2025-02-28T15:38:56.4187870Z implemented on iOS)                                                      [ 88%]
2025-02-28T15:38:57.9625730Z tests/widgets/test_webview.py::test_flex_widget_size <- tests/widgets/properties.py PASSED [ 88%]
2025-02-28T15:38:59.2198530Z tests/widgets/test_webview.py::test_focus <- tests/widgets/properties.py PASSED [ 88%]
2025-02-28T15:38:59.3204070Z tests/widgets/test_webview.py::test_cleanup <- tests/widgets/conftest.py PASSED [ 89%]
2025-02-28T15:39:01.6795700Z tests/widgets/test_webview.py::test_set_url PASSED                       [ 89%]
2025-02-28T15:39:01.6920860Z tests/widgets/test_webview.py::test_clear_url PASSED                     [ 89%]
2025-02-28T15:39:02.3044480Z tests/widgets/test_webview.py::test_load_empty_url PASSED                [ 89%]
2025-02-28T15:39:03.0110810Z tests/widgets/test_webview.py::test_load_url PASSED                      [ 89%]
2025-02-28T15:39:03.8957840Z tests/widgets/test_webview.py::test_static_content PASSED                [ 89%]
2025-02-28T15:39:04.4769120Z tests/widgets/test_webview.py::test_user_agent PASSED                    [ 90%]
2025-02-28T15:39:04.7802920Z tests/widgets/test_webview.py::test_evaluate_javascript PASSED           [ 90%]
2025-02-28T15:39:05.1978320Z tests/widgets/test_webview.py::test_evaluate_javascript_no_handler PASSED [ 90%]
2025-02-28T15:39:05.6064050Z tests/widgets/test_webview.py::test_evaluate_javascript_error PASSED     [ 90%]
2025-02-28T15:39:06.0712090Z tests/widgets/test_webview.py::test_evaluate_javascript_error_without_handler PASSED [ 90%]
2025-02-28T15:39:07.0590450Z tests/widgets/test_webview.py::test_dom_storage_enabled PASSED           [ 91%]
2025-02-28T15:39:08.9053290Z tests/widgets/test_webview.py::test_retrieve_cookies PASSED              [ 91%]
2025-02-28T15:39:09.1230720Z tests/window/test_dialogs.py::test_info_dialog PASSED                    [ 91%]
2025-02-28T15:39:09.6190790Z tests/window/test_dialogs.py::test_question_dialog[False] PASSED         [ 91%]
2025-02-28T15:39:10.0957290Z tests/window/test_dialogs.py::test_question_dialog[True] PASSED          [ 91%]
2025-02-28T15:39:10.4828810Z tests/window/test_dialogs.py::test_confirm_dialog[False] PASSED          [ 92%]
2025-02-28T15:39:10.8533240Z tests/window/test_dialogs.py::test_confirm_dialog[True] PASSED           [ 92%]
2025-02-28T15:39:11.3218440Z tests/window/test_dialogs.py::test_error_dialog PASSED                   [ 92%]
2025-02-28T15:39:11.4996720Z tests/window/test_dialogs.py::test_stack_trace_dialog[None] SKIPPED      [ 92%]
2025-02-28T15:39:11.6767150Z tests/window/test_dialogs.py::test_stack_trace_dialog[False] SKIPPED     [ 92%]
2025-02-28T15:39:11.7727280Z tests/window/test_dialogs.py::test_stack_trace_dialog[True] SKIPPED      [ 92%]
2025-02-28T15:39:11.9078570Z tests/window/test_dialogs.py::test_save_file_dialog[/path/to/file.txt-None-result0] SKIPPED [ 93%]
2025-02-28T15:39:12.0384930Z tests/window/test_dialogs.py::test_save_file_dialog[/path/to/file.txt-None-None] SKIPPED [ 93%]
2025-02-28T15:39:12.1300050Z tests/window/test_dialogs.py::test_save_file_dialog[/path/to/file.txt-file_types2-result2] SKIPPED [ 93%]
2025-02-28T15:39:12.2487530Z tests/window/test_dialogs.py::test_save_file_dialog[/path/to/file.txt-file_types3-None] SKIPPED [ 93%]
2025-02-28T15:39:12.3745280Z tests/window/test_dialogs.py::test_open_file_dialog[initial_directory0-None-False-result0] SKIPPED [ 93%]
2025-02-28T15:39:12.5014280Z tests/window/test_dialogs.py::test_open_file_dialog[initial_directory1-None-False-None] SKIPPED [ 94%]
2025-02-28T15:39:12.6129300Z tests/window/test_dialogs.py::test_open_file_dialog[None-None-False-result2] SKIPPED [ 94%]
2025-02-28T15:39:12.7479210Z tests/window/test_dialogs.py::test_open_file_dialog[initial_directory3-file_types3-False-result3] SKIPPED [ 94%]
2025-02-28T15:39:12.8777040Z tests/window/test_dialogs.py::test_open_file_dialog[initial_directory4-None-True-result4] SKIPPED [ 94%]
2025-02-28T15:39:12.9771680Z tests/window/test_dialogs.py::test_open_file_dialog[initial_directory5-None-True-result5] SKIPPED [ 94%]
2025-02-28T15:39:13.0807300Z tests/window/test_dialogs.py::test_open_file_dialog[initial_directory6-None-True-None] SKIPPED [ 94%]
2025-02-28T15:39:13.1904580Z tests/window/test_dialogs.py::test_open_file_dialog[None-None-True-result7] SKIPPED [ 95%]
2025-02-28T15:39:13.2882820Z tests/window/test_dialogs.py::test_open_file_dialog[initial_directory8-file_types8-True-result8] SKIPPED [ 95%]
2025-02-28T15:39:13.4077620Z tests/window/test_dialogs.py::test_select_folder_dialog[initial_directory0-False-result0] SKIPPED [ 95%]
2025-02-28T15:39:13.5420300Z tests/window/test_dialogs.py::test_select_folder_dialog[initial_directory1-False-None] SKIPPED [ 95%]
2025-02-28T15:39:13.6558390Z tests/window/test_dialogs.py::test_select_folder_dialog[None-False-result2] SKIPPED [ 95%]
2025-02-28T15:39:13.8611670Z tests/window/test_dialogs.py::test_select_folder_dialog[initial_directory3-True-result3] SKIPPED [ 96%]
2025-02-28T15:39:13.9908120Z tests/window/test_dialogs.py::test_select_folder_dialog[initial_directory4-True-result4] SKIPPED [ 96%]
2025-02-28T15:39:14.1356710Z tests/window/test_dialogs.py::test_select_folder_dialog[initial_directory5-True-None] SKIPPED [ 96%]
2025-02-28T15:39:14.2615610Z tests/window/test_window.py::test_title PASSED                           [ 96%]
2025-02-28T15:39:14.3869320Z tests/window/test_window.py::test_visibility PASSED                      [ 96%]
2025-02-28T15:39:14.4896400Z tests/window/test_window.py::test_secondary_window PASSED                [ 97%]
2025-02-28T15:39:14.7604300Z tests/window/test_window.py::test_move_and_resize PASSED                 [ 97%]
2025-02-28T15:39:14.9525560Z tests/window/test_window.py::test_window_state_change[WindowState.NORMAL-WindowState.FULLSCREEN] XFAIL [ 97%]
2025-02-28T15:39:15.0219920Z tests/window/test_window.py::test_window_state_change[WindowState.NORMAL-WindowState.PRESENTATION] XFAIL [ 97%]
2025-02-28T15:39:15.1212520Z tests/window/test_window.py::test_window_state_change[WindowState.FULLSCREEN-WindowState.NORMAL] XFAIL [ 97%]
2025-02-28T15:39:15.3362170Z tests/window/test_window.py::test_window_state_change[WindowState.FULLSCREEN-WindowState.PRESENTATION] XFAIL [ 97%]
2025-02-28T15:39:15.3950750Z tests/window/test_window.py::test_window_state_change[WindowState.PRESENTATION-WindowState.NORMAL] XFAIL [ 98%]
2025-02-28T15:39:15.4942770Z tests/window/test_window.py::test_window_state_change[WindowState.PRESENTATION-WindowState.FULLSCREEN] XFAIL [ 98%]
2025-02-28T15:39:15.7199530Z tests/window/test_window.py::test_window_state_same_as_current_without_intermediate_states[WindowState.NORMAL] PASSED [ 98%]
2025-02-28T15:39:15.8081170Z tests/window/test_window.py::test_window_state_same_as_current_without_intermediate_states[WindowState.FULLSCREEN] XFAIL [ 98%]
2025-02-28T15:39:16.1614560Z tests/window/test_window.py::test_window_state_same_as_current_without_intermediate_states[WindowState.PRESENTATION] XFAIL [ 98%]
2025-02-28T15:39:16.4624640Z tests/window/test_window.py::test_window_state_content_size_increase[WindowState.FULLSCREEN] XFAIL [ 99%]
2025-02-28T15:39:16.6941910Z tests/window/test_window.py::test_window_state_content_size_increase[WindowState.PRESENTATION] XFAIL [ 99%]
2025-02-28T15:39:16.9805770Z tests/window/test_window.py::test_window_state_no_op_states[WindowState.MINIMIZED] PASSED [ 99%]
2025-02-28T15:39:17.2311700Z tests/window/test_window.py::test_window_state_no_op_states[WindowState.MAXIMIZED] PASSED [ 99%]
2025-02-28T15:39:17.4810570Z tests/window/test_window.py::test_screen PASSED                          [ 99%]
2025-02-28T15:39:18.3082990Z tests/window/test_window.py::test_as_image PASSED                        [100%]
2025-02-28T15:39:18.3146710Z 
2025-02-28T15:39:18.3156330Z =========== 376 passed, 127 skipped, 38 xfailed in 310.49s (0:05:10) ===========
2025-02-28T15:39:18.8975940Z Name    Stmts   Miss Branch BrPart   Cover   Missing
2025-02-28T15:39:18.9008040Z ----------------------------------------------------
2025-02-28T15:39:18.9008520Z TOTAL    2470      0    232      0  100.0%
2025-02-28T15:39:18.9009470Z 
2025-02-28T15:39:18.9009710Z 49 files skipped due to complete coverage.
2025-02-28T15:39:22.1589830Z 
2025-02-28T15:39:22.1844130Z [2m[testbed][0m Test suite passed!
2025-02-28T15:39:22.1844720Z Saving log... started
2025-02-28T15:39:22.1856310Z 
2025-02-28T15:39:22.4392720Z [1;33mLog saved to /Users/runner/work/toga/toga/testbed/logs/briefcase.2025_02_28-15_39_22.run.log[0m[1;33m
2025-02-28T15:39:22.4486440Z [0m
2025-02-28T15:39:22.4572840Z Saving log... done
2025-02-28T15:39:22.7947040Z Post job cleanup.
2025-02-28T15:39:23.9368520Z Post job cleanup.
2025-02-28T15:39:24.0925960Z [command]/opt/homebrew/bin/git version
2025-02-28T15:39:24.1948950Z git version 2.48.1
2025-02-28T15:39:24.1997720Z Copying '/Users/runner/.gitconfig' to '/Users/runner/work/_temp/0c4c934a-06d8-4623-a066-921c973bafb3/.gitconfig'
2025-02-28T15:39:24.2020500Z Temporarily overriding HOME='/Users/runner/work/_temp/0c4c934a-06d8-4623-a066-921c973bafb3' before making global git config changes
2025-02-28T15:39:24.2023120Z Adding repository directory to the temporary git global config as a safe directory
2025-02-28T15:39:24.2030000Z [command]/opt/homebrew/bin/git config --global --add safe.directory /Users/runner/work/toga/toga
2025-02-28T15:39:24.2168930Z [command]/opt/homebrew/bin/git config --local --name-only --get-regexp core\.sshCommand
2025-02-28T15:39:24.2230990Z [command]/opt/homebrew/bin/git submodule foreach --recursive sh -c "git config --local --name-only --get-regexp 'core\.sshCommand' && git config --local --unset-all 'core.sshCommand' || :"
2025-02-28T15:39:24.4018500Z [command]/opt/homebrew/bin/git config --local --name-only --get-regexp http\.https\:\/\/github\.com\/\.extraheader
2025-02-28T15:39:24.4052750Z http.https://github.com/.extraheader
2025-02-28T15:39:24.4083560Z [command]/opt/homebrew/bin/git config --local --unset-all http.https://github.com/.extraheader
2025-02-28T15:39:24.4155070Z [command]/opt/homebrew/bin/git submodule foreach --recursive sh -c "git config --local --name-only --get-regexp 'http\.https\:\/\/github\.com\/\.extraheader' && git config --local --unset-all 'http.https://github.com/.extraheader' || :"
2025-02-28T15:39:24.5493200Z Cleaning up orphan processes
