2025-02-24T05:27:58.7251538Z Current runner version: '2.322.0'
2025-02-24T05:27:58.7276767Z ##[group]Operating System
2025-02-24T05:27:58.7277621Z Ubuntu
2025-02-24T05:27:58.7278390Z 24.04.1
2025-02-24T05:27:58.7278918Z LTS
2025-02-24T05:27:58.7279443Z ##[endgroup]
2025-02-24T05:27:58.7279994Z ##[group]Runner Image
2025-02-24T05:27:58.7280628Z Image: ubuntu-24.04
2025-02-24T05:27:58.7281168Z Version: 20250209.1.0
2025-02-24T05:27:58.7282189Z Included Software: https://github.com/actions/runner-images/blob/ubuntu24/20250209.1/images/ubuntu/Ubuntu2404-Readme.md
2025-02-24T05:27:58.7283625Z Image Release: https://github.com/actions/runner-images/releases/tag/ubuntu24%2F20250209.1
2025-02-24T05:27:58.7284532Z ##[endgroup]
2025-02-24T05:27:58.7285082Z ##[group]Runner Image Provisioner
2025-02-24T05:27:58.7285753Z 2.0.422.1
2025-02-24T05:27:58.7286259Z ##[endgroup]
2025-02-24T05:27:58.7288817Z ##[group]GITHUB_TOKEN Permissions
2025-02-24T05:27:58.7290763Z Actions: write
2025-02-24T05:27:58.7291616Z Attestations: write
2025-02-24T05:27:58.7292244Z Checks: write
2025-02-24T05:27:58.7292800Z Contents: write
2025-02-24T05:27:58.7293357Z Deployments: write
2025-02-24T05:27:58.7293889Z Discussions: write
2025-02-24T05:27:58.7294535Z Issues: write
2025-02-24T05:27:58.7295022Z Metadata: read
2025-02-24T05:27:58.7295544Z Packages: write
2025-02-24T05:27:58.7296106Z Pages: write
2025-02-24T05:27:58.7296652Z PullRequests: write
2025-02-24T05:27:58.7297189Z RepositoryProjects: write
2025-02-24T05:27:58.7297818Z SecurityEvents: write
2025-02-24T05:27:58.7298547Z Statuses: write
2025-02-24T05:27:58.7299052Z ##[endgroup]
2025-02-24T05:27:58.7302004Z Secret source: Actions
2025-02-24T05:27:58.7302733Z Prepare workflow directory
2025-02-24T05:27:58.7686492Z Prepare all required actions
2025-02-24T05:27:58.7723210Z Getting action download info
2025-02-24T05:27:58.9620759Z ##[group]Download immutable action package 'actions/checkout@v4.2.2'
2025-02-24T05:27:58.9621847Z Version: 4.2.2
2025-02-24T05:27:58.9622896Z Digest: sha256:ccb2698953eaebd21c7bf6268a94f9c26518a7e38e27e0b83c1fe1ad049819b1
2025-02-24T05:27:58.9624142Z Source commit SHA: 11bd71901bbe5b1630ceea73d27597364c9af683
2025-02-24T05:27:58.9624936Z ##[endgroup]
2025-02-24T05:27:59.0371881Z ##[group]Download immutable action package 'actions/setup-python@v5.4.0'
2025-02-24T05:27:59.0372646Z Version: 5.4.0
2025-02-24T05:27:59.0373290Z Digest: sha256:6003df952c8106bcd378d2ba997eef202da924317a57269dfa72449b135adb7f
2025-02-24T05:27:59.0374142Z Source commit SHA: 42375524e23c412d93fb67b49958b491fce71c38
2025-02-24T05:27:59.0374730Z ##[endgroup]
2025-02-24T05:27:59.2723944Z Download action repository 'beeware/.github@main' (SHA:a66b93162808d34adf5280c28104b75f8e0d70d3)
2025-02-24T05:27:59.4858660Z ##[group]Download immutable action package 'actions/download-artifact@v4.1.8'
2025-02-24T05:27:59.4859433Z Version: 4.1.8
2025-02-24T05:27:59.4860083Z Digest: sha256:917365d881f32f077924458e108599cbeed2ddd6092ee5edbe0da4d4b2eba355
2025-02-24T05:27:59.4860981Z Source commit SHA: fa0a91b85d4f404e444e00e005971372dc801d16
2025-02-24T05:27:59.4861602Z ##[endgroup]
2025-02-24T05:27:59.6969223Z ##[group]Download immutable action package 'actions/upload-artifact@v4.6.1'
2025-02-24T05:27:59.6970404Z Version: 4.6.1
2025-02-24T05:27:59.6971379Z Digest: sha256:3f6a28e7a1e0b5c8e2249e28da121a049fa5b91863b04390a46a82e4f8e2da98
2025-02-24T05:27:59.6972735Z Source commit SHA: 4cec3d8aa04e39d1a68397de0c4cd6fb9dce8ec1
2025-02-24T05:27:59.6973672Z ##[endgroup]
2025-02-24T05:28:00.0348590Z Getting action download info
2025-02-24T05:28:00.1451620Z ##[group]Download immutable action package 'actions/checkout@v4.1.6'
2025-02-24T05:28:00.1453186Z Version: 4.1.6
2025-02-24T05:28:00.1454604Z Digest: sha256:e526265eed1c91edf7a595929d1ceb1bb44ffcb89ce44093c9d79ce6e2db4d81
2025-02-24T05:28:00.1456497Z Source commit SHA: a5ac7e51b41094c92402da3b24376905380afc29
2025-02-24T05:28:00.1457804Z ##[endgroup]
2025-02-24T05:28:00.2520101Z Complete job name: Test travertino (ubuntu-latest, 3.10)
2025-02-24T05:28:00.3160217Z ##[group]Run actions/checkout@v4.2.2
2025-02-24T05:28:00.3161243Z with:
2025-02-24T05:28:00.3161576Z   fetch-depth: 0
2025-02-24T05:28:00.3161905Z   repository: beeware/toga
2025-02-24T05:28:00.3162421Z   token: ***
2025-02-24T05:28:00.3162732Z   ssh-strict: true
2025-02-24T05:28:00.3163040Z   ssh-user: git
2025-02-24T05:28:00.3163369Z   persist-credentials: true
2025-02-24T05:28:00.3163717Z   clean: true
2025-02-24T05:28:00.3164046Z   sparse-checkout-cone-mode: true
2025-02-24T05:28:00.3164427Z   fetch-tags: false
2025-02-24T05:28:00.3164742Z   show-progress: true
2025-02-24T05:28:00.3165068Z   lfs: false
2025-02-24T05:28:00.3165353Z   submodules: false
2025-02-24T05:28:00.3165669Z   set-safe-directory: true
2025-02-24T05:28:00.3166223Z env:
2025-02-24T05:28:00.3166536Z   min_python_version: 3.9
2025-02-24T05:28:00.3166911Z   max_python_version: 3.12
2025-02-24T05:28:00.3167273Z   FORCE_COLOR: 1
2025-02-24T05:28:00.3167573Z ##[endgroup]
2025-02-24T05:28:00.5088047Z Syncing repository: beeware/toga
2025-02-24T05:28:00.5090174Z ##[group]Getting Git version info
2025-02-24T05:28:00.5090711Z Working directory is '/home/runner/work/toga/toga'
2025-02-24T05:28:00.5091405Z [command]/usr/bin/git version
2025-02-24T05:28:00.5135876Z git version 2.48.1
2025-02-24T05:28:00.5164053Z ##[endgroup]
2025-02-24T05:28:00.5180647Z Temporarily overriding HOME='/home/runner/work/_temp/b67094aa-9fd7-4667-bedc-dd0d175c43bb' before making global git config changes
2025-02-24T05:28:00.5182285Z Adding repository directory to the temporary git global config as a safe directory
2025-02-24T05:28:00.5194378Z [command]/usr/bin/git config --global --add safe.directory /home/runner/work/toga/toga
2025-02-24T05:28:00.5230621Z Deleting the contents of '/home/runner/work/toga/toga'
2025-02-24T05:28:00.5234702Z ##[group]Initializing the repository
2025-02-24T05:28:00.5239831Z [command]/usr/bin/git init /home/runner/work/toga/toga
2025-02-24T05:28:00.5303291Z hint: Using 'master' as the name for the initial branch. This default branch name
2025-02-24T05:28:00.5304480Z hint: is subject to change. To configure the initial branch name to use in all
2025-02-24T05:28:00.5305302Z hint: of your new repositories, which will suppress this warning, call:
2025-02-24T05:28:00.5306165Z hint:
2025-02-24T05:28:00.5306882Z hint: 	git config --global init.defaultBranch <name>
2025-02-24T05:28:00.5307650Z hint:
2025-02-24T05:28:00.5308734Z hint: Names commonly chosen instead of 'master' are 'main', 'trunk' and
2025-02-24T05:28:00.5309791Z hint: 'development'. The just-created branch can be renamed via this command:
2025-02-24T05:28:00.5310528Z hint:
2025-02-24T05:28:00.5310853Z hint: 	git branch -m <name>
2025-02-24T05:28:00.5311361Z Initialized empty Git repository in /home/runner/work/toga/toga/.git/
2025-02-24T05:28:00.5320368Z [command]/usr/bin/git remote add origin https://github.com/beeware/toga
2025-02-24T05:28:00.5351900Z ##[endgroup]
2025-02-24T05:28:00.5352497Z ##[group]Disabling automatic garbage collection
2025-02-24T05:28:00.5355972Z [command]/usr/bin/git config --local gc.auto 0
2025-02-24T05:28:00.5384627Z ##[endgroup]
2025-02-24T05:28:00.5385499Z ##[group]Setting up auth
2025-02-24T05:28:00.5391325Z [command]/usr/bin/git config --local --name-only --get-regexp core\.sshCommand
2025-02-24T05:28:00.5420778Z [command]/usr/bin/git submodule foreach --recursive sh -c "git config --local --name-only --get-regexp 'core\.sshCommand' && git config --local --unset-all 'core.sshCommand' || :"
2025-02-24T05:28:00.5703644Z [command]/usr/bin/git config --local --name-only --get-regexp http\.https\:\/\/github\.com\/\.extraheader
2025-02-24T05:28:00.5736463Z [command]/usr/bin/git submodule foreach --recursive sh -c "git config --local --name-only --get-regexp 'http\.https\:\/\/github\.com\/\.extraheader' && git config --local --unset-all 'http.https://github.com/.extraheader' || :"
2025-02-24T05:28:00.5970147Z [command]/usr/bin/git config --local http.https://github.com/.extraheader AUTHORIZATION: basic ***
2025-02-24T05:28:00.6009490Z ##[endgroup]
2025-02-24T05:28:00.6010314Z ##[group]Fetching the repository
2025-02-24T05:28:00.6018039Z [command]/usr/bin/git -c protocol.version=2 fetch --prune --no-recurse-submodules origin +refs/heads/*:refs/remotes/origin/* +refs/tags/*:refs/tags/*
2025-02-24T05:28:02.5925375Z From https://github.com/beeware/toga
2025-02-24T05:28:02.5927281Z  * [new branch]          main         -> origin/main
2025-02-24T05:28:02.5928362Z  * [new branch]          pre-0.5      -> origin/pre-0.5
2025-02-24T05:28:02.5929051Z  * [new tag]             0.2.6        -> 0.2.6
2025-02-24T05:28:02.5929723Z  * [new tag]             v0.0.1rc1    -> v0.0.1rc1
2025-02-24T05:28:02.5930347Z  * [new tag]             v0.0.1rc10   -> v0.0.1rc10
2025-02-24T05:28:02.5930983Z  * [new tag]             v0.0.1rc5    -> v0.0.1rc5
2025-02-24T05:28:02.5931827Z  * [new tag]             v0.0.1rc6    -> v0.0.1rc6
2025-02-24T05:28:02.5932457Z  * [new tag]             v0.1.0       -> v0.1.0
2025-02-24T05:28:02.5933638Z  * [new tag]             v0.1.1       -> v0.1.1
2025-02-24T05:28:02.5941863Z  * [new tag]             v0.1.2       -> v0.1.2
2025-02-24T05:28:02.5943504Z  * [new tag]             v0.2.0       -> v0.2.0
2025-02-24T05:28:02.5944153Z  * [new tag]             v0.2.0.dev1  -> v0.2.0.dev1
2025-02-24T05:28:02.5944790Z  * [new tag]             v0.2.1       -> v0.2.1
2025-02-24T05:28:02.5945449Z  * [new tag]             v0.2.10      -> v0.2.10
2025-02-24T05:28:02.5946140Z  * [new tag]             v0.2.11      -> v0.2.11
2025-02-24T05:28:02.5946726Z  * [new tag]             v0.2.12      -> v0.2.12
2025-02-24T05:28:02.5947314Z  * [new tag]             v0.2.13      -> v0.2.13
2025-02-24T05:28:02.5947888Z  * [new tag]             v0.2.14      -> v0.2.14
2025-02-24T05:28:02.5949801Z  * [new tag]             v0.2.15      -> v0.2.15
2025-02-24T05:28:02.5950418Z  * [new tag]             v0.2.2       -> v0.2.2
2025-02-24T05:28:02.5951019Z  * [new tag]             v0.2.3       -> v0.2.3
2025-02-24T05:28:02.5951600Z  * [new tag]             v0.2.4       -> v0.2.4
2025-02-24T05:28:02.5952203Z  * [new tag]             v0.2.5       -> v0.2.5
2025-02-24T05:28:02.5952805Z  * [new tag]             v0.2.6       -> v0.2.6
2025-02-24T05:28:02.5953394Z  * [new tag]             v0.2.7       -> v0.2.7
2025-02-24T05:28:02.5955615Z  * [new tag]             v0.2.8       -> v0.2.8
2025-02-24T05:28:02.5956568Z  * [new tag]             v0.2.9       -> v0.2.9
2025-02-24T05:28:02.5959506Z  * [new tag]             v0.3.0       -> v0.3.0
2025-02-24T05:28:02.5960352Z  * [new tag]             v0.3.0.dev1  -> v0.3.0.dev1
2025-02-24T05:28:02.5963244Z  * [new tag]             v0.3.0.dev10 -> v0.3.0.dev10
2025-02-24T05:28:02.5964826Z  * [new tag]             v0.3.0.dev11 -> v0.3.0.dev11
2025-02-24T05:28:02.5965456Z  * [new tag]             v0.3.0.dev12 -> v0.3.0.dev12
2025-02-24T05:28:02.5966040Z  * [new tag]             v0.3.0.dev13 -> v0.3.0.dev13
2025-02-24T05:28:02.5966623Z  * [new tag]             v0.3.0.dev14 -> v0.3.0.dev14
2025-02-24T05:28:02.5969431Z  * [new tag]             v0.3.0.dev15 -> v0.3.0.dev15
2025-02-24T05:28:02.5970962Z  * [new tag]             v0.3.0.dev16 -> v0.3.0.dev16
2025-02-24T05:28:02.5971613Z  * [new tag]             v0.3.0.dev17 -> v0.3.0.dev17
2025-02-24T05:28:02.5972220Z  * [new tag]             v0.3.0.dev18 -> v0.3.0.dev18
2025-02-24T05:28:02.5972926Z  * [new tag]             v0.3.0.dev19 -> v0.3.0.dev19
2025-02-24T05:28:02.5975179Z  * [new tag]             v0.3.0.dev2  -> v0.3.0.dev2
2025-02-24T05:28:02.5976663Z  * [new tag]             v0.3.0.dev20 -> v0.3.0.dev20
2025-02-24T05:28:02.5978406Z  * [new tag]             v0.3.0.dev21 -> v0.3.0.dev21
2025-02-24T05:28:02.5979033Z  * [new tag]             v0.3.0.dev22 -> v0.3.0.dev22
2025-02-24T05:28:02.5979650Z  * [new tag]             v0.3.0.dev23 -> v0.3.0.dev23
2025-02-24T05:28:02.5982044Z  * [new tag]             v0.3.0.dev24 -> v0.3.0.dev24
2025-02-24T05:28:02.5982731Z  * [new tag]             v0.3.0.dev25 -> v0.3.0.dev25
2025-02-24T05:28:02.5983374Z  * [new tag]             v0.3.0.dev26 -> v0.3.0.dev26
2025-02-24T05:28:02.5986799Z  * [new tag]             v0.3.0.dev27 -> v0.3.0.dev27
2025-02-24T05:28:02.5987710Z  * [new tag]             v0.3.0.dev28 -> v0.3.0.dev28
2025-02-24T05:28:02.5988529Z  * [new tag]             v0.3.0.dev29 -> v0.3.0.dev29
2025-02-24T05:28:02.5991334Z  * [new tag]             v0.3.0.dev3  -> v0.3.0.dev3
2025-02-24T05:28:02.5991926Z  * [new tag]             v0.3.0.dev30 -> v0.3.0.dev30
2025-02-24T05:28:02.5992593Z  * [new tag]             v0.3.0.dev32 -> v0.3.0.dev32
2025-02-24T05:28:02.5993079Z  * [new tag]             v0.3.0.dev33 -> v0.3.0.dev33
2025-02-24T05:28:02.5993843Z  * [new tag]             v0.3.0.dev34 -> v0.3.0.dev34
2025-02-24T05:28:02.5994382Z  * [new tag]             v0.3.0.dev35 -> v0.3.0.dev35
2025-02-24T05:28:02.5995480Z  * [new tag]             v0.3.0.dev36 -> v0.3.0.dev36
2025-02-24T05:28:02.5996751Z  * [new tag]             v0.3.0.dev37 -> v0.3.0.dev37
2025-02-24T05:28:02.5998819Z  * [new tag]             v0.3.0.dev38 -> v0.3.0.dev38
2025-02-24T05:28:02.6000123Z  * [new tag]             v0.3.0.dev39 -> v0.3.0.dev39
2025-02-24T05:28:02.6001483Z  * [new tag]             v0.3.0.dev4  -> v0.3.0.dev4
2025-02-24T05:28:02.6002847Z  * [new tag]             v0.3.0.dev5  -> v0.3.0.dev5
2025-02-24T05:28:02.6004154Z  * [new tag]             v0.3.0.dev6  -> v0.3.0.dev6
2025-02-24T05:28:02.6005474Z  * [new tag]             v0.3.0.dev7  -> v0.3.0.dev7
2025-02-24T05:28:02.6006805Z  * [new tag]             v0.3.0.dev8  -> v0.3.0.dev8
2025-02-24T05:28:02.6007992Z  * [new tag]             v0.3.0.dev9  -> v0.3.0.dev9
2025-02-24T05:28:02.6009920Z  * [new tag]             v0.3.0rc0    -> v0.3.0rc0
2025-02-24T05:28:02.6011155Z  * [new tag]             v0.3.1       -> v0.3.1
2025-02-24T05:28:02.6012835Z  * [new tag]             v0.4.0       -> v0.4.0
2025-02-24T05:28:02.6014244Z  * [new tag]             v0.4.1       -> v0.4.1
2025-02-24T05:28:02.6015772Z  * [new tag]             v0.4.2       -> v0.4.2
2025-02-24T05:28:02.6017374Z  * [new tag]             v0.4.3       -> v0.4.3
2025-02-24T05:28:02.6018867Z  * [new tag]             v0.4.4       -> v0.4.4
2025-02-24T05:28:02.6020519Z  * [new tag]             v0.4.5       -> v0.4.5
2025-02-24T05:28:02.6021792Z  * [new tag]             v0.4.6       -> v0.4.6
2025-02-24T05:28:02.6023482Z  * [new tag]             v0.4.7       -> v0.4.7
2025-02-24T05:28:02.6024829Z  * [new tag]             v0.4.8       -> v0.4.8
2025-02-24T05:28:02.6026151Z  * [new tag]             v0.4.9       -> v0.4.9
2025-02-24T05:28:02.6074725Z [command]/usr/bin/git branch --list --remote origin/main
2025-02-24T05:28:02.6097978Z   origin/main
2025-02-24T05:28:02.6106491Z [command]/usr/bin/git rev-parse refs/remotes/origin/main
2025-02-24T05:28:02.6127212Z 01152b56b9607a5cc1dabb9e94970cc589baff01
2025-02-24T05:28:02.6132794Z ##[endgroup]
2025-02-24T05:28:02.6133485Z ##[group]Determining the checkout info
2025-02-24T05:28:02.6134228Z ##[endgroup]
2025-02-24T05:28:02.6138072Z [command]/usr/bin/git sparse-checkout disable
2025-02-24T05:28:02.6174437Z [command]/usr/bin/git config --local --unset-all extensions.worktreeConfig
2025-02-24T05:28:02.6203475Z ##[group]Checking out the ref
2025-02-24T05:28:02.6204191Z [command]/usr/bin/git checkout --progress --force -B main refs/remotes/origin/main
2025-02-24T05:28:02.8003526Z Switched to a new branch 'main'
2025-02-24T05:28:02.8005599Z branch 'main' set up to track 'origin/main'.
2025-02-24T05:28:02.8023732Z ##[endgroup]
2025-02-24T05:28:02.8065563Z [command]/usr/bin/git log -1 --format=%H
2025-02-24T05:28:02.8089470Z 01152b56b9607a5cc1dabb9e94970cc589baff01
2025-02-24T05:28:02.8314834Z ##[group]Run actions/setup-python@v5.4.0
2025-02-24T05:28:02.8315185Z with:
2025-02-24T05:28:02.8315416Z   python-version: 3.10
2025-02-24T05:28:02.8315683Z   allow-prereleases: true
2025-02-24T05:28:02.8315949Z   check-latest: false
2025-02-24T05:28:02.8316418Z   token: ***
2025-02-24T05:28:02.8316663Z   update-environment: true
2025-02-24T05:28:02.8316925Z env:
2025-02-24T05:28:02.8317135Z   min_python_version: 3.9
2025-02-24T05:28:02.8317396Z   max_python_version: 3.12
2025-02-24T05:28:02.8317645Z   FORCE_COLOR: 1
2025-02-24T05:28:02.8317865Z ##[endgroup]
2025-02-24T05:28:03.0040469Z ##[group]Installed versions
2025-02-24T05:28:03.0105076Z Successfully set up CPython (3.10.16)
2025-02-24T05:28:03.0106187Z ##[endgroup]
2025-02-24T05:28:03.0255140Z ##[group]Run beeware/.github/.github/actions/install-requirement@main
2025-02-24T05:28:03.0255570Z with:
2025-02-24T05:28:03.0255793Z   requirements: tox
2025-02-24T05:28:03.0256028Z   extra: dev
2025-02-24T05:28:03.0256251Z   project-root: travertino
2025-02-24T05:28:03.0256524Z   workflow-repo: beeware/.github
2025-02-24T05:28:03.0256783Z env:
2025-02-24T05:28:03.0256991Z   min_python_version: 3.9
2025-02-24T05:28:03.0257246Z   max_python_version: 3.12
2025-02-24T05:28:03.0257485Z   FORCE_COLOR: 1
2025-02-24T05:28:03.0257780Z   pythonLocation: /opt/hostedtoolcache/Python/3.10.16/x64
2025-02-24T05:28:03.0258531Z   PKG_CONFIG_PATH: /opt/hostedtoolcache/Python/3.10.16/x64/lib/pkgconfig
2025-02-24T05:28:03.0258998Z   Python_ROOT_DIR: /opt/hostedtoolcache/Python/3.10.16/x64
2025-02-24T05:28:03.0259408Z   Python2_ROOT_DIR: /opt/hostedtoolcache/Python/3.10.16/x64
2025-02-24T05:28:03.0259813Z   Python3_ROOT_DIR: /opt/hostedtoolcache/Python/3.10.16/x64
2025-02-24T05:28:03.0260243Z   LD_LIBRARY_PATH: /opt/hostedtoolcache/Python/3.10.16/x64/lib
2025-02-24T05:28:03.0260583Z ##[endgroup]
2025-02-24T05:28:03.0380714Z ##[group]Run actions/checkout@v4.1.6
2025-02-24T05:28:03.0380997Z with:
2025-02-24T05:28:03.0381220Z   repository: beeware/.github
2025-02-24T05:28:03.0381488Z   path: .github-beeware
2025-02-24T05:28:03.0381853Z   token: ***
2025-02-24T05:28:03.0382083Z   ssh-strict: true
2025-02-24T05:28:03.0382302Z   ssh-user: git
2025-02-24T05:28:03.0382534Z   persist-credentials: true
2025-02-24T05:28:03.0382790Z   clean: true
2025-02-24T05:28:03.0383022Z   sparse-checkout-cone-mode: true
2025-02-24T05:28:03.0383291Z   fetch-depth: 1
2025-02-24T05:28:03.0383516Z   fetch-tags: false
2025-02-24T05:28:03.0383744Z   show-progress: true
2025-02-24T05:28:03.0383975Z   lfs: false
2025-02-24T05:28:03.0384185Z   submodules: false
2025-02-24T05:28:03.0384423Z   set-safe-directory: true
2025-02-24T05:28:03.0384665Z env:
2025-02-24T05:28:03.0384872Z   min_python_version: 3.9
2025-02-24T05:28:03.0385131Z   max_python_version: 3.12
2025-02-24T05:28:03.0385368Z   FORCE_COLOR: 1
2025-02-24T05:28:03.0385648Z   pythonLocation: /opt/hostedtoolcache/Python/3.10.16/x64
2025-02-24T05:28:03.0386093Z   PKG_CONFIG_PATH: /opt/hostedtoolcache/Python/3.10.16/x64/lib/pkgconfig
2025-02-24T05:28:03.0386521Z   Python_ROOT_DIR: /opt/hostedtoolcache/Python/3.10.16/x64
2025-02-24T05:28:03.0386910Z   Python2_ROOT_DIR: /opt/hostedtoolcache/Python/3.10.16/x64
2025-02-24T05:28:03.0387297Z   Python3_ROOT_DIR: /opt/hostedtoolcache/Python/3.10.16/x64
2025-02-24T05:28:03.0387687Z   LD_LIBRARY_PATH: /opt/hostedtoolcache/Python/3.10.16/x64/lib
2025-02-24T05:28:03.0388015Z ##[endgroup]
2025-02-24T05:28:03.1324291Z Syncing repository: beeware/.github
2025-02-24T05:28:03.1330606Z ##[group]Getting Git version info
2025-02-24T05:28:03.1331214Z Working directory is '/home/runner/work/toga/toga/.github-beeware'
2025-02-24T05:28:03.1373511Z [command]/usr/bin/git version
2025-02-24T05:28:03.1412954Z git version 2.48.1
2025-02-24T05:28:03.1438965Z ##[endgroup]
2025-02-24T05:28:03.1459347Z Temporarily overriding HOME='/home/runner/work/_temp/1500e69f-4383-4e67-9401-6c868f285c7a' before making global git config changes
2025-02-24T05:28:03.1460728Z Adding repository directory to the temporary git global config as a safe directory
2025-02-24T05:28:03.1465243Z [command]/usr/bin/git config --global --add safe.directory /home/runner/work/toga/toga/.github-beeware
2025-02-24T05:28:03.1498981Z ##[group]Initializing the repository
2025-02-24T05:28:03.1503898Z [command]/usr/bin/git init /home/runner/work/toga/toga/.github-beeware
2025-02-24T05:28:03.1541535Z hint: Using 'master' as the name for the initial branch. This default branch name
2025-02-24T05:28:03.1542625Z hint: is subject to change. To configure the initial branch name to use in all
2025-02-24T05:28:03.1544081Z hint: of your new repositories, which will suppress this warning, call:
2025-02-24T05:28:03.1544871Z hint:
2025-02-24T05:28:03.1546995Z hint: 	git config --global init.defaultBranch <name>
2025-02-24T05:28:03.1547819Z hint:
2025-02-24T05:28:03.1548453Z hint: Names commonly chosen instead of 'master' are 'main', 'trunk' and
2025-02-24T05:28:03.1549027Z hint: 'development'. The just-created branch can be renamed via this command:
2025-02-24T05:28:03.1549604Z hint:
2025-02-24T05:28:03.1549986Z hint: 	git branch -m <name>
2025-02-24T05:28:03.1550713Z Initialized empty Git repository in /home/runner/work/toga/toga/.github-beeware/.git/
2025-02-24T05:28:03.1554269Z [command]/usr/bin/git remote add origin https://github.com/beeware/.github
2025-02-24T05:28:03.1583926Z ##[endgroup]
2025-02-24T05:28:03.1584618Z ##[group]Disabling automatic garbage collection
2025-02-24T05:28:03.1588554Z [command]/usr/bin/git config --local gc.auto 0
2025-02-24T05:28:03.1616495Z ##[endgroup]
2025-02-24T05:28:03.1616913Z ##[group]Setting up auth
2025-02-24T05:28:03.1622902Z [command]/usr/bin/git config --local --name-only --get-regexp core\.sshCommand
2025-02-24T05:28:03.1652173Z [command]/usr/bin/git submodule foreach --recursive sh -c "git config --local --name-only --get-regexp 'core\.sshCommand' && git config --local --unset-all 'core.sshCommand' || :"
2025-02-24T05:28:03.1883985Z [command]/usr/bin/git config --local --name-only --get-regexp http\.https\:\/\/github\.com\/\.extraheader
2025-02-24T05:28:03.1915012Z [command]/usr/bin/git submodule foreach --recursive sh -c "git config --local --name-only --get-regexp 'http\.https\:\/\/github\.com\/\.extraheader' && git config --local --unset-all 'http.https://github.com/.extraheader' || :"
2025-02-24T05:28:03.2155422Z [command]/usr/bin/git config --local http.https://github.com/.extraheader AUTHORIZATION: basic ***
2025-02-24T05:28:03.2201079Z ##[endgroup]
2025-02-24T05:28:03.2201910Z ##[group]Determining the default branch
2025-02-24T05:28:03.2205307Z Retrieving the default branch name
2025-02-24T05:28:03.4026545Z Default branch 'main'
2025-02-24T05:28:03.4027874Z ##[endgroup]
2025-02-24T05:28:03.4030723Z ##[group]Fetching the repository
2025-02-24T05:28:03.4036294Z [command]/usr/bin/git -c protocol.version=2 fetch --no-tags --prune --no-recurse-submodules --depth=1 origin +refs/heads/main:refs/remotes/origin/main
2025-02-24T05:28:03.6306275Z From https://github.com/beeware/.github
2025-02-24T05:28:03.6307343Z  * [new branch]      main       -> origin/main
2025-02-24T05:28:03.6334094Z ##[endgroup]
2025-02-24T05:28:03.6334669Z ##[group]Determining the checkout info
2025-02-24T05:28:03.6335993Z ##[endgroup]
2025-02-24T05:28:03.6341921Z [command]/usr/bin/git sparse-checkout disable
2025-02-24T05:28:03.6380785Z [command]/usr/bin/git config --local --unset-all extensions.worktreeConfig
2025-02-24T05:28:03.6411496Z ##[group]Checking out the ref
2025-02-24T05:28:03.6417340Z [command]/usr/bin/git checkout --progress --force -B main refs/remotes/origin/main
2025-02-24T05:28:03.6488703Z Switched to a new branch 'main'
2025-02-24T05:28:03.6491825Z branch 'main' set up to track 'origin/main'.
2025-02-24T05:28:03.6498454Z ##[endgroup]
2025-02-24T05:28:03.6542467Z [command]/usr/bin/git log -1 --format='%H'
2025-02-24T05:28:03.6568421Z 'a66b93162808d34adf5280c28104b75f8e0d70d3'
2025-02-24T05:28:03.6695076Z ##[group]Run echo "project-root=$(cd "travertino"; pwd -P)" | tee -a ${GITHUB_OUTPUT}
2025-02-24T05:28:03.6695683Z [36;1mecho "project-root=$(cd "travertino"; pwd -P)" | tee -a ${GITHUB_OUTPUT}[0m
2025-02-24T05:28:03.6876133Z shell: /usr/bin/bash --noprofile --norc -e -o pipefail {0}
2025-02-24T05:28:03.6876474Z env:
2025-02-24T05:28:03.6876656Z   min_python_version: 3.9
2025-02-24T05:28:03.6876874Z   max_python_version: 3.12
2025-02-24T05:28:03.6877077Z   FORCE_COLOR: 1
2025-02-24T05:28:03.6877334Z   pythonLocation: /opt/hostedtoolcache/Python/3.10.16/x64
2025-02-24T05:28:03.6877750Z   PKG_CONFIG_PATH: /opt/hostedtoolcache/Python/3.10.16/x64/lib/pkgconfig
2025-02-24T05:28:03.6878407Z   Python_ROOT_DIR: /opt/hostedtoolcache/Python/3.10.16/x64
2025-02-24T05:28:03.6879018Z   Python2_ROOT_DIR: /opt/hostedtoolcache/Python/3.10.16/x64
2025-02-24T05:28:03.6879548Z   Python3_ROOT_DIR: /opt/hostedtoolcache/Python/3.10.16/x64
2025-02-24T05:28:03.6879919Z   LD_LIBRARY_PATH: /opt/hostedtoolcache/Python/3.10.16/x64/lib
2025-02-24T05:28:03.6880210Z ##[endgroup]
2025-02-24T05:28:03.6995610Z project-root=/home/runner/work/toga/toga/travertino
2025-02-24T05:28:03.7036792Z ##[group]Run python -m pip install --upgrade pip
2025-02-24T05:28:03.7037256Z [36;1mpython -m pip install --upgrade pip[0m
2025-02-24T05:28:03.7037783Z [36;1mpython -m pip install --upgrade setuptools build wheel[0m
2025-02-24T05:28:03.7093715Z shell: /usr/bin/bash --noprofile --norc -e -o pipefail {0}
2025-02-24T05:28:03.7094112Z env:
2025-02-24T05:28:03.7094369Z   min_python_version: 3.9
2025-02-24T05:28:03.7094783Z   max_python_version: 3.12
2025-02-24T05:28:03.7095090Z   FORCE_COLOR: 1
2025-02-24T05:28:03.7095475Z   pythonLocation: /opt/hostedtoolcache/Python/3.10.16/x64
2025-02-24T05:28:03.7096000Z   PKG_CONFIG_PATH: /opt/hostedtoolcache/Python/3.10.16/x64/lib/pkgconfig
2025-02-24T05:28:03.7096517Z   Python_ROOT_DIR: /opt/hostedtoolcache/Python/3.10.16/x64
2025-02-24T05:28:03.7096996Z   Python2_ROOT_DIR: /opt/hostedtoolcache/Python/3.10.16/x64
2025-02-24T05:28:03.7097499Z   Python3_ROOT_DIR: /opt/hostedtoolcache/Python/3.10.16/x64
2025-02-24T05:28:03.7097964Z   LD_LIBRARY_PATH: /opt/hostedtoolcache/Python/3.10.16/x64/lib
2025-02-24T05:28:03.7098666Z ##[endgroup]
2025-02-24T05:28:04.3140739Z Requirement already satisfied: pip in /opt/hostedtoolcache/Python/3.10.16/x64/lib/python3.10/site-packages (25.0.1)
2025-02-24T05:28:04.9717414Z Requirement already satisfied: setuptools in /opt/hostedtoolcache/Python/3.10.16/x64/lib/python3.10/site-packages (65.5.0)
2025-02-24T05:28:05.1597999Z Collecting setuptools
2025-02-24T05:28:05.2036267Z   Downloading setuptools-75.8.0-py3-none-any.whl.metadata (6.7 kB)
2025-02-24T05:28:05.2369935Z Collecting build
2025-02-24T05:28:05.2443791Z   Downloading build-1.2.2.post1-py3-none-any.whl.metadata (6.5 kB)
2025-02-24T05:28:05.2769098Z Collecting wheel
2025-02-24T05:28:05.2841136Z   Downloading wheel-0.45.1-py3-none-any.whl.metadata (2.3 kB)
2025-02-24T05:28:05.3072043Z Collecting packaging>=19.1 (from build)
2025-02-24T05:28:05.3143204Z   Downloading packaging-24.2-py3-none-any.whl.metadata (3.2 kB)
2025-02-24T05:28:05.3285472Z Collecting pyproject_hooks (from build)
2025-02-24T05:28:05.3366035Z   Downloading pyproject_hooks-1.2.0-py3-none-any.whl.metadata (1.3 kB)
2025-02-24T05:28:05.3552479Z Collecting tomli>=1.1.0 (from build)
2025-02-24T05:28:05.3622696Z   Downloading tomli-2.2.1-py3-none-any.whl.metadata (10 kB)
2025-02-24T05:28:05.3744608Z Downloading setuptools-75.8.0-py3-none-any.whl (1.2 MB)
2025-02-24T05:28:05.4051123Z [?25l   [90m━━━━━━━━━━━━━━━━━━━━━━━━━━━━━━━━━━━━━━━━[0m [32m0.0/1.2 MB[0m [31m?[0m eta [36m-:--:--[0m
2025-02-24T05:28:05.4051918Z [2K   [90m━━━━━━━━━━━━━━━━━━━━━━━━━━━━━━━━━━━━━━━━[0m [32m1.2/1.2 MB[0m [31m59.6 MB/s[0m eta [36m0:00:00[0m
2025-02-24T05:28:05.4119959Z [?25hDownloading build-1.2.2.post1-py3-none-any.whl (22 kB)
2025-02-24T05:28:05.4210550Z Downloading wheel-0.45.1-py3-none-any.whl (72 kB)
2025-02-24T05:28:05.4303710Z Downloading packaging-24.2-py3-none-any.whl (65 kB)
2025-02-24T05:28:05.4452253Z Downloading tomli-2.2.1-py3-none-any.whl (14 kB)
2025-02-24T05:28:05.4543948Z Downloading pyproject_hooks-1.2.0-py3-none-any.whl (10 kB)
2025-02-24T05:28:05.5038908Z Installing collected packages: wheel, tomli, setuptools, pyproject_hooks, packaging, build
2025-02-24T05:28:05.5572727Z   Attempting uninstall: setuptools
2025-02-24T05:28:05.5579063Z     Found existing installation: setuptools 65.5.0
2025-02-24T05:28:05.5804846Z     Uninstalling setuptools-65.5.0:
2025-02-24T05:28:05.5909038Z       Successfully uninstalled setuptools-65.5.0
2025-02-24T05:28:06.3197924Z Successfully installed build-1.2.2.post1 packaging-24.2 pyproject_hooks-1.2.0 setuptools-75.8.0 tomli-2.2.1 wheel-0.45.1
2025-02-24T05:28:06.3978658Z ##[group]Run python -m install_requirement tox \
2025-02-24T05:28:06.3979018Z [36;1mpython -m install_requirement tox \[0m
2025-02-24T05:28:06.3979503Z [36;1m  --extra "dev" \[0m
2025-02-24T05:28:06.3979857Z [36;1m  --project-root "$(printf -- "%q" "/home/runner/work/toga/toga/travertino")"[0m
2025-02-24T05:28:06.4035855Z shell: /usr/bin/bash --noprofile --norc -e -o pipefail {0}
2025-02-24T05:28:06.4036173Z env:
2025-02-24T05:28:06.4036353Z   min_python_version: 3.9
2025-02-24T05:28:06.4036574Z   max_python_version: 3.12
2025-02-24T05:28:06.4036777Z   FORCE_COLOR: 1
2025-02-24T05:28:06.4037028Z   pythonLocation: /opt/hostedtoolcache/Python/3.10.16/x64
2025-02-24T05:28:06.4037439Z   PKG_CONFIG_PATH: /opt/hostedtoolcache/Python/3.10.16/x64/lib/pkgconfig
2025-02-24T05:28:06.4037834Z   Python_ROOT_DIR: /opt/hostedtoolcache/Python/3.10.16/x64
2025-02-24T05:28:06.4038423Z   Python2_ROOT_DIR: /opt/hostedtoolcache/Python/3.10.16/x64
2025-02-24T05:28:06.4038791Z   Python3_ROOT_DIR: /opt/hostedtoolcache/Python/3.10.16/x64
2025-02-24T05:28:06.4039157Z   LD_LIBRARY_PATH: /opt/hostedtoolcache/Python/3.10.16/x64/lib
2025-02-24T05:28:06.4039453Z ##[endgroup]
2025-02-24T05:28:06.8033297Z Installing tox==4.24.1...
2025-02-24T05:28:07.2917821Z Collecting tox==4.24.1
2025-02-24T05:28:07.3352745Z   Downloading tox-4.24.1-py3-none-any.whl.metadata (3.7 kB)
2025-02-24T05:28:07.3614627Z Collecting cachetools>=5.5 (from tox==4.24.1)
2025-02-24T05:28:07.3688880Z   Downloading cachetools-5.5.2-py3-none-any.whl.metadata (5.4 kB)
2025-02-24T05:28:07.3843839Z Collecting chardet>=5.2 (from tox==4.24.1)
2025-02-24T05:28:07.3915266Z   Downloading chardet-5.2.0-py3-none-any.whl.metadata (3.4 kB)
2025-02-24T05:28:07.4111844Z Collecting colorama>=0.4.6 (from tox==4.24.1)
2025-02-24T05:28:07.4185233Z   Downloading colorama-0.4.6-py2.py3-none-any.whl.metadata (17 kB)
2025-02-24T05:28:07.4441029Z Collecting filelock>=3.16.1 (from tox==4.24.1)
2025-02-24T05:28:07.4513671Z   Downloading filelock-3.17.0-py3-none-any.whl.metadata (2.9 kB)
2025-02-24T05:28:07.4573594Z Requirement already satisfied: packaging>=24.2 in /opt/hostedtoolcache/Python/3.10.16/x64/lib/python3.10/site-packages (from tox==4.24.1) (24.2)
2025-02-24T05:28:07.4755282Z Collecting platformdirs>=4.3.6 (from tox==4.24.1)
2025-02-24T05:28:07.4828021Z   Downloading platformdirs-4.3.6-py3-none-any.whl.metadata (11 kB)
2025-02-24T05:28:07.5013942Z Collecting pluggy>=1.5 (from tox==4.24.1)
2025-02-24T05:28:07.5085457Z   Downloading pluggy-1.5.0-py3-none-any.whl.metadata (4.8 kB)
2025-02-24T05:28:07.5252222Z Collecting pyproject-api>=1.8 (from tox==4.24.1)
2025-02-24T05:28:07.5325347Z   Downloading pyproject_api-1.9.0-py3-none-any.whl.metadata (2.7 kB)
2025-02-24T05:28:07.5374806Z Requirement already satisfied: tomli>=2.1 in /opt/hostedtoolcache/Python/3.10.16/x64/lib/python3.10/site-packages (from tox==4.24.1) (2.2.1)
2025-02-24T05:28:07.5544981Z Collecting typing-extensions>=4.12.2 (from tox==4.24.1)
2025-02-24T05:28:07.5616849Z   Downloading typing_extensions-4.12.2-py3-none-any.whl.metadata (3.0 kB)
2025-02-24T05:28:07.6087039Z Collecting virtualenv>=20.27.1 (from tox==4.24.1)
2025-02-24T05:28:07.6166613Z   Downloading virtualenv-20.29.2-py3-none-any.whl.metadata (4.5 kB)
2025-02-24T05:28:07.6454737Z Collecting distlib<1,>=0.3.7 (from virtualenv>=20.27.1->tox==4.24.1)
2025-02-24T05:28:07.6530081Z   Downloading distlib-0.3.9-py2.py3-none-any.whl.metadata (5.2 kB)
2025-02-24T05:28:07.6719655Z Downloading tox-4.24.1-py3-none-any.whl (171 kB)
2025-02-24T05:28:07.7007389Z Downloading cachetools-5.5.2-py3-none-any.whl (10 kB)
2025-02-24T05:28:07.7097172Z Downloading chardet-5.2.0-py3-none-any.whl (199 kB)
2025-02-24T05:28:07.7213738Z Downloading colorama-0.4.6-py2.py3-none-any.whl (25 kB)
2025-02-24T05:28:07.7302734Z Downloading filelock-3.17.0-py3-none-any.whl (16 kB)
2025-02-24T05:28:07.7504169Z Downloading platformdirs-4.3.6-py3-none-any.whl (18 kB)
2025-02-24T05:28:07.7602087Z Downloading pluggy-1.5.0-py3-none-any.whl (20 kB)
2025-02-24T05:28:07.7704799Z Downloading pyproject_api-1.9.0-py3-none-any.whl (13 kB)
2025-02-24T05:28:07.7795684Z Downloading typing_extensions-4.12.2-py3-none-any.whl (37 kB)
2025-02-24T05:28:07.7894693Z Downloading virtualenv-20.29.2-py3-none-any.whl (4.3 MB)
2025-02-24T05:28:07.8240276Z [?25l   [90m━━━━━━━━━━━━━━━━━━━━━━━━━━━━━━━━━━━━━━━━[0m [32m0.0/4.3 MB[0m [31m?[0m eta [36m-:--:--[0m
2025-02-24T05:28:07.8241351Z [2K   [90m━━━━━━━━━━━━━━━━━━━━━━━━━━━━━━━━━━━━━━━━[0m [32m4.3/4.3 MB[0m [31m134.5 MB/s[0m eta [36m0:00:00[0m
2025-02-24T05:28:07.8320442Z [?25hDownloading distlib-0.3.9-py2.py3-none-any.whl (468 kB)
2025-02-24T05:28:07.8958065Z Installing collected packages: distlib, typing-extensions, pyproject-api, pluggy, platformdirs, filelock, colorama, chardet, cachetools, virtualenv, tox
2025-02-24T05:28:08.4622711Z Successfully installed cachetools-5.5.2 chardet-5.2.0 colorama-0.4.6 distlib-0.3.9 filelock-3.17.0 platformdirs-4.3.6 pluggy-1.5.0 pyproject-api-1.9.0 tox-4.24.1 typing-extensions-4.12.2 virtualenv-20.29.2
2025-02-24T05:28:08.5404723Z 
2025-02-24T05:28:08.5405510Z Successfully installed:
2025-02-24T05:28:08.5418928Z  tox==4.24.1
2025-02-24T05:28:08.5577850Z ##[group]Run actions/download-artifact@v4.1.8
2025-02-24T05:28:08.5578367Z with:
2025-02-24T05:28:08.5578560Z   pattern: Packages-toga-*
2025-02-24T05:28:08.5578789Z   merge-multiple: true
2025-02-24T05:28:08.5578986Z   path: dist
2025-02-24T05:28:08.5579172Z   repository: beeware/toga
2025-02-24T05:28:08.5579381Z   run-id: 13491433041
2025-02-24T05:28:08.5579558Z env:
2025-02-24T05:28:08.5579736Z   min_python_version: 3.9
2025-02-24T05:28:08.5579951Z   max_python_version: 3.12
2025-02-24T05:28:08.5580157Z   FORCE_COLOR: 1
2025-02-24T05:28:08.5580410Z   pythonLocation: /opt/hostedtoolcache/Python/3.10.16/x64
2025-02-24T05:28:08.5580810Z   PKG_CONFIG_PATH: /opt/hostedtoolcache/Python/3.10.16/x64/lib/pkgconfig
2025-02-24T05:28:08.5581193Z   Python_ROOT_DIR: /opt/hostedtoolcache/Python/3.10.16/x64
2025-02-24T05:28:08.5581538Z   Python2_ROOT_DIR: /opt/hostedtoolcache/Python/3.10.16/x64
2025-02-24T05:28:08.5581900Z   Python3_ROOT_DIR: /opt/hostedtoolcache/Python/3.10.16/x64
2025-02-24T05:28:08.5582291Z   LD_LIBRARY_PATH: /opt/hostedtoolcache/Python/3.10.16/x64/lib
2025-02-24T05:28:08.5582582Z ##[endgroup]
2025-02-24T05:28:08.8861951Z Found 36 artifact(s)
2025-02-24T05:28:08.8863327Z Filtering artifacts by pattern 'Packages-toga-*'
2025-02-24T05:28:08.8883947Z Preparing to download the following artifacts:
2025-02-24T05:28:08.8884594Z - Packages-toga-winforms (ID: 2639028467, Size: 912617)
2025-02-24T05:28:08.8885241Z - Packages-toga-android (ID: 2639028440, Size: 138194)
2025-02-24T05:28:08.8885846Z - Packages-toga-gtk (ID: 2639028386, Size: 142074)
2025-02-24T05:28:08.8886433Z - Packages-toga-iOS (ID: 2639028383, Size: 872356)
2025-02-24T05:28:08.8886995Z - Packages-toga-toga (ID: 2639028349, Size: 7274)
2025-02-24T05:28:08.8887581Z - Packages-toga-core (ID: 2639028344, Size: 1153697)
2025-02-24T05:28:08.8888392Z - Packages-toga-dummy (ID: 2639028309, Size: 148484)
2025-02-24T05:28:08.8889026Z - Packages-toga-web (ID: 2639028241, Size: 34922)
2025-02-24T05:28:08.8889622Z - Packages-toga-textual (ID: 2639028202, Size: 32035)
2025-02-24T05:28:08.8890265Z - Packages-toga-travertino (ID: 2639028133, Size: 62305)
2025-02-24T05:28:08.8890873Z - Packages-toga-demo (ID: 2639028110, Size: 1242381)
2025-02-24T05:28:08.8891450Z - Packages-toga-cocoa (ID: 2639028073, Size: 929338)
2025-02-24T05:28:08.9517182Z Redirecting to blob download url: https://productionresultssa12.blob.core.windows.net/actions-results/cf52b554-71be-4a91-94b2-8eec2b4d890b/workflow-job-run-3124742b-843a-5b41-b426-aef8afedb9f7/artifacts/442c3fefacaa5f4a317396d7241d3673a3eab28c29b7e651a0b97534d592e35d.zip
2025-02-24T05:28:08.9519683Z Starting download of artifact to: /home/runner/work/toga/toga/dist
2025-02-24T05:28:08.9836409Z Redirecting to blob download url: https://productionresultssa12.blob.core.windows.net/actions-results/cf52b554-71be-4a91-94b2-8eec2b4d890b/workflow-job-run-c851c84b-57ed-5071-9878-2279ccd891b8/artifacts/5eb57499beb40f05e15583bbf1c077df75bc75fa11156590733b79c2f9774e5a.zip
2025-02-24T05:28:08.9839092Z Starting download of artifact to: /home/runner/work/toga/toga/dist
2025-02-24T05:28:08.9889792Z Redirecting to blob download url: https://productionresultssa12.blob.core.windows.net/actions-results/cf52b554-71be-4a91-94b2-8eec2b4d890b/workflow-job-run-46aa3184-e851-51af-58d5-831072cd673f/artifacts/485660db63ec446c9f562cc6bdf49c64bf27c37a329b95a30a2467812096f020.zip
2025-02-24T05:28:08.9891471Z Starting download of artifact to: /home/runner/work/toga/toga/dist
2025-02-24T05:28:08.9921073Z Redirecting to blob download url: https://productionresultssa12.blob.core.windows.net/actions-results/cf52b554-71be-4a91-94b2-8eec2b4d890b/workflow-job-run-18bbcbc6-8763-5d15-2620-0ac883eea9b0/artifacts/42ca5e4547811af7883a91d6c65b481266e15c0cdc8d243ec9aae2b558253c02.zip
2025-02-24T05:28:08.9923250Z Starting download of artifact to: /home/runner/work/toga/toga/dist
2025-02-24T05:28:08.9961869Z Redirecting to blob download url: https://productionresultssa12.blob.core.windows.net/actions-results/cf52b554-71be-4a91-94b2-8eec2b4d890b/workflow-job-run-e2a6fa47-47a3-5188-27fb-56f4e71042c8/artifacts/5425332638acb926f3e0f42935440601f1f6cf4c943281c5f8b926bd1948bc25.zip
2025-02-24T05:28:08.9964080Z Starting download of artifact to: /home/runner/work/toga/toga/dist
2025-02-24T05:28:09.0031514Z (node:2058) [DEP0005] DeprecationWarning: Buffer() is deprecated due to security and usability issues. Please use the Buffer.alloc(), Buffer.allocUnsafe(), or Buffer.from() methods instead.
2025-02-24T05:28:09.0033074Z (Use `node --trace-deprecation ...` to show where the warning was created)
2025-02-24T05:28:09.0046314Z Redirecting to blob download url: https://productionresultssa12.blob.core.windows.net/actions-results/cf52b554-71be-4a91-94b2-8eec2b4d890b/workflow-job-run-866e389a-a1a0-5c67-a00f-72c22223abfe/artifacts/b4bca85baf5c112d5a88797759fe2e27b3de49b97e7268608199152765d6405a.zip
2025-02-24T05:28:09.0048864Z Starting download of artifact to: /home/runner/work/toga/toga/dist
2025-02-24T05:28:09.0072659Z Redirecting to blob download url: https://productionresultssa12.blob.core.windows.net/actions-results/cf52b554-71be-4a91-94b2-8eec2b4d890b/workflow-job-run-832e8880-3eb6-5d89-0c04-ef547b46a59e/artifacts/dd722970e727682fe8f4f464e3511dbda02932b6586e5f2f8ac9f8f11f50cdc9.zip
2025-02-24T05:28:09.0074823Z Starting download of artifact to: /home/runner/work/toga/toga/dist
2025-02-24T05:28:09.0103458Z Redirecting to blob download url: https://productionresultssa12.blob.core.windows.net/actions-results/cf52b554-71be-4a91-94b2-8eec2b4d890b/workflow-job-run-98be74ae-5157-5c81-b7d0-b2ef5821a81e/artifacts/6e0cae3735cba3d010b2e4c6917aa1f2ffe72638fbddcfcf5e7d00e456e64178.zip
2025-02-24T05:28:09.0105836Z Starting download of artifact to: /home/runner/work/toga/toga/dist
2025-02-24T05:28:09.0137206Z Redirecting to blob download url: https://productionresultssa12.blob.core.windows.net/actions-results/cf52b554-71be-4a91-94b2-8eec2b4d890b/workflow-job-run-137efbf3-bb9f-5901-016f-a9ca027ec083/artifacts/3f2c1a4e1441705d00c0abbd5f3913c6b215c2d9365be6ffa9fcc342e7742def.zip
2025-02-24T05:28:09.0139644Z Starting download of artifact to: /home/runner/work/toga/toga/dist
2025-02-24T05:28:09.0152643Z Redirecting to blob download url: https://productionresultssa12.blob.core.windows.net/actions-results/cf52b554-71be-4a91-94b2-8eec2b4d890b/workflow-job-run-f1ed5179-285b-5126-8d3b-2df284d1f11c/artifacts/a55c024fa54bd7854415e2c7edfeb2c5046af07e859f8da7b852b08eadc84e2a.zip
2025-02-24T05:28:09.0154812Z Starting download of artifact to: /home/runner/work/toga/toga/dist
2025-02-24T05:28:09.0168395Z Redirecting to blob download url: https://productionresultssa12.blob.core.windows.net/actions-results/cf52b554-71be-4a91-94b2-8eec2b4d890b/workflow-job-run-996a8579-f179-559d-4190-0dfa80ff20d7/artifacts/78e64f25892d1e62a7fba16b04b2d38f38656067df6d708afd5432245debf794.zip
2025-02-24T05:28:09.0170220Z Starting download of artifact to: /home/runner/work/toga/toga/dist
2025-02-24T05:28:09.0250355Z Redirecting to blob download url: https://productionresultssa12.blob.core.windows.net/actions-results/cf52b554-71be-4a91-94b2-8eec2b4d890b/workflow-job-run-7815ca6b-1b41-513e-fbe7-8eccb083611a/artifacts/1660c57eb65463a413672e3e25e0e2a0d8c8794547115554b39228f20230f22e.zip
2025-02-24T05:28:09.0251866Z Starting download of artifact to: /home/runner/work/toga/toga/dist
2025-02-24T05:28:09.0712957Z Artifact download completed successfully.
2025-02-24T05:28:09.0795321Z Artifact download completed successfully.
2025-02-24T05:28:09.0907571Z Artifact download completed successfully.
2025-02-24T05:28:09.0923540Z Artifact download completed successfully.
2025-02-24T05:28:09.0982727Z Artifact download completed successfully.
2025-02-24T05:28:09.0988762Z Artifact download completed successfully.
2025-02-24T05:28:09.1082553Z Artifact download completed successfully.
2025-02-24T05:28:09.1593427Z Artifact download completed successfully.
2025-02-24T05:28:09.1634243Z Artifact download completed successfully.
2025-02-24T05:28:09.1786925Z Artifact download completed successfully.
2025-02-24T05:28:09.1858418Z Artifact download completed successfully.
2025-02-24T05:28:09.1891958Z Artifact download completed successfully.
2025-02-24T05:28:09.1892495Z Total of 12 artifact(s) downloaded
2025-02-24T05:28:09.1902730Z Download artifact has finished successfully
2025-02-24T05:28:09.2064901Z ##[group]Run # The $(ls ...) shell expansion is done in the Github environment; the value of
2025-02-24T05:28:09.2065911Z [36;1m# The $(ls ...) shell expansion is done in the Github environment; the value of[0m
2025-02-24T05:28:09.2066863Z [36;1m# TOGA_INSTALL_COMMAND will be a literal string without any shell expansions to[0m
2025-02-24T05:28:09.2067794Z [36;1m# perform. We don't *explicitly* install the Travertino wheel; we provide the[0m
2025-02-24T05:28:09.2068881Z [36;1m# dist dir as a source of wheels, and rely on pip to resolve the explicit[0m
2025-02-24T05:28:09.2069607Z [36;1m# version match to the Travertino wheel in that folder.[0m
2025-02-24T05:28:09.2070697Z [36;1mexport TOGA_INSTALL_COMMAND="python -m pip install --find-links ../dist ../$(ls dist/toga_core-*.whl)[dev] ../$(ls dist/toga_dummy-*.whl)"[0m
2025-02-24T05:28:09.2071685Z [36;1mtox -e py-cov-trav[0m
2025-02-24T05:28:09.2072185Z [36;1mtox -qe coverage$(tr -dc "0-9" <<< "3.10")-trav[0m
2025-02-24T05:28:09.2072921Z [36;1mmv travertino/.coverage travertino/.coverage.ubuntu-latest.3.10[0m
2025-02-24T05:28:09.2138459Z shell: /usr/bin/bash --noprofile --norc -e -o pipefail {0}
2025-02-24T05:28:09.2138792Z env:
2025-02-24T05:28:09.2138975Z   min_python_version: 3.9
2025-02-24T05:28:09.2139191Z   max_python_version: 3.12
2025-02-24T05:28:09.2139392Z   FORCE_COLOR: 1
2025-02-24T05:28:09.2139643Z   pythonLocation: /opt/hostedtoolcache/Python/3.10.16/x64
2025-02-24T05:28:09.2140060Z   PKG_CONFIG_PATH: /opt/hostedtoolcache/Python/3.10.16/x64/lib/pkgconfig
2025-02-24T05:28:09.2140458Z   Python_ROOT_DIR: /opt/hostedtoolcache/Python/3.10.16/x64
2025-02-24T05:28:09.2140808Z   Python2_ROOT_DIR: /opt/hostedtoolcache/Python/3.10.16/x64
2025-02-24T05:28:09.2141178Z   Python3_ROOT_DIR: /opt/hostedtoolcache/Python/3.10.16/x64
2025-02-24T05:28:09.2141523Z   LD_LIBRARY_PATH: /opt/hostedtoolcache/Python/3.10.16/x64/lib
2025-02-24T05:28:09.2141818Z ##[endgroup]
2025-02-24T05:28:09.9474355Z [1m[35mpy-cov-trav:[0m[36m freeze[22m[2m>[0m python -m pip freeze --all[0m
2025-02-24T05:28:10.4728963Z [1m[35mpy-cov-trav:[0m[36m pip==25.0.1,setuptools==75.8.0,wheel==0.45.1[0m
2025-02-24T05:28:10.4747312Z [1m[35mpy-cov-trav:[0m[36m commands[0][22m /home/runner/work/toga/toga/travertino[2m>[0m python -m pip install --find-links ../dist '../dist/toga_core-0.4.9.dev608+g01152b56b-py3-none-any.whl[dev]' ../dist/toga_dummy-0.4.9.dev608+g01152b56b-py3-none-any.whl[0m
2025-02-24T05:28:11.0163070Z Looking in links: ../dist
2025-02-24T05:28:11.0231276Z Processing /home/runner/work/toga/toga/dist/toga_core-0.4.9.dev608+g01152b56b-py3-none-any.whl (from toga-core==0.4.9.dev608+g01152b56b)
2025-02-24T05:28:11.0325698Z Processing /home/runner/work/toga/toga/dist/toga_dummy-0.4.9.dev608+g01152b56b-py3-none-any.whl
2025-02-24T05:28:11.0923628Z Processing /home/runner/work/toga/toga/dist/travertino-0.4.9.dev608+g01152b56b-py3-none-any.whl (from toga-core==0.4.9.dev608+g01152b56b->toga-core==0.4.9.dev608+g01152b56b)
2025-02-24T05:28:11.3842311Z Collecting coverage==7.6.12 (from coverage[toml]==7.6.12; extra == "dev"->toga-core==0.4.9.dev608+g01152b56b->toga-core==0.4.9.dev608+g01152b56b)
2025-02-24T05:28:11.4338578Z   Downloading coverage-7.6.12-cp310-cp310-manylinux_2_5_x86_64.manylinux1_x86_64.manylinux_2_17_x86_64.manylinux2014_x86_64.whl.metadata (8.5 kB)
2025-02-24T05:28:11.4500640Z Collecting coverage-conditional-plugin==0.9.0 (from toga-core==0.4.9.dev608+g01152b56b->toga-core==0.4.9.dev608+g01152b56b)
2025-02-24T05:28:11.4584340Z   Downloading coverage_conditional_plugin-0.9.0-py3-none-any.whl.metadata (6.9 kB)
2025-02-24T05:28:11.6155247Z Collecting Pillow==11.1.0 (from toga-core==0.4.9.dev608+g01152b56b->toga-core==0.4.9.dev608+g01152b56b)
2025-02-24T05:28:11.6228674Z   Downloading pillow-11.1.0-cp310-cp310-manylinux_2_28_x86_64.whl.metadata (9.1 kB)
2025-02-24T05:28:11.6664824Z Collecting pre-commit==4.1.0 (from toga-core==0.4.9.dev608+g01152b56b->toga-core==0.4.9.dev608+g01152b56b)
2025-02-24T05:28:11.6734968Z   Downloading pre_commit-4.1.0-py2.py3-none-any.whl.metadata (1.3 kB)
2025-02-24T05:28:11.7251748Z Collecting pytest==8.3.4 (from toga-core==0.4.9.dev608+g01152b56b->toga-core==0.4.9.dev608+g01152b56b)
2025-02-24T05:28:11.7323652Z   Downloading pytest-8.3.4-py3-none-any.whl.metadata (7.5 kB)
2025-02-24T05:28:11.7593038Z Collecting pytest-asyncio==0.25.3 (from toga-core==0.4.9.dev608+g01152b56b->toga-core==0.4.9.dev608+g01152b56b)
2025-02-24T05:28:11.7665689Z   Downloading pytest_asyncio-0.25.3-py3-none-any.whl.metadata (3.9 kB)
2025-02-24T05:28:11.7840017Z Collecting pytest-freezer==0.4.9 (from toga-core==0.4.9.dev608+g01152b56b->toga-core==0.4.9.dev608+g01152b56b)
2025-02-24T05:28:11.7916133Z   Downloading pytest_freezer-0.4.9-py3-none-any.whl.metadata (2.1 kB)
2025-02-24T05:28:11.8239597Z Collecting setuptools-scm==8.1.0 (from toga-core==0.4.9.dev608+g01152b56b->toga-core==0.4.9.dev608+g01152b56b)
2025-02-24T05:28:11.8317391Z   Downloading setuptools_scm-8.1.0-py3-none-any.whl.metadata (6.6 kB)
2025-02-24T05:28:11.8793694Z Collecting tox==4.24.1 (from toga-core==0.4.9.dev608+g01152b56b->toga-core==0.4.9.dev608+g01152b56b)
2025-02-24T05:28:11.8808325Z   Using cached tox-4.24.1-py3-none-any.whl.metadata (3.7 kB)
2025-02-24T05:28:11.9110975Z Collecting packaging>=20.4 (from coverage-conditional-plugin==0.9.0->toga-core==0.4.9.dev608+g01152b56b->toga-core==0.4.9.dev608+g01152b56b)
2025-02-24T05:28:11.9123852Z   Using cached packaging-24.2-py3-none-any.whl.metadata (3.2 kB)
2025-02-24T05:28:11.9298778Z Collecting tomli (from coverage[toml]==7.6.12; extra == "dev"->toga-core==0.4.9.dev608+g01152b56b->toga-core==0.4.9.dev608+g01152b56b)
2025-02-24T05:28:11.9311247Z   Using cached tomli-2.2.1-py3-none-any.whl.metadata (10 kB)
2025-02-24T05:28:11.9468926Z Collecting cfgv>=2.0.0 (from pre-commit==4.1.0->toga-core==0.4.9.dev608+g01152b56b->toga-core==0.4.9.dev608+g01152b56b)
2025-02-24T05:28:11.9539521Z   Downloading cfgv-3.4.0-py2.py3-none-any.whl.metadata (8.5 kB)
2025-02-24T05:28:12.0018489Z Collecting identify>=1.0.0 (from pre-commit==4.1.0->toga-core==0.4.9.dev608+g01152b56b->toga-core==0.4.9.dev608+g01152b56b)
2025-02-24T05:28:12.0091037Z   Downloading identify-2.6.8-py2.py3-none-any.whl.metadata (4.4 kB)
2025-02-24T05:28:12.0297428Z Collecting nodeenv>=0.11.1 (from pre-commit==4.1.0->toga-core==0.4.9.dev608+g01152b56b->toga-core==0.4.9.dev608+g01152b56b)
2025-02-24T05:28:12.0375053Z   Downloading nodeenv-1.9.1-py2.py3-none-any.whl.metadata (21 kB)
2025-02-24T05:28:12.0760250Z Collecting pyyaml>=5.1 (from pre-commit==4.1.0->toga-core==0.4.9.dev608+g01152b56b->toga-core==0.4.9.dev608+g01152b56b)
2025-02-24T05:28:12.0831659Z   Downloading PyYAML-6.0.2-cp310-cp310-manylinux_2_17_x86_64.manylinux2014_x86_64.whl.metadata (2.1 kB)
2025-02-24T05:28:12.1289785Z Collecting virtualenv>=20.10.0 (from pre-commit==4.1.0->toga-core==0.4.9.dev608+g01152b56b->toga-core==0.4.9.dev608+g01152b56b)
2025-02-24T05:28:12.1303640Z   Using cached virtualenv-20.29.2-py3-none-any.whl.metadata (4.5 kB)
2025-02-24T05:28:12.1519727Z Collecting exceptiongroup>=1.0.0rc8 (from pytest==8.3.4->toga-core==0.4.9.dev608+g01152b56b->toga-core==0.4.9.dev608+g01152b56b)
2025-02-24T05:28:12.1588047Z   Downloading exceptiongroup-1.2.2-py3-none-any.whl.metadata (6.6 kB)
2025-02-24T05:28:12.1726571Z Collecting iniconfig (from pytest==8.3.4->toga-core==0.4.9.dev608+g01152b56b->toga-core==0.4.9.dev608+g01152b56b)
2025-02-24T05:28:12.1822158Z   Downloading iniconfig-2.0.0-py3-none-any.whl.metadata (2.6 kB)
2025-02-24T05:28:12.1983697Z Collecting pluggy<2,>=1.5 (from pytest==8.3.4->toga-core==0.4.9.dev608+g01152b56b->toga-core==0.4.9.dev608+g01152b56b)
2025-02-24T05:28:12.1996001Z   Using cached pluggy-1.5.0-py3-none-any.whl.metadata (4.8 kB)
2025-02-24T05:28:12.2398346Z Collecting freezegun>=1.1 (from pytest-freezer==0.4.9->toga-core==0.4.9.dev608+g01152b56b->toga-core==0.4.9.dev608+g01152b56b)
2025-02-24T05:28:12.2471437Z   Downloading freezegun-1.5.1-py3-none-any.whl.metadata (11 kB)
2025-02-24T05:28:12.2558898Z Requirement already satisfied: setuptools in /home/runner/work/toga/toga/.tox/py-cov-trav/lib/python3.10/site-packages (from setuptools-scm==8.1.0->toga-core==0.4.9.dev608+g01152b56b->toga-core==0.4.9.dev608+g01152b56b) (75.8.0)
2025-02-24T05:28:12.2760100Z Collecting cachetools>=5.5 (from tox==4.24.1->toga-core==0.4.9.dev608+g01152b56b->toga-core==0.4.9.dev608+g01152b56b)
2025-02-24T05:28:12.2772405Z   Using cached cachetools-5.5.2-py3-none-any.whl.metadata (5.4 kB)
2025-02-24T05:28:12.2897438Z Collecting chardet>=5.2 (from tox==4.24.1->toga-core==0.4.9.dev608+g01152b56b->toga-core==0.4.9.dev608+g01152b56b)
2025-02-24T05:28:12.2909496Z   Using cached chardet-5.2.0-py3-none-any.whl.metadata (3.4 kB)
2025-02-24T05:28:12.3072557Z Collecting colorama>=0.4.6 (from tox==4.24.1->toga-core==0.4.9.dev608+g01152b56b->toga-core==0.4.9.dev608+g01152b56b)
2025-02-24T05:28:12.3084663Z   Using cached colorama-0.4.6-py2.py3-none-any.whl.metadata (17 kB)
2025-02-24T05:28:12.3294720Z Collecting filelock>=3.16.1 (from tox==4.24.1->toga-core==0.4.9.dev608+g01152b56b->toga-core==0.4.9.dev608+g01152b56b)
2025-02-24T05:28:12.3307157Z   Using cached filelock-3.17.0-py3-none-any.whl.metadata (2.9 kB)
2025-02-24T05:28:12.3533243Z Collecting platformdirs>=4.3.6 (from tox==4.24.1->toga-core==0.4.9.dev608+g01152b56b->toga-core==0.4.9.dev608+g01152b56b)
2025-02-24T05:28:12.3545447Z   Using cached platformdirs-4.3.6-py3-none-any.whl.metadata (11 kB)
2025-02-24T05:28:12.3873261Z Collecting pyproject-api>=1.8 (from tox==4.24.1->toga-core==0.4.9.dev608+g01152b56b->toga-core==0.4.9.dev608+g01152b56b)
2025-02-24T05:28:12.3885175Z   Using cached pyproject_api-1.9.0-py3-none-any.whl.metadata (2.7 kB)
2025-02-24T05:28:12.4089773Z Collecting typing-extensions>=4.12.2 (from tox==4.24.1->toga-core==0.4.9.dev608+g01152b56b->toga-core==0.4.9.dev608+g01152b56b)
2025-02-24T05:28:12.4101490Z   Using cached typing_extensions-4.12.2-py3-none-any.whl.metadata (3.0 kB)
2025-02-24T05:28:12.4473423Z Collecting python-dateutil>=2.7 (from freezegun>=1.1->pytest-freezer==0.4.9->toga-core==0.4.9.dev608+g01152b56b->toga-core==0.4.9.dev608+g01152b56b)
2025-02-24T05:28:12.4565351Z   Downloading python_dateutil-2.9.0.post0-py2.py3-none-any.whl.metadata (8.4 kB)
2025-02-24T05:28:12.4912703Z Collecting distlib<1,>=0.3.7 (from virtualenv>=20.10.0->pre-commit==4.1.0->toga-core==0.4.9.dev608+g01152b56b->toga-core==0.4.9.dev608+g01152b56b)
2025-02-24T05:28:12.4925387Z   Using cached distlib-0.3.9-py2.py3-none-any.whl.metadata (5.2 kB)
2025-02-24T05:28:12.5335415Z Collecting six>=1.5 (from python-dateutil>=2.7->freezegun>=1.1->pytest-freezer==0.4.9->toga-core==0.4.9.dev608+g01152b56b->toga-core==0.4.9.dev608+g01152b56b)
2025-02-24T05:28:12.5404975Z   Downloading six-1.17.0-py2.py3-none-any.whl.metadata (1.7 kB)
2025-02-24T05:28:12.5553665Z Downloading coverage-7.6.12-cp310-cp310-manylinux_2_5_x86_64.manylinux1_x86_64.manylinux_2_17_x86_64.manylinux2014_x86_64.whl (236 kB)
2025-02-24T05:28:12.5773766Z Downloading coverage_conditional_plugin-0.9.0-py3-none-any.whl (7.3 kB)
2025-02-24T05:28:12.5864008Z Downloading pillow-11.1.0-cp310-cp310-manylinux_2_28_x86_64.whl (4.5 MB)
2025-02-24T05:28:12.6556709Z [?25l   [90m━━━━━━━━━━━━━━━━━━━━━━━━━━━━━━━━━━━━━━━━[0m [32m0.0/4.5 MB[0m [31m?[0m eta [36m-:--:--[0m
2025-02-24T05:28:12.6557719Z [2K   [90m━━━━━━━━━━━━━━━━━━━━━━━━━━━━━━━━━━━━━━━━[0m [32m4.5/4.5 MB[0m [31m65.2 MB/s[0m eta [36m0:00:00[0m
2025-02-24T05:28:12.6631217Z [?25hDownloading pre_commit-4.1.0-py2.py3-none-any.whl (220 kB)
2025-02-24T05:28:12.6736574Z Downloading pytest-8.3.4-py3-none-any.whl (343 kB)
2025-02-24T05:28:12.6842430Z Downloading pytest_asyncio-0.25.3-py3-none-any.whl (19 kB)
2025-02-24T05:28:12.6928624Z Downloading pytest_freezer-0.4.9-py3-none-any.whl (3.2 kB)
2025-02-24T05:28:12.7027848Z Downloading setuptools_scm-8.1.0-py3-none-any.whl (43 kB)
2025-02-24T05:28:12.7060710Z Using cached tox-4.24.1-py3-none-any.whl (171 kB)
2025-02-24T05:28:12.7074107Z Using cached cachetools-5.5.2-py3-none-any.whl (10 kB)
2025-02-24T05:28:12.7141778Z Downloading cfgv-3.4.0-py2.py3-none-any.whl (7.2 kB)
2025-02-24T05:28:12.7172890Z Using cached chardet-5.2.0-py3-none-any.whl (199 kB)
2025-02-24T05:28:12.7185949Z Using cached colorama-0.4.6-py2.py3-none-any.whl (25 kB)
2025-02-24T05:28:12.7259849Z Downloading exceptiongroup-1.2.2-py3-none-any.whl (16 kB)
2025-02-24T05:28:12.7292847Z Using cached filelock-3.17.0-py3-none-any.whl (16 kB)
2025-02-24T05:28:12.7363880Z Downloading freezegun-1.5.1-py3-none-any.whl (17 kB)
2025-02-24T05:28:12.7450546Z Downloading identify-2.6.8-py2.py3-none-any.whl (99 kB)
2025-02-24T05:28:12.7542028Z Downloading nodeenv-1.9.1-py2.py3-none-any.whl (22 kB)
2025-02-24T05:28:12.7572757Z Using cached packaging-24.2-py3-none-any.whl (65 kB)
2025-02-24T05:28:12.7585135Z Using cached platformdirs-4.3.6-py3-none-any.whl (18 kB)
2025-02-24T05:28:12.7597211Z Using cached pluggy-1.5.0-py3-none-any.whl (20 kB)
2025-02-24T05:28:12.7609359Z Using cached pyproject_api-1.9.0-py3-none-any.whl (13 kB)
2025-02-24T05:28:12.7678566Z Downloading PyYAML-6.0.2-cp310-cp310-manylinux_2_17_x86_64.manylinux2014_x86_64.whl (751 kB)
2025-02-24T05:28:12.7764092Z [?25l   [90m━━━━━━━━━━━━━━━━━━━━━━━━━━━━━━━━━━━━━━━━[0m [32m0.0/751.2 kB[0m [31m?[0m eta [36m-:--:--[0m
2025-02-24T05:28:12.7765263Z [2K   [90m━━━━━━━━━━━━━━━━━━━━━━━━━━━━━━━━━━━━━━━[0m [32m751.2/751.2 kB[0m [31m107.4 MB/s[0m eta [36m0:00:00[0m
2025-02-24T05:28:12.7776834Z [?25hUsing cached tomli-2.2.1-py3-none-any.whl (14 kB)
2025-02-24T05:28:12.7789153Z Using cached typing_extensions-4.12.2-py3-none-any.whl (37 kB)
2025-02-24T05:28:12.7801099Z Using cached virtualenv-20.29.2-py3-none-any.whl (4.3 MB)
2025-02-24T05:28:12.7903403Z Downloading iniconfig-2.0.0-py3-none-any.whl (5.9 kB)
2025-02-24T05:28:12.7934513Z Using cached distlib-0.3.9-py2.py3-none-any.whl (468 kB)
2025-02-24T05:28:12.8012278Z Downloading python_dateutil-2.9.0.post0-py2.py3-none-any.whl (229 kB)
2025-02-24T05:28:12.8111442Z Downloading six-1.17.0-py2.py3-none-any.whl (11 kB)
2025-02-24T05:28:12.8988802Z Installing collected packages: distlib, typing-extensions, travertino, tomli, six, pyyaml, pluggy, platformdirs, Pillow, packaging, nodeenv, iniconfig, identify, filelock, exceptiongroup, coverage, colorama, chardet, cfgv, cachetools, virtualenv, toga-core, setuptools-scm, python-dateutil, pytest, pyproject-api, coverage-conditional-plugin, tox, toga-dummy, pytest-asyncio, pre-commit, freezegun, pytest-freezer
2025-02-24T05:28:14.4450284Z Successfully installed Pillow-11.1.0 cachetools-5.5.2 cfgv-3.4.0 chardet-5.2.0 colorama-0.4.6 coverage-7.6.12 coverage-conditional-plugin-0.9.0 distlib-0.3.9 exceptiongroup-1.2.2 filelock-3.17.0 freezegun-1.5.1 identify-2.6.8 iniconfig-2.0.0 nodeenv-1.9.1 packaging-24.2 platformdirs-4.3.6 pluggy-1.5.0 pre-commit-4.1.0 pyproject-api-1.9.0 pytest-8.3.4 pytest-asyncio-0.25.3 pytest-freezer-0.4.9 python-dateutil-2.9.0.post0 pyyaml-6.0.2 setuptools-scm-8.1.0 six-1.17.0 toga-core-0.4.9.dev608+g01152b56b toga-dummy-0.4.9.dev608+g01152b56b tomli-2.2.1 tox-4.24.1 travertino-0.4.9.dev608+g01152b56b typing-extensions-4.12.2 virtualenv-20.29.2
2025-02-24T05:28:14.5289432Z [1m[35mpy-cov-trav:[0m[36m commands[1][22m /home/runner/work/toga/toga/travertino[2m>[0m python -m coverage run -m pytest -vv --color yes[0m
2025-02-24T05:28:14.9517421Z [1m============================= test session starts ==============================[0m
2025-02-24T05:28:14.9518633Z platform linux -- Python 3.10.16, pytest-8.3.4, pluggy-1.5.0 -- /home/runner/work/toga/toga/.tox/py-cov-trav/bin/python
2025-02-24T05:28:14.9519405Z cachedir: /home/runner/work/toga/toga/.tox/py-cov-trav/.pytest_cache
2025-02-24T05:28:14.9519903Z rootdir: /home/runner/work/toga/toga/travertino
2025-02-24T05:28:14.9520287Z configfile: pyproject.toml
2025-02-24T05:28:14.9520565Z plugins: asyncio-0.25.3, pytest_freezer-0.4.9
2025-02-24T05:28:14.9520981Z asyncio: mode=strict, asyncio_default_fixture_loop_scope=function
2025-02-24T05:28:15.6794815Z [1mcollecting ... [0mcollected 645 items
2025-02-24T05:28:15.6795217Z 
2025-02-24T05:28:15.6825698Z tests/colors/test_alpha_blending.py::test_alpha_blending_over[front_color0-back_color0-expected_blended_color0] [32mPASSED[0m[32m [  0%][0m
2025-02-24T05:28:15.6842954Z tests/colors/test_alpha_blending.py::test_alpha_blending_over[front_color1-back_color1-expected_blended_color1] [32mPASSED[0m[32m [  0%][0m
2025-02-24T05:28:15.6860559Z tests/colors/test_alpha_blending.py::test_alpha_blending_over[front_color2-back_color2-expected_blended_color2] [32mPASSED[0m[32m [  0%][0m
2025-02-24T05:28:15.6877274Z tests/colors/test_alpha_blending.py::test_alpha_blending_over[front_color3-back_color3-expected_blended_color3] [32mPASSED[0m[32m [  0%][0m
2025-02-24T05:28:15.6894345Z tests/colors/test_alpha_blending.py::test_alpha_blending_over[front_color4-back_color4-expected_blended_color4] [32mPASSED[0m[32m [  0%][0m
2025-02-24T05:28:15.6911272Z tests/colors/test_alpha_blending.py::test_alpha_blending_over[front_color5-back_color5-expected_blended_color5] [32mPASSED[0m[32m [  0%][0m
2025-02-24T05:28:15.6928293Z tests/colors/test_alpha_blending.py::test_alpha_blending_over[front_color6-back_color6-expected_blended_color6] [32mPASSED[0m[32m [  1%][0m
2025-02-24T05:28:15.6944990Z tests/colors/test_alpha_blending.py::test_alpha_blending_over[front_color7-back_color7-expected_blended_color7] [32mPASSED[0m[32m [  1%][0m
2025-02-24T05:28:15.6962983Z tests/colors/test_alpha_blending.py::test_alpha_blending_over[front_color8-back_color8-expected_blended_color8] [32mPASSED[0m[32m [  1%][0m
2025-02-24T05:28:15.6981092Z tests/colors/test_alpha_blending.py::test_alpha_blending_over[front_color9-back_color9-expected_blended_color9] [32mPASSED[0m[32m [  1%][0m
2025-02-24T05:28:15.6998945Z tests/colors/test_alpha_blending.py::test_alpha_blending_over[front_color10-back_color10-expected_blended_color10] [32mPASSED[0m[32m [  1%][0m
2025-02-24T05:28:15.7016507Z tests/colors/test_alpha_blending.py::test_alpha_blending_over[front_color11-back_color11-expected_blended_color11] [32mPASSED[0m[32m [  1%][0m
2025-02-24T05:28:15.7034823Z tests/colors/test_alpha_blending.py::test_alpha_blending_over[front_color12-back_color12-expected_blended_color12] [32mPASSED[0m[32m [  2%][0m
2025-02-24T05:28:15.7052841Z tests/colors/test_alpha_blending.py::test_alpha_blending_over[front_color13-back_color13-expected_blended_color13] [32mPASSED[0m[32m [  2%][0m
2025-02-24T05:28:15.7070616Z tests/colors/test_alpha_blending.py::test_alpha_blending_over[front_color14-back_color14-expected_blended_color14] [32mPASSED[0m[32m [  2%][0m
2025-02-24T05:28:15.7093294Z tests/colors/test_alpha_blending.py::test_alpha_blending_over[front_color15-back_color15-expected_blended_color15] [32mPASSED[0m[32m [  2%][0m
2025-02-24T05:28:15.7106803Z tests/colors/test_alpha_blending.py::test_alpha_blending_over[front_color16-back_color16-expected_blended_color16] [32mPASSED[0m[32m [  2%][0m
2025-02-24T05:28:15.7125845Z tests/colors/test_alpha_blending.py::test_alpha_blending_over[front_color17-back_color17-expected_blended_color17] [32mPASSED[0m[32m [  2%][0m
2025-02-24T05:28:15.7144907Z tests/colors/test_alpha_blending.py::test_alpha_blending_over[front_color18-back_color18-expected_blended_color18] [32mPASSED[0m[32m [  2%][0m
2025-02-24T05:28:15.7162700Z tests/colors/test_alpha_blending.py::test_alpha_blending_over[front_color19-back_color19-expected_blended_color19] [32mPASSED[0m[32m [  3%][0m
2025-02-24T05:28:15.7180343Z tests/colors/test_alpha_blending.py::test_alpha_blending_over[front_color20-back_color20-expected_blended_color20] [32mPASSED[0m[32m [  3%][0m
2025-02-24T05:28:15.7197761Z tests/colors/test_alpha_blending.py::test_alpha_blending_over[front_color21-back_color21-expected_blended_color21] [32mPASSED[0m[32m [  3%][0m
2025-02-24T05:28:15.7215312Z tests/colors/test_alpha_blending.py::test_alpha_blending_over[front_color22-back_color22-expected_blended_color22] [32mPASSED[0m[32m [  3%][0m
2025-02-24T05:28:15.7233496Z tests/colors/test_alpha_blending.py::test_alpha_blending_over[front_color23-back_color23-expected_blended_color23] [32mPASSED[0m[32m [  3%][0m
2025-02-24T05:28:15.7251503Z tests/colors/test_alpha_blending.py::test_alpha_blending_over[front_color24-back_color24-expected_blended_color24] [32mPASSED[0m[32m [  3%][0m
2025-02-24T05:28:15.7270725Z tests/colors/test_alpha_blending.py::test_alpha_blending_over[front_color25-back_color25-expected_blended_color25] [32mPASSED[0m[32m [  4%][0m
2025-02-24T05:28:15.7287808Z tests/colors/test_alpha_blending.py::test_alpha_blending_over[front_color26-back_color26-expected_blended_color26] [32mPASSED[0m[32m [  4%][0m
2025-02-24T05:28:15.7304862Z tests/colors/test_alpha_blending.py::test_alpha_blending_over[front_color27-back_color27-expected_blended_color27] [32mPASSED[0m[32m [  4%][0m
2025-02-24T05:28:15.7323400Z tests/colors/test_alpha_blending.py::test_alpha_blending_over[front_color28-back_color28-expected_blended_color28] [32mPASSED[0m[32m [  4%][0m
2025-02-24T05:28:15.7340830Z tests/colors/test_alpha_blending.py::test_alpha_blending_over[front_color29-back_color29-expected_blended_color29] [32mPASSED[0m[32m [  4%][0m
2025-02-24T05:28:15.7357696Z tests/colors/test_alpha_blending.py::test_alpha_blending_over[front_color30-back_color30-expected_blended_color30] [32mPASSED[0m[32m [  4%][0m
2025-02-24T05:28:15.7374923Z tests/colors/test_alpha_blending.py::test_alpha_blending_over[front_color31-back_color31-expected_blended_color31] [32mPASSED[0m[32m [  4%][0m
2025-02-24T05:28:15.7392102Z tests/colors/test_alpha_blending.py::test_alpha_blending_over[front_color32-back_color32-expected_blended_color32] [32mPASSED[0m[32m [  5%][0m
2025-02-24T05:28:15.7409324Z tests/colors/test_alpha_blending.py::test_alpha_blending_over[front_color33-back_color33-expected_blended_color33] [32mPASSED[0m[32m [  5%][0m
2025-02-24T05:28:15.7426152Z tests/colors/test_alpha_blending.py::test_alpha_blending_over[front_color34-back_color34-expected_blended_color34] [32mPASSED[0m[32m [  5%][0m
2025-02-24T05:28:15.7443147Z tests/colors/test_alpha_blending.py::test_alpha_blending_over[front_color35-back_color35-expected_blended_color35] [32mPASSED[0m[32m [  5%][0m
2025-02-24T05:28:15.7460231Z tests/colors/test_alpha_blending.py::test_alpha_blending_over[front_color36-back_color36-expected_blended_color36] [32mPASSED[0m[32m [  5%][0m
2025-02-24T05:28:15.7477334Z tests/colors/test_alpha_blending.py::test_alpha_blending_over[front_color37-back_color37-expected_blended_color37] [32mPASSED[0m[32m [  5%][0m
2025-02-24T05:28:15.7494571Z tests/colors/test_alpha_blending.py::test_alpha_blending_over[front_color38-back_color38-expected_blended_color38] [32mPASSED[0m[32m [  6%][0m
2025-02-24T05:28:15.7512478Z tests/colors/test_alpha_blending.py::test_alpha_blending_over[front_color39-back_color39-expected_blended_color39] [32mPASSED[0m[32m [  6%][0m
2025-02-24T05:28:15.7529724Z tests/colors/test_alpha_blending.py::test_alpha_blending_over[front_color40-back_color40-expected_blended_color40] [32mPASSED[0m[32m [  6%][0m
2025-02-24T05:28:15.7546570Z tests/colors/test_alpha_blending.py::test_alpha_blending_over[front_color41-back_color41-expected_blended_color41] [32mPASSED[0m[32m [  6%][0m
2025-02-24T05:28:15.7563905Z tests/colors/test_alpha_blending.py::test_alpha_blending_over[front_color42-back_color42-expected_blended_color42] [32mPASSED[0m[32m [  6%][0m
2025-02-24T05:28:15.7581091Z tests/colors/test_alpha_blending.py::test_alpha_blending_over[front_color43-back_color43-expected_blended_color43] [32mPASSED[0m[32m [  6%][0m
2025-02-24T05:28:15.7598379Z tests/colors/test_alpha_blending.py::test_alpha_blending_over[front_color44-back_color44-expected_blended_color44] [32mPASSED[0m[32m [  6%][0m
2025-02-24T05:28:15.7615314Z tests/colors/test_alpha_blending.py::test_alpha_blending_over[front_color45-back_color45-expected_blended_color45] [32mPASSED[0m[32m [  7%][0m
2025-02-24T05:28:15.7632530Z tests/colors/test_alpha_blending.py::test_alpha_blending_over[front_color46-back_color46-expected_blended_color46] [32mPASSED[0m[32m [  7%][0m
2025-02-24T05:28:15.7649843Z tests/colors/test_alpha_blending.py::test_alpha_blending_over[front_color47-back_color47-expected_blended_color47] [32mPASSED[0m[32m [  7%][0m
2025-02-24T05:28:15.7666481Z tests/colors/test_alpha_blending.py::test_alpha_blending_over[front_color48-back_color48-expected_blended_color48] [32mPASSED[0m[32m [  7%][0m
2025-02-24T05:28:15.7684084Z tests/colors/test_alpha_blending.py::test_alpha_blending_over[front_color49-back_color49-expected_blended_color49] [32mPASSED[0m[32m [  7%][0m
2025-02-24T05:28:15.7701247Z tests/colors/test_alpha_blending.py::test_alpha_blending_over[front_color50-back_color50-expected_blended_color50] [32mPASSED[0m[32m [  7%][0m
2025-02-24T05:28:15.7719390Z tests/colors/test_alpha_blending.py::test_alpha_blending_over[front_color51-back_color51-expected_blended_color51] [32mPASSED[0m[32m [  8%][0m
2025-02-24T05:28:15.7736339Z tests/colors/test_alpha_blending.py::test_alpha_blending_over[front_color52-back_color52-expected_blended_color52] [32mPASSED[0m[32m [  8%][0m
2025-02-24T05:28:15.7753472Z tests/colors/test_alpha_blending.py::test_alpha_blending_over[front_color53-back_color53-expected_blended_color53] [32mPASSED[0m[32m [  8%][0m
2025-02-24T05:28:15.7770824Z tests/colors/test_alpha_blending.py::test_alpha_blending_over[front_color54-back_color54-expected_blended_color54] [32mPASSED[0m[32m [  8%][0m
2025-02-24T05:28:15.7788861Z tests/colors/test_alpha_blending.py::test_alpha_blending_over[front_color55-back_color55-expected_blended_color55] [32mPASSED[0m[32m [  8%][0m
2025-02-24T05:28:15.7805569Z tests/colors/test_alpha_blending.py::test_alpha_blending_over[front_color56-back_color56-expected_blended_color56] [32mPASSED[0m[32m [  8%][0m
2025-02-24T05:28:15.7822873Z tests/colors/test_alpha_blending.py::test_alpha_blending_over[front_color57-back_color57-expected_blended_color57] [32mPASSED[0m[32m [  8%][0m
2025-02-24T05:28:15.7839735Z tests/colors/test_alpha_blending.py::test_alpha_blending_over[front_color58-back_color58-expected_blended_color58] [32mPASSED[0m[32m [  9%][0m
2025-02-24T05:28:15.7857600Z tests/colors/test_alpha_blending.py::test_alpha_blending_over[front_color59-back_color59-expected_blended_color59] [32mPASSED[0m[32m [  9%][0m
2025-02-24T05:28:15.7874909Z tests/colors/test_alpha_blending.py::test_alpha_blending_over[front_color60-back_color60-expected_blended_color60] [32mPASSED[0m[32m [  9%][0m
2025-02-24T05:28:15.7892342Z tests/colors/test_alpha_blending.py::test_alpha_blending_over[front_color61-back_color61-expected_blended_color61] [32mPASSED[0m[32m [  9%][0m
2025-02-24T05:28:15.7909340Z tests/colors/test_alpha_blending.py::test_alpha_blending_over[front_color62-back_color62-expected_blended_color62] [32mPASSED[0m[32m [  9%][0m
2025-02-24T05:28:15.7926135Z tests/colors/test_alpha_blending.py::test_alpha_blending_over[front_color63-back_color63-expected_blended_color63] [32mPASSED[0m[32m [  9%][0m
2025-02-24T05:28:15.7944203Z tests/colors/test_alpha_blending.py::test_alpha_blending_over[front_color64-back_color64-expected_blended_color64] [32mPASSED[0m[32m [ 10%][0m
2025-02-24T05:28:15.7961315Z tests/colors/test_alpha_blending.py::test_alpha_blending_over[front_color65-back_color65-expected_blended_color65] [32mPASSED[0m[32m [ 10%][0m
2025-02-24T05:28:15.7977892Z tests/colors/test_alpha_blending.py::test_alpha_blending_over[front_color66-back_color66-expected_blended_color66] [32mPASSED[0m[32m [ 10%][0m
2025-02-24T05:28:15.7994794Z tests/colors/test_alpha_blending.py::test_alpha_blending_over[front_color67-back_color67-expected_blended_color67] [32mPASSED[0m[32m [ 10%][0m
2025-02-24T05:28:15.8012560Z tests/colors/test_alpha_blending.py::test_alpha_blending_over[front_color68-back_color68-expected_blended_color68] [32mPASSED[0m[32m [ 10%][0m
2025-02-24T05:28:15.8029862Z tests/colors/test_alpha_blending.py::test_alpha_blending_over[front_color69-back_color69-expected_blended_color69] [32mPASSED[0m[32m [ 10%][0m
2025-02-24T05:28:15.8047901Z tests/colors/test_alpha_blending.py::test_alpha_blending_over[front_color70-back_color70-expected_blended_color70] [32mPASSED[0m[32m [ 11%][0m
2025-02-24T05:28:15.8064285Z tests/colors/test_alpha_blending.py::test_alpha_blending_over[front_color71-back_color71-expected_blended_color71] [32mPASSED[0m[32m [ 11%][0m
2025-02-24T05:28:15.8082781Z tests/colors/test_alpha_blending.py::test_alpha_blending_over[front_color72-back_color72-expected_blended_color72] [32mPASSED[0m[32m [ 11%][0m
2025-02-24T05:28:15.8099815Z tests/colors/test_alpha_blending.py::test_alpha_blending_over[front_color73-back_color73-expected_blended_color73] [32mPASSED[0m[32m [ 11%][0m
2025-02-24T05:28:15.8116600Z tests/colors/test_alpha_blending.py::test_alpha_blending_over[front_color74-back_color74-expected_blended_color74] [32mPASSED[0m[32m [ 11%][0m
2025-02-24T05:28:15.8134574Z tests/colors/test_alpha_blending.py::test_alpha_blending_over[front_color75-back_color75-expected_blended_color75] [32mPASSED[0m[32m [ 11%][0m
2025-02-24T05:28:15.8151629Z tests/colors/test_alpha_blending.py::test_alpha_blending_over[front_color76-back_color76-expected_blended_color76] [32mPASSED[0m[32m [ 11%][0m
2025-02-24T05:28:15.8168610Z tests/colors/test_alpha_blending.py::test_alpha_blending_over[front_color77-back_color77-expected_blended_color77] [32mPASSED[0m[32m [ 12%][0m
2025-02-24T05:28:15.8186560Z tests/colors/test_alpha_blending.py::test_alpha_blending_over[front_color78-back_color78-expected_blended_color78] [32mPASSED[0m[32m [ 12%][0m
2025-02-24T05:28:15.8203890Z tests/colors/test_alpha_blending.py::test_alpha_blending_over[front_color79-back_color79-expected_blended_color79] [32mPASSED[0m[32m [ 12%][0m
2025-02-24T05:28:15.8221055Z tests/colors/test_alpha_blending.py::test_alpha_blending_over[front_color80-back_color80-expected_blended_color80] [32mPASSED[0m[32m [ 12%][0m
2025-02-24T05:28:15.8243329Z tests/colors/test_alpha_blending.py::test_alpha_unblend_over[front_color0-back_color0] [32mPASSED[0m[32m [ 12%][0m
2025-02-24T05:28:15.8260319Z tests/colors/test_alpha_blending.py::test_alpha_unblend_over[front_color1-back_color1] [32mPASSED[0m[32m [ 12%][0m
2025-02-24T05:28:15.8276921Z tests/colors/test_alpha_blending.py::test_alpha_unblend_over[front_color2-back_color2] [32mPASSED[0m[32m [ 13%][0m
2025-02-24T05:28:15.8293750Z tests/colors/test_alpha_blending.py::test_alpha_unblend_over[front_color3-back_color3] [32mPASSED[0m[32m [ 13%][0m
2025-02-24T05:28:15.8311190Z tests/colors/test_alpha_blending.py::test_alpha_unblend_over[front_color4-back_color4] [32mPASSED[0m[32m [ 13%][0m
2025-02-24T05:28:15.8327696Z tests/colors/test_alpha_blending.py::test_alpha_unblend_over[front_color5-back_color5] [32mPASSED[0m[32m [ 13%][0m
2025-02-24T05:28:15.8344666Z tests/colors/test_alpha_blending.py::test_alpha_unblend_over[front_color6-back_color6] [32mPASSED[0m[32m [ 13%][0m
2025-02-24T05:28:15.8361358Z tests/colors/test_alpha_blending.py::test_alpha_unblend_over[front_color7-back_color7] [32mPASSED[0m[32m [ 13%][0m
2025-02-24T05:28:15.8377942Z tests/colors/test_alpha_blending.py::test_alpha_unblend_over[front_color8-back_color8] [32mPASSED[0m[32m [ 13%][0m
2025-02-24T05:28:15.8394548Z tests/colors/test_alpha_blending.py::test_alpha_unblend_over[front_color9-back_color9] [32mPASSED[0m[32m [ 14%][0m
2025-02-24T05:28:15.8412179Z tests/colors/test_alpha_blending.py::test_alpha_unblend_over[front_color10-back_color10] [32mPASSED[0m[32m [ 14%][0m
2025-02-24T05:28:15.8429474Z tests/colors/test_alpha_blending.py::test_alpha_unblend_over[front_color11-back_color11] [32mPASSED[0m[32m [ 14%][0m
2025-02-24T05:28:15.8446149Z tests/colors/test_alpha_blending.py::test_alpha_unblend_over[front_color12-back_color12] [32mPASSED[0m[32m [ 14%][0m
2025-02-24T05:28:15.8463901Z tests/colors/test_alpha_blending.py::test_alpha_unblend_over[front_color13-back_color13] [32mPASSED[0m[32m [ 14%][0m
2025-02-24T05:28:15.8481076Z tests/colors/test_alpha_blending.py::test_alpha_unblend_over[front_color14-back_color14] [32mPASSED[0m[32m [ 14%][0m
2025-02-24T05:28:15.8497841Z tests/colors/test_alpha_blending.py::test_alpha_unblend_over[front_color15-back_color15] [32mPASSED[0m[32m [ 15%][0m
2025-02-24T05:28:15.8514346Z tests/colors/test_alpha_blending.py::test_alpha_unblend_over[front_color16-back_color16] [32mPASSED[0m[32m [ 15%][0m
2025-02-24T05:28:15.8531893Z tests/colors/test_alpha_blending.py::test_alpha_unblend_over[front_color17-back_color17] [32mPASSED[0m[32m [ 15%][0m
2025-02-24T05:28:15.8548589Z tests/colors/test_alpha_blending.py::test_alpha_unblend_over[front_color18-back_color18] [32mPASSED[0m[32m [ 15%][0m
2025-02-24T05:28:15.8564769Z tests/colors/test_alpha_blending.py::test_alpha_unblend_over[front_color19-back_color19] [32mPASSED[0m[32m [ 15%][0m
2025-02-24T05:28:15.8582454Z tests/colors/test_alpha_blending.py::test_alpha_unblend_over[front_color20-back_color20] [32mPASSED[0m[32m [ 15%][0m
2025-02-24T05:28:15.8598988Z tests/colors/test_alpha_blending.py::test_alpha_unblend_over[front_color21-back_color21] [32mPASSED[0m[32m [ 15%][0m
2025-02-24T05:28:15.8615465Z tests/colors/test_alpha_blending.py::test_alpha_unblend_over[front_color22-back_color22] [32mPASSED[0m[32m [ 16%][0m
2025-02-24T05:28:15.8632069Z tests/colors/test_alpha_blending.py::test_alpha_unblend_over[front_color23-back_color23] [32mPASSED[0m[32m [ 16%][0m
2025-02-24T05:28:15.8648420Z tests/colors/test_alpha_blending.py::test_alpha_unblend_over[front_color24-back_color24] [32mPASSED[0m[32m [ 16%][0m
2025-02-24T05:28:15.8665554Z tests/colors/test_alpha_blending.py::test_alpha_unblend_over[front_color25-back_color25] [32mPASSED[0m[32m [ 16%][0m
2025-02-24T05:28:15.8683401Z tests/colors/test_alpha_blending.py::test_alpha_unblend_over[front_color26-back_color26] [32mPASSED[0m[32m [ 16%][0m
2025-02-24T05:28:15.8700874Z tests/colors/test_alpha_blending.py::test_alpha_unblend_over[front_color27-back_color27] [32mPASSED[0m[32m [ 16%][0m
2025-02-24T05:28:15.8719367Z tests/colors/test_alpha_blending.py::test_alpha_unblend_over[front_color28-back_color28] [32mPASSED[0m[32m [ 17%][0m
2025-02-24T05:28:15.8736764Z tests/colors/test_alpha_blending.py::test_alpha_unblend_over[front_color29-back_color29] [32mPASSED[0m[32m [ 17%][0m
2025-02-24T05:28:15.8754784Z tests/colors/test_alpha_blending.py::test_alpha_unblend_over[front_color30-back_color30] [32mPASSED[0m[32m [ 17%][0m
2025-02-24T05:28:15.8773604Z tests/colors/test_alpha_blending.py::test_alpha_unblend_over[front_color31-back_color31] [32mPASSED[0m[32m [ 17%][0m
2025-02-24T05:28:15.8791258Z tests/colors/test_alpha_blending.py::test_alpha_unblend_over[front_color32-back_color32] [32mPASSED[0m[32m [ 17%][0m
2025-02-24T05:28:15.8807823Z tests/colors/test_alpha_blending.py::test_alpha_unblend_over[front_color33-back_color33] [32mPASSED[0m[32m [ 17%][0m
2025-02-24T05:28:15.8824938Z tests/colors/test_alpha_blending.py::test_alpha_unblend_over[front_color34-back_color34] [32mPASSED[0m[32m [ 17%][0m
2025-02-24T05:28:15.8841837Z tests/colors/test_alpha_blending.py::test_alpha_unblend_over[front_color35-back_color35] [32mPASSED[0m[32m [ 18%][0m
2025-02-24T05:28:15.8858523Z tests/colors/test_alpha_blending.py::test_alpha_unblend_over[front_color36-back_color36] [32mPASSED[0m[32m [ 18%][0m
2025-02-24T05:28:15.8874272Z tests/colors/test_alpha_blending.py::test_alpha_unblend_over[front_color37-back_color37] [32mPASSED[0m[32m [ 18%][0m
2025-02-24T05:28:15.8891965Z tests/colors/test_alpha_blending.py::test_alpha_unblend_over[front_color38-back_color38] [32mPASSED[0m[32m [ 18%][0m
2025-02-24T05:28:15.8908848Z tests/colors/test_alpha_blending.py::test_alpha_unblend_over[front_color39-back_color39] [32mPASSED[0m[32m [ 18%][0m
2025-02-24T05:28:15.8925866Z tests/colors/test_alpha_blending.py::test_alpha_unblend_over[front_color40-back_color40] [32mPASSED[0m[32m [ 18%][0m
2025-02-24T05:28:15.8943146Z tests/colors/test_alpha_blending.py::test_alpha_unblend_over[front_color41-back_color41] [32mPASSED[0m[32m [ 19%][0m
2025-02-24T05:28:15.8960401Z tests/colors/test_alpha_blending.py::test_alpha_unblend_over[front_color42-back_color42] [32mPASSED[0m[32m [ 19%][0m
2025-02-24T05:28:15.8978060Z tests/colors/test_alpha_blending.py::test_alpha_unblend_over[front_color43-back_color43] [32mPASSED[0m[32m [ 19%][0m
2025-02-24T05:28:15.8995115Z tests/colors/test_alpha_blending.py::test_alpha_unblend_over[front_color44-back_color44] [32mPASSED[0m[32m [ 19%][0m
2025-02-24T05:28:15.9012173Z tests/colors/test_alpha_blending.py::test_alpha_unblend_over[front_color45-back_color45] [32mPASSED[0m[32m [ 19%][0m
2025-02-24T05:28:15.9030076Z tests/colors/test_alpha_blending.py::test_alpha_unblend_over[front_color46-back_color46] [32mPASSED[0m[32m [ 19%][0m
2025-02-24T05:28:15.9046654Z tests/colors/test_alpha_blending.py::test_alpha_unblend_over[front_color47-back_color47] [32mPASSED[0m[32m [ 20%][0m
2025-02-24T05:28:15.9063484Z tests/colors/test_alpha_blending.py::test_alpha_unblend_over[front_color48-back_color48] [32mPASSED[0m[32m [ 20%][0m
2025-02-24T05:28:15.9080201Z tests/colors/test_alpha_blending.py::test_alpha_unblend_over[front_color49-back_color49] [32mPASSED[0m[32m [ 20%][0m
2025-02-24T05:28:15.9097404Z tests/colors/test_alpha_blending.py::test_alpha_unblend_over[front_color50-back_color50] [32mPASSED[0m[32m [ 20%][0m
2025-02-24T05:28:15.9114208Z tests/colors/test_alpha_blending.py::test_alpha_unblend_over[front_color51-back_color51] [32mPASSED[0m[32m [ 20%][0m
2025-02-24T05:28:15.9131439Z tests/colors/test_alpha_blending.py::test_alpha_unblend_over[front_color52-back_color52] [32mPASSED[0m[32m [ 20%][0m
2025-02-24T05:28:15.9148277Z tests/colors/test_alpha_blending.py::test_alpha_unblend_over[front_color53-back_color53] [32mPASSED[0m[32m [ 20%][0m
2025-02-24T05:28:15.9165635Z tests/colors/test_alpha_blending.py::test_alpha_unblend_over[front_color54-back_color54] [32mPASSED[0m[32m [ 21%][0m
2025-02-24T05:28:15.9182540Z tests/colors/test_alpha_blending.py::test_alpha_unblend_over[front_color55-back_color55] [32mPASSED[0m[32m [ 21%][0m
2025-02-24T05:28:15.9199169Z tests/colors/test_alpha_blending.py::test_alpha_unblend_over[front_color56-back_color56] [32mPASSED[0m[32m [ 21%][0m
2025-02-24T05:28:15.9215486Z tests/colors/test_alpha_blending.py::test_alpha_unblend_over[front_color57-back_color57] [32mPASSED[0m[32m [ 21%][0m
2025-02-24T05:28:15.9233175Z tests/colors/test_alpha_blending.py::test_alpha_unblend_over[front_color58-back_color58] [32mPASSED[0m[32m [ 21%][0m
2025-02-24T05:28:15.9250008Z tests/colors/test_alpha_blending.py::test_alpha_unblend_over[front_color59-back_color59] [32mPASSED[0m[32m [ 21%][0m
2025-02-24T05:28:15.9266779Z tests/colors/test_alpha_blending.py::test_alpha_unblend_over[front_color60-back_color60] [32mPASSED[0m[32m [ 22%][0m
2025-02-24T05:28:15.9283742Z tests/colors/test_alpha_blending.py::test_alpha_unblend_over[front_color61-back_color61] [32mPASSED[0m[32m [ 22%][0m
2025-02-24T05:28:15.9300843Z tests/colors/test_alpha_blending.py::test_alpha_unblend_over[front_color62-back_color62] [32mPASSED[0m[32m [ 22%][0m
2025-02-24T05:28:15.9317424Z tests/colors/test_alpha_blending.py::test_alpha_unblend_over[front_color63-back_color63] [32mPASSED[0m[32m [ 22%][0m
2025-02-24T05:28:15.9334879Z tests/colors/test_alpha_blending.py::test_alpha_unblend_over[front_color64-back_color64] [32mPASSED[0m[32m [ 22%][0m
2025-02-24T05:28:15.9354569Z tests/colors/test_alpha_blending.py::test_alpha_unblend_over[front_color65-back_color65] [32mPASSED[0m[32m [ 22%][0m
2025-02-24T05:28:15.9372625Z tests/colors/test_alpha_blending.py::test_alpha_unblend_over[front_color66-back_color66] [32mPASSED[0m[32m [ 22%][0m
2025-02-24T05:28:15.9388534Z tests/colors/test_alpha_blending.py::test_alpha_unblend_over[front_color67-back_color67] [32mPASSED[0m[32m [ 23%][0m
2025-02-24T05:28:15.9404685Z tests/colors/test_alpha_blending.py::test_alpha_unblend_over[front_color68-back_color68] [32mPASSED[0m[32m [ 23%][0m
2025-02-24T05:28:15.9421672Z tests/colors/test_alpha_blending.py::test_alpha_unblend_over[front_color69-back_color69] [32mPASSED[0m[32m [ 23%][0m
2025-02-24T05:28:15.9438327Z tests/colors/test_alpha_blending.py::test_alpha_unblend_over[front_color70-back_color70] [32mPASSED[0m[32m [ 23%][0m
2025-02-24T05:28:15.9454936Z tests/colors/test_alpha_blending.py::test_alpha_unblend_over[front_color71-back_color71] [32mPASSED[0m[32m [ 23%][0m
2025-02-24T05:28:15.9472475Z tests/colors/test_alpha_blending.py::test_alpha_unblend_over[front_color72-back_color72] [32mPASSED[0m[32m [ 23%][0m
2025-02-24T05:28:15.9489350Z tests/colors/test_alpha_blending.py::test_alpha_unblend_over[front_color73-back_color73] [32mPASSED[0m[32m [ 24%][0m
2025-02-24T05:28:15.9506219Z tests/colors/test_alpha_blending.py::test_alpha_unblend_over[front_color74-back_color74] [32mPASSED[0m[32m [ 24%][0m
2025-02-24T05:28:15.9523832Z tests/colors/test_alpha_blending.py::test_alpha_unblend_over[front_color75-back_color75] [32mPASSED[0m[32m [ 24%][0m
2025-02-24T05:28:15.9540403Z tests/colors/test_color_conversion.py::test_rgba_to_rgb[input_color0-expected_color0] [32mPASSED[0m[32m [ 24%][0m
2025-02-24T05:28:15.9555632Z tests/colors/test_color_conversion.py::test_rgba_to_rgb[input_color1-expected_color1] [32mPASSED[0m[32m [ 24%][0m
2025-02-24T05:28:15.9571116Z tests/colors/test_color_conversion.py::test_rgba_to_rgb[input_color2-expected_color2] [32mPASSED[0m[32m [ 24%][0m
2025-02-24T05:28:15.9586830Z tests/colors/test_color_conversion.py::test_rgba_to_rgb[input_color3-expected_color3] [32mPASSED[0m[32m [ 24%][0m
2025-02-24T05:28:15.9602522Z tests/colors/test_color_conversion.py::test_rgba_to_rgb[input_color4-expected_color4] [32mPASSED[0m[32m [ 25%][0m
2025-02-24T05:28:15.9617849Z tests/colors/test_color_conversion.py::test_rgba_to_rgb[input_color5-expected_color5] [32mPASSED[0m[32m [ 25%][0m
2025-02-24T05:28:15.9633943Z tests/colors/test_color_conversion.py::test_rgba_to_rgb[input_color6-expected_color6] [32mPASSED[0m[32m [ 25%][0m
2025-02-24T05:28:15.9649276Z tests/colors/test_color_conversion.py::test_rgba_to_rgb[input_color7-expected_color7] [32mPASSED[0m[32m [ 25%][0m
2025-02-24T05:28:15.9664507Z tests/colors/test_color_conversion.py::test_rgba_to_rgb[input_color8-expected_color8] [32mPASSED[0m[32m [ 25%][0m
2025-02-24T05:28:15.9681131Z tests/colors/test_color_conversion.py::test_rgba_to_rgb[input_color9-expected_color9] [32mPASSED[0m[32m [ 25%][0m
2025-02-24T05:28:15.9696608Z tests/colors/test_color_conversion.py::test_rgba_to_rgb[input_color10-expected_color10] [32mPASSED[0m[32m [ 26%][0m
2025-02-24T05:28:15.9712392Z tests/colors/test_color_conversion.py::test_rgba_to_rgb[input_color11-expected_color11] [32mPASSED[0m[32m [ 26%][0m
2025-02-24T05:28:15.9727693Z tests/colors/test_color_conversion.py::test_rgba_to_rgb[input_color12-expected_color12] [32mPASSED[0m[32m [ 26%][0m
2025-02-24T05:28:15.9743465Z tests/colors/test_color_conversion.py::test_rgba_to_rgb[input_color13-expected_color13] [32mPASSED[0m[32m [ 26%][0m
2025-02-24T05:28:15.9758983Z tests/colors/test_color_conversion.py::test_rgba_to_rgb[input_color14-expected_color14] [32mPASSED[0m[32m [ 26%][0m
2025-02-24T05:28:15.9778653Z tests/colors/test_color_conversion.py::test_rgba_to_rgb[input_color15-expected_color15] [32mPASSED[0m[32m [ 26%][0m
2025-02-24T05:28:15.9795538Z tests/colors/test_color_conversion.py::test_rgba_to_hsla[input_color0-expected_color0] [32mPASSED[0m[32m [ 26%][0m
2025-02-24T05:28:15.9812105Z tests/colors/test_color_conversion.py::test_rgba_to_hsla[input_color1-expected_color1] [32mPASSED[0m[32m [ 27%][0m
2025-02-24T05:28:15.9828414Z tests/colors/test_color_conversion.py::test_rgba_to_hsla[input_color2-expected_color2] [32mPASSED[0m[32m [ 27%][0m
2025-02-24T05:28:15.9844058Z tests/colors/test_color_conversion.py::test_rgba_to_hsla[input_color3-expected_color3] [32mPASSED[0m[32m [ 27%][0m
2025-02-24T05:28:15.9860650Z tests/colors/test_color_conversion.py::test_rgba_to_hsla[input_color4-expected_color4] [32mPASSED[0m[32m [ 27%][0m
2025-02-24T05:28:15.9877080Z tests/colors/test_color_conversion.py::test_rgba_to_hsla[input_color5-expected_color5] [32mPASSED[0m[32m [ 27%][0m
2025-02-24T05:28:15.9893482Z tests/colors/test_color_conversion.py::test_rgba_to_hsla[input_color6-expected_color6] [32mPASSED[0m[32m [ 27%][0m
2025-02-24T05:28:15.9910238Z tests/colors/test_color_conversion.py::test_rgba_to_hsla[input_color7-expected_color7] [32mPASSED[0m[32m [ 28%][0m
2025-02-24T05:28:15.9926960Z tests/colors/test_color_conversion.py::test_rgba_to_hsla[input_color8-expected_color8] [32mPASSED[0m[32m [ 28%][0m
2025-02-24T05:28:15.9944271Z tests/colors/test_color_conversion.py::test_rgba_to_hsla[input_color9-expected_color9] [32mPASSED[0m[32m [ 28%][0m
2025-02-24T05:28:15.9960223Z tests/colors/test_color_conversion.py::test_rgba_to_hsla[input_color10-expected_color10] [32mPASSED[0m[32m [ 28%][0m
2025-02-24T05:28:15.9975814Z tests/colors/test_color_conversion.py::test_rgba_to_hsla[input_color11-expected_color11] [32mPASSED[0m[32m [ 28%][0m
2025-02-24T05:28:15.9992498Z tests/colors/test_color_conversion.py::test_rgba_to_hsla[input_color12-expected_color12] [32mPASSED[0m[32m [ 28%][0m
2025-02-24T05:28:16.0008607Z tests/colors/test_color_conversion.py::test_rgba_to_hsla[input_color13-expected_color13] [32mPASSED[0m[32m [ 28%][0m
2025-02-24T05:28:16.0024454Z tests/colors/test_color_conversion.py::test_rgba_to_hsla[input_color14-expected_color14] [32mPASSED[0m[32m [ 29%][0m
2025-02-24T05:28:16.0040123Z tests/colors/test_color_conversion.py::test_rgba_to_hsla[input_color15-expected_color15] [32mPASSED[0m[32m [ 29%][0m
2025-02-24T05:28:16.0057068Z tests/colors/test_color_conversion.py::test_rgba_to_hsl[input_color0-expected_color0] [32mPASSED[0m[32m [ 29%][0m
2025-02-24T05:28:16.0073112Z tests/colors/test_color_conversion.py::test_rgba_to_hsl[input_color1-expected_color1] [32mPASSED[0m[32m [ 29%][0m
2025-02-24T05:28:16.0088921Z tests/colors/test_color_conversion.py::test_rgba_to_hsl[input_color2-expected_color2] [32mPASSED[0m[32m [ 29%][0m
2025-02-24T05:28:16.0104163Z tests/colors/test_color_conversion.py::test_rgba_to_hsl[input_color3-expected_color3] [32mPASSED[0m[32m [ 29%][0m
2025-02-24T05:28:16.0120653Z tests/colors/test_color_conversion.py::test_rgba_to_hsl[input_color4-expected_color4] [32mPASSED[0m[32m [ 30%][0m
2025-02-24T05:28:16.0136334Z tests/colors/test_color_conversion.py::test_rgba_to_hsl[input_color5-expected_color5] [32mPASSED[0m[32m [ 30%][0m
2025-02-24T05:28:16.0152134Z tests/colors/test_color_conversion.py::test_rgba_to_hsl[input_color6-expected_color6] [32mPASSED[0m[32m [ 30%][0m
2025-02-24T05:28:16.0167701Z tests/colors/test_color_conversion.py::test_rgba_to_hsl[input_color7-expected_color7] [32mPASSED[0m[32m [ 30%][0m
2025-02-24T05:28:16.0184184Z tests/colors/test_color_conversion.py::test_rgba_to_hsl[input_color8-expected_color8] [32mPASSED[0m[32m [ 30%][0m
2025-02-24T05:28:16.0200322Z tests/colors/test_color_conversion.py::test_rgba_to_hsl[input_color9-expected_color9] [32mPASSED[0m[32m [ 30%][0m
2025-02-24T05:28:16.0216263Z tests/colors/test_color_conversion.py::test_rgba_to_hsl[input_color10-expected_color10] [32mPASSED[0m[32m [ 31%][0m
2025-02-24T05:28:16.0232805Z tests/colors/test_color_conversion.py::test_rgba_to_hsl[input_color11-expected_color11] [32mPASSED[0m[32m [ 31%][0m
2025-02-24T05:28:16.0249190Z tests/colors/test_color_conversion.py::test_rgba_to_hsl[input_color12-expected_color12] [32mPASSED[0m[32m [ 31%][0m
2025-02-24T05:28:16.0264782Z tests/colors/test_color_conversion.py::test_rgba_to_hsl[input_color13-expected_color13] [32mPASSED[0m[32m [ 31%][0m
2025-02-24T05:28:16.0280723Z tests/colors/test_color_conversion.py::test_rgba_to_hsl[input_color14-expected_color14] [32mPASSED[0m[32m [ 31%][0m
2025-02-24T05:28:16.0295886Z tests/colors/test_color_conversion.py::test_rgba_to_hsl[input_color15-expected_color15] [32mPASSED[0m[32m [ 31%][0m
2025-02-24T05:28:16.0312403Z tests/colors/test_color_conversion.py::test_rgb_to_rgba[input_color0-expected_color0] [32mPASSED[0m[32m [ 31%][0m
2025-02-24T05:28:16.0328675Z tests/colors/test_color_conversion.py::test_rgb_to_rgba[input_color1-expected_color1] [32mPASSED[0m[32m [ 32%][0m
2025-02-24T05:28:16.0343910Z tests/colors/test_color_conversion.py::test_rgb_to_rgba[input_color2-expected_color2] [32mPASSED[0m[32m [ 32%][0m
2025-02-24T05:28:16.0360413Z tests/colors/test_color_conversion.py::test_rgb_to_rgba[input_color3-expected_color3] [32mPASSED[0m[32m [ 32%][0m
2025-02-24T05:28:16.0376179Z tests/colors/test_color_conversion.py::test_rgb_to_rgba[input_color4-expected_color4] [32mPASSED[0m[32m [ 32%][0m
2025-02-24T05:28:16.0391969Z tests/colors/test_color_conversion.py::test_rgb_to_rgba[input_color5-expected_color5] [32mPASSED[0m[32m [ 32%][0m
2025-02-24T05:28:16.0407526Z tests/colors/test_color_conversion.py::test_rgb_to_rgba[input_color6-expected_color6] [32mPASSED[0m[32m [ 32%][0m
2025-02-24T05:28:16.0423919Z tests/colors/test_color_conversion.py::test_rgb_to_rgba[input_color7-expected_color7] [32mPASSED[0m[32m [ 33%][0m
2025-02-24T05:28:16.0440067Z tests/colors/test_color_conversion.py::test_rgb_to_rgba[input_color8-expected_color8] [32mPASSED[0m[32m [ 33%][0m
2025-02-24T05:28:16.0455971Z tests/colors/test_color_conversion.py::test_rgb_to_rgba[input_color9-expected_color9] [32mPASSED[0m[32m [ 33%][0m
2025-02-24T05:28:16.0471894Z tests/colors/test_color_conversion.py::test_rgb_to_rgba[input_color10-expected_color10] [32mPASSED[0m[32m [ 33%][0m
2025-02-24T05:28:16.0487468Z tests/colors/test_color_conversion.py::test_rgb_to_rgba[input_color11-expected_color11] [32mPASSED[0m[32m [ 33%][0m
2025-02-24T05:28:16.0503378Z tests/colors/test_color_conversion.py::test_rgb_to_hsla[input_color0-expected_color0] [32mPASSED[0m[32m [ 33%][0m
2025-02-24T05:28:16.0519858Z tests/colors/test_color_conversion.py::test_rgb_to_hsla[input_color1-expected_color1] [32mPASSED[0m[32m [ 33%][0m
2025-02-24T05:28:16.0537245Z tests/colors/test_color_conversion.py::test_rgb_to_hsla[input_color2-expected_color2] [32mPASSED[0m[32m [ 34%][0m
2025-02-24T05:28:16.0553715Z tests/colors/test_color_conversion.py::test_rgb_to_hsla[input_color3-expected_color3] [32mPASSED[0m[32m [ 34%][0m
2025-02-24T05:28:16.0570312Z tests/colors/test_color_conversion.py::test_rgb_to_hsla[input_color4-expected_color4] [32mPASSED[0m[32m [ 34%][0m
2025-02-24T05:28:16.0586742Z tests/colors/test_color_conversion.py::test_rgb_to_hsla[input_color5-expected_color5] [32mPASSED[0m[32m [ 34%][0m
2025-02-24T05:28:16.0603462Z tests/colors/test_color_conversion.py::test_rgb_to_hsla[input_color6-expected_color6] [32mPASSED[0m[32m [ 34%][0m
2025-02-24T05:28:16.0620451Z tests/colors/test_color_conversion.py::test_rgb_to_hsla[input_color7-expected_color7] [32mPASSED[0m[32m [ 34%][0m
2025-02-24T05:28:16.0637049Z tests/colors/test_color_conversion.py::test_rgb_to_hsla[input_color8-expected_color8] [32mPASSED[0m[32m [ 35%][0m
2025-02-24T05:28:16.0654139Z tests/colors/test_color_conversion.py::test_rgb_to_hsla[input_color9-expected_color9] [32mPASSED[0m[32m [ 35%][0m
2025-02-24T05:28:16.0670056Z tests/colors/test_color_conversion.py::test_rgb_to_hsla[input_color10-expected_color10] [32mPASSED[0m[32m [ 35%][0m
2025-02-24T05:28:16.0686520Z tests/colors/test_color_conversion.py::test_rgb_to_hsla[input_color11-expected_color11] [32mPASSED[0m[32m [ 35%][0m
2025-02-24T05:28:16.0702173Z tests/colors/test_color_conversion.py::test_rgb_to_hsl[input_color0-expected_color0] [32mPASSED[0m[32m [ 35%][0m
2025-02-24T05:28:16.0718890Z tests/colors/test_color_conversion.py::test_rgb_to_hsl[input_color1-expected_color1] [32mPASSED[0m[32m [ 35%][0m
2025-02-24T05:28:16.0734765Z tests/colors/test_color_conversion.py::test_rgb_to_hsl[input_color2-expected_color2] [32mPASSED[0m[32m [ 35%][0m
2025-02-24T05:28:16.0750574Z tests/colors/test_color_conversion.py::test_rgb_to_hsl[input_color3-expected_color3] [32mPASSED[0m[32m [ 36%][0m
2025-02-24T05:28:16.0766219Z tests/colors/test_color_conversion.py::test_rgb_to_hsl[input_color4-expected_color4] [32mPASSED[0m[32m [ 36%][0m
2025-02-24T05:28:16.0782315Z tests/colors/test_color_conversion.py::test_rgb_to_hsl[input_color5-expected_color5] [32mPASSED[0m[32m [ 36%][0m
2025-02-24T05:28:16.0797617Z tests/colors/test_color_conversion.py::test_rgb_to_hsl[input_color6-expected_color6] [32mPASSED[0m[32m [ 36%][0m
2025-02-24T05:28:16.0813506Z tests/colors/test_color_conversion.py::test_rgb_to_hsl[input_color7-expected_color7] [32mPASSED[0m[32m [ 36%][0m
2025-02-24T05:28:16.0829209Z tests/colors/test_color_conversion.py::test_rgb_to_hsl[input_color8-expected_color8] [32mPASSED[0m[32m [ 36%][0m
2025-02-24T05:28:16.0845136Z tests/colors/test_color_conversion.py::test_rgb_to_hsl[input_color9-expected_color9] [32mPASSED[0m[32m [ 37%][0m
2025-02-24T05:28:16.0860922Z tests/colors/test_color_conversion.py::test_rgb_to_hsl[input_color10-expected_color10] [32mPASSED[0m[32m [ 37%][0m
2025-02-24T05:28:16.0877313Z tests/colors/test_color_conversion.py::test_rgb_to_hsl[input_color11-expected_color11] [32mPASSED[0m[32m [ 37%][0m
2025-02-24T05:28:16.0893154Z tests/colors/test_color_conversion.py::test_hsla_to_hsl[input_color0-expected_color0] [32mPASSED[0m[32m [ 37%][0m
2025-02-24T05:28:16.0908696Z tests/colors/test_color_conversion.py::test_hsla_to_hsl[input_color1-expected_color1] [32mPASSED[0m[32m [ 37%][0m
2025-02-24T05:28:16.0924629Z tests/colors/test_color_conversion.py::test_hsla_to_hsl[input_color2-expected_color2] [32mPASSED[0m[32m [ 37%][0m
2025-02-24T05:28:16.0940050Z tests/colors/test_color_conversion.py::test_hsla_to_hsl[input_color3-expected_color3] [32mPASSED[0m[32m [ 37%][0m
2025-02-24T05:28:16.0955320Z tests/colors/test_color_conversion.py::test_hsla_to_hsl[input_color4-expected_color4] [32mPASSED[0m[32m [ 38%][0m
2025-02-24T05:28:16.0970761Z tests/colors/test_color_conversion.py::test_hsla_to_hsl[input_color5-expected_color5] [32mPASSED[0m[32m [ 38%][0m
2025-02-24T05:28:16.0986187Z tests/colors/test_color_conversion.py::test_hsla_to_hsl[input_color6-expected_color6] [32mPASSED[0m[32m [ 38%][0m
2025-02-24T05:28:16.1001738Z tests/colors/test_color_conversion.py::test_hsla_to_hsl[input_color7-expected_color7] [32mPASSED[0m[32m [ 38%][0m
2025-02-24T05:28:16.1016893Z tests/colors/test_color_conversion.py::test_hsla_to_hsl[input_color8-expected_color8] [32mPASSED[0m[32m [ 38%][0m
2025-02-24T05:28:16.1032194Z tests/colors/test_color_conversion.py::test_hsla_to_hsl[input_color9-expected_color9] [32mPASSED[0m[32m [ 38%][0m
2025-02-24T05:28:16.1048551Z tests/colors/test_color_conversion.py::test_hsla_to_hsl[input_color10-expected_color10] [32mPASSED[0m[32m [ 39%][0m
2025-02-24T05:28:16.1064145Z tests/colors/test_color_conversion.py::test_hsla_to_hsl[input_color11-expected_color11] [32mPASSED[0m[32m [ 39%][0m
2025-02-24T05:28:16.1080245Z tests/colors/test_color_conversion.py::test_hsla_to_hsl[input_color12-expected_color12] [32mPASSED[0m[32m [ 39%][0m
2025-02-24T05:28:16.1094652Z tests/colors/test_color_conversion.py::test_hsla_to_hsl[input_color13-expected_color13] [32mPASSED[0m[32m [ 39%][0m
2025-02-24T05:28:16.1110245Z tests/colors/test_color_conversion.py::test_hsla_to_hsl[input_color14-expected_color14] [32mPASSED[0m[32m [ 39%][0m
2025-02-24T05:28:16.1125397Z tests/colors/test_color_conversion.py::test_hsla_to_hsl[input_color15-expected_color15] [32mPASSED[0m[32m [ 39%][0m
2025-02-24T05:28:16.1141405Z tests/colors/test_color_conversion.py::test_hsla_to_rgba[input_color0-expected_color0] [32mPASSED[0m[32m [ 40%][0m
2025-02-24T05:28:16.1157142Z tests/colors/test_color_conversion.py::test_hsla_to_rgba[input_color1-expected_color1] [32mPASSED[0m[32m [ 40%][0m
2025-02-24T05:28:16.1173021Z tests/colors/test_color_conversion.py::test_hsla_to_rgba[input_color2-expected_color2] [32mPASSED[0m[32m [ 40%][0m
2025-02-24T05:28:16.1188951Z tests/colors/test_color_conversion.py::test_hsla_to_rgba[input_color3-expected_color3] [32mPASSED[0m[32m [ 40%][0m
2025-02-24T05:28:16.1204701Z tests/colors/test_color_conversion.py::test_hsla_to_rgba[input_color4-expected_color4] [32mPASSED[0m[32m [ 40%][0m
2025-02-24T05:28:16.1222257Z tests/colors/test_color_conversion.py::test_hsla_to_rgba[input_color5-expected_color5] [32mPASSED[0m[32m [ 40%][0m
2025-02-24T05:28:16.1238057Z tests/colors/test_color_conversion.py::test_hsla_to_rgba[input_color6-expected_color6] [32mPASSED[0m[32m [ 40%][0m
2025-02-24T05:28:16.1253934Z tests/colors/test_color_conversion.py::test_hsla_to_rgba[input_color7-expected_color7] [32mPASSED[0m[32m [ 41%][0m
2025-02-24T05:28:16.1269826Z tests/colors/test_color_conversion.py::test_hsla_to_rgba[input_color8-expected_color8] [32mPASSED[0m[32m [ 41%][0m
2025-02-24T05:28:16.1285540Z tests/colors/test_color_conversion.py::test_hsla_to_rgba[input_color9-expected_color9] [32mPASSED[0m[32m [ 41%][0m
2025-02-24T05:28:16.1301352Z tests/colors/test_color_conversion.py::test_hsla_to_rgba[input_color10-expected_color10] [32mPASSED[0m[32m [ 41%][0m
2025-02-24T05:28:16.1317079Z tests/colors/test_color_conversion.py::test_hsla_to_rgba[input_color11-expected_color11] [32mPASSED[0m[32m [ 41%][0m
2025-02-24T05:28:16.1333008Z tests/colors/test_color_conversion.py::test_hsla_to_rgba[input_color12-expected_color12] [32mPASSED[0m[32m [ 41%][0m
2025-02-24T05:28:16.1349927Z tests/colors/test_color_conversion.py::test_hsla_to_rgba[input_color13-expected_color13] [32mPASSED[0m[32m [ 42%][0m
2025-02-24T05:28:16.1366181Z tests/colors/test_color_conversion.py::test_hsla_to_rgba[input_color14-expected_color14] [32mPASSED[0m[32m [ 42%][0m
2025-02-24T05:28:16.1382259Z tests/colors/test_color_conversion.py::test_hsla_to_rgba[input_color15-expected_color15] [32mPASSED[0m[32m [ 42%][0m
2025-02-24T05:28:16.1397636Z tests/colors/test_color_conversion.py::test_hsla_to_rgb[input_color0-expected_color0] [32mPASSED[0m[32m [ 42%][0m
2025-02-24T05:28:16.1413494Z tests/colors/test_color_conversion.py::test_hsla_to_rgb[input_color1-expected_color1] [32mPASSED[0m[32m [ 42%][0m
2025-02-24T05:28:16.1429131Z tests/colors/test_color_conversion.py::test_hsla_to_rgb[input_color2-expected_color2] [32mPASSED[0m[32m [ 42%][0m
2025-02-24T05:28:16.1444588Z tests/colors/test_color_conversion.py::test_hsla_to_rgb[input_color3-expected_color3] [32mPASSED[0m[32m [ 42%][0m
2025-02-24T05:28:16.1461182Z tests/colors/test_color_conversion.py::test_hsla_to_rgb[input_color4-expected_color4] [32mPASSED[0m[32m [ 43%][0m
2025-02-24T05:28:16.1477020Z tests/colors/test_color_conversion.py::test_hsla_to_rgb[input_color5-expected_color5] [32mPASSED[0m[32m [ 43%][0m
2025-02-24T05:28:16.1493095Z tests/colors/test_color_conversion.py::test_hsla_to_rgb[input_color6-expected_color6] [32mPASSED[0m[32m [ 43%][0m
2025-02-24T05:28:16.1508905Z tests/colors/test_color_conversion.py::test_hsla_to_rgb[input_color7-expected_color7] [32mPASSED[0m[32m [ 43%][0m
2025-02-24T05:28:16.1524187Z tests/colors/test_color_conversion.py::test_hsla_to_rgb[input_color8-expected_color8] [32mPASSED[0m[32m [ 43%][0m
2025-02-24T05:28:16.1539801Z tests/colors/test_color_conversion.py::test_hsla_to_rgb[input_color9-expected_color9] [32mPASSED[0m[32m [ 43%][0m
2025-02-24T05:28:16.1555379Z tests/colors/test_color_conversion.py::test_hsla_to_rgb[input_color10-expected_color10] [32mPASSED[0m[32m [ 44%][0m
2025-02-24T05:28:16.1571254Z tests/colors/test_color_conversion.py::test_hsla_to_rgb[input_color11-expected_color11] [32mPASSED[0m[32m [ 44%][0m
2025-02-24T05:28:16.1586682Z tests/colors/test_color_conversion.py::test_hsla_to_rgb[input_color12-expected_color12] [32mPASSED[0m[32m [ 44%][0m
2025-02-24T05:28:16.1602501Z tests/colors/test_color_conversion.py::test_hsla_to_rgb[input_color13-expected_color13] [32mPASSED[0m[32m [ 44%][0m
2025-02-24T05:28:16.1617903Z tests/colors/test_color_conversion.py::test_hsla_to_rgb[input_color14-expected_color14] [32mPASSED[0m[32m [ 44%][0m
2025-02-24T05:28:16.1633825Z tests/colors/test_color_conversion.py::test_hsla_to_rgb[input_color15-expected_color15] [32mPASSED[0m[32m [ 44%][0m
2025-02-24T05:28:16.1650884Z tests/colors/test_color_conversion.py::test_hsl_to_hsla[input_color0-expected_color0] [32mPASSED[0m[32m [ 44%][0m
2025-02-24T05:28:16.1666824Z tests/colors/test_color_conversion.py::test_hsl_to_hsla[input_color1-expected_color1] [32mPASSED[0m[32m [ 45%][0m
2025-02-24T05:28:16.1682833Z tests/colors/test_color_conversion.py::test_hsl_to_hsla[input_color2-expected_color2] [32mPASSED[0m[32m [ 45%][0m
2025-02-24T05:28:16.1698489Z tests/colors/test_color_conversion.py::test_hsl_to_hsla[input_color3-expected_color3] [32mPASSED[0m[32m [ 45%][0m
2025-02-24T05:28:16.1714069Z tests/colors/test_color_conversion.py::test_hsl_to_hsla[input_color4-expected_color4] [32mPASSED[0m[32m [ 45%][0m
2025-02-24T05:28:16.1729517Z tests/colors/test_color_conversion.py::test_hsl_to_hsla[input_color5-expected_color5] [32mPASSED[0m[32m [ 45%][0m
2025-02-24T05:28:16.1744668Z tests/colors/test_color_conversion.py::test_hsl_to_hsla[input_color6-expected_color6] [32mPASSED[0m[32m [ 45%][0m
2025-02-24T05:28:16.1760433Z tests/colors/test_color_conversion.py::test_hsl_to_hsla[input_color7-expected_color7] [32mPASSED[0m[32m [ 46%][0m
2025-02-24T05:28:16.1776863Z tests/colors/test_color_conversion.py::test_hsl_to_hsla[input_color8-expected_color8] [32mPASSED[0m[32m [ 46%][0m
2025-02-24T05:28:16.1792805Z tests/colors/test_color_conversion.py::test_hsl_to_hsla[input_color9-expected_color9] [32mPASSED[0m[32m [ 46%][0m
2025-02-24T05:28:16.1808652Z tests/colors/test_color_conversion.py::test_hsl_to_hsla[input_color10-expected_color10] [32mPASSED[0m[32m [ 46%][0m
2025-02-24T05:28:16.1824251Z tests/colors/test_color_conversion.py::test_hsl_to_hsla[input_color11-expected_color11] [32mPASSED[0m[32m [ 46%][0m
2025-02-24T05:28:16.1840196Z tests/colors/test_color_conversion.py::test_hsl_to_rgba[input_color0-expected_color0] [32mPASSED[0m[32m [ 46%][0m
2025-02-24T05:28:16.1856107Z tests/colors/test_color_conversion.py::test_hsl_to_rgba[input_color1-expected_color1] [32mPASSED[0m[32m [ 46%][0m
2025-02-24T05:28:16.1871935Z tests/colors/test_color_conversion.py::test_hsl_to_rgba[input_color2-expected_color2] [32mPASSED[0m[32m [ 47%][0m
2025-02-24T05:28:16.1888345Z tests/colors/test_color_conversion.py::test_hsl_to_rgba[input_color3-expected_color3] [32mPASSED[0m[32m [ 47%][0m
2025-02-24T05:28:16.1905953Z tests/colors/test_color_conversion.py::test_hsl_to_rgba[input_color4-expected_color4] [32mPASSED[0m[32m [ 47%][0m
2025-02-24T05:28:16.1922485Z tests/colors/test_color_conversion.py::test_hsl_to_rgba[input_color5-expected_color5] [32mPASSED[0m[32m [ 47%][0m
2025-02-24T05:28:16.1939039Z tests/colors/test_color_conversion.py::test_hsl_to_rgba[input_color6-expected_color6] [32mPASSED[0m[32m [ 47%][0m
2025-02-24T05:28:16.1955839Z tests/colors/test_color_conversion.py::test_hsl_to_rgba[input_color7-expected_color7] [32mPASSED[0m[32m [ 47%][0m
2025-02-24T05:28:16.1972595Z tests/colors/test_color_conversion.py::test_hsl_to_rgba[input_color8-expected_color8] [32mPASSED[0m[32m [ 48%][0m
2025-02-24T05:28:16.1988985Z tests/colors/test_color_conversion.py::test_hsl_to_rgba[input_color9-expected_color9] [32mPASSED[0m[32m [ 48%][0m
2025-02-24T05:28:16.2004970Z tests/colors/test_color_conversion.py::test_hsl_to_rgba[input_color10-expected_color10] [32mPASSED[0m[32m [ 48%][0m
2025-02-24T05:28:16.2020868Z tests/colors/test_color_conversion.py::test_hsl_to_rgba[input_color11-expected_color11] [32mPASSED[0m[32m [ 48%][0m
2025-02-24T05:28:16.2036524Z tests/colors/test_color_conversion.py::test_hsl_to_rgb[input_color0-expected_color0] [32mPASSED[0m[32m [ 48%][0m
2025-02-24T05:28:16.2052722Z tests/colors/test_color_conversion.py::test_hsl_to_rgb[input_color1-expected_color1] [32mPASSED[0m[32m [ 48%][0m
2025-02-24T05:28:16.2068647Z tests/colors/test_color_conversion.py::test_hsl_to_rgb[input_color2-expected_color2] [32mPASSED[0m[32m [ 48%][0m
2025-02-24T05:28:16.2084377Z tests/colors/test_color_conversion.py::test_hsl_to_rgb[input_color3-expected_color3] [32mPASSED[0m[32m [ 49%][0m
2025-02-24T05:28:16.2101148Z tests/colors/test_color_conversion.py::test_hsl_to_rgb[input_color4-expected_color4] [32mPASSED[0m[32m [ 49%][0m
2025-02-24T05:28:16.2116464Z tests/colors/test_color_conversion.py::test_hsl_to_rgb[input_color5-expected_color5] [32mPASSED[0m[32m [ 49%][0m
2025-02-24T05:28:16.2132385Z tests/colors/test_color_conversion.py::test_hsl_to_rgb[input_color6-expected_color6] [32mPASSED[0m[32m [ 49%][0m
2025-02-24T05:28:16.2149554Z tests/colors/test_color_conversion.py::test_hsl_to_rgb[input_color7-expected_color7] [32mPASSED[0m[32m [ 49%][0m
2025-02-24T05:28:16.2165124Z tests/colors/test_color_conversion.py::test_hsl_to_rgb[input_color8-expected_color8] [32mPASSED[0m[32m [ 49%][0m
2025-02-24T05:28:16.2181038Z tests/colors/test_color_conversion.py::test_hsl_to_rgb[input_color9-expected_color9] [32mPASSED[0m[32m [ 50%][0m
2025-02-24T05:28:16.2196429Z tests/colors/test_color_conversion.py::test_hsl_to_rgb[input_color10-expected_color10] [32mPASSED[0m[32m [ 50%][0m
2025-02-24T05:28:16.2213872Z tests/colors/test_color_conversion.py::test_hsl_to_rgb[input_color11-expected_color11] [32mPASSED[0m[32m [ 50%][0m
2025-02-24T05:28:16.2229111Z tests/colors/test_constructor.py::test_repr[rgb-value0-rgb(10, 20, 30)] [32mPASSED[0m[32m [ 50%][0m
2025-02-24T05:28:16.2244537Z tests/colors/test_constructor.py::test_repr[rgba-value1-rgba(10, 20, 30, 0.5)] [32mPASSED[0m[32m [ 50%][0m
2025-02-24T05:28:16.2259920Z tests/colors/test_constructor.py::test_repr[hsl-value2-hsl(10, 0.2, 0.3)] [32mPASSED[0m[32m [ 50%][0m
2025-02-24T05:28:16.2275853Z tests/colors/test_constructor.py::test_repr[hsla-value3-hsla(10, 0.2, 0.3, 0.5)] [32mPASSED[0m[32m [ 51%][0m
2025-02-24T05:28:16.2289495Z tests/colors/test_constructor.py::test_rgb_hash [32mPASSED[0m[32m                   [ 51%][0m
2025-02-24T05:28:16.2302704Z tests/colors/test_constructor.py::test_rgba_hash [32mPASSED[0m[32m                  [ 51%][0m
2025-02-24T05:28:16.2315485Z tests/colors/test_constructor.py::test_hsl_hash [32mPASSED[0m[32m                   [ 51%][0m
2025-02-24T05:28:16.2329124Z tests/colors/test_constructor.py::test_hsla_hash [32mPASSED[0m[32m                  [ 51%][0m
2025-02-24T05:28:16.2344518Z tests/colors/test_constructor.py::test_hsl[value0-expected0] [32mPASSED[0m[32m      [ 51%][0m
2025-02-24T05:28:16.2360467Z tests/colors/test_constructor.py::test_hsl[value1-expected1] [32mPASSED[0m[32m      [ 51%][0m
2025-02-24T05:28:16.2375802Z tests/colors/test_constructor.py::test_hsl[value2-expected2] [32mPASSED[0m[32m      [ 52%][0m
2025-02-24T05:28:16.2391839Z tests/colors/test_constructor.py::test_hsl[value3-expected3] [32mPASSED[0m[32m      [ 52%][0m
2025-02-24T05:28:16.2407782Z tests/colors/test_constructor.py::test_hsl[value4-expected4] [32mPASSED[0m[32m      [ 52%][0m
2025-02-24T05:28:16.2423657Z tests/colors/test_constructor.py::test_hsl[value5-expected5] [32mPASSED[0m[32m      [ 52%][0m
2025-02-24T05:28:16.2439127Z tests/colors/test_constructor.py::test_hsl[value6-expected6] [32mPASSED[0m[32m      [ 52%][0m
2025-02-24T05:28:16.2454745Z tests/colors/test_constructor.py::test_hsl[value7-expected7] [32mPASSED[0m[32m      [ 52%][0m
2025-02-24T05:28:16.2471335Z tests/colors/test_constructor.py::test_hsl[value8-expected8] [32mPASSED[0m[32m      [ 53%][0m
2025-02-24T05:28:16.2486666Z tests/colors/test_constructor.py::test_hsl[value9-expected9] [32mPASSED[0m[32m      [ 53%][0m
2025-02-24T05:28:16.2502429Z tests/colors/test_constructor.py::test_hsl[value10-expected10] [32mPASSED[0m[32m    [ 53%][0m
2025-02-24T05:28:16.2517734Z tests/colors/test_constructor.py::test_hsl[value11-expected11] [32mPASSED[0m[32m    [ 53%][0m
2025-02-24T05:28:16.2533986Z tests/colors/test_constructor.py::test_hsl[value12-expected12] [32mPASSED[0m[32m    [ 53%][0m
2025-02-24T05:28:16.2549466Z tests/colors/test_constructor.py::test_hsl[value13-expected13] [32mPASSED[0m[32m    [ 53%][0m
2025-02-24T05:28:16.2564688Z tests/colors/test_constructor.py::test_hsl[value14-expected14] [32mPASSED[0m[32m    [ 53%][0m
2025-02-24T05:28:16.2580526Z tests/colors/test_constructor.py::test_hsl[value15-expected15] [32mPASSED[0m[32m    [ 54%][0m
2025-02-24T05:28:16.2596536Z tests/colors/test_constructor.py::test_hsl[value16-expected16] [32mPASSED[0m[32m    [ 54%][0m
2025-02-24T05:28:16.2613154Z tests/colors/test_constructor.py::test_hsl[value17-expected17] [32mPASSED[0m[32m    [ 54%][0m
2025-02-24T05:28:16.2628503Z tests/colors/test_constructor.py::test_hsl[value18-expected18] [32mPASSED[0m[32m    [ 54%][0m
2025-02-24T05:28:16.2643770Z tests/colors/test_constructor.py::test_hsl[value19-expected19] [32mPASSED[0m[32m    [ 54%][0m
2025-02-24T05:28:16.2659298Z tests/colors/test_constructor.py::test_hsl[value20-expected20] [32mPASSED[0m[32m    [ 54%][0m
2025-02-24T05:28:16.2674225Z tests/colors/test_constructor.py::test_hsl[value21-expected21] [32mPASSED[0m[32m    [ 55%][0m
2025-02-24T05:28:16.2690227Z tests/colors/test_constructor.py::test_hsl[value22-expected22] [32mPASSED[0m[32m    [ 55%][0m
2025-02-24T05:28:16.2706192Z tests/colors/test_constructor.py::test_hsl[value23-expected23] [32mPASSED[0m[32m    [ 55%][0m
2025-02-24T05:28:16.2721925Z tests/colors/test_constructor.py::test_hsl[value24-expected24] [32mPASSED[0m[32m    [ 55%][0m
2025-02-24T05:28:16.2737333Z tests/colors/test_constructor.py::test_hsl[value25-expected25] [32mPASSED[0m[32m    [ 55%][0m
2025-02-24T05:28:16.2753080Z tests/colors/test_constructor.py::test_hsl[value26-expected26] [32mPASSED[0m[32m    [ 55%][0m
2025-02-24T05:28:16.2768600Z tests/colors/test_constructor.py::test_hsl[value27-expected27] [32mPASSED[0m[32m    [ 55%][0m
2025-02-24T05:28:16.2784021Z tests/colors/test_constructor.py::test_hsl[value28-expected28] [32mPASSED[0m[32m    [ 56%][0m
2025-02-24T05:28:16.2799346Z tests/colors/test_constructor.py::test_hsl[value29-expected29] [32mPASSED[0m[32m    [ 56%][0m
2025-02-24T05:28:16.2814463Z tests/colors/test_constructor.py::test_hsl[value30-expected30] [32mPASSED[0m[32m    [ 56%][0m
2025-02-24T05:28:16.2829930Z tests/colors/test_constructor.py::test_hsl[value31-expected31] [32mPASSED[0m[32m    [ 56%][0m
2025-02-24T05:28:16.2844988Z tests/colors/test_constructor.py::test_hsl[value32-expected32] [32mPASSED[0m[32m    [ 56%][0m
2025-02-24T05:28:16.2860886Z tests/colors/test_constructor.py::test_hsl[value33-expected33] [32mPASSED[0m[32m    [ 56%][0m
2025-02-24T05:28:16.2876778Z tests/colors/test_constructor.py::test_hsl[value34-expected34] [32mPASSED[0m[32m    [ 57%][0m
2025-02-24T05:28:16.2892501Z tests/colors/test_constructor.py::test_hsl[value35-expected35] [32mPASSED[0m[32m    [ 57%][0m
2025-02-24T05:28:16.2907573Z tests/colors/test_constructor.py::test_hsl[value36-expected36] [32mPASSED[0m[32m    [ 57%][0m
2025-02-24T05:28:16.2923283Z tests/colors/test_constructor.py::test_hsl[value37-expected37] [32mPASSED[0m[32m    [ 57%][0m
2025-02-24T05:28:16.2938618Z tests/colors/test_constructor.py::test_hsl[value38-expected38] [32mPASSED[0m[32m    [ 57%][0m
2025-02-24T05:28:16.2954082Z tests/colors/test_constructor.py::test_hsl[value39-expected39] [32mPASSED[0m[32m    [ 57%][0m
2025-02-24T05:28:16.2969296Z tests/colors/test_constructor.py::test_hsl[value40-expected40] [32mPASSED[0m[32m    [ 57%][0m
2025-02-24T05:28:16.2984490Z tests/colors/test_constructor.py::test_hsl[value41-expected41] [32mPASSED[0m[32m    [ 58%][0m
2025-02-24T05:28:16.2999829Z tests/colors/test_constructor.py::test_hsl[value42-expected42] [32mPASSED[0m[32m    [ 58%][0m
2025-02-24T05:28:16.3015542Z tests/colors/test_constructor.py::test_hsl[value43-expected43] [32mPASSED[0m[32m    [ 58%][0m
2025-02-24T05:28:16.3031133Z tests/colors/test_constructor.py::test_hsl[value44-expected44] [32mPASSED[0m[32m    [ 58%][0m
2025-02-24T05:28:16.3046251Z tests/colors/test_constructor.py::test_hsl[value45-expected45] [32mPASSED[0m[32m    [ 58%][0m
2025-02-24T05:28:16.3062197Z tests/colors/test_constructor.py::test_hsl[value46-expected46] [32mPASSED[0m[32m    [ 58%][0m
2025-02-24T05:28:16.3077847Z tests/colors/test_constructor.py::test_hsl[value47-expected47] [32mPASSED[0m[32m    [ 59%][0m
2025-02-24T05:28:16.3093117Z tests/colors/test_constructor.py::test_hsl[value48-expected48] [32mPASSED[0m[32m    [ 59%][0m
2025-02-24T05:28:16.3109565Z tests/colors/test_constructor.py::test_hsl[value49-expected49] [32mPASSED[0m[32m    [ 59%][0m
2025-02-24T05:28:16.3125230Z tests/colors/test_constructor.py::test_hsl_alpha[value0-expected0] [32mPASSED[0m[32m [ 59%][0m
2025-02-24T05:28:16.3141279Z tests/colors/test_constructor.py::test_hsl_alpha[value1-expected1] [32mPASSED[0m[32m [ 59%][0m
2025-02-24T05:28:16.3157461Z tests/colors/test_constructor.py::test_hsl_alpha[value2-expected2] [32mPASSED[0m[32m [ 59%][0m
2025-02-24T05:28:16.3173693Z tests/colors/test_constructor.py::test_hsl_alpha[value3-expected3] [32mPASSED[0m[32m [ 60%][0m
2025-02-24T05:28:16.3189639Z tests/colors/test_constructor.py::test_hsl_alpha[value4-expected4] [32mPASSED[0m[32m [ 60%][0m
2025-02-24T05:28:16.3205751Z tests/colors/test_constructor.py::test_hsl_alpha[value5-expected5] [32mPASSED[0m[32m [ 60%][0m
2025-02-24T05:28:16.3221740Z tests/colors/test_constructor.py::test_hsl_alpha[value6-expected6] [32mPASSED[0m[32m [ 60%][0m
2025-02-24T05:28:16.3242958Z tests/colors/test_constructor.py::test_invalid_color_constructor[rgb-value0-red-0-255--1] [32mPASSED[0m[32m [ 60%][0m
2025-02-24T05:28:16.3263710Z tests/colors/test_constructor.py::test_invalid_color_constructor[rgb-value1-red-0-255-256] [32mPASSED[0m[32m [ 60%][0m
2025-02-24T05:28:16.3284444Z tests/colors/test_constructor.py::test_invalid_color_constructor[rgb-value2-green-0-255--1] [32mPASSED[0m[32m [ 60%][0m
2025-02-24T05:28:16.3305164Z tests/colors/test_constructor.py::test_invalid_color_constructor[rgb-value3-green-0-255-256] [32mPASSED[0m[32m [ 61%][0m
2025-02-24T05:28:16.3326246Z tests/colors/test_constructor.py::test_invalid_color_constructor[rgb-value4-blue-0-255--1] [32mPASSED[0m[32m [ 61%][0m
2025-02-24T05:28:16.3346890Z tests/colors/test_constructor.py::test_invalid_color_constructor[rgb-value5-blue-0-255-256] [32mPASSED[0m[32m [ 61%][0m
2025-02-24T05:28:16.3365186Z tests/colors/test_constructor.py::test_invalid_color_constructor[rgba-value6-red-0-255--1] [32mPASSED[0m[32m [ 61%][0m
2025-02-24T05:28:16.3383346Z tests/colors/test_constructor.py::test_invalid_color_constructor[rgba-value7-red-0-255-256] [32mPASSED[0m[32m [ 61%][0m
2025-02-24T05:28:16.3400719Z tests/colors/test_constructor.py::test_invalid_color_constructor[rgba-value8-green-0-255--1] [32mPASSED[0m[32m [ 61%][0m
2025-02-24T05:28:16.3417965Z tests/colors/test_constructor.py::test_invalid_color_constructor[rgba-value9-green-0-255-256] [32mPASSED[0m[32m [ 62%][0m
2025-02-24T05:28:16.3435161Z tests/colors/test_constructor.py::test_invalid_color_constructor[rgba-value10-blue-0-255--1] [32mPASSED[0m[32m [ 62%][0m
2025-02-24T05:28:16.3453179Z tests/colors/test_constructor.py::test_invalid_color_constructor[rgba-value11-blue-0-255-256] [32mPASSED[0m[32m [ 62%][0m
2025-02-24T05:28:16.3473829Z tests/colors/test_constructor.py::test_invalid_color_constructor[rgba-value12-alpha-0-1--0.5] [32mPASSED[0m[32m [ 62%][0m
2025-02-24T05:28:16.3494226Z tests/colors/test_constructor.py::test_invalid_color_constructor[rgba-value13-alpha-0-1-1.1] [32mPASSED[0m[32m [ 62%][0m
2025-02-24T05:28:16.3514183Z tests/colors/test_constructor.py::test_invalid_color_constructor[hsl-value14-hue-0-360--1] [32mPASSED[0m[32m [ 62%][0m
2025-02-24T05:28:16.3535132Z tests/colors/test_constructor.py::test_invalid_color_constructor[hsl-value15-hue-0-360-361] [32mPASSED[0m[32m [ 62%][0m
2025-02-24T05:28:16.3556089Z tests/colors/test_constructor.py::test_invalid_color_constructor[hsl-value16-saturation-0-1--0.1] [32mPASSED[0m[32m [ 63%][0m
2025-02-24T05:28:16.3576905Z tests/colors/test_constructor.py::test_invalid_color_constructor[hsl-value17-saturation-0-1-1.1] [32mPASSED[0m[32m [ 63%][0m
2025-02-24T05:28:16.3597879Z tests/colors/test_constructor.py::test_invalid_color_constructor[hsl-value18-lightness-0-1--0.1] [32mPASSED[0m[32m [ 63%][0m
2025-02-24T05:28:16.3618324Z tests/colors/test_constructor.py::test_invalid_color_constructor[hsl-value19-lightness-0-1-1.1] [32mPASSED[0m[32m [ 63%][0m
2025-02-24T05:28:16.3634977Z tests/colors/test_constructor.py::test_invalid_color_constructor[hsla-value20-hue-0-360--1] [32mPASSED[0m[32m [ 63%][0m
2025-02-24T05:28:16.3652490Z tests/colors/test_constructor.py::test_invalid_color_constructor[hsla-value21-hue-0-360-361] [32mPASSED[0m[32m [ 63%][0m
2025-02-24T05:28:16.3671280Z tests/colors/test_constructor.py::test_invalid_color_constructor[hsla-value22-saturation-0-1--0.1] [32mPASSED[0m[32m [ 64%][0m
2025-02-24T05:28:16.3688813Z tests/colors/test_constructor.py::test_invalid_color_constructor[hsla-value23-saturation-0-1-1.1] [32mPASSED[0m[32m [ 64%][0m
2025-02-24T05:28:16.3705977Z tests/colors/test_constructor.py::test_invalid_color_constructor[hsla-value24-lightness-0-1--0.1] [32mPASSED[0m[32m [ 64%][0m
2025-02-24T05:28:16.3724777Z tests/colors/test_constructor.py::test_invalid_color_constructor[hsla-value25-lightness-0-1-1.1] [32mPASSED[0m[32m [ 64%][0m
2025-02-24T05:28:16.3745206Z tests/colors/test_constructor.py::test_invalid_color_constructor[hsla-value26-alpha-0-1--0.1] [32mPASSED[0m[32m [ 64%][0m
2025-02-24T05:28:16.3764133Z tests/colors/test_constructor.py::test_invalid_color_constructor[hsla-value27-alpha-0-1-1.1] [32mPASSED[0m[32m [ 64%][0m
2025-02-24T05:28:16.3777211Z tests/colors/test_parsing.py::test_noop [32mPASSED[0m[32m                           [ 64%][0m
2025-02-24T05:28:16.3792325Z tests/colors/test_parsing.py::test_rgb[rgb(1,2,3)-expected0] [32mPASSED[0m[32m      [ 65%][0m
2025-02-24T05:28:16.3806914Z tests/colors/test_parsing.py::test_rgb[rgb(1, 2, 3)-expected1] [32mPASSED[0m[32m    [ 65%][0m
2025-02-24T05:28:16.3821709Z tests/colors/test_parsing.py::test_rgb[rgb( 1 , 2 , 3)-expected2] [32mPASSED[0m[32m [ 65%][0m
2025-02-24T05:28:16.3836211Z tests/colors/test_parsing.py::test_rgb[#123-expected3] [32mPASSED[0m[32m            [ 65%][0m
2025-02-24T05:28:16.3851096Z tests/colors/test_parsing.py::test_rgb[#112233-expected4] [32mPASSED[0m[32m         [ 65%][0m
2025-02-24T05:28:16.3865571Z tests/colors/test_parsing.py::test_rgb[#abc-expected5] [32mPASSED[0m[32m            [ 65%][0m
2025-02-24T05:28:16.3880356Z tests/colors/test_parsing.py::test_rgb[#ABC-expected6] [32mPASSED[0m[32m            [ 66%][0m
2025-02-24T05:28:16.3894669Z tests/colors/test_parsing.py::test_rgb[#abcdef-expected7] [32mPASSED[0m[32m         [ 66%][0m
2025-02-24T05:28:16.3909144Z tests/colors/test_parsing.py::test_rgb[#ABCDEF-expected8] [32mPASSED[0m[32m         [ 66%][0m
2025-02-24T05:28:16.3922570Z tests/colors/test_parsing.py::test_rgb_invalid[10, 20] [32mPASSED[0m[32m            [ 66%][0m
2025-02-24T05:28:16.3936036Z tests/colors/test_parsing.py::test_rgb_invalid[a, 10, 20] [32mPASSED[0m[32m         [ 66%][0m
2025-02-24T05:28:16.3949633Z tests/colors/test_parsing.py::test_rgb_invalid[10, b, 20] [32mPASSED[0m[32m         [ 66%][0m
2025-02-24T05:28:16.3963308Z tests/colors/test_parsing.py::test_rgb_invalid[10, 20, c] [32mPASSED[0m[32m         [ 66%][0m
2025-02-24T05:28:16.3976697Z tests/colors/test_parsing.py::test_rgb_invalid[10, 20, 30, 0.5] [32mPASSED[0m[32m   [ 67%][0m
2025-02-24T05:28:16.3991544Z tests/colors/test_parsing.py::test_rgba[rgba(1,2,3,0.5)-expected0] [32mPASSED[0m[32m [ 67%][0m
2025-02-24T05:28:16.4006745Z tests/colors/test_parsing.py::test_rgba[rgba(1, 2, 3, 0.5)-expected1] [32mPASSED[0m[32m [ 67%][0m
2025-02-24T05:28:16.4021768Z tests/colors/test_parsing.py::test_rgba[rgba( 1 , 2 , 3 , 0.5)-expected2] [32mPASSED[0m[32m [ 67%][0m
2025-02-24T05:28:16.4036224Z tests/colors/test_parsing.py::test_rgba[#1234-expected3] [32mPASSED[0m[32m          [ 67%][0m
2025-02-24T05:28:16.4051395Z tests/colors/test_parsing.py::test_rgba[#11223344-expected4] [32mPASSED[0m[32m      [ 67%][0m
2025-02-24T05:28:16.4066122Z tests/colors/test_parsing.py::test_rgba[#abcd-expected5] [32mPASSED[0m[32m          [ 68%][0m
2025-02-24T05:28:16.4081688Z tests/colors/test_parsing.py::test_rgba[#ABCD-expected6] [32mPASSED[0m[32m          [ 68%][0m
2025-02-24T05:28:16.4096748Z tests/colors/test_parsing.py::test_rgba[#abcdefba-expected7] [32mPASSED[0m[32m      [ 68%][0m
2025-02-24T05:28:16.4112150Z tests/colors/test_parsing.py::test_rgba[#ABCDEFBA-expected8] [32mPASSED[0m[32m      [ 68%][0m
2025-02-24T05:28:16.4125939Z tests/colors/test_parsing.py::test_rgba_invalid[10, 20, 30] [32mPASSED[0m[32m       [ 68%][0m
2025-02-24T05:28:16.4139824Z tests/colors/test_parsing.py::test_rgba_invalid[a, 10, 20, 0.5] [32mPASSED[0m[32m   [ 68%][0m
2025-02-24T05:28:16.4153089Z tests/colors/test_parsing.py::test_rgba_invalid[10, b, 20, 0.5] [32mPASSED[0m[32m   [ 68%][0m
2025-02-24T05:28:16.4166594Z tests/colors/test_parsing.py::test_rgba_invalid[10, 20, c, 0.5] [32mPASSED[0m[32m   [ 69%][0m
2025-02-24T05:28:16.4180372Z tests/colors/test_parsing.py::test_rgba_invalid[10, 20, 30, c] [32mPASSED[0m[32m    [ 69%][0m
2025-02-24T05:28:16.4194165Z tests/colors/test_parsing.py::test_rgba_invalid[10, 20, 30, 0.5, 5] [32mPASSED[0m[32m [ 69%][0m
2025-02-24T05:28:16.4208274Z tests/colors/test_parsing.py::test_hsl[1,20%,30%] [32mPASSED[0m[32m                 [ 69%][0m
2025-02-24T05:28:16.4222015Z tests/colors/test_parsing.py::test_hsl[1, 20%, 30%] [32mPASSED[0m[32m               [ 69%][0m
2025-02-24T05:28:16.4235801Z tests/colors/test_parsing.py::test_hsl[1, 20% , 30%] [32mPASSED[0m[32m              [ 69%][0m
2025-02-24T05:28:16.4249660Z tests/colors/test_parsing.py::test_hsl_invalid[1, 20%] [32mPASSED[0m[32m            [ 70%][0m
2025-02-24T05:28:16.4262550Z tests/colors/test_parsing.py::test_hsl_invalid[a, 20%, 30%] [32mPASSED[0m[32m       [ 70%][0m
2025-02-24T05:28:16.4276830Z tests/colors/test_parsing.py::test_hsl_invalid[1, a, 30%] [32mPASSED[0m[32m         [ 70%][0m
2025-02-24T05:28:16.4291643Z tests/colors/test_parsing.py::test_hsl_invalid[1, 20%, a)] [32mPASSED[0m[32m        [ 70%][0m
2025-02-24T05:28:16.4305150Z tests/colors/test_parsing.py::test_hsl_invalid[1, 20%, 30%, 0.5)] [32mPASSED[0m[32m [ 70%][0m
2025-02-24T05:28:16.4319389Z tests/colors/test_parsing.py::test_hsla[1,20%,30%,0.5] [32mPASSED[0m[32m            [ 70%][0m
2025-02-24T05:28:16.4333200Z tests/colors/test_parsing.py::test_hsla[1, 20%, 30%, 0.5] [32mPASSED[0m[32m         [ 71%][0m
2025-02-24T05:28:16.4347111Z tests/colors/test_parsing.py::test_hsla[ 1, 20% , 30% , 0.5] [32mPASSED[0m[32m      [ 71%][0m
2025-02-24T05:28:16.4360952Z tests/colors/test_parsing.py::test_hsla_invalid[1, 20%, 30%] [32mPASSED[0m[32m      [ 71%][0m
2025-02-24T05:28:16.4374373Z tests/colors/test_parsing.py::test_hsla_invalid[a, 20%, 30%, 0.5] [32mPASSED[0m[32m [ 71%][0m
2025-02-24T05:28:16.4387825Z tests/colors/test_parsing.py::test_hsla_invalid[1, a, 30%, 0.5] [32mPASSED[0m[32m   [ 71%][0m
2025-02-24T05:28:16.4402048Z tests/colors/test_parsing.py::test_hsla_invalid[1, 20%, a, 0.5] [32mPASSED[0m[32m   [ 71%][0m
2025-02-24T05:28:16.4415806Z tests/colors/test_parsing.py::test_hsla_invalid[1, 20%, 30%, a] [32mPASSED[0m[32m   [ 71%][0m
2025-02-24T05:28:16.4429598Z tests/colors/test_parsing.py::test_hsla_invalid[1, 20%, 30%, 0.5, 5] [32mPASSED[0m[32m [ 72%][0m
2025-02-24T05:28:16.4444050Z tests/colors/test_parsing.py::test_named_color[Red-expected0] [32mPASSED[0m[32m     [ 72%][0m
2025-02-24T05:28:16.4459177Z tests/colors/test_parsing.py::test_named_color[RED-expected1] [32mPASSED[0m[32m     [ 72%][0m
2025-02-24T05:28:16.4473660Z tests/colors/test_parsing.py::test_named_color[red-expected2] [32mPASSED[0m[32m     [ 72%][0m
2025-02-24T05:28:16.4487907Z tests/colors/test_parsing.py::test_named_color[rEd-expected3] [32mPASSED[0m[32m     [ 72%][0m
2025-02-24T05:28:16.4502551Z tests/colors/test_parsing.py::test_named_color[CornflowerBlue-expected4] [32mPASSED[0m[32m [ 72%][0m
2025-02-24T05:28:16.4517718Z tests/colors/test_parsing.py::test_named_color[cornflowerblue-expected5] [32mPASSED[0m[32m [ 73%][0m
2025-02-24T05:28:16.4532232Z tests/colors/test_parsing.py::test_named_color[CORNFLOWERBLUE-expected6] [32mPASSED[0m[32m [ 73%][0m
2025-02-24T05:28:16.4546473Z tests/colors/test_parsing.py::test_named_color[Cornflowerblue-expected7] [32mPASSED[0m[32m [ 73%][0m
2025-02-24T05:28:16.4560977Z tests/colors/test_parsing.py::test_named_color[CoRnFlOwErBlUe-expected8] [32mPASSED[0m[32m [ 73%][0m
2025-02-24T05:28:16.4573746Z tests/colors/test_parsing.py::test_named_color_invalid [32mPASSED[0m[32m            [ 73%][0m
2025-02-24T05:28:16.4587119Z tests/colors/test_parsing.py::test_hash_mark_invalid[1] [32mPASSED[0m[32m           [ 73%][0m
2025-02-24T05:28:16.4600928Z tests/colors/test_parsing.py::test_hash_mark_invalid[2] [32mPASSED[0m[32m           [ 73%][0m
2025-02-24T05:28:16.4613846Z tests/colors/test_parsing.py::test_hash_mark_invalid[5] [32mPASSED[0m[32m           [ 74%][0m
2025-02-24T05:28:16.4627192Z tests/colors/test_parsing.py::test_hash_mark_invalid[7] [32mPASSED[0m[32m           [ 74%][0m
2025-02-24T05:28:16.4640870Z tests/colors/test_parsing.py::test_hash_mark_invalid[9] [32mPASSED[0m[32m           [ 74%][0m
2025-02-24T05:28:16.4654491Z tests/colors/test_parsing.py::test_hash_mark_invalid[10] [32mPASSED[0m[32m          [ 74%][0m
2025-02-24T05:28:16.4682187Z tests/test_choices.py::test_none[Style] [32mPASSED[0m[32m                           [ 74%][0m
2025-02-24T05:28:16.4703847Z tests/test_choices.py::test_none[DeprecatedStyle] [32mPASSED[0m[32m                 [ 74%][0m
2025-02-24T05:28:16.4730439Z tests/test_choices.py::test_allow_string[Style] [32mPASSED[0m[32m                   [ 75%][0m
2025-02-24T05:28:16.4751971Z tests/test_choices.py::test_allow_string[DeprecatedStyle] [32mPASSED[0m[32m         [ 75%][0m
2025-02-24T05:28:16.4781738Z tests/test_choices.py::test_allow_integer[Style] [32mPASSED[0m[32m                  [ 75%][0m
2025-02-24T05:28:16.4803073Z tests/test_choices.py::test_allow_integer[DeprecatedStyle] [32mPASSED[0m[32m        [ 75%][0m
2025-02-24T05:28:16.4828954Z tests/test_choices.py::test_allow_number[Style] [32mPASSED[0m[32m                   [ 75%][0m
2025-02-24T05:28:16.4849067Z tests/test_choices.py::test_allow_number[DeprecatedStyle] [32mPASSED[0m[32m         [ 75%][0m
2025-02-24T05:28:16.4890493Z tests/test_choices.py::test_allow_color[Style] [32mPASSED[0m[32m                    [ 75%][0m
2025-02-24T05:28:16.4913582Z tests/test_choices.py::test_allow_color[DeprecatedStyle] [32mPASSED[0m[32m          [ 76%][0m
2025-02-24T05:28:16.4939127Z tests/test_choices.py::test_values[Style] [32mPASSED[0m[32m                         [ 76%][0m
2025-02-24T05:28:16.4959363Z tests/test_choices.py::test_values[DeprecatedStyle] [32mPASSED[0m[32m               [ 76%][0m
2025-02-24T05:28:16.4989383Z tests/test_choices.py::test_multiple_choices[Style] [32mPASSED[0m[32m               [ 76%][0m
2025-02-24T05:28:16.5013228Z tests/test_choices.py::test_multiple_choices[DeprecatedStyle] [32mPASSED[0m[32m     [ 76%][0m
2025-02-24T05:28:16.5031600Z tests/test_choices.py::test_string_symbol[Style] [32mPASSED[0m[32m                  [ 76%][0m
2025-02-24T05:28:16.5050344Z tests/test_choices.py::test_string_symbol[DeprecatedStyle] [32mPASSED[0m[32m        [ 77%][0m
2025-02-24T05:28:16.5064324Z tests/test_fonts.py::test_equality[font0] [32mPASSED[0m[32m                         [ 77%][0m
2025-02-24T05:28:16.5077725Z tests/test_fonts.py::test_equality[font1] [32mPASSED[0m[32m                         [ 77%][0m
2025-02-24T05:28:16.5091369Z tests/test_fonts.py::test_equality[font2] [32mPASSED[0m[32m                         [ 77%][0m
2025-02-24T05:28:16.5104477Z tests/test_fonts.py::test_inqequality[font0] [32mPASSED[0m[32m                      [ 77%][0m
2025-02-24T05:28:16.5118343Z tests/test_fonts.py::test_inqequality[font1] [32mPASSED[0m[32m                      [ 77%][0m
2025-02-24T05:28:16.5132130Z tests/test_fonts.py::test_inqequality[font2] [32mPASSED[0m[32m                      [ 77%][0m
2025-02-24T05:28:16.5144917Z tests/test_fonts.py::test_inqequality[a string] [32mPASSED[0m[32m                   [ 78%][0m
2025-02-24T05:28:16.5158058Z tests/test_fonts.py::test_inqequality[5] [32mPASSED[0m[32m                          [ 78%][0m
2025-02-24T05:28:16.5170804Z tests/test_fonts.py::test_hash [32mPASSED[0m[32m                                    [ 78%][0m
2025-02-24T05:28:16.5185531Z tests/test_fonts.py::test_repr[12-kwargs0-12pt] [32mPASSED[0m[32m                   [ 78%][0m
2025-02-24T05:28:16.5200587Z tests/test_fonts.py::test_repr[12-kwargs1-italic 12pt] [32mPASSED[0m[32m            [ 78%][0m
2025-02-24T05:28:16.5215391Z tests/test_fonts.py::test_repr[12-kwargs2-italic small-caps 12pt] [32mPASSED[0m[32m [ 78%][0m
2025-02-24T05:28:16.5230526Z tests/test_fonts.py::test_repr[12-kwargs3-italic small-caps bold 12pt] [32mPASSED[0m[32m [ 79%][0m
2025-02-24T05:28:16.5245107Z tests/test_fonts.py::test_repr[12-kwargs4-small-caps bold 12pt] [32mPASSED[0m[32m   [ 79%][0m
2025-02-24T05:28:16.5260921Z tests/test_fonts.py::test_repr[12-kwargs5-bold 12pt] [32mPASSED[0m[32m              [ 79%][0m
2025-02-24T05:28:16.5275700Z tests/test_fonts.py::test_repr[12-kwargs6-italic bold 12pt] [32mPASSED[0m[32m       [ 79%][0m
2025-02-24T05:28:16.5290773Z tests/test_fonts.py::test_repr[-1-kwargs7-system default size] [32mPASSED[0m[32m    [ 79%][0m
2025-02-24T05:28:16.5305383Z tests/test_fonts.py::test_repr[-1-kwargs8-italic system default size] [32mPASSED[0m[32m [ 79%][0m
2025-02-24T05:28:16.5318878Z tests/test_fonts.py::test_simple_construction[12_0] [32mPASSED[0m[32m               [ 80%][0m
2025-02-24T05:28:16.5331975Z tests/test_fonts.py::test_simple_construction[12_1] [32mPASSED[0m[32m               [ 80%][0m
2025-02-24T05:28:16.5344919Z tests/test_fonts.py::test_simple_construction[12pt] [32mPASSED[0m[32m               [ 80%][0m
2025-02-24T05:28:16.5359352Z tests/test_fonts.py::test_simple_construction[12 pt] [32mPASSED[0m[32m              [ 80%][0m
2025-02-24T05:28:16.5372008Z tests/test_fonts.py::test_invalid_construction [32mPASSED[0m[32m                    [ 80%][0m
2025-02-24T05:28:16.5385684Z tests/test_fonts.py::test_family[Comics Sans] [32mPASSED[0m[32m                     [ 80%][0m
2025-02-24T05:28:16.5399509Z tests/test_fonts.py::test_family[Wingdings] [32mPASSED[0m[32m                       [ 80%][0m
2025-02-24T05:28:16.5413202Z tests/test_fonts.py::test_family['Comic Sans'] [32mPASSED[0m[32m                    [ 81%][0m
2025-02-24T05:28:16.5426845Z tests/test_fonts.py::test_family["Comic Sans"] [32mPASSED[0m[32m                    [ 81%][0m
2025-02-24T05:28:16.5441698Z tests/test_fonts.py::test_style[italic-italic0] [32mPASSED[0m[32m                   [ 81%][0m
2025-02-24T05:28:16.5456063Z tests/test_fonts.py::test_style[italic-italic1] [32mPASSED[0m[32m                   [ 81%][0m
2025-02-24T05:28:16.5470807Z tests/test_fonts.py::test_style[oblique-oblique0] [32mPASSED[0m[32m                 [ 81%][0m
2025-02-24T05:28:16.5485463Z tests/test_fonts.py::test_style[oblique-oblique1] [32mPASSED[0m[32m                 [ 81%][0m
2025-02-24T05:28:16.5500091Z tests/test_fonts.py::test_style[something else-normal] [32mPASSED[0m[32m            [ 82%][0m
2025-02-24T05:28:16.5513745Z tests/test_fonts.py::test_make_normal_style[kwargs0] [32mPASSED[0m[32m              [ 82%][0m
2025-02-24T05:28:16.5527578Z tests/test_fonts.py::test_make_normal_style[kwargs1] [32mPASSED[0m[32m              [ 82%][0m
2025-02-24T05:28:16.5542279Z tests/test_fonts.py::test_make_slanted[italic-italic] [32mPASSED[0m[32m             [ 82%][0m
2025-02-24T05:28:16.5556813Z tests/test_fonts.py::test_make_slanted[oblique-oblique] [32mPASSED[0m[32m           [ 82%][0m
2025-02-24T05:28:16.5572962Z tests/test_fonts.py::test_variant[small-caps-small-caps0] [32mPASSED[0m[32m         [ 82%][0m
2025-02-24T05:28:16.5587919Z tests/test_fonts.py::test_variant[small-caps-small-caps1] [32mPASSED[0m[32m         [ 82%][0m
2025-02-24T05:28:16.5602488Z tests/test_fonts.py::test_variant[something else-normal] [32mPASSED[0m[32m          [ 83%][0m
2025-02-24T05:28:16.5616430Z tests/test_fonts.py::test_make_normal_variant[kwargs0] [32mPASSED[0m[32m            [ 83%][0m
2025-02-24T05:28:16.5630784Z tests/test_fonts.py::test_make_normal_variant[kwargs1] [32mPASSED[0m[32m            [ 83%][0m
2025-02-24T05:28:16.5643692Z tests/test_fonts.py::test_make_small_caps [32mPASSED[0m[32m                         [ 83%][0m
2025-02-24T05:28:16.5658444Z tests/test_fonts.py::test_weight[bold-bold0] [32mPASSED[0m[32m                      [ 83%][0m
2025-02-24T05:28:16.5673023Z tests/test_fonts.py::test_weight[bold-bold1] [32mPASSED[0m[32m                      [ 83%][0m
2025-02-24T05:28:16.5687775Z tests/test_fonts.py::test_weight[something else-normal] [32mPASSED[0m[32m           [ 84%][0m
2025-02-24T05:28:16.5701923Z tests/test_fonts.py::test_make_normal_weight[kwargs0] [32mPASSED[0m[32m             [ 84%][0m
2025-02-24T05:28:16.5715582Z tests/test_fonts.py::test_make_normal_weight[kwargs1] [32mPASSED[0m[32m             [ 84%][0m
2025-02-24T05:28:16.5729517Z tests/test_fonts.py::test_make_bold [32mPASSED[0m[32m                               [ 84%][0m
2025-02-24T05:28:16.5742513Z tests/test_layout.py::test_viewport_default [32mPASSED[0m[32m                       [ 84%][0m
2025-02-24T05:28:16.5755473Z tests/test_layout.py::test_viewport_constructor [32mPASSED[0m[32m                   [ 84%][0m
2025-02-24T05:28:16.5771722Z tests/test_layout.py::test_repr [32mPASSED[0m[32m                                   [ 84%][0m
2025-02-24T05:28:16.5787260Z tests/test_layout.py::test_initial [32mPASSED[0m[32m                                [ 85%][0m
2025-02-24T05:28:16.5807474Z tests/test_layout.py::test_set_content_dimension[content_top-5-expected10-7-expected20] [32mPASSED[0m[32m [ 85%][0m
2025-02-24T05:28:16.5827051Z tests/test_layout.py::test_set_content_dimension[content_left-5-expected11-7-expected21] [32mPASSED[0m[32m [ 85%][0m
2025-02-24T05:28:16.5845940Z tests/test_layout.py::test_set_content_dimension[min_content_width-8-expected12-9-expected22] [32mPASSED[0m[32m [ 85%][0m
2025-02-24T05:28:16.5864756Z tests/test_layout.py::test_set_content_dimension[content_width-5-expected13-7-expected23] [32mPASSED[0m[32m [ 85%][0m
2025-02-24T05:28:16.5884600Z tests/test_layout.py::test_set_content_dimension[min_content_height-7-expected14-8-expected24] [32mPASSED[0m[32m [ 85%][0m
2025-02-24T05:28:16.5903406Z tests/test_layout.py::test_set_content_dimension[content_height-10-expected15-12-expected25] [32mPASSED[0m[32m [ 86%][0m
2025-02-24T05:28:16.5919435Z tests/test_layout.py::test_descendent_offsets [32mPASSED[0m[32m                     [ 86%][0m
2025-02-24T05:28:16.5936770Z tests/test_layout.py::test_absolute_equalities [32mPASSED[0m[32m                    [ 86%][0m
2025-02-24T05:28:16.5955675Z tests/test_node.py::test_create_leaf [32mPASSED[0m[32m                              [ 86%][0m
2025-02-24T05:28:16.5979239Z tests/test_node.py::test_create_node [32mPASSED[0m[32m                              [ 86%][0m
2025-02-24T05:28:16.6009504Z tests/test_node.py::test_refresh[Style] [32mPASSED[0m[32m                           [ 86%][0m
2025-02-24T05:28:16.6039013Z tests/test_node.py::test_refresh[OldStyle] [32mPASSED[0m[32m                        [ 86%][0m
2025-02-24T05:28:16.6054782Z tests/test_node.py::test_refresh_no_op [32mPASSED[0m[32m                            [ 87%][0m
2025-02-24T05:28:16.6076232Z tests/test_node.py::test_type_error_in_layout[TypeErrorStyle] [32mPASSED[0m[32m     [ 87%][0m
2025-02-24T05:28:16.6095661Z tests/test_node.py::test_type_error_in_layout[OldTypeErrorStyle] [32mPASSED[0m[32m  [ 87%][0m
2025-02-24T05:28:16.6114884Z tests/test_node.py::test_add [32mPASSED[0m[32m                                      [ 87%][0m
2025-02-24T05:28:16.6137847Z tests/test_node.py::test_insert [32mPASSED[0m[32m                                   [ 87%][0m
2025-02-24T05:28:16.6159002Z tests/test_node.py::test_insert_leaf [32mPASSED[0m[32m                              [ 87%][0m
2025-02-24T05:28:16.6180410Z tests/test_node.py::test_remove [32mPASSED[0m[32m                                   [ 88%][0m
2025-02-24T05:28:16.6201850Z tests/test_node.py::test_remove_leaf [32mPASSED[0m[32m                              [ 88%][0m
2025-02-24T05:28:16.6223346Z tests/test_node.py::test_clear [32mPASSED[0m[32m                                    [ 88%][0m
2025-02-24T05:28:16.6240035Z tests/test_node.py::test_clear_leaf [32mPASSED[0m[32m                               [ 88%][0m
2025-02-24T05:28:16.6260156Z tests/test_node.py::test_create_with_no_applicator [32mPASSED[0m[32m                [ 88%][0m
2025-02-24T05:28:16.6282015Z tests/test_node.py::test_create_with_applicator [32mPASSED[0m[32m                   [ 88%][0m
2025-02-24T05:28:16.6299385Z tests/test_node.py::test_assign_applicator[node0] [32mPASSED[0m[32m                 [ 88%][0m
2025-02-24T05:28:16.6315124Z tests/test_node.py::test_assign_applicator[node1] [32mPASSED[0m[32m                 [ 89%][0m
2025-02-24T05:28:16.6328720Z tests/test_node.py::test_assign_applicator_none[node0] [32mPASSED[0m[32m            [ 89%][0m
2025-02-24T05:28:16.6342521Z tests/test_node.py::test_assign_applicator_none[node1] [32mPASSED[0m[32m            [ 89%][0m
2025-02-24T05:28:16.6372540Z tests/test_node.py::test_assign_style_with_applicator [32mPASSED[0m[32m             [ 89%][0m
2025-02-24T05:28:16.6398941Z tests/test_node.py::test_assign_style_with_no_applicator [32mPASSED[0m[32m          [ 89%][0m
2025-02-24T05:28:16.6415011Z tests/test_node.py::test_apply_before_node_is_ready [32mPASSED[0m[32m               [ 89%][0m
2025-02-24T05:28:16.6430653Z tests/test_node.py::test_applicator_has_node_reference [32mPASSED[0m[32m            [ 90%][0m
2025-02-24T05:28:16.6442737Z tests/test_size.py::test_at_least_repr [32mPASSED[0m[32m                            [ 90%][0m
2025-02-24T05:28:16.6454854Z tests/test_size.py::test_at_least_eq [32mPASSED[0m[32m                              [ 90%][0m
2025-02-24T05:28:16.6468979Z tests/test_size.py::test_size_repr [32mPASSED[0m[32m                                [ 90%][0m
2025-02-24T05:28:16.6482371Z tests/test_style.py::test_invalid_style [32mPASSED[0m[32m                           [ 90%][0m
2025-02-24T05:28:16.6501945Z tests/test_style.py::test_positional_argument[Style] [32mPASSED[0m[32m              [ 90%][0m
2025-02-24T05:28:16.6517698Z tests/test_style.py::test_positional_argument[DeprecatedStyle] [32mPASSED[0m[32m    [ 91%][0m
2025-02-24T05:28:16.6540056Z tests/test_style.py::test_create_and_copy[Style] [32mPASSED[0m[32m                  [ 91%][0m
2025-02-24T05:28:16.6562073Z tests/test_style.py::test_create_and_copy[DeprecatedStyle] [32mPASSED[0m[32m        [ 91%][0m
2025-02-24T05:28:16.6580150Z tests/test_style.py::test_deprecated_copy [32mPASSED[0m[32m                         [ 91%][0m
2025-02-24T05:28:16.6598432Z tests/test_style.py::test_apply[Style] [32mPASSED[0m[32m                            [ 91%][0m
2025-02-24T05:28:16.6616904Z tests/test_style.py::test_apply[DeprecatedStyle] [32mPASSED[0m[32m                  [ 91%][0m
2025-02-24T05:28:16.6636027Z tests/test_style.py::test_property_with_explicit_const[Style] [32mPASSED[0m[32m     [ 91%][0m
2025-02-24T05:28:16.6654663Z tests/test_style.py::test_property_with_explicit_const[DeprecatedStyle] [32mPASSED[0m[32m [ 92%][0m
2025-02-24T05:28:16.6675032Z tests/test_style.py::test_property_with_explicit_value[Style] [32mPASSED[0m[32m     [ 92%][0m
2025-02-24T05:28:16.6693808Z tests/test_style.py::test_property_with_explicit_value[DeprecatedStyle] [32mPASSED[0m[32m [ 92%][0m
2025-02-24T05:28:16.6712475Z tests/test_style.py::test_property_with_explicit_none[Style] [32mPASSED[0m[32m      [ 92%][0m
2025-02-24T05:28:16.6731924Z tests/test_style.py::test_property_with_explicit_none[DeprecatedStyle] [32mPASSED[0m[32m [ 92%][0m
2025-02-24T05:28:16.6750612Z tests/test_style.py::test_property_with_implicit_default[Style] [32mPASSED[0m[32m   [ 92%][0m
2025-02-24T05:28:16.6769687Z tests/test_style.py::test_property_with_implicit_default[DeprecatedStyle] [32mPASSED[0m[32m [ 93%][0m
2025-02-24T05:28:16.6784908Z tests/test_style.py::test_set_initial_no_apply[Style] [32mPASSED[0m[32m             [ 93%][0m
2025-02-24T05:28:16.6800225Z tests/test_style.py::test_set_initial_no_apply[DeprecatedStyle] [32mPASSED[0m[32m   [ 93%][0m
2025-02-24T05:28:16.6828495Z tests/test_style.py::test_directional_property[Style] [32mPASSED[0m[32m             [ 93%][0m
2025-02-24T05:28:16.6856730Z tests/test_style.py::test_directional_property[DeprecatedStyle] [32mPASSED[0m[32m   [ 93%][0m
2025-02-24T05:28:16.6874670Z tests/test_style.py::test_list_property[value0-expected0] [32mPASSED[0m[32m         [ 93%][0m
2025-02-24T05:28:16.6892895Z tests/test_style.py::test_list_property[value1-expected1] [32mPASSED[0m[32m         [ 93%][0m
2025-02-24T05:28:16.6911114Z tests/test_style.py::test_list_property[value2-expected2] [32mPASSED[0m[32m         [ 94%][0m
2025-02-24T05:28:16.6928988Z tests/test_style.py::test_list_property[value3-expected3] [32mPASSED[0m[32m         [ 94%][0m
2025-02-24T05:28:16.6947231Z tests/test_style.py::test_list_property[value4-expected4] [32mPASSED[0m[32m         [ 94%][0m
2025-02-24T05:28:16.6965385Z tests/test_style.py::test_list_property[value5-expected5] [32mPASSED[0m[32m         [ 94%][0m
2025-02-24T05:28:16.6984168Z tests/test_style.py::test_list_property[value6-expected6] [32mPASSED[0m[32m         [ 94%][0m
2025-02-24T05:28:16.7005667Z tests/test_style.py::test_list_property_invalid[5-TypeError-Value for list property list_prop must be a sequence\\.] [32mPASSED[0m[32m [ 94%][0m
2025-02-24T05:28:16.7027197Z tests/test_style.py::test_list_property_invalid[<genexpr>-TypeError-Value for list property list_prop must be a sequence.] [32mPASSED[0m[32m [ 95%][0m
2025-02-24T05:28:16.7053661Z tests/test_style.py::test_list_property_invalid[value2-ValueError-Invalid item value 'bogus' for list property list_prop; Valid values are: none, value1, value2, value3, <integer>] [32mPASSED[0m[32m [ 95%][0m
2025-02-24T05:28:16.7077199Z tests/test_style.py::test_list_property_invalid[value3-ValueError-List properties cannot be set to an empty sequence; to reset a property, use del `style.list_prop`\\.] [32mPASSED[0m[32m [ 95%][0m
2025-02-24T05:28:16.7094784Z tests/test_style.py::test_list_property_invalid[value4-ValueError-List properties cannot be set to an empty sequence; to reset a property, use del `style.list_prop`\\.] [32mPASSED[0m[32m [ 95%][0m
2025-02-24T05:28:16.7118703Z tests/test_style.py::test_list_property_immutable [32mPASSED[0m[32m                 [ 95%][0m
2025-02-24T05:28:16.7135095Z tests/test_style.py::test_list_property_list_like [32mPASSED[0m[32m                 [ 95%][0m
2025-02-24T05:28:16.7154282Z tests/test_style.py::test_set_multiple_properties[Style] [32mPASSED[0m[32m          [ 95%][0m
2025-02-24T05:28:16.7173643Z tests/test_style.py::test_set_multiple_properties[DeprecatedStyle] [32mPASSED[0m[32m [ 96%][0m
2025-02-24T05:28:16.7193593Z tests/test_style.py::test_str[Style] [32mPASSED[0m[32m                              [ 96%][0m
2025-02-24T05:28:16.7213193Z tests/test_style.py::test_str[DeprecatedStyle] [32mPASSED[0m[32m                    [ 96%][0m
2025-02-24T05:28:16.7237962Z tests/test_style.py::test_dict[Style] [32mPASSED[0m[32m                             [ 96%][0m
2025-02-24T05:28:16.7263298Z tests/test_style.py::test_dict[DeprecatedStyle] [32mPASSED[0m[32m                   [ 96%][0m
2025-02-24T05:28:16.7292849Z tests/test_style.py::test_set_to_initial[Style] [32mPASSED[0m[32m                   [ 96%][0m
2025-02-24T05:28:16.7322459Z tests/test_style.py::test_set_to_initial[DeprecatedStyle] [32mPASSED[0m[32m         [ 97%][0m
2025-02-24T05:28:16.7351770Z tests/test_style.py::test_union_operators[True-Style] [32mPASSED[0m[32m             [ 97%][0m
2025-02-24T05:28:16.7380955Z tests/test_style.py::test_union_operators[True-DeprecatedStyle] [32mPASSED[0m[32m   [ 97%][0m
2025-02-24T05:28:16.7405628Z tests/test_style.py::test_union_operators[False-Style] [32mPASSED[0m[32m            [ 97%][0m
2025-02-24T05:28:16.7430353Z tests/test_style.py::test_union_operators[False-DeprecatedStyle] [32mPASSED[0m[32m  [ 97%][0m
2025-02-24T05:28:16.7451810Z tests/test_style.py::test_union_operators_invalid_type[Style-StyleSubclass] [32mPASSED[0m[32m [ 97%][0m
2025-02-24T05:28:16.7468910Z tests/test_style.py::test_union_operators_invalid_type[Style-Sibling] [32mPASSED[0m[32m [ 97%][0m
2025-02-24T05:28:16.7485940Z tests/test_style.py::test_union_operators_invalid_type[Style-int] [32mPASSED[0m[32m [ 98%][0m
2025-02-24T05:28:16.7503198Z tests/test_style.py::test_union_operators_invalid_type[Style-list] [32mPASSED[0m[32m [ 98%][0m
2025-02-24T05:28:16.7522379Z tests/test_style.py::test_union_operators_invalid_type[DeprecatedStyle-DeprecatedStyleSubclass] [32mPASSED[0m[32m [ 98%][0m
2025-02-24T05:28:16.7539414Z tests/test_style.py::test_union_operators_invalid_type[DeprecatedStyle-Sibling] [32mPASSED[0m[32m [ 98%][0m
2025-02-24T05:28:16.7556270Z tests/test_style.py::test_union_operators_invalid_type[DeprecatedStyle-int] [32mPASSED[0m[32m [ 98%][0m
2025-02-24T05:28:16.7573437Z tests/test_style.py::test_union_operators_invalid_type[DeprecatedStyle-list] [32mPASSED[0m[32m [ 98%][0m
2025-02-24T05:28:16.7594018Z tests/test_style.py::test_union_operators_invalid_key_value[right0-ValueError-Style] [32mPASSED[0m[32m [ 99%][0m
2025-02-24T05:28:16.7614270Z tests/test_style.py::test_union_operators_invalid_key_value[right0-ValueError-DeprecatedStyle] [32mPASSED[0m[32m [ 99%][0m
2025-02-24T05:28:16.7634028Z tests/test_style.py::test_union_operators_invalid_key_value[right1-NameError-Style] [32mPASSED[0m[32m [ 99%][0m
2025-02-24T05:28:16.7653782Z tests/test_style.py::test_union_operators_invalid_key_value[right1-NameError-DeprecatedStyle] [32mPASSED[0m[32m [ 99%][0m
2025-02-24T05:28:16.7668299Z tests/test_style.py::test_deprecated_class_methods [32mPASSED[0m[32m                [ 99%][0m
2025-02-24T05:28:16.7686740Z tests/test_style.py::test_deprecated_reapply [32mPASSED[0m[32m                      [ 99%][0m
2025-02-24T05:28:16.7731139Z tests/test_style.py::test_deprecated_import [32mPASSED[0m[32m                       [100%][0m
2025-02-24T05:28:16.7731792Z 
2025-02-24T05:28:16.7732294Z [32m============================= [32m[1m645 passed[0m[32m in 1.82s[0m[32m ==============================[0m
2025-02-24T05:28:16.8312768Z   py-cov-trav: OK (7.23=setup[0.87]+cmd[4.05,2.30] seconds)
2025-02-24T05:28:16.8313717Z   congratulations :) (7.47 seconds)
2025-02-24T05:28:17.8733024Z Python 3.10.16
2025-02-24T05:28:18.4180837Z Looking in links: ../dist
2025-02-24T05:28:18.4249903Z Processing /home/runner/work/toga/toga/dist/toga_core-0.4.9.dev608+g01152b56b-py3-none-any.whl (from toga-core==0.4.9.dev608+g01152b56b)
2025-02-24T05:28:18.4342505Z Processing /home/runner/work/toga/toga/dist/toga_dummy-0.4.9.dev608+g01152b56b-py3-none-any.whl
2025-02-24T05:28:18.4923095Z Processing /home/runner/work/toga/toga/dist/travertino-0.4.9.dev608+g01152b56b-py3-none-any.whl (from toga-core==0.4.9.dev608+g01152b56b->toga-core==0.4.9.dev608+g01152b56b)
2025-02-24T05:28:18.7513322Z Collecting coverage==7.6.12 (from coverage[toml]==7.6.12; extra == "dev"->toga-core==0.4.9.dev608+g01152b56b->toga-core==0.4.9.dev608+g01152b56b)
2025-02-24T05:28:18.7529248Z   Using cached coverage-7.6.12-cp310-cp310-manylinux_2_5_x86_64.manylinux1_x86_64.manylinux_2_17_x86_64.manylinux2014_x86_64.whl.metadata (8.5 kB)
2025-02-24T05:28:18.7663832Z Collecting coverage-conditional-plugin==0.9.0 (from toga-core==0.4.9.dev608+g01152b56b->toga-core==0.4.9.dev608+g01152b56b)
2025-02-24T05:28:18.7677120Z   Using cached coverage_conditional_plugin-0.9.0-py3-none-any.whl.metadata (6.9 kB)
2025-02-24T05:28:18.9073883Z Collecting Pillow==11.1.0 (from toga-core==0.4.9.dev608+g01152b56b->toga-core==0.4.9.dev608+g01152b56b)
2025-02-24T05:28:18.9089379Z   Using cached pillow-11.1.0-cp310-cp310-manylinux_2_28_x86_64.whl.metadata (9.1 kB)
2025-02-24T05:28:18.9516407Z Collecting pre-commit==4.1.0 (from toga-core==0.4.9.dev608+g01152b56b->toga-core==0.4.9.dev608+g01152b56b)
2025-02-24T05:28:18.9529168Z   Using cached pre_commit-4.1.0-py2.py3-none-any.whl.metadata (1.3 kB)
2025-02-24T05:28:19.0037902Z Collecting pytest==8.3.4 (from toga-core==0.4.9.dev608+g01152b56b->toga-core==0.4.9.dev608+g01152b56b)
2025-02-24T05:28:19.0051369Z   Using cached pytest-8.3.4-py3-none-any.whl.metadata (7.5 kB)
2025-02-24T05:28:19.0267029Z Collecting pytest-asyncio==0.25.3 (from toga-core==0.4.9.dev608+g01152b56b->toga-core==0.4.9.dev608+g01152b56b)
2025-02-24T05:28:19.0278640Z   Using cached pytest_asyncio-0.25.3-py3-none-any.whl.metadata (3.9 kB)
2025-02-24T05:28:19.0395439Z Collecting pytest-freezer==0.4.9 (from toga-core==0.4.9.dev608+g01152b56b->toga-core==0.4.9.dev608+g01152b56b)
2025-02-24T05:28:19.0407830Z   Using cached pytest_freezer-0.4.9-py3-none-any.whl.metadata (2.1 kB)
2025-02-24T05:28:19.0704078Z Collecting setuptools-scm==8.1.0 (from toga-core==0.4.9.dev608+g01152b56b->toga-core==0.4.9.dev608+g01152b56b)
2025-02-24T05:28:19.0715722Z   Using cached setuptools_scm-8.1.0-py3-none-any.whl.metadata (6.6 kB)
2025-02-24T05:28:19.1164454Z Collecting tox==4.24.1 (from toga-core==0.4.9.dev608+g01152b56b->toga-core==0.4.9.dev608+g01152b56b)
2025-02-24T05:28:19.1177108Z   Using cached tox-4.24.1-py3-none-any.whl.metadata (3.7 kB)
2025-02-24T05:28:19.1463842Z Collecting packaging>=20.4 (from coverage-conditional-plugin==0.9.0->toga-core==0.4.9.dev608+g01152b56b->toga-core==0.4.9.dev608+g01152b56b)
2025-02-24T05:28:19.1475954Z   Using cached packaging-24.2-py3-none-any.whl.metadata (3.2 kB)
2025-02-24T05:28:19.1640291Z Collecting tomli (from coverage[toml]==7.6.12; extra == "dev"->toga-core==0.4.9.dev608+g01152b56b->toga-core==0.4.9.dev608+g01152b56b)
2025-02-24T05:28:19.1651365Z   Using cached tomli-2.2.1-py3-none-any.whl.metadata (10 kB)
2025-02-24T05:28:19.1795789Z Collecting cfgv>=2.0.0 (from pre-commit==4.1.0->toga-core==0.4.9.dev608+g01152b56b->toga-core==0.4.9.dev608+g01152b56b)
2025-02-24T05:28:19.1826064Z   Using cached cfgv-3.4.0-py2.py3-none-any.whl.metadata (8.5 kB)
2025-02-24T05:28:19.2239413Z Collecting identify>=1.0.0 (from pre-commit==4.1.0->toga-core==0.4.9.dev608+g01152b56b->toga-core==0.4.9.dev608+g01152b56b)
2025-02-24T05:28:19.2251835Z   Using cached identify-2.6.8-py2.py3-none-any.whl.metadata (4.4 kB)
2025-02-24T05:28:19.2426338Z Collecting nodeenv>=0.11.1 (from pre-commit==4.1.0->toga-core==0.4.9.dev608+g01152b56b->toga-core==0.4.9.dev608+g01152b56b)
2025-02-24T05:28:19.2438042Z   Using cached nodeenv-1.9.1-py2.py3-none-any.whl.metadata (21 kB)
2025-02-24T05:28:19.2779641Z Collecting pyyaml>=5.1 (from pre-commit==4.1.0->toga-core==0.4.9.dev608+g01152b56b->toga-core==0.4.9.dev608+g01152b56b)
2025-02-24T05:28:19.2792779Z   Using cached PyYAML-6.0.2-cp310-cp310-manylinux_2_17_x86_64.manylinux2014_x86_64.whl.metadata (2.1 kB)
2025-02-24T05:28:19.3224775Z Collecting virtualenv>=20.10.0 (from pre-commit==4.1.0->toga-core==0.4.9.dev608+g01152b56b->toga-core==0.4.9.dev608+g01152b56b)
2025-02-24T05:28:19.3237901Z   Using cached virtualenv-20.29.2-py3-none-any.whl.metadata (4.5 kB)
2025-02-24T05:28:19.3441561Z Collecting exceptiongroup>=1.0.0rc8 (from pytest==8.3.4->toga-core==0.4.9.dev608+g01152b56b->toga-core==0.4.9.dev608+g01152b56b)
2025-02-24T05:28:19.3453626Z   Using cached exceptiongroup-1.2.2-py3-none-any.whl.metadata (6.6 kB)
2025-02-24T05:28:19.3561320Z Collecting iniconfig (from pytest==8.3.4->toga-core==0.4.9.dev608+g01152b56b->toga-core==0.4.9.dev608+g01152b56b)
2025-02-24T05:28:19.3573564Z   Using cached iniconfig-2.0.0-py3-none-any.whl.metadata (2.6 kB)
2025-02-24T05:28:19.3723750Z Collecting pluggy<2,>=1.5 (from pytest==8.3.4->toga-core==0.4.9.dev608+g01152b56b->toga-core==0.4.9.dev608+g01152b56b)
2025-02-24T05:28:19.3735645Z   Using cached pluggy-1.5.0-py3-none-any.whl.metadata (4.8 kB)
2025-02-24T05:28:19.4130244Z Collecting freezegun>=1.1 (from pytest-freezer==0.4.9->toga-core==0.4.9.dev608+g01152b56b->toga-core==0.4.9.dev608+g01152b56b)
2025-02-24T05:28:19.4141675Z   Using cached freezegun-1.5.1-py3-none-any.whl.metadata (11 kB)
2025-02-24T05:28:19.4209549Z Requirement already satisfied: setuptools in /home/runner/work/toga/toga/.tox/coverage310-trav/lib/python3.10/site-packages (from setuptools-scm==8.1.0->toga-core==0.4.9.dev608+g01152b56b->toga-core==0.4.9.dev608+g01152b56b) (75.8.0)
2025-02-24T05:28:19.4394286Z Collecting cachetools>=5.5 (from tox==4.24.1->toga-core==0.4.9.dev608+g01152b56b->toga-core==0.4.9.dev608+g01152b56b)
2025-02-24T05:28:19.4405986Z   Using cached cachetools-5.5.2-py3-none-any.whl.metadata (5.4 kB)
2025-02-24T05:28:19.4528386Z Collecting chardet>=5.2 (from tox==4.24.1->toga-core==0.4.9.dev608+g01152b56b->toga-core==0.4.9.dev608+g01152b56b)
2025-02-24T05:28:19.4539865Z   Using cached chardet-5.2.0-py3-none-any.whl.metadata (3.4 kB)
2025-02-24T05:28:19.4700063Z Collecting colorama>=0.4.6 (from tox==4.24.1->toga-core==0.4.9.dev608+g01152b56b->toga-core==0.4.9.dev608+g01152b56b)
2025-02-24T05:28:19.4711178Z   Using cached colorama-0.4.6-py2.py3-none-any.whl.metadata (17 kB)
2025-02-24T05:28:19.4916245Z Collecting filelock>=3.16.1 (from tox==4.24.1->toga-core==0.4.9.dev608+g01152b56b->toga-core==0.4.9.dev608+g01152b56b)
2025-02-24T05:28:19.4927654Z   Using cached filelock-3.17.0-py3-none-any.whl.metadata (2.9 kB)
2025-02-24T05:28:19.5147732Z Collecting platformdirs>=4.3.6 (from tox==4.24.1->toga-core==0.4.9.dev608+g01152b56b->toga-core==0.4.9.dev608+g01152b56b)
2025-02-24T05:28:19.5159264Z   Using cached platformdirs-4.3.6-py3-none-any.whl.metadata (11 kB)
2025-02-24T05:28:19.5312723Z Collecting pyproject-api>=1.8 (from tox==4.24.1->toga-core==0.4.9.dev608+g01152b56b->toga-core==0.4.9.dev608+g01152b56b)
2025-02-24T05:28:19.5324109Z   Using cached pyproject_api-1.9.0-py3-none-any.whl.metadata (2.7 kB)
2025-02-24T05:28:19.5522247Z Collecting typing-extensions>=4.12.2 (from tox==4.24.1->toga-core==0.4.9.dev608+g01152b56b->toga-core==0.4.9.dev608+g01152b56b)
2025-02-24T05:28:19.5533538Z   Using cached typing_extensions-4.12.2-py3-none-any.whl.metadata (3.0 kB)
2025-02-24T05:28:19.5889054Z Collecting python-dateutil>=2.7 (from freezegun>=1.1->pytest-freezer==0.4.9->toga-core==0.4.9.dev608+g01152b56b->toga-core==0.4.9.dev608+g01152b56b)
2025-02-24T05:28:19.5900323Z   Using cached python_dateutil-2.9.0.post0-py2.py3-none-any.whl.metadata (8.4 kB)
2025-02-24T05:28:19.6199946Z Collecting distlib<1,>=0.3.7 (from virtualenv>=20.10.0->pre-commit==4.1.0->toga-core==0.4.9.dev608+g01152b56b->toga-core==0.4.9.dev608+g01152b56b)
2025-02-24T05:28:19.6211105Z   Using cached distlib-0.3.9-py2.py3-none-any.whl.metadata (5.2 kB)
2025-02-24T05:28:19.6606551Z Collecting six>=1.5 (from python-dateutil>=2.7->freezegun>=1.1->pytest-freezer==0.4.9->toga-core==0.4.9.dev608+g01152b56b->toga-core==0.4.9.dev608+g01152b56b)
2025-02-24T05:28:19.6618764Z   Using cached six-1.17.0-py2.py3-none-any.whl.metadata (1.7 kB)
2025-02-24T05:28:19.6681721Z Using cached coverage-7.6.12-cp310-cp310-manylinux_2_5_x86_64.manylinux1_x86_64.manylinux_2_17_x86_64.manylinux2014_x86_64.whl (236 kB)
2025-02-24T05:28:19.6695478Z Using cached coverage_conditional_plugin-0.9.0-py3-none-any.whl (7.3 kB)
2025-02-24T05:28:19.6707273Z Using cached pillow-11.1.0-cp310-cp310-manylinux_2_28_x86_64.whl (4.5 MB)
2025-02-24T05:28:19.6756741Z Using cached pre_commit-4.1.0-py2.py3-none-any.whl (220 kB)
2025-02-24T05:28:19.6769877Z Using cached pytest-8.3.4-py3-none-any.whl (343 kB)
2025-02-24T05:28:19.6784504Z Using cached pytest_asyncio-0.25.3-py3-none-any.whl (19 kB)
2025-02-24T05:28:19.6796489Z Using cached pytest_freezer-0.4.9-py3-none-any.whl (3.2 kB)
2025-02-24T05:28:19.6807998Z Using cached setuptools_scm-8.1.0-py3-none-any.whl (43 kB)
2025-02-24T05:28:19.6820037Z Using cached tox-4.24.1-py3-none-any.whl (171 kB)
2025-02-24T05:28:19.6832374Z Using cached cachetools-5.5.2-py3-none-any.whl (10 kB)
2025-02-24T05:28:19.6844028Z Using cached cfgv-3.4.0-py2.py3-none-any.whl (7.2 kB)
2025-02-24T05:28:19.6855460Z Using cached chardet-5.2.0-py3-none-any.whl (199 kB)
2025-02-24T05:28:19.6869091Z Using cached colorama-0.4.6-py2.py3-none-any.whl (25 kB)
2025-02-24T05:28:19.6880979Z Using cached exceptiongroup-1.2.2-py3-none-any.whl (16 kB)
2025-02-24T05:28:19.6892593Z Using cached filelock-3.17.0-py3-none-any.whl (16 kB)
2025-02-24T05:28:19.6904260Z Using cached freezegun-1.5.1-py3-none-any.whl (17 kB)
2025-02-24T05:28:19.6915658Z Using cached identify-2.6.8-py2.py3-none-any.whl (99 kB)
2025-02-24T05:28:19.6929173Z Using cached nodeenv-1.9.1-py2.py3-none-any.whl (22 kB)
2025-02-24T05:28:19.6940795Z Using cached packaging-24.2-py3-none-any.whl (65 kB)
2025-02-24T05:28:19.6952911Z Using cached platformdirs-4.3.6-py3-none-any.whl (18 kB)
2025-02-24T05:28:19.6964698Z Using cached pluggy-1.5.0-py3-none-any.whl (20 kB)
2025-02-24T05:28:19.6976495Z Using cached pyproject_api-1.9.0-py3-none-any.whl (13 kB)
2025-02-24T05:28:19.6988935Z Using cached PyYAML-6.0.2-cp310-cp310-manylinux_2_17_x86_64.manylinux2014_x86_64.whl (751 kB)
2025-02-24T05:28:19.7006374Z Using cached tomli-2.2.1-py3-none-any.whl (14 kB)
2025-02-24T05:28:19.7018434Z Using cached typing_extensions-4.12.2-py3-none-any.whl (37 kB)
2025-02-24T05:28:19.7030150Z Using cached virtualenv-20.29.2-py3-none-any.whl (4.3 MB)
2025-02-24T05:28:19.7076298Z Using cached iniconfig-2.0.0-py3-none-any.whl (5.9 kB)
2025-02-24T05:28:19.7087883Z Using cached distlib-0.3.9-py2.py3-none-any.whl (468 kB)
2025-02-24T05:28:19.7103465Z Using cached python_dateutil-2.9.0.post0-py2.py3-none-any.whl (229 kB)
2025-02-24T05:28:19.7116554Z Using cached six-1.17.0-py2.py3-none-any.whl (11 kB)
2025-02-24T05:28:19.7984702Z Installing collected packages: distlib, typing-extensions, travertino, tomli, six, pyyaml, pluggy, platformdirs, Pillow, packaging, nodeenv, iniconfig, identify, filelock, exceptiongroup, coverage, colorama, chardet, cfgv, cachetools, virtualenv, toga-core, setuptools-scm, python-dateutil, pytest, pyproject-api, coverage-conditional-plugin, tox, toga-dummy, pytest-asyncio, pre-commit, freezegun, pytest-freezer
2025-02-24T05:28:21.3526763Z Successfully installed Pillow-11.1.0 cachetools-5.5.2 cfgv-3.4.0 chardet-5.2.0 colorama-0.4.6 coverage-7.6.12 coverage-conditional-plugin-0.9.0 distlib-0.3.9 exceptiongroup-1.2.2 filelock-3.17.0 freezegun-1.5.1 identify-2.6.8 iniconfig-2.0.0 nodeenv-1.9.1 packaging-24.2 platformdirs-4.3.6 pluggy-1.5.0 pre-commit-4.1.0 pyproject-api-1.9.0 pytest-8.3.4 pytest-asyncio-0.25.3 pytest-freezer-0.4.9 python-dateutil-2.9.0.post0 pyyaml-6.0.2 setuptools-scm-8.1.0 six-1.17.0 toga-core-0.4.9.dev608+g01152b56b toga-dummy-0.4.9.dev608+g01152b56b tomli-2.2.1 tox-4.24.1 travertino-0.4.9.dev608+g01152b56b typing-extensions-4.12.2 virtualenv-20.29.2
2025-02-24T05:28:21.5202650Z Combined data file .coverage.fv-az1670-365.2216.XPwJQpTx
2025-02-24T05:28:21.8727403Z Name    Stmts   Miss Branch BrPart   Cover   Missing
2025-02-24T05:28:21.8728309Z ----------------------------------------------------
2025-02-24T05:28:21.8728745Z TOTAL     874      0    180      0  100.0%
2025-02-24T05:28:21.8728986Z 
2025-02-24T05:28:21.8729128Z 13 files skipped due to complete coverage.
2025-02-24T05:28:21.9024291Z   coverage310-trav: OK (4.72 seconds)
2025-02-24T05:28:21.9024881Z   congratulations :) (4.90 seconds)
2025-02-24T05:28:21.9446163Z ##[group]Run actions/upload-artifact@v4.6.1
2025-02-24T05:28:21.9446459Z with:
2025-02-24T05:28:21.9446691Z   name: travertino-coverage-data-ubuntu-latest-3.10
2025-02-24T05:28:21.9446990Z   path: travertino/.coverage.*
2025-02-24T05:28:21.9447223Z   if-no-files-found: error
2025-02-24T05:28:21.9447444Z   include-hidden-files: true
2025-02-24T05:28:21.9447665Z   compression-level: 6
2025-02-24T05:28:21.9447874Z   overwrite: false
2025-02-24T05:28:21.9448046Z env:
2025-02-24T05:28:21.9448411Z   min_python_version: 3.9
2025-02-24T05:28:21.9448629Z   max_python_version: 3.12
2025-02-24T05:28:21.9448831Z   FORCE_COLOR: 1
2025-02-24T05:28:21.9449081Z   pythonLocation: /opt/hostedtoolcache/Python/3.10.16/x64
2025-02-24T05:28:21.9449485Z   PKG_CONFIG_PATH: /opt/hostedtoolcache/Python/3.10.16/x64/lib/pkgconfig
2025-02-24T05:28:21.9449893Z   Python_ROOT_DIR: /opt/hostedtoolcache/Python/3.10.16/x64
2025-02-24T05:28:21.9450245Z   Python2_ROOT_DIR: /opt/hostedtoolcache/Python/3.10.16/x64
2025-02-24T05:28:21.9450625Z   Python3_ROOT_DIR: /opt/hostedtoolcache/Python/3.10.16/x64
2025-02-24T05:28:21.9450976Z   LD_LIBRARY_PATH: /opt/hostedtoolcache/Python/3.10.16/x64/lib
2025-02-24T05:28:21.9451267Z ##[endgroup]
2025-02-24T05:28:22.1613022Z With the provided path, there will be 1 file uploaded
2025-02-24T05:28:22.1617897Z Artifact name is valid!
2025-02-24T05:28:22.1619622Z Root directory input is valid!
2025-02-24T05:28:22.2787265Z Beginning upload of artifact content to blob storage
2025-02-24T05:28:22.3624605Z Uploaded bytes 29817
2025-02-24T05:28:22.3811009Z Finished uploading artifact content to blob storage!
2025-02-24T05:28:22.3814082Z SHA256 hash of uploaded artifact zip is 686345edb561b1f73326497662c834bf0354a7a69f7267b6c6fc76cea8df00bc
2025-02-24T05:28:22.3816194Z Finalizing artifact upload
2025-02-24T05:28:22.4619975Z Artifact travertino-coverage-data-ubuntu-latest-3.10.zip successfully finalized. Artifact ID 2639030271
2025-02-24T05:28:22.4621711Z Artifact travertino-coverage-data-ubuntu-latest-3.10 has been successfully uploaded! Final size is 29817 bytes. Artifact ID is 2639030271
2025-02-24T05:28:22.4628631Z Artifact download URL: https://github.com/beeware/toga/actions/runs/13491433041/artifacts/2639030271
2025-02-24T05:28:22.4762410Z Post job cleanup.
2025-02-24T05:28:22.4799506Z Post job cleanup.
2025-02-24T05:28:22.5745819Z [command]/usr/bin/git version
2025-02-24T05:28:22.5786275Z git version 2.48.1
2025-02-24T05:28:22.5830659Z Temporarily overriding HOME='/home/runner/work/_temp/6c92a6d8-4b45-45be-8464-7927987d057e' before making global git config changes
2025-02-24T05:28:22.5831994Z Adding repository directory to the temporary git global config as a safe directory
2025-02-24T05:28:22.5844081Z [command]/usr/bin/git config --global --add safe.directory /home/runner/work/toga/toga/.github-beeware
2025-02-24T05:28:22.5880044Z [command]/usr/bin/git config --local --name-only --get-regexp core\.sshCommand
2025-02-24T05:28:22.5913176Z [command]/usr/bin/git submodule foreach --recursive sh -c "git config --local --name-only --get-regexp 'core\.sshCommand' && git config --local --unset-all 'core.sshCommand' || :"
2025-02-24T05:28:22.6154300Z [command]/usr/bin/git config --local --name-only --get-regexp http\.https\:\/\/github\.com\/\.extraheader
2025-02-24T05:28:22.6176818Z http.https://github.com/.extraheader
2025-02-24T05:28:22.6190297Z [command]/usr/bin/git config --local --unset-all http.https://github.com/.extraheader
2025-02-24T05:28:22.6222758Z [command]/usr/bin/git submodule foreach --recursive sh -c "git config --local --name-only --get-regexp 'http\.https\:\/\/github\.com\/\.extraheader' && git config --local --unset-all 'http.https://github.com/.extraheader' || :"
2025-02-24T05:28:22.6555012Z Post job cleanup.
2025-02-24T05:28:22.8223269Z Post job cleanup.
2025-02-24T05:28:22.9278911Z [command]/usr/bin/git version
2025-02-24T05:28:22.9321803Z git version 2.48.1
2025-02-24T05:28:22.9369000Z Temporarily overriding HOME='/home/runner/work/_temp/d0f4a5d5-9781-4210-82f2-747b59e7d98e' before making global git config changes
2025-02-24T05:28:22.9370544Z Adding repository directory to the temporary git global config as a safe directory
2025-02-24T05:28:22.9385941Z [command]/usr/bin/git config --global --add safe.directory /home/runner/work/toga/toga
2025-02-24T05:28:22.9424249Z [command]/usr/bin/git config --local --name-only --get-regexp core\.sshCommand
2025-02-24T05:28:22.9459813Z [command]/usr/bin/git submodule foreach --recursive sh -c "git config --local --name-only --get-regexp 'core\.sshCommand' && git config --local --unset-all 'core.sshCommand' || :"
2025-02-24T05:28:22.9724594Z [command]/usr/bin/git config --local --name-only --get-regexp http\.https\:\/\/github\.com\/\.extraheader
2025-02-24T05:28:22.9749414Z http.https://github.com/.extraheader
2025-02-24T05:28:22.9763117Z [command]/usr/bin/git config --local --unset-all http.https://github.com/.extraheader
2025-02-24T05:28:22.9799086Z [command]/usr/bin/git submodule foreach --recursive sh -c "git config --local --name-only --get-regexp 'http\.https\:\/\/github\.com\/\.extraheader' && git config --local --unset-all 'http.https://github.com/.extraheader' || :"
2025-02-24T05:28:23.0168949Z Cleaning up orphan processes
