2025-02-24T05:27:59.6111841Z Current runner version: '2.322.0'
2025-02-24T05:27:59.6138972Z ##[group]Operating System
2025-02-24T05:27:59.6139877Z Ubuntu
2025-02-24T05:27:59.6140396Z 24.04.1
2025-02-24T05:27:59.6140932Z LTS
2025-02-24T05:27:59.6141384Z ##[endgroup]
2025-02-24T05:27:59.6141909Z ##[group]Runner Image
2025-02-24T05:27:59.6142495Z Image: ubuntu-24.04
2025-02-24T05:27:59.6143038Z Version: 20250209.1.0
2025-02-24T05:27:59.6144065Z Included Software: https://github.com/actions/runner-images/blob/ubuntu24/20250209.1/images/ubuntu/Ubuntu2404-Readme.md
2025-02-24T05:27:59.6145543Z Image Release: https://github.com/actions/runner-images/releases/tag/ubuntu24%2F20250209.1
2025-02-24T05:27:59.6146401Z ##[endgroup]
2025-02-24T05:27:59.6146945Z ##[group]Runner Image Provisioner
2025-02-24T05:27:59.6147592Z 2.0.422.1
2025-02-24T05:27:59.6148286Z ##[endgroup]
2025-02-24T05:27:59.6150593Z ##[group]GITHUB_TOKEN Permissions
2025-02-24T05:27:59.6152557Z Actions: write
2025-02-24T05:27:59.6153404Z Attestations: write
2025-02-24T05:27:59.6154021Z Checks: write
2025-02-24T05:27:59.6154511Z Contents: write
2025-02-24T05:27:59.6155108Z Deployments: write
2025-02-24T05:27:59.6155626Z Discussions: write
2025-02-24T05:27:59.6156183Z Issues: write
2025-02-24T05:27:59.6156711Z Metadata: read
2025-02-24T05:27:59.6157180Z Packages: write
2025-02-24T05:27:59.6157721Z Pages: write
2025-02-24T05:27:59.6158469Z PullRequests: write
2025-02-24T05:27:59.6159027Z RepositoryProjects: write
2025-02-24T05:27:59.6159677Z SecurityEvents: write
2025-02-24T05:27:59.6160178Z Statuses: write
2025-02-24T05:27:59.6160678Z ##[endgroup]
2025-02-24T05:27:59.6163576Z Secret source: Actions
2025-02-24T05:27:59.6164293Z Prepare workflow directory
2025-02-24T05:27:59.6543394Z Prepare all required actions
2025-02-24T05:27:59.6579661Z Getting action download info
2025-02-24T05:27:59.8570569Z ##[group]Download immutable action package 'actions/checkout@v4.2.2'
2025-02-24T05:27:59.8571635Z Version: 4.2.2
2025-02-24T05:27:59.8572689Z Digest: sha256:ccb2698953eaebd21c7bf6268a94f9c26518a7e38e27e0b83c1fe1ad049819b1
2025-02-24T05:27:59.8573887Z Source commit SHA: 11bd71901bbe5b1630ceea73d27597364c9af683
2025-02-24T05:27:59.8574619Z ##[endgroup]
2025-02-24T05:27:59.9489343Z ##[group]Download immutable action package 'actions/setup-python@v5.4.0'
2025-02-24T05:27:59.9490077Z Version: 5.4.0
2025-02-24T05:27:59.9490720Z Digest: sha256:6003df952c8106bcd378d2ba997eef202da924317a57269dfa72449b135adb7f
2025-02-24T05:27:59.9491569Z Source commit SHA: 42375524e23c412d93fb67b49958b491fce71c38
2025-02-24T05:27:59.9492167Z ##[endgroup]
2025-02-24T05:28:00.1859655Z Download action repository 'beeware/.github@main' (SHA:a66b93162808d34adf5280c28104b75f8e0d70d3)
2025-02-24T05:28:00.3234024Z ##[group]Download immutable action package 'actions/download-artifact@v4.1.8'
2025-02-24T05:28:00.3234784Z Version: 4.1.8
2025-02-24T05:28:00.3235414Z Digest: sha256:917365d881f32f077924458e108599cbeed2ddd6092ee5edbe0da4d4b2eba355
2025-02-24T05:28:00.3236292Z Source commit SHA: fa0a91b85d4f404e444e00e005971372dc801d16
2025-02-24T05:28:00.3236909Z ##[endgroup]
2025-02-24T05:28:00.5213873Z ##[group]Download immutable action package 'actions/upload-artifact@v4.6.1'
2025-02-24T05:28:00.5215018Z Version: 4.6.1
2025-02-24T05:28:00.5215832Z Digest: sha256:3f6a28e7a1e0b5c8e2249e28da121a049fa5b91863b04390a46a82e4f8e2da98
2025-02-24T05:28:00.5216764Z Source commit SHA: 4cec3d8aa04e39d1a68397de0c4cd6fb9dce8ec1
2025-02-24T05:28:00.5217411Z ##[endgroup]
2025-02-24T05:28:00.8430663Z Getting action download info
2025-02-24T05:28:00.9422846Z ##[group]Download immutable action package 'actions/checkout@v4.1.6'
2025-02-24T05:28:00.9423798Z Version: 4.1.6
2025-02-24T05:28:00.9424663Z Digest: sha256:e526265eed1c91edf7a595929d1ceb1bb44ffcb89ce44093c9d79ce6e2db4d81
2025-02-24T05:28:00.9425837Z Source commit SHA: a5ac7e51b41094c92402da3b24376905380afc29
2025-02-24T05:28:00.9426646Z ##[endgroup]
2025-02-24T05:28:01.0913698Z Complete job name: Test travertino (ubuntu-latest, 3.11)
2025-02-24T05:28:01.1627900Z ##[group]Run actions/checkout@v4.2.2
2025-02-24T05:28:01.1629590Z with:
2025-02-24T05:28:01.1630294Z   fetch-depth: 0
2025-02-24T05:28:01.1631011Z   repository: beeware/toga
2025-02-24T05:28:01.1631949Z   token: ***
2025-02-24T05:28:01.1632691Z   ssh-strict: true
2025-02-24T05:28:01.1633399Z   ssh-user: git
2025-02-24T05:28:01.1634108Z   persist-credentials: true
2025-02-24T05:28:01.1634872Z   clean: true
2025-02-24T05:28:01.1635578Z   sparse-checkout-cone-mode: true
2025-02-24T05:28:01.1636369Z   fetch-tags: false
2025-02-24T05:28:01.1637067Z   show-progress: true
2025-02-24T05:28:01.1637776Z   lfs: false
2025-02-24T05:28:01.1638638Z   submodules: false
2025-02-24T05:28:01.1639349Z   set-safe-directory: true
2025-02-24T05:28:01.1640314Z env:
2025-02-24T05:28:01.1640993Z   min_python_version: 3.9
2025-02-24T05:28:01.1641747Z   max_python_version: 3.12
2025-02-24T05:28:01.1642479Z   FORCE_COLOR: 1
2025-02-24T05:28:01.1643156Z ##[endgroup]
2025-02-24T05:28:01.3734851Z Syncing repository: beeware/toga
2025-02-24T05:28:01.3736918Z ##[group]Getting Git version info
2025-02-24T05:28:01.3738296Z Working directory is '/home/runner/work/toga/toga'
2025-02-24T05:28:01.3739695Z [command]/usr/bin/git version
2025-02-24T05:28:01.3785401Z git version 2.48.1
2025-02-24T05:28:01.3814648Z ##[endgroup]
2025-02-24T05:28:01.3834257Z Temporarily overriding HOME='/home/runner/work/_temp/b5b7458f-cf0e-4417-a34c-cd56d9d779cd' before making global git config changes
2025-02-24T05:28:01.3836701Z Adding repository directory to the temporary git global config as a safe directory
2025-02-24T05:28:01.3838955Z [command]/usr/bin/git config --global --add safe.directory /home/runner/work/toga/toga
2025-02-24T05:28:01.3873213Z Deleting the contents of '/home/runner/work/toga/toga'
2025-02-24T05:28:01.3876914Z ##[group]Initializing the repository
2025-02-24T05:28:01.3880850Z [command]/usr/bin/git init /home/runner/work/toga/toga
2025-02-24T05:28:01.3956415Z hint: Using 'master' as the name for the initial branch. This default branch name
2025-02-24T05:28:01.3958379Z hint: is subject to change. To configure the initial branch name to use in all
2025-02-24T05:28:01.3959934Z hint: of your new repositories, which will suppress this warning, call:
2025-02-24T05:28:01.3961471Z hint:
2025-02-24T05:28:01.3962783Z hint: 	git config --global init.defaultBranch <name>
2025-02-24T05:28:01.3963899Z hint:
2025-02-24T05:28:01.3964949Z hint: Names commonly chosen instead of 'master' are 'main', 'trunk' and
2025-02-24T05:28:01.3966821Z hint: 'development'. The just-created branch can be renamed via this command:
2025-02-24T05:28:01.3968430Z hint:
2025-02-24T05:28:01.3969165Z hint: 	git branch -m <name>
2025-02-24T05:28:01.3970139Z Initialized empty Git repository in /home/runner/work/toga/toga/.git/
2025-02-24T05:28:01.3972886Z [command]/usr/bin/git remote add origin https://github.com/beeware/toga
2025-02-24T05:28:01.4007141Z ##[endgroup]
2025-02-24T05:28:01.4008577Z ##[group]Disabling automatic garbage collection
2025-02-24T05:28:01.4010884Z [command]/usr/bin/git config --local gc.auto 0
2025-02-24T05:28:01.4041343Z ##[endgroup]
2025-02-24T05:28:01.4043328Z ##[group]Setting up auth
2025-02-24T05:28:01.4049118Z [command]/usr/bin/git config --local --name-only --get-regexp core\.sshCommand
2025-02-24T05:28:01.4080164Z [command]/usr/bin/git submodule foreach --recursive sh -c "git config --local --name-only --get-regexp 'core\.sshCommand' && git config --local --unset-all 'core.sshCommand' || :"
2025-02-24T05:28:01.4393866Z [command]/usr/bin/git config --local --name-only --get-regexp http\.https\:\/\/github\.com\/\.extraheader
2025-02-24T05:28:01.4423117Z [command]/usr/bin/git submodule foreach --recursive sh -c "git config --local --name-only --get-regexp 'http\.https\:\/\/github\.com\/\.extraheader' && git config --local --unset-all 'http.https://github.com/.extraheader' || :"
2025-02-24T05:28:01.4649545Z [command]/usr/bin/git config --local http.https://github.com/.extraheader AUTHORIZATION: basic ***
2025-02-24T05:28:01.4695566Z ##[endgroup]
2025-02-24T05:28:01.4697377Z ##[group]Fetching the repository
2025-02-24T05:28:01.4705611Z [command]/usr/bin/git -c protocol.version=2 fetch --prune --no-recurse-submodules origin +refs/heads/*:refs/remotes/origin/* +refs/tags/*:refs/tags/*
2025-02-24T05:28:03.4910271Z From https://github.com/beeware/toga
2025-02-24T05:28:03.4915796Z  * [new branch]          main         -> origin/main
2025-02-24T05:28:03.4916611Z  * [new branch]          pre-0.5      -> origin/pre-0.5
2025-02-24T05:28:03.4917222Z  * [new tag]             0.2.6        -> 0.2.6
2025-02-24T05:28:03.4917869Z  * [new tag]             v0.0.1rc1    -> v0.0.1rc1
2025-02-24T05:28:03.4918782Z  * [new tag]             v0.0.1rc10   -> v0.0.1rc10
2025-02-24T05:28:03.4919504Z  * [new tag]             v0.0.1rc5    -> v0.0.1rc5
2025-02-24T05:28:03.4920146Z  * [new tag]             v0.0.1rc6    -> v0.0.1rc6
2025-02-24T05:28:03.4920748Z  * [new tag]             v0.1.0       -> v0.1.0
2025-02-24T05:28:03.4921458Z  * [new tag]             v0.1.1       -> v0.1.1
2025-02-24T05:28:03.4922025Z  * [new tag]             v0.1.2       -> v0.1.2
2025-02-24T05:28:03.4922710Z  * [new tag]             v0.2.0       -> v0.2.0
2025-02-24T05:28:03.4923611Z  * [new tag]             v0.2.0.dev1  -> v0.2.0.dev1
2025-02-24T05:28:03.4924218Z  * [new tag]             v0.2.1       -> v0.2.1
2025-02-24T05:28:03.4924895Z  * [new tag]             v0.2.10      -> v0.2.10
2025-02-24T05:28:03.4927359Z  * [new tag]             v0.2.11      -> v0.2.11
2025-02-24T05:28:03.4927966Z  * [new tag]             v0.2.12      -> v0.2.12
2025-02-24T05:28:03.4928734Z  * [new tag]             v0.2.13      -> v0.2.13
2025-02-24T05:28:03.4930085Z  * [new tag]             v0.2.14      -> v0.2.14
2025-02-24T05:28:03.4931740Z  * [new tag]             v0.2.15      -> v0.2.15
2025-02-24T05:28:03.4933173Z  * [new tag]             v0.2.2       -> v0.2.2
2025-02-24T05:28:03.4934515Z  * [new tag]             v0.2.3       -> v0.2.3
2025-02-24T05:28:03.4936157Z  * [new tag]             v0.2.4       -> v0.2.4
2025-02-24T05:28:03.4937510Z  * [new tag]             v0.2.5       -> v0.2.5
2025-02-24T05:28:03.4938990Z  * [new tag]             v0.2.6       -> v0.2.6
2025-02-24T05:28:03.4940581Z  * [new tag]             v0.2.7       -> v0.2.7
2025-02-24T05:28:03.4942028Z  * [new tag]             v0.2.8       -> v0.2.8
2025-02-24T05:28:03.4943528Z  * [new tag]             v0.2.9       -> v0.2.9
2025-02-24T05:28:03.4945154Z  * [new tag]             v0.3.0       -> v0.3.0
2025-02-24T05:28:03.4947038Z  * [new tag]             v0.3.0.dev1  -> v0.3.0.dev1
2025-02-24T05:28:03.4948433Z  * [new tag]             v0.3.0.dev10 -> v0.3.0.dev10
2025-02-24T05:28:03.4949579Z  * [new tag]             v0.3.0.dev11 -> v0.3.0.dev11
2025-02-24T05:28:03.4951233Z  * [new tag]             v0.3.0.dev12 -> v0.3.0.dev12
2025-02-24T05:28:03.4952453Z  * [new tag]             v0.3.0.dev13 -> v0.3.0.dev13
2025-02-24T05:28:03.4954088Z  * [new tag]             v0.3.0.dev14 -> v0.3.0.dev14
2025-02-24T05:28:03.4955415Z  * [new tag]             v0.3.0.dev15 -> v0.3.0.dev15
2025-02-24T05:28:03.4957011Z  * [new tag]             v0.3.0.dev16 -> v0.3.0.dev16
2025-02-24T05:28:03.4958529Z  * [new tag]             v0.3.0.dev17 -> v0.3.0.dev17
2025-02-24T05:28:03.4959915Z  * [new tag]             v0.3.0.dev18 -> v0.3.0.dev18
2025-02-24T05:28:03.4961350Z  * [new tag]             v0.3.0.dev19 -> v0.3.0.dev19
2025-02-24T05:28:03.4962748Z  * [new tag]             v0.3.0.dev2  -> v0.3.0.dev2
2025-02-24T05:28:03.4964413Z  * [new tag]             v0.3.0.dev20 -> v0.3.0.dev20
2025-02-24T05:28:03.4965645Z  * [new tag]             v0.3.0.dev21 -> v0.3.0.dev21
2025-02-24T05:28:03.4967368Z  * [new tag]             v0.3.0.dev22 -> v0.3.0.dev22
2025-02-24T05:28:03.4968864Z  * [new tag]             v0.3.0.dev23 -> v0.3.0.dev23
2025-02-24T05:28:03.4970642Z  * [new tag]             v0.3.0.dev24 -> v0.3.0.dev24
2025-02-24T05:28:03.4971943Z  * [new tag]             v0.3.0.dev25 -> v0.3.0.dev25
2025-02-24T05:28:03.4973590Z  * [new tag]             v0.3.0.dev26 -> v0.3.0.dev26
2025-02-24T05:28:03.4975152Z  * [new tag]             v0.3.0.dev27 -> v0.3.0.dev27
2025-02-24T05:28:03.4976372Z  * [new tag]             v0.3.0.dev28 -> v0.3.0.dev28
2025-02-24T05:28:03.4977931Z  * [new tag]             v0.3.0.dev29 -> v0.3.0.dev29
2025-02-24T05:28:03.4979543Z  * [new tag]             v0.3.0.dev3  -> v0.3.0.dev3
2025-02-24T05:28:03.4981182Z  * [new tag]             v0.3.0.dev30 -> v0.3.0.dev30
2025-02-24T05:28:03.4982475Z  * [new tag]             v0.3.0.dev32 -> v0.3.0.dev32
2025-02-24T05:28:03.4984131Z  * [new tag]             v0.3.0.dev33 -> v0.3.0.dev33
2025-02-24T05:28:03.4985445Z  * [new tag]             v0.3.0.dev34 -> v0.3.0.dev34
2025-02-24T05:28:03.4986964Z  * [new tag]             v0.3.0.dev35 -> v0.3.0.dev35
2025-02-24T05:28:03.4988761Z  * [new tag]             v0.3.0.dev36 -> v0.3.0.dev36
2025-02-24T05:28:03.4990035Z  * [new tag]             v0.3.0.dev37 -> v0.3.0.dev37
2025-02-24T05:28:03.4991570Z  * [new tag]             v0.3.0.dev38 -> v0.3.0.dev38
2025-02-24T05:28:03.4992911Z  * [new tag]             v0.3.0.dev39 -> v0.3.0.dev39
2025-02-24T05:28:03.4994436Z  * [new tag]             v0.3.0.dev4  -> v0.3.0.dev4
2025-02-24T05:28:03.4995822Z  * [new tag]             v0.3.0.dev5  -> v0.3.0.dev5
2025-02-24T05:28:03.4997468Z  * [new tag]             v0.3.0.dev6  -> v0.3.0.dev6
2025-02-24T05:28:03.4998991Z  * [new tag]             v0.3.0.dev7  -> v0.3.0.dev7
2025-02-24T05:28:03.5000326Z  * [new tag]             v0.3.0.dev8  -> v0.3.0.dev8
2025-02-24T05:28:03.5002020Z  * [new tag]             v0.3.0.dev9  -> v0.3.0.dev9
2025-02-24T05:28:03.5003295Z  * [new tag]             v0.3.0rc0    -> v0.3.0rc0
2025-02-24T05:28:03.5005069Z  * [new tag]             v0.3.1       -> v0.3.1
2025-02-24T05:28:03.5006411Z  * [new tag]             v0.4.0       -> v0.4.0
2025-02-24T05:28:03.5008238Z  * [new tag]             v0.4.1       -> v0.4.1
2025-02-24T05:28:03.5009993Z  * [new tag]             v0.4.2       -> v0.4.2
2025-02-24T05:28:03.5011287Z  * [new tag]             v0.4.3       -> v0.4.3
2025-02-24T05:28:03.5012955Z  * [new tag]             v0.4.4       -> v0.4.4
2025-02-24T05:28:03.5014331Z  * [new tag]             v0.4.5       -> v0.4.5
2025-02-24T05:28:03.5015987Z  * [new tag]             v0.4.6       -> v0.4.6
2025-02-24T05:28:03.5017327Z  * [new tag]             v0.4.7       -> v0.4.7
2025-02-24T05:28:03.5019200Z  * [new tag]             v0.4.8       -> v0.4.8
2025-02-24T05:28:03.5020283Z  * [new tag]             v0.4.9       -> v0.4.9
2025-02-24T05:28:03.5068644Z [command]/usr/bin/git branch --list --remote origin/main
2025-02-24T05:28:03.5091588Z   origin/main
2025-02-24T05:28:03.5100660Z [command]/usr/bin/git rev-parse refs/remotes/origin/main
2025-02-24T05:28:03.5121130Z 01152b56b9607a5cc1dabb9e94970cc589baff01
2025-02-24T05:28:03.5127000Z ##[endgroup]
2025-02-24T05:28:03.5127938Z ##[group]Determining the checkout info
2025-02-24T05:28:03.5129181Z ##[endgroup]
2025-02-24T05:28:03.5133620Z [command]/usr/bin/git sparse-checkout disable
2025-02-24T05:28:03.5176472Z [command]/usr/bin/git config --local --unset-all extensions.worktreeConfig
2025-02-24T05:28:03.5202132Z ##[group]Checking out the ref
2025-02-24T05:28:03.5206592Z [command]/usr/bin/git checkout --progress --force -B main refs/remotes/origin/main
2025-02-24T05:28:03.6974194Z Switched to a new branch 'main'
2025-02-24T05:28:03.6975760Z branch 'main' set up to track 'origin/main'.
2025-02-24T05:28:03.6993910Z ##[endgroup]
2025-02-24T05:28:03.7035575Z [command]/usr/bin/git log -1 --format=%H
2025-02-24T05:28:03.7060100Z 01152b56b9607a5cc1dabb9e94970cc589baff01
2025-02-24T05:28:03.7283494Z ##[group]Run actions/setup-python@v5.4.0
2025-02-24T05:28:03.7283786Z with:
2025-02-24T05:28:03.7283974Z   python-version: 3.11
2025-02-24T05:28:03.7284189Z   allow-prereleases: true
2025-02-24T05:28:03.7284399Z   check-latest: false
2025-02-24T05:28:03.7284728Z   token: ***
2025-02-24T05:28:03.7284927Z   update-environment: true
2025-02-24T05:28:03.7285142Z env:
2025-02-24T05:28:03.7285311Z   min_python_version: 3.9
2025-02-24T05:28:03.7285526Z   max_python_version: 3.12
2025-02-24T05:28:03.7285732Z   FORCE_COLOR: 1
2025-02-24T05:28:03.7285912Z ##[endgroup]
2025-02-24T05:28:03.9011967Z ##[group]Installed versions
2025-02-24T05:28:03.9074857Z Successfully set up CPython (3.11.11)
2025-02-24T05:28:03.9075548Z ##[endgroup]
2025-02-24T05:28:03.9227162Z ##[group]Run beeware/.github/.github/actions/install-requirement@main
2025-02-24T05:28:03.9227552Z with:
2025-02-24T05:28:03.9227740Z   requirements: tox
2025-02-24T05:28:03.9227938Z   extra: dev
2025-02-24T05:28:03.9228286Z   project-root: travertino
2025-02-24T05:28:03.9228517Z   workflow-repo: beeware/.github
2025-02-24T05:28:03.9228745Z env:
2025-02-24T05:28:03.9228917Z   min_python_version: 3.9
2025-02-24T05:28:03.9229133Z   max_python_version: 3.12
2025-02-24T05:28:03.9229333Z   FORCE_COLOR: 1
2025-02-24T05:28:03.9229586Z   pythonLocation: /opt/hostedtoolcache/Python/3.11.11/x64
2025-02-24T05:28:03.9230011Z   PKG_CONFIG_PATH: /opt/hostedtoolcache/Python/3.11.11/x64/lib/pkgconfig
2025-02-24T05:28:03.9230409Z   Python_ROOT_DIR: /opt/hostedtoolcache/Python/3.11.11/x64
2025-02-24T05:28:03.9230765Z   Python2_ROOT_DIR: /opt/hostedtoolcache/Python/3.11.11/x64
2025-02-24T05:28:03.9231136Z   Python3_ROOT_DIR: /opt/hostedtoolcache/Python/3.11.11/x64
2025-02-24T05:28:03.9231513Z   LD_LIBRARY_PATH: /opt/hostedtoolcache/Python/3.11.11/x64/lib
2025-02-24T05:28:03.9231809Z ##[endgroup]
2025-02-24T05:28:03.9353278Z ##[group]Run actions/checkout@v4.1.6
2025-02-24T05:28:03.9353534Z with:
2025-02-24T05:28:03.9353724Z   repository: beeware/.github
2025-02-24T05:28:03.9353962Z   path: .github-beeware
2025-02-24T05:28:03.9354286Z   token: ***
2025-02-24T05:28:03.9354472Z   ssh-strict: true
2025-02-24T05:28:03.9354658Z   ssh-user: git
2025-02-24T05:28:03.9354869Z   persist-credentials: true
2025-02-24T05:28:03.9355091Z   clean: true
2025-02-24T05:28:03.9355294Z   sparse-checkout-cone-mode: true
2025-02-24T05:28:03.9355531Z   fetch-depth: 1
2025-02-24T05:28:03.9355719Z   fetch-tags: false
2025-02-24T05:28:03.9355931Z   show-progress: true
2025-02-24T05:28:03.9356135Z   lfs: false
2025-02-24T05:28:03.9356309Z   submodules: false
2025-02-24T05:28:03.9356514Z   set-safe-directory: true
2025-02-24T05:28:03.9356724Z env:
2025-02-24T05:28:03.9356899Z   min_python_version: 3.9
2025-02-24T05:28:03.9357119Z   max_python_version: 3.12
2025-02-24T05:28:03.9357323Z   FORCE_COLOR: 1
2025-02-24T05:28:03.9357563Z   pythonLocation: /opt/hostedtoolcache/Python/3.11.11/x64
2025-02-24T05:28:03.9357966Z   PKG_CONFIG_PATH: /opt/hostedtoolcache/Python/3.11.11/x64/lib/pkgconfig
2025-02-24T05:28:03.9358535Z   Python_ROOT_DIR: /opt/hostedtoolcache/Python/3.11.11/x64
2025-02-24T05:28:03.9358890Z   Python2_ROOT_DIR: /opt/hostedtoolcache/Python/3.11.11/x64
2025-02-24T05:28:03.9359243Z   Python3_ROOT_DIR: /opt/hostedtoolcache/Python/3.11.11/x64
2025-02-24T05:28:03.9359595Z   LD_LIBRARY_PATH: /opt/hostedtoolcache/Python/3.11.11/x64/lib
2025-02-24T05:28:03.9359885Z ##[endgroup]
2025-02-24T05:28:04.0289704Z Syncing repository: beeware/.github
2025-02-24T05:28:04.0294817Z ##[group]Getting Git version info
2025-02-24T05:28:04.0295487Z Working directory is '/home/runner/work/toga/toga/.github-beeware'
2025-02-24T05:28:04.0335899Z [command]/usr/bin/git version
2025-02-24T05:28:04.0374739Z git version 2.48.1
2025-02-24T05:28:04.0400472Z ##[endgroup]
2025-02-24T05:28:04.0413633Z Temporarily overriding HOME='/home/runner/work/_temp/818a014e-8616-4b40-b1fb-57f32baa3d3b' before making global git config changes
2025-02-24T05:28:04.0414818Z Adding repository directory to the temporary git global config as a safe directory
2025-02-24T05:28:04.0426535Z [command]/usr/bin/git config --global --add safe.directory /home/runner/work/toga/toga/.github-beeware
2025-02-24T05:28:04.0457895Z ##[group]Initializing the repository
2025-02-24T05:28:04.0463112Z [command]/usr/bin/git init /home/runner/work/toga/toga/.github-beeware
2025-02-24T05:28:04.0501091Z hint: Using 'master' as the name for the initial branch. This default branch name
2025-02-24T05:28:04.0502201Z hint: is subject to change. To configure the initial branch name to use in all
2025-02-24T05:28:04.0503026Z hint: of your new repositories, which will suppress this warning, call:
2025-02-24T05:28:04.0503898Z hint:
2025-02-24T05:28:04.0504246Z hint: 	git config --global init.defaultBranch <name>
2025-02-24T05:28:04.0504757Z hint:
2025-02-24T05:28:04.0505060Z hint: Names commonly chosen instead of 'master' are 'main', 'trunk' and
2025-02-24T05:28:04.0505530Z hint: 'development'. The just-created branch can be renamed via this command:
2025-02-24T05:28:04.0505879Z hint:
2025-02-24T05:28:04.0506067Z hint: 	git branch -m <name>
2025-02-24T05:28:04.0506448Z Initialized empty Git repository in /home/runner/work/toga/toga/.github-beeware/.git/
2025-02-24T05:28:04.0513241Z [command]/usr/bin/git remote add origin https://github.com/beeware/.github
2025-02-24T05:28:04.0546123Z ##[endgroup]
2025-02-24T05:28:04.0546722Z ##[group]Disabling automatic garbage collection
2025-02-24T05:28:04.0551076Z [command]/usr/bin/git config --local gc.auto 0
2025-02-24T05:28:04.0578987Z ##[endgroup]
2025-02-24T05:28:04.0579403Z ##[group]Setting up auth
2025-02-24T05:28:04.0585358Z [command]/usr/bin/git config --local --name-only --get-regexp core\.sshCommand
2025-02-24T05:28:04.0614692Z [command]/usr/bin/git submodule foreach --recursive sh -c "git config --local --name-only --get-regexp 'core\.sshCommand' && git config --local --unset-all 'core.sshCommand' || :"
2025-02-24T05:28:04.0850812Z [command]/usr/bin/git config --local --name-only --get-regexp http\.https\:\/\/github\.com\/\.extraheader
2025-02-24T05:28:04.0882796Z [command]/usr/bin/git submodule foreach --recursive sh -c "git config --local --name-only --get-regexp 'http\.https\:\/\/github\.com\/\.extraheader' && git config --local --unset-all 'http.https://github.com/.extraheader' || :"
2025-02-24T05:28:04.1116031Z [command]/usr/bin/git config --local http.https://github.com/.extraheader AUTHORIZATION: basic ***
2025-02-24T05:28:04.1162616Z ##[endgroup]
2025-02-24T05:28:04.1163328Z ##[group]Determining the default branch
2025-02-24T05:28:04.1166688Z Retrieving the default branch name
2025-02-24T05:28:05.2265289Z Default branch 'main'
2025-02-24T05:28:05.2266908Z ##[endgroup]
2025-02-24T05:28:05.2267949Z ##[group]Fetching the repository
2025-02-24T05:28:05.2277421Z [command]/usr/bin/git -c protocol.version=2 fetch --no-tags --prune --no-recurse-submodules --depth=1 origin +refs/heads/main:refs/remotes/origin/main
2025-02-24T05:28:05.4839311Z From https://github.com/beeware/.github
2025-02-24T05:28:05.4840401Z  * [new branch]      main       -> origin/main
2025-02-24T05:28:05.4866849Z ##[endgroup]
2025-02-24T05:28:05.4867440Z ##[group]Determining the checkout info
2025-02-24T05:28:05.4868961Z ##[endgroup]
2025-02-24T05:28:05.4874758Z [command]/usr/bin/git sparse-checkout disable
2025-02-24T05:28:05.4912336Z [command]/usr/bin/git config --local --unset-all extensions.worktreeConfig
2025-02-24T05:28:05.4941708Z ##[group]Checking out the ref
2025-02-24T05:28:05.4946245Z [command]/usr/bin/git checkout --progress --force -B main refs/remotes/origin/main
2025-02-24T05:28:05.5015870Z Switched to a new branch 'main'
2025-02-24T05:28:05.5019237Z branch 'main' set up to track 'origin/main'.
2025-02-24T05:28:05.5024454Z ##[endgroup]
2025-02-24T05:28:05.5061953Z [command]/usr/bin/git log -1 --format='%H'
2025-02-24T05:28:05.5086192Z 'a66b93162808d34adf5280c28104b75f8e0d70d3'
2025-02-24T05:28:05.5233894Z ##[group]Run echo "project-root=$(cd "travertino"; pwd -P)" | tee -a ${GITHUB_OUTPUT}
2025-02-24T05:28:05.5234875Z [36;1mecho "project-root=$(cd "travertino"; pwd -P)" | tee -a ${GITHUB_OUTPUT}[0m
2025-02-24T05:28:05.5469822Z shell: /usr/bin/bash --noprofile --norc -e -o pipefail {0}
2025-02-24T05:28:05.5470363Z env:
2025-02-24T05:28:05.5470653Z   min_python_version: 3.9
2025-02-24T05:28:05.5471017Z   max_python_version: 3.12
2025-02-24T05:28:05.5471359Z   FORCE_COLOR: 1
2025-02-24T05:28:05.5471779Z   pythonLocation: /opt/hostedtoolcache/Python/3.11.11/x64
2025-02-24T05:28:05.5472476Z   PKG_CONFIG_PATH: /opt/hostedtoolcache/Python/3.11.11/x64/lib/pkgconfig
2025-02-24T05:28:05.5473196Z   Python_ROOT_DIR: /opt/hostedtoolcache/Python/3.11.11/x64
2025-02-24T05:28:05.5474123Z   Python2_ROOT_DIR: /opt/hostedtoolcache/Python/3.11.11/x64
2025-02-24T05:28:05.5475037Z   Python3_ROOT_DIR: /opt/hostedtoolcache/Python/3.11.11/x64
2025-02-24T05:28:05.5475901Z   LD_LIBRARY_PATH: /opt/hostedtoolcache/Python/3.11.11/x64/lib
2025-02-24T05:28:05.5476416Z ##[endgroup]
2025-02-24T05:28:05.5625581Z project-root=/home/runner/work/toga/toga/travertino
2025-02-24T05:28:05.5693967Z ##[group]Run python -m pip install --upgrade pip
2025-02-24T05:28:05.5694582Z [36;1mpython -m pip install --upgrade pip[0m
2025-02-24T05:28:05.5695207Z [36;1mpython -m pip install --upgrade setuptools build wheel[0m
2025-02-24T05:28:05.5751403Z shell: /usr/bin/bash --noprofile --norc -e -o pipefail {0}
2025-02-24T05:28:05.5751737Z env:
2025-02-24T05:28:05.5751947Z   min_python_version: 3.9
2025-02-24T05:28:05.5752179Z   max_python_version: 3.12
2025-02-24T05:28:05.5752383Z   FORCE_COLOR: 1
2025-02-24T05:28:05.5752640Z   pythonLocation: /opt/hostedtoolcache/Python/3.11.11/x64
2025-02-24T05:28:05.5753073Z   PKG_CONFIG_PATH: /opt/hostedtoolcache/Python/3.11.11/x64/lib/pkgconfig
2025-02-24T05:28:05.5753490Z   Python_ROOT_DIR: /opt/hostedtoolcache/Python/3.11.11/x64
2025-02-24T05:28:05.5753866Z   Python2_ROOT_DIR: /opt/hostedtoolcache/Python/3.11.11/x64
2025-02-24T05:28:05.5754231Z   Python3_ROOT_DIR: /opt/hostedtoolcache/Python/3.11.11/x64
2025-02-24T05:28:05.5754591Z   LD_LIBRARY_PATH: /opt/hostedtoolcache/Python/3.11.11/x64/lib
2025-02-24T05:28:05.5754884Z ##[endgroup]
2025-02-24T05:28:09.9124728Z Requirement already satisfied: pip in /opt/hostedtoolcache/Python/3.11.11/x64/lib/python3.11/site-packages (25.0.1)
2025-02-24T05:28:10.9857654Z Requirement already satisfied: setuptools in /opt/hostedtoolcache/Python/3.11.11/x64/lib/python3.11/site-packages (65.5.0)
2025-02-24T05:28:11.1468705Z Collecting setuptools
2025-02-24T05:28:11.1925797Z   Downloading setuptools-75.8.0-py3-none-any.whl.metadata (6.7 kB)
2025-02-24T05:28:11.2218808Z Collecting build
2025-02-24T05:28:11.2292478Z   Downloading build-1.2.2.post1-py3-none-any.whl.metadata (6.5 kB)
2025-02-24T05:28:11.2571548Z Collecting wheel
2025-02-24T05:28:11.2645627Z   Downloading wheel-0.45.1-py3-none-any.whl.metadata (2.3 kB)
2025-02-24T05:28:11.2879566Z Collecting packaging>=19.1 (from build)
2025-02-24T05:28:11.2953129Z   Downloading packaging-24.2-py3-none-any.whl.metadata (3.2 kB)
2025-02-24T05:28:11.3107430Z Collecting pyproject_hooks (from build)
2025-02-24T05:28:11.3179242Z   Downloading pyproject_hooks-1.2.0-py3-none-any.whl.metadata (1.3 kB)
2025-02-24T05:28:11.3294286Z Downloading setuptools-75.8.0-py3-none-any.whl (1.2 MB)
2025-02-24T05:28:11.3652316Z [?25l   [90m━━━━━━━━━━━━━━━━━━━━━━━━━━━━━━━━━━━━━━━━[0m [32m0.0/1.2 MB[0m [31m?[0m eta [36m-:--:--[0m
2025-02-24T05:28:11.3653175Z [2K   [90m━━━━━━━━━━━━━━━━━━━━━━━━━━━━━━━━━━━━━━━━[0m [32m1.2/1.2 MB[0m [31m60.7 MB/s[0m eta [36m0:00:00[0m
2025-02-24T05:28:11.3722429Z [?25hDownloading build-1.2.2.post1-py3-none-any.whl (22 kB)
2025-02-24T05:28:11.3818532Z Downloading wheel-0.45.1-py3-none-any.whl (72 kB)
2025-02-24T05:28:11.3916959Z Downloading packaging-24.2-py3-none-any.whl (65 kB)
2025-02-24T05:28:11.4013420Z Downloading pyproject_hooks-1.2.0-py3-none-any.whl (10 kB)
2025-02-24T05:28:11.4630232Z Installing collected packages: wheel, setuptools, pyproject_hooks, packaging, build
2025-02-24T05:28:11.5051547Z   Attempting uninstall: setuptools
2025-02-24T05:28:11.5069495Z     Found existing installation: setuptools 65.5.0
2025-02-24T05:28:11.5255427Z     Uninstalling setuptools-65.5.0:
2025-02-24T05:28:11.5345515Z       Successfully uninstalled setuptools-65.5.0
2025-02-24T05:28:12.3763437Z Successfully installed build-1.2.2.post1 packaging-24.2 pyproject_hooks-1.2.0 setuptools-75.8.0 wheel-0.45.1
2025-02-24T05:28:12.4540714Z ##[group]Run python -m install_requirement tox \
2025-02-24T05:28:12.4541317Z [36;1mpython -m install_requirement tox \[0m
2025-02-24T05:28:12.4541804Z [36;1m  --extra "dev" \[0m
2025-02-24T05:28:12.4542408Z [36;1m  --project-root "$(printf -- "%q" "/home/runner/work/toga/toga/travertino")"[0m
2025-02-24T05:28:12.4621687Z shell: /usr/bin/bash --noprofile --norc -e -o pipefail {0}
2025-02-24T05:28:12.4622475Z env:
2025-02-24T05:28:12.4622794Z   min_python_version: 3.9
2025-02-24T05:28:12.4623180Z   max_python_version: 3.12
2025-02-24T05:28:12.4623565Z   FORCE_COLOR: 1
2025-02-24T05:28:12.4624015Z   pythonLocation: /opt/hostedtoolcache/Python/3.11.11/x64
2025-02-24T05:28:12.4624751Z   PKG_CONFIG_PATH: /opt/hostedtoolcache/Python/3.11.11/x64/lib/pkgconfig
2025-02-24T05:28:12.4625531Z   Python_ROOT_DIR: /opt/hostedtoolcache/Python/3.11.11/x64
2025-02-24T05:28:12.4626213Z   Python2_ROOT_DIR: /opt/hostedtoolcache/Python/3.11.11/x64
2025-02-24T05:28:12.4626884Z   Python3_ROOT_DIR: /opt/hostedtoolcache/Python/3.11.11/x64
2025-02-24T05:28:12.4627547Z   LD_LIBRARY_PATH: /opt/hostedtoolcache/Python/3.11.11/x64/lib
2025-02-24T05:28:12.4628357Z ##[endgroup]
2025-02-24T05:28:13.0644190Z Installing tox==4.24.1...
2025-02-24T05:28:13.9770799Z Collecting tox==4.24.1
2025-02-24T05:28:14.0223715Z   Downloading tox-4.24.1-py3-none-any.whl.metadata (3.7 kB)
2025-02-24T05:28:14.0452106Z Collecting cachetools>=5.5 (from tox==4.24.1)
2025-02-24T05:28:14.0526650Z   Downloading cachetools-5.5.2-py3-none-any.whl.metadata (5.4 kB)
2025-02-24T05:28:14.0695595Z Collecting chardet>=5.2 (from tox==4.24.1)
2025-02-24T05:28:14.0771115Z   Downloading chardet-5.2.0-py3-none-any.whl.metadata (3.4 kB)
2025-02-24T05:28:14.0969576Z Collecting colorama>=0.4.6 (from tox==4.24.1)
2025-02-24T05:28:14.1045431Z   Downloading colorama-0.4.6-py2.py3-none-any.whl.metadata (17 kB)
2025-02-24T05:28:14.1399370Z Collecting filelock>=3.16.1 (from tox==4.24.1)
2025-02-24T05:28:14.1472357Z   Downloading filelock-3.17.0-py3-none-any.whl.metadata (2.9 kB)
2025-02-24T05:28:14.1527557Z Requirement already satisfied: packaging>=24.2 in /opt/hostedtoolcache/Python/3.11.11/x64/lib/python3.11/site-packages (from tox==4.24.1) (24.2)
2025-02-24T05:28:14.1698855Z Collecting platformdirs>=4.3.6 (from tox==4.24.1)
2025-02-24T05:28:14.1774304Z   Downloading platformdirs-4.3.6-py3-none-any.whl.metadata (11 kB)
2025-02-24T05:28:14.1977839Z Collecting pluggy>=1.5 (from tox==4.24.1)
2025-02-24T05:28:14.2049556Z   Downloading pluggy-1.5.0-py3-none-any.whl.metadata (4.8 kB)
2025-02-24T05:28:14.2218263Z Collecting pyproject-api>=1.8 (from tox==4.24.1)
2025-02-24T05:28:14.2290575Z   Downloading pyproject_api-1.9.0-py3-none-any.whl.metadata (2.7 kB)
2025-02-24T05:28:14.2704840Z Collecting virtualenv>=20.27.1 (from tox==4.24.1)
2025-02-24T05:28:14.2777315Z   Downloading virtualenv-20.29.2-py3-none-any.whl.metadata (4.5 kB)
2025-02-24T05:28:14.3039324Z Collecting distlib<1,>=0.3.7 (from virtualenv>=20.27.1->tox==4.24.1)
2025-02-24T05:28:14.3110441Z   Downloading distlib-0.3.9-py2.py3-none-any.whl.metadata (5.2 kB)
2025-02-24T05:28:14.3279535Z Downloading tox-4.24.1-py3-none-any.whl (171 kB)
2025-02-24T05:28:14.3509796Z Downloading cachetools-5.5.2-py3-none-any.whl (10 kB)
2025-02-24T05:28:14.3605160Z Downloading chardet-5.2.0-py3-none-any.whl (199 kB)
2025-02-24T05:28:14.3742303Z Downloading colorama-0.4.6-py2.py3-none-any.whl (25 kB)
2025-02-24T05:28:14.3841445Z Downloading filelock-3.17.0-py3-none-any.whl (16 kB)
2025-02-24T05:28:14.3934188Z Downloading platformdirs-4.3.6-py3-none-any.whl (18 kB)
2025-02-24T05:28:14.4031634Z Downloading pluggy-1.5.0-py3-none-any.whl (20 kB)
2025-02-24T05:28:14.4133795Z Downloading pyproject_api-1.9.0-py3-none-any.whl (13 kB)
2025-02-24T05:28:14.4228533Z Downloading virtualenv-20.29.2-py3-none-any.whl (4.3 MB)
2025-02-24T05:28:14.4556583Z [?25l   [90m━━━━━━━━━━━━━━━━━━━━━━━━━━━━━━━━━━━━━━━━[0m [32m0.0/4.3 MB[0m [31m?[0m eta [36m-:--:--[0m
2025-02-24T05:28:14.4557411Z [2K   [90m━━━━━━━━━━━━━━━━━━━━━━━━━━━━━━━━━━━━━━━━[0m [32m4.3/4.3 MB[0m [31m141.8 MB/s[0m eta [36m0:00:00[0m
2025-02-24T05:28:14.4632029Z [?25hDownloading distlib-0.3.9-py2.py3-none-any.whl (468 kB)
2025-02-24T05:28:14.5049111Z Installing collected packages: distlib, pyproject-api, pluggy, platformdirs, filelock, colorama, chardet, cachetools, virtualenv, tox
2025-02-24T05:28:15.0527147Z Successfully installed cachetools-5.5.2 chardet-5.2.0 colorama-0.4.6 distlib-0.3.9 filelock-3.17.0 platformdirs-4.3.6 pluggy-1.5.0 pyproject-api-1.9.0 tox-4.24.1 virtualenv-20.29.2
2025-02-24T05:28:15.1299735Z 
2025-02-24T05:28:15.1300239Z Successfully installed:
2025-02-24T05:28:15.1300644Z  tox==4.24.1
2025-02-24T05:28:15.1480842Z ##[group]Run actions/download-artifact@v4.1.8
2025-02-24T05:28:15.1481146Z with:
2025-02-24T05:28:15.1481330Z   pattern: Packages-toga-*
2025-02-24T05:28:15.1481554Z   merge-multiple: true
2025-02-24T05:28:15.1481747Z   path: dist
2025-02-24T05:28:15.1481931Z   repository: beeware/toga
2025-02-24T05:28:15.1482136Z   run-id: 13491433041
2025-02-24T05:28:15.1482316Z env:
2025-02-24T05:28:15.1482478Z   min_python_version: 3.9
2025-02-24T05:28:15.1482686Z   max_python_version: 3.12
2025-02-24T05:28:15.1482884Z   FORCE_COLOR: 1
2025-02-24T05:28:15.1483129Z   pythonLocation: /opt/hostedtoolcache/Python/3.11.11/x64
2025-02-24T05:28:15.1483560Z   PKG_CONFIG_PATH: /opt/hostedtoolcache/Python/3.11.11/x64/lib/pkgconfig
2025-02-24T05:28:15.1483962Z   Python_ROOT_DIR: /opt/hostedtoolcache/Python/3.11.11/x64
2025-02-24T05:28:15.1484318Z   Python2_ROOT_DIR: /opt/hostedtoolcache/Python/3.11.11/x64
2025-02-24T05:28:15.1484671Z   Python3_ROOT_DIR: /opt/hostedtoolcache/Python/3.11.11/x64
2025-02-24T05:28:15.1485052Z   LD_LIBRARY_PATH: /opt/hostedtoolcache/Python/3.11.11/x64/lib
2025-02-24T05:28:15.1485345Z ##[endgroup]
2025-02-24T05:28:15.4476177Z Found 36 artifact(s)
2025-02-24T05:28:15.4477663Z Filtering artifacts by pattern 'Packages-toga-*'
2025-02-24T05:28:15.4498313Z Preparing to download the following artifacts:
2025-02-24T05:28:15.4499111Z - Packages-toga-winforms (ID: 2639028467, Size: 912617)
2025-02-24T05:28:15.4499931Z - Packages-toga-android (ID: 2639028440, Size: 138194)
2025-02-24T05:28:15.4500691Z - Packages-toga-gtk (ID: 2639028386, Size: 142074)
2025-02-24T05:28:15.4501394Z - Packages-toga-iOS (ID: 2639028383, Size: 872356)
2025-02-24T05:28:15.4502108Z - Packages-toga-toga (ID: 2639028349, Size: 7274)
2025-02-24T05:28:15.4502825Z - Packages-toga-core (ID: 2639028344, Size: 1153697)
2025-02-24T05:28:15.4503550Z - Packages-toga-dummy (ID: 2639028309, Size: 148484)
2025-02-24T05:28:15.4504252Z - Packages-toga-web (ID: 2639028241, Size: 34922)
2025-02-24T05:28:15.4504979Z - Packages-toga-textual (ID: 2639028202, Size: 32035)
2025-02-24T05:28:15.4505753Z - Packages-toga-travertino (ID: 2639028133, Size: 62305)
2025-02-24T05:28:15.4506409Z - Packages-toga-demo (ID: 2639028110, Size: 1242381)
2025-02-24T05:28:15.4506978Z - Packages-toga-cocoa (ID: 2639028073, Size: 929338)
2025-02-24T05:28:15.5135856Z Redirecting to blob download url: https://productionresultssa12.blob.core.windows.net/actions-results/cf52b554-71be-4a91-94b2-8eec2b4d890b/workflow-job-run-3124742b-843a-5b41-b426-aef8afedb9f7/artifacts/442c3fefacaa5f4a317396d7241d3673a3eab28c29b7e651a0b97534d592e35d.zip
2025-02-24T05:28:15.5137620Z Starting download of artifact to: /home/runner/work/toga/toga/dist
2025-02-24T05:28:15.5476413Z Redirecting to blob download url: https://productionresultssa12.blob.core.windows.net/actions-results/cf52b554-71be-4a91-94b2-8eec2b4d890b/workflow-job-run-98be74ae-5157-5c81-b7d0-b2ef5821a81e/artifacts/6e0cae3735cba3d010b2e4c6917aa1f2ffe72638fbddcfcf5e7d00e456e64178.zip
2025-02-24T05:28:15.5478362Z Starting download of artifact to: /home/runner/work/toga/toga/dist
2025-02-24T05:28:15.5555719Z Redirecting to blob download url: https://productionresultssa12.blob.core.windows.net/actions-results/cf52b554-71be-4a91-94b2-8eec2b4d890b/workflow-job-run-7815ca6b-1b41-513e-fbe7-8eccb083611a/artifacts/1660c57eb65463a413672e3e25e0e2a0d8c8794547115554b39228f20230f22e.zip
2025-02-24T05:28:15.5557318Z Starting download of artifact to: /home/runner/work/toga/toga/dist
2025-02-24T05:28:15.5572188Z Redirecting to blob download url: https://productionresultssa12.blob.core.windows.net/actions-results/cf52b554-71be-4a91-94b2-8eec2b4d890b/workflow-job-run-866e389a-a1a0-5c67-a00f-72c22223abfe/artifacts/b4bca85baf5c112d5a88797759fe2e27b3de49b97e7268608199152765d6405a.zip
2025-02-24T05:28:15.5574370Z Starting download of artifact to: /home/runner/work/toga/toga/dist
2025-02-24T05:28:15.5585813Z Redirecting to blob download url: https://productionresultssa12.blob.core.windows.net/actions-results/cf52b554-71be-4a91-94b2-8eec2b4d890b/workflow-job-run-46aa3184-e851-51af-58d5-831072cd673f/artifacts/485660db63ec446c9f562cc6bdf49c64bf27c37a329b95a30a2467812096f020.zip
2025-02-24T05:28:15.5587137Z Starting download of artifact to: /home/runner/work/toga/toga/dist
2025-02-24T05:28:15.5601196Z Redirecting to blob download url: https://productionresultssa12.blob.core.windows.net/actions-results/cf52b554-71be-4a91-94b2-8eec2b4d890b/workflow-job-run-c851c84b-57ed-5071-9878-2279ccd891b8/artifacts/5eb57499beb40f05e15583bbf1c077df75bc75fa11156590733b79c2f9774e5a.zip
2025-02-24T05:28:15.5602434Z Starting download of artifact to: /home/runner/work/toga/toga/dist
2025-02-24T05:28:15.5617470Z Redirecting to blob download url: https://productionresultssa12.blob.core.windows.net/actions-results/cf52b554-71be-4a91-94b2-8eec2b4d890b/workflow-job-run-996a8579-f179-559d-4190-0dfa80ff20d7/artifacts/78e64f25892d1e62a7fba16b04b2d38f38656067df6d708afd5432245debf794.zip
2025-02-24T05:28:15.5619296Z Starting download of artifact to: /home/runner/work/toga/toga/dist
2025-02-24T05:28:15.5689120Z (node:2042) [DEP0005] DeprecationWarning: Buffer() is deprecated due to security and usability issues. Please use the Buffer.alloc(), Buffer.allocUnsafe(), or Buffer.from() methods instead.
2025-02-24T05:28:15.5690191Z (Use `node --trace-deprecation ...` to show where the warning was created)
2025-02-24T05:28:15.5704545Z Redirecting to blob download url: https://productionresultssa12.blob.core.windows.net/actions-results/cf52b554-71be-4a91-94b2-8eec2b4d890b/workflow-job-run-18bbcbc6-8763-5d15-2620-0ac883eea9b0/artifacts/42ca5e4547811af7883a91d6c65b481266e15c0cdc8d243ec9aae2b558253c02.zip
2025-02-24T05:28:15.5706136Z Starting download of artifact to: /home/runner/work/toga/toga/dist
2025-02-24T05:28:15.5728996Z Redirecting to blob download url: https://productionresultssa12.blob.core.windows.net/actions-results/cf52b554-71be-4a91-94b2-8eec2b4d890b/workflow-job-run-f1ed5179-285b-5126-8d3b-2df284d1f11c/artifacts/a55c024fa54bd7854415e2c7edfeb2c5046af07e859f8da7b852b08eadc84e2a.zip
2025-02-24T05:28:15.5731219Z Starting download of artifact to: /home/runner/work/toga/toga/dist
2025-02-24T05:28:15.5745229Z Redirecting to blob download url: https://productionresultssa12.blob.core.windows.net/actions-results/cf52b554-71be-4a91-94b2-8eec2b4d890b/workflow-job-run-137efbf3-bb9f-5901-016f-a9ca027ec083/artifacts/3f2c1a4e1441705d00c0abbd5f3913c6b215c2d9365be6ffa9fcc342e7742def.zip
2025-02-24T05:28:15.5747506Z Starting download of artifact to: /home/runner/work/toga/toga/dist
2025-02-24T05:28:15.5761203Z Redirecting to blob download url: https://productionresultssa12.blob.core.windows.net/actions-results/cf52b554-71be-4a91-94b2-8eec2b4d890b/workflow-job-run-832e8880-3eb6-5d89-0c04-ef547b46a59e/artifacts/dd722970e727682fe8f4f464e3511dbda02932b6586e5f2f8ac9f8f11f50cdc9.zip
2025-02-24T05:28:15.5763398Z Starting download of artifact to: /home/runner/work/toga/toga/dist
2025-02-24T05:28:15.5797680Z Redirecting to blob download url: https://productionresultssa12.blob.core.windows.net/actions-results/cf52b554-71be-4a91-94b2-8eec2b4d890b/workflow-job-run-e2a6fa47-47a3-5188-27fb-56f4e71042c8/artifacts/5425332638acb926f3e0f42935440601f1f6cf4c943281c5f8b926bd1948bc25.zip
2025-02-24T05:28:15.5800073Z Starting download of artifact to: /home/runner/work/toga/toga/dist
2025-02-24T05:28:15.6433406Z Artifact download completed successfully.
2025-02-24T05:28:15.6434395Z Artifact download completed successfully.
2025-02-24T05:28:15.6520110Z Artifact download completed successfully.
2025-02-24T05:28:15.6557498Z Artifact download completed successfully.
2025-02-24T05:28:15.6578976Z Artifact download completed successfully.
2025-02-24T05:28:15.6600763Z Artifact download completed successfully.
2025-02-24T05:28:15.6618321Z Artifact download completed successfully.
2025-02-24T05:28:15.7052910Z Artifact download completed successfully.
2025-02-24T05:28:15.7156011Z Artifact download completed successfully.
2025-02-24T05:28:15.7192400Z Artifact download completed successfully.
2025-02-24T05:28:15.7242708Z Artifact download completed successfully.
2025-02-24T05:28:15.7289557Z Artifact download completed successfully.
2025-02-24T05:28:15.7290080Z Total of 12 artifact(s) downloaded
2025-02-24T05:28:15.7297259Z Download artifact has finished successfully
2025-02-24T05:28:15.7445701Z ##[group]Run # The $(ls ...) shell expansion is done in the Github environment; the value of
2025-02-24T05:28:15.7446316Z [36;1m# The $(ls ...) shell expansion is done in the Github environment; the value of[0m
2025-02-24T05:28:15.7446807Z [36;1m# TOGA_INSTALL_COMMAND will be a literal string without any shell expansions to[0m
2025-02-24T05:28:15.7447305Z [36;1m# perform. We don't *explicitly* install the Travertino wheel; we provide the[0m
2025-02-24T05:28:15.7447807Z [36;1m# dist dir as a source of wheels, and rely on pip to resolve the explicit[0m
2025-02-24T05:28:15.7448392Z [36;1m# version match to the Travertino wheel in that folder.[0m
2025-02-24T05:28:15.7449013Z [36;1mexport TOGA_INSTALL_COMMAND="python -m pip install --find-links ../dist ../$(ls dist/toga_core-*.whl)[dev] ../$(ls dist/toga_dummy-*.whl)"[0m
2025-02-24T05:28:15.7449566Z [36;1mtox -e py-cov-trav[0m
2025-02-24T05:28:15.7449844Z [36;1mtox -qe coverage$(tr -dc "0-9" <<< "3.11")-trav[0m
2025-02-24T05:28:15.7450270Z [36;1mmv travertino/.coverage travertino/.coverage.ubuntu-latest.3.11[0m
2025-02-24T05:28:15.7506936Z shell: /usr/bin/bash --noprofile --norc -e -o pipefail {0}
2025-02-24T05:28:15.7507262Z env:
2025-02-24T05:28:15.7507445Z   min_python_version: 3.9
2025-02-24T05:28:15.7507667Z   max_python_version: 3.12
2025-02-24T05:28:15.7507875Z   FORCE_COLOR: 1
2025-02-24T05:28:15.7508257Z   pythonLocation: /opt/hostedtoolcache/Python/3.11.11/x64
2025-02-24T05:28:15.7508685Z   PKG_CONFIG_PATH: /opt/hostedtoolcache/Python/3.11.11/x64/lib/pkgconfig
2025-02-24T05:28:15.7509109Z   Python_ROOT_DIR: /opt/hostedtoolcache/Python/3.11.11/x64
2025-02-24T05:28:15.7509471Z   Python2_ROOT_DIR: /opt/hostedtoolcache/Python/3.11.11/x64
2025-02-24T05:28:15.7509845Z   Python3_ROOT_DIR: /opt/hostedtoolcache/Python/3.11.11/x64
2025-02-24T05:28:15.7510198Z   LD_LIBRARY_PATH: /opt/hostedtoolcache/Python/3.11.11/x64/lib
2025-02-24T05:28:15.7510499Z ##[endgroup]
2025-02-24T05:28:16.8518375Z [1m[35mpy-cov-trav:[0m[36m freeze[22m[2m>[0m python -m pip freeze --all[0m
2025-02-24T05:28:17.3493631Z [1m[35mpy-cov-trav:[0m[36m pip==25.0.1,setuptools==75.8.0,wheel==0.45.1[0m
2025-02-24T05:28:17.3507802Z [1m[35mpy-cov-trav:[0m[36m commands[0][22m /home/runner/work/toga/toga/travertino[2m>[0m python -m pip install --find-links ../dist '../dist/toga_core-0.4.9.dev608+g01152b56b-py3-none-any.whl[dev]' ../dist/toga_dummy-0.4.9.dev608+g01152b56b-py3-none-any.whl[0m
2025-02-24T05:28:18.3368468Z Looking in links: ../dist
2025-02-24T05:28:18.3417050Z Processing /home/runner/work/toga/toga/dist/toga_core-0.4.9.dev608+g01152b56b-py3-none-any.whl (from toga-core==0.4.9.dev608+g01152b56b)
2025-02-24T05:28:18.3491201Z Processing /home/runner/work/toga/toga/dist/toga_dummy-0.4.9.dev608+g01152b56b-py3-none-any.whl
2025-02-24T05:28:18.4081682Z Processing /home/runner/work/toga/toga/dist/travertino-0.4.9.dev608+g01152b56b-py3-none-any.whl (from toga-core==0.4.9.dev608+g01152b56b->toga-core==0.4.9.dev608+g01152b56b)
2025-02-24T05:28:18.6402405Z Collecting coverage==7.6.12 (from coverage[toml]==7.6.12; extra == "dev"->toga-core==0.4.9.dev608+g01152b56b->toga-core==0.4.9.dev608+g01152b56b)
2025-02-24T05:28:18.6831641Z   Downloading coverage-7.6.12-cp311-cp311-manylinux_2_5_x86_64.manylinux1_x86_64.manylinux_2_17_x86_64.manylinux2014_x86_64.whl.metadata (8.5 kB)
2025-02-24T05:28:18.7009690Z Collecting coverage-conditional-plugin==0.9.0 (from toga-core==0.4.9.dev608+g01152b56b->toga-core==0.4.9.dev608+g01152b56b)
2025-02-24T05:28:18.7077070Z   Downloading coverage_conditional_plugin-0.9.0-py3-none-any.whl.metadata (6.9 kB)
2025-02-24T05:28:18.8317252Z Collecting Pillow==11.1.0 (from toga-core==0.4.9.dev608+g01152b56b->toga-core==0.4.9.dev608+g01152b56b)
2025-02-24T05:28:18.8401447Z   Downloading pillow-11.1.0-cp311-cp311-manylinux_2_28_x86_64.whl.metadata (9.1 kB)
2025-02-24T05:28:18.8784913Z Collecting pre-commit==4.1.0 (from toga-core==0.4.9.dev608+g01152b56b->toga-core==0.4.9.dev608+g01152b56b)
2025-02-24T05:28:18.8856159Z   Downloading pre_commit-4.1.0-py2.py3-none-any.whl.metadata (1.3 kB)
2025-02-24T05:28:18.9184811Z Collecting pytest==8.3.4 (from toga-core==0.4.9.dev608+g01152b56b->toga-core==0.4.9.dev608+g01152b56b)
2025-02-24T05:28:18.9253676Z   Downloading pytest-8.3.4-py3-none-any.whl.metadata (7.5 kB)
2025-02-24T05:28:18.9478912Z Collecting pytest-asyncio==0.25.3 (from toga-core==0.4.9.dev608+g01152b56b->toga-core==0.4.9.dev608+g01152b56b)
2025-02-24T05:28:18.9551376Z   Downloading pytest_asyncio-0.25.3-py3-none-any.whl.metadata (3.9 kB)
2025-02-24T05:28:18.9693827Z Collecting pytest-freezer==0.4.9 (from toga-core==0.4.9.dev608+g01152b56b->toga-core==0.4.9.dev608+g01152b56b)
2025-02-24T05:28:18.9763839Z   Downloading pytest_freezer-0.4.9-py3-none-any.whl.metadata (2.1 kB)
2025-02-24T05:28:19.0047981Z Collecting setuptools-scm==8.1.0 (from toga-core==0.4.9.dev608+g01152b56b->toga-core==0.4.9.dev608+g01152b56b)
2025-02-24T05:28:19.0117065Z   Downloading setuptools_scm-8.1.0-py3-none-any.whl.metadata (6.6 kB)
2025-02-24T05:28:19.0636908Z Collecting tox==4.24.1 (from toga-core==0.4.9.dev608+g01152b56b->toga-core==0.4.9.dev608+g01152b56b)
2025-02-24T05:28:19.0647538Z   Using cached tox-4.24.1-py3-none-any.whl.metadata (3.7 kB)
2025-02-24T05:28:19.0907583Z Collecting packaging>=20.4 (from coverage-conditional-plugin==0.9.0->toga-core==0.4.9.dev608+g01152b56b->toga-core==0.4.9.dev608+g01152b56b)
2025-02-24T05:28:19.0918055Z   Using cached packaging-24.2-py3-none-any.whl.metadata (3.2 kB)
2025-02-24T05:28:19.1072381Z Collecting cfgv>=2.0.0 (from pre-commit==4.1.0->toga-core==0.4.9.dev608+g01152b56b->toga-core==0.4.9.dev608+g01152b56b)
2025-02-24T05:28:19.1138664Z   Downloading cfgv-3.4.0-py2.py3-none-any.whl.metadata (8.5 kB)
2025-02-24T05:28:19.1577621Z Collecting identify>=1.0.0 (from pre-commit==4.1.0->toga-core==0.4.9.dev608+g01152b56b->toga-core==0.4.9.dev608+g01152b56b)
2025-02-24T05:28:19.1646191Z   Downloading identify-2.6.8-py2.py3-none-any.whl.metadata (4.4 kB)
2025-02-24T05:28:19.1881254Z Collecting nodeenv>=0.11.1 (from pre-commit==4.1.0->toga-core==0.4.9.dev608+g01152b56b->toga-core==0.4.9.dev608+g01152b56b)
2025-02-24T05:28:19.1950572Z   Downloading nodeenv-1.9.1-py2.py3-none-any.whl.metadata (21 kB)
2025-02-24T05:28:19.2298770Z Collecting pyyaml>=5.1 (from pre-commit==4.1.0->toga-core==0.4.9.dev608+g01152b56b->toga-core==0.4.9.dev608+g01152b56b)
2025-02-24T05:28:19.2369164Z   Downloading PyYAML-6.0.2-cp311-cp311-manylinux_2_17_x86_64.manylinux2014_x86_64.whl.metadata (2.1 kB)
2025-02-24T05:28:19.2750188Z Collecting virtualenv>=20.10.0 (from pre-commit==4.1.0->toga-core==0.4.9.dev608+g01152b56b->toga-core==0.4.9.dev608+g01152b56b)
2025-02-24T05:28:19.2760834Z   Using cached virtualenv-20.29.2-py3-none-any.whl.metadata (4.5 kB)
2025-02-24T05:28:19.2915779Z Collecting iniconfig (from pytest==8.3.4->toga-core==0.4.9.dev608+g01152b56b->toga-core==0.4.9.dev608+g01152b56b)
2025-02-24T05:28:19.2984301Z   Downloading iniconfig-2.0.0-py3-none-any.whl.metadata (2.6 kB)
2025-02-24T05:28:19.3141415Z Collecting pluggy<2,>=1.5 (from pytest==8.3.4->toga-core==0.4.9.dev608+g01152b56b->toga-core==0.4.9.dev608+g01152b56b)
2025-02-24T05:28:19.3151571Z   Using cached pluggy-1.5.0-py3-none-any.whl.metadata (4.8 kB)
2025-02-24T05:28:19.3490557Z Collecting freezegun>=1.1 (from pytest-freezer==0.4.9->toga-core==0.4.9.dev608+g01152b56b->toga-core==0.4.9.dev608+g01152b56b)
2025-02-24T05:28:19.3563093Z   Downloading freezegun-1.5.1-py3-none-any.whl.metadata (11 kB)
2025-02-24T05:28:19.3650035Z Requirement already satisfied: setuptools in /home/runner/work/toga/toga/.tox/py-cov-trav/lib/python3.11/site-packages (from setuptools-scm==8.1.0->toga-core==0.4.9.dev608+g01152b56b->toga-core==0.4.9.dev608+g01152b56b) (75.8.0)
2025-02-24T05:28:19.3804653Z Collecting cachetools>=5.5 (from tox==4.24.1->toga-core==0.4.9.dev608+g01152b56b->toga-core==0.4.9.dev608+g01152b56b)
2025-02-24T05:28:19.3814649Z   Using cached cachetools-5.5.2-py3-none-any.whl.metadata (5.4 kB)
2025-02-24T05:28:19.3930314Z Collecting chardet>=5.2 (from tox==4.24.1->toga-core==0.4.9.dev608+g01152b56b->toga-core==0.4.9.dev608+g01152b56b)
2025-02-24T05:28:19.3939872Z   Using cached chardet-5.2.0-py3-none-any.whl.metadata (3.4 kB)
2025-02-24T05:28:19.4087875Z Collecting colorama>=0.4.6 (from tox==4.24.1->toga-core==0.4.9.dev608+g01152b56b->toga-core==0.4.9.dev608+g01152b56b)
2025-02-24T05:28:19.4097347Z   Using cached colorama-0.4.6-py2.py3-none-any.whl.metadata (17 kB)
2025-02-24T05:28:19.4276475Z Collecting filelock>=3.16.1 (from tox==4.24.1->toga-core==0.4.9.dev608+g01152b56b->toga-core==0.4.9.dev608+g01152b56b)
2025-02-24T05:28:19.4286634Z   Using cached filelock-3.17.0-py3-none-any.whl.metadata (2.9 kB)
2025-02-24T05:28:19.4476530Z Collecting platformdirs>=4.3.6 (from tox==4.24.1->toga-core==0.4.9.dev608+g01152b56b->toga-core==0.4.9.dev608+g01152b56b)
2025-02-24T05:28:19.4486486Z   Using cached platformdirs-4.3.6-py3-none-any.whl.metadata (11 kB)
2025-02-24T05:28:19.4630426Z Collecting pyproject-api>=1.8 (from tox==4.24.1->toga-core==0.4.9.dev608+g01152b56b->toga-core==0.4.9.dev608+g01152b56b)
2025-02-24T05:28:19.4640488Z   Using cached pyproject_api-1.9.0-py3-none-any.whl.metadata (2.7 kB)
2025-02-24T05:28:19.4946677Z Collecting python-dateutil>=2.7 (from freezegun>=1.1->pytest-freezer==0.4.9->toga-core==0.4.9.dev608+g01152b56b->toga-core==0.4.9.dev608+g01152b56b)
2025-02-24T05:28:19.5020248Z   Downloading python_dateutil-2.9.0.post0-py2.py3-none-any.whl.metadata (8.4 kB)
2025-02-24T05:28:19.5265789Z Collecting distlib<1,>=0.3.7 (from virtualenv>=20.10.0->pre-commit==4.1.0->toga-core==0.4.9.dev608+g01152b56b->toga-core==0.4.9.dev608+g01152b56b)
2025-02-24T05:28:19.5276118Z   Using cached distlib-0.3.9-py2.py3-none-any.whl.metadata (5.2 kB)
2025-02-24T05:28:19.5570250Z Collecting six>=1.5 (from python-dateutil>=2.7->freezegun>=1.1->pytest-freezer==0.4.9->toga-core==0.4.9.dev608+g01152b56b->toga-core==0.4.9.dev608+g01152b56b)
2025-02-24T05:28:19.5640200Z   Downloading six-1.17.0-py2.py3-none-any.whl.metadata (1.7 kB)
2025-02-24T05:28:19.5782697Z Downloading coverage-7.6.12-cp311-cp311-manylinux_2_5_x86_64.manylinux1_x86_64.manylinux_2_17_x86_64.manylinux2014_x86_64.whl (241 kB)
2025-02-24T05:28:19.6009909Z Downloading coverage_conditional_plugin-0.9.0-py3-none-any.whl (7.3 kB)
2025-02-24T05:28:19.6177873Z Downloading pillow-11.1.0-cp311-cp311-manylinux_2_28_x86_64.whl (4.5 MB)
2025-02-24T05:28:19.6559399Z [?25l   [90m━━━━━━━━━━━━━━━━━━━━━━━━━━━━━━━━━━━━━━━━[0m [32m0.0/4.5 MB[0m [31m?[0m eta [36m-:--:--[0m
2025-02-24T05:28:19.6560547Z [2K   [90m━━━━━━━━━━━━━━━━━━━━━━━━━━━━━━━━━━━━━━━━[0m [32m4.5/4.5 MB[0m [31m125.3 MB/s[0m eta [36m0:00:00[0m
2025-02-24T05:28:19.6631832Z [?25hDownloading pre_commit-4.1.0-py2.py3-none-any.whl (220 kB)
2025-02-24T05:28:19.6735893Z Downloading pytest-8.3.4-py3-none-any.whl (343 kB)
2025-02-24T05:28:19.6850467Z Downloading pytest_asyncio-0.25.3-py3-none-any.whl (19 kB)
2025-02-24T05:28:19.6942788Z Downloading pytest_freezer-0.4.9-py3-none-any.whl (3.2 kB)
2025-02-24T05:28:19.7038229Z Downloading setuptools_scm-8.1.0-py3-none-any.whl (43 kB)
2025-02-24T05:28:19.7071296Z Using cached tox-4.24.1-py3-none-any.whl (171 kB)
2025-02-24T05:28:19.7082721Z Using cached cachetools-5.5.2-py3-none-any.whl (10 kB)
2025-02-24T05:28:19.7152231Z Downloading cfgv-3.4.0-py2.py3-none-any.whl (7.2 kB)
2025-02-24T05:28:19.7185797Z Using cached chardet-5.2.0-py3-none-any.whl (199 kB)
2025-02-24T05:28:19.7197344Z Using cached colorama-0.4.6-py2.py3-none-any.whl (25 kB)
2025-02-24T05:28:19.7207242Z Using cached filelock-3.17.0-py3-none-any.whl (16 kB)
2025-02-24T05:28:19.7276633Z Downloading freezegun-1.5.1-py3-none-any.whl (17 kB)
2025-02-24T05:28:19.7375235Z Downloading identify-2.6.8-py2.py3-none-any.whl (99 kB)
2025-02-24T05:28:19.7475146Z Downloading nodeenv-1.9.1-py2.py3-none-any.whl (22 kB)
2025-02-24T05:28:19.7512766Z Using cached packaging-24.2-py3-none-any.whl (65 kB)
2025-02-24T05:28:19.7523108Z Using cached platformdirs-4.3.6-py3-none-any.whl (18 kB)
2025-02-24T05:28:19.7532867Z Using cached pluggy-1.5.0-py3-none-any.whl (20 kB)
2025-02-24T05:28:19.7543170Z Using cached pyproject_api-1.9.0-py3-none-any.whl (13 kB)
2025-02-24T05:28:19.7615871Z Downloading PyYAML-6.0.2-cp311-cp311-manylinux_2_17_x86_64.manylinux2014_x86_64.whl (762 kB)
2025-02-24T05:28:19.7705854Z [?25l   [90m━━━━━━━━━━━━━━━━━━━━━━━━━━━━━━━━━━━━━━━━[0m [32m0.0/763.0 kB[0m [31m?[0m eta [36m-:--:--[0m
2025-02-24T05:28:19.7707067Z [2K   [90m━━━━━━━━━━━━━━━━━━━━━━━━━━━━━━━━━━━━━━━━[0m [32m763.0/763.0 kB[0m [31m96.8 MB/s[0m eta [36m0:00:00[0m
2025-02-24T05:28:19.7717129Z [?25hUsing cached virtualenv-20.29.2-py3-none-any.whl (4.3 MB)
2025-02-24T05:28:19.7816822Z Downloading iniconfig-2.0.0-py3-none-any.whl (5.9 kB)
2025-02-24T05:28:19.7847741Z Using cached distlib-0.3.9-py2.py3-none-any.whl (468 kB)
2025-02-24T05:28:19.7921529Z Downloading python_dateutil-2.9.0.post0-py2.py3-none-any.whl (229 kB)
2025-02-24T05:28:19.8024801Z Downloading six-1.17.0-py2.py3-none-any.whl (11 kB)
2025-02-24T05:28:19.8665641Z Installing collected packages: distlib, travertino, six, pyyaml, pluggy, platformdirs, Pillow, packaging, nodeenv, iniconfig, identify, filelock, coverage, colorama, chardet, cfgv, cachetools, virtualenv, toga-core, setuptools-scm, python-dateutil, pytest, pyproject-api, coverage-conditional-plugin, tox, toga-dummy, pytest-asyncio, pre-commit, freezegun, pytest-freezer
2025-02-24T05:28:21.3652133Z Successfully installed Pillow-11.1.0 cachetools-5.5.2 cfgv-3.4.0 chardet-5.2.0 colorama-0.4.6 coverage-7.6.12 coverage-conditional-plugin-0.9.0 distlib-0.3.9 filelock-3.17.0 freezegun-1.5.1 identify-2.6.8 iniconfig-2.0.0 nodeenv-1.9.1 packaging-24.2 platformdirs-4.3.6 pluggy-1.5.0 pre-commit-4.1.0 pyproject-api-1.9.0 pytest-8.3.4 pytest-asyncio-0.25.3 pytest-freezer-0.4.9 python-dateutil-2.9.0.post0 pyyaml-6.0.2 setuptools-scm-8.1.0 six-1.17.0 toga-core-0.4.9.dev608+g01152b56b toga-dummy-0.4.9.dev608+g01152b56b tox-4.24.1 travertino-0.4.9.dev608+g01152b56b virtualenv-20.29.2
2025-02-24T05:28:21.4481438Z [1m[35mpy-cov-trav:[0m[36m commands[1][22m /home/runner/work/toga/toga/travertino[2m>[0m python -m coverage run -m pytest -vv --color yes[0m
2025-02-24T05:28:22.4967664Z [1m============================= test session starts ==============================[0m
2025-02-24T05:28:22.4968932Z platform linux -- Python 3.11.11, pytest-8.3.4, pluggy-1.5.0 -- /home/runner/work/toga/toga/.tox/py-cov-trav/bin/python
2025-02-24T05:28:22.4969987Z cachedir: /home/runner/work/toga/toga/.tox/py-cov-trav/.pytest_cache
2025-02-24T05:28:22.4970708Z rootdir: /home/runner/work/toga/toga/travertino
2025-02-24T05:28:22.4971254Z configfile: pyproject.toml
2025-02-24T05:28:22.4971703Z plugins: asyncio-0.25.3, pytest_freezer-0.4.9
2025-02-24T05:28:22.4972352Z asyncio: mode=Mode.STRICT, asyncio_default_fixture_loop_scope=function
2025-02-24T05:28:23.2571641Z [1mcollecting ... [0mcollected 645 items
2025-02-24T05:28:23.2571996Z 
2025-02-24T05:28:23.2597576Z tests/colors/test_alpha_blending.py::test_alpha_blending_over[front_color0-back_color0-expected_blended_color0] [32mPASSED[0m[32m [  0%][0m
2025-02-24T05:28:23.2614035Z tests/colors/test_alpha_blending.py::test_alpha_blending_over[front_color1-back_color1-expected_blended_color1] [32mPASSED[0m[32m [  0%][0m
2025-02-24T05:28:23.2632063Z tests/colors/test_alpha_blending.py::test_alpha_blending_over[front_color2-back_color2-expected_blended_color2] [32mPASSED[0m[32m [  0%][0m
2025-02-24T05:28:23.2647834Z tests/colors/test_alpha_blending.py::test_alpha_blending_over[front_color3-back_color3-expected_blended_color3] [32mPASSED[0m[32m [  0%][0m
2025-02-24T05:28:23.2663880Z tests/colors/test_alpha_blending.py::test_alpha_blending_over[front_color4-back_color4-expected_blended_color4] [32mPASSED[0m[32m [  0%][0m
2025-02-24T05:28:23.2679827Z tests/colors/test_alpha_blending.py::test_alpha_blending_over[front_color5-back_color5-expected_blended_color5] [32mPASSED[0m[32m [  0%][0m
2025-02-24T05:28:23.2696499Z tests/colors/test_alpha_blending.py::test_alpha_blending_over[front_color6-back_color6-expected_blended_color6] [32mPASSED[0m[32m [  1%][0m
2025-02-24T05:28:23.2712975Z tests/colors/test_alpha_blending.py::test_alpha_blending_over[front_color7-back_color7-expected_blended_color7] [32mPASSED[0m[32m [  1%][0m
2025-02-24T05:28:23.2728595Z tests/colors/test_alpha_blending.py::test_alpha_blending_over[front_color8-back_color8-expected_blended_color8] [32mPASSED[0m[32m [  1%][0m
2025-02-24T05:28:23.2744117Z tests/colors/test_alpha_blending.py::test_alpha_blending_over[front_color9-back_color9-expected_blended_color9] [32mPASSED[0m[32m [  1%][0m
2025-02-24T05:28:23.2760185Z tests/colors/test_alpha_blending.py::test_alpha_blending_over[front_color10-back_color10-expected_blended_color10] [32mPASSED[0m[32m [  1%][0m
2025-02-24T05:28:23.2775613Z tests/colors/test_alpha_blending.py::test_alpha_blending_over[front_color11-back_color11-expected_blended_color11] [32mPASSED[0m[32m [  1%][0m
2025-02-24T05:28:23.2791706Z tests/colors/test_alpha_blending.py::test_alpha_blending_over[front_color12-back_color12-expected_blended_color12] [32mPASSED[0m[32m [  2%][0m
2025-02-24T05:28:23.2807390Z tests/colors/test_alpha_blending.py::test_alpha_blending_over[front_color13-back_color13-expected_blended_color13] [32mPASSED[0m[32m [  2%][0m
2025-02-24T05:28:23.2823117Z tests/colors/test_alpha_blending.py::test_alpha_blending_over[front_color14-back_color14-expected_blended_color14] [32mPASSED[0m[32m [  2%][0m
2025-02-24T05:28:23.2838910Z tests/colors/test_alpha_blending.py::test_alpha_blending_over[front_color15-back_color15-expected_blended_color15] [32mPASSED[0m[32m [  2%][0m
2025-02-24T05:28:23.2854383Z tests/colors/test_alpha_blending.py::test_alpha_blending_over[front_color16-back_color16-expected_blended_color16] [32mPASSED[0m[32m [  2%][0m
2025-02-24T05:28:23.2870014Z tests/colors/test_alpha_blending.py::test_alpha_blending_over[front_color17-back_color17-expected_blended_color17] [32mPASSED[0m[32m [  2%][0m
2025-02-24T05:28:23.2886252Z tests/colors/test_alpha_blending.py::test_alpha_blending_over[front_color18-back_color18-expected_blended_color18] [32mPASSED[0m[32m [  2%][0m
2025-02-24T05:28:23.2902364Z tests/colors/test_alpha_blending.py::test_alpha_blending_over[front_color19-back_color19-expected_blended_color19] [32mPASSED[0m[32m [  3%][0m
2025-02-24T05:28:23.2918011Z tests/colors/test_alpha_blending.py::test_alpha_blending_over[front_color20-back_color20-expected_blended_color20] [32mPASSED[0m[32m [  3%][0m
2025-02-24T05:28:23.2934201Z tests/colors/test_alpha_blending.py::test_alpha_blending_over[front_color21-back_color21-expected_blended_color21] [32mPASSED[0m[32m [  3%][0m
2025-02-24T05:28:23.2949956Z tests/colors/test_alpha_blending.py::test_alpha_blending_over[front_color22-back_color22-expected_blended_color22] [32mPASSED[0m[32m [  3%][0m
2025-02-24T05:28:23.2965621Z tests/colors/test_alpha_blending.py::test_alpha_blending_over[front_color23-back_color23-expected_blended_color23] [32mPASSED[0m[32m [  3%][0m
2025-02-24T05:28:23.2982424Z tests/colors/test_alpha_blending.py::test_alpha_blending_over[front_color24-back_color24-expected_blended_color24] [32mPASSED[0m[32m [  3%][0m
2025-02-24T05:28:23.2999148Z tests/colors/test_alpha_blending.py::test_alpha_blending_over[front_color25-back_color25-expected_blended_color25] [32mPASSED[0m[32m [  4%][0m
2025-02-24T05:28:23.3015695Z tests/colors/test_alpha_blending.py::test_alpha_blending_over[front_color26-back_color26-expected_blended_color26] [32mPASSED[0m[32m [  4%][0m
2025-02-24T05:28:23.3032659Z tests/colors/test_alpha_blending.py::test_alpha_blending_over[front_color27-back_color27-expected_blended_color27] [32mPASSED[0m[32m [  4%][0m
2025-02-24T05:28:23.3048364Z tests/colors/test_alpha_blending.py::test_alpha_blending_over[front_color28-back_color28-expected_blended_color28] [32mPASSED[0m[32m [  4%][0m
2025-02-24T05:28:23.3063922Z tests/colors/test_alpha_blending.py::test_alpha_blending_over[front_color29-back_color29-expected_blended_color29] [32mPASSED[0m[32m [  4%][0m
2025-02-24T05:28:23.3079844Z tests/colors/test_alpha_blending.py::test_alpha_blending_over[front_color30-back_color30-expected_blended_color30] [32mPASSED[0m[32m [  4%][0m
2025-02-24T05:28:23.3095144Z tests/colors/test_alpha_blending.py::test_alpha_blending_over[front_color31-back_color31-expected_blended_color31] [32mPASSED[0m[32m [  4%][0m
2025-02-24T05:28:23.3118333Z tests/colors/test_alpha_blending.py::test_alpha_blending_over[front_color32-back_color32-expected_blended_color32] [32mPASSED[0m[32m [  5%][0m
2025-02-24T05:28:23.3129149Z tests/colors/test_alpha_blending.py::test_alpha_blending_over[front_color33-back_color33-expected_blended_color33] [32mPASSED[0m[32m [  5%][0m
2025-02-24T05:28:23.3145824Z tests/colors/test_alpha_blending.py::test_alpha_blending_over[front_color34-back_color34-expected_blended_color34] [32mPASSED[0m[32m [  5%][0m
2025-02-24T05:28:23.3162817Z tests/colors/test_alpha_blending.py::test_alpha_blending_over[front_color35-back_color35-expected_blended_color35] [32mPASSED[0m[32m [  5%][0m
2025-02-24T05:28:23.3178734Z tests/colors/test_alpha_blending.py::test_alpha_blending_over[front_color36-back_color36-expected_blended_color36] [32mPASSED[0m[32m [  5%][0m
2025-02-24T05:28:23.3194833Z tests/colors/test_alpha_blending.py::test_alpha_blending_over[front_color37-back_color37-expected_blended_color37] [32mPASSED[0m[32m [  5%][0m
2025-02-24T05:28:23.3211182Z tests/colors/test_alpha_blending.py::test_alpha_blending_over[front_color38-back_color38-expected_blended_color38] [32mPASSED[0m[32m [  6%][0m
2025-02-24T05:28:23.3227438Z tests/colors/test_alpha_blending.py::test_alpha_blending_over[front_color39-back_color39-expected_blended_color39] [32mPASSED[0m[32m [  6%][0m
2025-02-24T05:28:23.3244385Z tests/colors/test_alpha_blending.py::test_alpha_blending_over[front_color40-back_color40-expected_blended_color40] [32mPASSED[0m[32m [  6%][0m
2025-02-24T05:28:23.3260605Z tests/colors/test_alpha_blending.py::test_alpha_blending_over[front_color41-back_color41-expected_blended_color41] [32mPASSED[0m[32m [  6%][0m
2025-02-24T05:28:23.3276612Z tests/colors/test_alpha_blending.py::test_alpha_blending_over[front_color42-back_color42-expected_blended_color42] [32mPASSED[0m[32m [  6%][0m
2025-02-24T05:28:23.3292999Z tests/colors/test_alpha_blending.py::test_alpha_blending_over[front_color43-back_color43-expected_blended_color43] [32mPASSED[0m[32m [  6%][0m
2025-02-24T05:28:23.3309268Z tests/colors/test_alpha_blending.py::test_alpha_blending_over[front_color44-back_color44-expected_blended_color44] [32mPASSED[0m[32m [  6%][0m
2025-02-24T05:28:23.3325799Z tests/colors/test_alpha_blending.py::test_alpha_blending_over[front_color45-back_color45-expected_blended_color45] [32mPASSED[0m[32m [  7%][0m
2025-02-24T05:28:23.3342381Z tests/colors/test_alpha_blending.py::test_alpha_blending_over[front_color46-back_color46-expected_blended_color46] [32mPASSED[0m[32m [  7%][0m
2025-02-24T05:28:23.3359649Z tests/colors/test_alpha_blending.py::test_alpha_blending_over[front_color47-back_color47-expected_blended_color47] [32mPASSED[0m[32m [  7%][0m
2025-02-24T05:28:23.3375253Z tests/colors/test_alpha_blending.py::test_alpha_blending_over[front_color48-back_color48-expected_blended_color48] [32mPASSED[0m[32m [  7%][0m
2025-02-24T05:28:23.3391256Z tests/colors/test_alpha_blending.py::test_alpha_blending_over[front_color49-back_color49-expected_blended_color49] [32mPASSED[0m[32m [  7%][0m
2025-02-24T05:28:23.3406724Z tests/colors/test_alpha_blending.py::test_alpha_blending_over[front_color50-back_color50-expected_blended_color50] [32mPASSED[0m[32m [  7%][0m
2025-02-24T05:28:23.3422595Z tests/colors/test_alpha_blending.py::test_alpha_blending_over[front_color51-back_color51-expected_blended_color51] [32mPASSED[0m[32m [  8%][0m
2025-02-24T05:28:23.3438439Z tests/colors/test_alpha_blending.py::test_alpha_blending_over[front_color52-back_color52-expected_blended_color52] [32mPASSED[0m[32m [  8%][0m
2025-02-24T05:28:23.3454152Z tests/colors/test_alpha_blending.py::test_alpha_blending_over[front_color53-back_color53-expected_blended_color53] [32mPASSED[0m[32m [  8%][0m
2025-02-24T05:28:23.3470216Z tests/colors/test_alpha_blending.py::test_alpha_blending_over[front_color54-back_color54-expected_blended_color54] [32mPASSED[0m[32m [  8%][0m
2025-02-24T05:28:23.3485417Z tests/colors/test_alpha_blending.py::test_alpha_blending_over[front_color55-back_color55-expected_blended_color55] [32mPASSED[0m[32m [  8%][0m
2025-02-24T05:28:23.3501158Z tests/colors/test_alpha_blending.py::test_alpha_blending_over[front_color56-back_color56-expected_blended_color56] [32mPASSED[0m[32m [  8%][0m
2025-02-24T05:28:23.3516406Z tests/colors/test_alpha_blending.py::test_alpha_blending_over[front_color57-back_color57-expected_blended_color57] [32mPASSED[0m[32m [  8%][0m
2025-02-24T05:28:23.3532254Z tests/colors/test_alpha_blending.py::test_alpha_blending_over[front_color58-back_color58-expected_blended_color58] [32mPASSED[0m[32m [  9%][0m
2025-02-24T05:28:23.3548261Z tests/colors/test_alpha_blending.py::test_alpha_blending_over[front_color59-back_color59-expected_blended_color59] [32mPASSED[0m[32m [  9%][0m
2025-02-24T05:28:23.3570375Z tests/colors/test_alpha_blending.py::test_alpha_blending_over[front_color60-back_color60-expected_blended_color60] [32mPASSED[0m[32m [  9%][0m
2025-02-24T05:28:23.3586443Z tests/colors/test_alpha_blending.py::test_alpha_blending_over[front_color61-back_color61-expected_blended_color61] [32mPASSED[0m[32m [  9%][0m
2025-02-24T05:28:23.3603048Z tests/colors/test_alpha_blending.py::test_alpha_blending_over[front_color62-back_color62-expected_blended_color62] [32mPASSED[0m[32m [  9%][0m
2025-02-24T05:28:23.3618873Z tests/colors/test_alpha_blending.py::test_alpha_blending_over[front_color63-back_color63-expected_blended_color63] [32mPASSED[0m[32m [  9%][0m
2025-02-24T05:28:23.3635116Z tests/colors/test_alpha_blending.py::test_alpha_blending_over[front_color64-back_color64-expected_blended_color64] [32mPASSED[0m[32m [ 10%][0m
2025-02-24T05:28:23.3651671Z tests/colors/test_alpha_blending.py::test_alpha_blending_over[front_color65-back_color65-expected_blended_color65] [32mPASSED[0m[32m [ 10%][0m
2025-02-24T05:28:23.3666793Z tests/colors/test_alpha_blending.py::test_alpha_blending_over[front_color66-back_color66-expected_blended_color66] [32mPASSED[0m[32m [ 10%][0m
2025-02-24T05:28:23.3682223Z tests/colors/test_alpha_blending.py::test_alpha_blending_over[front_color67-back_color67-expected_blended_color67] [32mPASSED[0m[32m [ 10%][0m
2025-02-24T05:28:23.3697370Z tests/colors/test_alpha_blending.py::test_alpha_blending_over[front_color68-back_color68-expected_blended_color68] [32mPASSED[0m[32m [ 10%][0m
2025-02-24T05:28:23.3713101Z tests/colors/test_alpha_blending.py::test_alpha_blending_over[front_color69-back_color69-expected_blended_color69] [32mPASSED[0m[32m [ 10%][0m
2025-02-24T05:28:23.3728656Z tests/colors/test_alpha_blending.py::test_alpha_blending_over[front_color70-back_color70-expected_blended_color70] [32mPASSED[0m[32m [ 11%][0m
2025-02-24T05:28:23.3746300Z tests/colors/test_alpha_blending.py::test_alpha_blending_over[front_color71-back_color71-expected_blended_color71] [32mPASSED[0m[32m [ 11%][0m
2025-02-24T05:28:23.3763017Z tests/colors/test_alpha_blending.py::test_alpha_blending_over[front_color72-back_color72-expected_blended_color72] [32mPASSED[0m[32m [ 11%][0m
2025-02-24T05:28:23.3778816Z tests/colors/test_alpha_blending.py::test_alpha_blending_over[front_color73-back_color73-expected_blended_color73] [32mPASSED[0m[32m [ 11%][0m
2025-02-24T05:28:23.3794098Z tests/colors/test_alpha_blending.py::test_alpha_blending_over[front_color74-back_color74-expected_blended_color74] [32mPASSED[0m[32m [ 11%][0m
2025-02-24T05:28:23.3810555Z tests/colors/test_alpha_blending.py::test_alpha_blending_over[front_color75-back_color75-expected_blended_color75] [32mPASSED[0m[32m [ 11%][0m
2025-02-24T05:28:23.3825900Z tests/colors/test_alpha_blending.py::test_alpha_blending_over[front_color76-back_color76-expected_blended_color76] [32mPASSED[0m[32m [ 11%][0m
2025-02-24T05:28:23.3842039Z tests/colors/test_alpha_blending.py::test_alpha_blending_over[front_color77-back_color77-expected_blended_color77] [32mPASSED[0m[32m [ 12%][0m
2025-02-24T05:28:23.3857482Z tests/colors/test_alpha_blending.py::test_alpha_blending_over[front_color78-back_color78-expected_blended_color78] [32mPASSED[0m[32m [ 12%][0m
2025-02-24T05:28:23.3873592Z tests/colors/test_alpha_blending.py::test_alpha_blending_over[front_color79-back_color79-expected_blended_color79] [32mPASSED[0m[32m [ 12%][0m
2025-02-24T05:28:23.3890206Z tests/colors/test_alpha_blending.py::test_alpha_blending_over[front_color80-back_color80-expected_blended_color80] [32mPASSED[0m[32m [ 12%][0m
2025-02-24T05:28:23.3910117Z tests/colors/test_alpha_blending.py::test_alpha_unblend_over[front_color0-back_color0] [32mPASSED[0m[32m [ 12%][0m
2025-02-24T05:28:23.3925551Z tests/colors/test_alpha_blending.py::test_alpha_unblend_over[front_color1-back_color1] [32mPASSED[0m[32m [ 12%][0m
2025-02-24T05:28:23.3941199Z tests/colors/test_alpha_blending.py::test_alpha_unblend_over[front_color2-back_color2] [32mPASSED[0m[32m [ 13%][0m
2025-02-24T05:28:23.3956105Z tests/colors/test_alpha_blending.py::test_alpha_unblend_over[front_color3-back_color3] [32mPASSED[0m[32m [ 13%][0m
2025-02-24T05:28:23.3972465Z tests/colors/test_alpha_blending.py::test_alpha_unblend_over[front_color4-back_color4] [32mPASSED[0m[32m [ 13%][0m
2025-02-24T05:28:23.3987576Z tests/colors/test_alpha_blending.py::test_alpha_unblend_over[front_color5-back_color5] [32mPASSED[0m[32m [ 13%][0m
2025-02-24T05:28:23.4002636Z tests/colors/test_alpha_blending.py::test_alpha_unblend_over[front_color6-back_color6] [32mPASSED[0m[32m [ 13%][0m
2025-02-24T05:28:23.4017281Z tests/colors/test_alpha_blending.py::test_alpha_unblend_over[front_color7-back_color7] [32mPASSED[0m[32m [ 13%][0m
2025-02-24T05:28:23.4033567Z tests/colors/test_alpha_blending.py::test_alpha_unblend_over[front_color8-back_color8] [32mPASSED[0m[32m [ 13%][0m
2025-02-24T05:28:23.4049134Z tests/colors/test_alpha_blending.py::test_alpha_unblend_over[front_color9-back_color9] [32mPASSED[0m[32m [ 14%][0m
2025-02-24T05:28:23.4064112Z tests/colors/test_alpha_blending.py::test_alpha_unblend_over[front_color10-back_color10] [32mPASSED[0m[32m [ 14%][0m
2025-02-24T05:28:23.4079590Z tests/colors/test_alpha_blending.py::test_alpha_unblend_over[front_color11-back_color11] [32mPASSED[0m[32m [ 14%][0m
2025-02-24T05:28:23.4096126Z tests/colors/test_alpha_blending.py::test_alpha_unblend_over[front_color12-back_color12] [32mPASSED[0m[32m [ 14%][0m
2025-02-24T05:28:23.4111969Z tests/colors/test_alpha_blending.py::test_alpha_unblend_over[front_color13-back_color13] [32mPASSED[0m[32m [ 14%][0m
2025-02-24T05:28:23.4127276Z tests/colors/test_alpha_blending.py::test_alpha_unblend_over[front_color14-back_color14] [32mPASSED[0m[32m [ 14%][0m
2025-02-24T05:28:23.4142748Z tests/colors/test_alpha_blending.py::test_alpha_unblend_over[front_color15-back_color15] [32mPASSED[0m[32m [ 15%][0m
2025-02-24T05:28:23.4158513Z tests/colors/test_alpha_blending.py::test_alpha_unblend_over[front_color16-back_color16] [32mPASSED[0m[32m [ 15%][0m
2025-02-24T05:28:23.4174586Z tests/colors/test_alpha_blending.py::test_alpha_unblend_over[front_color17-back_color17] [32mPASSED[0m[32m [ 15%][0m
2025-02-24T05:28:23.4190045Z tests/colors/test_alpha_blending.py::test_alpha_unblend_over[front_color18-back_color18] [32mPASSED[0m[32m [ 15%][0m
2025-02-24T05:28:23.4204914Z tests/colors/test_alpha_blending.py::test_alpha_unblend_over[front_color19-back_color19] [32mPASSED[0m[32m [ 15%][0m
2025-02-24T05:28:23.4221195Z tests/colors/test_alpha_blending.py::test_alpha_unblend_over[front_color20-back_color20] [32mPASSED[0m[32m [ 15%][0m
2025-02-24T05:28:23.4235919Z tests/colors/test_alpha_blending.py::test_alpha_unblend_over[front_color21-back_color21] [32mPASSED[0m[32m [ 15%][0m
2025-02-24T05:28:23.4252928Z tests/colors/test_alpha_blending.py::test_alpha_unblend_over[front_color22-back_color22] [32mPASSED[0m[32m [ 16%][0m
2025-02-24T05:28:23.4269902Z tests/colors/test_alpha_blending.py::test_alpha_unblend_over[front_color23-back_color23] [32mPASSED[0m[32m [ 16%][0m
2025-02-24T05:28:23.4285024Z tests/colors/test_alpha_blending.py::test_alpha_unblend_over[front_color24-back_color24] [32mPASSED[0m[32m [ 16%][0m
2025-02-24T05:28:23.4300241Z tests/colors/test_alpha_blending.py::test_alpha_unblend_over[front_color25-back_color25] [32mPASSED[0m[32m [ 16%][0m
2025-02-24T05:28:23.4314874Z tests/colors/test_alpha_blending.py::test_alpha_unblend_over[front_color26-back_color26] [32mPASSED[0m[32m [ 16%][0m
2025-02-24T05:28:23.4331420Z tests/colors/test_alpha_blending.py::test_alpha_unblend_over[front_color27-back_color27] [32mPASSED[0m[32m [ 16%][0m
2025-02-24T05:28:23.4346325Z tests/colors/test_alpha_blending.py::test_alpha_unblend_over[front_color28-back_color28] [32mPASSED[0m[32m [ 17%][0m
2025-02-24T05:28:23.4361858Z tests/colors/test_alpha_blending.py::test_alpha_unblend_over[front_color29-back_color29] [32mPASSED[0m[32m [ 17%][0m
2025-02-24T05:28:23.4375850Z tests/colors/test_alpha_blending.py::test_alpha_unblend_over[front_color30-back_color30] [32mPASSED[0m[32m [ 17%][0m
2025-02-24T05:28:23.4391300Z tests/colors/test_alpha_blending.py::test_alpha_unblend_over[front_color31-back_color31] [32mPASSED[0m[32m [ 17%][0m
2025-02-24T05:28:23.4406360Z tests/colors/test_alpha_blending.py::test_alpha_unblend_over[front_color32-back_color32] [32mPASSED[0m[32m [ 17%][0m
2025-02-24T05:28:23.4421781Z tests/colors/test_alpha_blending.py::test_alpha_unblend_over[front_color33-back_color33] [32mPASSED[0m[32m [ 17%][0m
2025-02-24T05:28:23.4438322Z tests/colors/test_alpha_blending.py::test_alpha_unblend_over[front_color34-back_color34] [32mPASSED[0m[32m [ 17%][0m
2025-02-24T05:28:23.4453482Z tests/colors/test_alpha_blending.py::test_alpha_unblend_over[front_color35-back_color35] [32mPASSED[0m[32m [ 18%][0m
2025-02-24T05:28:23.4469368Z tests/colors/test_alpha_blending.py::test_alpha_unblend_over[front_color36-back_color36] [32mPASSED[0m[32m [ 18%][0m
2025-02-24T05:28:23.4484325Z tests/colors/test_alpha_blending.py::test_alpha_unblend_over[front_color37-back_color37] [32mPASSED[0m[32m [ 18%][0m
2025-02-24T05:28:23.4499875Z tests/colors/test_alpha_blending.py::test_alpha_unblend_over[front_color38-back_color38] [32mPASSED[0m[32m [ 18%][0m
2025-02-24T05:28:23.4515296Z tests/colors/test_alpha_blending.py::test_alpha_unblend_over[front_color39-back_color39] [32mPASSED[0m[32m [ 18%][0m
2025-02-24T05:28:23.4531668Z tests/colors/test_alpha_blending.py::test_alpha_unblend_over[front_color40-back_color40] [32mPASSED[0m[32m [ 18%][0m
2025-02-24T05:28:23.4547712Z tests/colors/test_alpha_blending.py::test_alpha_unblend_over[front_color41-back_color41] [32mPASSED[0m[32m [ 19%][0m
2025-02-24T05:28:23.4563612Z tests/colors/test_alpha_blending.py::test_alpha_unblend_over[front_color42-back_color42] [32mPASSED[0m[32m [ 19%][0m
2025-02-24T05:28:23.4579260Z tests/colors/test_alpha_blending.py::test_alpha_unblend_over[front_color43-back_color43] [32mPASSED[0m[32m [ 19%][0m
2025-02-24T05:28:23.4594768Z tests/colors/test_alpha_blending.py::test_alpha_unblend_over[front_color44-back_color44] [32mPASSED[0m[32m [ 19%][0m
2025-02-24T05:28:23.4611243Z tests/colors/test_alpha_blending.py::test_alpha_unblend_over[front_color45-back_color45] [32mPASSED[0m[32m [ 19%][0m
2025-02-24T05:28:23.4626469Z tests/colors/test_alpha_blending.py::test_alpha_unblend_over[front_color46-back_color46] [32mPASSED[0m[32m [ 19%][0m
2025-02-24T05:28:23.4641911Z tests/colors/test_alpha_blending.py::test_alpha_unblend_over[front_color47-back_color47] [32mPASSED[0m[32m [ 20%][0m
2025-02-24T05:28:23.4656932Z tests/colors/test_alpha_blending.py::test_alpha_unblend_over[front_color48-back_color48] [32mPASSED[0m[32m [ 20%][0m
2025-02-24T05:28:23.4672127Z tests/colors/test_alpha_blending.py::test_alpha_unblend_over[front_color49-back_color49] [32mPASSED[0m[32m [ 20%][0m
2025-02-24T05:28:23.4688414Z tests/colors/test_alpha_blending.py::test_alpha_unblend_over[front_color50-back_color50] [32mPASSED[0m[32m [ 20%][0m
2025-02-24T05:28:23.4703563Z tests/colors/test_alpha_blending.py::test_alpha_unblend_over[front_color51-back_color51] [32mPASSED[0m[32m [ 20%][0m
2025-02-24T05:28:23.4719297Z tests/colors/test_alpha_blending.py::test_alpha_unblend_over[front_color52-back_color52] [32mPASSED[0m[32m [ 20%][0m
2025-02-24T05:28:23.4734387Z tests/colors/test_alpha_blending.py::test_alpha_unblend_over[front_color53-back_color53] [32mPASSED[0m[32m [ 20%][0m
2025-02-24T05:28:23.4750555Z tests/colors/test_alpha_blending.py::test_alpha_unblend_over[front_color54-back_color54] [32mPASSED[0m[32m [ 21%][0m
2025-02-24T05:28:23.4766368Z tests/colors/test_alpha_blending.py::test_alpha_unblend_over[front_color55-back_color55] [32mPASSED[0m[32m [ 21%][0m
2025-02-24T05:28:23.4782674Z tests/colors/test_alpha_blending.py::test_alpha_unblend_over[front_color56-back_color56] [32mPASSED[0m[32m [ 21%][0m
2025-02-24T05:28:23.4797785Z tests/colors/test_alpha_blending.py::test_alpha_unblend_over[front_color57-back_color57] [32mPASSED[0m[32m [ 21%][0m
2025-02-24T05:28:23.4813207Z tests/colors/test_alpha_blending.py::test_alpha_unblend_over[front_color58-back_color58] [32mPASSED[0m[32m [ 21%][0m
2025-02-24T05:28:23.4829664Z tests/colors/test_alpha_blending.py::test_alpha_unblend_over[front_color59-back_color59] [32mPASSED[0m[32m [ 21%][0m
2025-02-24T05:28:23.4845310Z tests/colors/test_alpha_blending.py::test_alpha_unblend_over[front_color60-back_color60] [32mPASSED[0m[32m [ 22%][0m
2025-02-24T05:28:23.4860824Z tests/colors/test_alpha_blending.py::test_alpha_unblend_over[front_color61-back_color61] [32mPASSED[0m[32m [ 22%][0m
2025-02-24T05:28:23.4876448Z tests/colors/test_alpha_blending.py::test_alpha_unblend_over[front_color62-back_color62] [32mPASSED[0m[32m [ 22%][0m
2025-02-24T05:28:23.4892209Z tests/colors/test_alpha_blending.py::test_alpha_unblend_over[front_color63-back_color63] [32mPASSED[0m[32m [ 22%][0m
2025-02-24T05:28:23.4907287Z tests/colors/test_alpha_blending.py::test_alpha_unblend_over[front_color64-back_color64] [32mPASSED[0m[32m [ 22%][0m
2025-02-24T05:28:23.4922502Z tests/colors/test_alpha_blending.py::test_alpha_unblend_over[front_color65-back_color65] [32mPASSED[0m[32m [ 22%][0m
2025-02-24T05:28:23.4937362Z tests/colors/test_alpha_blending.py::test_alpha_unblend_over[front_color66-back_color66] [32mPASSED[0m[32m [ 22%][0m
2025-02-24T05:28:23.4951825Z tests/colors/test_alpha_blending.py::test_alpha_unblend_over[front_color67-back_color67] [32mPASSED[0m[32m [ 23%][0m
2025-02-24T05:28:23.4966638Z tests/colors/test_alpha_blending.py::test_alpha_unblend_over[front_color68-back_color68] [32mPASSED[0m[32m [ 23%][0m
2025-02-24T05:28:23.4982128Z tests/colors/test_alpha_blending.py::test_alpha_unblend_over[front_color69-back_color69] [32mPASSED[0m[32m [ 23%][0m
2025-02-24T05:28:23.4997140Z tests/colors/test_alpha_blending.py::test_alpha_unblend_over[front_color70-back_color70] [32mPASSED[0m[32m [ 23%][0m
2025-02-24T05:28:23.5012596Z tests/colors/test_alpha_blending.py::test_alpha_unblend_over[front_color71-back_color71] [32mPASSED[0m[32m [ 23%][0m
2025-02-24T05:28:23.5027608Z tests/colors/test_alpha_blending.py::test_alpha_unblend_over[front_color72-back_color72] [32mPASSED[0m[32m [ 23%][0m
2025-02-24T05:28:23.5043067Z tests/colors/test_alpha_blending.py::test_alpha_unblend_over[front_color73-back_color73] [32mPASSED[0m[32m [ 24%][0m
2025-02-24T05:28:23.5058803Z tests/colors/test_alpha_blending.py::test_alpha_unblend_over[front_color74-back_color74] [32mPASSED[0m[32m [ 24%][0m
2025-02-24T05:28:23.5074403Z tests/colors/test_alpha_blending.py::test_alpha_unblend_over[front_color75-back_color75] [32mPASSED[0m[32m [ 24%][0m
2025-02-24T05:28:23.5088886Z tests/colors/test_color_conversion.py::test_rgba_to_rgb[input_color0-expected_color0] [32mPASSED[0m[32m [ 24%][0m
2025-02-24T05:28:23.5103260Z tests/colors/test_color_conversion.py::test_rgba_to_rgb[input_color1-expected_color1] [32mPASSED[0m[32m [ 24%][0m
2025-02-24T05:28:23.5117207Z tests/colors/test_color_conversion.py::test_rgba_to_rgb[input_color2-expected_color2] [32mPASSED[0m[32m [ 24%][0m
2025-02-24T05:28:23.5131834Z tests/colors/test_color_conversion.py::test_rgba_to_rgb[input_color3-expected_color3] [32mPASSED[0m[32m [ 24%][0m
2025-02-24T05:28:23.5145925Z tests/colors/test_color_conversion.py::test_rgba_to_rgb[input_color4-expected_color4] [32mPASSED[0m[32m [ 25%][0m
2025-02-24T05:28:23.5160363Z tests/colors/test_color_conversion.py::test_rgba_to_rgb[input_color5-expected_color5] [32mPASSED[0m[32m [ 25%][0m
2025-02-24T05:28:23.5174475Z tests/colors/test_color_conversion.py::test_rgba_to_rgb[input_color6-expected_color6] [32mPASSED[0m[32m [ 25%][0m
2025-02-24T05:28:23.5188781Z tests/colors/test_color_conversion.py::test_rgba_to_rgb[input_color7-expected_color7] [32mPASSED[0m[32m [ 25%][0m
2025-02-24T05:28:23.5202867Z tests/colors/test_color_conversion.py::test_rgba_to_rgb[input_color8-expected_color8] [32mPASSED[0m[32m [ 25%][0m
2025-02-24T05:28:23.5217053Z tests/colors/test_color_conversion.py::test_rgba_to_rgb[input_color9-expected_color9] [32mPASSED[0m[32m [ 25%][0m
2025-02-24T05:28:23.5231402Z tests/colors/test_color_conversion.py::test_rgba_to_rgb[input_color10-expected_color10] [32mPASSED[0m[32m [ 26%][0m
2025-02-24T05:28:23.5245743Z tests/colors/test_color_conversion.py::test_rgba_to_rgb[input_color11-expected_color11] [32mPASSED[0m[32m [ 26%][0m
2025-02-24T05:28:23.5260481Z tests/colors/test_color_conversion.py::test_rgba_to_rgb[input_color12-expected_color12] [32mPASSED[0m[32m [ 26%][0m
2025-02-24T05:28:23.5274422Z tests/colors/test_color_conversion.py::test_rgba_to_rgb[input_color13-expected_color13] [32mPASSED[0m[32m [ 26%][0m
2025-02-24T05:28:23.5288903Z tests/colors/test_color_conversion.py::test_rgba_to_rgb[input_color14-expected_color14] [32mPASSED[0m[32m [ 26%][0m
2025-02-24T05:28:23.5303048Z tests/colors/test_color_conversion.py::test_rgba_to_rgb[input_color15-expected_color15] [32mPASSED[0m[32m [ 26%][0m
2025-02-24T05:28:23.5317395Z tests/colors/test_color_conversion.py::test_rgba_to_hsla[input_color0-expected_color0] [32mPASSED[0m[32m [ 26%][0m
2025-02-24T05:28:23.5332064Z tests/colors/test_color_conversion.py::test_rgba_to_hsla[input_color1-expected_color1] [32mPASSED[0m[32m [ 27%][0m
2025-02-24T05:28:23.5346746Z tests/colors/test_color_conversion.py::test_rgba_to_hsla[input_color2-expected_color2] [32mPASSED[0m[32m [ 27%][0m
2025-02-24T05:28:23.5361861Z tests/colors/test_color_conversion.py::test_rgba_to_hsla[input_color3-expected_color3] [32mPASSED[0m[32m [ 27%][0m
2025-02-24T05:28:23.5376166Z tests/colors/test_color_conversion.py::test_rgba_to_hsla[input_color4-expected_color4] [32mPASSED[0m[32m [ 27%][0m
2025-02-24T05:28:23.5390620Z tests/colors/test_color_conversion.py::test_rgba_to_hsla[input_color5-expected_color5] [32mPASSED[0m[32m [ 27%][0m
2025-02-24T05:28:23.5404679Z tests/colors/test_color_conversion.py::test_rgba_to_hsla[input_color6-expected_color6] [32mPASSED[0m[32m [ 27%][0m
2025-02-24T05:28:23.5420612Z tests/colors/test_color_conversion.py::test_rgba_to_hsla[input_color7-expected_color7] [32mPASSED[0m[32m [ 28%][0m
2025-02-24T05:28:23.5434752Z tests/colors/test_color_conversion.py::test_rgba_to_hsla[input_color8-expected_color8] [32mPASSED[0m[32m [ 28%][0m
2025-02-24T05:28:23.5450800Z tests/colors/test_color_conversion.py::test_rgba_to_hsla[input_color9-expected_color9] [32mPASSED[0m[32m [ 28%][0m
2025-02-24T05:28:23.5465106Z tests/colors/test_color_conversion.py::test_rgba_to_hsla[input_color10-expected_color10] [32mPASSED[0m[32m [ 28%][0m
2025-02-24T05:28:23.5479794Z tests/colors/test_color_conversion.py::test_rgba_to_hsla[input_color11-expected_color11] [32mPASSED[0m[32m [ 28%][0m
2025-02-24T05:28:23.5494521Z tests/colors/test_color_conversion.py::test_rgba_to_hsla[input_color12-expected_color12] [32mPASSED[0m[32m [ 28%][0m
2025-02-24T05:28:23.5510408Z tests/colors/test_color_conversion.py::test_rgba_to_hsla[input_color13-expected_color13] [32mPASSED[0m[32m [ 28%][0m
2025-02-24T05:28:23.5524799Z tests/colors/test_color_conversion.py::test_rgba_to_hsla[input_color14-expected_color14] [32mPASSED[0m[32m [ 29%][0m
2025-02-24T05:28:23.5539594Z tests/colors/test_color_conversion.py::test_rgba_to_hsla[input_color15-expected_color15] [32mPASSED[0m[32m [ 29%][0m
2025-02-24T05:28:23.5553752Z tests/colors/test_color_conversion.py::test_rgba_to_hsl[input_color0-expected_color0] [32mPASSED[0m[32m [ 29%][0m
2025-02-24T05:28:23.5568397Z tests/colors/test_color_conversion.py::test_rgba_to_hsl[input_color1-expected_color1] [32mPASSED[0m[32m [ 29%][0m
2025-02-24T05:28:23.5582533Z tests/colors/test_color_conversion.py::test_rgba_to_hsl[input_color2-expected_color2] [32mPASSED[0m[32m [ 29%][0m
2025-02-24T05:28:23.5597529Z tests/colors/test_color_conversion.py::test_rgba_to_hsl[input_color3-expected_color3] [32mPASSED[0m[32m [ 29%][0m
2025-02-24T05:28:23.5612316Z tests/colors/test_color_conversion.py::test_rgba_to_hsl[input_color4-expected_color4] [32mPASSED[0m[32m [ 30%][0m
2025-02-24T05:28:23.5626409Z tests/colors/test_color_conversion.py::test_rgba_to_hsl[input_color5-expected_color5] [32mPASSED[0m[32m [ 30%][0m
2025-02-24T05:28:23.5640605Z tests/colors/test_color_conversion.py::test_rgba_to_hsl[input_color6-expected_color6] [32mPASSED[0m[32m [ 30%][0m
2025-02-24T05:28:23.5655632Z tests/colors/test_color_conversion.py::test_rgba_to_hsl[input_color7-expected_color7] [32mPASSED[0m[32m [ 30%][0m
2025-02-24T05:28:23.5670451Z tests/colors/test_color_conversion.py::test_rgba_to_hsl[input_color8-expected_color8] [32mPASSED[0m[32m [ 30%][0m
2025-02-24T05:28:23.5684577Z tests/colors/test_color_conversion.py::test_rgba_to_hsl[input_color9-expected_color9] [32mPASSED[0m[32m [ 30%][0m
2025-02-24T05:28:23.5699786Z tests/colors/test_color_conversion.py::test_rgba_to_hsl[input_color10-expected_color10] [32mPASSED[0m[32m [ 31%][0m
2025-02-24T05:28:23.5714133Z tests/colors/test_color_conversion.py::test_rgba_to_hsl[input_color11-expected_color11] [32mPASSED[0m[32m [ 31%][0m
2025-02-24T05:28:23.5728713Z tests/colors/test_color_conversion.py::test_rgba_to_hsl[input_color12-expected_color12] [32mPASSED[0m[32m [ 31%][0m
2025-02-24T05:28:23.5742806Z tests/colors/test_color_conversion.py::test_rgba_to_hsl[input_color13-expected_color13] [32mPASSED[0m[32m [ 31%][0m
2025-02-24T05:28:23.5758080Z tests/colors/test_color_conversion.py::test_rgba_to_hsl[input_color14-expected_color14] [32mPASSED[0m[32m [ 31%][0m
2025-02-24T05:28:23.5772844Z tests/colors/test_color_conversion.py::test_rgba_to_hsl[input_color15-expected_color15] [32mPASSED[0m[32m [ 31%][0m
2025-02-24T05:28:23.5787197Z tests/colors/test_color_conversion.py::test_rgb_to_rgba[input_color0-expected_color0] [32mPASSED[0m[32m [ 31%][0m
2025-02-24T05:28:23.5801828Z tests/colors/test_color_conversion.py::test_rgb_to_rgba[input_color1-expected_color1] [32mPASSED[0m[32m [ 32%][0m
2025-02-24T05:28:23.5815986Z tests/colors/test_color_conversion.py::test_rgb_to_rgba[input_color2-expected_color2] [32mPASSED[0m[32m [ 32%][0m
2025-02-24T05:28:23.5830449Z tests/colors/test_color_conversion.py::test_rgb_to_rgba[input_color3-expected_color3] [32mPASSED[0m[32m [ 32%][0m
2025-02-24T05:28:23.5845718Z tests/colors/test_color_conversion.py::test_rgb_to_rgba[input_color4-expected_color4] [32mPASSED[0m[32m [ 32%][0m
2025-02-24T05:28:23.5860656Z tests/colors/test_color_conversion.py::test_rgb_to_rgba[input_color5-expected_color5] [32mPASSED[0m[32m [ 32%][0m
2025-02-24T05:28:23.5874578Z tests/colors/test_color_conversion.py::test_rgb_to_rgba[input_color6-expected_color6] [32mPASSED[0m[32m [ 32%][0m
2025-02-24T05:28:23.5889130Z tests/colors/test_color_conversion.py::test_rgb_to_rgba[input_color7-expected_color7] [32mPASSED[0m[32m [ 33%][0m
2025-02-24T05:28:23.5904058Z tests/colors/test_color_conversion.py::test_rgb_to_rgba[input_color8-expected_color8] [32mPASSED[0m[32m [ 33%][0m
2025-02-24T05:28:23.5918944Z tests/colors/test_color_conversion.py::test_rgb_to_rgba[input_color9-expected_color9] [32mPASSED[0m[32m [ 33%][0m
2025-02-24T05:28:23.5933217Z tests/colors/test_color_conversion.py::test_rgb_to_rgba[input_color10-expected_color10] [32mPASSED[0m[32m [ 33%][0m
2025-02-24T05:28:23.5947768Z tests/colors/test_color_conversion.py::test_rgb_to_rgba[input_color11-expected_color11] [32mPASSED[0m[32m [ 33%][0m
2025-02-24T05:28:23.5962735Z tests/colors/test_color_conversion.py::test_rgb_to_hsla[input_color0-expected_color0] [32mPASSED[0m[32m [ 33%][0m
2025-02-24T05:28:23.5978371Z tests/colors/test_color_conversion.py::test_rgb_to_hsla[input_color1-expected_color1] [32mPASSED[0m[32m [ 33%][0m
2025-02-24T05:28:23.5992887Z tests/colors/test_color_conversion.py::test_rgb_to_hsla[input_color2-expected_color2] [32mPASSED[0m[32m [ 34%][0m
2025-02-24T05:28:23.6007282Z tests/colors/test_color_conversion.py::test_rgb_to_hsla[input_color3-expected_color3] [32mPASSED[0m[32m [ 34%][0m
2025-02-24T05:28:23.6022772Z tests/colors/test_color_conversion.py::test_rgb_to_hsla[input_color4-expected_color4] [32mPASSED[0m[32m [ 34%][0m
2025-02-24T05:28:23.6038038Z tests/colors/test_color_conversion.py::test_rgb_to_hsla[input_color5-expected_color5] [32mPASSED[0m[32m [ 34%][0m
2025-02-24T05:28:23.6052829Z tests/colors/test_color_conversion.py::test_rgb_to_hsla[input_color6-expected_color6] [32mPASSED[0m[32m [ 34%][0m
2025-02-24T05:28:23.6067552Z tests/colors/test_color_conversion.py::test_rgb_to_hsla[input_color7-expected_color7] [32mPASSED[0m[32m [ 34%][0m
2025-02-24T05:28:23.6086557Z tests/colors/test_color_conversion.py::test_rgb_to_hsla[input_color8-expected_color8] [32mPASSED[0m[32m [ 35%][0m
2025-02-24T05:28:23.6102068Z tests/colors/test_color_conversion.py::test_rgb_to_hsla[input_color9-expected_color9] [32mPASSED[0m[32m [ 35%][0m
2025-02-24T05:28:23.6116716Z tests/colors/test_color_conversion.py::test_rgb_to_hsla[input_color10-expected_color10] [32mPASSED[0m[32m [ 35%][0m
2025-02-24T05:28:23.6131417Z tests/colors/test_color_conversion.py::test_rgb_to_hsla[input_color11-expected_color11] [32mPASSED[0m[32m [ 35%][0m
2025-02-24T05:28:23.6147834Z tests/colors/test_color_conversion.py::test_rgb_to_hsl[input_color0-expected_color0] [32mPASSED[0m[32m [ 35%][0m
2025-02-24T05:28:23.6162446Z tests/colors/test_color_conversion.py::test_rgb_to_hsl[input_color1-expected_color1] [32mPASSED[0m[32m [ 35%][0m
2025-02-24T05:28:23.6176675Z tests/colors/test_color_conversion.py::test_rgb_to_hsl[input_color2-expected_color2] [32mPASSED[0m[32m [ 35%][0m
2025-02-24T05:28:23.6191861Z tests/colors/test_color_conversion.py::test_rgb_to_hsl[input_color3-expected_color3] [32mPASSED[0m[32m [ 36%][0m
2025-02-24T05:28:23.6206317Z tests/colors/test_color_conversion.py::test_rgb_to_hsl[input_color4-expected_color4] [32mPASSED[0m[32m [ 36%][0m
2025-02-24T05:28:23.6220650Z tests/colors/test_color_conversion.py::test_rgb_to_hsl[input_color5-expected_color5] [32mPASSED[0m[32m [ 36%][0m
2025-02-24T05:28:23.6235624Z tests/colors/test_color_conversion.py::test_rgb_to_hsl[input_color6-expected_color6] [32mPASSED[0m[32m [ 36%][0m
2025-02-24T05:28:23.6250764Z tests/colors/test_color_conversion.py::test_rgb_to_hsl[input_color7-expected_color7] [32mPASSED[0m[32m [ 36%][0m
2025-02-24T05:28:23.6265624Z tests/colors/test_color_conversion.py::test_rgb_to_hsl[input_color8-expected_color8] [32mPASSED[0m[32m [ 36%][0m
2025-02-24T05:28:23.6280658Z tests/colors/test_color_conversion.py::test_rgb_to_hsl[input_color9-expected_color9] [32mPASSED[0m[32m [ 37%][0m
2025-02-24T05:28:23.6295377Z tests/colors/test_color_conversion.py::test_rgb_to_hsl[input_color10-expected_color10] [32mPASSED[0m[32m [ 37%][0m
2025-02-24T05:28:23.6310513Z tests/colors/test_color_conversion.py::test_rgb_to_hsl[input_color11-expected_color11] [32mPASSED[0m[32m [ 37%][0m
2025-02-24T05:28:23.6325384Z tests/colors/test_color_conversion.py::test_hsla_to_hsl[input_color0-expected_color0] [32mPASSED[0m[32m [ 37%][0m
2025-02-24T05:28:23.6339983Z tests/colors/test_color_conversion.py::test_hsla_to_hsl[input_color1-expected_color1] [32mPASSED[0m[32m [ 37%][0m
2025-02-24T05:28:23.6354436Z tests/colors/test_color_conversion.py::test_hsla_to_hsl[input_color2-expected_color2] [32mPASSED[0m[32m [ 37%][0m
2025-02-24T05:28:23.6369283Z tests/colors/test_color_conversion.py::test_hsla_to_hsl[input_color3-expected_color3] [32mPASSED[0m[32m [ 37%][0m
2025-02-24T05:28:23.6384035Z tests/colors/test_color_conversion.py::test_hsla_to_hsl[input_color4-expected_color4] [32mPASSED[0m[32m [ 38%][0m
2025-02-24T05:28:23.6398931Z tests/colors/test_color_conversion.py::test_hsla_to_hsl[input_color5-expected_color5] [32mPASSED[0m[32m [ 38%][0m
2025-02-24T05:28:23.6413676Z tests/colors/test_color_conversion.py::test_hsla_to_hsl[input_color6-expected_color6] [32mPASSED[0m[32m [ 38%][0m
2025-02-24T05:28:23.6428420Z tests/colors/test_color_conversion.py::test_hsla_to_hsl[input_color7-expected_color7] [32mPASSED[0m[32m [ 38%][0m
2025-02-24T05:28:23.6442954Z tests/colors/test_color_conversion.py::test_hsla_to_hsl[input_color8-expected_color8] [32mPASSED[0m[32m [ 38%][0m
2025-02-24T05:28:23.6457666Z tests/colors/test_color_conversion.py::test_hsla_to_hsl[input_color9-expected_color9] [32mPASSED[0m[32m [ 38%][0m
2025-02-24T05:28:23.6472486Z tests/colors/test_color_conversion.py::test_hsla_to_hsl[input_color10-expected_color10] [32mPASSED[0m[32m [ 39%][0m
2025-02-24T05:28:23.6487259Z tests/colors/test_color_conversion.py::test_hsla_to_hsl[input_color11-expected_color11] [32mPASSED[0m[32m [ 39%][0m
2025-02-24T05:28:23.6502016Z tests/colors/test_color_conversion.py::test_hsla_to_hsl[input_color12-expected_color12] [32mPASSED[0m[32m [ 39%][0m
2025-02-24T05:28:23.6516517Z tests/colors/test_color_conversion.py::test_hsla_to_hsl[input_color13-expected_color13] [32mPASSED[0m[32m [ 39%][0m
2025-02-24T05:28:23.6531330Z tests/colors/test_color_conversion.py::test_hsla_to_hsl[input_color14-expected_color14] [32mPASSED[0m[32m [ 39%][0m
2025-02-24T05:28:23.6545933Z tests/colors/test_color_conversion.py::test_hsla_to_hsl[input_color15-expected_color15] [32mPASSED[0m[32m [ 39%][0m
2025-02-24T05:28:23.6561080Z tests/colors/test_color_conversion.py::test_hsla_to_rgba[input_color0-expected_color0] [32mPASSED[0m[32m [ 40%][0m
2025-02-24T05:28:23.6575819Z tests/colors/test_color_conversion.py::test_hsla_to_rgba[input_color1-expected_color1] [32mPASSED[0m[32m [ 40%][0m
2025-02-24T05:28:23.6590804Z tests/colors/test_color_conversion.py::test_hsla_to_rgba[input_color2-expected_color2] [32mPASSED[0m[32m [ 40%][0m
2025-02-24T05:28:23.6605678Z tests/colors/test_color_conversion.py::test_hsla_to_rgba[input_color3-expected_color3] [32mPASSED[0m[32m [ 40%][0m
2025-02-24T05:28:23.6621646Z tests/colors/test_color_conversion.py::test_hsla_to_rgba[input_color4-expected_color4] [32mPASSED[0m[32m [ 40%][0m
2025-02-24T05:28:23.6636001Z tests/colors/test_color_conversion.py::test_hsla_to_rgba[input_color5-expected_color5] [32mPASSED[0m[32m [ 40%][0m
2025-02-24T05:28:23.6650295Z tests/colors/test_color_conversion.py::test_hsla_to_rgba[input_color6-expected_color6] [32mPASSED[0m[32m [ 40%][0m
2025-02-24T05:28:23.6664724Z tests/colors/test_color_conversion.py::test_hsla_to_rgba[input_color7-expected_color7] [32mPASSED[0m[32m [ 41%][0m
2025-02-24T05:28:23.6679115Z tests/colors/test_color_conversion.py::test_hsla_to_rgba[input_color8-expected_color8] [32mPASSED[0m[32m [ 41%][0m
2025-02-24T05:28:23.6693612Z tests/colors/test_color_conversion.py::test_hsla_to_rgba[input_color9-expected_color9] [32mPASSED[0m[32m [ 41%][0m
2025-02-24T05:28:23.6708750Z tests/colors/test_color_conversion.py::test_hsla_to_rgba[input_color10-expected_color10] [32mPASSED[0m[32m [ 41%][0m
2025-02-24T05:28:23.6723379Z tests/colors/test_color_conversion.py::test_hsla_to_rgba[input_color11-expected_color11] [32mPASSED[0m[32m [ 41%][0m
2025-02-24T05:28:23.6738729Z tests/colors/test_color_conversion.py::test_hsla_to_rgba[input_color12-expected_color12] [32mPASSED[0m[32m [ 41%][0m
2025-02-24T05:28:23.6753683Z tests/colors/test_color_conversion.py::test_hsla_to_rgba[input_color13-expected_color13] [32mPASSED[0m[32m [ 42%][0m
2025-02-24T05:28:23.6768583Z tests/colors/test_color_conversion.py::test_hsla_to_rgba[input_color14-expected_color14] [32mPASSED[0m[32m [ 42%][0m
2025-02-24T05:28:23.6782500Z tests/colors/test_color_conversion.py::test_hsla_to_rgba[input_color15-expected_color15] [32mPASSED[0m[32m [ 42%][0m
2025-02-24T05:28:23.6804587Z tests/colors/test_color_conversion.py::test_hsla_to_rgb[input_color0-expected_color0] [32mPASSED[0m[32m [ 42%][0m
2025-02-24T05:28:23.6819920Z tests/colors/test_color_conversion.py::test_hsla_to_rgb[input_color1-expected_color1] [32mPASSED[0m[32m [ 42%][0m
2025-02-24T05:28:23.6834485Z tests/colors/test_color_conversion.py::test_hsla_to_rgb[input_color2-expected_color2] [32mPASSED[0m[32m [ 42%][0m
2025-02-24T05:28:23.6849216Z tests/colors/test_color_conversion.py::test_hsla_to_rgb[input_color3-expected_color3] [32mPASSED[0m[32m [ 42%][0m
2025-02-24T05:28:23.6864563Z tests/colors/test_color_conversion.py::test_hsla_to_rgb[input_color4-expected_color4] [32mPASSED[0m[32m [ 43%][0m
2025-02-24T05:28:23.6879032Z tests/colors/test_color_conversion.py::test_hsla_to_rgb[input_color5-expected_color5] [32mPASSED[0m[32m [ 43%][0m
2025-02-24T05:28:23.6893352Z tests/colors/test_color_conversion.py::test_hsla_to_rgb[input_color6-expected_color6] [32mPASSED[0m[32m [ 43%][0m
2025-02-24T05:28:23.6907482Z tests/colors/test_color_conversion.py::test_hsla_to_rgb[input_color7-expected_color7] [32mPASSED[0m[32m [ 43%][0m
2025-02-24T05:28:23.6921864Z tests/colors/test_color_conversion.py::test_hsla_to_rgb[input_color8-expected_color8] [32mPASSED[0m[32m [ 43%][0m
2025-02-24T05:28:23.6937158Z tests/colors/test_color_conversion.py::test_hsla_to_rgb[input_color9-expected_color9] [32mPASSED[0m[32m [ 43%][0m
2025-02-24T05:28:23.6952021Z tests/colors/test_color_conversion.py::test_hsla_to_rgb[input_color10-expected_color10] [32mPASSED[0m[32m [ 44%][0m
2025-02-24T05:28:23.6966271Z tests/colors/test_color_conversion.py::test_hsla_to_rgb[input_color11-expected_color11] [32mPASSED[0m[32m [ 44%][0m
2025-02-24T05:28:23.6980609Z tests/colors/test_color_conversion.py::test_hsla_to_rgb[input_color12-expected_color12] [32mPASSED[0m[32m [ 44%][0m
2025-02-24T05:28:23.6994382Z tests/colors/test_color_conversion.py::test_hsla_to_rgb[input_color13-expected_color13] [32mPASSED[0m[32m [ 44%][0m
2025-02-24T05:28:23.7008719Z tests/colors/test_color_conversion.py::test_hsla_to_rgb[input_color14-expected_color14] [32mPASSED[0m[32m [ 44%][0m
2025-02-24T05:28:23.7023920Z tests/colors/test_color_conversion.py::test_hsla_to_rgb[input_color15-expected_color15] [32mPASSED[0m[32m [ 44%][0m
2025-02-24T05:28:23.7038080Z tests/colors/test_color_conversion.py::test_hsl_to_hsla[input_color0-expected_color0] [32mPASSED[0m[32m [ 44%][0m
2025-02-24T05:28:23.7053274Z tests/colors/test_color_conversion.py::test_hsl_to_hsla[input_color1-expected_color1] [32mPASSED[0m[32m [ 45%][0m
2025-02-24T05:28:23.7068480Z tests/colors/test_color_conversion.py::test_hsl_to_hsla[input_color2-expected_color2] [32mPASSED[0m[32m [ 45%][0m
2025-02-24T05:28:23.7083367Z tests/colors/test_color_conversion.py::test_hsl_to_hsla[input_color3-expected_color3] [32mPASSED[0m[32m [ 45%][0m
2025-02-24T05:28:23.7097623Z tests/colors/test_color_conversion.py::test_hsl_to_hsla[input_color4-expected_color4] [32mPASSED[0m[32m [ 45%][0m
2025-02-24T05:28:23.7112156Z tests/colors/test_color_conversion.py::test_hsl_to_hsla[input_color5-expected_color5] [32mPASSED[0m[32m [ 45%][0m
2025-02-24T05:28:23.7126255Z tests/colors/test_color_conversion.py::test_hsl_to_hsla[input_color6-expected_color6] [32mPASSED[0m[32m [ 45%][0m
2025-02-24T05:28:23.7140571Z tests/colors/test_color_conversion.py::test_hsl_to_hsla[input_color7-expected_color7] [32mPASSED[0m[32m [ 46%][0m
2025-02-24T05:28:23.7154410Z tests/colors/test_color_conversion.py::test_hsl_to_hsla[input_color8-expected_color8] [32mPASSED[0m[32m [ 46%][0m
2025-02-24T05:28:23.7168581Z tests/colors/test_color_conversion.py::test_hsl_to_hsla[input_color9-expected_color9] [32mPASSED[0m[32m [ 46%][0m
2025-02-24T05:28:23.7182915Z tests/colors/test_color_conversion.py::test_hsl_to_hsla[input_color10-expected_color10] [32mPASSED[0m[32m [ 46%][0m
2025-02-24T05:28:23.7197396Z tests/colors/test_color_conversion.py::test_hsl_to_hsla[input_color11-expected_color11] [32mPASSED[0m[32m [ 46%][0m
2025-02-24T05:28:23.7211995Z tests/colors/test_color_conversion.py::test_hsl_to_rgba[input_color0-expected_color0] [32mPASSED[0m[32m [ 46%][0m
2025-02-24T05:28:23.7226501Z tests/colors/test_color_conversion.py::test_hsl_to_rgba[input_color1-expected_color1] [32mPASSED[0m[32m [ 46%][0m
2025-02-24T05:28:23.7241150Z tests/colors/test_color_conversion.py::test_hsl_to_rgba[input_color2-expected_color2] [32mPASSED[0m[32m [ 47%][0m
2025-02-24T05:28:23.7255528Z tests/colors/test_color_conversion.py::test_hsl_to_rgba[input_color3-expected_color3] [32mPASSED[0m[32m [ 47%][0m
2025-02-24T05:28:23.7270180Z tests/colors/test_color_conversion.py::test_hsl_to_rgba[input_color4-expected_color4] [32mPASSED[0m[32m [ 47%][0m
2025-02-24T05:28:23.7284382Z tests/colors/test_color_conversion.py::test_hsl_to_rgba[input_color5-expected_color5] [32mPASSED[0m[32m [ 47%][0m
2025-02-24T05:28:23.7298823Z tests/colors/test_color_conversion.py::test_hsl_to_rgba[input_color6-expected_color6] [32mPASSED[0m[32m [ 47%][0m
2025-02-24T05:28:23.7312949Z tests/colors/test_color_conversion.py::test_hsl_to_rgba[input_color7-expected_color7] [32mPASSED[0m[32m [ 47%][0m
2025-02-24T05:28:23.7327304Z tests/colors/test_color_conversion.py::test_hsl_to_rgba[input_color8-expected_color8] [32mPASSED[0m[32m [ 48%][0m
2025-02-24T05:28:23.7341780Z tests/colors/test_color_conversion.py::test_hsl_to_rgba[input_color9-expected_color9] [32mPASSED[0m[32m [ 48%][0m
2025-02-24T05:28:23.7356245Z tests/colors/test_color_conversion.py::test_hsl_to_rgba[input_color10-expected_color10] [32mPASSED[0m[32m [ 48%][0m
2025-02-24T05:28:23.7370574Z tests/colors/test_color_conversion.py::test_hsl_to_rgba[input_color11-expected_color11] [32mPASSED[0m[32m [ 48%][0m
2025-02-24T05:28:23.7384674Z tests/colors/test_color_conversion.py::test_hsl_to_rgb[input_color0-expected_color0] [32mPASSED[0m[32m [ 48%][0m
2025-02-24T05:28:23.7399140Z tests/colors/test_color_conversion.py::test_hsl_to_rgb[input_color1-expected_color1] [32mPASSED[0m[32m [ 48%][0m
2025-02-24T05:28:23.7413158Z tests/colors/test_color_conversion.py::test_hsl_to_rgb[input_color2-expected_color2] [32mPASSED[0m[32m [ 48%][0m
2025-02-24T05:28:23.7427319Z tests/colors/test_color_conversion.py::test_hsl_to_rgb[input_color3-expected_color3] [32mPASSED[0m[32m [ 49%][0m
2025-02-24T05:28:23.7442917Z tests/colors/test_color_conversion.py::test_hsl_to_rgb[input_color4-expected_color4] [32mPASSED[0m[32m [ 49%][0m
2025-02-24T05:28:23.7465598Z tests/colors/test_color_conversion.py::test_hsl_to_rgb[input_color5-expected_color5] [32mPASSED[0m[32m [ 49%][0m
2025-02-24T05:28:23.7480690Z tests/colors/test_color_conversion.py::test_hsl_to_rgb[input_color6-expected_color6] [32mPASSED[0m[32m [ 49%][0m
2025-02-24T05:28:23.7495089Z tests/colors/test_color_conversion.py::test_hsl_to_rgb[input_color7-expected_color7] [32mPASSED[0m[32m [ 49%][0m
2025-02-24T05:28:23.7509613Z tests/colors/test_color_conversion.py::test_hsl_to_rgb[input_color8-expected_color8] [32mPASSED[0m[32m [ 49%][0m
2025-02-24T05:28:23.7523538Z tests/colors/test_color_conversion.py::test_hsl_to_rgb[input_color9-expected_color9] [32mPASSED[0m[32m [ 50%][0m
2025-02-24T05:28:23.7537462Z tests/colors/test_color_conversion.py::test_hsl_to_rgb[input_color10-expected_color10] [32mPASSED[0m[32m [ 50%][0m
2025-02-24T05:28:23.7553758Z tests/colors/test_color_conversion.py::test_hsl_to_rgb[input_color11-expected_color11] [32mPASSED[0m[32m [ 50%][0m
2025-02-24T05:28:23.7568775Z tests/colors/test_constructor.py::test_repr[rgb-value0-rgb(10, 20, 30)] [32mPASSED[0m[32m [ 50%][0m
2025-02-24T05:28:23.7582825Z tests/colors/test_constructor.py::test_repr[rgba-value1-rgba(10, 20, 30, 0.5)] [32mPASSED[0m[32m [ 50%][0m
2025-02-24T05:28:23.7596676Z tests/colors/test_constructor.py::test_repr[hsl-value2-hsl(10, 0.2, 0.3)] [32mPASSED[0m[32m [ 50%][0m
2025-02-24T05:28:23.7611910Z tests/colors/test_constructor.py::test_repr[hsla-value3-hsla(10, 0.2, 0.3, 0.5)] [32mPASSED[0m[32m [ 51%][0m
2025-02-24T05:28:23.7623608Z tests/colors/test_constructor.py::test_rgb_hash [32mPASSED[0m[32m                   [ 51%][0m
2025-02-24T05:28:23.7637106Z tests/colors/test_constructor.py::test_rgba_hash [32mPASSED[0m[32m                  [ 51%][0m
2025-02-24T05:28:23.7649255Z tests/colors/test_constructor.py::test_hsl_hash [32mPASSED[0m[32m                   [ 51%][0m
2025-02-24T05:28:23.7662618Z tests/colors/test_constructor.py::test_hsla_hash [32mPASSED[0m[32m                  [ 51%][0m
2025-02-24T05:28:23.7676944Z tests/colors/test_constructor.py::test_hsl[value0-expected0] [32mPASSED[0m[32m      [ 51%][0m
2025-02-24T05:28:23.7691580Z tests/colors/test_constructor.py::test_hsl[value1-expected1] [32mPASSED[0m[32m      [ 51%][0m
2025-02-24T05:28:23.7706207Z tests/colors/test_constructor.py::test_hsl[value2-expected2] [32mPASSED[0m[32m      [ 52%][0m
2025-02-24T05:28:23.7721388Z tests/colors/test_constructor.py::test_hsl[value3-expected3] [32mPASSED[0m[32m      [ 52%][0m
2025-02-24T05:28:23.7735416Z tests/colors/test_constructor.py::test_hsl[value4-expected4] [32mPASSED[0m[32m      [ 52%][0m
2025-02-24T05:28:23.7749715Z tests/colors/test_constructor.py::test_hsl[value5-expected5] [32mPASSED[0m[32m      [ 52%][0m
2025-02-24T05:28:23.7763705Z tests/colors/test_constructor.py::test_hsl[value6-expected6] [32mPASSED[0m[32m      [ 52%][0m
2025-02-24T05:28:23.7777650Z tests/colors/test_constructor.py::test_hsl[value7-expected7] [32mPASSED[0m[32m      [ 52%][0m
2025-02-24T05:28:23.7792828Z tests/colors/test_constructor.py::test_hsl[value8-expected8] [32mPASSED[0m[32m      [ 53%][0m
2025-02-24T05:28:23.7807219Z tests/colors/test_constructor.py::test_hsl[value9-expected9] [32mPASSED[0m[32m      [ 53%][0m
2025-02-24T05:28:23.7822369Z tests/colors/test_constructor.py::test_hsl[value10-expected10] [32mPASSED[0m[32m    [ 53%][0m
2025-02-24T05:28:23.7836590Z tests/colors/test_constructor.py::test_hsl[value11-expected11] [32mPASSED[0m[32m    [ 53%][0m
2025-02-24T05:28:23.7851148Z tests/colors/test_constructor.py::test_hsl[value12-expected12] [32mPASSED[0m[32m    [ 53%][0m
2025-02-24T05:28:23.7865517Z tests/colors/test_constructor.py::test_hsl[value13-expected13] [32mPASSED[0m[32m    [ 53%][0m
2025-02-24T05:28:23.7880302Z tests/colors/test_constructor.py::test_hsl[value14-expected14] [32mPASSED[0m[32m    [ 53%][0m
2025-02-24T05:28:23.7894490Z tests/colors/test_constructor.py::test_hsl[value15-expected15] [32mPASSED[0m[32m    [ 54%][0m
2025-02-24T05:28:23.7908828Z tests/colors/test_constructor.py::test_hsl[value16-expected16] [32mPASSED[0m[32m    [ 54%][0m
2025-02-24T05:28:23.7923821Z tests/colors/test_constructor.py::test_hsl[value17-expected17] [32mPASSED[0m[32m    [ 54%][0m
2025-02-24T05:28:23.7938909Z tests/colors/test_constructor.py::test_hsl[value18-expected18] [32mPASSED[0m[32m    [ 54%][0m
2025-02-24T05:28:23.7952970Z tests/colors/test_constructor.py::test_hsl[value19-expected19] [32mPASSED[0m[32m    [ 54%][0m
2025-02-24T05:28:23.7966984Z tests/colors/test_constructor.py::test_hsl[value20-expected20] [32mPASSED[0m[32m    [ 54%][0m
2025-02-24T05:28:23.7981226Z tests/colors/test_constructor.py::test_hsl[value21-expected21] [32mPASSED[0m[32m    [ 55%][0m
2025-02-24T05:28:23.7995472Z tests/colors/test_constructor.py::test_hsl[value22-expected22] [32mPASSED[0m[32m    [ 55%][0m
2025-02-24T05:28:23.8009572Z tests/colors/test_constructor.py::test_hsl[value23-expected23] [32mPASSED[0m[32m    [ 55%][0m
2025-02-24T05:28:23.8023454Z tests/colors/test_constructor.py::test_hsl[value24-expected24] [32mPASSED[0m[32m    [ 55%][0m
2025-02-24T05:28:23.8037354Z tests/colors/test_constructor.py::test_hsl[value25-expected25] [32mPASSED[0m[32m    [ 55%][0m
2025-02-24T05:28:23.8051506Z tests/colors/test_constructor.py::test_hsl[value26-expected26] [32mPASSED[0m[32m    [ 55%][0m
2025-02-24T05:28:23.8066175Z tests/colors/test_constructor.py::test_hsl[value27-expected27] [32mPASSED[0m[32m    [ 55%][0m
2025-02-24T05:28:23.8080626Z tests/colors/test_constructor.py::test_hsl[value28-expected28] [32mPASSED[0m[32m    [ 56%][0m
2025-02-24T05:28:23.8095264Z tests/colors/test_constructor.py::test_hsl[value29-expected29] [32mPASSED[0m[32m    [ 56%][0m
2025-02-24T05:28:23.8109638Z tests/colors/test_constructor.py::test_hsl[value30-expected30] [32mPASSED[0m[32m    [ 56%][0m
2025-02-24T05:28:23.8124334Z tests/colors/test_constructor.py::test_hsl[value31-expected31] [32mPASSED[0m[32m    [ 56%][0m
2025-02-24T05:28:23.8138582Z tests/colors/test_constructor.py::test_hsl[value32-expected32] [32mPASSED[0m[32m    [ 56%][0m
2025-02-24T05:28:23.8153194Z tests/colors/test_constructor.py::test_hsl[value33-expected33] [32mPASSED[0m[32m    [ 56%][0m
2025-02-24T05:28:23.8167309Z tests/colors/test_constructor.py::test_hsl[value34-expected34] [32mPASSED[0m[32m    [ 57%][0m
2025-02-24T05:28:23.8181970Z tests/colors/test_constructor.py::test_hsl[value35-expected35] [32mPASSED[0m[32m    [ 57%][0m
2025-02-24T05:28:23.8196353Z tests/colors/test_constructor.py::test_hsl[value36-expected36] [32mPASSED[0m[32m    [ 57%][0m
2025-02-24T05:28:23.8210567Z tests/colors/test_constructor.py::test_hsl[value37-expected37] [32mPASSED[0m[32m    [ 57%][0m
2025-02-24T05:28:23.8225219Z tests/colors/test_constructor.py::test_hsl[value38-expected38] [32mPASSED[0m[32m    [ 57%][0m
2025-02-24T05:28:23.8239345Z tests/colors/test_constructor.py::test_hsl[value39-expected39] [32mPASSED[0m[32m    [ 57%][0m
2025-02-24T05:28:23.8253680Z tests/colors/test_constructor.py::test_hsl[value40-expected40] [32mPASSED[0m[32m    [ 57%][0m
2025-02-24T05:28:23.8267656Z tests/colors/test_constructor.py::test_hsl[value41-expected41] [32mPASSED[0m[32m    [ 58%][0m
2025-02-24T05:28:23.8282690Z tests/colors/test_constructor.py::test_hsl[value42-expected42] [32mPASSED[0m[32m    [ 58%][0m
2025-02-24T05:28:23.8296489Z tests/colors/test_constructor.py::test_hsl[value43-expected43] [32mPASSED[0m[32m    [ 58%][0m
2025-02-24T05:28:23.8311556Z tests/colors/test_constructor.py::test_hsl[value44-expected44] [32mPASSED[0m[32m    [ 58%][0m
2025-02-24T05:28:23.8325807Z tests/colors/test_constructor.py::test_hsl[value45-expected45] [32mPASSED[0m[32m    [ 58%][0m
2025-02-24T05:28:23.8339978Z tests/colors/test_constructor.py::test_hsl[value46-expected46] [32mPASSED[0m[32m    [ 58%][0m
2025-02-24T05:28:23.8354882Z tests/colors/test_constructor.py::test_hsl[value47-expected47] [32mPASSED[0m[32m    [ 59%][0m
2025-02-24T05:28:23.8370280Z tests/colors/test_constructor.py::test_hsl[value48-expected48] [32mPASSED[0m[32m    [ 59%][0m
2025-02-24T05:28:23.8384212Z tests/colors/test_constructor.py::test_hsl[value49-expected49] [32mPASSED[0m[32m    [ 59%][0m
2025-02-24T05:28:23.8399143Z tests/colors/test_constructor.py::test_hsl_alpha[value0-expected0] [32mPASSED[0m[32m [ 59%][0m
2025-02-24T05:28:23.8413183Z tests/colors/test_constructor.py::test_hsl_alpha[value1-expected1] [32mPASSED[0m[32m [ 59%][0m
2025-02-24T05:28:23.8427160Z tests/colors/test_constructor.py::test_hsl_alpha[value2-expected2] [32mPASSED[0m[32m [ 59%][0m
2025-02-24T05:28:23.8441284Z tests/colors/test_constructor.py::test_hsl_alpha[value3-expected3] [32mPASSED[0m[32m [ 60%][0m
2025-02-24T05:28:23.8455383Z tests/colors/test_constructor.py::test_hsl_alpha[value4-expected4] [32mPASSED[0m[32m [ 60%][0m
2025-02-24T05:28:23.8469666Z tests/colors/test_constructor.py::test_hsl_alpha[value5-expected5] [32mPASSED[0m[32m [ 60%][0m
2025-02-24T05:28:23.8483913Z tests/colors/test_constructor.py::test_hsl_alpha[value6-expected6] [32mPASSED[0m[32m [ 60%][0m
2025-02-24T05:28:23.8503165Z tests/colors/test_constructor.py::test_invalid_color_constructor[rgb-value0-red-0-255--1] [32mPASSED[0m[32m [ 60%][0m
2025-02-24T05:28:23.8522312Z tests/colors/test_constructor.py::test_invalid_color_constructor[rgb-value1-red-0-255-256] [32mPASSED[0m[32m [ 60%][0m
2025-02-24T05:28:23.8543252Z tests/colors/test_constructor.py::test_invalid_color_constructor[rgb-value2-green-0-255--1] [32mPASSED[0m[32m [ 60%][0m
2025-02-24T05:28:23.8561353Z tests/colors/test_constructor.py::test_invalid_color_constructor[rgb-value3-green-0-255-256] [32mPASSED[0m[32m [ 61%][0m
2025-02-24T05:28:23.8579447Z tests/colors/test_constructor.py::test_invalid_color_constructor[rgb-value4-blue-0-255--1] [32mPASSED[0m[32m [ 61%][0m
2025-02-24T05:28:23.8597637Z tests/colors/test_constructor.py::test_invalid_color_constructor[rgb-value5-blue-0-255-256] [32mPASSED[0m[32m [ 61%][0m
2025-02-24T05:28:23.8613702Z tests/colors/test_constructor.py::test_invalid_color_constructor[rgba-value6-red-0-255--1] [32mPASSED[0m[32m [ 61%][0m
2025-02-24T05:28:23.8629697Z tests/colors/test_constructor.py::test_invalid_color_constructor[rgba-value7-red-0-255-256] [32mPASSED[0m[32m [ 61%][0m
2025-02-24T05:28:23.8646205Z tests/colors/test_constructor.py::test_invalid_color_constructor[rgba-value8-green-0-255--1] [32mPASSED[0m[32m [ 61%][0m
2025-02-24T05:28:23.8662705Z tests/colors/test_constructor.py::test_invalid_color_constructor[rgba-value9-green-0-255-256] [32mPASSED[0m[32m [ 62%][0m
2025-02-24T05:28:23.8678931Z tests/colors/test_constructor.py::test_invalid_color_constructor[rgba-value10-blue-0-255--1] [32mPASSED[0m[32m [ 62%][0m
2025-02-24T05:28:23.8694617Z tests/colors/test_constructor.py::test_invalid_color_constructor[rgba-value11-blue-0-255-256] [32mPASSED[0m[32m [ 62%][0m
2025-02-24T05:28:23.8714709Z tests/colors/test_constructor.py::test_invalid_color_constructor[rgba-value12-alpha-0-1--0.5] [32mPASSED[0m[32m [ 62%][0m
2025-02-24T05:28:23.8733365Z tests/colors/test_constructor.py::test_invalid_color_constructor[rgba-value13-alpha-0-1-1.1] [32mPASSED[0m[32m [ 62%][0m
2025-02-24T05:28:23.8752281Z tests/colors/test_constructor.py::test_invalid_color_constructor[hsl-value14-hue-0-360--1] [32mPASSED[0m[32m [ 62%][0m
2025-02-24T05:28:23.8769775Z tests/colors/test_constructor.py::test_invalid_color_constructor[hsl-value15-hue-0-360-361] [32mPASSED[0m[32m [ 62%][0m
2025-02-24T05:28:23.8788791Z tests/colors/test_constructor.py::test_invalid_color_constructor[hsl-value16-saturation-0-1--0.1] [32mPASSED[0m[32m [ 63%][0m
2025-02-24T05:28:23.8806745Z tests/colors/test_constructor.py::test_invalid_color_constructor[hsl-value17-saturation-0-1-1.1] [32mPASSED[0m[32m [ 63%][0m
2025-02-24T05:28:23.8824901Z tests/colors/test_constructor.py::test_invalid_color_constructor[hsl-value18-lightness-0-1--0.1] [32mPASSED[0m[32m [ 63%][0m
2025-02-24T05:28:23.8842942Z tests/colors/test_constructor.py::test_invalid_color_constructor[hsl-value19-lightness-0-1-1.1] [32mPASSED[0m[32m [ 63%][0m
2025-02-24T05:28:23.8859744Z tests/colors/test_constructor.py::test_invalid_color_constructor[hsla-value20-hue-0-360--1] [32mPASSED[0m[32m [ 63%][0m
2025-02-24T05:28:23.8876911Z tests/colors/test_constructor.py::test_invalid_color_constructor[hsla-value21-hue-0-360-361] [32mPASSED[0m[32m [ 63%][0m
2025-02-24T05:28:23.8892996Z tests/colors/test_constructor.py::test_invalid_color_constructor[hsla-value22-saturation-0-1--0.1] [32mPASSED[0m[32m [ 64%][0m
2025-02-24T05:28:23.8909014Z tests/colors/test_constructor.py::test_invalid_color_constructor[hsla-value23-saturation-0-1-1.1] [32mPASSED[0m[32m [ 64%][0m
2025-02-24T05:28:23.8924717Z tests/colors/test_constructor.py::test_invalid_color_constructor[hsla-value24-lightness-0-1--0.1] [32mPASSED[0m[32m [ 64%][0m
2025-02-24T05:28:23.8941046Z tests/colors/test_constructor.py::test_invalid_color_constructor[hsla-value25-lightness-0-1-1.1] [32mPASSED[0m[32m [ 64%][0m
2025-02-24T05:28:23.8958517Z tests/colors/test_constructor.py::test_invalid_color_constructor[hsla-value26-alpha-0-1--0.1] [32mPASSED[0m[32m [ 64%][0m
2025-02-24T05:28:23.8975036Z tests/colors/test_constructor.py::test_invalid_color_constructor[hsla-value27-alpha-0-1-1.1] [32mPASSED[0m[32m [ 64%][0m
2025-02-24T05:28:23.8988307Z tests/colors/test_parsing.py::test_noop [32mPASSED[0m[32m                           [ 64%][0m
2025-02-24T05:28:23.9002059Z tests/colors/test_parsing.py::test_rgb[rgb(1,2,3)-expected0] [32mPASSED[0m[32m      [ 65%][0m
2025-02-24T05:28:23.9015535Z tests/colors/test_parsing.py::test_rgb[rgb(1, 2, 3)-expected1] [32mPASSED[0m[32m    [ 65%][0m
2025-02-24T05:28:23.9029130Z tests/colors/test_parsing.py::test_rgb[rgb( 1 , 2 , 3)-expected2] [32mPASSED[0m[32m [ 65%][0m
2025-02-24T05:28:23.9042916Z tests/colors/test_parsing.py::test_rgb[#123-expected3] [32mPASSED[0m[32m            [ 65%][0m
2025-02-24T05:28:23.9057028Z tests/colors/test_parsing.py::test_rgb[#112233-expected4] [32mPASSED[0m[32m         [ 65%][0m
2025-02-24T05:28:23.9070910Z tests/colors/test_parsing.py::test_rgb[#abc-expected5] [32mPASSED[0m[32m            [ 65%][0m
2025-02-24T05:28:23.9084291Z tests/colors/test_parsing.py::test_rgb[#ABC-expected6] [32mPASSED[0m[32m            [ 66%][0m
2025-02-24T05:28:23.9097700Z tests/colors/test_parsing.py::test_rgb[#abcdef-expected7] [32mPASSED[0m[32m         [ 66%][0m
2025-02-24T05:28:23.9112177Z tests/colors/test_parsing.py::test_rgb[#ABCDEF-expected8] [32mPASSED[0m[32m         [ 66%][0m
2025-02-24T05:28:23.9124625Z tests/colors/test_parsing.py::test_rgb_invalid[10, 20] [32mPASSED[0m[32m            [ 66%][0m
2025-02-24T05:28:23.9137232Z tests/colors/test_parsing.py::test_rgb_invalid[a, 10, 20] [32mPASSED[0m[32m         [ 66%][0m
2025-02-24T05:28:23.9150076Z tests/colors/test_parsing.py::test_rgb_invalid[10, b, 20] [32mPASSED[0m[32m         [ 66%][0m
2025-02-24T05:28:23.9162899Z tests/colors/test_parsing.py::test_rgb_invalid[10, 20, c] [32mPASSED[0m[32m         [ 66%][0m
2025-02-24T05:28:23.9175215Z tests/colors/test_parsing.py::test_rgb_invalid[10, 20, 30, 0.5] [32mPASSED[0m[32m   [ 67%][0m
2025-02-24T05:28:23.9188856Z tests/colors/test_parsing.py::test_rgba[rgba(1,2,3,0.5)-expected0] [32mPASSED[0m[32m [ 67%][0m
2025-02-24T05:28:23.9202605Z tests/colors/test_parsing.py::test_rgba[rgba(1, 2, 3, 0.5)-expected1] [32mPASSED[0m[32m [ 67%][0m
2025-02-24T05:28:23.9215852Z tests/colors/test_parsing.py::test_rgba[rgba( 1 , 2 , 3 , 0.5)-expected2] [32mPASSED[0m[32m [ 67%][0m
2025-02-24T05:28:23.9229610Z tests/colors/test_parsing.py::test_rgba[#1234-expected3] [32mPASSED[0m[32m          [ 67%][0m
2025-02-24T05:28:23.9242872Z tests/colors/test_parsing.py::test_rgba[#11223344-expected4] [32mPASSED[0m[32m      [ 67%][0m
2025-02-24T05:28:23.9257196Z tests/colors/test_parsing.py::test_rgba[#abcd-expected5] [32mPASSED[0m[32m          [ 68%][0m
2025-02-24T05:28:23.9271104Z tests/colors/test_parsing.py::test_rgba[#ABCD-expected6] [32mPASSED[0m[32m          [ 68%][0m
2025-02-24T05:28:23.9284545Z tests/colors/test_parsing.py::test_rgba[#abcdefba-expected7] [32mPASSED[0m[32m      [ 68%][0m
2025-02-24T05:28:23.9298838Z tests/colors/test_parsing.py::test_rgba[#ABCDEFBA-expected8] [32mPASSED[0m[32m      [ 68%][0m
2025-02-24T05:28:23.9311517Z tests/colors/test_parsing.py::test_rgba_invalid[10, 20, 30] [32mPASSED[0m[32m       [ 68%][0m
2025-02-24T05:28:23.9324066Z tests/colors/test_parsing.py::test_rgba_invalid[a, 10, 20, 0.5] [32mPASSED[0m[32m   [ 68%][0m
2025-02-24T05:28:23.9336441Z tests/colors/test_parsing.py::test_rgba_invalid[10, b, 20, 0.5] [32mPASSED[0m[32m   [ 68%][0m
2025-02-24T05:28:23.9349983Z tests/colors/test_parsing.py::test_rgba_invalid[10, 20, c, 0.5] [32mPASSED[0m[32m   [ 69%][0m
2025-02-24T05:28:23.9363173Z tests/colors/test_parsing.py::test_rgba_invalid[10, 20, 30, c] [32mPASSED[0m[32m    [ 69%][0m
2025-02-24T05:28:23.9376652Z tests/colors/test_parsing.py::test_rgba_invalid[10, 20, 30, 0.5, 5] [32mPASSED[0m[32m [ 69%][0m
2025-02-24T05:28:23.9390210Z tests/colors/test_parsing.py::test_hsl[1,20%,30%] [32mPASSED[0m[32m                 [ 69%][0m
2025-02-24T05:28:23.9403146Z tests/colors/test_parsing.py::test_hsl[1, 20%, 30%] [32mPASSED[0m[32m               [ 69%][0m
2025-02-24T05:28:23.9416163Z tests/colors/test_parsing.py::test_hsl[1, 20% , 30%] [32mPASSED[0m[32m              [ 69%][0m
2025-02-24T05:28:23.9429806Z tests/colors/test_parsing.py::test_hsl_invalid[1, 20%] [32mPASSED[0m[32m            [ 70%][0m
2025-02-24T05:28:23.9442554Z tests/colors/test_parsing.py::test_hsl_invalid[a, 20%, 30%] [32mPASSED[0m[32m       [ 70%][0m
2025-02-24T05:28:23.9455026Z tests/colors/test_parsing.py::test_hsl_invalid[1, a, 30%] [32mPASSED[0m[32m         [ 70%][0m
2025-02-24T05:28:23.9467518Z tests/colors/test_parsing.py::test_hsl_invalid[1, 20%, a)] [32mPASSED[0m[32m        [ 70%][0m
2025-02-24T05:28:23.9480264Z tests/colors/test_parsing.py::test_hsl_invalid[1, 20%, 30%, 0.5)] [32mPASSED[0m[32m [ 70%][0m
2025-02-24T05:28:23.9493697Z tests/colors/test_parsing.py::test_hsla[1,20%,30%,0.5] [32mPASSED[0m[32m            [ 70%][0m
2025-02-24T05:28:23.9507075Z tests/colors/test_parsing.py::test_hsla[1, 20%, 30%, 0.5] [32mPASSED[0m[32m         [ 71%][0m
2025-02-24T05:28:23.9520135Z tests/colors/test_parsing.py::test_hsla[ 1, 20% , 30% , 0.5] [32mPASSED[0m[32m      [ 71%][0m
2025-02-24T05:28:23.9532859Z tests/colors/test_parsing.py::test_hsla_invalid[1, 20%, 30%] [32mPASSED[0m[32m      [ 71%][0m
2025-02-24T05:28:23.9545632Z tests/colors/test_parsing.py::test_hsla_invalid[a, 20%, 30%, 0.5] [32mPASSED[0m[32m [ 71%][0m
2025-02-24T05:28:23.9558718Z tests/colors/test_parsing.py::test_hsla_invalid[1, a, 30%, 0.5] [32mPASSED[0m[32m   [ 71%][0m
2025-02-24T05:28:23.9571300Z tests/colors/test_parsing.py::test_hsla_invalid[1, 20%, a, 0.5] [32mPASSED[0m[32m   [ 71%][0m
2025-02-24T05:28:23.9584232Z tests/colors/test_parsing.py::test_hsla_invalid[1, 20%, 30%, a] [32mPASSED[0m[32m   [ 71%][0m
2025-02-24T05:28:23.9596687Z tests/colors/test_parsing.py::test_hsla_invalid[1, 20%, 30%, 0.5, 5] [32mPASSED[0m[32m [ 72%][0m
2025-02-24T05:28:23.9610376Z tests/colors/test_parsing.py::test_named_color[Red-expected0] [32mPASSED[0m[32m     [ 72%][0m
2025-02-24T05:28:23.9623663Z tests/colors/test_parsing.py::test_named_color[RED-expected1] [32mPASSED[0m[32m     [ 72%][0m
2025-02-24T05:28:23.9637065Z tests/colors/test_parsing.py::test_named_color[red-expected2] [32mPASSED[0m[32m     [ 72%][0m
2025-02-24T05:28:23.9650831Z tests/colors/test_parsing.py::test_named_color[rEd-expected3] [32mPASSED[0m[32m     [ 72%][0m
2025-02-24T05:28:23.9664205Z tests/colors/test_parsing.py::test_named_color[CornflowerBlue-expected4] [32mPASSED[0m[32m [ 72%][0m
2025-02-24T05:28:23.9677331Z tests/colors/test_parsing.py::test_named_color[cornflowerblue-expected5] [32mPASSED[0m[32m [ 73%][0m
2025-02-24T05:28:23.9691470Z tests/colors/test_parsing.py::test_named_color[CORNFLOWERBLUE-expected6] [32mPASSED[0m[32m [ 73%][0m
2025-02-24T05:28:23.9704982Z tests/colors/test_parsing.py::test_named_color[Cornflowerblue-expected7] [32mPASSED[0m[32m [ 73%][0m
2025-02-24T05:28:23.9718429Z tests/colors/test_parsing.py::test_named_color[CoRnFlOwErBlUe-expected8] [32mPASSED[0m[32m [ 73%][0m
2025-02-24T05:28:23.9731261Z tests/colors/test_parsing.py::test_named_color_invalid [32mPASSED[0m[32m            [ 73%][0m
2025-02-24T05:28:23.9743968Z tests/colors/test_parsing.py::test_hash_mark_invalid[1] [32mPASSED[0m[32m           [ 73%][0m
2025-02-24T05:28:23.9756500Z tests/colors/test_parsing.py::test_hash_mark_invalid[2] [32mPASSED[0m[32m           [ 73%][0m
2025-02-24T05:28:23.9769358Z tests/colors/test_parsing.py::test_hash_mark_invalid[5] [32mPASSED[0m[32m           [ 74%][0m
2025-02-24T05:28:23.9781958Z tests/colors/test_parsing.py::test_hash_mark_invalid[7] [32mPASSED[0m[32m           [ 74%][0m
2025-02-24T05:28:23.9794669Z tests/colors/test_parsing.py::test_hash_mark_invalid[9] [32mPASSED[0m[32m           [ 74%][0m
2025-02-24T05:28:23.9807812Z tests/colors/test_parsing.py::test_hash_mark_invalid[10] [32mPASSED[0m[32m          [ 74%][0m
2025-02-24T05:28:23.9832940Z tests/test_choices.py::test_none[Style] [32mPASSED[0m[32m                           [ 74%][0m
2025-02-24T05:28:23.9852902Z tests/test_choices.py::test_none[DeprecatedStyle] [32mPASSED[0m[32m                 [ 74%][0m
2025-02-24T05:28:23.9877433Z tests/test_choices.py::test_allow_string[Style] [32mPASSED[0m[32m                   [ 75%][0m
2025-02-24T05:28:23.9899361Z tests/test_choices.py::test_allow_string[DeprecatedStyle] [32mPASSED[0m[32m         [ 75%][0m
2025-02-24T05:28:23.9921640Z tests/test_choices.py::test_allow_integer[Style] [32mPASSED[0m[32m                  [ 75%][0m
2025-02-24T05:28:23.9941506Z tests/test_choices.py::test_allow_integer[DeprecatedStyle] [32mPASSED[0m[32m        [ 75%][0m
2025-02-24T05:28:23.9964441Z tests/test_choices.py::test_allow_number[Style] [32mPASSED[0m[32m                   [ 75%][0m
2025-02-24T05:28:23.9984342Z tests/test_choices.py::test_allow_number[DeprecatedStyle] [32mPASSED[0m[32m         [ 75%][0m
2025-02-24T05:28:24.0009018Z tests/test_choices.py::test_allow_color[Style] [32mPASSED[0m[32m                    [ 75%][0m
2025-02-24T05:28:24.0031009Z tests/test_choices.py::test_allow_color[DeprecatedStyle] [32mPASSED[0m[32m          [ 76%][0m
2025-02-24T05:28:24.0053168Z tests/test_choices.py::test_values[Style] [32mPASSED[0m[32m                         [ 76%][0m
2025-02-24T05:28:24.0073067Z tests/test_choices.py::test_values[DeprecatedStyle] [32mPASSED[0m[32m               [ 76%][0m
2025-02-24T05:28:24.0099177Z tests/test_choices.py::test_multiple_choices[Style] [32mPASSED[0m[32m               [ 76%][0m
2025-02-24T05:28:24.0121486Z tests/test_choices.py::test_multiple_choices[DeprecatedStyle] [32mPASSED[0m[32m     [ 76%][0m
2025-02-24T05:28:24.0138866Z tests/test_choices.py::test_string_symbol[Style] [32mPASSED[0m[32m                  [ 76%][0m
2025-02-24T05:28:24.0156076Z tests/test_choices.py::test_string_symbol[DeprecatedStyle] [32mPASSED[0m[32m        [ 77%][0m
2025-02-24T05:28:24.0168823Z tests/test_fonts.py::test_equality[font0] [32mPASSED[0m[32m                         [ 77%][0m
2025-02-24T05:28:24.0181326Z tests/test_fonts.py::test_equality[font1] [32mPASSED[0m[32m                         [ 77%][0m
2025-02-24T05:28:24.0194316Z tests/test_fonts.py::test_equality[font2] [32mPASSED[0m[32m                         [ 77%][0m
2025-02-24T05:28:24.0207434Z tests/test_fonts.py::test_inqequality[font0] [32mPASSED[0m[32m                      [ 77%][0m
2025-02-24T05:28:24.0220320Z tests/test_fonts.py::test_inqequality[font1] [32mPASSED[0m[32m                      [ 77%][0m
2025-02-24T05:28:24.0232567Z tests/test_fonts.py::test_inqequality[font2] [32mPASSED[0m[32m                      [ 77%][0m
2025-02-24T05:28:24.0244447Z tests/test_fonts.py::test_inqequality[a string] [32mPASSED[0m[32m                   [ 78%][0m
2025-02-24T05:28:24.0257548Z tests/test_fonts.py::test_inqequality[5] [32mPASSED[0m[32m                          [ 78%][0m
2025-02-24T05:28:24.0269497Z tests/test_fonts.py::test_hash [32mPASSED[0m[32m                                    [ 78%][0m
2025-02-24T05:28:24.0283656Z tests/test_fonts.py::test_repr[12-kwargs0-12pt] [32mPASSED[0m[32m                   [ 78%][0m
2025-02-24T05:28:24.0297461Z tests/test_fonts.py::test_repr[12-kwargs1-italic 12pt] [32mPASSED[0m[32m            [ 78%][0m
2025-02-24T05:28:24.0312133Z tests/test_fonts.py::test_repr[12-kwargs2-italic small-caps 12pt] [32mPASSED[0m[32m [ 78%][0m
2025-02-24T05:28:24.0326073Z tests/test_fonts.py::test_repr[12-kwargs3-italic small-caps bold 12pt] [32mPASSED[0m[32m [ 79%][0m
2025-02-24T05:28:24.0341334Z tests/test_fonts.py::test_repr[12-kwargs4-small-caps bold 12pt] [32mPASSED[0m[32m   [ 79%][0m
2025-02-24T05:28:24.0355403Z tests/test_fonts.py::test_repr[12-kwargs5-bold 12pt] [32mPASSED[0m[32m              [ 79%][0m
2025-02-24T05:28:24.0369232Z tests/test_fonts.py::test_repr[12-kwargs6-italic bold 12pt] [32mPASSED[0m[32m       [ 79%][0m
2025-02-24T05:28:24.0383788Z tests/test_fonts.py::test_repr[-1-kwargs7-system default size] [32mPASSED[0m[32m    [ 79%][0m
2025-02-24T05:28:24.0397682Z tests/test_fonts.py::test_repr[-1-kwargs8-italic system default size] [32mPASSED[0m[32m [ 79%][0m
2025-02-24T05:28:24.0410208Z tests/test_fonts.py::test_simple_construction[12_0] [32mPASSED[0m[32m               [ 80%][0m
2025-02-24T05:28:24.0422421Z tests/test_fonts.py::test_simple_construction[12_1] [32mPASSED[0m[32m               [ 80%][0m
2025-02-24T05:28:24.0434841Z tests/test_fonts.py::test_simple_construction[12pt] [32mPASSED[0m[32m               [ 80%][0m
2025-02-24T05:28:24.0447918Z tests/test_fonts.py::test_simple_construction[12 pt] [32mPASSED[0m[32m              [ 80%][0m
2025-02-24T05:28:24.0459891Z tests/test_fonts.py::test_invalid_construction [32mPASSED[0m[32m                    [ 80%][0m
2025-02-24T05:28:24.0472554Z tests/test_fonts.py::test_family[Comics Sans] [32mPASSED[0m[32m                     [ 80%][0m
2025-02-24T05:28:24.0484705Z tests/test_fonts.py::test_family[Wingdings] [32mPASSED[0m[32m                       [ 80%][0m
2025-02-24T05:28:24.0497519Z tests/test_fonts.py::test_family['Comic Sans'] [32mPASSED[0m[32m                    [ 81%][0m
2025-02-24T05:28:24.0509990Z tests/test_fonts.py::test_family["Comic Sans"] [32mPASSED[0m[32m                    [ 81%][0m
2025-02-24T05:28:24.0523431Z tests/test_fonts.py::test_style[italic-italic0] [32mPASSED[0m[32m                   [ 81%][0m
2025-02-24T05:28:24.0536388Z tests/test_fonts.py::test_style[italic-italic1] [32mPASSED[0m[32m                   [ 81%][0m
2025-02-24T05:28:24.0549599Z tests/test_fonts.py::test_style[oblique-oblique0] [32mPASSED[0m[32m                 [ 81%][0m
2025-02-24T05:28:24.0563165Z tests/test_fonts.py::test_style[oblique-oblique1] [32mPASSED[0m[32m                 [ 81%][0m
2025-02-24T05:28:24.0576239Z tests/test_fonts.py::test_style[something else-normal] [32mPASSED[0m[32m            [ 82%][0m
2025-02-24T05:28:24.0589078Z tests/test_fonts.py::test_make_normal_style[kwargs0] [32mPASSED[0m[32m              [ 82%][0m
2025-02-24T05:28:24.0602025Z tests/test_fonts.py::test_make_normal_style[kwargs1] [32mPASSED[0m[32m              [ 82%][0m
2025-02-24T05:28:24.0616011Z tests/test_fonts.py::test_make_slanted[italic-italic] [32mPASSED[0m[32m             [ 82%][0m
2025-02-24T05:28:24.0629372Z tests/test_fonts.py::test_make_slanted[oblique-oblique] [32mPASSED[0m[32m           [ 82%][0m
2025-02-24T05:28:24.0642551Z tests/test_fonts.py::test_variant[small-caps-small-caps0] [32mPASSED[0m[32m         [ 82%][0m
2025-02-24T05:28:24.0655597Z tests/test_fonts.py::test_variant[small-caps-small-caps1] [32mPASSED[0m[32m         [ 82%][0m
2025-02-24T05:28:24.0668688Z tests/test_fonts.py::test_variant[something else-normal] [32mPASSED[0m[32m          [ 83%][0m
2025-02-24T05:28:24.0681628Z tests/test_fonts.py::test_make_normal_variant[kwargs0] [32mPASSED[0m[32m            [ 83%][0m
2025-02-24T05:28:24.0694534Z tests/test_fonts.py::test_make_normal_variant[kwargs1] [32mPASSED[0m[32m            [ 83%][0m
2025-02-24T05:28:24.0706178Z tests/test_fonts.py::test_make_small_caps [32mPASSED[0m[32m                         [ 83%][0m
2025-02-24T05:28:24.0719422Z tests/test_fonts.py::test_weight[bold-bold0] [32mPASSED[0m[32m                      [ 83%][0m
2025-02-24T05:28:24.0733479Z tests/test_fonts.py::test_weight[bold-bold1] [32mPASSED[0m[32m                      [ 83%][0m
2025-02-24T05:28:24.0746670Z tests/test_fonts.py::test_weight[something else-normal] [32mPASSED[0m[32m           [ 84%][0m
2025-02-24T05:28:24.0759498Z tests/test_fonts.py::test_make_normal_weight[kwargs0] [32mPASSED[0m[32m             [ 84%][0m
2025-02-24T05:28:24.0772102Z tests/test_fonts.py::test_make_normal_weight[kwargs1] [32mPASSED[0m[32m             [ 84%][0m
2025-02-24T05:28:24.0783597Z tests/test_fonts.py::test_make_bold [32mPASSED[0m[32m                               [ 84%][0m
2025-02-24T05:28:24.0796122Z tests/test_layout.py::test_viewport_default [32mPASSED[0m[32m                       [ 84%][0m
2025-02-24T05:28:24.0807670Z tests/test_layout.py::test_viewport_constructor [32mPASSED[0m[32m                   [ 84%][0m
2025-02-24T05:28:24.0822403Z tests/test_layout.py::test_repr [32mPASSED[0m[32m                                   [ 84%][0m
2025-02-24T05:28:24.0836264Z tests/test_layout.py::test_initial [32mPASSED[0m[32m                                [ 85%][0m
2025-02-24T05:28:24.0854074Z tests/test_layout.py::test_set_content_dimension[content_top-5-expected10-7-expected20] [32mPASSED[0m[32m [ 85%][0m
2025-02-24T05:28:24.0873241Z tests/test_layout.py::test_set_content_dimension[content_left-5-expected11-7-expected21] [32mPASSED[0m[32m [ 85%][0m
2025-02-24T05:28:24.0891483Z tests/test_layout.py::test_set_content_dimension[min_content_width-8-expected12-9-expected22] [32mPASSED[0m[32m [ 85%][0m
2025-02-24T05:28:24.0908904Z tests/test_layout.py::test_set_content_dimension[content_width-5-expected13-7-expected23] [32mPASSED[0m[32m [ 85%][0m
2025-02-24T05:28:24.0926016Z tests/test_layout.py::test_set_content_dimension[min_content_height-7-expected14-8-expected24] [32mPASSED[0m[32m [ 85%][0m
2025-02-24T05:28:24.0944493Z tests/test_layout.py::test_set_content_dimension[content_height-10-expected15-12-expected25] [32mPASSED[0m[32m [ 86%][0m
2025-02-24T05:28:24.0961039Z tests/test_layout.py::test_descendent_offsets [32mPASSED[0m[32m                     [ 86%][0m
2025-02-24T05:28:24.0975945Z tests/test_layout.py::test_absolute_equalities [32mPASSED[0m[32m                    [ 86%][0m
2025-02-24T05:28:24.0993407Z tests/test_node.py::test_create_leaf [32mPASSED[0m[32m                              [ 86%][0m
2025-02-24T05:28:24.1017176Z tests/test_node.py::test_create_node [32mPASSED[0m[32m                              [ 86%][0m
2025-02-24T05:28:24.1046310Z tests/test_node.py::test_refresh[Style] [32mPASSED[0m[32m                           [ 86%][0m
2025-02-24T05:28:24.1076206Z tests/test_node.py::test_refresh[OldStyle] [32mPASSED[0m[32m                        [ 86%][0m
2025-02-24T05:28:24.1094784Z tests/test_node.py::test_refresh_no_op [32mPASSED[0m[32m                            [ 87%][0m
2025-02-24T05:28:24.1114683Z tests/test_node.py::test_type_error_in_layout[TypeErrorStyle] [32mPASSED[0m[32m     [ 87%][0m
2025-02-24T05:28:24.1132993Z tests/test_node.py::test_type_error_in_layout[OldTypeErrorStyle] [32mPASSED[0m[32m  [ 87%][0m
2025-02-24T05:28:24.1151406Z tests/test_node.py::test_add [32mPASSED[0m[32m                                      [ 87%][0m
2025-02-24T05:28:24.1173450Z tests/test_node.py::test_insert [32mPASSED[0m[32m                                   [ 87%][0m
2025-02-24T05:28:24.1193447Z tests/test_node.py::test_insert_leaf [32mPASSED[0m[32m                              [ 87%][0m
2025-02-24T05:28:24.1214756Z tests/test_node.py::test_remove [32mPASSED[0m[32m                                   [ 88%][0m
2025-02-24T05:28:24.1234443Z tests/test_node.py::test_remove_leaf [32mPASSED[0m[32m                              [ 88%][0m
2025-02-24T05:28:24.1255081Z tests/test_node.py::test_clear [32mPASSED[0m[32m                                    [ 88%][0m
2025-02-24T05:28:24.1270220Z tests/test_node.py::test_clear_leaf [32mPASSED[0m[32m                               [ 88%][0m
2025-02-24T05:28:24.1289401Z tests/test_node.py::test_create_with_no_applicator [32mPASSED[0m[32m                [ 88%][0m
2025-02-24T05:28:24.1311606Z tests/test_node.py::test_create_with_applicator [32mPASSED[0m[32m                   [ 88%][0m
2025-02-24T05:28:24.1328688Z tests/test_node.py::test_assign_applicator[node0] [32mPASSED[0m[32m                 [ 88%][0m
2025-02-24T05:28:24.1343743Z tests/test_node.py::test_assign_applicator[node1] [32mPASSED[0m[32m                 [ 89%][0m
2025-02-24T05:28:24.1356204Z tests/test_node.py::test_assign_applicator_none[node0] [32mPASSED[0m[32m            [ 89%][0m
2025-02-24T05:28:24.1369196Z tests/test_node.py::test_assign_applicator_none[node1] [32mPASSED[0m[32m            [ 89%][0m
2025-02-24T05:28:24.1396975Z tests/test_node.py::test_assign_style_with_applicator [32mPASSED[0m[32m             [ 89%][0m
2025-02-24T05:28:24.1422834Z tests/test_node.py::test_assign_style_with_no_applicator [32mPASSED[0m[32m          [ 89%][0m
2025-02-24T05:28:24.1439140Z tests/test_node.py::test_apply_before_node_is_ready [32mPASSED[0m[32m               [ 89%][0m
2025-02-24T05:28:24.1453870Z tests/test_node.py::test_applicator_has_node_reference [32mPASSED[0m[32m            [ 90%][0m
2025-02-24T05:28:24.1465392Z tests/test_size.py::test_at_least_repr [32mPASSED[0m[32m                            [ 90%][0m
2025-02-24T05:28:24.1476956Z tests/test_size.py::test_at_least_eq [32mPASSED[0m[32m                              [ 90%][0m
2025-02-24T05:28:24.1490302Z tests/test_size.py::test_size_repr [32mPASSED[0m[32m                                [ 90%][0m
2025-02-24T05:28:24.1502723Z tests/test_style.py::test_invalid_style [32mPASSED[0m[32m                           [ 90%][0m
2025-02-24T05:28:24.1520506Z tests/test_style.py::test_positional_argument[Style] [32mPASSED[0m[32m              [ 90%][0m
2025-02-24T05:28:24.1534872Z tests/test_style.py::test_positional_argument[DeprecatedStyle] [32mPASSED[0m[32m    [ 91%][0m
2025-02-24T05:28:24.1555689Z tests/test_style.py::test_create_and_copy[Style] [32mPASSED[0m[32m                  [ 91%][0m
2025-02-24T05:28:24.1576032Z tests/test_style.py::test_create_and_copy[DeprecatedStyle] [32mPASSED[0m[32m        [ 91%][0m
2025-02-24T05:28:24.1595315Z tests/test_style.py::test_deprecated_copy [32mPASSED[0m[32m                         [ 91%][0m
2025-02-24T05:28:24.1613742Z tests/test_style.py::test_apply[Style] [32mPASSED[0m[32m                            [ 91%][0m
2025-02-24T05:28:24.1631180Z tests/test_style.py::test_apply[DeprecatedStyle] [32mPASSED[0m[32m                  [ 91%][0m
2025-02-24T05:28:24.1649306Z tests/test_style.py::test_property_with_explicit_const[Style] [32mPASSED[0m[32m     [ 91%][0m
2025-02-24T05:28:24.1666500Z tests/test_style.py::test_property_with_explicit_const[DeprecatedStyle] [32mPASSED[0m[32m [ 92%][0m
2025-02-24T05:28:24.1684218Z tests/test_style.py::test_property_with_explicit_value[Style] [32mPASSED[0m[32m     [ 92%][0m
2025-02-24T05:28:24.1702642Z tests/test_style.py::test_property_with_explicit_value[DeprecatedStyle] [32mPASSED[0m[32m [ 92%][0m
2025-02-24T05:28:24.1720102Z tests/test_style.py::test_property_with_explicit_none[Style] [32mPASSED[0m[32m      [ 92%][0m
2025-02-24T05:28:24.1737983Z tests/test_style.py::test_property_with_explicit_none[DeprecatedStyle] [32mPASSED[0m[32m [ 92%][0m
2025-02-24T05:28:24.1755944Z tests/test_style.py::test_property_with_implicit_default[Style] [32mPASSED[0m[32m   [ 92%][0m
2025-02-24T05:28:24.1773633Z tests/test_style.py::test_property_with_implicit_default[DeprecatedStyle] [32mPASSED[0m[32m [ 93%][0m
2025-02-24T05:28:24.1788848Z tests/test_style.py::test_set_initial_no_apply[Style] [32mPASSED[0m[32m             [ 93%][0m
2025-02-24T05:28:24.1803374Z tests/test_style.py::test_set_initial_no_apply[DeprecatedStyle] [32mPASSED[0m[32m   [ 93%][0m
2025-02-24T05:28:24.1830407Z tests/test_style.py::test_directional_property[Style] [32mPASSED[0m[32m             [ 93%][0m
2025-02-24T05:28:24.1856602Z tests/test_style.py::test_directional_property[DeprecatedStyle] [32mPASSED[0m[32m   [ 93%][0m
2025-02-24T05:28:24.1874097Z tests/test_style.py::test_list_property[value0-expected0] [32mPASSED[0m[32m         [ 93%][0m
2025-02-24T05:28:24.1890954Z tests/test_style.py::test_list_property[value1-expected1] [32mPASSED[0m[32m         [ 93%][0m
2025-02-24T05:28:24.1908322Z tests/test_style.py::test_list_property[value2-expected2] [32mPASSED[0m[32m         [ 94%][0m
2025-02-24T05:28:24.1926286Z tests/test_style.py::test_list_property[value3-expected3] [32mPASSED[0m[32m         [ 94%][0m
2025-02-24T05:28:24.1943596Z tests/test_style.py::test_list_property[value4-expected4] [32mPASSED[0m[32m         [ 94%][0m
2025-02-24T05:28:24.1962050Z tests/test_style.py::test_list_property[value5-expected5] [32mPASSED[0m[32m         [ 94%][0m
2025-02-24T05:28:24.1979332Z tests/test_style.py::test_list_property[value6-expected6] [32mPASSED[0m[32m         [ 94%][0m
2025-02-24T05:28:24.1997725Z tests/test_style.py::test_list_property_invalid[5-TypeError-Value for list property list_prop must be a sequence\\.] [32mPASSED[0m[32m [ 94%][0m
2025-02-24T05:28:24.2017250Z tests/test_style.py::test_list_property_invalid[<genexpr>-TypeError-Value for list property list_prop must be a sequence.] [32mPASSED[0m[32m [ 95%][0m
2025-02-24T05:28:24.2038475Z tests/test_style.py::test_list_property_invalid[value2-ValueError-Invalid item value 'bogus' for list property list_prop; Valid values are: none, value1, value2, value3, <integer>] [32mPASSED[0m[32m [ 95%][0m
2025-02-24T05:28:24.2065508Z tests/test_style.py::test_list_property_invalid[value3-ValueError-List properties cannot be set to an empty sequence; to reset a property, use del `style.list_prop`\\.] [32mPASSED[0m[32m [ 95%][0m
2025-02-24T05:28:24.2083204Z tests/test_style.py::test_list_property_invalid[value4-ValueError-List properties cannot be set to an empty sequence; to reset a property, use del `style.list_prop`\\.] [32mPASSED[0m[32m [ 95%][0m
2025-02-24T05:28:24.2103335Z tests/test_style.py::test_list_property_immutable [32mPASSED[0m[32m                 [ 95%][0m
2025-02-24T05:28:24.2119798Z tests/test_style.py::test_list_property_list_like [32mPASSED[0m[32m                 [ 95%][0m
2025-02-24T05:28:24.2138746Z tests/test_style.py::test_set_multiple_properties[Style] [32mPASSED[0m[32m          [ 95%][0m
2025-02-24T05:28:24.2157068Z tests/test_style.py::test_set_multiple_properties[DeprecatedStyle] [32mPASSED[0m[32m [ 96%][0m
2025-02-24T05:28:24.2176198Z tests/test_style.py::test_str[Style] [32mPASSED[0m[32m                              [ 96%][0m
2025-02-24T05:28:24.2194950Z tests/test_style.py::test_str[DeprecatedStyle] [32mPASSED[0m[32m                    [ 96%][0m
2025-02-24T05:28:24.2219353Z tests/test_style.py::test_dict[Style] [32mPASSED[0m[32m                             [ 96%][0m
2025-02-24T05:28:24.2251033Z tests/test_style.py::test_dict[DeprecatedStyle] [32mPASSED[0m[32m                   [ 96%][0m
2025-02-24T05:28:24.2278522Z tests/test_style.py::test_set_to_initial[Style] [32mPASSED[0m[32m                   [ 96%][0m
2025-02-24T05:28:24.2305750Z tests/test_style.py::test_set_to_initial[DeprecatedStyle] [32mPASSED[0m[32m         [ 97%][0m
2025-02-24T05:28:24.2333591Z tests/test_style.py::test_union_operators[True-Style] [32mPASSED[0m[32m             [ 97%][0m
2025-02-24T05:28:24.2361038Z tests/test_style.py::test_union_operators[True-DeprecatedStyle] [32mPASSED[0m[32m   [ 97%][0m
2025-02-24T05:28:24.2384177Z tests/test_style.py::test_union_operators[False-Style] [32mPASSED[0m[32m            [ 97%][0m
2025-02-24T05:28:24.2407301Z tests/test_style.py::test_union_operators[False-DeprecatedStyle] [32mPASSED[0m[32m  [ 97%][0m
2025-02-24T05:28:24.2427748Z tests/test_style.py::test_union_operators_invalid_type[Style-StyleSubclass] [32mPASSED[0m[32m [ 97%][0m
2025-02-24T05:28:24.2443826Z tests/test_style.py::test_union_operators_invalid_type[Style-Sibling] [32mPASSED[0m[32m [ 97%][0m
2025-02-24T05:28:24.2459823Z tests/test_style.py::test_union_operators_invalid_type[Style-int] [32mPASSED[0m[32m [ 98%][0m
2025-02-24T05:28:24.2476476Z tests/test_style.py::test_union_operators_invalid_type[Style-list] [32mPASSED[0m[32m [ 98%][0m
2025-02-24T05:28:24.2493377Z tests/test_style.py::test_union_operators_invalid_type[DeprecatedStyle-DeprecatedStyleSubclass] [32mPASSED[0m[32m [ 98%][0m
2025-02-24T05:28:24.2509802Z tests/test_style.py::test_union_operators_invalid_type[DeprecatedStyle-Sibling] [32mPASSED[0m[32m [ 98%][0m
2025-02-24T05:28:24.2524524Z tests/test_style.py::test_union_operators_invalid_type[DeprecatedStyle-int] [32mPASSED[0m[32m [ 98%][0m
2025-02-24T05:28:24.2540278Z tests/test_style.py::test_union_operators_invalid_type[DeprecatedStyle-list] [32mPASSED[0m[32m [ 98%][0m
2025-02-24T05:28:24.2559043Z tests/test_style.py::test_union_operators_invalid_key_value[right0-ValueError-Style] [32mPASSED[0m[32m [ 99%][0m
2025-02-24T05:28:24.2577088Z tests/test_style.py::test_union_operators_invalid_key_value[right0-ValueError-DeprecatedStyle] [32mPASSED[0m[32m [ 99%][0m
2025-02-24T05:28:24.2595349Z tests/test_style.py::test_union_operators_invalid_key_value[right1-NameError-Style] [32mPASSED[0m[32m [ 99%][0m
2025-02-24T05:28:24.2613594Z tests/test_style.py::test_union_operators_invalid_key_value[right1-NameError-DeprecatedStyle] [32mPASSED[0m[32m [ 99%][0m
2025-02-24T05:28:24.2626422Z tests/test_style.py::test_deprecated_class_methods [32mPASSED[0m[32m                [ 99%][0m
2025-02-24T05:28:24.2642210Z tests/test_style.py::test_deprecated_reapply [32mPASSED[0m[32m                      [ 99%][0m
2025-02-24T05:28:24.2683974Z tests/test_style.py::test_deprecated_import [32mPASSED[0m[32m                       [100%][0m
2025-02-24T05:28:24.2684615Z 
2025-02-24T05:28:24.2685024Z [32m============================= [32m[1m645 passed[0m[32m in 1.77s[0m[32m ==============================[0m
2025-02-24T05:28:24.3223711Z   py-cov-trav: OK (7.84=setup[0.87]+cmd[4.10,2.87] seconds)
2025-02-24T05:28:24.3224198Z   congratulations :) (8.18 seconds)
2025-02-24T05:28:25.2777729Z Python 3.11.11
2025-02-24T05:28:26.2619475Z Looking in links: ../dist
2025-02-24T05:28:26.2667482Z Processing /home/runner/work/toga/toga/dist/toga_core-0.4.9.dev608+g01152b56b-py3-none-any.whl (from toga-core==0.4.9.dev608+g01152b56b)
2025-02-24T05:28:26.2743116Z Processing /home/runner/work/toga/toga/dist/toga_dummy-0.4.9.dev608+g01152b56b-py3-none-any.whl
2025-02-24T05:28:26.3336527Z Processing /home/runner/work/toga/toga/dist/travertino-0.4.9.dev608+g01152b56b-py3-none-any.whl (from toga-core==0.4.9.dev608+g01152b56b->toga-core==0.4.9.dev608+g01152b56b)
2025-02-24T05:28:26.5267947Z Collecting coverage==7.6.12 (from coverage[toml]==7.6.12; extra == "dev"->toga-core==0.4.9.dev608+g01152b56b->toga-core==0.4.9.dev608+g01152b56b)
2025-02-24T05:28:26.5281713Z   Using cached coverage-7.6.12-cp311-cp311-manylinux_2_5_x86_64.manylinux1_x86_64.manylinux_2_17_x86_64.manylinux2014_x86_64.whl.metadata (8.5 kB)
2025-02-24T05:28:26.5409756Z Collecting coverage-conditional-plugin==0.9.0 (from toga-core==0.4.9.dev608+g01152b56b->toga-core==0.4.9.dev608+g01152b56b)
2025-02-24T05:28:26.5419855Z   Using cached coverage_conditional_plugin-0.9.0-py3-none-any.whl.metadata (6.9 kB)
2025-02-24T05:28:26.6565780Z Collecting Pillow==11.1.0 (from toga-core==0.4.9.dev608+g01152b56b->toga-core==0.4.9.dev608+g01152b56b)
2025-02-24T05:28:26.6577522Z   Using cached pillow-11.1.0-cp311-cp311-manylinux_2_28_x86_64.whl.metadata (9.1 kB)
2025-02-24T05:28:26.6924391Z Collecting pre-commit==4.1.0 (from toga-core==0.4.9.dev608+g01152b56b->toga-core==0.4.9.dev608+g01152b56b)
2025-02-24T05:28:26.6935132Z   Using cached pre_commit-4.1.0-py2.py3-none-any.whl.metadata (1.3 kB)
2025-02-24T05:28:26.7229173Z Collecting pytest==8.3.4 (from toga-core==0.4.9.dev608+g01152b56b->toga-core==0.4.9.dev608+g01152b56b)
2025-02-24T05:28:26.7238681Z   Using cached pytest-8.3.4-py3-none-any.whl.metadata (7.5 kB)
2025-02-24T05:28:26.7438490Z Collecting pytest-asyncio==0.25.3 (from toga-core==0.4.9.dev608+g01152b56b->toga-core==0.4.9.dev608+g01152b56b)
2025-02-24T05:28:26.7448639Z   Using cached pytest_asyncio-0.25.3-py3-none-any.whl.metadata (3.9 kB)
2025-02-24T05:28:26.7564073Z Collecting pytest-freezer==0.4.9 (from toga-core==0.4.9.dev608+g01152b56b->toga-core==0.4.9.dev608+g01152b56b)
2025-02-24T05:28:26.7573976Z   Using cached pytest_freezer-0.4.9-py3-none-any.whl.metadata (2.1 kB)
2025-02-24T05:28:26.7887286Z Collecting setuptools-scm==8.1.0 (from toga-core==0.4.9.dev608+g01152b56b->toga-core==0.4.9.dev608+g01152b56b)
2025-02-24T05:28:26.7898011Z   Using cached setuptools_scm-8.1.0-py3-none-any.whl.metadata (6.6 kB)
2025-02-24T05:28:26.8422115Z Collecting tox==4.24.1 (from toga-core==0.4.9.dev608+g01152b56b->toga-core==0.4.9.dev608+g01152b56b)
2025-02-24T05:28:26.8432078Z   Using cached tox-4.24.1-py3-none-any.whl.metadata (3.7 kB)
2025-02-24T05:28:26.8682064Z Collecting packaging>=20.4 (from coverage-conditional-plugin==0.9.0->toga-core==0.4.9.dev608+g01152b56b->toga-core==0.4.9.dev608+g01152b56b)
2025-02-24T05:28:26.8692542Z   Using cached packaging-24.2-py3-none-any.whl.metadata (3.2 kB)
2025-02-24T05:28:26.8841139Z Collecting cfgv>=2.0.0 (from pre-commit==4.1.0->toga-core==0.4.9.dev608+g01152b56b->toga-core==0.4.9.dev608+g01152b56b)
2025-02-24T05:28:26.8850220Z   Using cached cfgv-3.4.0-py2.py3-none-any.whl.metadata (8.5 kB)
2025-02-24T05:28:26.9201277Z Collecting identify>=1.0.0 (from pre-commit==4.1.0->toga-core==0.4.9.dev608+g01152b56b->toga-core==0.4.9.dev608+g01152b56b)
2025-02-24T05:28:26.9211308Z   Using cached identify-2.6.8-py2.py3-none-any.whl.metadata (4.4 kB)
2025-02-24T05:28:26.9368734Z Collecting nodeenv>=0.11.1 (from pre-commit==4.1.0->toga-core==0.4.9.dev608+g01152b56b->toga-core==0.4.9.dev608+g01152b56b)
2025-02-24T05:28:26.9378389Z   Using cached nodeenv-1.9.1-py2.py3-none-any.whl.metadata (21 kB)
2025-02-24T05:28:26.9677834Z Collecting pyyaml>=5.1 (from pre-commit==4.1.0->toga-core==0.4.9.dev608+g01152b56b->toga-core==0.4.9.dev608+g01152b56b)
2025-02-24T05:28:26.9689576Z   Using cached PyYAML-6.0.2-cp311-cp311-manylinux_2_17_x86_64.manylinux2014_x86_64.whl.metadata (2.1 kB)
2025-02-24T05:28:27.0045676Z Collecting virtualenv>=20.10.0 (from pre-commit==4.1.0->toga-core==0.4.9.dev608+g01152b56b->toga-core==0.4.9.dev608+g01152b56b)
2025-02-24T05:28:27.0054998Z   Using cached virtualenv-20.29.2-py3-none-any.whl.metadata (4.5 kB)
2025-02-24T05:28:27.0196423Z Collecting iniconfig (from pytest==8.3.4->toga-core==0.4.9.dev608+g01152b56b->toga-core==0.4.9.dev608+g01152b56b)
2025-02-24T05:28:27.0205806Z   Using cached iniconfig-2.0.0-py3-none-any.whl.metadata (2.6 kB)
2025-02-24T05:28:27.0329952Z Collecting pluggy<2,>=1.5 (from pytest==8.3.4->toga-core==0.4.9.dev608+g01152b56b->toga-core==0.4.9.dev608+g01152b56b)
2025-02-24T05:28:27.0340171Z   Using cached pluggy-1.5.0-py3-none-any.whl.metadata (4.8 kB)
2025-02-24T05:28:27.0694555Z Collecting freezegun>=1.1 (from pytest-freezer==0.4.9->toga-core==0.4.9.dev608+g01152b56b->toga-core==0.4.9.dev608+g01152b56b)
2025-02-24T05:28:27.0704655Z   Using cached freezegun-1.5.1-py3-none-any.whl.metadata (11 kB)
2025-02-24T05:28:27.0765318Z Requirement already satisfied: setuptools in /home/runner/work/toga/toga/.tox/coverage311-trav/lib/python3.11/site-packages (from setuptools-scm==8.1.0->toga-core==0.4.9.dev608+g01152b56b->toga-core==0.4.9.dev608+g01152b56b) (75.8.0)
2025-02-24T05:28:27.0916337Z Collecting cachetools>=5.5 (from tox==4.24.1->toga-core==0.4.9.dev608+g01152b56b->toga-core==0.4.9.dev608+g01152b56b)
2025-02-24T05:28:27.0926631Z   Using cached cachetools-5.5.2-py3-none-any.whl.metadata (5.4 kB)
2025-02-24T05:28:27.1041778Z Collecting chardet>=5.2 (from tox==4.24.1->toga-core==0.4.9.dev608+g01152b56b->toga-core==0.4.9.dev608+g01152b56b)
2025-02-24T05:28:27.1067491Z   Using cached chardet-5.2.0-py3-none-any.whl.metadata (3.4 kB)
2025-02-24T05:28:27.1227209Z Collecting colorama>=0.4.6 (from tox==4.24.1->toga-core==0.4.9.dev608+g01152b56b->toga-core==0.4.9.dev608+g01152b56b)
2025-02-24T05:28:27.1236686Z   Using cached colorama-0.4.6-py2.py3-none-any.whl.metadata (17 kB)
2025-02-24T05:28:27.1413537Z Collecting filelock>=3.16.1 (from tox==4.24.1->toga-core==0.4.9.dev608+g01152b56b->toga-core==0.4.9.dev608+g01152b56b)
2025-02-24T05:28:27.1423561Z   Using cached filelock-3.17.0-py3-none-any.whl.metadata (2.9 kB)
2025-02-24T05:28:27.1628349Z Collecting platformdirs>=4.3.6 (from tox==4.24.1->toga-core==0.4.9.dev608+g01152b56b->toga-core==0.4.9.dev608+g01152b56b)
2025-02-24T05:28:27.1638022Z   Using cached platformdirs-4.3.6-py3-none-any.whl.metadata (11 kB)
2025-02-24T05:28:27.1784185Z Collecting pyproject-api>=1.8 (from tox==4.24.1->toga-core==0.4.9.dev608+g01152b56b->toga-core==0.4.9.dev608+g01152b56b)
2025-02-24T05:28:27.1794053Z   Using cached pyproject_api-1.9.0-py3-none-any.whl.metadata (2.7 kB)
2025-02-24T05:28:27.2093625Z Collecting python-dateutil>=2.7 (from freezegun>=1.1->pytest-freezer==0.4.9->toga-core==0.4.9.dev608+g01152b56b->toga-core==0.4.9.dev608+g01152b56b)
2025-02-24T05:28:27.2102676Z   Using cached python_dateutil-2.9.0.post0-py2.py3-none-any.whl.metadata (8.4 kB)
2025-02-24T05:28:27.2332034Z Collecting distlib<1,>=0.3.7 (from virtualenv>=20.10.0->pre-commit==4.1.0->toga-core==0.4.9.dev608+g01152b56b->toga-core==0.4.9.dev608+g01152b56b)
2025-02-24T05:28:27.2341661Z   Using cached distlib-0.3.9-py2.py3-none-any.whl.metadata (5.2 kB)
2025-02-24T05:28:27.2622912Z Collecting six>=1.5 (from python-dateutil>=2.7->freezegun>=1.1->pytest-freezer==0.4.9->toga-core==0.4.9.dev608+g01152b56b->toga-core==0.4.9.dev608+g01152b56b)
2025-02-24T05:28:27.2631638Z   Using cached six-1.17.0-py2.py3-none-any.whl.metadata (1.7 kB)
2025-02-24T05:28:27.2686179Z Using cached coverage-7.6.12-cp311-cp311-manylinux_2_5_x86_64.manylinux1_x86_64.manylinux_2_17_x86_64.manylinux2014_x86_64.whl (241 kB)
2025-02-24T05:28:27.2696877Z Using cached coverage_conditional_plugin-0.9.0-py3-none-any.whl (7.3 kB)
2025-02-24T05:28:27.2707428Z Using cached pillow-11.1.0-cp311-cp311-manylinux_2_28_x86_64.whl (4.5 MB)
2025-02-24T05:28:27.2750471Z Using cached pre_commit-4.1.0-py2.py3-none-any.whl (220 kB)
2025-02-24T05:28:27.2762371Z Using cached pytest-8.3.4-py3-none-any.whl (343 kB)
2025-02-24T05:28:27.2775939Z Using cached pytest_asyncio-0.25.3-py3-none-any.whl (19 kB)
2025-02-24T05:28:27.2786364Z Using cached pytest_freezer-0.4.9-py3-none-any.whl (3.2 kB)
2025-02-24T05:28:27.2796545Z Using cached setuptools_scm-8.1.0-py3-none-any.whl (43 kB)
2025-02-24T05:28:27.2806738Z Using cached tox-4.24.1-py3-none-any.whl (171 kB)
2025-02-24T05:28:27.2818056Z Using cached cachetools-5.5.2-py3-none-any.whl (10 kB)
2025-02-24T05:28:27.2827945Z Using cached cfgv-3.4.0-py2.py3-none-any.whl (7.2 kB)
2025-02-24T05:28:27.2837796Z Using cached chardet-5.2.0-py3-none-any.whl (199 kB)
2025-02-24T05:28:27.2849334Z Using cached colorama-0.4.6-py2.py3-none-any.whl (25 kB)
2025-02-24T05:28:27.2859280Z Using cached filelock-3.17.0-py3-none-any.whl (16 kB)
2025-02-24T05:28:27.2869390Z Using cached freezegun-1.5.1-py3-none-any.whl (17 kB)
2025-02-24T05:28:27.2879102Z Using cached identify-2.6.8-py2.py3-none-any.whl (99 kB)
2025-02-24T05:28:27.2889753Z Using cached nodeenv-1.9.1-py2.py3-none-any.whl (22 kB)
2025-02-24T05:28:27.2899860Z Using cached packaging-24.2-py3-none-any.whl (65 kB)
2025-02-24T05:28:27.2910562Z Using cached platformdirs-4.3.6-py3-none-any.whl (18 kB)
2025-02-24T05:28:27.2920414Z Using cached pluggy-1.5.0-py3-none-any.whl (20 kB)
2025-02-24T05:28:27.2930130Z Using cached pyproject_api-1.9.0-py3-none-any.whl (13 kB)
2025-02-24T05:28:27.2939925Z Using cached PyYAML-6.0.2-cp311-cp311-manylinux_2_17_x86_64.manylinux2014_x86_64.whl (762 kB)
2025-02-24T05:28:27.2955022Z Using cached virtualenv-20.29.2-py3-none-any.whl (4.3 MB)
2025-02-24T05:28:27.2996693Z Using cached iniconfig-2.0.0-py3-none-any.whl (5.9 kB)
2025-02-24T05:28:27.3006418Z Using cached distlib-0.3.9-py2.py3-none-any.whl (468 kB)
2025-02-24T05:28:27.3019577Z Using cached python_dateutil-2.9.0.post0-py2.py3-none-any.whl (229 kB)
2025-02-24T05:28:27.3030597Z Using cached six-1.17.0-py2.py3-none-any.whl (11 kB)
2025-02-24T05:28:27.3648003Z Installing collected packages: distlib, travertino, six, pyyaml, pluggy, platformdirs, Pillow, packaging, nodeenv, iniconfig, identify, filelock, coverage, colorama, chardet, cfgv, cachetools, virtualenv, toga-core, setuptools-scm, python-dateutil, pytest, pyproject-api, coverage-conditional-plugin, tox, toga-dummy, pytest-asyncio, pre-commit, freezegun, pytest-freezer
2025-02-24T05:28:28.8322042Z Successfully installed Pillow-11.1.0 cachetools-5.5.2 cfgv-3.4.0 chardet-5.2.0 colorama-0.4.6 coverage-7.6.12 coverage-conditional-plugin-0.9.0 distlib-0.3.9 filelock-3.17.0 freezegun-1.5.1 identify-2.6.8 iniconfig-2.0.0 nodeenv-1.9.1 packaging-24.2 platformdirs-4.3.6 pluggy-1.5.0 pre-commit-4.1.0 pyproject-api-1.9.0 pytest-8.3.4 pytest-asyncio-0.25.3 pytest-freezer-0.4.9 python-dateutil-2.9.0.post0 pyyaml-6.0.2 setuptools-scm-8.1.0 six-1.17.0 toga-core-0.4.9.dev608+g01152b56b toga-dummy-0.4.9.dev608+g01152b56b tox-4.24.1 travertino-0.4.9.dev608+g01152b56b virtualenv-20.29.2
2025-02-24T05:28:28.9949186Z Combined data file .coverage.fv-az1927-276.2190.XqiRXacx
2025-02-24T05:28:29.3205571Z Name    Stmts   Miss Branch BrPart   Cover   Missing
2025-02-24T05:28:29.3206166Z ----------------------------------------------------
2025-02-24T05:28:29.3206594Z TOTAL     874      0    180      0  100.0%
2025-02-24T05:28:29.3206859Z 
2025-02-24T05:28:29.3207012Z 13 files skipped due to complete coverage.
2025-02-24T05:28:29.3517043Z   coverage311-trav: OK (4.75 seconds)
2025-02-24T05:28:29.3517476Z   congratulations :) (4.87 seconds)
2025-02-24T05:28:29.3922654Z ##[group]Run actions/upload-artifact@v4.6.1
2025-02-24T05:28:29.3922944Z with:
2025-02-24T05:28:29.3923174Z   name: travertino-coverage-data-ubuntu-latest-3.11
2025-02-24T05:28:29.3923471Z   path: travertino/.coverage.*
2025-02-24T05:28:29.3923709Z   if-no-files-found: error
2025-02-24T05:28:29.3923950Z   include-hidden-files: true
2025-02-24T05:28:29.3924178Z   compression-level: 6
2025-02-24T05:28:29.3924381Z   overwrite: false
2025-02-24T05:28:29.3924558Z env:
2025-02-24T05:28:29.3924728Z   min_python_version: 3.9
2025-02-24T05:28:29.3924940Z   max_python_version: 3.12
2025-02-24T05:28:29.3925145Z   FORCE_COLOR: 1
2025-02-24T05:28:29.3925395Z   pythonLocation: /opt/hostedtoolcache/Python/3.11.11/x64
2025-02-24T05:28:29.3925806Z   PKG_CONFIG_PATH: /opt/hostedtoolcache/Python/3.11.11/x64/lib/pkgconfig
2025-02-24T05:28:29.3926201Z   Python_ROOT_DIR: /opt/hostedtoolcache/Python/3.11.11/x64
2025-02-24T05:28:29.3926553Z   Python2_ROOT_DIR: /opt/hostedtoolcache/Python/3.11.11/x64
2025-02-24T05:28:29.3926944Z   Python3_ROOT_DIR: /opt/hostedtoolcache/Python/3.11.11/x64
2025-02-24T05:28:29.3927305Z   LD_LIBRARY_PATH: /opt/hostedtoolcache/Python/3.11.11/x64/lib
2025-02-24T05:28:29.3927597Z ##[endgroup]
2025-02-24T05:28:29.6042675Z With the provided path, there will be 1 file uploaded
2025-02-24T05:28:29.6047510Z Artifact name is valid!
2025-02-24T05:28:29.6059025Z Root directory input is valid!
2025-02-24T05:28:29.6874949Z Beginning upload of artifact content to blob storage
2025-02-24T05:28:29.7640658Z Uploaded bytes 29997
2025-02-24T05:28:29.7838514Z Finished uploading artifact content to blob storage!
2025-02-24T05:28:29.7841722Z SHA256 hash of uploaded artifact zip is 4f57e5f950d2390450f3b3bae5a312b4fe3010b91eeed404f55b8e505dfef580
2025-02-24T05:28:29.7843143Z Finalizing artifact upload
2025-02-24T05:28:29.8500319Z Artifact travertino-coverage-data-ubuntu-latest-3.11.zip successfully finalized. Artifact ID 2639030524
2025-02-24T05:28:29.8502626Z Artifact travertino-coverage-data-ubuntu-latest-3.11 has been successfully uploaded! Final size is 29997 bytes. Artifact ID is 2639030524
2025-02-24T05:28:29.8508041Z Artifact download URL: https://github.com/beeware/toga/actions/runs/13491433041/artifacts/2639030524
2025-02-24T05:28:29.8638634Z Post job cleanup.
2025-02-24T05:28:29.8676968Z Post job cleanup.
2025-02-24T05:28:29.9631511Z [command]/usr/bin/git version
2025-02-24T05:28:29.9669429Z git version 2.48.1
2025-02-24T05:28:29.9716745Z Temporarily overriding HOME='/home/runner/work/_temp/05ca4ad1-bb19-479d-8622-be586c02bcf5' before making global git config changes
2025-02-24T05:28:29.9718342Z Adding repository directory to the temporary git global config as a safe directory
2025-02-24T05:28:29.9722820Z [command]/usr/bin/git config --global --add safe.directory /home/runner/work/toga/toga/.github-beeware
2025-02-24T05:28:29.9764579Z [command]/usr/bin/git config --local --name-only --get-regexp core\.sshCommand
2025-02-24T05:28:29.9797187Z [command]/usr/bin/git submodule foreach --recursive sh -c "git config --local --name-only --get-regexp 'core\.sshCommand' && git config --local --unset-all 'core.sshCommand' || :"
2025-02-24T05:28:30.0052279Z [command]/usr/bin/git config --local --name-only --get-regexp http\.https\:\/\/github\.com\/\.extraheader
2025-02-24T05:28:30.0072704Z http.https://github.com/.extraheader
2025-02-24T05:28:30.0084703Z [command]/usr/bin/git config --local --unset-all http.https://github.com/.extraheader
2025-02-24T05:28:30.0117785Z [command]/usr/bin/git submodule foreach --recursive sh -c "git config --local --name-only --get-regexp 'http\.https\:\/\/github\.com\/\.extraheader' && git config --local --unset-all 'http.https://github.com/.extraheader' || :"
2025-02-24T05:28:30.0458820Z Post job cleanup.
2025-02-24T05:28:30.2090625Z Post job cleanup.
2025-02-24T05:28:30.3049788Z [command]/usr/bin/git version
2025-02-24T05:28:30.3103161Z git version 2.48.1
2025-02-24T05:28:30.3163866Z Temporarily overriding HOME='/home/runner/work/_temp/a1003592-eab5-4dc7-9d86-d7189c8bb0e7' before making global git config changes
2025-02-24T05:28:30.3165453Z Adding repository directory to the temporary git global config as a safe directory
2025-02-24T05:28:30.3180909Z [command]/usr/bin/git config --global --add safe.directory /home/runner/work/toga/toga
2025-02-24T05:28:30.3221509Z [command]/usr/bin/git config --local --name-only --get-regexp core\.sshCommand
2025-02-24T05:28:30.3260727Z [command]/usr/bin/git submodule foreach --recursive sh -c "git config --local --name-only --get-regexp 'core\.sshCommand' && git config --local --unset-all 'core.sshCommand' || :"
2025-02-24T05:28:30.3516045Z [command]/usr/bin/git config --local --name-only --get-regexp http\.https\:\/\/github\.com\/\.extraheader
2025-02-24T05:28:30.3539845Z http.https://github.com/.extraheader
2025-02-24T05:28:30.3552868Z [command]/usr/bin/git config --local --unset-all http.https://github.com/.extraheader
2025-02-24T05:28:30.3585458Z [command]/usr/bin/git submodule foreach --recursive sh -c "git config --local --name-only --get-regexp 'http\.https\:\/\/github\.com\/\.extraheader' && git config --local --unset-all 'http.https://github.com/.extraheader' || :"
2025-02-24T05:28:30.3961211Z Cleaning up orphan processes
