2025-02-24T05:27:58.2247062Z Current runner version: '2.322.0'
2025-02-24T05:27:58.2272676Z ##[group]Operating System
2025-02-24T05:27:58.2273573Z Ubuntu
2025-02-24T05:27:58.2274143Z 24.04.1
2025-02-24T05:27:58.2274650Z LTS
2025-02-24T05:27:58.2275217Z ##[endgroup]
2025-02-24T05:27:58.2275758Z ##[group]Runner Image
2025-02-24T05:27:58.2276323Z Image: ubuntu-24.04
2025-02-24T05:27:58.2276940Z Version: 20250209.1.0
2025-02-24T05:27:58.2277997Z Included Software: https://github.com/actions/runner-images/blob/ubuntu24/20250209.1/images/ubuntu/Ubuntu2404-Readme.md
2025-02-24T05:27:58.2279666Z Image Release: https://github.com/actions/runner-images/releases/tag/ubuntu24%2F20250209.1
2025-02-24T05:27:58.2280652Z ##[endgroup]
2025-02-24T05:27:58.2281199Z ##[group]Runner Image Provisioner
2025-02-24T05:27:58.2281867Z 2.0.422.1
2025-02-24T05:27:58.2282394Z ##[endgroup]
2025-02-24T05:27:58.2284618Z ##[group]GITHUB_TOKEN Permissions
2025-02-24T05:27:58.2286872Z Actions: write
2025-02-24T05:27:58.2287909Z Attestations: write
2025-02-24T05:27:58.2289217Z Checks: write
2025-02-24T05:27:58.2289723Z Contents: write
2025-02-24T05:27:58.2290369Z Deployments: write
2025-02-24T05:27:58.2290867Z Discussions: write
2025-02-24T05:27:58.2291369Z Issues: write
2025-02-24T05:27:58.2292017Z Metadata: read
2025-02-24T05:27:58.2292539Z Packages: write
2025-02-24T05:27:58.2293102Z Pages: write
2025-02-24T05:27:58.2293624Z PullRequests: write
2025-02-24T05:27:58.2294182Z RepositoryProjects: write
2025-02-24T05:27:58.2294850Z SecurityEvents: write
2025-02-24T05:27:58.2295431Z Statuses: write
2025-02-24T05:27:58.2295947Z ##[endgroup]
2025-02-24T05:27:58.2299814Z Secret source: Actions
2025-02-24T05:27:58.2300985Z Prepare workflow directory
2025-02-24T05:27:58.2679412Z Prepare all required actions
2025-02-24T05:27:58.2715641Z Getting action download info
2025-02-24T05:27:58.4752917Z ##[group]Download immutable action package 'actions/checkout@v4.2.2'
2025-02-24T05:27:58.4754135Z Version: 4.2.2
2025-02-24T05:27:58.4755185Z Digest: sha256:ccb2698953eaebd21c7bf6268a94f9c26518a7e38e27e0b83c1fe1ad049819b1
2025-02-24T05:27:58.4756445Z Source commit SHA: 11bd71901bbe5b1630ceea73d27597364c9af683
2025-02-24T05:27:58.4757252Z ##[endgroup]
2025-02-24T05:27:58.5584615Z ##[group]Download immutable action package 'actions/setup-python@v5.4.0'
2025-02-24T05:27:58.5585380Z Version: 5.4.0
2025-02-24T05:27:58.5586029Z Digest: sha256:6003df952c8106bcd378d2ba997eef202da924317a57269dfa72449b135adb7f
2025-02-24T05:27:58.5586895Z Source commit SHA: 42375524e23c412d93fb67b49958b491fce71c38
2025-02-24T05:27:58.5587508Z ##[endgroup]
2025-02-24T05:27:58.8301217Z Download action repository 'beeware/.github@main' (SHA:a66b93162808d34adf5280c28104b75f8e0d70d3)
2025-02-24T05:27:59.0471810Z ##[group]Download immutable action package 'actions/download-artifact@v4.1.8'
2025-02-24T05:27:59.0472592Z Version: 4.1.8
2025-02-24T05:27:59.0473234Z Digest: sha256:917365d881f32f077924458e108599cbeed2ddd6092ee5edbe0da4d4b2eba355
2025-02-24T05:27:59.0474104Z Source commit SHA: fa0a91b85d4f404e444e00e005971372dc801d16
2025-02-24T05:27:59.0474728Z ##[endgroup]
2025-02-24T05:27:59.2477192Z ##[group]Download immutable action package 'actions/upload-artifact@v4.6.1'
2025-02-24T05:27:59.2478074Z Version: 4.6.1
2025-02-24T05:27:59.2479062Z Digest: sha256:3f6a28e7a1e0b5c8e2249e28da121a049fa5b91863b04390a46a82e4f8e2da98
2025-02-24T05:27:59.2480019Z Source commit SHA: 4cec3d8aa04e39d1a68397de0c4cd6fb9dce8ec1
2025-02-24T05:27:59.2480724Z ##[endgroup]
2025-02-24T05:27:59.5558877Z Getting action download info
2025-02-24T05:27:59.6877419Z ##[group]Download immutable action package 'actions/checkout@v4.1.6'
2025-02-24T05:27:59.6878183Z Version: 4.1.6
2025-02-24T05:27:59.6879171Z Digest: sha256:e526265eed1c91edf7a595929d1ceb1bb44ffcb89ce44093c9d79ce6e2db4d81
2025-02-24T05:27:59.6880096Z Source commit SHA: a5ac7e51b41094c92402da3b24376905380afc29
2025-02-24T05:27:59.6880754Z ##[endgroup]
2025-02-24T05:27:59.7660334Z Complete job name: Test travertino (ubuntu-latest, 3.12)
2025-02-24T05:27:59.8322608Z ##[group]Run actions/checkout@v4.2.2
2025-02-24T05:27:59.8323765Z with:
2025-02-24T05:27:59.8324225Z   fetch-depth: 0
2025-02-24T05:27:59.8324691Z   repository: beeware/toga
2025-02-24T05:27:59.8325359Z   token: ***
2025-02-24T05:27:59.8325795Z   ssh-strict: true
2025-02-24T05:27:59.8326256Z   ssh-user: git
2025-02-24T05:27:59.8326727Z   persist-credentials: true
2025-02-24T05:27:59.8327235Z   clean: true
2025-02-24T05:27:59.8327696Z   sparse-checkout-cone-mode: true
2025-02-24T05:27:59.8328254Z   fetch-tags: false
2025-02-24T05:27:59.8328905Z   show-progress: true
2025-02-24T05:27:59.8329382Z   lfs: false
2025-02-24T05:27:59.8329826Z   submodules: false
2025-02-24T05:27:59.8330281Z   set-safe-directory: true
2025-02-24T05:27:59.8331004Z env:
2025-02-24T05:27:59.8331446Z   min_python_version: 3.9
2025-02-24T05:27:59.8331967Z   max_python_version: 3.12
2025-02-24T05:27:59.8332478Z   FORCE_COLOR: 1
2025-02-24T05:27:59.8332909Z ##[endgroup]
2025-02-24T05:28:00.0380718Z Syncing repository: beeware/toga
2025-02-24T05:28:00.0382786Z ##[group]Getting Git version info
2025-02-24T05:28:00.0383622Z Working directory is '/home/runner/work/toga/toga'
2025-02-24T05:28:00.0384698Z [command]/usr/bin/git version
2025-02-24T05:28:00.0434740Z git version 2.48.1
2025-02-24T05:28:00.0464526Z ##[endgroup]
2025-02-24T05:28:00.0477986Z Temporarily overriding HOME='/home/runner/work/_temp/2f6cf042-4234-4ecd-911e-9944be83080b' before making global git config changes
2025-02-24T05:28:00.0479622Z Adding repository directory to the temporary git global config as a safe directory
2025-02-24T05:28:00.0491436Z [command]/usr/bin/git config --global --add safe.directory /home/runner/work/toga/toga
2025-02-24T05:28:00.0530546Z Deleting the contents of '/home/runner/work/toga/toga'
2025-02-24T05:28:00.0534632Z ##[group]Initializing the repository
2025-02-24T05:28:00.0539558Z [command]/usr/bin/git init /home/runner/work/toga/toga
2025-02-24T05:28:00.0619922Z hint: Using 'master' as the name for the initial branch. This default branch name
2025-02-24T05:28:00.0621408Z hint: is subject to change. To configure the initial branch name to use in all
2025-02-24T05:28:00.0622392Z hint: of your new repositories, which will suppress this warning, call:
2025-02-24T05:28:00.0623245Z hint:
2025-02-24T05:28:00.0624211Z hint: 	git config --global init.defaultBranch <name>
2025-02-24T05:28:00.0624886Z hint:
2025-02-24T05:28:00.0625799Z hint: Names commonly chosen instead of 'master' are 'main', 'trunk' and
2025-02-24T05:28:00.0627533Z hint: 'development'. The just-created branch can be renamed via this command:
2025-02-24T05:28:00.0629186Z hint:
2025-02-24T05:28:00.0629988Z hint: 	git branch -m <name>
2025-02-24T05:28:00.0631396Z Initialized empty Git repository in /home/runner/work/toga/toga/.git/
2025-02-24T05:28:00.0637869Z [command]/usr/bin/git remote add origin https://github.com/beeware/toga
2025-02-24T05:28:00.0670936Z ##[endgroup]
2025-02-24T05:28:00.0672274Z ##[group]Disabling automatic garbage collection
2025-02-24T05:28:00.0676050Z [command]/usr/bin/git config --local gc.auto 0
2025-02-24T05:28:00.0705362Z ##[endgroup]
2025-02-24T05:28:00.0706714Z ##[group]Setting up auth
2025-02-24T05:28:00.0713114Z [command]/usr/bin/git config --local --name-only --get-regexp core\.sshCommand
2025-02-24T05:28:00.0744174Z [command]/usr/bin/git submodule foreach --recursive sh -c "git config --local --name-only --get-regexp 'core\.sshCommand' && git config --local --unset-all 'core.sshCommand' || :"
2025-02-24T05:28:00.1061555Z [command]/usr/bin/git config --local --name-only --get-regexp http\.https\:\/\/github\.com\/\.extraheader
2025-02-24T05:28:00.1093251Z [command]/usr/bin/git submodule foreach --recursive sh -c "git config --local --name-only --get-regexp 'http\.https\:\/\/github\.com\/\.extraheader' && git config --local --unset-all 'http.https://github.com/.extraheader' || :"
2025-02-24T05:28:00.1321388Z [command]/usr/bin/git config --local http.https://github.com/.extraheader AUTHORIZATION: basic ***
2025-02-24T05:28:00.1360915Z ##[endgroup]
2025-02-24T05:28:00.1362136Z ##[group]Fetching the repository
2025-02-24T05:28:00.1376786Z [command]/usr/bin/git -c protocol.version=2 fetch --prune --no-recurse-submodules origin +refs/heads/*:refs/remotes/origin/* +refs/tags/*:refs/tags/*
2025-02-24T05:28:02.1876654Z From https://github.com/beeware/toga
2025-02-24T05:28:02.1878360Z  * [new branch]          main         -> origin/main
2025-02-24T05:28:02.1880368Z  * [new branch]          pre-0.5      -> origin/pre-0.5
2025-02-24T05:28:02.1881910Z  * [new tag]             0.2.6        -> 0.2.6
2025-02-24T05:28:02.1883456Z  * [new tag]             v0.0.1rc1    -> v0.0.1rc1
2025-02-24T05:28:02.1885025Z  * [new tag]             v0.0.1rc10   -> v0.0.1rc10
2025-02-24T05:28:02.1886639Z  * [new tag]             v0.0.1rc5    -> v0.0.1rc5
2025-02-24T05:28:02.1888253Z  * [new tag]             v0.0.1rc6    -> v0.0.1rc6
2025-02-24T05:28:02.1889907Z  * [new tag]             v0.1.0       -> v0.1.0
2025-02-24T05:28:02.1891573Z  * [new tag]             v0.1.1       -> v0.1.1
2025-02-24T05:28:02.1893053Z  * [new tag]             v0.1.2       -> v0.1.2
2025-02-24T05:28:02.1894520Z  * [new tag]             v0.2.0       -> v0.2.0
2025-02-24T05:28:02.1895961Z  * [new tag]             v0.2.0.dev1  -> v0.2.0.dev1
2025-02-24T05:28:02.1897451Z  * [new tag]             v0.2.1       -> v0.2.1
2025-02-24T05:28:02.1899211Z  * [new tag]             v0.2.10      -> v0.2.10
2025-02-24T05:28:02.1900930Z  * [new tag]             v0.2.11      -> v0.2.11
2025-02-24T05:28:02.1902619Z  * [new tag]             v0.2.12      -> v0.2.12
2025-02-24T05:28:02.1904058Z  * [new tag]             v0.2.13      -> v0.2.13
2025-02-24T05:28:02.1905638Z  * [new tag]             v0.2.14      -> v0.2.14
2025-02-24T05:28:02.1907180Z  * [new tag]             v0.2.15      -> v0.2.15
2025-02-24T05:28:02.1908881Z  * [new tag]             v0.2.2       -> v0.2.2
2025-02-24T05:28:02.1910489Z  * [new tag]             v0.2.3       -> v0.2.3
2025-02-24T05:28:02.1912016Z  * [new tag]             v0.2.4       -> v0.2.4
2025-02-24T05:28:02.1913482Z  * [new tag]             v0.2.5       -> v0.2.5
2025-02-24T05:28:02.1915168Z  * [new tag]             v0.2.6       -> v0.2.6
2025-02-24T05:28:02.1916921Z  * [new tag]             v0.2.7       -> v0.2.7
2025-02-24T05:28:02.1918784Z  * [new tag]             v0.2.8       -> v0.2.8
2025-02-24T05:28:02.1920575Z  * [new tag]             v0.2.9       -> v0.2.9
2025-02-24T05:28:02.1922391Z  * [new tag]             v0.3.0       -> v0.3.0
2025-02-24T05:28:02.1924284Z  * [new tag]             v0.3.0.dev1  -> v0.3.0.dev1
2025-02-24T05:28:02.1926319Z  * [new tag]             v0.3.0.dev10 -> v0.3.0.dev10
2025-02-24T05:28:02.1928219Z  * [new tag]             v0.3.0.dev11 -> v0.3.0.dev11
2025-02-24T05:28:02.1930152Z  * [new tag]             v0.3.0.dev12 -> v0.3.0.dev12
2025-02-24T05:28:02.1932081Z  * [new tag]             v0.3.0.dev13 -> v0.3.0.dev13
2025-02-24T05:28:02.1933977Z  * [new tag]             v0.3.0.dev14 -> v0.3.0.dev14
2025-02-24T05:28:02.1935802Z  * [new tag]             v0.3.0.dev15 -> v0.3.0.dev15
2025-02-24T05:28:02.1937703Z  * [new tag]             v0.3.0.dev16 -> v0.3.0.dev16
2025-02-24T05:28:02.1939719Z  * [new tag]             v0.3.0.dev17 -> v0.3.0.dev17
2025-02-24T05:28:02.1941642Z  * [new tag]             v0.3.0.dev18 -> v0.3.0.dev18
2025-02-24T05:28:02.1943587Z  * [new tag]             v0.3.0.dev19 -> v0.3.0.dev19
2025-02-24T05:28:02.1945399Z  * [new tag]             v0.3.0.dev2  -> v0.3.0.dev2
2025-02-24T05:28:02.1947333Z  * [new tag]             v0.3.0.dev20 -> v0.3.0.dev20
2025-02-24T05:28:02.1949733Z  * [new tag]             v0.3.0.dev21 -> v0.3.0.dev21
2025-02-24T05:28:02.1951778Z  * [new tag]             v0.3.0.dev22 -> v0.3.0.dev22
2025-02-24T05:28:02.1953654Z  * [new tag]             v0.3.0.dev23 -> v0.3.0.dev23
2025-02-24T05:28:02.1955658Z  * [new tag]             v0.3.0.dev24 -> v0.3.0.dev24
2025-02-24T05:28:02.1957502Z  * [new tag]             v0.3.0.dev25 -> v0.3.0.dev25
2025-02-24T05:28:02.1959712Z  * [new tag]             v0.3.0.dev26 -> v0.3.0.dev26
2025-02-24T05:28:02.1961968Z  * [new tag]             v0.3.0.dev27 -> v0.3.0.dev27
2025-02-24T05:28:02.1964224Z  * [new tag]             v0.3.0.dev28 -> v0.3.0.dev28
2025-02-24T05:28:02.1966025Z  * [new tag]             v0.3.0.dev29 -> v0.3.0.dev29
2025-02-24T05:28:02.1968035Z  * [new tag]             v0.3.0.dev3  -> v0.3.0.dev3
2025-02-24T05:28:02.1970126Z  * [new tag]             v0.3.0.dev30 -> v0.3.0.dev30
2025-02-24T05:28:02.1971969Z  * [new tag]             v0.3.0.dev32 -> v0.3.0.dev32
2025-02-24T05:28:02.1973913Z  * [new tag]             v0.3.0.dev33 -> v0.3.0.dev33
2025-02-24T05:28:02.1975831Z  * [new tag]             v0.3.0.dev34 -> v0.3.0.dev34
2025-02-24T05:28:02.1977565Z  * [new tag]             v0.3.0.dev35 -> v0.3.0.dev35
2025-02-24T05:28:02.1979216Z  * [new tag]             v0.3.0.dev36 -> v0.3.0.dev36
2025-02-24T05:28:02.1980560Z  * [new tag]             v0.3.0.dev37 -> v0.3.0.dev37
2025-02-24T05:28:02.1981903Z  * [new tag]             v0.3.0.dev38 -> v0.3.0.dev38
2025-02-24T05:28:02.1983260Z  * [new tag]             v0.3.0.dev39 -> v0.3.0.dev39
2025-02-24T05:28:02.1984603Z  * [new tag]             v0.3.0.dev4  -> v0.3.0.dev4
2025-02-24T05:28:02.1985937Z  * [new tag]             v0.3.0.dev5  -> v0.3.0.dev5
2025-02-24T05:28:02.1987282Z  * [new tag]             v0.3.0.dev6  -> v0.3.0.dev6
2025-02-24T05:28:02.1988763Z  * [new tag]             v0.3.0.dev7  -> v0.3.0.dev7
2025-02-24T05:28:02.1990155Z  * [new tag]             v0.3.0.dev8  -> v0.3.0.dev8
2025-02-24T05:28:02.1991725Z  * [new tag]             v0.3.0.dev9  -> v0.3.0.dev9
2025-02-24T05:28:02.1993203Z  * [new tag]             v0.3.0rc0    -> v0.3.0rc0
2025-02-24T05:28:02.1994528Z  * [new tag]             v0.3.1       -> v0.3.1
2025-02-24T05:28:02.1995805Z  * [new tag]             v0.4.0       -> v0.4.0
2025-02-24T05:28:02.1997085Z  * [new tag]             v0.4.1       -> v0.4.1
2025-02-24T05:28:02.1998383Z  * [new tag]             v0.4.2       -> v0.4.2
2025-02-24T05:28:02.1999863Z  * [new tag]             v0.4.3       -> v0.4.3
2025-02-24T05:28:02.2001194Z  * [new tag]             v0.4.4       -> v0.4.4
2025-02-24T05:28:02.2002508Z  * [new tag]             v0.4.5       -> v0.4.5
2025-02-24T05:28:02.2003828Z  * [new tag]             v0.4.6       -> v0.4.6
2025-02-24T05:28:02.2005139Z  * [new tag]             v0.4.7       -> v0.4.7
2025-02-24T05:28:02.2006430Z  * [new tag]             v0.4.8       -> v0.4.8
2025-02-24T05:28:02.2007700Z  * [new tag]             v0.4.9       -> v0.4.9
2025-02-24T05:28:02.2027346Z [command]/usr/bin/git branch --list --remote origin/main
2025-02-24T05:28:02.2052289Z   origin/main
2025-02-24T05:28:02.2063625Z [command]/usr/bin/git rev-parse refs/remotes/origin/main
2025-02-24T05:28:02.2085189Z 01152b56b9607a5cc1dabb9e94970cc589baff01
2025-02-24T05:28:02.2092649Z ##[endgroup]
2025-02-24T05:28:02.2094162Z ##[group]Determining the checkout info
2025-02-24T05:28:02.2096296Z ##[endgroup]
2025-02-24T05:28:02.2097418Z [command]/usr/bin/git sparse-checkout disable
2025-02-24T05:28:02.2135388Z [command]/usr/bin/git config --local --unset-all extensions.worktreeConfig
2025-02-24T05:28:02.2163134Z ##[group]Checking out the ref
2025-02-24T05:28:02.2166872Z [command]/usr/bin/git checkout --progress --force -B main refs/remotes/origin/main
2025-02-24T05:28:02.3947761Z Switched to a new branch 'main'
2025-02-24T05:28:02.3950217Z branch 'main' set up to track 'origin/main'.
2025-02-24T05:28:02.3968633Z ##[endgroup]
2025-02-24T05:28:02.4009759Z [command]/usr/bin/git log -1 --format=%H
2025-02-24T05:28:02.4033594Z 01152b56b9607a5cc1dabb9e94970cc589baff01
2025-02-24T05:28:02.4261841Z ##[group]Run actions/setup-python@v5.4.0
2025-02-24T05:28:02.4262217Z with:
2025-02-24T05:28:02.4262478Z   python-version: 3.12
2025-02-24T05:28:02.4262771Z   allow-prereleases: true
2025-02-24T05:28:02.4263067Z   check-latest: false
2025-02-24T05:28:02.4263477Z   token: ***
2025-02-24T05:28:02.4263743Z   update-environment: true
2025-02-24T05:28:02.4264032Z env:
2025-02-24T05:28:02.4264272Z   min_python_version: 3.9
2025-02-24T05:28:02.4264569Z   max_python_version: 3.12
2025-02-24T05:28:02.4264846Z   FORCE_COLOR: 1
2025-02-24T05:28:02.4265093Z ##[endgroup]
2025-02-24T05:28:02.5944330Z ##[group]Installed versions
2025-02-24T05:28:02.6006533Z Successfully set up CPython (3.12.9)
2025-02-24T05:28:02.6007199Z ##[endgroup]
2025-02-24T05:28:02.6161659Z ##[group]Run beeware/.github/.github/actions/install-requirement@main
2025-02-24T05:28:02.6162145Z with:
2025-02-24T05:28:02.6162422Z   requirements: tox
2025-02-24T05:28:02.6162714Z   extra: dev
2025-02-24T05:28:02.6163001Z   project-root: travertino
2025-02-24T05:28:02.6163338Z   workflow-repo: beeware/.github
2025-02-24T05:28:02.6163663Z env:
2025-02-24T05:28:02.6163952Z   min_python_version: 3.9
2025-02-24T05:28:02.6164278Z   max_python_version: 3.12
2025-02-24T05:28:02.6164593Z   FORCE_COLOR: 1
2025-02-24T05:28:02.6164940Z   pythonLocation: /opt/hostedtoolcache/Python/3.12.9/x64
2025-02-24T05:28:02.6165486Z   PKG_CONFIG_PATH: /opt/hostedtoolcache/Python/3.12.9/x64/lib/pkgconfig
2025-02-24T05:28:02.6166007Z   Python_ROOT_DIR: /opt/hostedtoolcache/Python/3.12.9/x64
2025-02-24T05:28:02.6166475Z   Python2_ROOT_DIR: /opt/hostedtoolcache/Python/3.12.9/x64
2025-02-24T05:28:02.6166963Z   Python3_ROOT_DIR: /opt/hostedtoolcache/Python/3.12.9/x64
2025-02-24T05:28:02.6167465Z   LD_LIBRARY_PATH: /opt/hostedtoolcache/Python/3.12.9/x64/lib
2025-02-24T05:28:02.6167868Z ##[endgroup]
2025-02-24T05:28:02.6299541Z ##[group]Run actions/checkout@v4.1.6
2025-02-24T05:28:02.6299904Z with:
2025-02-24T05:28:02.6300193Z   repository: beeware/.github
2025-02-24T05:28:02.6300529Z   path: .github-beeware
2025-02-24T05:28:02.6301121Z   token: ***
2025-02-24T05:28:02.6301517Z   ssh-strict: true
2025-02-24T05:28:02.6301804Z   ssh-user: git
2025-02-24T05:28:02.6302226Z   persist-credentials: true
2025-02-24T05:28:02.6302554Z   clean: true
2025-02-24T05:28:02.6302917Z   sparse-checkout-cone-mode: true
2025-02-24T05:28:02.6303313Z   fetch-depth: 1
2025-02-24T05:28:02.6303599Z   fetch-tags: false
2025-02-24T05:28:02.6304002Z   show-progress: true
2025-02-24T05:28:02.6304300Z   lfs: false
2025-02-24T05:28:02.6304573Z   submodules: false
2025-02-24T05:28:02.6304883Z   set-safe-directory: true
2025-02-24T05:28:02.6305201Z env:
2025-02-24T05:28:02.6305477Z   min_python_version: 3.9
2025-02-24T05:28:02.6305812Z   max_python_version: 3.12
2025-02-24T05:28:02.6306124Z   FORCE_COLOR: 1
2025-02-24T05:28:02.6306485Z   pythonLocation: /opt/hostedtoolcache/Python/3.12.9/x64
2025-02-24T05:28:02.6307011Z   PKG_CONFIG_PATH: /opt/hostedtoolcache/Python/3.12.9/x64/lib/pkgconfig
2025-02-24T05:28:02.6307529Z   Python_ROOT_DIR: /opt/hostedtoolcache/Python/3.12.9/x64
2025-02-24T05:28:02.6308009Z   Python2_ROOT_DIR: /opt/hostedtoolcache/Python/3.12.9/x64
2025-02-24T05:28:02.6308743Z   Python3_ROOT_DIR: /opt/hostedtoolcache/Python/3.12.9/x64
2025-02-24T05:28:02.6309235Z   LD_LIBRARY_PATH: /opt/hostedtoolcache/Python/3.12.9/x64/lib
2025-02-24T05:28:02.6309632Z ##[endgroup]
2025-02-24T05:28:02.7234726Z Syncing repository: beeware/.github
2025-02-24T05:28:02.7239159Z ##[group]Getting Git version info
2025-02-24T05:28:02.7240097Z Working directory is '/home/runner/work/toga/toga/.github-beeware'
2025-02-24T05:28:02.7284800Z [command]/usr/bin/git version
2025-02-24T05:28:02.7324468Z git version 2.48.1
2025-02-24T05:28:02.7350247Z ##[endgroup]
2025-02-24T05:28:02.7364366Z Temporarily overriding HOME='/home/runner/work/_temp/0bf43a5b-dc8b-4f7f-829c-51045e3256b1' before making global git config changes
2025-02-24T05:28:02.7365967Z Adding repository directory to the temporary git global config as a safe directory
2025-02-24T05:28:02.7377078Z [command]/usr/bin/git config --global --add safe.directory /home/runner/work/toga/toga/.github-beeware
2025-02-24T05:28:02.7407634Z ##[group]Initializing the repository
2025-02-24T05:28:02.7412888Z [command]/usr/bin/git init /home/runner/work/toga/toga/.github-beeware
2025-02-24T05:28:02.7449353Z hint: Using 'master' as the name for the initial branch. This default branch name
2025-02-24T05:28:02.7450500Z hint: is subject to change. To configure the initial branch name to use in all
2025-02-24T05:28:02.7451456Z hint: of your new repositories, which will suppress this warning, call:
2025-02-24T05:28:02.7452300Z hint:
2025-02-24T05:28:02.7453065Z hint: 	git config --global init.defaultBranch <name>
2025-02-24T05:28:02.7454094Z hint:
2025-02-24T05:28:02.7454903Z hint: Names commonly chosen instead of 'master' are 'main', 'trunk' and
2025-02-24T05:28:02.7456015Z hint: 'development'. The just-created branch can be renamed via this command:
2025-02-24T05:28:02.7456858Z hint:
2025-02-24T05:28:02.7457438Z hint: 	git branch -m <name>
2025-02-24T05:28:02.7458390Z Initialized empty Git repository in /home/runner/work/toga/toga/.github-beeware/.git/
2025-02-24T05:28:02.7463984Z [command]/usr/bin/git remote add origin https://github.com/beeware/.github
2025-02-24T05:28:02.7494423Z ##[endgroup]
2025-02-24T05:28:02.7495336Z ##[group]Disabling automatic garbage collection
2025-02-24T05:28:02.7500190Z [command]/usr/bin/git config --local gc.auto 0
2025-02-24T05:28:02.7528740Z ##[endgroup]
2025-02-24T05:28:02.7529644Z ##[group]Setting up auth
2025-02-24T05:28:02.7535648Z [command]/usr/bin/git config --local --name-only --get-regexp core\.sshCommand
2025-02-24T05:28:02.7565560Z [command]/usr/bin/git submodule foreach --recursive sh -c "git config --local --name-only --get-regexp 'core\.sshCommand' && git config --local --unset-all 'core.sshCommand' || :"
2025-02-24T05:28:02.7797099Z [command]/usr/bin/git config --local --name-only --get-regexp http\.https\:\/\/github\.com\/\.extraheader
2025-02-24T05:28:02.7825427Z [command]/usr/bin/git submodule foreach --recursive sh -c "git config --local --name-only --get-regexp 'http\.https\:\/\/github\.com\/\.extraheader' && git config --local --unset-all 'http.https://github.com/.extraheader' || :"
2025-02-24T05:28:02.8056178Z [command]/usr/bin/git config --local http.https://github.com/.extraheader AUTHORIZATION: basic ***
2025-02-24T05:28:02.8093099Z ##[endgroup]
2025-02-24T05:28:02.8093749Z ##[group]Determining the default branch
2025-02-24T05:28:02.8096560Z Retrieving the default branch name
2025-02-24T05:28:02.9955052Z Default branch 'main'
2025-02-24T05:28:02.9955955Z ##[endgroup]
2025-02-24T05:28:02.9956604Z ##[group]Fetching the repository
2025-02-24T05:28:02.9963259Z [command]/usr/bin/git -c protocol.version=2 fetch --no-tags --prune --no-recurse-submodules --depth=1 origin +refs/heads/main:refs/remotes/origin/main
2025-02-24T05:28:03.2370014Z From https://github.com/beeware/.github
2025-02-24T05:28:03.2370999Z  * [new branch]      main       -> origin/main
2025-02-24T05:28:03.2399069Z ##[endgroup]
2025-02-24T05:28:03.2399727Z ##[group]Determining the checkout info
2025-02-24T05:28:03.2401628Z ##[endgroup]
2025-02-24T05:28:03.2405541Z [command]/usr/bin/git sparse-checkout disable
2025-02-24T05:28:03.2445173Z [command]/usr/bin/git config --local --unset-all extensions.worktreeConfig
2025-02-24T05:28:03.2474836Z ##[group]Checking out the ref
2025-02-24T05:28:03.2479317Z [command]/usr/bin/git checkout --progress --force -B main refs/remotes/origin/main
2025-02-24T05:28:03.2548030Z Switched to a new branch 'main'
2025-02-24T05:28:03.2551770Z branch 'main' set up to track 'origin/main'.
2025-02-24T05:28:03.2558597Z ##[endgroup]
2025-02-24T05:28:03.2596611Z [command]/usr/bin/git log -1 --format='%H'
2025-02-24T05:28:03.2622143Z 'a66b93162808d34adf5280c28104b75f8e0d70d3'
2025-02-24T05:28:03.2762964Z ##[group]Run echo "project-root=$(cd "travertino"; pwd -P)" | tee -a ${GITHUB_OUTPUT}
2025-02-24T05:28:03.2763943Z [36;1mecho "project-root=$(cd "travertino"; pwd -P)" | tee -a ${GITHUB_OUTPUT}[0m
2025-02-24T05:28:03.2953106Z shell: /usr/bin/bash --noprofile --norc -e -o pipefail {0}
2025-02-24T05:28:03.2953437Z env:
2025-02-24T05:28:03.2953616Z   min_python_version: 3.9
2025-02-24T05:28:03.2953842Z   max_python_version: 3.12
2025-02-24T05:28:03.2954052Z   FORCE_COLOR: 1
2025-02-24T05:28:03.2954307Z   pythonLocation: /opt/hostedtoolcache/Python/3.12.9/x64
2025-02-24T05:28:03.2954711Z   PKG_CONFIG_PATH: /opt/hostedtoolcache/Python/3.12.9/x64/lib/pkgconfig
2025-02-24T05:28:03.2955120Z   Python_ROOT_DIR: /opt/hostedtoolcache/Python/3.12.9/x64
2025-02-24T05:28:03.2955684Z   Python2_ROOT_DIR: /opt/hostedtoolcache/Python/3.12.9/x64
2025-02-24T05:28:03.2956034Z   Python3_ROOT_DIR: /opt/hostedtoolcache/Python/3.12.9/x64
2025-02-24T05:28:03.2956565Z   LD_LIBRARY_PATH: /opt/hostedtoolcache/Python/3.12.9/x64/lib
2025-02-24T05:28:03.2956863Z ##[endgroup]
2025-02-24T05:28:03.3067990Z project-root=/home/runner/work/toga/toga/travertino
2025-02-24T05:28:03.3109402Z ##[group]Run python -m pip install --upgrade pip
2025-02-24T05:28:03.3109758Z [36;1mpython -m pip install --upgrade pip[0m
2025-02-24T05:28:03.3110101Z [36;1mpython -m pip install --upgrade setuptools build wheel[0m
2025-02-24T05:28:03.3165158Z shell: /usr/bin/bash --noprofile --norc -e -o pipefail {0}
2025-02-24T05:28:03.3165669Z env:
2025-02-24T05:28:03.3165975Z   min_python_version: 3.9
2025-02-24T05:28:03.3166247Z   max_python_version: 3.12
2025-02-24T05:28:03.3166582Z   FORCE_COLOR: 1
2025-02-24T05:28:03.3166953Z   pythonLocation: /opt/hostedtoolcache/Python/3.12.9/x64
2025-02-24T05:28:03.3167457Z   PKG_CONFIG_PATH: /opt/hostedtoolcache/Python/3.12.9/x64/lib/pkgconfig
2025-02-24T05:28:03.3167980Z   Python_ROOT_DIR: /opt/hostedtoolcache/Python/3.12.9/x64
2025-02-24T05:28:03.3168844Z   Python2_ROOT_DIR: /opt/hostedtoolcache/Python/3.12.9/x64
2025-02-24T05:28:03.3169373Z   Python3_ROOT_DIR: /opt/hostedtoolcache/Python/3.12.9/x64
2025-02-24T05:28:03.3169874Z   LD_LIBRARY_PATH: /opt/hostedtoolcache/Python/3.12.9/x64/lib
2025-02-24T05:28:03.3170275Z ##[endgroup]
2025-02-24T05:28:04.0276533Z Requirement already satisfied: pip in /opt/hostedtoolcache/Python/3.12.9/x64/lib/python3.12/site-packages (25.0.1)
2025-02-24T05:28:04.8080684Z Collecting setuptools
2025-02-24T05:28:04.8577094Z   Downloading setuptools-75.8.0-py3-none-any.whl.metadata (6.7 kB)
2025-02-24T05:28:04.8849654Z Collecting build
2025-02-24T05:28:04.8919761Z   Downloading build-1.2.2.post1-py3-none-any.whl.metadata (6.5 kB)
2025-02-24T05:28:04.9212189Z Collecting wheel
2025-02-24T05:28:04.9281732Z   Downloading wheel-0.45.1-py3-none-any.whl.metadata (2.3 kB)
2025-02-24T05:28:04.9525140Z Collecting packaging>=19.1 (from build)
2025-02-24T05:28:04.9598961Z   Downloading packaging-24.2-py3-none-any.whl.metadata (3.2 kB)
2025-02-24T05:28:04.9747755Z Collecting pyproject_hooks (from build)
2025-02-24T05:28:04.9818340Z   Downloading pyproject_hooks-1.2.0-py3-none-any.whl.metadata (1.3 kB)
2025-02-24T05:28:04.9943155Z Downloading setuptools-75.8.0-py3-none-any.whl (1.2 MB)
2025-02-24T05:28:05.0310253Z [?25l   [90m━━━━━━━━━━━━━━━━━━━━━━━━━━━━━━━━━━━━━━━━[0m [32m0.0/1.2 MB[0m [31m?[0m eta [36m-:--:--[0m
2025-02-24T05:28:05.0310991Z [2K   [90m━━━━━━━━━━━━━━━━━━━━━━━━━━━━━━━━━━━━━━━━[0m [32m1.2/1.2 MB[0m [31m57.2 MB/s[0m eta [36m0:00:00[0m
2025-02-24T05:28:05.0381159Z [?25hDownloading build-1.2.2.post1-py3-none-any.whl (22 kB)
2025-02-24T05:28:05.0485888Z Downloading wheel-0.45.1-py3-none-any.whl (72 kB)
2025-02-24T05:28:05.0584363Z Downloading packaging-24.2-py3-none-any.whl (65 kB)
2025-02-24T05:28:05.0679079Z Downloading pyproject_hooks-1.2.0-py3-none-any.whl (10 kB)
2025-02-24T05:28:05.0921982Z Installing collected packages: wheel, setuptools, pyproject_hooks, packaging, build
2025-02-24T05:28:05.9843298Z Successfully installed build-1.2.2.post1 packaging-24.2 pyproject_hooks-1.2.0 setuptools-75.8.0 wheel-0.45.1
2025-02-24T05:28:06.0616739Z ##[group]Run python -m install_requirement tox \
2025-02-24T05:28:06.0617094Z [36;1mpython -m install_requirement tox \[0m
2025-02-24T05:28:06.0617366Z [36;1m  --extra "dev" \[0m
2025-02-24T05:28:06.0617703Z [36;1m  --project-root "$(printf -- "%q" "/home/runner/work/toga/toga/travertino")"[0m
2025-02-24T05:28:06.0673374Z shell: /usr/bin/bash --noprofile --norc -e -o pipefail {0}
2025-02-24T05:28:06.0673682Z env:
2025-02-24T05:28:06.0673858Z   min_python_version: 3.9
2025-02-24T05:28:06.0674067Z   max_python_version: 3.12
2025-02-24T05:28:06.0674267Z   FORCE_COLOR: 1
2025-02-24T05:28:06.0674519Z   pythonLocation: /opt/hostedtoolcache/Python/3.12.9/x64
2025-02-24T05:28:06.0674909Z   PKG_CONFIG_PATH: /opt/hostedtoolcache/Python/3.12.9/x64/lib/pkgconfig
2025-02-24T05:28:06.0675477Z   Python_ROOT_DIR: /opt/hostedtoolcache/Python/3.12.9/x64
2025-02-24T05:28:06.0675933Z   Python2_ROOT_DIR: /opt/hostedtoolcache/Python/3.12.9/x64
2025-02-24T05:28:06.0676291Z   Python3_ROOT_DIR: /opt/hostedtoolcache/Python/3.12.9/x64
2025-02-24T05:28:06.0676659Z   LD_LIBRARY_PATH: /opt/hostedtoolcache/Python/3.12.9/x64/lib
2025-02-24T05:28:06.0676947Z ##[endgroup]
2025-02-24T05:28:06.4218973Z Installing tox==4.24.1...
2025-02-24T05:28:06.9078214Z Collecting tox==4.24.1
2025-02-24T05:28:06.9507930Z   Downloading tox-4.24.1-py3-none-any.whl.metadata (3.7 kB)
2025-02-24T05:28:06.9758648Z Collecting cachetools>=5.5 (from tox==4.24.1)
2025-02-24T05:28:06.9831816Z   Downloading cachetools-5.5.2-py3-none-any.whl.metadata (5.4 kB)
2025-02-24T05:28:06.9999019Z Collecting chardet>=5.2 (from tox==4.24.1)
2025-02-24T05:28:07.0073956Z   Downloading chardet-5.2.0-py3-none-any.whl.metadata (3.4 kB)
2025-02-24T05:28:07.0275173Z Collecting colorama>=0.4.6 (from tox==4.24.1)
2025-02-24T05:28:07.0349572Z   Downloading colorama-0.4.6-py2.py3-none-any.whl.metadata (17 kB)
2025-02-24T05:28:07.0626643Z Collecting filelock>=3.16.1 (from tox==4.24.1)
2025-02-24T05:28:07.0698904Z   Downloading filelock-3.17.0-py3-none-any.whl.metadata (2.9 kB)
2025-02-24T05:28:07.0760795Z Requirement already satisfied: packaging>=24.2 in /opt/hostedtoolcache/Python/3.12.9/x64/lib/python3.12/site-packages (from tox==4.24.1) (24.2)
2025-02-24T05:28:07.0932910Z Collecting platformdirs>=4.3.6 (from tox==4.24.1)
2025-02-24T05:28:07.1007747Z   Downloading platformdirs-4.3.6-py3-none-any.whl.metadata (11 kB)
2025-02-24T05:28:07.1204120Z Collecting pluggy>=1.5 (from tox==4.24.1)
2025-02-24T05:28:07.1278396Z   Downloading pluggy-1.5.0-py3-none-any.whl.metadata (4.8 kB)
2025-02-24T05:28:07.1459893Z Collecting pyproject-api>=1.8 (from tox==4.24.1)
2025-02-24T05:28:07.1532609Z   Downloading pyproject_api-1.9.0-py3-none-any.whl.metadata (2.7 kB)
2025-02-24T05:28:07.1978230Z Collecting virtualenv>=20.27.1 (from tox==4.24.1)
2025-02-24T05:28:07.2053472Z   Downloading virtualenv-20.29.2-py3-none-any.whl.metadata (4.5 kB)
2025-02-24T05:28:07.2439679Z Collecting distlib<1,>=0.3.7 (from virtualenv>=20.27.1->tox==4.24.1)
2025-02-24T05:28:07.2511967Z   Downloading distlib-0.3.9-py2.py3-none-any.whl.metadata (5.2 kB)
2025-02-24T05:28:07.2717865Z Downloading tox-4.24.1-py3-none-any.whl (171 kB)
2025-02-24T05:28:07.2937786Z Downloading cachetools-5.5.2-py3-none-any.whl (10 kB)
2025-02-24T05:28:07.3041661Z Downloading chardet-5.2.0-py3-none-any.whl (199 kB)
2025-02-24T05:28:07.3165398Z Downloading colorama-0.4.6-py2.py3-none-any.whl (25 kB)
2025-02-24T05:28:07.3262138Z Downloading filelock-3.17.0-py3-none-any.whl (16 kB)
2025-02-24T05:28:07.3356982Z Downloading platformdirs-4.3.6-py3-none-any.whl (18 kB)
2025-02-24T05:28:07.3454685Z Downloading pluggy-1.5.0-py3-none-any.whl (20 kB)
2025-02-24T05:28:07.3554981Z Downloading pyproject_api-1.9.0-py3-none-any.whl (13 kB)
2025-02-24T05:28:07.3652664Z Downloading virtualenv-20.29.2-py3-none-any.whl (4.3 MB)
2025-02-24T05:28:07.4015321Z [?25l   [90m━━━━━━━━━━━━━━━━━━━━━━━━━━━━━━━━━━━━━━━━[0m [32m0.0/4.3 MB[0m [31m?[0m eta [36m-:--:--[0m
2025-02-24T05:28:07.4016021Z [2K   [90m━━━━━━━━━━━━━━━━━━━━━━━━━━━━━━━━━━━━━━━━[0m [32m4.3/4.3 MB[0m [31m127.4 MB/s[0m eta [36m0:00:00[0m
2025-02-24T05:28:07.4089608Z [?25hDownloading distlib-0.3.9-py2.py3-none-any.whl (468 kB)
2025-02-24T05:28:07.4555954Z Installing collected packages: distlib, pyproject-api, pluggy, platformdirs, filelock, colorama, chardet, cachetools, virtualenv, tox
2025-02-24T05:28:08.1178304Z Successfully installed cachetools-5.5.2 chardet-5.2.0 colorama-0.4.6 distlib-0.3.9 filelock-3.17.0 platformdirs-4.3.6 pluggy-1.5.0 pyproject-api-1.9.0 tox-4.24.1 virtualenv-20.29.2
2025-02-24T05:28:08.1944529Z 
2025-02-24T05:28:08.1944979Z Successfully installed:
2025-02-24T05:28:08.1945656Z  tox==4.24.1
2025-02-24T05:28:08.2132294Z ##[group]Run actions/download-artifact@v4.1.8
2025-02-24T05:28:08.2132880Z with:
2025-02-24T05:28:08.2133177Z   pattern: Packages-toga-*
2025-02-24T05:28:08.2133508Z   merge-multiple: true
2025-02-24T05:28:08.2133812Z   path: dist
2025-02-24T05:28:08.2134140Z   repository: beeware/toga
2025-02-24T05:28:08.2134474Z   run-id: 13491433041
2025-02-24T05:28:08.2134732Z env:
2025-02-24T05:28:08.2135047Z   min_python_version: 3.9
2025-02-24T05:28:08.2135371Z   max_python_version: 3.12
2025-02-24T05:28:08.2135640Z   FORCE_COLOR: 1
2025-02-24T05:28:08.2136036Z   pythonLocation: /opt/hostedtoolcache/Python/3.12.9/x64
2025-02-24T05:28:08.2136538Z   PKG_CONFIG_PATH: /opt/hostedtoolcache/Python/3.12.9/x64/lib/pkgconfig
2025-02-24T05:28:08.2136961Z   Python_ROOT_DIR: /opt/hostedtoolcache/Python/3.12.9/x64
2025-02-24T05:28:08.2137449Z   Python2_ROOT_DIR: /opt/hostedtoolcache/Python/3.12.9/x64
2025-02-24T05:28:08.2137892Z   Python3_ROOT_DIR: /opt/hostedtoolcache/Python/3.12.9/x64
2025-02-24T05:28:08.2138625Z   LD_LIBRARY_PATH: /opt/hostedtoolcache/Python/3.12.9/x64/lib
2025-02-24T05:28:08.2139008Z ##[endgroup]
2025-02-24T05:28:08.5003918Z Found 36 artifact(s)
2025-02-24T05:28:08.5005100Z Filtering artifacts by pattern 'Packages-toga-*'
2025-02-24T05:28:08.5029021Z Preparing to download the following artifacts:
2025-02-24T05:28:08.5029892Z - Packages-toga-winforms (ID: 2639028467, Size: 912617)
2025-02-24T05:28:08.5032123Z - Packages-toga-android (ID: 2639028440, Size: 138194)
2025-02-24T05:28:08.5032873Z - Packages-toga-gtk (ID: 2639028386, Size: 142074)
2025-02-24T05:28:08.5033570Z - Packages-toga-iOS (ID: 2639028383, Size: 872356)
2025-02-24T05:28:08.5034268Z - Packages-toga-toga (ID: 2639028349, Size: 7274)
2025-02-24T05:28:08.5034926Z - Packages-toga-core (ID: 2639028344, Size: 1153697)
2025-02-24T05:28:08.5035662Z - Packages-toga-dummy (ID: 2639028309, Size: 148484)
2025-02-24T05:28:08.5036300Z - Packages-toga-web (ID: 2639028241, Size: 34922)
2025-02-24T05:28:08.5036807Z - Packages-toga-textual (ID: 2639028202, Size: 32035)
2025-02-24T05:28:08.5037314Z - Packages-toga-travertino (ID: 2639028133, Size: 62305)
2025-02-24T05:28:08.5037823Z - Packages-toga-demo (ID: 2639028110, Size: 1242381)
2025-02-24T05:28:08.5038272Z - Packages-toga-cocoa (ID: 2639028073, Size: 929338)
2025-02-24T05:28:08.5670463Z Redirecting to blob download url: https://productionresultssa12.blob.core.windows.net/actions-results/cf52b554-71be-4a91-94b2-8eec2b4d890b/workflow-job-run-3124742b-843a-5b41-b426-aef8afedb9f7/artifacts/442c3fefacaa5f4a317396d7241d3673a3eab28c29b7e651a0b97534d592e35d.zip
2025-02-24T05:28:08.5672635Z Starting download of artifact to: /home/runner/work/toga/toga/dist
2025-02-24T05:28:08.6004207Z Redirecting to blob download url: https://productionresultssa12.blob.core.windows.net/actions-results/cf52b554-71be-4a91-94b2-8eec2b4d890b/workflow-job-run-7815ca6b-1b41-513e-fbe7-8eccb083611a/artifacts/1660c57eb65463a413672e3e25e0e2a0d8c8794547115554b39228f20230f22e.zip
2025-02-24T05:28:08.6006329Z Starting download of artifact to: /home/runner/work/toga/toga/dist
2025-02-24T05:28:08.6025462Z Redirecting to blob download url: https://productionresultssa12.blob.core.windows.net/actions-results/cf52b554-71be-4a91-94b2-8eec2b4d890b/workflow-job-run-866e389a-a1a0-5c67-a00f-72c22223abfe/artifacts/b4bca85baf5c112d5a88797759fe2e27b3de49b97e7268608199152765d6405a.zip
2025-02-24T05:28:08.6027799Z Starting download of artifact to: /home/runner/work/toga/toga/dist
2025-02-24T05:28:08.6109973Z Redirecting to blob download url: https://productionresultssa12.blob.core.windows.net/actions-results/cf52b554-71be-4a91-94b2-8eec2b4d890b/workflow-job-run-832e8880-3eb6-5d89-0c04-ef547b46a59e/artifacts/dd722970e727682fe8f4f464e3511dbda02932b6586e5f2f8ac9f8f11f50cdc9.zip
2025-02-24T05:28:08.6111330Z Starting download of artifact to: /home/runner/work/toga/toga/dist
2025-02-24T05:28:08.6137670Z Redirecting to blob download url: https://productionresultssa12.blob.core.windows.net/actions-results/cf52b554-71be-4a91-94b2-8eec2b4d890b/workflow-job-run-996a8579-f179-559d-4190-0dfa80ff20d7/artifacts/78e64f25892d1e62a7fba16b04b2d38f38656067df6d708afd5432245debf794.zip
2025-02-24T05:28:08.6139282Z Starting download of artifact to: /home/runner/work/toga/toga/dist
2025-02-24T05:28:08.6163972Z Redirecting to blob download url: https://productionresultssa12.blob.core.windows.net/actions-results/cf52b554-71be-4a91-94b2-8eec2b4d890b/workflow-job-run-137efbf3-bb9f-5901-016f-a9ca027ec083/artifacts/3f2c1a4e1441705d00c0abbd5f3913c6b215c2d9365be6ffa9fcc342e7742def.zip
2025-02-24T05:28:08.6166115Z Starting download of artifact to: /home/runner/work/toga/toga/dist
2025-02-24T05:28:08.6191763Z Redirecting to blob download url: https://productionresultssa12.blob.core.windows.net/actions-results/cf52b554-71be-4a91-94b2-8eec2b4d890b/workflow-job-run-f1ed5179-285b-5126-8d3b-2df284d1f11c/artifacts/a55c024fa54bd7854415e2c7edfeb2c5046af07e859f8da7b852b08eadc84e2a.zip
2025-02-24T05:28:08.6193915Z Starting download of artifact to: /home/runner/work/toga/toga/dist
2025-02-24T05:28:08.6207731Z Redirecting to blob download url: https://productionresultssa12.blob.core.windows.net/actions-results/cf52b554-71be-4a91-94b2-8eec2b4d890b/workflow-job-run-46aa3184-e851-51af-58d5-831072cd673f/artifacts/485660db63ec446c9f562cc6bdf49c64bf27c37a329b95a30a2467812096f020.zip
2025-02-24T05:28:08.6210047Z Starting download of artifact to: /home/runner/work/toga/toga/dist
2025-02-24T05:28:08.6227891Z Redirecting to blob download url: https://productionresultssa12.blob.core.windows.net/actions-results/cf52b554-71be-4a91-94b2-8eec2b4d890b/workflow-job-run-c851c84b-57ed-5071-9878-2279ccd891b8/artifacts/5eb57499beb40f05e15583bbf1c077df75bc75fa11156590733b79c2f9774e5a.zip
2025-02-24T05:28:08.6230524Z Starting download of artifact to: /home/runner/work/toga/toga/dist
2025-02-24T05:28:08.6244365Z Redirecting to blob download url: https://productionresultssa12.blob.core.windows.net/actions-results/cf52b554-71be-4a91-94b2-8eec2b4d890b/workflow-job-run-98be74ae-5157-5c81-b7d0-b2ef5821a81e/artifacts/6e0cae3735cba3d010b2e4c6917aa1f2ffe72638fbddcfcf5e7d00e456e64178.zip
2025-02-24T05:28:08.6246497Z Starting download of artifact to: /home/runner/work/toga/toga/dist
2025-02-24T05:28:08.6291056Z Redirecting to blob download url: https://productionresultssa12.blob.core.windows.net/actions-results/cf52b554-71be-4a91-94b2-8eec2b4d890b/workflow-job-run-18bbcbc6-8763-5d15-2620-0ac883eea9b0/artifacts/42ca5e4547811af7883a91d6c65b481266e15c0cdc8d243ec9aae2b558253c02.zip
2025-02-24T05:28:08.6292488Z Starting download of artifact to: /home/runner/work/toga/toga/dist
2025-02-24T05:28:08.6304787Z Redirecting to blob download url: https://productionresultssa12.blob.core.windows.net/actions-results/cf52b554-71be-4a91-94b2-8eec2b4d890b/workflow-job-run-e2a6fa47-47a3-5188-27fb-56f4e71042c8/artifacts/5425332638acb926f3e0f42935440601f1f6cf4c943281c5f8b926bd1948bc25.zip
2025-02-24T05:28:08.6306866Z Starting download of artifact to: /home/runner/work/toga/toga/dist
2025-02-24T05:28:08.6413259Z (node:2028) [DEP0005] DeprecationWarning: Buffer() is deprecated due to security and usability issues. Please use the Buffer.alloc(), Buffer.allocUnsafe(), or Buffer.from() methods instead.
2025-02-24T05:28:08.6414240Z (Use `node --trace-deprecation ...` to show where the warning was created)
2025-02-24T05:28:08.6987455Z Artifact download completed successfully.
2025-02-24T05:28:08.7029409Z Artifact download completed successfully.
2025-02-24T05:28:08.7100896Z Artifact download completed successfully.
2025-02-24T05:28:08.7110695Z Artifact download completed successfully.
2025-02-24T05:28:08.7132469Z Artifact download completed successfully.
2025-02-24T05:28:08.7166517Z Artifact download completed successfully.
2025-02-24T05:28:08.7190050Z Artifact download completed successfully.
2025-02-24T05:28:08.7820248Z Artifact download completed successfully.
2025-02-24T05:28:08.7905940Z Artifact download completed successfully.
2025-02-24T05:28:08.7938960Z Artifact download completed successfully.
2025-02-24T05:28:08.7958358Z Artifact download completed successfully.
2025-02-24T05:28:08.7978060Z Artifact download completed successfully.
2025-02-24T05:28:08.7980053Z Total of 12 artifact(s) downloaded
2025-02-24T05:28:08.7988606Z Download artifact has finished successfully
2025-02-24T05:28:08.8162068Z ##[group]Run # The $(ls ...) shell expansion is done in the Github environment; the value of
2025-02-24T05:28:08.8162670Z [36;1m# The $(ls ...) shell expansion is done in the Github environment; the value of[0m
2025-02-24T05:28:08.8163193Z [36;1m# TOGA_INSTALL_COMMAND will be a literal string without any shell expansions to[0m
2025-02-24T05:28:08.8163713Z [36;1m# perform. We don't *explicitly* install the Travertino wheel; we provide the[0m
2025-02-24T05:28:08.8164209Z [36;1m# dist dir as a source of wheels, and rely on pip to resolve the explicit[0m
2025-02-24T05:28:08.8164642Z [36;1m# version match to the Travertino wheel in that folder.[0m
2025-02-24T05:28:08.8165278Z [36;1mexport TOGA_INSTALL_COMMAND="python -m pip install --find-links ../dist ../$(ls dist/toga_core-*.whl)[dev] ../$(ls dist/toga_dummy-*.whl)"[0m
2025-02-24T05:28:08.8165853Z [36;1mtox -e py-cov-trav[0m
2025-02-24T05:28:08.8166164Z [36;1mtox -qe coverage$(tr -dc "0-9" <<< "3.12")-trav[0m
2025-02-24T05:28:08.8166604Z [36;1mmv travertino/.coverage travertino/.coverage.ubuntu-latest.3.12[0m
2025-02-24T05:28:08.8222630Z shell: /usr/bin/bash --noprofile --norc -e -o pipefail {0}
2025-02-24T05:28:08.8222954Z env:
2025-02-24T05:28:08.8223153Z   min_python_version: 3.9
2025-02-24T05:28:08.8223380Z   max_python_version: 3.12
2025-02-24T05:28:08.8223603Z   FORCE_COLOR: 1
2025-02-24T05:28:08.8223884Z   pythonLocation: /opt/hostedtoolcache/Python/3.12.9/x64
2025-02-24T05:28:08.8224308Z   PKG_CONFIG_PATH: /opt/hostedtoolcache/Python/3.12.9/x64/lib/pkgconfig
2025-02-24T05:28:08.8224732Z   Python_ROOT_DIR: /opt/hostedtoolcache/Python/3.12.9/x64
2025-02-24T05:28:08.8225096Z   Python2_ROOT_DIR: /opt/hostedtoolcache/Python/3.12.9/x64
2025-02-24T05:28:08.8225462Z   Python3_ROOT_DIR: /opt/hostedtoolcache/Python/3.12.9/x64
2025-02-24T05:28:08.8225837Z   LD_LIBRARY_PATH: /opt/hostedtoolcache/Python/3.12.9/x64/lib
2025-02-24T05:28:08.8226156Z ##[endgroup]
2025-02-24T05:28:09.4150608Z [1m[35mpy-cov-trav:[0m[36m freeze[22m[2m>[0m python -m pip freeze --all[0m
2025-02-24T05:28:10.0100115Z [1m[35mpy-cov-trav:[0m[36m pip==25.0.1[0m
2025-02-24T05:28:10.0115548Z [1m[35mpy-cov-trav:[0m[36m commands[0][22m /home/runner/work/toga/toga/travertino[2m>[0m python -m pip install --find-links ../dist '../dist/toga_core-0.4.9.dev608+g01152b56b-py3-none-any.whl[dev]' ../dist/toga_dummy-0.4.9.dev608+g01152b56b-py3-none-any.whl[0m
2025-02-24T05:28:10.5959555Z Looking in links: ../dist
2025-02-24T05:28:10.6015965Z Processing /home/runner/work/toga/toga/dist/toga_core-0.4.9.dev608+g01152b56b-py3-none-any.whl (from toga-core==0.4.9.dev608+g01152b56b)
2025-02-24T05:28:10.6096903Z Processing /home/runner/work/toga/toga/dist/toga_dummy-0.4.9.dev608+g01152b56b-py3-none-any.whl
2025-02-24T05:28:10.6682952Z Processing /home/runner/work/toga/toga/dist/travertino-0.4.9.dev608+g01152b56b-py3-none-any.whl (from toga-core==0.4.9.dev608+g01152b56b->toga-core==0.4.9.dev608+g01152b56b)
2025-02-24T05:28:10.9184364Z Collecting coverage==7.6.12 (from coverage[toml]==7.6.12; extra == "dev"->toga-core==0.4.9.dev608+g01152b56b->toga-core==0.4.9.dev608+g01152b56b)
2025-02-24T05:28:10.9623757Z   Downloading coverage-7.6.12-cp312-cp312-manylinux_2_5_x86_64.manylinux1_x86_64.manylinux_2_17_x86_64.manylinux2014_x86_64.whl.metadata (8.5 kB)
2025-02-24T05:28:10.9806270Z Collecting coverage-conditional-plugin==0.9.0 (from toga-core==0.4.9.dev608+g01152b56b->toga-core==0.4.9.dev608+g01152b56b)
2025-02-24T05:28:10.9890930Z   Downloading coverage_conditional_plugin-0.9.0-py3-none-any.whl.metadata (6.9 kB)
2025-02-24T05:28:11.1209543Z Collecting Pillow==11.1.0 (from toga-core==0.4.9.dev608+g01152b56b->toga-core==0.4.9.dev608+g01152b56b)
2025-02-24T05:28:11.1287671Z   Downloading pillow-11.1.0-cp312-cp312-manylinux_2_28_x86_64.whl.metadata (9.1 kB)
2025-02-24T05:28:11.1691876Z Collecting pre-commit==4.1.0 (from toga-core==0.4.9.dev608+g01152b56b->toga-core==0.4.9.dev608+g01152b56b)
2025-02-24T05:28:11.1772609Z   Downloading pre_commit-4.1.0-py2.py3-none-any.whl.metadata (1.3 kB)
2025-02-24T05:28:11.2160463Z Collecting pytest==8.3.4 (from toga-core==0.4.9.dev608+g01152b56b->toga-core==0.4.9.dev608+g01152b56b)
2025-02-24T05:28:11.2229512Z   Downloading pytest-8.3.4-py3-none-any.whl.metadata (7.5 kB)
2025-02-24T05:28:11.2481470Z Collecting pytest-asyncio==0.25.3 (from toga-core==0.4.9.dev608+g01152b56b->toga-core==0.4.9.dev608+g01152b56b)
2025-02-24T05:28:11.2552640Z   Downloading pytest_asyncio-0.25.3-py3-none-any.whl.metadata (3.9 kB)
2025-02-24T05:28:11.2717870Z Collecting pytest-freezer==0.4.9 (from toga-core==0.4.9.dev608+g01152b56b->toga-core==0.4.9.dev608+g01152b56b)
2025-02-24T05:28:11.2802156Z   Downloading pytest_freezer-0.4.9-py3-none-any.whl.metadata (2.1 kB)
2025-02-24T05:28:11.3131119Z Collecting setuptools-scm==8.1.0 (from toga-core==0.4.9.dev608+g01152b56b->toga-core==0.4.9.dev608+g01152b56b)
2025-02-24T05:28:11.3200554Z   Downloading setuptools_scm-8.1.0-py3-none-any.whl.metadata (6.6 kB)
2025-02-24T05:28:11.3631959Z Collecting tox==4.24.1 (from toga-core==0.4.9.dev608+g01152b56b->toga-core==0.4.9.dev608+g01152b56b)
2025-02-24T05:28:11.3642910Z   Using cached tox-4.24.1-py3-none-any.whl.metadata (3.7 kB)
2025-02-24T05:28:11.3925018Z Collecting packaging>=20.4 (from coverage-conditional-plugin==0.9.0->toga-core==0.4.9.dev608+g01152b56b->toga-core==0.4.9.dev608+g01152b56b)
2025-02-24T05:28:11.3935751Z   Using cached packaging-24.2-py3-none-any.whl.metadata (3.2 kB)
2025-02-24T05:28:11.4129226Z Collecting cfgv>=2.0.0 (from pre-commit==4.1.0->toga-core==0.4.9.dev608+g01152b56b->toga-core==0.4.9.dev608+g01152b56b)
2025-02-24T05:28:11.4202349Z   Downloading cfgv-3.4.0-py2.py3-none-any.whl.metadata (8.5 kB)
2025-02-24T05:28:11.4633877Z Collecting identify>=1.0.0 (from pre-commit==4.1.0->toga-core==0.4.9.dev608+g01152b56b->toga-core==0.4.9.dev608+g01152b56b)
2025-02-24T05:28:11.4708347Z   Downloading identify-2.6.8-py2.py3-none-any.whl.metadata (4.4 kB)
2025-02-24T05:28:11.4989626Z Collecting nodeenv>=0.11.1 (from pre-commit==4.1.0->toga-core==0.4.9.dev608+g01152b56b->toga-core==0.4.9.dev608+g01152b56b)
2025-02-24T05:28:11.5062456Z   Downloading nodeenv-1.9.1-py2.py3-none-any.whl.metadata (21 kB)
2025-02-24T05:28:11.5441919Z Collecting pyyaml>=5.1 (from pre-commit==4.1.0->toga-core==0.4.9.dev608+g01152b56b->toga-core==0.4.9.dev608+g01152b56b)
2025-02-24T05:28:11.5518607Z   Downloading PyYAML-6.0.2-cp312-cp312-manylinux_2_17_x86_64.manylinux2014_x86_64.whl.metadata (2.1 kB)
2025-02-24T05:28:11.5942464Z Collecting virtualenv>=20.10.0 (from pre-commit==4.1.0->toga-core==0.4.9.dev608+g01152b56b->toga-core==0.4.9.dev608+g01152b56b)
2025-02-24T05:28:11.5953532Z   Using cached virtualenv-20.29.2-py3-none-any.whl.metadata (4.5 kB)
2025-02-24T05:28:11.6117795Z Collecting iniconfig (from pytest==8.3.4->toga-core==0.4.9.dev608+g01152b56b->toga-core==0.4.9.dev608+g01152b56b)
2025-02-24T05:28:11.6194018Z   Downloading iniconfig-2.0.0-py3-none-any.whl.metadata (2.6 kB)
2025-02-24T05:28:11.6370449Z Collecting pluggy<2,>=1.5 (from pytest==8.3.4->toga-core==0.4.9.dev608+g01152b56b->toga-core==0.4.9.dev608+g01152b56b)
2025-02-24T05:28:11.6380362Z   Using cached pluggy-1.5.0-py3-none-any.whl.metadata (4.8 kB)
2025-02-24T05:28:11.6747365Z Collecting freezegun>=1.1 (from pytest-freezer==0.4.9->toga-core==0.4.9.dev608+g01152b56b->toga-core==0.4.9.dev608+g01152b56b)
2025-02-24T05:28:11.6828093Z   Downloading freezegun-1.5.1-py3-none-any.whl.metadata (11 kB)
2025-02-24T05:28:11.7858867Z Collecting setuptools (from setuptools-scm==8.1.0->toga-core==0.4.9.dev608+g01152b56b->toga-core==0.4.9.dev608+g01152b56b)
2025-02-24T05:28:11.7871080Z   Using cached setuptools-75.8.0-py3-none-any.whl.metadata (6.7 kB)
2025-02-24T05:28:11.8134436Z Collecting cachetools>=5.5 (from tox==4.24.1->toga-core==0.4.9.dev608+g01152b56b->toga-core==0.4.9.dev608+g01152b56b)
2025-02-24T05:28:11.8144798Z   Using cached cachetools-5.5.2-py3-none-any.whl.metadata (5.4 kB)
2025-02-24T05:28:11.8269600Z Collecting chardet>=5.2 (from tox==4.24.1->toga-core==0.4.9.dev608+g01152b56b->toga-core==0.4.9.dev608+g01152b56b)
2025-02-24T05:28:11.8280962Z   Using cached chardet-5.2.0-py3-none-any.whl.metadata (3.4 kB)
2025-02-24T05:28:11.8438861Z Collecting colorama>=0.4.6 (from tox==4.24.1->toga-core==0.4.9.dev608+g01152b56b->toga-core==0.4.9.dev608+g01152b56b)
2025-02-24T05:28:11.8449413Z   Using cached colorama-0.4.6-py2.py3-none-any.whl.metadata (17 kB)
2025-02-24T05:28:11.8691307Z Collecting filelock>=3.16.1 (from tox==4.24.1->toga-core==0.4.9.dev608+g01152b56b->toga-core==0.4.9.dev608+g01152b56b)
2025-02-24T05:28:11.8702270Z   Using cached filelock-3.17.0-py3-none-any.whl.metadata (2.9 kB)
2025-02-24T05:28:11.8927593Z Collecting platformdirs>=4.3.6 (from tox==4.24.1->toga-core==0.4.9.dev608+g01152b56b->toga-core==0.4.9.dev608+g01152b56b)
2025-02-24T05:28:11.8937677Z   Using cached platformdirs-4.3.6-py3-none-any.whl.metadata (11 kB)
2025-02-24T05:28:11.9097428Z Collecting pyproject-api>=1.8 (from tox==4.24.1->toga-core==0.4.9.dev608+g01152b56b->toga-core==0.4.9.dev608+g01152b56b)
2025-02-24T05:28:11.9107529Z   Using cached pyproject_api-1.9.0-py3-none-any.whl.metadata (2.7 kB)
2025-02-24T05:28:11.9592110Z Collecting python-dateutil>=2.7 (from freezegun>=1.1->pytest-freezer==0.4.9->toga-core==0.4.9.dev608+g01152b56b->toga-core==0.4.9.dev608+g01152b56b)
2025-02-24T05:28:11.9664884Z   Downloading python_dateutil-2.9.0.post0-py2.py3-none-any.whl.metadata (8.4 kB)
2025-02-24T05:28:11.9957295Z Collecting distlib<1,>=0.3.7 (from virtualenv>=20.10.0->pre-commit==4.1.0->toga-core==0.4.9.dev608+g01152b56b->toga-core==0.4.9.dev608+g01152b56b)
2025-02-24T05:28:11.9967450Z   Using cached distlib-0.3.9-py2.py3-none-any.whl.metadata (5.2 kB)
2025-02-24T05:28:12.0274815Z Collecting six>=1.5 (from python-dateutil>=2.7->freezegun>=1.1->pytest-freezer==0.4.9->toga-core==0.4.9.dev608+g01152b56b->toga-core==0.4.9.dev608+g01152b56b)
2025-02-24T05:28:12.0344646Z   Downloading six-1.17.0-py2.py3-none-any.whl.metadata (1.7 kB)
2025-02-24T05:28:12.0486745Z Downloading coverage-7.6.12-cp312-cp312-manylinux_2_5_x86_64.manylinux1_x86_64.manylinux_2_17_x86_64.manylinux2014_x86_64.whl (242 kB)
2025-02-24T05:28:12.0731491Z Downloading coverage_conditional_plugin-0.9.0-py3-none-any.whl (7.3 kB)
2025-02-24T05:28:12.0828854Z Downloading pillow-11.1.0-cp312-cp312-manylinux_2_28_x86_64.whl (4.5 MB)
2025-02-24T05:28:12.1195480Z [?25l   [90m━━━━━━━━━━━━━━━━━━━━━━━━━━━━━━━━━━━━━━━━[0m [32m0.0/4.5 MB[0m [31m?[0m eta [36m-:--:--[0m
2025-02-24T05:28:12.1196501Z [2K   [90m━━━━━━━━━━━━━━━━━━━━━━━━━━━━━━━━━━━━━━━━[0m [32m4.5/4.5 MB[0m [31m130.3 MB/s[0m eta [36m0:00:00[0m
2025-02-24T05:28:12.1271304Z [?25hDownloading pre_commit-4.1.0-py2.py3-none-any.whl (220 kB)
2025-02-24T05:28:12.1372843Z Downloading pytest-8.3.4-py3-none-any.whl (343 kB)
2025-02-24T05:28:12.1482787Z Downloading pytest_asyncio-0.25.3-py3-none-any.whl (19 kB)
2025-02-24T05:28:12.1585743Z Downloading pytest_freezer-0.4.9-py3-none-any.whl (3.2 kB)
2025-02-24T05:28:12.1682258Z Downloading setuptools_scm-8.1.0-py3-none-any.whl (43 kB)
2025-02-24T05:28:12.1717168Z Using cached tox-4.24.1-py3-none-any.whl (171 kB)
2025-02-24T05:28:12.1728792Z Using cached cachetools-5.5.2-py3-none-any.whl (10 kB)
2025-02-24T05:28:12.1800833Z Downloading cfgv-3.4.0-py2.py3-none-any.whl (7.2 kB)
2025-02-24T05:28:12.1829661Z Using cached chardet-5.2.0-py3-none-any.whl (199 kB)
2025-02-24T05:28:12.1841819Z Using cached colorama-0.4.6-py2.py3-none-any.whl (25 kB)
2025-02-24T05:28:12.1852539Z Using cached filelock-3.17.0-py3-none-any.whl (16 kB)
2025-02-24T05:28:12.1930767Z Downloading freezegun-1.5.1-py3-none-any.whl (17 kB)
2025-02-24T05:28:12.2024423Z Downloading identify-2.6.8-py2.py3-none-any.whl (99 kB)
2025-02-24T05:28:12.2163799Z Downloading nodeenv-1.9.1-py2.py3-none-any.whl (22 kB)
2025-02-24T05:28:12.2197756Z Using cached packaging-24.2-py3-none-any.whl (65 kB)
2025-02-24T05:28:12.2209171Z Using cached platformdirs-4.3.6-py3-none-any.whl (18 kB)
2025-02-24T05:28:12.2220376Z Using cached pluggy-1.5.0-py3-none-any.whl (20 kB)
2025-02-24T05:28:12.2231057Z Using cached pyproject_api-1.9.0-py3-none-any.whl (13 kB)
2025-02-24T05:28:12.2304243Z Downloading PyYAML-6.0.2-cp312-cp312-manylinux_2_17_x86_64.manylinux2014_x86_64.whl (767 kB)
2025-02-24T05:28:12.2397610Z [?25l   [90m━━━━━━━━━━━━━━━━━━━━━━━━━━━━━━━━━━━━━━━━[0m [32m0.0/767.5 kB[0m [31m?[0m eta [36m-:--:--[0m
2025-02-24T05:28:12.2399025Z [2K   [90m━━━━━━━━━━━━━━━━━━━━━━━━━━━━━━━━━━━━━━━━[0m [32m767.5/767.5 kB[0m [31m91.5 MB/s[0m eta [36m0:00:00[0m
2025-02-24T05:28:12.2413693Z [?25hUsing cached virtualenv-20.29.2-py3-none-any.whl (4.3 MB)
2025-02-24T05:28:12.2515530Z Downloading iniconfig-2.0.0-py3-none-any.whl (5.9 kB)
2025-02-24T05:28:12.2546446Z Using cached setuptools-75.8.0-py3-none-any.whl (1.2 MB)
2025-02-24T05:28:12.2566105Z Using cached distlib-0.3.9-py2.py3-none-any.whl (468 kB)
2025-02-24T05:28:12.2648676Z Downloading python_dateutil-2.9.0.post0-py2.py3-none-any.whl (229 kB)
2025-02-24T05:28:12.2752230Z Downloading six-1.17.0-py2.py3-none-any.whl (11 kB)
2025-02-24T05:28:12.3570647Z Installing collected packages: distlib, travertino, six, setuptools, pyyaml, pluggy, platformdirs, Pillow, packaging, nodeenv, iniconfig, identify, filelock, coverage, colorama, chardet, cfgv, cachetools, virtualenv, toga-core, setuptools-scm, python-dateutil, pytest, pyproject-api, coverage-conditional-plugin, tox, toga-dummy, pytest-asyncio, pre-commit, freezegun, pytest-freezer
2025-02-24T05:28:14.9180115Z Successfully installed Pillow-11.1.0 cachetools-5.5.2 cfgv-3.4.0 chardet-5.2.0 colorama-0.4.6 coverage-7.6.12 coverage-conditional-plugin-0.9.0 distlib-0.3.9 filelock-3.17.0 freezegun-1.5.1 identify-2.6.8 iniconfig-2.0.0 nodeenv-1.9.1 packaging-24.2 platformdirs-4.3.6 pluggy-1.5.0 pre-commit-4.1.0 pyproject-api-1.9.0 pytest-8.3.4 pytest-asyncio-0.25.3 pytest-freezer-0.4.9 python-dateutil-2.9.0.post0 pyyaml-6.0.2 setuptools-75.8.0 setuptools-scm-8.1.0 six-1.17.0 toga-core-0.4.9.dev608+g01152b56b toga-dummy-0.4.9.dev608+g01152b56b tox-4.24.1 travertino-0.4.9.dev608+g01152b56b virtualenv-20.29.2
2025-02-24T05:28:15.0057976Z [1m[35mpy-cov-trav:[0m[36m commands[1][22m /home/runner/work/toga/toga/travertino[2m>[0m python -m coverage run -m pytest -vv --color yes[0m
2025-02-24T05:28:15.5023851Z [1m============================= test session starts ==============================[0m
2025-02-24T05:28:15.5025015Z platform linux -- Python 3.12.9, pytest-8.3.4, pluggy-1.5.0 -- /home/runner/work/toga/toga/.tox/py-cov-trav/bin/python
2025-02-24T05:28:15.5026161Z cachedir: /home/runner/work/toga/toga/.tox/py-cov-trav/.pytest_cache
2025-02-24T05:28:15.5026924Z rootdir: /home/runner/work/toga/toga/travertino
2025-02-24T05:28:15.5027413Z configfile: pyproject.toml
2025-02-24T05:28:15.5027738Z plugins: asyncio-0.25.3, pytest_freezer-0.4.9
2025-02-24T05:28:15.5028195Z asyncio: mode=Mode.STRICT, asyncio_default_fixture_loop_scope=function
2025-02-24T05:28:16.3324445Z [1mcollecting ... [0mcollected 645 items
2025-02-24T05:28:16.3324896Z 
2025-02-24T05:28:16.3360415Z tests/colors/test_alpha_blending.py::test_alpha_blending_over[front_color0-back_color0-expected_blended_color0] [32mPASSED[0m[32m [  0%][0m
2025-02-24T05:28:16.3379752Z tests/colors/test_alpha_blending.py::test_alpha_blending_over[front_color1-back_color1-expected_blended_color1] [32mPASSED[0m[32m [  0%][0m
2025-02-24T05:28:16.3399543Z tests/colors/test_alpha_blending.py::test_alpha_blending_over[front_color2-back_color2-expected_blended_color2] [32mPASSED[0m[32m [  0%][0m
2025-02-24T05:28:16.3417602Z tests/colors/test_alpha_blending.py::test_alpha_blending_over[front_color3-back_color3-expected_blended_color3] [32mPASSED[0m[32m [  0%][0m
2025-02-24T05:28:16.3435801Z tests/colors/test_alpha_blending.py::test_alpha_blending_over[front_color4-back_color4-expected_blended_color4] [32mPASSED[0m[32m [  0%][0m
2025-02-24T05:28:16.3453923Z tests/colors/test_alpha_blending.py::test_alpha_blending_over[front_color5-back_color5-expected_blended_color5] [32mPASSED[0m[32m [  0%][0m
2025-02-24T05:28:16.3472327Z tests/colors/test_alpha_blending.py::test_alpha_blending_over[front_color6-back_color6-expected_blended_color6] [32mPASSED[0m[32m [  1%][0m
2025-02-24T05:28:16.3491039Z tests/colors/test_alpha_blending.py::test_alpha_blending_over[front_color7-back_color7-expected_blended_color7] [32mPASSED[0m[32m [  1%][0m
2025-02-24T05:28:16.3509391Z tests/colors/test_alpha_blending.py::test_alpha_blending_over[front_color8-back_color8-expected_blended_color8] [32mPASSED[0m[32m [  1%][0m
2025-02-24T05:28:16.3527632Z tests/colors/test_alpha_blending.py::test_alpha_blending_over[front_color9-back_color9-expected_blended_color9] [32mPASSED[0m[32m [  1%][0m
2025-02-24T05:28:16.3545985Z tests/colors/test_alpha_blending.py::test_alpha_blending_over[front_color10-back_color10-expected_blended_color10] [32mPASSED[0m[32m [  1%][0m
2025-02-24T05:28:16.3564437Z tests/colors/test_alpha_blending.py::test_alpha_blending_over[front_color11-back_color11-expected_blended_color11] [32mPASSED[0m[32m [  1%][0m
2025-02-24T05:28:16.3583298Z tests/colors/test_alpha_blending.py::test_alpha_blending_over[front_color12-back_color12-expected_blended_color12] [32mPASSED[0m[32m [  2%][0m
2025-02-24T05:28:16.3601923Z tests/colors/test_alpha_blending.py::test_alpha_blending_over[front_color13-back_color13-expected_blended_color13] [32mPASSED[0m[32m [  2%][0m
2025-02-24T05:28:16.3620204Z tests/colors/test_alpha_blending.py::test_alpha_blending_over[front_color14-back_color14-expected_blended_color14] [32mPASSED[0m[32m [  2%][0m
2025-02-24T05:28:16.3638736Z tests/colors/test_alpha_blending.py::test_alpha_blending_over[front_color15-back_color15-expected_blended_color15] [32mPASSED[0m[32m [  2%][0m
2025-02-24T05:28:16.3656817Z tests/colors/test_alpha_blending.py::test_alpha_blending_over[front_color16-back_color16-expected_blended_color16] [32mPASSED[0m[32m [  2%][0m
2025-02-24T05:28:16.3675211Z tests/colors/test_alpha_blending.py::test_alpha_blending_over[front_color17-back_color17-expected_blended_color17] [32mPASSED[0m[32m [  2%][0m
2025-02-24T05:28:16.3693532Z tests/colors/test_alpha_blending.py::test_alpha_blending_over[front_color18-back_color18-expected_blended_color18] [32mPASSED[0m[32m [  2%][0m
2025-02-24T05:28:16.3711802Z tests/colors/test_alpha_blending.py::test_alpha_blending_over[front_color19-back_color19-expected_blended_color19] [32mPASSED[0m[32m [  3%][0m
2025-02-24T05:28:16.3729740Z tests/colors/test_alpha_blending.py::test_alpha_blending_over[front_color20-back_color20-expected_blended_color20] [32mPASSED[0m[32m [  3%][0m
2025-02-24T05:28:16.3747657Z tests/colors/test_alpha_blending.py::test_alpha_blending_over[front_color21-back_color21-expected_blended_color21] [32mPASSED[0m[32m [  3%][0m
2025-02-24T05:28:16.3766152Z tests/colors/test_alpha_blending.py::test_alpha_blending_over[front_color22-back_color22-expected_blended_color22] [32mPASSED[0m[32m [  3%][0m
2025-02-24T05:28:16.3784723Z tests/colors/test_alpha_blending.py::test_alpha_blending_over[front_color23-back_color23-expected_blended_color23] [32mPASSED[0m[32m [  3%][0m
2025-02-24T05:28:16.3803058Z tests/colors/test_alpha_blending.py::test_alpha_blending_over[front_color24-back_color24-expected_blended_color24] [32mPASSED[0m[32m [  3%][0m
2025-02-24T05:28:16.3821476Z tests/colors/test_alpha_blending.py::test_alpha_blending_over[front_color25-back_color25-expected_blended_color25] [32mPASSED[0m[32m [  4%][0m
2025-02-24T05:28:16.3839825Z tests/colors/test_alpha_blending.py::test_alpha_blending_over[front_color26-back_color26-expected_blended_color26] [32mPASSED[0m[32m [  4%][0m
2025-02-24T05:28:16.3857986Z tests/colors/test_alpha_blending.py::test_alpha_blending_over[front_color27-back_color27-expected_blended_color27] [32mPASSED[0m[32m [  4%][0m
2025-02-24T05:28:16.3876399Z tests/colors/test_alpha_blending.py::test_alpha_blending_over[front_color28-back_color28-expected_blended_color28] [32mPASSED[0m[32m [  4%][0m
2025-02-24T05:28:16.3894777Z tests/colors/test_alpha_blending.py::test_alpha_blending_over[front_color29-back_color29-expected_blended_color29] [32mPASSED[0m[32m [  4%][0m
2025-02-24T05:28:16.3913170Z tests/colors/test_alpha_blending.py::test_alpha_blending_over[front_color30-back_color30-expected_blended_color30] [32mPASSED[0m[32m [  4%][0m
2025-02-24T05:28:16.3931165Z tests/colors/test_alpha_blending.py::test_alpha_blending_over[front_color31-back_color31-expected_blended_color31] [32mPASSED[0m[32m [  4%][0m
2025-02-24T05:28:16.3970423Z tests/colors/test_alpha_blending.py::test_alpha_blending_over[front_color32-back_color32-expected_blended_color32] [32mPASSED[0m[32m [  5%][0m
2025-02-24T05:28:16.3972077Z tests/colors/test_alpha_blending.py::test_alpha_blending_over[front_color33-back_color33-expected_blended_color33] [32mPASSED[0m[32m [  5%][0m
2025-02-24T05:28:16.3988673Z tests/colors/test_alpha_blending.py::test_alpha_blending_over[front_color34-back_color34-expected_blended_color34] [32mPASSED[0m[32m [  5%][0m
2025-02-24T05:28:16.4008180Z tests/colors/test_alpha_blending.py::test_alpha_blending_over[front_color35-back_color35-expected_blended_color35] [32mPASSED[0m[32m [  5%][0m
2025-02-24T05:28:16.4027781Z tests/colors/test_alpha_blending.py::test_alpha_blending_over[front_color36-back_color36-expected_blended_color36] [32mPASSED[0m[32m [  5%][0m
2025-02-24T05:28:16.4047417Z tests/colors/test_alpha_blending.py::test_alpha_blending_over[front_color37-back_color37-expected_blended_color37] [32mPASSED[0m[32m [  5%][0m
2025-02-24T05:28:16.4066890Z tests/colors/test_alpha_blending.py::test_alpha_blending_over[front_color38-back_color38-expected_blended_color38] [32mPASSED[0m[32m [  6%][0m
2025-02-24T05:28:16.4085346Z tests/colors/test_alpha_blending.py::test_alpha_blending_over[front_color39-back_color39-expected_blended_color39] [32mPASSED[0m[32m [  6%][0m
2025-02-24T05:28:16.4103832Z tests/colors/test_alpha_blending.py::test_alpha_blending_over[front_color40-back_color40-expected_blended_color40] [32mPASSED[0m[32m [  6%][0m
2025-02-24T05:28:16.4122409Z tests/colors/test_alpha_blending.py::test_alpha_blending_over[front_color41-back_color41-expected_blended_color41] [32mPASSED[0m[32m [  6%][0m
2025-02-24T05:28:16.4140955Z tests/colors/test_alpha_blending.py::test_alpha_blending_over[front_color42-back_color42-expected_blended_color42] [32mPASSED[0m[32m [  6%][0m
2025-02-24T05:28:16.4159826Z tests/colors/test_alpha_blending.py::test_alpha_blending_over[front_color43-back_color43-expected_blended_color43] [32mPASSED[0m[32m [  6%][0m
2025-02-24T05:28:16.4178634Z tests/colors/test_alpha_blending.py::test_alpha_blending_over[front_color44-back_color44-expected_blended_color44] [32mPASSED[0m[32m [  6%][0m
2025-02-24T05:28:16.4196670Z tests/colors/test_alpha_blending.py::test_alpha_blending_over[front_color45-back_color45-expected_blended_color45] [32mPASSED[0m[32m [  7%][0m
2025-02-24T05:28:16.4214874Z tests/colors/test_alpha_blending.py::test_alpha_blending_over[front_color46-back_color46-expected_blended_color46] [32mPASSED[0m[32m [  7%][0m
2025-02-24T05:28:16.4233275Z tests/colors/test_alpha_blending.py::test_alpha_blending_over[front_color47-back_color47-expected_blended_color47] [32mPASSED[0m[32m [  7%][0m
2025-02-24T05:28:16.4251900Z tests/colors/test_alpha_blending.py::test_alpha_blending_over[front_color48-back_color48-expected_blended_color48] [32mPASSED[0m[32m [  7%][0m
2025-02-24T05:28:16.4270163Z tests/colors/test_alpha_blending.py::test_alpha_blending_over[front_color49-back_color49-expected_blended_color49] [32mPASSED[0m[32m [  7%][0m
2025-02-24T05:28:16.4289491Z tests/colors/test_alpha_blending.py::test_alpha_blending_over[front_color50-back_color50-expected_blended_color50] [32mPASSED[0m[32m [  7%][0m
2025-02-24T05:28:16.4308787Z tests/colors/test_alpha_blending.py::test_alpha_blending_over[front_color51-back_color51-expected_blended_color51] [32mPASSED[0m[32m [  8%][0m
2025-02-24T05:28:16.4326938Z tests/colors/test_alpha_blending.py::test_alpha_blending_over[front_color52-back_color52-expected_blended_color52] [32mPASSED[0m[32m [  8%][0m
2025-02-24T05:28:16.4345453Z tests/colors/test_alpha_blending.py::test_alpha_blending_over[front_color53-back_color53-expected_blended_color53] [32mPASSED[0m[32m [  8%][0m
2025-02-24T05:28:16.4363703Z tests/colors/test_alpha_blending.py::test_alpha_blending_over[front_color54-back_color54-expected_blended_color54] [32mPASSED[0m[32m [  8%][0m
2025-02-24T05:28:16.4382698Z tests/colors/test_alpha_blending.py::test_alpha_blending_over[front_color55-back_color55-expected_blended_color55] [32mPASSED[0m[32m [  8%][0m
2025-02-24T05:28:16.4401514Z tests/colors/test_alpha_blending.py::test_alpha_blending_over[front_color56-back_color56-expected_blended_color56] [32mPASSED[0m[32m [  8%][0m
2025-02-24T05:28:16.4419743Z tests/colors/test_alpha_blending.py::test_alpha_blending_over[front_color57-back_color57-expected_blended_color57] [32mPASSED[0m[32m [  8%][0m
2025-02-24T05:28:16.4437868Z tests/colors/test_alpha_blending.py::test_alpha_blending_over[front_color58-back_color58-expected_blended_color58] [32mPASSED[0m[32m [  9%][0m
2025-02-24T05:28:16.4456328Z tests/colors/test_alpha_blending.py::test_alpha_blending_over[front_color59-back_color59-expected_blended_color59] [32mPASSED[0m[32m [  9%][0m
2025-02-24T05:28:16.4474604Z tests/colors/test_alpha_blending.py::test_alpha_blending_over[front_color60-back_color60-expected_blended_color60] [32mPASSED[0m[32m [  9%][0m
2025-02-24T05:28:16.4492818Z tests/colors/test_alpha_blending.py::test_alpha_blending_over[front_color61-back_color61-expected_blended_color61] [32mPASSED[0m[32m [  9%][0m
2025-02-24T05:28:16.4511206Z tests/colors/test_alpha_blending.py::test_alpha_blending_over[front_color62-back_color62-expected_blended_color62] [32mPASSED[0m[32m [  9%][0m
2025-02-24T05:28:16.4529335Z tests/colors/test_alpha_blending.py::test_alpha_blending_over[front_color63-back_color63-expected_blended_color63] [32mPASSED[0m[32m [  9%][0m
2025-02-24T05:28:16.4547121Z tests/colors/test_alpha_blending.py::test_alpha_blending_over[front_color64-back_color64-expected_blended_color64] [32mPASSED[0m[32m [ 10%][0m
2025-02-24T05:28:16.4565729Z tests/colors/test_alpha_blending.py::test_alpha_blending_over[front_color65-back_color65-expected_blended_color65] [32mPASSED[0m[32m [ 10%][0m
2025-02-24T05:28:16.4584018Z tests/colors/test_alpha_blending.py::test_alpha_blending_over[front_color66-back_color66-expected_blended_color66] [32mPASSED[0m[32m [ 10%][0m
2025-02-24T05:28:16.4602434Z tests/colors/test_alpha_blending.py::test_alpha_blending_over[front_color67-back_color67-expected_blended_color67] [32mPASSED[0m[32m [ 10%][0m
2025-02-24T05:28:16.4620474Z tests/colors/test_alpha_blending.py::test_alpha_blending_over[front_color68-back_color68-expected_blended_color68] [32mPASSED[0m[32m [ 10%][0m
2025-02-24T05:28:16.4639158Z tests/colors/test_alpha_blending.py::test_alpha_blending_over[front_color69-back_color69-expected_blended_color69] [32mPASSED[0m[32m [ 10%][0m
2025-02-24T05:28:16.4657079Z tests/colors/test_alpha_blending.py::test_alpha_blending_over[front_color70-back_color70-expected_blended_color70] [32mPASSED[0m[32m [ 11%][0m
2025-02-24T05:28:16.4675263Z tests/colors/test_alpha_blending.py::test_alpha_blending_over[front_color71-back_color71-expected_blended_color71] [32mPASSED[0m[32m [ 11%][0m
2025-02-24T05:28:16.4693576Z tests/colors/test_alpha_blending.py::test_alpha_blending_over[front_color72-back_color72-expected_blended_color72] [32mPASSED[0m[32m [ 11%][0m
2025-02-24T05:28:16.4712262Z tests/colors/test_alpha_blending.py::test_alpha_blending_over[front_color73-back_color73-expected_blended_color73] [32mPASSED[0m[32m [ 11%][0m
2025-02-24T05:28:16.4730282Z tests/colors/test_alpha_blending.py::test_alpha_blending_over[front_color74-back_color74-expected_blended_color74] [32mPASSED[0m[32m [ 11%][0m
2025-02-24T05:28:16.4749109Z tests/colors/test_alpha_blending.py::test_alpha_blending_over[front_color75-back_color75-expected_blended_color75] [32mPASSED[0m[32m [ 11%][0m
2025-02-24T05:28:16.4767198Z tests/colors/test_alpha_blending.py::test_alpha_blending_over[front_color76-back_color76-expected_blended_color76] [32mPASSED[0m[32m [ 11%][0m
2025-02-24T05:28:16.4785406Z tests/colors/test_alpha_blending.py::test_alpha_blending_over[front_color77-back_color77-expected_blended_color77] [32mPASSED[0m[32m [ 12%][0m
2025-02-24T05:28:16.4804255Z tests/colors/test_alpha_blending.py::test_alpha_blending_over[front_color78-back_color78-expected_blended_color78] [32mPASSED[0m[32m [ 12%][0m
2025-02-24T05:28:16.4822730Z tests/colors/test_alpha_blending.py::test_alpha_blending_over[front_color79-back_color79-expected_blended_color79] [32mPASSED[0m[32m [ 12%][0m
2025-02-24T05:28:16.4840882Z tests/colors/test_alpha_blending.py::test_alpha_blending_over[front_color80-back_color80-expected_blended_color80] [32mPASSED[0m[32m [ 12%][0m
2025-02-24T05:28:16.4884158Z tests/colors/test_alpha_blending.py::test_alpha_unblend_over[front_color0-back_color0] [32mPASSED[0m[32m [ 12%][0m
2025-02-24T05:28:16.4902444Z tests/colors/test_alpha_blending.py::test_alpha_unblend_over[front_color1-back_color1] [32mPASSED[0m[32m [ 12%][0m
2025-02-24T05:28:16.4920365Z tests/colors/test_alpha_blending.py::test_alpha_unblend_over[front_color2-back_color2] [32mPASSED[0m[32m [ 13%][0m
2025-02-24T05:28:16.4938190Z tests/colors/test_alpha_blending.py::test_alpha_unblend_over[front_color3-back_color3] [32mPASSED[0m[32m [ 13%][0m
2025-02-24T05:28:16.4956169Z tests/colors/test_alpha_blending.py::test_alpha_unblend_over[front_color4-back_color4] [32mPASSED[0m[32m [ 13%][0m
2025-02-24T05:28:16.4974231Z tests/colors/test_alpha_blending.py::test_alpha_unblend_over[front_color5-back_color5] [32mPASSED[0m[32m [ 13%][0m
2025-02-24T05:28:16.4992233Z tests/colors/test_alpha_blending.py::test_alpha_unblend_over[front_color6-back_color6] [32mPASSED[0m[32m [ 13%][0m
2025-02-24T05:28:16.5009398Z tests/colors/test_alpha_blending.py::test_alpha_unblend_over[front_color7-back_color7] [32mPASSED[0m[32m [ 13%][0m
2025-02-24T05:28:16.5027277Z tests/colors/test_alpha_blending.py::test_alpha_unblend_over[front_color8-back_color8] [32mPASSED[0m[32m [ 13%][0m
2025-02-24T05:28:16.5045323Z tests/colors/test_alpha_blending.py::test_alpha_unblend_over[front_color9-back_color9] [32mPASSED[0m[32m [ 14%][0m
2025-02-24T05:28:16.5063445Z tests/colors/test_alpha_blending.py::test_alpha_unblend_over[front_color10-back_color10] [32mPASSED[0m[32m [ 14%][0m
2025-02-24T05:28:16.5081955Z tests/colors/test_alpha_blending.py::test_alpha_unblend_over[front_color11-back_color11] [32mPASSED[0m[32m [ 14%][0m
2025-02-24T05:28:16.5100895Z tests/colors/test_alpha_blending.py::test_alpha_unblend_over[front_color12-back_color12] [32mPASSED[0m[32m [ 14%][0m
2025-02-24T05:28:16.5119000Z tests/colors/test_alpha_blending.py::test_alpha_unblend_over[front_color13-back_color13] [32mPASSED[0m[32m [ 14%][0m
2025-02-24T05:28:16.5136814Z tests/colors/test_alpha_blending.py::test_alpha_unblend_over[front_color14-back_color14] [32mPASSED[0m[32m [ 14%][0m
2025-02-24T05:28:16.5155129Z tests/colors/test_alpha_blending.py::test_alpha_unblend_over[front_color15-back_color15] [32mPASSED[0m[32m [ 15%][0m
2025-02-24T05:28:16.5173119Z tests/colors/test_alpha_blending.py::test_alpha_unblend_over[front_color16-back_color16] [32mPASSED[0m[32m [ 15%][0m
2025-02-24T05:28:16.5191056Z tests/colors/test_alpha_blending.py::test_alpha_unblend_over[front_color17-back_color17] [32mPASSED[0m[32m [ 15%][0m
2025-02-24T05:28:16.5211192Z tests/colors/test_alpha_blending.py::test_alpha_unblend_over[front_color18-back_color18] [32mPASSED[0m[32m [ 15%][0m
2025-02-24T05:28:16.5229004Z tests/colors/test_alpha_blending.py::test_alpha_unblend_over[front_color19-back_color19] [32mPASSED[0m[32m [ 15%][0m
2025-02-24T05:28:16.5246849Z tests/colors/test_alpha_blending.py::test_alpha_unblend_over[front_color20-back_color20] [32mPASSED[0m[32m [ 15%][0m
2025-02-24T05:28:16.5265010Z tests/colors/test_alpha_blending.py::test_alpha_unblend_over[front_color21-back_color21] [32mPASSED[0m[32m [ 15%][0m
2025-02-24T05:28:16.5283303Z tests/colors/test_alpha_blending.py::test_alpha_unblend_over[front_color22-back_color22] [32mPASSED[0m[32m [ 16%][0m
2025-02-24T05:28:16.5300877Z tests/colors/test_alpha_blending.py::test_alpha_unblend_over[front_color23-back_color23] [32mPASSED[0m[32m [ 16%][0m
2025-02-24T05:28:16.5318799Z tests/colors/test_alpha_blending.py::test_alpha_unblend_over[front_color24-back_color24] [32mPASSED[0m[32m [ 16%][0m
2025-02-24T05:28:16.5336182Z tests/colors/test_alpha_blending.py::test_alpha_unblend_over[front_color25-back_color25] [32mPASSED[0m[32m [ 16%][0m
2025-02-24T05:28:16.5353926Z tests/colors/test_alpha_blending.py::test_alpha_unblend_over[front_color26-back_color26] [32mPASSED[0m[32m [ 16%][0m
2025-02-24T05:28:16.5371719Z tests/colors/test_alpha_blending.py::test_alpha_unblend_over[front_color27-back_color27] [32mPASSED[0m[32m [ 16%][0m
2025-02-24T05:28:16.5389570Z tests/colors/test_alpha_blending.py::test_alpha_unblend_over[front_color28-back_color28] [32mPASSED[0m[32m [ 17%][0m
2025-02-24T05:28:16.5407427Z tests/colors/test_alpha_blending.py::test_alpha_unblend_over[front_color29-back_color29] [32mPASSED[0m[32m [ 17%][0m
2025-02-24T05:28:16.5424454Z tests/colors/test_alpha_blending.py::test_alpha_unblend_over[front_color30-back_color30] [32mPASSED[0m[32m [ 17%][0m
2025-02-24T05:28:16.5442263Z tests/colors/test_alpha_blending.py::test_alpha_unblend_over[front_color31-back_color31] [32mPASSED[0m[32m [ 17%][0m
2025-02-24T05:28:16.5460040Z tests/colors/test_alpha_blending.py::test_alpha_unblend_over[front_color32-back_color32] [32mPASSED[0m[32m [ 17%][0m
2025-02-24T05:28:16.5477828Z tests/colors/test_alpha_blending.py::test_alpha_unblend_over[front_color33-back_color33] [32mPASSED[0m[32m [ 17%][0m
2025-02-24T05:28:16.5495791Z tests/colors/test_alpha_blending.py::test_alpha_unblend_over[front_color34-back_color34] [32mPASSED[0m[32m [ 17%][0m
2025-02-24T05:28:16.5514184Z tests/colors/test_alpha_blending.py::test_alpha_unblend_over[front_color35-back_color35] [32mPASSED[0m[32m [ 18%][0m
2025-02-24T05:28:16.5532464Z tests/colors/test_alpha_blending.py::test_alpha_unblend_over[front_color36-back_color36] [32mPASSED[0m[32m [ 18%][0m
2025-02-24T05:28:16.5549107Z tests/colors/test_alpha_blending.py::test_alpha_unblend_over[front_color37-back_color37] [32mPASSED[0m[32m [ 18%][0m
2025-02-24T05:28:16.5567473Z tests/colors/test_alpha_blending.py::test_alpha_unblend_over[front_color38-back_color38] [32mPASSED[0m[32m [ 18%][0m
2025-02-24T05:28:16.5585491Z tests/colors/test_alpha_blending.py::test_alpha_unblend_over[front_color39-back_color39] [32mPASSED[0m[32m [ 18%][0m
2025-02-24T05:28:16.5603934Z tests/colors/test_alpha_blending.py::test_alpha_unblend_over[front_color40-back_color40] [32mPASSED[0m[32m [ 18%][0m
2025-02-24T05:28:16.5622541Z tests/colors/test_alpha_blending.py::test_alpha_unblend_over[front_color41-back_color41] [32mPASSED[0m[32m [ 19%][0m
2025-02-24T05:28:16.5640433Z tests/colors/test_alpha_blending.py::test_alpha_unblend_over[front_color42-back_color42] [32mPASSED[0m[32m [ 19%][0m
2025-02-24T05:28:16.5658746Z tests/colors/test_alpha_blending.py::test_alpha_unblend_over[front_color43-back_color43] [32mPASSED[0m[32m [ 19%][0m
2025-02-24T05:28:16.5676603Z tests/colors/test_alpha_blending.py::test_alpha_unblend_over[front_color44-back_color44] [32mPASSED[0m[32m [ 19%][0m
2025-02-24T05:28:16.5694685Z tests/colors/test_alpha_blending.py::test_alpha_unblend_over[front_color45-back_color45] [32mPASSED[0m[32m [ 19%][0m
2025-02-24T05:28:16.5713207Z tests/colors/test_alpha_blending.py::test_alpha_unblend_over[front_color46-back_color46] [32mPASSED[0m[32m [ 19%][0m
2025-02-24T05:28:16.5731485Z tests/colors/test_alpha_blending.py::test_alpha_unblend_over[front_color47-back_color47] [32mPASSED[0m[32m [ 20%][0m
2025-02-24T05:28:16.5749332Z tests/colors/test_alpha_blending.py::test_alpha_unblend_over[front_color48-back_color48] [32mPASSED[0m[32m [ 20%][0m
2025-02-24T05:28:16.5767298Z tests/colors/test_alpha_blending.py::test_alpha_unblend_over[front_color49-back_color49] [32mPASSED[0m[32m [ 20%][0m
2025-02-24T05:28:16.5785147Z tests/colors/test_alpha_blending.py::test_alpha_unblend_over[front_color50-back_color50] [32mPASSED[0m[32m [ 20%][0m
2025-02-24T05:28:16.5803180Z tests/colors/test_alpha_blending.py::test_alpha_unblend_over[front_color51-back_color51] [32mPASSED[0m[32m [ 20%][0m
2025-02-24T05:28:16.5821580Z tests/colors/test_alpha_blending.py::test_alpha_unblend_over[front_color52-back_color52] [32mPASSED[0m[32m [ 20%][0m
2025-02-24T05:28:16.5839464Z tests/colors/test_alpha_blending.py::test_alpha_unblend_over[front_color53-back_color53] [32mPASSED[0m[32m [ 20%][0m
2025-02-24T05:28:16.5857051Z tests/colors/test_alpha_blending.py::test_alpha_unblend_over[front_color54-back_color54] [32mPASSED[0m[32m [ 21%][0m
2025-02-24T05:28:16.5875751Z tests/colors/test_alpha_blending.py::test_alpha_unblend_over[front_color55-back_color55] [32mPASSED[0m[32m [ 21%][0m
2025-02-24T05:28:16.5893763Z tests/colors/test_alpha_blending.py::test_alpha_unblend_over[front_color56-back_color56] [32mPASSED[0m[32m [ 21%][0m
2025-02-24T05:28:16.5911585Z tests/colors/test_alpha_blending.py::test_alpha_unblend_over[front_color57-back_color57] [32mPASSED[0m[32m [ 21%][0m
2025-02-24T05:28:16.5929283Z tests/colors/test_alpha_blending.py::test_alpha_unblend_over[front_color58-back_color58] [32mPASSED[0m[32m [ 21%][0m
2025-02-24T05:28:16.5947034Z tests/colors/test_alpha_blending.py::test_alpha_unblend_over[front_color59-back_color59] [32mPASSED[0m[32m [ 21%][0m
2025-02-24T05:28:16.5965054Z tests/colors/test_alpha_blending.py::test_alpha_unblend_over[front_color60-back_color60] [32mPASSED[0m[32m [ 22%][0m
2025-02-24T05:28:16.5982872Z tests/colors/test_alpha_blending.py::test_alpha_unblend_over[front_color61-back_color61] [32mPASSED[0m[32m [ 22%][0m
2025-02-24T05:28:16.6000551Z tests/colors/test_alpha_blending.py::test_alpha_unblend_over[front_color62-back_color62] [32mPASSED[0m[32m [ 22%][0m
2025-02-24T05:28:16.6019422Z tests/colors/test_alpha_blending.py::test_alpha_unblend_over[front_color63-back_color63] [32mPASSED[0m[32m [ 22%][0m
2025-02-24T05:28:16.6037270Z tests/colors/test_alpha_blending.py::test_alpha_unblend_over[front_color64-back_color64] [32mPASSED[0m[32m [ 22%][0m
2025-02-24T05:28:16.6055484Z tests/colors/test_alpha_blending.py::test_alpha_unblend_over[front_color65-back_color65] [32mPASSED[0m[32m [ 22%][0m
2025-02-24T05:28:16.6073448Z tests/colors/test_alpha_blending.py::test_alpha_unblend_over[front_color66-back_color66] [32mPASSED[0m[32m [ 22%][0m
2025-02-24T05:28:16.6090448Z tests/colors/test_alpha_blending.py::test_alpha_unblend_over[front_color67-back_color67] [32mPASSED[0m[32m [ 23%][0m
2025-02-24T05:28:16.6107844Z tests/colors/test_alpha_blending.py::test_alpha_unblend_over[front_color68-back_color68] [32mPASSED[0m[32m [ 23%][0m
2025-02-24T05:28:16.6126098Z tests/colors/test_alpha_blending.py::test_alpha_unblend_over[front_color69-back_color69] [32mPASSED[0m[32m [ 23%][0m
2025-02-24T05:28:16.6144016Z tests/colors/test_alpha_blending.py::test_alpha_unblend_over[front_color70-back_color70] [32mPASSED[0m[32m [ 23%][0m
2025-02-24T05:28:16.6162227Z tests/colors/test_alpha_blending.py::test_alpha_unblend_over[front_color71-back_color71] [32mPASSED[0m[32m [ 23%][0m
2025-02-24T05:28:16.6180012Z tests/colors/test_alpha_blending.py::test_alpha_unblend_over[front_color72-back_color72] [32mPASSED[0m[32m [ 23%][0m
2025-02-24T05:28:16.6197840Z tests/colors/test_alpha_blending.py::test_alpha_unblend_over[front_color73-back_color73] [32mPASSED[0m[32m [ 24%][0m
2025-02-24T05:28:16.6215783Z tests/colors/test_alpha_blending.py::test_alpha_unblend_over[front_color74-back_color74] [32mPASSED[0m[32m [ 24%][0m
2025-02-24T05:28:16.6236543Z tests/colors/test_alpha_blending.py::test_alpha_unblend_over[front_color75-back_color75] [32mPASSED[0m[32m [ 24%][0m
2025-02-24T05:28:16.6253458Z tests/colors/test_color_conversion.py::test_rgba_to_rgb[input_color0-expected_color0] [32mPASSED[0m[32m [ 24%][0m
2025-02-24T05:28:16.6271139Z tests/colors/test_color_conversion.py::test_rgba_to_rgb[input_color1-expected_color1] [32mPASSED[0m[32m [ 24%][0m
2025-02-24T05:28:16.6287320Z tests/colors/test_color_conversion.py::test_rgba_to_rgb[input_color2-expected_color2] [32mPASSED[0m[32m [ 24%][0m
2025-02-24T05:28:16.6303895Z tests/colors/test_color_conversion.py::test_rgba_to_rgb[input_color3-expected_color3] [32mPASSED[0m[32m [ 24%][0m
2025-02-24T05:28:16.6320756Z tests/colors/test_color_conversion.py::test_rgba_to_rgb[input_color4-expected_color4] [32mPASSED[0m[32m [ 25%][0m
2025-02-24T05:28:16.6337249Z tests/colors/test_color_conversion.py::test_rgba_to_rgb[input_color5-expected_color5] [32mPASSED[0m[32m [ 25%][0m
2025-02-24T05:28:16.6353927Z tests/colors/test_color_conversion.py::test_rgba_to_rgb[input_color6-expected_color6] [32mPASSED[0m[32m [ 25%][0m
2025-02-24T05:28:16.6370628Z tests/colors/test_color_conversion.py::test_rgba_to_rgb[input_color7-expected_color7] [32mPASSED[0m[32m [ 25%][0m
2025-02-24T05:28:16.6387068Z tests/colors/test_color_conversion.py::test_rgba_to_rgb[input_color8-expected_color8] [32mPASSED[0m[32m [ 25%][0m
2025-02-24T05:28:16.6403622Z tests/colors/test_color_conversion.py::test_rgba_to_rgb[input_color9-expected_color9] [32mPASSED[0m[32m [ 25%][0m
2025-02-24T05:28:16.6420507Z tests/colors/test_color_conversion.py::test_rgba_to_rgb[input_color10-expected_color10] [32mPASSED[0m[32m [ 26%][0m
2025-02-24T05:28:16.6436977Z tests/colors/test_color_conversion.py::test_rgba_to_rgb[input_color11-expected_color11] [32mPASSED[0m[32m [ 26%][0m
2025-02-24T05:28:16.6453430Z tests/colors/test_color_conversion.py::test_rgba_to_rgb[input_color12-expected_color12] [32mPASSED[0m[32m [ 26%][0m
2025-02-24T05:28:16.6470399Z tests/colors/test_color_conversion.py::test_rgba_to_rgb[input_color13-expected_color13] [32mPASSED[0m[32m [ 26%][0m
2025-02-24T05:28:16.6486442Z tests/colors/test_color_conversion.py::test_rgba_to_rgb[input_color14-expected_color14] [32mPASSED[0m[32m [ 26%][0m
2025-02-24T05:28:16.6503356Z tests/colors/test_color_conversion.py::test_rgba_to_rgb[input_color15-expected_color15] [32mPASSED[0m[32m [ 26%][0m
2025-02-24T05:28:16.6520389Z tests/colors/test_color_conversion.py::test_rgba_to_hsla[input_color0-expected_color0] [32mPASSED[0m[32m [ 26%][0m
2025-02-24T05:28:16.6537093Z tests/colors/test_color_conversion.py::test_rgba_to_hsla[input_color1-expected_color1] [32mPASSED[0m[32m [ 27%][0m
2025-02-24T05:28:16.6554232Z tests/colors/test_color_conversion.py::test_rgba_to_hsla[input_color2-expected_color2] [32mPASSED[0m[32m [ 27%][0m
2025-02-24T05:28:16.6571054Z tests/colors/test_color_conversion.py::test_rgba_to_hsla[input_color3-expected_color3] [32mPASSED[0m[32m [ 27%][0m
2025-02-24T05:28:16.6588103Z tests/colors/test_color_conversion.py::test_rgba_to_hsla[input_color4-expected_color4] [32mPASSED[0m[32m [ 27%][0m
2025-02-24T05:28:16.6605102Z tests/colors/test_color_conversion.py::test_rgba_to_hsla[input_color5-expected_color5] [32mPASSED[0m[32m [ 27%][0m
2025-02-24T05:28:16.6622398Z tests/colors/test_color_conversion.py::test_rgba_to_hsla[input_color6-expected_color6] [32mPASSED[0m[32m [ 27%][0m
2025-02-24T05:28:16.6639445Z tests/colors/test_color_conversion.py::test_rgba_to_hsla[input_color7-expected_color7] [32mPASSED[0m[32m [ 28%][0m
2025-02-24T05:28:16.6656429Z tests/colors/test_color_conversion.py::test_rgba_to_hsla[input_color8-expected_color8] [32mPASSED[0m[32m [ 28%][0m
2025-02-24T05:28:16.6673648Z tests/colors/test_color_conversion.py::test_rgba_to_hsla[input_color9-expected_color9] [32mPASSED[0m[32m [ 28%][0m
2025-02-24T05:28:16.6690858Z tests/colors/test_color_conversion.py::test_rgba_to_hsla[input_color10-expected_color10] [32mPASSED[0m[32m [ 28%][0m
2025-02-24T05:28:16.6707858Z tests/colors/test_color_conversion.py::test_rgba_to_hsla[input_color11-expected_color11] [32mPASSED[0m[32m [ 28%][0m
2025-02-24T05:28:16.6725366Z tests/colors/test_color_conversion.py::test_rgba_to_hsla[input_color12-expected_color12] [32mPASSED[0m[32m [ 28%][0m
2025-02-24T05:28:16.6742375Z tests/colors/test_color_conversion.py::test_rgba_to_hsla[input_color13-expected_color13] [32mPASSED[0m[32m [ 28%][0m
2025-02-24T05:28:16.6759340Z tests/colors/test_color_conversion.py::test_rgba_to_hsla[input_color14-expected_color14] [32mPASSED[0m[32m [ 29%][0m
2025-02-24T05:28:16.6776847Z tests/colors/test_color_conversion.py::test_rgba_to_hsla[input_color15-expected_color15] [32mPASSED[0m[32m [ 29%][0m
2025-02-24T05:28:16.6794190Z tests/colors/test_color_conversion.py::test_rgba_to_hsl[input_color0-expected_color0] [32mPASSED[0m[32m [ 29%][0m
2025-02-24T05:28:16.6811310Z tests/colors/test_color_conversion.py::test_rgba_to_hsl[input_color1-expected_color1] [32mPASSED[0m[32m [ 29%][0m
2025-02-24T05:28:16.6828290Z tests/colors/test_color_conversion.py::test_rgba_to_hsl[input_color2-expected_color2] [32mPASSED[0m[32m [ 29%][0m
2025-02-24T05:28:16.6845221Z tests/colors/test_color_conversion.py::test_rgba_to_hsl[input_color3-expected_color3] [32mPASSED[0m[32m [ 29%][0m
2025-02-24T05:28:16.6862064Z tests/colors/test_color_conversion.py::test_rgba_to_hsl[input_color4-expected_color4] [32mPASSED[0m[32m [ 30%][0m
2025-02-24T05:28:16.6878949Z tests/colors/test_color_conversion.py::test_rgba_to_hsl[input_color5-expected_color5] [32mPASSED[0m[32m [ 30%][0m
2025-02-24T05:28:16.6895917Z tests/colors/test_color_conversion.py::test_rgba_to_hsl[input_color6-expected_color6] [32mPASSED[0m[32m [ 30%][0m
2025-02-24T05:28:16.6913023Z tests/colors/test_color_conversion.py::test_rgba_to_hsl[input_color7-expected_color7] [32mPASSED[0m[32m [ 30%][0m
2025-02-24T05:28:16.6930146Z tests/colors/test_color_conversion.py::test_rgba_to_hsl[input_color8-expected_color8] [32mPASSED[0m[32m [ 30%][0m
2025-02-24T05:28:16.6947316Z tests/colors/test_color_conversion.py::test_rgba_to_hsl[input_color9-expected_color9] [32mPASSED[0m[32m [ 30%][0m
2025-02-24T05:28:16.6964946Z tests/colors/test_color_conversion.py::test_rgba_to_hsl[input_color10-expected_color10] [32mPASSED[0m[32m [ 31%][0m
2025-02-24T05:28:16.6982179Z tests/colors/test_color_conversion.py::test_rgba_to_hsl[input_color11-expected_color11] [32mPASSED[0m[32m [ 31%][0m
2025-02-24T05:28:16.6999084Z tests/colors/test_color_conversion.py::test_rgba_to_hsl[input_color12-expected_color12] [32mPASSED[0m[32m [ 31%][0m
2025-02-24T05:28:16.7015682Z tests/colors/test_color_conversion.py::test_rgba_to_hsl[input_color13-expected_color13] [32mPASSED[0m[32m [ 31%][0m
2025-02-24T05:28:16.7033064Z tests/colors/test_color_conversion.py::test_rgba_to_hsl[input_color14-expected_color14] [32mPASSED[0m[32m [ 31%][0m
2025-02-24T05:28:16.7049973Z tests/colors/test_color_conversion.py::test_rgba_to_hsl[input_color15-expected_color15] [32mPASSED[0m[32m [ 31%][0m
2025-02-24T05:28:16.7066620Z tests/colors/test_color_conversion.py::test_rgb_to_rgba[input_color0-expected_color0] [32mPASSED[0m[32m [ 31%][0m
2025-02-24T05:28:16.7083738Z tests/colors/test_color_conversion.py::test_rgb_to_rgba[input_color1-expected_color1] [32mPASSED[0m[32m [ 32%][0m
2025-02-24T05:28:16.7101044Z tests/colors/test_color_conversion.py::test_rgb_to_rgba[input_color2-expected_color2] [32mPASSED[0m[32m [ 32%][0m
2025-02-24T05:28:16.7117890Z tests/colors/test_color_conversion.py::test_rgb_to_rgba[input_color3-expected_color3] [32mPASSED[0m[32m [ 32%][0m
2025-02-24T05:28:16.7135204Z tests/colors/test_color_conversion.py::test_rgb_to_rgba[input_color4-expected_color4] [32mPASSED[0m[32m [ 32%][0m
2025-02-24T05:28:16.7152367Z tests/colors/test_color_conversion.py::test_rgb_to_rgba[input_color5-expected_color5] [32mPASSED[0m[32m [ 32%][0m
2025-02-24T05:28:16.7169036Z tests/colors/test_color_conversion.py::test_rgb_to_rgba[input_color6-expected_color6] [32mPASSED[0m[32m [ 32%][0m
2025-02-24T05:28:16.7185850Z tests/colors/test_color_conversion.py::test_rgb_to_rgba[input_color7-expected_color7] [32mPASSED[0m[32m [ 33%][0m
2025-02-24T05:28:16.7202811Z tests/colors/test_color_conversion.py::test_rgb_to_rgba[input_color8-expected_color8] [32mPASSED[0m[32m [ 33%][0m
2025-02-24T05:28:16.7219253Z tests/colors/test_color_conversion.py::test_rgb_to_rgba[input_color9-expected_color9] [32mPASSED[0m[32m [ 33%][0m
2025-02-24T05:28:16.7235978Z tests/colors/test_color_conversion.py::test_rgb_to_rgba[input_color10-expected_color10] [32mPASSED[0m[32m [ 33%][0m
2025-02-24T05:28:16.7253509Z tests/colors/test_color_conversion.py::test_rgb_to_rgba[input_color11-expected_color11] [32mPASSED[0m[32m [ 33%][0m
2025-02-24T05:28:16.7271321Z tests/colors/test_color_conversion.py::test_rgb_to_hsla[input_color0-expected_color0] [32mPASSED[0m[32m [ 33%][0m
2025-02-24T05:28:16.7289635Z tests/colors/test_color_conversion.py::test_rgb_to_hsla[input_color1-expected_color1] [32mPASSED[0m[32m [ 33%][0m
2025-02-24T05:28:16.7307514Z tests/colors/test_color_conversion.py::test_rgb_to_hsla[input_color2-expected_color2] [32mPASSED[0m[32m [ 34%][0m
2025-02-24T05:28:16.7324803Z tests/colors/test_color_conversion.py::test_rgb_to_hsla[input_color3-expected_color3] [32mPASSED[0m[32m [ 34%][0m
2025-02-24T05:28:16.7341983Z tests/colors/test_color_conversion.py::test_rgb_to_hsla[input_color4-expected_color4] [32mPASSED[0m[32m [ 34%][0m
2025-02-24T05:28:16.7359326Z tests/colors/test_color_conversion.py::test_rgb_to_hsla[input_color5-expected_color5] [32mPASSED[0m[32m [ 34%][0m
2025-02-24T05:28:16.7376295Z tests/colors/test_color_conversion.py::test_rgb_to_hsla[input_color6-expected_color6] [32mPASSED[0m[32m [ 34%][0m
2025-02-24T05:28:16.7393728Z tests/colors/test_color_conversion.py::test_rgb_to_hsla[input_color7-expected_color7] [32mPASSED[0m[32m [ 34%][0m
2025-02-24T05:28:16.7411160Z tests/colors/test_color_conversion.py::test_rgb_to_hsla[input_color8-expected_color8] [32mPASSED[0m[32m [ 35%][0m
2025-02-24T05:28:16.7428318Z tests/colors/test_color_conversion.py::test_rgb_to_hsla[input_color9-expected_color9] [32mPASSED[0m[32m [ 35%][0m
2025-02-24T05:28:16.7445712Z tests/colors/test_color_conversion.py::test_rgb_to_hsla[input_color10-expected_color10] [32mPASSED[0m[32m [ 35%][0m
2025-02-24T05:28:16.7462907Z tests/colors/test_color_conversion.py::test_rgb_to_hsla[input_color11-expected_color11] [32mPASSED[0m[32m [ 35%][0m
2025-02-24T05:28:16.7479612Z tests/colors/test_color_conversion.py::test_rgb_to_hsl[input_color0-expected_color0] [32mPASSED[0m[32m [ 35%][0m
2025-02-24T05:28:16.7496356Z tests/colors/test_color_conversion.py::test_rgb_to_hsl[input_color1-expected_color1] [32mPASSED[0m[32m [ 35%][0m
2025-02-24T05:28:16.7513449Z tests/colors/test_color_conversion.py::test_rgb_to_hsl[input_color2-expected_color2] [32mPASSED[0m[32m [ 35%][0m
2025-02-24T05:28:16.7530545Z tests/colors/test_color_conversion.py::test_rgb_to_hsl[input_color3-expected_color3] [32mPASSED[0m[32m [ 36%][0m
2025-02-24T05:28:16.7547920Z tests/colors/test_color_conversion.py::test_rgb_to_hsl[input_color4-expected_color4] [32mPASSED[0m[32m [ 36%][0m
2025-02-24T05:28:16.7565022Z tests/colors/test_color_conversion.py::test_rgb_to_hsl[input_color5-expected_color5] [32mPASSED[0m[32m [ 36%][0m
2025-02-24T05:28:16.7582177Z tests/colors/test_color_conversion.py::test_rgb_to_hsl[input_color6-expected_color6] [32mPASSED[0m[32m [ 36%][0m
2025-02-24T05:28:16.7599347Z tests/colors/test_color_conversion.py::test_rgb_to_hsl[input_color7-expected_color7] [32mPASSED[0m[32m [ 36%][0m
2025-02-24T05:28:16.7616101Z tests/colors/test_color_conversion.py::test_rgb_to_hsl[input_color8-expected_color8] [32mPASSED[0m[32m [ 36%][0m
2025-02-24T05:28:16.7633345Z tests/colors/test_color_conversion.py::test_rgb_to_hsl[input_color9-expected_color9] [32mPASSED[0m[32m [ 37%][0m
2025-02-24T05:28:16.7650506Z tests/colors/test_color_conversion.py::test_rgb_to_hsl[input_color10-expected_color10] [32mPASSED[0m[32m [ 37%][0m
2025-02-24T05:28:16.7667502Z tests/colors/test_color_conversion.py::test_rgb_to_hsl[input_color11-expected_color11] [32mPASSED[0m[32m [ 37%][0m
2025-02-24T05:28:16.7684683Z tests/colors/test_color_conversion.py::test_hsla_to_hsl[input_color0-expected_color0] [32mPASSED[0m[32m [ 37%][0m
2025-02-24T05:28:16.7701193Z tests/colors/test_color_conversion.py::test_hsla_to_hsl[input_color1-expected_color1] [32mPASSED[0m[32m [ 37%][0m
2025-02-24T05:28:16.7717719Z tests/colors/test_color_conversion.py::test_hsla_to_hsl[input_color2-expected_color2] [32mPASSED[0m[32m [ 37%][0m
2025-02-24T05:28:16.7734469Z tests/colors/test_color_conversion.py::test_hsla_to_hsl[input_color3-expected_color3] [32mPASSED[0m[32m [ 37%][0m
2025-02-24T05:28:16.7751657Z tests/colors/test_color_conversion.py::test_hsla_to_hsl[input_color4-expected_color4] [32mPASSED[0m[32m [ 38%][0m
2025-02-24T05:28:16.7768219Z tests/colors/test_color_conversion.py::test_hsla_to_hsl[input_color5-expected_color5] [32mPASSED[0m[32m [ 38%][0m
2025-02-24T05:28:16.7784787Z tests/colors/test_color_conversion.py::test_hsla_to_hsl[input_color6-expected_color6] [32mPASSED[0m[32m [ 38%][0m
2025-02-24T05:28:16.7801641Z tests/colors/test_color_conversion.py::test_hsla_to_hsl[input_color7-expected_color7] [32mPASSED[0m[32m [ 38%][0m
2025-02-24T05:28:16.7818034Z tests/colors/test_color_conversion.py::test_hsla_to_hsl[input_color8-expected_color8] [32mPASSED[0m[32m [ 38%][0m
2025-02-24T05:28:16.7834802Z tests/colors/test_color_conversion.py::test_hsla_to_hsl[input_color9-expected_color9] [32mPASSED[0m[32m [ 38%][0m
2025-02-24T05:28:16.7851670Z tests/colors/test_color_conversion.py::test_hsla_to_hsl[input_color10-expected_color10] [32mPASSED[0m[32m [ 39%][0m
2025-02-24T05:28:16.7868152Z tests/colors/test_color_conversion.py::test_hsla_to_hsl[input_color11-expected_color11] [32mPASSED[0m[32m [ 39%][0m
2025-02-24T05:28:16.7884824Z tests/colors/test_color_conversion.py::test_hsla_to_hsl[input_color12-expected_color12] [32mPASSED[0m[32m [ 39%][0m
2025-02-24T05:28:16.7902058Z tests/colors/test_color_conversion.py::test_hsla_to_hsl[input_color13-expected_color13] [32mPASSED[0m[32m [ 39%][0m
2025-02-24T05:28:16.7918963Z tests/colors/test_color_conversion.py::test_hsla_to_hsl[input_color14-expected_color14] [32mPASSED[0m[32m [ 39%][0m
2025-02-24T05:28:16.7935489Z tests/colors/test_color_conversion.py::test_hsla_to_hsl[input_color15-expected_color15] [32mPASSED[0m[32m [ 39%][0m
2025-02-24T05:28:16.7952861Z tests/colors/test_color_conversion.py::test_hsla_to_rgba[input_color0-expected_color0] [32mPASSED[0m[32m [ 40%][0m
2025-02-24T05:28:16.7969817Z tests/colors/test_color_conversion.py::test_hsla_to_rgba[input_color1-expected_color1] [32mPASSED[0m[32m [ 40%][0m
2025-02-24T05:28:16.7986767Z tests/colors/test_color_conversion.py::test_hsla_to_rgba[input_color2-expected_color2] [32mPASSED[0m[32m [ 40%][0m
2025-02-24T05:28:16.8003731Z tests/colors/test_color_conversion.py::test_hsla_to_rgba[input_color3-expected_color3] [32mPASSED[0m[32m [ 40%][0m
2025-02-24T05:28:16.8020937Z tests/colors/test_color_conversion.py::test_hsla_to_rgba[input_color4-expected_color4] [32mPASSED[0m[32m [ 40%][0m
2025-02-24T05:28:16.8037847Z tests/colors/test_color_conversion.py::test_hsla_to_rgba[input_color5-expected_color5] [32mPASSED[0m[32m [ 40%][0m
2025-02-24T05:28:16.8055203Z tests/colors/test_color_conversion.py::test_hsla_to_rgba[input_color6-expected_color6] [32mPASSED[0m[32m [ 40%][0m
2025-02-24T05:28:16.8072607Z tests/colors/test_color_conversion.py::test_hsla_to_rgba[input_color7-expected_color7] [32mPASSED[0m[32m [ 41%][0m
2025-02-24T05:28:16.8089635Z tests/colors/test_color_conversion.py::test_hsla_to_rgba[input_color8-expected_color8] [32mPASSED[0m[32m [ 41%][0m
2025-02-24T05:28:16.8106598Z tests/colors/test_color_conversion.py::test_hsla_to_rgba[input_color9-expected_color9] [32mPASSED[0m[32m [ 41%][0m
2025-02-24T05:28:16.8123746Z tests/colors/test_color_conversion.py::test_hsla_to_rgba[input_color10-expected_color10] [32mPASSED[0m[32m [ 41%][0m
2025-02-24T05:28:16.8141324Z tests/colors/test_color_conversion.py::test_hsla_to_rgba[input_color11-expected_color11] [32mPASSED[0m[32m [ 41%][0m
2025-02-24T05:28:16.8157908Z tests/colors/test_color_conversion.py::test_hsla_to_rgba[input_color12-expected_color12] [32mPASSED[0m[32m [ 41%][0m
2025-02-24T05:28:16.8175134Z tests/colors/test_color_conversion.py::test_hsla_to_rgba[input_color13-expected_color13] [32mPASSED[0m[32m [ 42%][0m
2025-02-24T05:28:16.8192279Z tests/colors/test_color_conversion.py::test_hsla_to_rgba[input_color14-expected_color14] [32mPASSED[0m[32m [ 42%][0m
2025-02-24T05:28:16.8209327Z tests/colors/test_color_conversion.py::test_hsla_to_rgba[input_color15-expected_color15] [32mPASSED[0m[32m [ 42%][0m
2025-02-24T05:28:16.8226332Z tests/colors/test_color_conversion.py::test_hsla_to_rgb[input_color0-expected_color0] [32mPASSED[0m[32m [ 42%][0m
2025-02-24T05:28:16.8243556Z tests/colors/test_color_conversion.py::test_hsla_to_rgb[input_color1-expected_color1] [32mPASSED[0m[32m [ 42%][0m
2025-02-24T05:28:16.8260486Z tests/colors/test_color_conversion.py::test_hsla_to_rgb[input_color2-expected_color2] [32mPASSED[0m[32m [ 42%][0m
2025-02-24T05:28:16.8277429Z tests/colors/test_color_conversion.py::test_hsla_to_rgb[input_color3-expected_color3] [32mPASSED[0m[32m [ 42%][0m
2025-02-24T05:28:16.8294611Z tests/colors/test_color_conversion.py::test_hsla_to_rgb[input_color4-expected_color4] [32mPASSED[0m[32m [ 43%][0m
2025-02-24T05:28:16.8312410Z tests/colors/test_color_conversion.py::test_hsla_to_rgb[input_color5-expected_color5] [32mPASSED[0m[32m [ 43%][0m
2025-02-24T05:28:16.8329358Z tests/colors/test_color_conversion.py::test_hsla_to_rgb[input_color6-expected_color6] [32mPASSED[0m[32m [ 43%][0m
2025-02-24T05:28:16.8346416Z tests/colors/test_color_conversion.py::test_hsla_to_rgb[input_color7-expected_color7] [32mPASSED[0m[32m [ 43%][0m
2025-02-24T05:28:16.8363697Z tests/colors/test_color_conversion.py::test_hsla_to_rgb[input_color8-expected_color8] [32mPASSED[0m[32m [ 43%][0m
2025-02-24T05:28:16.8380965Z tests/colors/test_color_conversion.py::test_hsla_to_rgb[input_color9-expected_color9] [32mPASSED[0m[32m [ 43%][0m
2025-02-24T05:28:16.8397801Z tests/colors/test_color_conversion.py::test_hsla_to_rgb[input_color10-expected_color10] [32mPASSED[0m[32m [ 44%][0m
2025-02-24T05:28:16.8414910Z tests/colors/test_color_conversion.py::test_hsla_to_rgb[input_color11-expected_color11] [32mPASSED[0m[32m [ 44%][0m
2025-02-24T05:28:16.8432051Z tests/colors/test_color_conversion.py::test_hsla_to_rgb[input_color12-expected_color12] [32mPASSED[0m[32m [ 44%][0m
2025-02-24T05:28:16.8449966Z tests/colors/test_color_conversion.py::test_hsla_to_rgb[input_color13-expected_color13] [32mPASSED[0m[32m [ 44%][0m
2025-02-24T05:28:16.8467074Z tests/colors/test_color_conversion.py::test_hsla_to_rgb[input_color14-expected_color14] [32mPASSED[0m[32m [ 44%][0m
2025-02-24T05:28:16.8484092Z tests/colors/test_color_conversion.py::test_hsla_to_rgb[input_color15-expected_color15] [32mPASSED[0m[32m [ 44%][0m
2025-02-24T05:28:16.8501060Z tests/colors/test_color_conversion.py::test_hsl_to_hsla[input_color0-expected_color0] [32mPASSED[0m[32m [ 44%][0m
2025-02-24T05:28:16.8517762Z tests/colors/test_color_conversion.py::test_hsl_to_hsla[input_color1-expected_color1] [32mPASSED[0m[32m [ 45%][0m
2025-02-24T05:28:16.8534848Z tests/colors/test_color_conversion.py::test_hsl_to_hsla[input_color2-expected_color2] [32mPASSED[0m[32m [ 45%][0m
2025-02-24T05:28:16.8551915Z tests/colors/test_color_conversion.py::test_hsl_to_hsla[input_color3-expected_color3] [32mPASSED[0m[32m [ 45%][0m
2025-02-24T05:28:16.8568924Z tests/colors/test_color_conversion.py::test_hsl_to_hsla[input_color4-expected_color4] [32mPASSED[0m[32m [ 45%][0m
2025-02-24T05:28:16.8585481Z tests/colors/test_color_conversion.py::test_hsl_to_hsla[input_color5-expected_color5] [32mPASSED[0m[32m [ 45%][0m
2025-02-24T05:28:16.8602775Z tests/colors/test_color_conversion.py::test_hsl_to_hsla[input_color6-expected_color6] [32mPASSED[0m[32m [ 45%][0m
2025-02-24T05:28:16.8619914Z tests/colors/test_color_conversion.py::test_hsl_to_hsla[input_color7-expected_color7] [32mPASSED[0m[32m [ 46%][0m
2025-02-24T05:28:16.8636396Z tests/colors/test_color_conversion.py::test_hsl_to_hsla[input_color8-expected_color8] [32mPASSED[0m[32m [ 46%][0m
2025-02-24T05:28:16.8653260Z tests/colors/test_color_conversion.py::test_hsl_to_hsla[input_color9-expected_color9] [32mPASSED[0m[32m [ 46%][0m
2025-02-24T05:28:16.8670203Z tests/colors/test_color_conversion.py::test_hsl_to_hsla[input_color10-expected_color10] [32mPASSED[0m[32m [ 46%][0m
2025-02-24T05:28:16.8687362Z tests/colors/test_color_conversion.py::test_hsl_to_hsla[input_color11-expected_color11] [32mPASSED[0m[32m [ 46%][0m
2025-02-24T05:28:16.8704715Z tests/colors/test_color_conversion.py::test_hsl_to_rgba[input_color0-expected_color0] [32mPASSED[0m[32m [ 46%][0m
2025-02-24T05:28:16.8721946Z tests/colors/test_color_conversion.py::test_hsl_to_rgba[input_color1-expected_color1] [32mPASSED[0m[32m [ 46%][0m
2025-02-24T05:28:16.8738934Z tests/colors/test_color_conversion.py::test_hsl_to_rgba[input_color2-expected_color2] [32mPASSED[0m[32m [ 47%][0m
2025-02-24T05:28:16.8755611Z tests/colors/test_color_conversion.py::test_hsl_to_rgba[input_color3-expected_color3] [32mPASSED[0m[32m [ 47%][0m
2025-02-24T05:28:16.8772852Z tests/colors/test_color_conversion.py::test_hsl_to_rgba[input_color4-expected_color4] [32mPASSED[0m[32m [ 47%][0m
2025-02-24T05:28:16.8789845Z tests/colors/test_color_conversion.py::test_hsl_to_rgba[input_color5-expected_color5] [32mPASSED[0m[32m [ 47%][0m
2025-02-24T05:28:16.8806472Z tests/colors/test_color_conversion.py::test_hsl_to_rgba[input_color6-expected_color6] [32mPASSED[0m[32m [ 47%][0m
2025-02-24T05:28:16.8823503Z tests/colors/test_color_conversion.py::test_hsl_to_rgba[input_color7-expected_color7] [32mPASSED[0m[32m [ 47%][0m
2025-02-24T05:28:16.8841092Z tests/colors/test_color_conversion.py::test_hsl_to_rgba[input_color8-expected_color8] [32mPASSED[0m[32m [ 48%][0m
2025-02-24T05:28:16.8857974Z tests/colors/test_color_conversion.py::test_hsl_to_rgba[input_color9-expected_color9] [32mPASSED[0m[32m [ 48%][0m
2025-02-24T05:28:16.8874773Z tests/colors/test_color_conversion.py::test_hsl_to_rgba[input_color10-expected_color10] [32mPASSED[0m[32m [ 48%][0m
2025-02-24T05:28:16.8892034Z tests/colors/test_color_conversion.py::test_hsl_to_rgba[input_color11-expected_color11] [32mPASSED[0m[32m [ 48%][0m
2025-02-24T05:28:16.8908971Z tests/colors/test_color_conversion.py::test_hsl_to_rgb[input_color0-expected_color0] [32mPASSED[0m[32m [ 48%][0m
2025-02-24T05:28:16.8925545Z tests/colors/test_color_conversion.py::test_hsl_to_rgb[input_color1-expected_color1] [32mPASSED[0m[32m [ 48%][0m
2025-02-24T05:28:16.8942447Z tests/colors/test_color_conversion.py::test_hsl_to_rgb[input_color2-expected_color2] [32mPASSED[0m[32m [ 48%][0m
2025-02-24T05:28:16.8959169Z tests/colors/test_color_conversion.py::test_hsl_to_rgb[input_color3-expected_color3] [32mPASSED[0m[32m [ 49%][0m
2025-02-24T05:28:16.8975899Z tests/colors/test_color_conversion.py::test_hsl_to_rgb[input_color4-expected_color4] [32mPASSED[0m[32m [ 49%][0m
2025-02-24T05:28:16.8993003Z tests/colors/test_color_conversion.py::test_hsl_to_rgb[input_color5-expected_color5] [32mPASSED[0m[32m [ 49%][0m
2025-02-24T05:28:16.9010111Z tests/colors/test_color_conversion.py::test_hsl_to_rgb[input_color6-expected_color6] [32mPASSED[0m[32m [ 49%][0m
2025-02-24T05:28:16.9026663Z tests/colors/test_color_conversion.py::test_hsl_to_rgb[input_color7-expected_color7] [32mPASSED[0m[32m [ 49%][0m
2025-02-24T05:28:16.9043652Z tests/colors/test_color_conversion.py::test_hsl_to_rgb[input_color8-expected_color8] [32mPASSED[0m[32m [ 49%][0m
2025-02-24T05:28:16.9060617Z tests/colors/test_color_conversion.py::test_hsl_to_rgb[input_color9-expected_color9] [32mPASSED[0m[32m [ 50%][0m
2025-02-24T05:28:16.9078045Z tests/colors/test_color_conversion.py::test_hsl_to_rgb[input_color10-expected_color10] [32mPASSED[0m[32m [ 50%][0m
2025-02-24T05:28:16.9097998Z tests/colors/test_color_conversion.py::test_hsl_to_rgb[input_color11-expected_color11] [32mPASSED[0m[32m [ 50%][0m
2025-02-24T05:28:16.9114379Z tests/colors/test_constructor.py::test_repr[rgb-value0-rgb(10, 20, 30)] [32mPASSED[0m[32m [ 50%][0m
2025-02-24T05:28:16.9130809Z tests/colors/test_constructor.py::test_repr[rgba-value1-rgba(10, 20, 30, 0.5)] [32mPASSED[0m[32m [ 50%][0m
2025-02-24T05:28:16.9146838Z tests/colors/test_constructor.py::test_repr[hsl-value2-hsl(10, 0.2, 0.3)] [32mPASSED[0m[32m [ 50%][0m
2025-02-24T05:28:16.9163608Z tests/colors/test_constructor.py::test_repr[hsla-value3-hsla(10, 0.2, 0.3, 0.5)] [32mPASSED[0m[32m [ 51%][0m
2025-02-24T05:28:16.9177665Z tests/colors/test_constructor.py::test_rgb_hash [32mPASSED[0m[32m                   [ 51%][0m
2025-02-24T05:28:16.9192257Z tests/colors/test_constructor.py::test_rgba_hash [32mPASSED[0m[32m                  [ 51%][0m
2025-02-24T05:28:16.9206353Z tests/colors/test_constructor.py::test_hsl_hash [32mPASSED[0m[32m                   [ 51%][0m
2025-02-24T05:28:16.9221219Z tests/colors/test_constructor.py::test_hsla_hash [32mPASSED[0m[32m                  [ 51%][0m
2025-02-24T05:28:16.9238088Z tests/colors/test_constructor.py::test_hsl[value0-expected0] [32mPASSED[0m[32m      [ 51%][0m
2025-02-24T05:28:16.9254902Z tests/colors/test_constructor.py::test_hsl[value1-expected1] [32mPASSED[0m[32m      [ 51%][0m
2025-02-24T05:28:16.9271641Z tests/colors/test_constructor.py::test_hsl[value2-expected2] [32mPASSED[0m[32m      [ 52%][0m
2025-02-24T05:28:16.9288800Z tests/colors/test_constructor.py::test_hsl[value3-expected3] [32mPASSED[0m[32m      [ 52%][0m
2025-02-24T05:28:16.9305378Z tests/colors/test_constructor.py::test_hsl[value4-expected4] [32mPASSED[0m[32m      [ 52%][0m
2025-02-24T05:28:16.9322245Z tests/colors/test_constructor.py::test_hsl[value5-expected5] [32mPASSED[0m[32m      [ 52%][0m
2025-02-24T05:28:16.9338709Z tests/colors/test_constructor.py::test_hsl[value6-expected6] [32mPASSED[0m[32m      [ 52%][0m
2025-02-24T05:28:16.9355114Z tests/colors/test_constructor.py::test_hsl[value7-expected7] [32mPASSED[0m[32m      [ 52%][0m
2025-02-24T05:28:16.9372033Z tests/colors/test_constructor.py::test_hsl[value8-expected8] [32mPASSED[0m[32m      [ 53%][0m
2025-02-24T05:28:16.9388680Z tests/colors/test_constructor.py::test_hsl[value9-expected9] [32mPASSED[0m[32m      [ 53%][0m
2025-02-24T05:28:16.9405021Z tests/colors/test_constructor.py::test_hsl[value10-expected10] [32mPASSED[0m[32m    [ 53%][0m
2025-02-24T05:28:16.9421709Z tests/colors/test_constructor.py::test_hsl[value11-expected11] [32mPASSED[0m[32m    [ 53%][0m
2025-02-24T05:28:16.9437971Z tests/colors/test_constructor.py::test_hsl[value12-expected12] [32mPASSED[0m[32m    [ 53%][0m
2025-02-24T05:28:16.9454556Z tests/colors/test_constructor.py::test_hsl[value13-expected13] [32mPASSED[0m[32m    [ 53%][0m
2025-02-24T05:28:16.9471479Z tests/colors/test_constructor.py::test_hsl[value14-expected14] [32mPASSED[0m[32m    [ 53%][0m
2025-02-24T05:28:16.9487956Z tests/colors/test_constructor.py::test_hsl[value15-expected15] [32mPASSED[0m[32m    [ 54%][0m
2025-02-24T05:28:16.9504448Z tests/colors/test_constructor.py::test_hsl[value16-expected16] [32mPASSED[0m[32m    [ 54%][0m
2025-02-24T05:28:16.9521112Z tests/colors/test_constructor.py::test_hsl[value17-expected17] [32mPASSED[0m[32m    [ 54%][0m
2025-02-24T05:28:16.9537413Z tests/colors/test_constructor.py::test_hsl[value18-expected18] [32mPASSED[0m[32m    [ 54%][0m
2025-02-24T05:28:16.9554431Z tests/colors/test_constructor.py::test_hsl[value19-expected19] [32mPASSED[0m[32m    [ 54%][0m
2025-02-24T05:28:16.9571182Z tests/colors/test_constructor.py::test_hsl[value20-expected20] [32mPASSED[0m[32m    [ 54%][0m
2025-02-24T05:28:16.9587526Z tests/colors/test_constructor.py::test_hsl[value21-expected21] [32mPASSED[0m[32m    [ 55%][0m
2025-02-24T05:28:16.9604100Z tests/colors/test_constructor.py::test_hsl[value22-expected22] [32mPASSED[0m[32m    [ 55%][0m
2025-02-24T05:28:16.9621302Z tests/colors/test_constructor.py::test_hsl[value23-expected23] [32mPASSED[0m[32m    [ 55%][0m
2025-02-24T05:28:16.9637384Z tests/colors/test_constructor.py::test_hsl[value24-expected24] [32mPASSED[0m[32m    [ 55%][0m
2025-02-24T05:28:16.9654186Z tests/colors/test_constructor.py::test_hsl[value25-expected25] [32mPASSED[0m[32m    [ 55%][0m
2025-02-24T05:28:16.9670935Z tests/colors/test_constructor.py::test_hsl[value26-expected26] [32mPASSED[0m[32m    [ 55%][0m
2025-02-24T05:28:16.9687315Z tests/colors/test_constructor.py::test_hsl[value27-expected27] [32mPASSED[0m[32m    [ 55%][0m
2025-02-24T05:28:16.9704373Z tests/colors/test_constructor.py::test_hsl[value28-expected28] [32mPASSED[0m[32m    [ 56%][0m
2025-02-24T05:28:16.9721190Z tests/colors/test_constructor.py::test_hsl[value29-expected29] [32mPASSED[0m[32m    [ 56%][0m
2025-02-24T05:28:16.9737637Z tests/colors/test_constructor.py::test_hsl[value30-expected30] [32mPASSED[0m[32m    [ 56%][0m
2025-02-24T05:28:16.9754594Z tests/colors/test_constructor.py::test_hsl[value31-expected31] [32mPASSED[0m[32m    [ 56%][0m
2025-02-24T05:28:16.9772956Z tests/colors/test_constructor.py::test_hsl[value32-expected32] [32mPASSED[0m[32m    [ 56%][0m
2025-02-24T05:28:16.9790092Z tests/colors/test_constructor.py::test_hsl[value33-expected33] [32mPASSED[0m[32m    [ 56%][0m
2025-02-24T05:28:16.9815646Z tests/colors/test_constructor.py::test_hsl[value34-expected34] [32mPASSED[0m[32m    [ 57%][0m
2025-02-24T05:28:16.9832642Z tests/colors/test_constructor.py::test_hsl[value35-expected35] [32mPASSED[0m[32m    [ 57%][0m
2025-02-24T05:28:16.9849479Z tests/colors/test_constructor.py::test_hsl[value36-expected36] [32mPASSED[0m[32m    [ 57%][0m
2025-02-24T05:28:16.9866513Z tests/colors/test_constructor.py::test_hsl[value37-expected37] [32mPASSED[0m[32m    [ 57%][0m
2025-02-24T05:28:16.9884697Z tests/colors/test_constructor.py::test_hsl[value38-expected38] [32mPASSED[0m[32m    [ 57%][0m
2025-02-24T05:28:16.9901361Z tests/colors/test_constructor.py::test_hsl[value39-expected39] [32mPASSED[0m[32m    [ 57%][0m
2025-02-24T05:28:16.9918816Z tests/colors/test_constructor.py::test_hsl[value40-expected40] [32mPASSED[0m[32m    [ 57%][0m
2025-02-24T05:28:16.9935599Z tests/colors/test_constructor.py::test_hsl[value41-expected41] [32mPASSED[0m[32m    [ 58%][0m
2025-02-24T05:28:16.9953025Z tests/colors/test_constructor.py::test_hsl[value42-expected42] [32mPASSED[0m[32m    [ 58%][0m
2025-02-24T05:28:16.9969976Z tests/colors/test_constructor.py::test_hsl[value43-expected43] [32mPASSED[0m[32m    [ 58%][0m
2025-02-24T05:28:16.9986605Z tests/colors/test_constructor.py::test_hsl[value44-expected44] [32mPASSED[0m[32m    [ 58%][0m
2025-02-24T05:28:17.0003581Z tests/colors/test_constructor.py::test_hsl[value45-expected45] [32mPASSED[0m[32m    [ 58%][0m
2025-02-24T05:28:17.0020800Z tests/colors/test_constructor.py::test_hsl[value46-expected46] [32mPASSED[0m[32m    [ 58%][0m
2025-02-24T05:28:17.0037324Z tests/colors/test_constructor.py::test_hsl[value47-expected47] [32mPASSED[0m[32m    [ 59%][0m
2025-02-24T05:28:17.0054539Z tests/colors/test_constructor.py::test_hsl[value48-expected48] [32mPASSED[0m[32m    [ 59%][0m
2025-02-24T05:28:17.0071262Z tests/colors/test_constructor.py::test_hsl[value49-expected49] [32mPASSED[0m[32m    [ 59%][0m
2025-02-24T05:28:17.0087980Z tests/colors/test_constructor.py::test_hsl_alpha[value0-expected0] [32mPASSED[0m[32m [ 59%][0m
2025-02-24T05:28:17.0104847Z tests/colors/test_constructor.py::test_hsl_alpha[value1-expected1] [32mPASSED[0m[32m [ 59%][0m
2025-02-24T05:28:17.0121718Z tests/colors/test_constructor.py::test_hsl_alpha[value2-expected2] [32mPASSED[0m[32m [ 59%][0m
2025-02-24T05:28:17.0138231Z tests/colors/test_constructor.py::test_hsl_alpha[value3-expected3] [32mPASSED[0m[32m [ 60%][0m
2025-02-24T05:28:17.0155189Z tests/colors/test_constructor.py::test_hsl_alpha[value4-expected4] [32mPASSED[0m[32m [ 60%][0m
2025-02-24T05:28:17.0172378Z tests/colors/test_constructor.py::test_hsl_alpha[value5-expected5] [32mPASSED[0m[32m [ 60%][0m
2025-02-24T05:28:17.0188741Z tests/colors/test_constructor.py::test_hsl_alpha[value6-expected6] [32mPASSED[0m[32m [ 60%][0m
2025-02-24T05:28:17.0224650Z tests/colors/test_constructor.py::test_invalid_color_constructor[rgb-value0-red-0-255--1] [32mPASSED[0m[32m [ 60%][0m
2025-02-24T05:28:17.0260844Z tests/colors/test_constructor.py::test_invalid_color_constructor[rgb-value1-red-0-255-256] [32mPASSED[0m[32m [ 60%][0m
2025-02-24T05:28:17.0296752Z tests/colors/test_constructor.py::test_invalid_color_constructor[rgb-value2-green-0-255--1] [32mPASSED[0m[32m [ 60%][0m
2025-02-24T05:28:17.0333762Z tests/colors/test_constructor.py::test_invalid_color_constructor[rgb-value3-green-0-255-256] [32mPASSED[0m[32m [ 61%][0m
2025-02-24T05:28:17.0369726Z tests/colors/test_constructor.py::test_invalid_color_constructor[rgb-value4-blue-0-255--1] [32mPASSED[0m[32m [ 61%][0m
2025-02-24T05:28:17.0405828Z tests/colors/test_constructor.py::test_invalid_color_constructor[rgb-value5-blue-0-255-256] [32mPASSED[0m[32m [ 61%][0m
2025-02-24T05:28:17.0425026Z tests/colors/test_constructor.py::test_invalid_color_constructor[rgba-value6-red-0-255--1] [32mPASSED[0m[32m [ 61%][0m
2025-02-24T05:28:17.0444285Z tests/colors/test_constructor.py::test_invalid_color_constructor[rgba-value7-red-0-255-256] [32mPASSED[0m[32m [ 61%][0m
2025-02-24T05:28:17.0463843Z tests/colors/test_constructor.py::test_invalid_color_constructor[rgba-value8-green-0-255--1] [32mPASSED[0m[32m [ 61%][0m
2025-02-24T05:28:17.0482891Z tests/colors/test_constructor.py::test_invalid_color_constructor[rgba-value9-green-0-255-256] [32mPASSED[0m[32m [ 62%][0m
2025-02-24T05:28:17.0502020Z tests/colors/test_constructor.py::test_invalid_color_constructor[rgba-value10-blue-0-255--1] [32mPASSED[0m[32m [ 62%][0m
2025-02-24T05:28:17.0520932Z tests/colors/test_constructor.py::test_invalid_color_constructor[rgba-value11-blue-0-255-256] [32mPASSED[0m[32m [ 62%][0m
2025-02-24T05:28:17.0557778Z tests/colors/test_constructor.py::test_invalid_color_constructor[rgba-value12-alpha-0-1--0.5] [32mPASSED[0m[32m [ 62%][0m
2025-02-24T05:28:17.0593896Z tests/colors/test_constructor.py::test_invalid_color_constructor[rgba-value13-alpha-0-1-1.1] [32mPASSED[0m[32m [ 62%][0m
2025-02-24T05:28:17.0629652Z tests/colors/test_constructor.py::test_invalid_color_constructor[hsl-value14-hue-0-360--1] [32mPASSED[0m[32m [ 62%][0m
2025-02-24T05:28:17.0665517Z tests/colors/test_constructor.py::test_invalid_color_constructor[hsl-value15-hue-0-360-361] [32mPASSED[0m[32m [ 62%][0m
2025-02-24T05:28:17.0704024Z tests/colors/test_constructor.py::test_invalid_color_constructor[hsl-value16-saturation-0-1--0.1] [32mPASSED[0m[32m [ 63%][0m
2025-02-24T05:28:17.0742025Z tests/colors/test_constructor.py::test_invalid_color_constructor[hsl-value17-saturation-0-1-1.1] [32mPASSED[0m[32m [ 63%][0m
2025-02-24T05:28:17.0780414Z tests/colors/test_constructor.py::test_invalid_color_constructor[hsl-value18-lightness-0-1--0.1] [32mPASSED[0m[32m [ 63%][0m
2025-02-24T05:28:17.0817517Z tests/colors/test_constructor.py::test_invalid_color_constructor[hsl-value19-lightness-0-1-1.1] [32mPASSED[0m[32m [ 63%][0m
2025-02-24T05:28:17.0836495Z tests/colors/test_constructor.py::test_invalid_color_constructor[hsla-value20-hue-0-360--1] [32mPASSED[0m[32m [ 63%][0m
2025-02-24T05:28:17.0855693Z tests/colors/test_constructor.py::test_invalid_color_constructor[hsla-value21-hue-0-360-361] [32mPASSED[0m[32m [ 63%][0m
2025-02-24T05:28:17.0875056Z tests/colors/test_constructor.py::test_invalid_color_constructor[hsla-value22-saturation-0-1--0.1] [32mPASSED[0m[32m [ 64%][0m
2025-02-24T05:28:17.0894098Z tests/colors/test_constructor.py::test_invalid_color_constructor[hsla-value23-saturation-0-1-1.1] [32mPASSED[0m[32m [ 64%][0m
2025-02-24T05:28:17.0913248Z tests/colors/test_constructor.py::test_invalid_color_constructor[hsla-value24-lightness-0-1--0.1] [32mPASSED[0m[32m [ 64%][0m
2025-02-24T05:28:17.0932496Z tests/colors/test_constructor.py::test_invalid_color_constructor[hsla-value25-lightness-0-1-1.1] [32mPASSED[0m[32m [ 64%][0m
2025-02-24T05:28:17.0969166Z tests/colors/test_constructor.py::test_invalid_color_constructor[hsla-value26-alpha-0-1--0.1] [32mPASSED[0m[32m [ 64%][0m
2025-02-24T05:28:17.0991324Z tests/colors/test_constructor.py::test_invalid_color_constructor[hsla-value27-alpha-0-1-1.1] [32mPASSED[0m[32m [ 64%][0m
2025-02-24T05:28:17.1005958Z tests/colors/test_parsing.py::test_noop [32mPASSED[0m[32m                           [ 64%][0m
2025-02-24T05:28:17.1022228Z tests/colors/test_parsing.py::test_rgb[rgb(1,2,3)-expected0] [32mPASSED[0m[32m      [ 65%][0m
2025-02-24T05:28:17.1038161Z tests/colors/test_parsing.py::test_rgb[rgb(1, 2, 3)-expected1] [32mPASSED[0m[32m    [ 65%][0m
2025-02-24T05:28:17.1054565Z tests/colors/test_parsing.py::test_rgb[rgb( 1 , 2 , 3)-expected2] [32mPASSED[0m[32m [ 65%][0m
2025-02-24T05:28:17.1070691Z tests/colors/test_parsing.py::test_rgb[#123-expected3] [32mPASSED[0m[32m            [ 65%][0m
2025-02-24T05:28:17.1086306Z tests/colors/test_parsing.py::test_rgb[#112233-expected4] [32mPASSED[0m[32m         [ 65%][0m
2025-02-24T05:28:17.1102408Z tests/colors/test_parsing.py::test_rgb[#abc-expected5] [32mPASSED[0m[32m            [ 65%][0m
2025-02-24T05:28:17.1118107Z tests/colors/test_parsing.py::test_rgb[#ABC-expected6] [32mPASSED[0m[32m            [ 66%][0m
2025-02-24T05:28:17.1134136Z tests/colors/test_parsing.py::test_rgb[#abcdef-expected7] [32mPASSED[0m[32m         [ 66%][0m
2025-02-24T05:28:17.1150146Z tests/colors/test_parsing.py::test_rgb[#ABCDEF-expected8] [32mPASSED[0m[32m         [ 66%][0m
2025-02-24T05:28:17.1165346Z tests/colors/test_parsing.py::test_rgb_invalid[10, 20] [32mPASSED[0m[32m            [ 66%][0m
2025-02-24T05:28:17.1180423Z tests/colors/test_parsing.py::test_rgb_invalid[a, 10, 20] [32mPASSED[0m[32m         [ 66%][0m
2025-02-24T05:28:17.1195321Z tests/colors/test_parsing.py::test_rgb_invalid[10, b, 20] [32mPASSED[0m[32m         [ 66%][0m
2025-02-24T05:28:17.1210515Z tests/colors/test_parsing.py::test_rgb_invalid[10, 20, c] [32mPASSED[0m[32m         [ 66%][0m
2025-02-24T05:28:17.1225259Z tests/colors/test_parsing.py::test_rgb_invalid[10, 20, 30, 0.5] [32mPASSED[0m[32m   [ 67%][0m
2025-02-24T05:28:17.1241587Z tests/colors/test_parsing.py::test_rgba[rgba(1,2,3,0.5)-expected0] [32mPASSED[0m[32m [ 67%][0m
2025-02-24T05:28:17.1258255Z tests/colors/test_parsing.py::test_rgba[rgba(1, 2, 3, 0.5)-expected1] [32mPASSED[0m[32m [ 67%][0m
2025-02-24T05:28:17.1275279Z tests/colors/test_parsing.py::test_rgba[rgba( 1 , 2 , 3 , 0.5)-expected2] [32mPASSED[0m[32m [ 67%][0m
2025-02-24T05:28:17.1291523Z tests/colors/test_parsing.py::test_rgba[#1234-expected3] [32mPASSED[0m[32m          [ 67%][0m
2025-02-24T05:28:17.1307241Z tests/colors/test_parsing.py::test_rgba[#11223344-expected4] [32mPASSED[0m[32m      [ 67%][0m
2025-02-24T05:28:17.1323402Z tests/colors/test_parsing.py::test_rgba[#abcd-expected5] [32mPASSED[0m[32m          [ 68%][0m
2025-02-24T05:28:17.1339470Z tests/colors/test_parsing.py::test_rgba[#ABCD-expected6] [32mPASSED[0m[32m          [ 68%][0m
2025-02-24T05:28:17.1355271Z tests/colors/test_parsing.py::test_rgba[#abcdefba-expected7] [32mPASSED[0m[32m      [ 68%][0m
2025-02-24T05:28:17.1371019Z tests/colors/test_parsing.py::test_rgba[#ABCDEFBA-expected8] [32mPASSED[0m[32m      [ 68%][0m
2025-02-24T05:28:17.1385604Z tests/colors/test_parsing.py::test_rgba_invalid[10, 20, 30] [32mPASSED[0m[32m       [ 68%][0m
2025-02-24T05:28:17.1400799Z tests/colors/test_parsing.py::test_rgba_invalid[a, 10, 20, 0.5] [32mPASSED[0m[32m   [ 68%][0m
2025-02-24T05:28:17.1415475Z tests/colors/test_parsing.py::test_rgba_invalid[10, b, 20, 0.5] [32mPASSED[0m[32m   [ 68%][0m
2025-02-24T05:28:17.1430368Z tests/colors/test_parsing.py::test_rgba_invalid[10, 20, c, 0.5] [32mPASSED[0m[32m   [ 69%][0m
2025-02-24T05:28:17.1445681Z tests/colors/test_parsing.py::test_rgba_invalid[10, 20, 30, c] [32mPASSED[0m[32m    [ 69%][0m
2025-02-24T05:28:17.1460690Z tests/colors/test_parsing.py::test_rgba_invalid[10, 20, 30, 0.5, 5] [32mPASSED[0m[32m [ 69%][0m
2025-02-24T05:28:17.1476652Z tests/colors/test_parsing.py::test_hsl[1,20%,30%] [32mPASSED[0m[32m                 [ 69%][0m
2025-02-24T05:28:17.1491909Z tests/colors/test_parsing.py::test_hsl[1, 20%, 30%] [32mPASSED[0m[32m               [ 69%][0m
2025-02-24T05:28:17.1507050Z tests/colors/test_parsing.py::test_hsl[1, 20% , 30%] [32mPASSED[0m[32m              [ 69%][0m
2025-02-24T05:28:17.1522186Z tests/colors/test_parsing.py::test_hsl_invalid[1, 20%] [32mPASSED[0m[32m            [ 70%][0m
2025-02-24T05:28:17.1536908Z tests/colors/test_parsing.py::test_hsl_invalid[a, 20%, 30%] [32mPASSED[0m[32m       [ 70%][0m
2025-02-24T05:28:17.1552947Z tests/colors/test_parsing.py::test_hsl_invalid[1, a, 30%] [32mPASSED[0m[32m         [ 70%][0m
2025-02-24T05:28:17.1567715Z tests/colors/test_parsing.py::test_hsl_invalid[1, 20%, a)] [32mPASSED[0m[32m        [ 70%][0m
2025-02-24T05:28:17.1582792Z tests/colors/test_parsing.py::test_hsl_invalid[1, 20%, 30%, 0.5)] [32mPASSED[0m[32m [ 70%][0m
2025-02-24T05:28:17.1597727Z tests/colors/test_parsing.py::test_hsla[1,20%,30%,0.5] [32mPASSED[0m[32m            [ 70%][0m
2025-02-24T05:28:17.1613018Z tests/colors/test_parsing.py::test_hsla[1, 20%, 30%, 0.5] [32mPASSED[0m[32m         [ 71%][0m
2025-02-24T05:28:17.1627975Z tests/colors/test_parsing.py::test_hsla[ 1, 20% , 30% , 0.5] [32mPASSED[0m[32m      [ 71%][0m
2025-02-24T05:28:17.1643015Z tests/colors/test_parsing.py::test_hsla_invalid[1, 20%, 30%] [32mPASSED[0m[32m      [ 71%][0m
2025-02-24T05:28:17.1657964Z tests/colors/test_parsing.py::test_hsla_invalid[a, 20%, 30%, 0.5] [32mPASSED[0m[32m [ 71%][0m
2025-02-24T05:28:17.1673157Z tests/colors/test_parsing.py::test_hsla_invalid[1, a, 30%, 0.5] [32mPASSED[0m[32m   [ 71%][0m
2025-02-24T05:28:17.1688089Z tests/colors/test_parsing.py::test_hsla_invalid[1, 20%, a, 0.5] [32mPASSED[0m[32m   [ 71%][0m
2025-02-24T05:28:17.1703383Z tests/colors/test_parsing.py::test_hsla_invalid[1, 20%, 30%, a] [32mPASSED[0m[32m   [ 71%][0m
2025-02-24T05:28:17.1718072Z tests/colors/test_parsing.py::test_hsla_invalid[1, 20%, 30%, 0.5, 5] [32mPASSED[0m[32m [ 72%][0m
2025-02-24T05:28:17.1734045Z tests/colors/test_parsing.py::test_named_color[Red-expected0] [32mPASSED[0m[32m     [ 72%][0m
2025-02-24T05:28:17.1750007Z tests/colors/test_parsing.py::test_named_color[RED-expected1] [32mPASSED[0m[32m     [ 72%][0m
2025-02-24T05:28:17.1765539Z tests/colors/test_parsing.py::test_named_color[red-expected2] [32mPASSED[0m[32m     [ 72%][0m
2025-02-24T05:28:17.1781502Z tests/colors/test_parsing.py::test_named_color[rEd-expected3] [32mPASSED[0m[32m     [ 72%][0m
2025-02-24T05:28:17.1797039Z tests/colors/test_parsing.py::test_named_color[CornflowerBlue-expected4] [32mPASSED[0m[32m [ 72%][0m
2025-02-24T05:28:17.1813070Z tests/colors/test_parsing.py::test_named_color[cornflowerblue-expected5] [32mPASSED[0m[32m [ 73%][0m
2025-02-24T05:28:17.1828911Z tests/colors/test_parsing.py::test_named_color[CORNFLOWERBLUE-expected6] [32mPASSED[0m[32m [ 73%][0m
2025-02-24T05:28:17.1844884Z tests/colors/test_parsing.py::test_named_color[Cornflowerblue-expected7] [32mPASSED[0m[32m [ 73%][0m
2025-02-24T05:28:17.1860855Z tests/colors/test_parsing.py::test_named_color[CoRnFlOwErBlUe-expected8] [32mPASSED[0m[32m [ 73%][0m
2025-02-24T05:28:17.1874539Z tests/colors/test_parsing.py::test_named_color_invalid [32mPASSED[0m[32m            [ 73%][0m
2025-02-24T05:28:17.1889494Z tests/colors/test_parsing.py::test_hash_mark_invalid[1] [32mPASSED[0m[32m           [ 73%][0m
2025-02-24T05:28:17.1904368Z tests/colors/test_parsing.py::test_hash_mark_invalid[2] [32mPASSED[0m[32m           [ 73%][0m
2025-02-24T05:28:17.1919177Z tests/colors/test_parsing.py::test_hash_mark_invalid[5] [32mPASSED[0m[32m           [ 74%][0m
2025-02-24T05:28:17.1933994Z tests/colors/test_parsing.py::test_hash_mark_invalid[7] [32mPASSED[0m[32m           [ 74%][0m
2025-02-24T05:28:17.1948588Z tests/colors/test_parsing.py::test_hash_mark_invalid[9] [32mPASSED[0m[32m           [ 74%][0m
2025-02-24T05:28:17.1966367Z tests/colors/test_parsing.py::test_hash_mark_invalid[10] [32mPASSED[0m[32m          [ 74%][0m
2025-02-24T05:28:17.2018002Z tests/test_choices.py::test_none[Style] [32mPASSED[0m[32m                           [ 74%][0m
2025-02-24T05:28:17.2039405Z tests/test_choices.py::test_none[DeprecatedStyle] [32mPASSED[0m[32m                 [ 74%][0m
2025-02-24T05:28:17.2086923Z tests/test_choices.py::test_allow_string[Style] [32mPASSED[0m[32m                   [ 75%][0m
2025-02-24T05:28:17.2108709Z tests/test_choices.py::test_allow_string[DeprecatedStyle] [32mPASSED[0m[32m         [ 75%][0m
2025-02-24T05:28:17.2157932Z tests/test_choices.py::test_allow_integer[Style] [32mPASSED[0m[32m                  [ 75%][0m
2025-02-24T05:28:17.2178728Z tests/test_choices.py::test_allow_integer[DeprecatedStyle] [32mPASSED[0m[32m        [ 75%][0m
2025-02-24T05:28:17.2227620Z tests/test_choices.py::test_allow_number[Style] [32mPASSED[0m[32m                   [ 75%][0m
2025-02-24T05:28:17.2247898Z tests/test_choices.py::test_allow_number[DeprecatedStyle] [32mPASSED[0m[32m         [ 75%][0m
2025-02-24T05:28:17.2299963Z tests/test_choices.py::test_allow_color[Style] [32mPASSED[0m[32m                    [ 75%][0m
2025-02-24T05:28:17.2323275Z tests/test_choices.py::test_allow_color[DeprecatedStyle] [32mPASSED[0m[32m          [ 76%][0m
2025-02-24T05:28:17.2370386Z tests/test_choices.py::test_values[Style] [32mPASSED[0m[32m                         [ 76%][0m
2025-02-24T05:28:17.2390567Z tests/test_choices.py::test_values[DeprecatedStyle] [32mPASSED[0m[32m               [ 76%][0m
2025-02-24T05:28:17.2451252Z tests/test_choices.py::test_multiple_choices[Style] [32mPASSED[0m[32m               [ 76%][0m
2025-02-24T05:28:17.2475657Z tests/test_choices.py::test_multiple_choices[DeprecatedStyle] [32mPASSED[0m[32m     [ 76%][0m
2025-02-24T05:28:17.2492758Z tests/test_choices.py::test_string_symbol[Style] [32mPASSED[0m[32m                  [ 76%][0m
2025-02-24T05:28:17.2512402Z tests/test_choices.py::test_string_symbol[DeprecatedStyle] [32mPASSED[0m[32m        [ 77%][0m
2025-02-24T05:28:17.2527109Z tests/test_fonts.py::test_equality[font0] [32mPASSED[0m[32m                         [ 77%][0m
2025-02-24T05:28:17.2542052Z tests/test_fonts.py::test_equality[font1] [32mPASSED[0m[32m                         [ 77%][0m
2025-02-24T05:28:17.2556610Z tests/test_fonts.py::test_equality[font2] [32mPASSED[0m[32m                         [ 77%][0m
2025-02-24T05:28:17.2572009Z tests/test_fonts.py::test_inqequality[font0] [32mPASSED[0m[32m                      [ 77%][0m
2025-02-24T05:28:17.2586497Z tests/test_fonts.py::test_inqequality[font1] [32mPASSED[0m[32m                      [ 77%][0m
2025-02-24T05:28:17.2601396Z tests/test_fonts.py::test_inqequality[font2] [32mPASSED[0m[32m                      [ 77%][0m
2025-02-24T05:28:17.2615929Z tests/test_fonts.py::test_inqequality[a string] [32mPASSED[0m[32m                   [ 78%][0m
2025-02-24T05:28:17.2630747Z tests/test_fonts.py::test_inqequality[5] [32mPASSED[0m[32m                          [ 78%][0m
2025-02-24T05:28:17.2644384Z tests/test_fonts.py::test_hash [32mPASSED[0m[32m                                    [ 78%][0m
2025-02-24T05:28:17.2660892Z tests/test_fonts.py::test_repr[12-kwargs0-12pt] [32mPASSED[0m[32m                   [ 78%][0m
2025-02-24T05:28:17.2677241Z tests/test_fonts.py::test_repr[12-kwargs1-italic 12pt] [32mPASSED[0m[32m            [ 78%][0m
2025-02-24T05:28:17.2693544Z tests/test_fonts.py::test_repr[12-kwargs2-italic small-caps 12pt] [32mPASSED[0m[32m [ 78%][0m
2025-02-24T05:28:17.2709976Z tests/test_fonts.py::test_repr[12-kwargs3-italic small-caps bold 12pt] [32mPASSED[0m[32m [ 79%][0m
2025-02-24T05:28:17.2725955Z tests/test_fonts.py::test_repr[12-kwargs4-small-caps bold 12pt] [32mPASSED[0m[32m   [ 79%][0m
2025-02-24T05:28:17.2741656Z tests/test_fonts.py::test_repr[12-kwargs5-bold 12pt] [32mPASSED[0m[32m              [ 79%][0m
2025-02-24T05:28:17.2757546Z tests/test_fonts.py::test_repr[12-kwargs6-italic bold 12pt] [32mPASSED[0m[32m       [ 79%][0m
2025-02-24T05:28:17.2773757Z tests/test_fonts.py::test_repr[-1-kwargs7-system default size] [32mPASSED[0m[32m    [ 79%][0m
2025-02-24T05:28:17.2789771Z tests/test_fonts.py::test_repr[-1-kwargs8-italic system default size] [32mPASSED[0m[32m [ 79%][0m
2025-02-24T05:28:17.2804121Z tests/test_fonts.py::test_simple_construction[12_0] [32mPASSED[0m[32m               [ 80%][0m
2025-02-24T05:28:17.2818389Z tests/test_fonts.py::test_simple_construction[12_1] [32mPASSED[0m[32m               [ 80%][0m
2025-02-24T05:28:17.2832821Z tests/test_fonts.py::test_simple_construction[12pt] [32mPASSED[0m[32m               [ 80%][0m
2025-02-24T05:28:17.2846913Z tests/test_fonts.py::test_simple_construction[12 pt] [32mPASSED[0m[32m              [ 80%][0m
2025-02-24T05:28:17.2861629Z tests/test_fonts.py::test_invalid_construction [32mPASSED[0m[32m                    [ 80%][0m
2025-02-24T05:28:17.2876381Z tests/test_fonts.py::test_family[Comics Sans] [32mPASSED[0m[32m                     [ 80%][0m
2025-02-24T05:28:17.2891286Z tests/test_fonts.py::test_family[Wingdings] [32mPASSED[0m[32m                       [ 80%][0m
2025-02-24T05:28:17.2905733Z tests/test_fonts.py::test_family['Comic Sans'] [32mPASSED[0m[32m                    [ 81%][0m
2025-02-24T05:28:17.2919957Z tests/test_fonts.py::test_family["Comic Sans"] [32mPASSED[0m[32m                    [ 81%][0m
2025-02-24T05:28:17.2935177Z tests/test_fonts.py::test_style[italic-italic0] [32mPASSED[0m[32m                   [ 81%][0m
2025-02-24T05:28:17.2950320Z tests/test_fonts.py::test_style[italic-italic1] [32mPASSED[0m[32m                   [ 81%][0m
2025-02-24T05:28:17.2965136Z tests/test_fonts.py::test_style[oblique-oblique0] [32mPASSED[0m[32m                 [ 81%][0m
2025-02-24T05:28:17.2980638Z tests/test_fonts.py::test_style[oblique-oblique1] [32mPASSED[0m[32m                 [ 81%][0m
2025-02-24T05:28:17.2995432Z tests/test_fonts.py::test_style[something else-normal] [32mPASSED[0m[32m            [ 82%][0m
2025-02-24T05:28:17.3009877Z tests/test_fonts.py::test_make_normal_style[kwargs0] [32mPASSED[0m[32m              [ 82%][0m
2025-02-24T05:28:17.3024638Z tests/test_fonts.py::test_make_normal_style[kwargs1] [32mPASSED[0m[32m              [ 82%][0m
2025-02-24T05:28:17.3040146Z tests/test_fonts.py::test_make_slanted[italic-italic] [32mPASSED[0m[32m             [ 82%][0m
2025-02-24T05:28:17.3055498Z tests/test_fonts.py::test_make_slanted[oblique-oblique] [32mPASSED[0m[32m           [ 82%][0m
2025-02-24T05:28:17.3071197Z tests/test_fonts.py::test_variant[small-caps-small-caps0] [32mPASSED[0m[32m         [ 82%][0m
2025-02-24T05:28:17.3086169Z tests/test_fonts.py::test_variant[small-caps-small-caps1] [32mPASSED[0m[32m         [ 82%][0m
2025-02-24T05:28:17.3101564Z tests/test_fonts.py::test_variant[something else-normal] [32mPASSED[0m[32m          [ 83%][0m
2025-02-24T05:28:17.3115978Z tests/test_fonts.py::test_make_normal_variant[kwargs0] [32mPASSED[0m[32m            [ 83%][0m
2025-02-24T05:28:17.3130799Z tests/test_fonts.py::test_make_normal_variant[kwargs1] [32mPASSED[0m[32m            [ 83%][0m
2025-02-24T05:28:17.3144018Z tests/test_fonts.py::test_make_small_caps [32mPASSED[0m[32m                         [ 83%][0m
2025-02-24T05:28:17.3159635Z tests/test_fonts.py::test_weight[bold-bold0] [32mPASSED[0m[32m                      [ 83%][0m
2025-02-24T05:28:17.3174810Z tests/test_fonts.py::test_weight[bold-bold1] [32mPASSED[0m[32m                      [ 83%][0m
2025-02-24T05:28:17.3190256Z tests/test_fonts.py::test_weight[something else-normal] [32mPASSED[0m[32m           [ 84%][0m
2025-02-24T05:28:17.3204565Z tests/test_fonts.py::test_make_normal_weight[kwargs0] [32mPASSED[0m[32m             [ 84%][0m
2025-02-24T05:28:17.3219931Z tests/test_fonts.py::test_make_normal_weight[kwargs1] [32mPASSED[0m[32m             [ 84%][0m
2025-02-24T05:28:17.3235667Z tests/test_fonts.py::test_make_bold [32mPASSED[0m[32m                               [ 84%][0m
2025-02-24T05:28:17.3249310Z tests/test_layout.py::test_viewport_default [32mPASSED[0m[32m                       [ 84%][0m
2025-02-24T05:28:17.3262806Z tests/test_layout.py::test_viewport_constructor [32mPASSED[0m[32m                   [ 84%][0m
2025-02-24T05:28:17.3280080Z tests/test_layout.py::test_repr [32mPASSED[0m[32m                                   [ 84%][0m
2025-02-24T05:28:17.3296469Z tests/test_layout.py::test_initial [32mPASSED[0m[32m                                [ 85%][0m
2025-02-24T05:28:17.3317792Z tests/test_layout.py::test_set_content_dimension[content_top-5-expected10-7-expected20] [32mPASSED[0m[32m [ 85%][0m
2025-02-24T05:28:17.3338908Z tests/test_layout.py::test_set_content_dimension[content_left-5-expected11-7-expected21] [32mPASSED[0m[32m [ 85%][0m
2025-02-24T05:28:17.3359055Z tests/test_layout.py::test_set_content_dimension[min_content_width-8-expected12-9-expected22] [32mPASSED[0m[32m [ 85%][0m
2025-02-24T05:28:17.3379512Z tests/test_layout.py::test_set_content_dimension[content_width-5-expected13-7-expected23] [32mPASSED[0m[32m [ 85%][0m
2025-02-24T05:28:17.3399887Z tests/test_layout.py::test_set_content_dimension[min_content_height-7-expected14-8-expected24] [32mPASSED[0m[32m [ 85%][0m
2025-02-24T05:28:17.3421031Z tests/test_layout.py::test_set_content_dimension[content_height-10-expected15-12-expected25] [32mPASSED[0m[32m [ 86%][0m
2025-02-24T05:28:17.3438942Z tests/test_layout.py::test_descendent_offsets [32mPASSED[0m[32m                     [ 86%][0m
2025-02-24T05:28:17.3457750Z tests/test_layout.py::test_absolute_equalities [32mPASSED[0m[32m                    [ 86%][0m
2025-02-24T05:28:17.3473872Z tests/test_node.py::test_create_leaf [32mPASSED[0m[32m                              [ 86%][0m
2025-02-24T05:28:17.3493037Z tests/test_node.py::test_create_node [32mPASSED[0m[32m                              [ 86%][0m
2025-02-24T05:28:17.3514920Z tests/test_node.py::test_refresh[Style] [32mPASSED[0m[32m                           [ 86%][0m
2025-02-24T05:28:17.3536258Z tests/test_node.py::test_refresh[OldStyle] [32mPASSED[0m[32m                        [ 86%][0m
2025-02-24T05:28:17.3551310Z tests/test_node.py::test_refresh_no_op [32mPASSED[0m[32m                            [ 87%][0m
2025-02-24T05:28:17.3576756Z tests/test_node.py::test_type_error_in_layout[TypeErrorStyle] [32mPASSED[0m[32m     [ 87%][0m
2025-02-24T05:28:17.3595041Z tests/test_node.py::test_type_error_in_layout[OldTypeErrorStyle] [32mPASSED[0m[32m  [ 87%][0m
2025-02-24T05:28:17.3610641Z tests/test_node.py::test_add [32mPASSED[0m[32m                                      [ 87%][0m
2025-02-24T05:28:17.3628064Z tests/test_node.py::test_insert [32mPASSED[0m[32m                                   [ 87%][0m
2025-02-24T05:28:17.3652030Z tests/test_node.py::test_insert_leaf [32mPASSED[0m[32m                              [ 87%][0m
2025-02-24T05:28:17.3668862Z tests/test_node.py::test_remove [32mPASSED[0m[32m                                   [ 88%][0m
2025-02-24T05:28:17.3693762Z tests/test_node.py::test_remove_leaf [32mPASSED[0m[32m                              [ 88%][0m
2025-02-24T05:28:17.3711339Z tests/test_node.py::test_clear [32mPASSED[0m[32m                                    [ 88%][0m
2025-02-24T05:28:17.3726038Z tests/test_node.py::test_clear_leaf [32mPASSED[0m[32m                               [ 88%][0m
2025-02-24T05:28:17.3743155Z tests/test_node.py::test_create_with_no_applicator [32mPASSED[0m[32m                [ 88%][0m
2025-02-24T05:28:17.3760922Z tests/test_node.py::test_create_with_applicator [32mPASSED[0m[32m                   [ 88%][0m
2025-02-24T05:28:17.3777207Z tests/test_node.py::test_assign_applicator[node0] [32mPASSED[0m[32m                 [ 88%][0m
2025-02-24T05:28:17.3793895Z tests/test_node.py::test_assign_applicator[node1] [32mPASSED[0m[32m                 [ 89%][0m
2025-02-24T05:28:17.3808714Z tests/test_node.py::test_assign_applicator_none[node0] [32mPASSED[0m[32m            [ 89%][0m
2025-02-24T05:28:17.3823966Z tests/test_node.py::test_assign_applicator_none[node1] [32mPASSED[0m[32m            [ 89%][0m
2025-02-24T05:28:17.3845587Z tests/test_node.py::test_assign_style_with_applicator [32mPASSED[0m[32m             [ 89%][0m
2025-02-24T05:28:17.3864826Z tests/test_node.py::test_assign_style_with_no_applicator [32mPASSED[0m[32m          [ 89%][0m
2025-02-24T05:28:17.3882116Z tests/test_node.py::test_apply_before_node_is_ready [32mPASSED[0m[32m               [ 89%][0m
2025-02-24T05:28:17.3899521Z tests/test_node.py::test_applicator_has_node_reference [32mPASSED[0m[32m            [ 90%][0m
2025-02-24T05:28:17.3913116Z tests/test_size.py::test_at_least_repr [32mPASSED[0m[32m                            [ 90%][0m
2025-02-24T05:28:17.3926791Z tests/test_size.py::test_at_least_eq [32mPASSED[0m[32m                              [ 90%][0m
2025-02-24T05:28:17.3944443Z tests/test_size.py::test_size_repr [32mPASSED[0m[32m                                [ 90%][0m
2025-02-24T05:28:17.3959433Z tests/test_style.py::test_invalid_style [32mPASSED[0m[32m                           [ 90%][0m
2025-02-24T05:28:17.3995646Z tests/test_style.py::test_positional_argument[Style] [32mPASSED[0m[32m              [ 90%][0m
2025-02-24T05:28:17.4011488Z tests/test_style.py::test_positional_argument[DeprecatedStyle] [32mPASSED[0m[32m    [ 91%][0m
2025-02-24T05:28:17.4030730Z tests/test_style.py::test_create_and_copy[Style] [32mPASSED[0m[32m                  [ 91%][0m
2025-02-24T05:28:17.4049444Z tests/test_style.py::test_create_and_copy[DeprecatedStyle] [32mPASSED[0m[32m        [ 91%][0m
2025-02-24T05:28:17.4065209Z tests/test_style.py::test_deprecated_copy [32mPASSED[0m[32m                         [ 91%][0m
2025-02-24T05:28:17.4082772Z tests/test_style.py::test_apply[Style] [32mPASSED[0m[32m                            [ 91%][0m
2025-02-24T05:28:17.4100143Z tests/test_style.py::test_apply[DeprecatedStyle] [32mPASSED[0m[32m                  [ 91%][0m
2025-02-24T05:28:17.4118740Z tests/test_style.py::test_property_with_explicit_const[Style] [32mPASSED[0m[32m     [ 91%][0m
2025-02-24T05:28:17.4136979Z tests/test_style.py::test_property_with_explicit_const[DeprecatedStyle] [32mPASSED[0m[32m [ 92%][0m
2025-02-24T05:28:17.4156783Z tests/test_style.py::test_property_with_explicit_value[Style] [32mPASSED[0m[32m     [ 92%][0m
2025-02-24T05:28:17.4174664Z tests/test_style.py::test_property_with_explicit_value[DeprecatedStyle] [32mPASSED[0m[32m [ 92%][0m
2025-02-24T05:28:17.4192820Z tests/test_style.py::test_property_with_explicit_none[Style] [32mPASSED[0m[32m      [ 92%][0m
2025-02-24T05:28:17.4210700Z tests/test_style.py::test_property_with_explicit_none[DeprecatedStyle] [32mPASSED[0m[32m [ 92%][0m
2025-02-24T05:28:17.4228268Z tests/test_style.py::test_property_with_implicit_default[Style] [32mPASSED[0m[32m   [ 92%][0m
2025-02-24T05:28:17.4246198Z tests/test_style.py::test_property_with_implicit_default[DeprecatedStyle] [32mPASSED[0m[32m [ 93%][0m
2025-02-24T05:28:17.4261560Z tests/test_style.py::test_set_initial_no_apply[Style] [32mPASSED[0m[32m             [ 93%][0m
2025-02-24T05:28:17.4276543Z tests/test_style.py::test_set_initial_no_apply[DeprecatedStyle] [32mPASSED[0m[32m   [ 93%][0m
2025-02-24T05:28:17.4316092Z tests/test_style.py::test_directional_property[Style] [32mPASSED[0m[32m             [ 93%][0m
2025-02-24T05:28:17.4354024Z tests/test_style.py::test_directional_property[DeprecatedStyle] [32mPASSED[0m[32m   [ 93%][0m
2025-02-24T05:28:17.4371636Z tests/test_style.py::test_list_property[value0-expected0] [32mPASSED[0m[32m         [ 93%][0m
2025-02-24T05:28:17.4388822Z tests/test_style.py::test_list_property[value1-expected1] [32mPASSED[0m[32m         [ 93%][0m
2025-02-24T05:28:17.4406044Z tests/test_style.py::test_list_property[value2-expected2] [32mPASSED[0m[32m         [ 94%][0m
2025-02-24T05:28:17.4423015Z tests/test_style.py::test_list_property[value3-expected3] [32mPASSED[0m[32m         [ 94%][0m
2025-02-24T05:28:17.4440097Z tests/test_style.py::test_list_property[value4-expected4] [32mPASSED[0m[32m         [ 94%][0m
2025-02-24T05:28:17.4457330Z tests/test_style.py::test_list_property[value5-expected5] [32mPASSED[0m[32m         [ 94%][0m
2025-02-24T05:28:17.4474978Z tests/test_style.py::test_list_property[value6-expected6] [32mPASSED[0m[32m         [ 94%][0m
2025-02-24T05:28:17.4512666Z tests/test_style.py::test_list_property_invalid[5-TypeError-Value for list property list_prop must be a sequence\\.] [32mPASSED[0m[32m [ 94%][0m
2025-02-24T05:28:17.4551641Z tests/test_style.py::test_list_property_invalid[<genexpr>-TypeError-Value for list property list_prop must be a sequence.] [32mPASSED[0m[32m [ 95%][0m
2025-02-24T05:28:17.4610140Z tests/test_style.py::test_list_property_invalid[value2-ValueError-Invalid item value 'bogus' for list property list_prop; Valid values are: none, value1, value2, value3, <integer>] [32mPASSED[0m[32m [ 95%][0m
2025-02-24T05:28:17.4663512Z tests/test_style.py::test_list_property_invalid[value3-ValueError-List properties cannot be set to an empty sequence; to reset a property, use del `style.list_prop`\\.] [32mPASSED[0m[32m [ 95%][0m
2025-02-24T05:28:17.4681369Z tests/test_style.py::test_list_property_invalid[value4-ValueError-List properties cannot be set to an empty sequence; to reset a property, use del `style.list_prop`\\.] [32mPASSED[0m[32m [ 95%][0m
2025-02-24T05:28:17.4732421Z tests/test_style.py::test_list_property_immutable [32mPASSED[0m[32m                 [ 95%][0m
2025-02-24T05:28:17.4748651Z tests/test_style.py::test_list_property_list_like [32mPASSED[0m[32m                 [ 95%][0m
2025-02-24T05:28:17.4767949Z tests/test_style.py::test_set_multiple_properties[Style] [32mPASSED[0m[32m          [ 95%][0m
2025-02-24T05:28:17.4788917Z tests/test_style.py::test_set_multiple_properties[DeprecatedStyle] [32mPASSED[0m[32m [ 96%][0m
2025-02-24T05:28:17.4808404Z tests/test_style.py::test_str[Style] [32mPASSED[0m[32m                              [ 96%][0m
2025-02-24T05:28:17.4826937Z tests/test_style.py::test_str[DeprecatedStyle] [32mPASSED[0m[32m                    [ 96%][0m
2025-02-24T05:28:17.4853534Z tests/test_style.py::test_dict[Style] [32mPASSED[0m[32m                             [ 96%][0m
2025-02-24T05:28:17.4878852Z tests/test_style.py::test_dict[DeprecatedStyle] [32mPASSED[0m[32m                   [ 96%][0m
2025-02-24T05:28:17.4902829Z tests/test_style.py::test_set_to_initial[Style] [32mPASSED[0m[32m                   [ 96%][0m
2025-02-24T05:28:17.4924631Z tests/test_style.py::test_set_to_initial[DeprecatedStyle] [32mPASSED[0m[32m         [ 97%][0m
2025-02-24T05:28:17.4948909Z tests/test_style.py::test_union_operators[True-Style] [32mPASSED[0m[32m             [ 97%][0m
2025-02-24T05:28:17.4972914Z tests/test_style.py::test_union_operators[True-DeprecatedStyle] [32mPASSED[0m[32m   [ 97%][0m
2025-02-24T05:28:17.4994444Z tests/test_style.py::test_union_operators[False-Style] [32mPASSED[0m[32m            [ 97%][0m
2025-02-24T05:28:17.5015558Z tests/test_style.py::test_union_operators[False-DeprecatedStyle] [32mPASSED[0m[32m  [ 97%][0m
2025-02-24T05:28:17.5042645Z tests/test_style.py::test_union_operators_invalid_type[Style-StyleSubclass] [32mPASSED[0m[32m [ 97%][0m
2025-02-24T05:28:17.5059463Z tests/test_style.py::test_union_operators_invalid_type[Style-Sibling] [32mPASSED[0m[32m [ 97%][0m
2025-02-24T05:28:17.5076165Z tests/test_style.py::test_union_operators_invalid_type[Style-int] [32mPASSED[0m[32m [ 98%][0m
2025-02-24T05:28:17.5093088Z tests/test_style.py::test_union_operators_invalid_type[Style-list] [32mPASSED[0m[32m [ 98%][0m
2025-02-24T05:28:17.5111079Z tests/test_style.py::test_union_operators_invalid_type[DeprecatedStyle-DeprecatedStyleSubclass] [32mPASSED[0m[32m [ 98%][0m
2025-02-24T05:28:17.5128619Z tests/test_style.py::test_union_operators_invalid_type[DeprecatedStyle-Sibling] [32mPASSED[0m[32m [ 98%][0m
2025-02-24T05:28:17.5145002Z tests/test_style.py::test_union_operators_invalid_type[DeprecatedStyle-int] [32mPASSED[0m[32m [ 98%][0m
2025-02-24T05:28:17.5163352Z tests/test_style.py::test_union_operators_invalid_type[DeprecatedStyle-list] [32mPASSED[0m[32m [ 98%][0m
2025-02-24T05:28:17.5182860Z tests/test_style.py::test_union_operators_invalid_key_value[right0-ValueError-Style] [32mPASSED[0m[32m [ 99%][0m
2025-02-24T05:28:17.5201846Z tests/test_style.py::test_union_operators_invalid_key_value[right0-ValueError-DeprecatedStyle] [32mPASSED[0m[32m [ 99%][0m
2025-02-24T05:28:17.5220063Z tests/test_style.py::test_union_operators_invalid_key_value[right1-NameError-Style] [32mPASSED[0m[32m [ 99%][0m
2025-02-24T05:28:17.5238290Z tests/test_style.py::test_union_operators_invalid_key_value[right1-NameError-DeprecatedStyle] [32mPASSED[0m[32m [ 99%][0m
2025-02-24T05:28:17.5253655Z tests/test_style.py::test_deprecated_class_methods [32mPASSED[0m[32m                [ 99%][0m
2025-02-24T05:28:17.5269362Z tests/test_style.py::test_deprecated_reapply [32mPASSED[0m[32m                      [ 99%][0m
2025-02-24T05:28:17.5321626Z tests/test_style.py::test_deprecated_import [32mPASSED[0m[32m                       [100%][0m
2025-02-24T05:28:17.5322159Z 
2025-02-24T05:28:17.5322496Z [32m============================= [32m[1m645 passed[0m[32m in 2.03s[0m[32m ==============================[0m
2025-02-24T05:28:17.5884892Z   py-cov-trav: OK (8.35=setup[0.78]+cmd[4.99,2.58] seconds)
2025-02-24T05:28:17.5885486Z   congratulations :) (8.49 seconds)
2025-02-24T05:28:18.6000346Z Python 3.12.9
2025-02-24T05:28:19.1860828Z Looking in links: ../dist
2025-02-24T05:28:19.1916491Z Processing /home/runner/work/toga/toga/dist/toga_core-0.4.9.dev608+g01152b56b-py3-none-any.whl (from toga-core==0.4.9.dev608+g01152b56b)
2025-02-24T05:28:19.1997809Z Processing /home/runner/work/toga/toga/dist/toga_dummy-0.4.9.dev608+g01152b56b-py3-none-any.whl
2025-02-24T05:28:19.2596954Z Processing /home/runner/work/toga/toga/dist/travertino-0.4.9.dev608+g01152b56b-py3-none-any.whl (from toga-core==0.4.9.dev608+g01152b56b->toga-core==0.4.9.dev608+g01152b56b)
2025-02-24T05:28:19.4707796Z Collecting coverage==7.6.12 (from coverage[toml]==7.6.12; extra == "dev"->toga-core==0.4.9.dev608+g01152b56b->toga-core==0.4.9.dev608+g01152b56b)
2025-02-24T05:28:19.4721249Z   Using cached coverage-7.6.12-cp312-cp312-manylinux_2_5_x86_64.manylinux1_x86_64.manylinux_2_17_x86_64.manylinux2014_x86_64.whl.metadata (8.5 kB)
2025-02-24T05:28:19.4871633Z Collecting coverage-conditional-plugin==0.9.0 (from toga-core==0.4.9.dev608+g01152b56b->toga-core==0.4.9.dev608+g01152b56b)
2025-02-24T05:28:19.4882626Z   Using cached coverage_conditional_plugin-0.9.0-py3-none-any.whl.metadata (6.9 kB)
2025-02-24T05:28:19.6014136Z Collecting Pillow==11.1.0 (from toga-core==0.4.9.dev608+g01152b56b->toga-core==0.4.9.dev608+g01152b56b)
2025-02-24T05:28:19.6026482Z   Using cached pillow-11.1.0-cp312-cp312-manylinux_2_28_x86_64.whl.metadata (9.1 kB)
2025-02-24T05:28:19.6410656Z Collecting pre-commit==4.1.0 (from toga-core==0.4.9.dev608+g01152b56b->toga-core==0.4.9.dev608+g01152b56b)
2025-02-24T05:28:19.6421354Z   Using cached pre_commit-4.1.0-py2.py3-none-any.whl.metadata (1.3 kB)
2025-02-24T05:28:19.6740333Z Collecting pytest==8.3.4 (from toga-core==0.4.9.dev608+g01152b56b->toga-core==0.4.9.dev608+g01152b56b)
2025-02-24T05:28:19.6751320Z   Using cached pytest-8.3.4-py3-none-any.whl.metadata (7.5 kB)
2025-02-24T05:28:19.6957783Z Collecting pytest-asyncio==0.25.3 (from toga-core==0.4.9.dev608+g01152b56b->toga-core==0.4.9.dev608+g01152b56b)
2025-02-24T05:28:19.6968312Z   Using cached pytest_asyncio-0.25.3-py3-none-any.whl.metadata (3.9 kB)
2025-02-24T05:28:19.7107153Z Collecting pytest-freezer==0.4.9 (from toga-core==0.4.9.dev608+g01152b56b->toga-core==0.4.9.dev608+g01152b56b)
2025-02-24T05:28:19.7118401Z   Using cached pytest_freezer-0.4.9-py3-none-any.whl.metadata (2.1 kB)
2025-02-24T05:28:19.7379613Z Collecting setuptools-scm==8.1.0 (from toga-core==0.4.9.dev608+g01152b56b->toga-core==0.4.9.dev608+g01152b56b)
2025-02-24T05:28:19.7390692Z   Using cached setuptools_scm-8.1.0-py3-none-any.whl.metadata (6.6 kB)
2025-02-24T05:28:19.7788206Z Collecting tox==4.24.1 (from toga-core==0.4.9.dev608+g01152b56b->toga-core==0.4.9.dev608+g01152b56b)
2025-02-24T05:28:19.7798259Z   Using cached tox-4.24.1-py3-none-any.whl.metadata (3.7 kB)
2025-02-24T05:28:19.8060416Z Collecting packaging>=20.4 (from coverage-conditional-plugin==0.9.0->toga-core==0.4.9.dev608+g01152b56b->toga-core==0.4.9.dev608+g01152b56b)
2025-02-24T05:28:19.8070332Z   Using cached packaging-24.2-py3-none-any.whl.metadata (3.2 kB)
2025-02-24T05:28:19.8226383Z Collecting cfgv>=2.0.0 (from pre-commit==4.1.0->toga-core==0.4.9.dev608+g01152b56b->toga-core==0.4.9.dev608+g01152b56b)
2025-02-24T05:28:19.8237492Z   Using cached cfgv-3.4.0-py2.py3-none-any.whl.metadata (8.5 kB)
2025-02-24T05:28:19.8615558Z Collecting identify>=1.0.0 (from pre-commit==4.1.0->toga-core==0.4.9.dev608+g01152b56b->toga-core==0.4.9.dev608+g01152b56b)
2025-02-24T05:28:19.8625158Z   Using cached identify-2.6.8-py2.py3-none-any.whl.metadata (4.4 kB)
2025-02-24T05:28:19.8815353Z Collecting nodeenv>=0.11.1 (from pre-commit==4.1.0->toga-core==0.4.9.dev608+g01152b56b->toga-core==0.4.9.dev608+g01152b56b)
2025-02-24T05:28:19.8825108Z   Using cached nodeenv-1.9.1-py2.py3-none-any.whl.metadata (21 kB)
2025-02-24T05:28:19.9126255Z Collecting pyyaml>=5.1 (from pre-commit==4.1.0->toga-core==0.4.9.dev608+g01152b56b->toga-core==0.4.9.dev608+g01152b56b)
2025-02-24T05:28:19.9136917Z   Using cached PyYAML-6.0.2-cp312-cp312-manylinux_2_17_x86_64.manylinux2014_x86_64.whl.metadata (2.1 kB)
2025-02-24T05:28:19.9526004Z Collecting virtualenv>=20.10.0 (from pre-commit==4.1.0->toga-core==0.4.9.dev608+g01152b56b->toga-core==0.4.9.dev608+g01152b56b)
2025-02-24T05:28:19.9535966Z   Using cached virtualenv-20.29.2-py3-none-any.whl.metadata (4.5 kB)
2025-02-24T05:28:19.9689611Z Collecting iniconfig (from pytest==8.3.4->toga-core==0.4.9.dev608+g01152b56b->toga-core==0.4.9.dev608+g01152b56b)
2025-02-24T05:28:19.9704161Z   Using cached iniconfig-2.0.0-py3-none-any.whl.metadata (2.6 kB)
2025-02-24T05:28:19.9838221Z Collecting pluggy<2,>=1.5 (from pytest==8.3.4->toga-core==0.4.9.dev608+g01152b56b->toga-core==0.4.9.dev608+g01152b56b)
2025-02-24T05:28:19.9848845Z   Using cached pluggy-1.5.0-py3-none-any.whl.metadata (4.8 kB)
2025-02-24T05:28:20.0201503Z Collecting freezegun>=1.1 (from pytest-freezer==0.4.9->toga-core==0.4.9.dev608+g01152b56b->toga-core==0.4.9.dev608+g01152b56b)
2025-02-24T05:28:20.0211604Z   Using cached freezegun-1.5.1-py3-none-any.whl.metadata (11 kB)
2025-02-24T05:28:20.1209853Z Collecting setuptools (from setuptools-scm==8.1.0->toga-core==0.4.9.dev608+g01152b56b->toga-core==0.4.9.dev608+g01152b56b)
2025-02-24T05:28:20.1221488Z   Using cached setuptools-75.8.0-py3-none-any.whl.metadata (6.7 kB)
2025-02-24T05:28:20.1497917Z Collecting cachetools>=5.5 (from tox==4.24.1->toga-core==0.4.9.dev608+g01152b56b->toga-core==0.4.9.dev608+g01152b56b)
2025-02-24T05:28:20.1499086Z   Using cached cachetools-5.5.2-py3-none-any.whl.metadata (5.4 kB)
2025-02-24T05:28:20.1625677Z Collecting chardet>=5.2 (from tox==4.24.1->toga-core==0.4.9.dev608+g01152b56b->toga-core==0.4.9.dev608+g01152b56b)
2025-02-24T05:28:20.1635930Z   Using cached chardet-5.2.0-py3-none-any.whl.metadata (3.4 kB)
2025-02-24T05:28:20.1792590Z Collecting colorama>=0.4.6 (from tox==4.24.1->toga-core==0.4.9.dev608+g01152b56b->toga-core==0.4.9.dev608+g01152b56b)
2025-02-24T05:28:20.1802777Z   Using cached colorama-0.4.6-py2.py3-none-any.whl.metadata (17 kB)
2025-02-24T05:28:20.2003457Z Collecting filelock>=3.16.1 (from tox==4.24.1->toga-core==0.4.9.dev608+g01152b56b->toga-core==0.4.9.dev608+g01152b56b)
2025-02-24T05:28:20.2014793Z   Using cached filelock-3.17.0-py3-none-any.whl.metadata (2.9 kB)
2025-02-24T05:28:20.2235961Z Collecting platformdirs>=4.3.6 (from tox==4.24.1->toga-core==0.4.9.dev608+g01152b56b->toga-core==0.4.9.dev608+g01152b56b)
2025-02-24T05:28:20.2245888Z   Using cached platformdirs-4.3.6-py3-none-any.whl.metadata (11 kB)
2025-02-24T05:28:20.2568313Z Collecting pyproject-api>=1.8 (from tox==4.24.1->toga-core==0.4.9.dev608+g01152b56b->toga-core==0.4.9.dev608+g01152b56b)
2025-02-24T05:28:20.2579543Z   Using cached pyproject_api-1.9.0-py3-none-any.whl.metadata (2.7 kB)
2025-02-24T05:28:20.2889184Z Collecting python-dateutil>=2.7 (from freezegun>=1.1->pytest-freezer==0.4.9->toga-core==0.4.9.dev608+g01152b56b->toga-core==0.4.9.dev608+g01152b56b)
2025-02-24T05:28:20.2899417Z   Using cached python_dateutil-2.9.0.post0-py2.py3-none-any.whl.metadata (8.4 kB)
2025-02-24T05:28:20.3145861Z Collecting distlib<1,>=0.3.7 (from virtualenv>=20.10.0->pre-commit==4.1.0->toga-core==0.4.9.dev608+g01152b56b->toga-core==0.4.9.dev608+g01152b56b)
2025-02-24T05:28:20.3155874Z   Using cached distlib-0.3.9-py2.py3-none-any.whl.metadata (5.2 kB)
2025-02-24T05:28:20.3423276Z Collecting six>=1.5 (from python-dateutil>=2.7->freezegun>=1.1->pytest-freezer==0.4.9->toga-core==0.4.9.dev608+g01152b56b->toga-core==0.4.9.dev608+g01152b56b)
2025-02-24T05:28:20.3433086Z   Using cached six-1.17.0-py2.py3-none-any.whl.metadata (1.7 kB)
2025-02-24T05:28:20.3491975Z Using cached coverage-7.6.12-cp312-cp312-manylinux_2_5_x86_64.manylinux1_x86_64.manylinux_2_17_x86_64.manylinux2014_x86_64.whl (242 kB)
2025-02-24T05:28:20.3503778Z Using cached coverage_conditional_plugin-0.9.0-py3-none-any.whl (7.3 kB)
2025-02-24T05:28:20.3513944Z Using cached pillow-11.1.0-cp312-cp312-manylinux_2_28_x86_64.whl (4.5 MB)
2025-02-24T05:28:20.3558968Z Using cached pre_commit-4.1.0-py2.py3-none-any.whl (220 kB)
2025-02-24T05:28:20.3570930Z Using cached pytest-8.3.4-py3-none-any.whl (343 kB)
2025-02-24T05:28:20.3584130Z Using cached pytest_asyncio-0.25.3-py3-none-any.whl (19 kB)
2025-02-24T05:28:20.3594849Z Using cached pytest_freezer-0.4.9-py3-none-any.whl (3.2 kB)
2025-02-24T05:28:20.3605257Z Using cached setuptools_scm-8.1.0-py3-none-any.whl (43 kB)
2025-02-24T05:28:20.3616097Z Using cached tox-4.24.1-py3-none-any.whl (171 kB)
2025-02-24T05:28:20.3627471Z Using cached cachetools-5.5.2-py3-none-any.whl (10 kB)
2025-02-24T05:28:20.3637366Z Using cached cfgv-3.4.0-py2.py3-none-any.whl (7.2 kB)
2025-02-24T05:28:20.3647807Z Using cached chardet-5.2.0-py3-none-any.whl (199 kB)
2025-02-24T05:28:20.3659377Z Using cached colorama-0.4.6-py2.py3-none-any.whl (25 kB)
2025-02-24T05:28:20.3670236Z Using cached filelock-3.17.0-py3-none-any.whl (16 kB)
2025-02-24T05:28:20.3680907Z Using cached freezegun-1.5.1-py3-none-any.whl (17 kB)
2025-02-24T05:28:20.3691039Z Using cached identify-2.6.8-py2.py3-none-any.whl (99 kB)
2025-02-24T05:28:20.3702477Z Using cached nodeenv-1.9.1-py2.py3-none-any.whl (22 kB)
2025-02-24T05:28:20.3712505Z Using cached packaging-24.2-py3-none-any.whl (65 kB)
2025-02-24T05:28:20.3723327Z Using cached platformdirs-4.3.6-py3-none-any.whl (18 kB)
2025-02-24T05:28:20.3733578Z Using cached pluggy-1.5.0-py3-none-any.whl (20 kB)
2025-02-24T05:28:20.3743917Z Using cached pyproject_api-1.9.0-py3-none-any.whl (13 kB)
2025-02-24T05:28:20.3754689Z Using cached PyYAML-6.0.2-cp312-cp312-manylinux_2_17_x86_64.manylinux2014_x86_64.whl (767 kB)
2025-02-24T05:28:20.3770957Z Using cached virtualenv-20.29.2-py3-none-any.whl (4.3 MB)
2025-02-24T05:28:20.3812714Z Using cached iniconfig-2.0.0-py3-none-any.whl (5.9 kB)
2025-02-24T05:28:20.3822955Z Using cached setuptools-75.8.0-py3-none-any.whl (1.2 MB)
2025-02-24T05:28:20.3842149Z Using cached distlib-0.3.9-py2.py3-none-any.whl (468 kB)
2025-02-24T05:28:20.3855749Z Using cached python_dateutil-2.9.0.post0-py2.py3-none-any.whl (229 kB)
2025-02-24T05:28:20.3867241Z Using cached six-1.17.0-py2.py3-none-any.whl (11 kB)
2025-02-24T05:28:20.4651155Z Installing collected packages: distlib, travertino, six, setuptools, pyyaml, pluggy, platformdirs, Pillow, packaging, nodeenv, iniconfig, identify, filelock, coverage, colorama, chardet, cfgv, cachetools, virtualenv, toga-core, setuptools-scm, python-dateutil, pytest, pyproject-api, coverage-conditional-plugin, tox, toga-dummy, pytest-asyncio, pre-commit, freezegun, pytest-freezer
2025-02-24T05:28:23.0130543Z Successfully installed Pillow-11.1.0 cachetools-5.5.2 cfgv-3.4.0 chardet-5.2.0 colorama-0.4.6 coverage-7.6.12 coverage-conditional-plugin-0.9.0 distlib-0.3.9 filelock-3.17.0 freezegun-1.5.1 identify-2.6.8 iniconfig-2.0.0 nodeenv-1.9.1 packaging-24.2 platformdirs-4.3.6 pluggy-1.5.0 pre-commit-4.1.0 pyproject-api-1.9.0 pytest-8.3.4 pytest-asyncio-0.25.3 pytest-freezer-0.4.9 python-dateutil-2.9.0.post0 pyyaml-6.0.2 setuptools-75.8.0 setuptools-scm-8.1.0 six-1.17.0 toga-core-0.4.9.dev608+g01152b56b toga-dummy-0.4.9.dev608+g01152b56b tox-4.24.1 travertino-0.4.9.dev608+g01152b56b virtualenv-20.29.2
2025-02-24T05:28:23.1940844Z Combined data file .coverage.fv-az1337-524.2175.XFwLVTjx
2025-02-24T05:28:23.4450058Z Name    Stmts   Miss Branch BrPart   Cover   Missing
2025-02-24T05:28:23.4450618Z ----------------------------------------------------
2025-02-24T05:28:23.4451050Z TOTAL     874      0    180      0  100.0%
2025-02-24T05:28:23.4451317Z 
2025-02-24T05:28:23.4451467Z 13 files skipped due to complete coverage.
2025-02-24T05:28:23.4753203Z   coverage312-trav: OK (5.55 seconds)
2025-02-24T05:28:23.4753703Z   congratulations :) (5.68 seconds)
2025-02-24T05:28:23.5145396Z ##[group]Run actions/upload-artifact@v4.6.1
2025-02-24T05:28:23.5145697Z with:
2025-02-24T05:28:23.5145933Z   name: travertino-coverage-data-ubuntu-latest-3.12
2025-02-24T05:28:23.5146236Z   path: travertino/.coverage.*
2025-02-24T05:28:23.5146469Z   if-no-files-found: error
2025-02-24T05:28:23.5146688Z   include-hidden-files: true
2025-02-24T05:28:23.5146905Z   compression-level: 6
2025-02-24T05:28:23.5147099Z   overwrite: false
2025-02-24T05:28:23.5147270Z env:
2025-02-24T05:28:23.5147436Z   min_python_version: 3.9
2025-02-24T05:28:23.5147644Z   max_python_version: 3.12
2025-02-24T05:28:23.5147855Z   FORCE_COLOR: 1
2025-02-24T05:28:23.5148098Z   pythonLocation: /opt/hostedtoolcache/Python/3.12.9/x64
2025-02-24T05:28:23.5148906Z   PKG_CONFIG_PATH: /opt/hostedtoolcache/Python/3.12.9/x64/lib/pkgconfig
2025-02-24T05:28:23.5149317Z   Python_ROOT_DIR: /opt/hostedtoolcache/Python/3.12.9/x64
2025-02-24T05:28:23.5149656Z   Python2_ROOT_DIR: /opt/hostedtoolcache/Python/3.12.9/x64
2025-02-24T05:28:23.5150028Z   Python3_ROOT_DIR: /opt/hostedtoolcache/Python/3.12.9/x64
2025-02-24T05:28:23.5150368Z   LD_LIBRARY_PATH: /opt/hostedtoolcache/Python/3.12.9/x64/lib
2025-02-24T05:28:23.5150654Z ##[endgroup]
2025-02-24T05:28:23.7285287Z With the provided path, there will be 1 file uploaded
2025-02-24T05:28:23.7291094Z Artifact name is valid!
2025-02-24T05:28:23.7292512Z Root directory input is valid!
2025-02-24T05:28:23.8108859Z Beginning upload of artifact content to blob storage
2025-02-24T05:28:23.8917091Z Uploaded bytes 30324
2025-02-24T05:28:23.9137182Z Finished uploading artifact content to blob storage!
2025-02-24T05:28:23.9141015Z SHA256 hash of uploaded artifact zip is 6dc848be241cfe5a4d8d5a553d1d2dd1adcfa68f4e7004452254a96b5ddbfc1a
2025-02-24T05:28:23.9142864Z Finalizing artifact upload
2025-02-24T05:28:23.9767885Z Artifact travertino-coverage-data-ubuntu-latest-3.12.zip successfully finalized. Artifact ID 2639030321
2025-02-24T05:28:23.9769866Z Artifact travertino-coverage-data-ubuntu-latest-3.12 has been successfully uploaded! Final size is 30324 bytes. Artifact ID is 2639030321
2025-02-24T05:28:23.9775681Z Artifact download URL: https://github.com/beeware/toga/actions/runs/13491433041/artifacts/2639030321
2025-02-24T05:28:23.9904845Z Post job cleanup.
2025-02-24T05:28:23.9941705Z Post job cleanup.
2025-02-24T05:28:24.0892766Z [command]/usr/bin/git version
2025-02-24T05:28:24.0928946Z git version 2.48.1
2025-02-24T05:28:24.0970416Z Temporarily overriding HOME='/home/runner/work/_temp/aa3e8db5-4c72-4538-92bd-05fc5b94e429' before making global git config changes
2025-02-24T05:28:24.0971566Z Adding repository directory to the temporary git global config as a safe directory
2025-02-24T05:28:24.0982592Z [command]/usr/bin/git config --global --add safe.directory /home/runner/work/toga/toga/.github-beeware
2025-02-24T05:28:24.1016937Z [command]/usr/bin/git config --local --name-only --get-regexp core\.sshCommand
2025-02-24T05:28:24.1049286Z [command]/usr/bin/git submodule foreach --recursive sh -c "git config --local --name-only --get-regexp 'core\.sshCommand' && git config --local --unset-all 'core.sshCommand' || :"
2025-02-24T05:28:24.1285939Z [command]/usr/bin/git config --local --name-only --get-regexp http\.https\:\/\/github\.com\/\.extraheader
2025-02-24T05:28:24.1305917Z http.https://github.com/.extraheader
2025-02-24T05:28:24.1318248Z [command]/usr/bin/git config --local --unset-all http.https://github.com/.extraheader
2025-02-24T05:28:24.1349322Z [command]/usr/bin/git submodule foreach --recursive sh -c "git config --local --name-only --get-regexp 'http\.https\:\/\/github\.com\/\.extraheader' && git config --local --unset-all 'http.https://github.com/.extraheader' || :"
2025-02-24T05:28:24.1679460Z Post job cleanup.
2025-02-24T05:28:24.3346658Z Post job cleanup.
2025-02-24T05:28:24.4286981Z [command]/usr/bin/git version
2025-02-24T05:28:24.4326104Z git version 2.48.1
2025-02-24T05:28:24.4369520Z Temporarily overriding HOME='/home/runner/work/_temp/18a0a04a-a66a-4f88-97db-f409bd7ffc65' before making global git config changes
2025-02-24T05:28:24.4370821Z Adding repository directory to the temporary git global config as a safe directory
2025-02-24T05:28:24.4375967Z [command]/usr/bin/git config --global --add safe.directory /home/runner/work/toga/toga
2025-02-24T05:28:24.4412618Z [command]/usr/bin/git config --local --name-only --get-regexp core\.sshCommand
2025-02-24T05:28:24.4445605Z [command]/usr/bin/git submodule foreach --recursive sh -c "git config --local --name-only --get-regexp 'core\.sshCommand' && git config --local --unset-all 'core.sshCommand' || :"
2025-02-24T05:28:24.4679377Z [command]/usr/bin/git config --local --name-only --get-regexp http\.https\:\/\/github\.com\/\.extraheader
2025-02-24T05:28:24.4700079Z http.https://github.com/.extraheader
2025-02-24T05:28:24.4712782Z [command]/usr/bin/git config --local --unset-all http.https://github.com/.extraheader
2025-02-24T05:28:24.4744704Z [command]/usr/bin/git submodule foreach --recursive sh -c "git config --local --name-only --get-regexp 'http\.https\:\/\/github\.com\/\.extraheader' && git config --local --unset-all 'http.https://github.com/.extraheader' || :"
2025-02-24T05:28:24.5083098Z Cleaning up orphan processes
