2025-02-24T05:28:00.2341300Z Current runner version: '2.322.0'
2025-02-24T05:28:00.2365507Z ##[group]Operating System
2025-02-24T05:28:00.2366294Z Ubuntu
2025-02-24T05:28:00.2366895Z 24.04.1
2025-02-24T05:28:00.2367448Z LTS
2025-02-24T05:28:00.2367939Z ##[endgroup]
2025-02-24T05:28:00.2368597Z ##[group]Runner Image
2025-02-24T05:28:00.2369464Z Image: ubuntu-24.04
2025-02-24T05:28:00.2370032Z Version: 20250209.1.0
2025-02-24T05:28:00.2371179Z Included Software: https://github.com/actions/runner-images/blob/ubuntu24/20250209.1/images/ubuntu/Ubuntu2404-Readme.md
2025-02-24T05:28:00.2372563Z Image Release: https://github.com/actions/runner-images/releases/tag/ubuntu24%2F20250209.1
2025-02-24T05:28:00.2373511Z ##[endgroup]
2025-02-24T05:28:00.2374146Z ##[group]Runner Image Provisioner
2025-02-24T05:28:00.2374775Z 2.0.422.1
2025-02-24T05:28:00.2375326Z ##[endgroup]
2025-02-24T05:28:00.2377517Z ##[group]GITHUB_TOKEN Permissions
2025-02-24T05:28:00.2379709Z Actions: write
2025-02-24T05:28:00.2380682Z Attestations: write
2025-02-24T05:28:00.2381390Z Checks: write
2025-02-24T05:28:00.2381870Z Contents: write
2025-02-24T05:28:00.2382406Z Deployments: write
2025-02-24T05:28:00.2382997Z Discussions: write
2025-02-24T05:28:00.2383559Z Issues: write
2025-02-24T05:28:00.2384087Z Metadata: read
2025-02-24T05:28:00.2384690Z Packages: write
2025-02-24T05:28:00.2385252Z Pages: write
2025-02-24T05:28:00.2385814Z PullRequests: write
2025-02-24T05:28:00.2386474Z RepositoryProjects: write
2025-02-24T05:28:00.2387063Z SecurityEvents: write
2025-02-24T05:28:00.2387644Z Statuses: write
2025-02-24T05:28:00.2388223Z ##[endgroup]
2025-02-24T05:28:00.2391340Z Secret source: Actions
2025-02-24T05:28:00.2392232Z Prepare workflow directory
2025-02-24T05:28:00.2784365Z Prepare all required actions
2025-02-24T05:28:00.2821888Z Getting action download info
2025-02-24T05:28:00.5061421Z ##[group]Download immutable action package 'actions/checkout@v4.2.2'
2025-02-24T05:28:00.5062685Z Version: 4.2.2
2025-02-24T05:28:00.5063796Z Digest: sha256:ccb2698953eaebd21c7bf6268a94f9c26518a7e38e27e0b83c1fe1ad049819b1
2025-02-24T05:28:00.5065046Z Source commit SHA: 11bd71901bbe5b1630ceea73d27597364c9af683
2025-02-24T05:28:00.5065952Z ##[endgroup]
2025-02-24T05:28:00.5964525Z ##[group]Download immutable action package 'actions/setup-python@v5.4.0'
2025-02-24T05:28:00.5965364Z Version: 5.4.0
2025-02-24T05:28:00.5966100Z Digest: sha256:6003df952c8106bcd378d2ba997eef202da924317a57269dfa72449b135adb7f
2025-02-24T05:28:00.5967075Z Source commit SHA: 42375524e23c412d93fb67b49958b491fce71c38
2025-02-24T05:28:00.5967760Z ##[endgroup]
2025-02-24T05:28:00.8481250Z Download action repository 'beeware/.github@main' (SHA:a66b93162808d34adf5280c28104b75f8e0d70d3)
2025-02-24T05:28:01.1177324Z ##[group]Download immutable action package 'actions/download-artifact@v4.1.8'
2025-02-24T05:28:01.1178180Z Version: 4.1.8
2025-02-24T05:28:01.1179088Z Digest: sha256:917365d881f32f077924458e108599cbeed2ddd6092ee5edbe0da4d4b2eba355
2025-02-24T05:28:01.1180048Z Source commit SHA: fa0a91b85d4f404e444e00e005971372dc801d16
2025-02-24T05:28:01.1180709Z ##[endgroup]
2025-02-24T05:28:01.3195448Z ##[group]Download immutable action package 'actions/upload-artifact@v4.6.1'
2025-02-24T05:28:01.3196299Z Version: 4.6.1
2025-02-24T05:28:01.3197011Z Digest: sha256:3f6a28e7a1e0b5c8e2249e28da121a049fa5b91863b04390a46a82e4f8e2da98
2025-02-24T05:28:01.3197947Z Source commit SHA: 4cec3d8aa04e39d1a68397de0c4cd6fb9dce8ec1
2025-02-24T05:28:01.3198627Z ##[endgroup]
2025-02-24T05:28:01.6619218Z Getting action download info
2025-02-24T05:28:01.7850577Z ##[group]Download immutable action package 'actions/checkout@v4.1.6'
2025-02-24T05:28:01.7851370Z Version: 4.1.6
2025-02-24T05:28:01.7852099Z Digest: sha256:e526265eed1c91edf7a595929d1ceb1bb44ffcb89ce44093c9d79ce6e2db4d81
2025-02-24T05:28:01.7853033Z Source commit SHA: a5ac7e51b41094c92402da3b24376905380afc29
2025-02-24T05:28:01.7853705Z ##[endgroup]
2025-02-24T05:28:01.8534419Z Complete job name: Test travertino (ubuntu-latest, 3.13)
2025-02-24T05:28:01.9188257Z ##[group]Run actions/checkout@v4.2.2
2025-02-24T05:28:01.9189685Z with:
2025-02-24T05:28:01.9190141Z   fetch-depth: 0
2025-02-24T05:28:01.9190603Z   repository: beeware/toga
2025-02-24T05:28:01.9191319Z   token: ***
2025-02-24T05:28:01.9191748Z   ssh-strict: true
2025-02-24T05:28:01.9192205Z   ssh-user: git
2025-02-24T05:28:01.9192653Z   persist-credentials: true
2025-02-24T05:28:01.9193157Z   clean: true
2025-02-24T05:28:01.9193613Z   sparse-checkout-cone-mode: true
2025-02-24T05:28:01.9194143Z   fetch-tags: false
2025-02-24T05:28:01.9194594Z   show-progress: true
2025-02-24T05:28:01.9195041Z   lfs: false
2025-02-24T05:28:01.9195462Z   submodules: false
2025-02-24T05:28:01.9195916Z   set-safe-directory: true
2025-02-24T05:28:01.9196607Z env:
2025-02-24T05:28:01.9197024Z   min_python_version: 3.9
2025-02-24T05:28:01.9197511Z   max_python_version: 3.12
2025-02-24T05:28:01.9197986Z   FORCE_COLOR: 1
2025-02-24T05:28:01.9198407Z ##[endgroup]
2025-02-24T05:28:02.1399076Z Syncing repository: beeware/toga
2025-02-24T05:28:02.1401283Z ##[group]Getting Git version info
2025-02-24T05:28:02.1402228Z Working directory is '/home/runner/work/toga/toga'
2025-02-24T05:28:02.1403598Z [command]/usr/bin/git version
2025-02-24T05:28:02.1486940Z git version 2.48.1
2025-02-24T05:28:02.1517135Z ##[endgroup]
2025-02-24T05:28:02.1532902Z Temporarily overriding HOME='/home/runner/work/_temp/88bff7be-1588-46d8-8b30-a53e6bb49860' before making global git config changes
2025-02-24T05:28:02.1535306Z Adding repository directory to the temporary git global config as a safe directory
2025-02-24T05:28:02.1545277Z [command]/usr/bin/git config --global --add safe.directory /home/runner/work/toga/toga
2025-02-24T05:28:02.1582370Z Deleting the contents of '/home/runner/work/toga/toga'
2025-02-24T05:28:02.1586532Z ##[group]Initializing the repository
2025-02-24T05:28:02.1590378Z [command]/usr/bin/git init /home/runner/work/toga/toga
2025-02-24T05:28:02.1663666Z hint: Using 'master' as the name for the initial branch. This default branch name
2025-02-24T05:28:02.1666540Z hint: is subject to change. To configure the initial branch name to use in all
2025-02-24T05:28:02.1669861Z hint: of your new repositories, which will suppress this warning, call:
2025-02-24T05:28:02.1672119Z hint:
2025-02-24T05:28:02.1673769Z hint: 	git config --global init.defaultBranch <name>
2025-02-24T05:28:02.1675802Z hint:
2025-02-24T05:28:02.1677870Z hint: Names commonly chosen instead of 'master' are 'main', 'trunk' and
2025-02-24T05:28:02.1680956Z hint: 'development'. The just-created branch can be renamed via this command:
2025-02-24T05:28:02.1682871Z hint:
2025-02-24T05:28:02.1684008Z hint: 	git branch -m <name>
2025-02-24T05:28:02.1686374Z Initialized empty Git repository in /home/runner/work/toga/toga/.git/
2025-02-24T05:28:02.1690715Z [command]/usr/bin/git remote add origin https://github.com/beeware/toga
2025-02-24T05:28:02.1723284Z ##[endgroup]
2025-02-24T05:28:02.1725781Z ##[group]Disabling automatic garbage collection
2025-02-24T05:28:02.1727644Z [command]/usr/bin/git config --local gc.auto 0
2025-02-24T05:28:02.1755485Z ##[endgroup]
2025-02-24T05:28:02.1757166Z ##[group]Setting up auth
2025-02-24T05:28:02.1761882Z [command]/usr/bin/git config --local --name-only --get-regexp core\.sshCommand
2025-02-24T05:28:02.1792376Z [command]/usr/bin/git submodule foreach --recursive sh -c "git config --local --name-only --get-regexp 'core\.sshCommand' && git config --local --unset-all 'core.sshCommand' || :"
2025-02-24T05:28:02.2118079Z [command]/usr/bin/git config --local --name-only --get-regexp http\.https\:\/\/github\.com\/\.extraheader
2025-02-24T05:28:02.2160800Z [command]/usr/bin/git submodule foreach --recursive sh -c "git config --local --name-only --get-regexp 'http\.https\:\/\/github\.com\/\.extraheader' && git config --local --unset-all 'http.https://github.com/.extraheader' || :"
2025-02-24T05:28:02.2395367Z [command]/usr/bin/git config --local http.https://github.com/.extraheader AUTHORIZATION: basic ***
2025-02-24T05:28:02.2452525Z ##[endgroup]
2025-02-24T05:28:02.2455500Z ##[group]Fetching the repository
2025-02-24T05:28:02.2501171Z [command]/usr/bin/git -c protocol.version=2 fetch --prune --no-recurse-submodules origin +refs/heads/*:refs/remotes/origin/* +refs/tags/*:refs/tags/*
2025-02-24T05:28:04.4771420Z From https://github.com/beeware/toga
2025-02-24T05:28:04.4773066Z  * [new branch]          main         -> origin/main
2025-02-24T05:28:04.4773842Z  * [new branch]          pre-0.5      -> origin/pre-0.5
2025-02-24T05:28:04.4774559Z  * [new tag]             0.2.6        -> 0.2.6
2025-02-24T05:28:04.4781723Z  * [new tag]             v0.0.1rc1    -> v0.0.1rc1
2025-02-24T05:28:04.4782473Z  * [new tag]             v0.0.1rc10   -> v0.0.1rc10
2025-02-24T05:28:04.4783124Z  * [new tag]             v0.0.1rc5    -> v0.0.1rc5
2025-02-24T05:28:04.4783813Z  * [new tag]             v0.0.1rc6    -> v0.0.1rc6
2025-02-24T05:28:04.4784461Z  * [new tag]             v0.1.0       -> v0.1.0
2025-02-24T05:28:04.4785143Z  * [new tag]             v0.1.1       -> v0.1.1
2025-02-24T05:28:04.4785805Z  * [new tag]             v0.1.2       -> v0.1.2
2025-02-24T05:28:04.4786476Z  * [new tag]             v0.2.0       -> v0.2.0
2025-02-24T05:28:04.4787104Z  * [new tag]             v0.2.0.dev1  -> v0.2.0.dev1
2025-02-24T05:28:04.4787773Z  * [new tag]             v0.2.1       -> v0.2.1
2025-02-24T05:28:04.4788468Z  * [new tag]             v0.2.10      -> v0.2.10
2025-02-24T05:28:04.4789467Z  * [new tag]             v0.2.11      -> v0.2.11
2025-02-24T05:28:04.4790256Z  * [new tag]             v0.2.12      -> v0.2.12
2025-02-24T05:28:04.4791870Z  * [new tag]             v0.2.13      -> v0.2.13
2025-02-24T05:28:04.4793149Z  * [new tag]             v0.2.14      -> v0.2.14
2025-02-24T05:28:04.4794427Z  * [new tag]             v0.2.15      -> v0.2.15
2025-02-24T05:28:04.4795670Z  * [new tag]             v0.2.2       -> v0.2.2
2025-02-24T05:28:04.4797188Z  * [new tag]             v0.2.3       -> v0.2.3
2025-02-24T05:28:04.4798464Z  * [new tag]             v0.2.4       -> v0.2.4
2025-02-24T05:28:04.4800033Z  * [new tag]             v0.2.5       -> v0.2.5
2025-02-24T05:28:04.4801378Z  * [new tag]             v0.2.6       -> v0.2.6
2025-02-24T05:28:04.4802571Z  * [new tag]             v0.2.7       -> v0.2.7
2025-02-24T05:28:04.4803946Z  * [new tag]             v0.2.8       -> v0.2.8
2025-02-24T05:28:04.4805392Z  * [new tag]             v0.2.9       -> v0.2.9
2025-02-24T05:28:04.4806794Z  * [new tag]             v0.3.0       -> v0.3.0
2025-02-24T05:28:04.4808590Z  * [new tag]             v0.3.0.dev1  -> v0.3.0.dev1
2025-02-24T05:28:04.4810153Z  * [new tag]             v0.3.0.dev10 -> v0.3.0.dev10
2025-02-24T05:28:04.4811537Z  * [new tag]             v0.3.0.dev11 -> v0.3.0.dev11
2025-02-24T05:28:04.4813004Z  * [new tag]             v0.3.0.dev12 -> v0.3.0.dev12
2025-02-24T05:28:04.4814443Z  * [new tag]             v0.3.0.dev13 -> v0.3.0.dev13
2025-02-24T05:28:04.4815875Z  * [new tag]             v0.3.0.dev14 -> v0.3.0.dev14
2025-02-24T05:28:04.4817417Z  * [new tag]             v0.3.0.dev15 -> v0.3.0.dev15
2025-02-24T05:28:04.4818754Z  * [new tag]             v0.3.0.dev16 -> v0.3.0.dev16
2025-02-24T05:28:04.4820560Z  * [new tag]             v0.3.0.dev17 -> v0.3.0.dev17
2025-02-24T05:28:04.4821865Z  * [new tag]             v0.3.0.dev18 -> v0.3.0.dev18
2025-02-24T05:28:04.4823442Z  * [new tag]             v0.3.0.dev19 -> v0.3.0.dev19
2025-02-24T05:28:04.4824897Z  * [new tag]             v0.3.0.dev2  -> v0.3.0.dev2
2025-02-24T05:28:04.4826418Z  * [new tag]             v0.3.0.dev20 -> v0.3.0.dev20
2025-02-24T05:28:04.4827871Z  * [new tag]             v0.3.0.dev21 -> v0.3.0.dev21
2025-02-24T05:28:04.4829574Z  * [new tag]             v0.3.0.dev22 -> v0.3.0.dev22
2025-02-24T05:28:04.4831114Z  * [new tag]             v0.3.0.dev23 -> v0.3.0.dev23
2025-02-24T05:28:04.4832670Z  * [new tag]             v0.3.0.dev24 -> v0.3.0.dev24
2025-02-24T05:28:04.4834054Z  * [new tag]             v0.3.0.dev25 -> v0.3.0.dev25
2025-02-24T05:28:04.4835736Z  * [new tag]             v0.3.0.dev26 -> v0.3.0.dev26
2025-02-24T05:28:04.4837462Z  * [new tag]             v0.3.0.dev27 -> v0.3.0.dev27
2025-02-24T05:28:04.4838510Z  * [new tag]             v0.3.0.dev28 -> v0.3.0.dev28
2025-02-24T05:28:04.4840341Z  * [new tag]             v0.3.0.dev29 -> v0.3.0.dev29
2025-02-24T05:28:04.4841725Z  * [new tag]             v0.3.0.dev3  -> v0.3.0.dev3
2025-02-24T05:28:04.4843372Z  * [new tag]             v0.3.0.dev30 -> v0.3.0.dev30
2025-02-24T05:28:04.4844827Z  * [new tag]             v0.3.0.dev32 -> v0.3.0.dev32
2025-02-24T05:28:04.4846289Z  * [new tag]             v0.3.0.dev33 -> v0.3.0.dev33
2025-02-24T05:28:04.4847776Z  * [new tag]             v0.3.0.dev34 -> v0.3.0.dev34
2025-02-24T05:28:04.4849324Z  * [new tag]             v0.3.0.dev35 -> v0.3.0.dev35
2025-02-24T05:28:04.4851468Z  * [new tag]             v0.3.0.dev36 -> v0.3.0.dev36
2025-02-24T05:28:04.4852742Z  * [new tag]             v0.3.0.dev37 -> v0.3.0.dev37
2025-02-24T05:28:04.4854146Z  * [new tag]             v0.3.0.dev38 -> v0.3.0.dev38
2025-02-24T05:28:04.4855661Z  * [new tag]             v0.3.0.dev39 -> v0.3.0.dev39
2025-02-24T05:28:04.4857010Z  * [new tag]             v0.3.0.dev4  -> v0.3.0.dev4
2025-02-24T05:28:04.4858540Z  * [new tag]             v0.3.0.dev5  -> v0.3.0.dev5
2025-02-24T05:28:04.4860165Z  * [new tag]             v0.3.0.dev6  -> v0.3.0.dev6
2025-02-24T05:28:04.4861581Z  * [new tag]             v0.3.0.dev7  -> v0.3.0.dev7
2025-02-24T05:28:04.4863013Z  * [new tag]             v0.3.0.dev8  -> v0.3.0.dev8
2025-02-24T05:28:04.4864541Z  * [new tag]             v0.3.0.dev9  -> v0.3.0.dev9
2025-02-24T05:28:04.4865940Z  * [new tag]             v0.3.0rc0    -> v0.3.0rc0
2025-02-24T05:28:04.4867545Z  * [new tag]             v0.3.1       -> v0.3.1
2025-02-24T05:28:04.4869280Z  * [new tag]             v0.4.0       -> v0.4.0
2025-02-24T05:28:04.4870750Z  * [new tag]             v0.4.1       -> v0.4.1
2025-02-24T05:28:04.4872233Z  * [new tag]             v0.4.2       -> v0.4.2
2025-02-24T05:28:04.4873724Z  * [new tag]             v0.4.3       -> v0.4.3
2025-02-24T05:28:04.4875247Z  * [new tag]             v0.4.4       -> v0.4.4
2025-02-24T05:28:04.4876734Z  * [new tag]             v0.4.5       -> v0.4.5
2025-02-24T05:28:04.4878306Z  * [new tag]             v0.4.6       -> v0.4.6
2025-02-24T05:28:04.4880147Z  * [new tag]             v0.4.7       -> v0.4.7
2025-02-24T05:28:04.4881578Z  * [new tag]             v0.4.8       -> v0.4.8
2025-02-24T05:28:04.4882902Z  * [new tag]             v0.4.9       -> v0.4.9
2025-02-24T05:28:04.4933836Z [command]/usr/bin/git branch --list --remote origin/main
2025-02-24T05:28:04.4956759Z   origin/main
2025-02-24T05:28:04.4965247Z [command]/usr/bin/git rev-parse refs/remotes/origin/main
2025-02-24T05:28:04.4985398Z 01152b56b9607a5cc1dabb9e94970cc589baff01
2025-02-24T05:28:04.4990969Z ##[endgroup]
2025-02-24T05:28:04.4991445Z ##[group]Determining the checkout info
2025-02-24T05:28:04.4992338Z ##[endgroup]
2025-02-24T05:28:04.4996543Z [command]/usr/bin/git sparse-checkout disable
2025-02-24T05:28:04.5033996Z [command]/usr/bin/git config --local --unset-all extensions.worktreeConfig
2025-02-24T05:28:04.5058700Z ##[group]Checking out the ref
2025-02-24T05:28:04.5062588Z [command]/usr/bin/git checkout --progress --force -B main refs/remotes/origin/main
2025-02-24T05:28:04.6843267Z Switched to a new branch 'main'
2025-02-24T05:28:04.6844739Z branch 'main' set up to track 'origin/main'.
2025-02-24T05:28:04.6864700Z ##[endgroup]
2025-02-24T05:28:04.6913199Z [command]/usr/bin/git log -1 --format=%H
2025-02-24T05:28:04.6940324Z 01152b56b9607a5cc1dabb9e94970cc589baff01
2025-02-24T05:28:04.7168986Z ##[group]Run actions/setup-python@v5.4.0
2025-02-24T05:28:04.7169311Z with:
2025-02-24T05:28:04.7169506Z   python-version: 3.13
2025-02-24T05:28:04.7169746Z   allow-prereleases: true
2025-02-24T05:28:04.7169987Z   check-latest: false
2025-02-24T05:28:04.7170333Z   token: ***
2025-02-24T05:28:04.7170543Z   update-environment: true
2025-02-24T05:28:04.7170765Z env:
2025-02-24T05:28:04.7170951Z   min_python_version: 3.9
2025-02-24T05:28:04.7171176Z   max_python_version: 3.12
2025-02-24T05:28:04.7171394Z   FORCE_COLOR: 1
2025-02-24T05:28:04.7171592Z ##[endgroup]
2025-02-24T05:28:04.8875936Z ##[group]Installed versions
2025-02-24T05:28:04.8931125Z Successfully set up CPython (3.13.2)
2025-02-24T05:28:04.8931855Z ##[endgroup]
2025-02-24T05:28:04.9074612Z ##[group]Run beeware/.github/.github/actions/install-requirement@main
2025-02-24T05:28:04.9075015Z with:
2025-02-24T05:28:04.9075221Z   requirements: tox
2025-02-24T05:28:04.9075426Z   extra: dev
2025-02-24T05:28:04.9075627Z   project-root: travertino
2025-02-24T05:28:04.9075876Z   workflow-repo: beeware/.github
2025-02-24T05:28:04.9076112Z env:
2025-02-24T05:28:04.9076298Z   min_python_version: 3.9
2025-02-24T05:28:04.9076525Z   max_python_version: 3.12
2025-02-24T05:28:04.9076748Z   FORCE_COLOR: 1
2025-02-24T05:28:04.9077014Z   pythonLocation: /opt/hostedtoolcache/Python/3.13.2/x64
2025-02-24T05:28:04.9077449Z   PKG_CONFIG_PATH: /opt/hostedtoolcache/Python/3.13.2/x64/lib/pkgconfig
2025-02-24T05:28:04.9077867Z   Python_ROOT_DIR: /opt/hostedtoolcache/Python/3.13.2/x64
2025-02-24T05:28:04.9078224Z   Python2_ROOT_DIR: /opt/hostedtoolcache/Python/3.13.2/x64
2025-02-24T05:28:04.9078602Z   Python3_ROOT_DIR: /opt/hostedtoolcache/Python/3.13.2/x64
2025-02-24T05:28:04.9079178Z   LD_LIBRARY_PATH: /opt/hostedtoolcache/Python/3.13.2/x64/lib
2025-02-24T05:28:04.9079486Z ##[endgroup]
2025-02-24T05:28:04.9201028Z ##[group]Run actions/checkout@v4.1.6
2025-02-24T05:28:04.9201292Z with:
2025-02-24T05:28:04.9201488Z   repository: beeware/.github
2025-02-24T05:28:04.9201736Z   path: .github-beeware
2025-02-24T05:28:04.9202073Z   token: ***
2025-02-24T05:28:04.9202272Z   ssh-strict: true
2025-02-24T05:28:04.9202471Z   ssh-user: git
2025-02-24T05:28:04.9202682Z   persist-credentials: true
2025-02-24T05:28:04.9202918Z   clean: true
2025-02-24T05:28:04.9203134Z   sparse-checkout-cone-mode: true
2025-02-24T05:28:04.9203383Z   fetch-depth: 1
2025-02-24T05:28:04.9203584Z   fetch-tags: false
2025-02-24T05:28:04.9203790Z   show-progress: true
2025-02-24T05:28:04.9203997Z   lfs: false
2025-02-24T05:28:04.9204183Z   submodules: false
2025-02-24T05:28:04.9204398Z   set-safe-directory: true
2025-02-24T05:28:04.9204619Z env:
2025-02-24T05:28:04.9204866Z   min_python_version: 3.9
2025-02-24T05:28:04.9205270Z   max_python_version: 3.12
2025-02-24T05:28:04.9205493Z   FORCE_COLOR: 1
2025-02-24T05:28:04.9205745Z   pythonLocation: /opt/hostedtoolcache/Python/3.13.2/x64
2025-02-24T05:28:04.9206159Z   PKG_CONFIG_PATH: /opt/hostedtoolcache/Python/3.13.2/x64/lib/pkgconfig
2025-02-24T05:28:04.9206562Z   Python_ROOT_DIR: /opt/hostedtoolcache/Python/3.13.2/x64
2025-02-24T05:28:04.9206924Z   Python2_ROOT_DIR: /opt/hostedtoolcache/Python/3.13.2/x64
2025-02-24T05:28:04.9207282Z   Python3_ROOT_DIR: /opt/hostedtoolcache/Python/3.13.2/x64
2025-02-24T05:28:04.9207644Z   LD_LIBRARY_PATH: /opt/hostedtoolcache/Python/3.13.2/x64/lib
2025-02-24T05:28:04.9207947Z ##[endgroup]
2025-02-24T05:28:05.0134690Z Syncing repository: beeware/.github
2025-02-24T05:28:05.0141365Z ##[group]Getting Git version info
2025-02-24T05:28:05.0141939Z Working directory is '/home/runner/work/toga/toga/.github-beeware'
2025-02-24T05:28:05.0184948Z [command]/usr/bin/git version
2025-02-24T05:28:05.0224595Z git version 2.48.1
2025-02-24T05:28:05.0250528Z ##[endgroup]
2025-02-24T05:28:05.0263525Z Temporarily overriding HOME='/home/runner/work/_temp/e21445c6-6718-4364-aa0a-a66959e1e1c4' before making global git config changes
2025-02-24T05:28:05.0264389Z Adding repository directory to the temporary git global config as a safe directory
2025-02-24T05:28:05.0275487Z [command]/usr/bin/git config --global --add safe.directory /home/runner/work/toga/toga/.github-beeware
2025-02-24T05:28:05.0307264Z ##[group]Initializing the repository
2025-02-24T05:28:05.0312122Z [command]/usr/bin/git init /home/runner/work/toga/toga/.github-beeware
2025-02-24T05:28:05.0349831Z hint: Using 'master' as the name for the initial branch. This default branch name
2025-02-24T05:28:05.0352156Z hint: is subject to change. To configure the initial branch name to use in all
2025-02-24T05:28:05.0353062Z hint: of your new repositories, which will suppress this warning, call:
2025-02-24T05:28:05.0354090Z hint:
2025-02-24T05:28:05.0354586Z hint: 	git config --global init.defaultBranch <name>
2025-02-24T05:28:05.0355494Z hint:
2025-02-24T05:28:05.0356123Z hint: Names commonly chosen instead of 'master' are 'main', 'trunk' and
2025-02-24T05:28:05.0357145Z hint: 'development'. The just-created branch can be renamed via this command:
2025-02-24T05:28:05.0357892Z hint:
2025-02-24T05:28:05.0358274Z hint: 	git branch -m <name>
2025-02-24T05:28:05.0359877Z Initialized empty Git repository in /home/runner/work/toga/toga/.github-beeware/.git/
2025-02-24T05:28:05.0364455Z [command]/usr/bin/git remote add origin https://github.com/beeware/.github
2025-02-24T05:28:05.0393974Z ##[endgroup]
2025-02-24T05:28:05.0394667Z ##[group]Disabling automatic garbage collection
2025-02-24T05:28:05.0399449Z [command]/usr/bin/git config --local gc.auto 0
2025-02-24T05:28:05.0428317Z ##[endgroup]
2025-02-24T05:28:05.0429182Z ##[group]Setting up auth
2025-02-24T05:28:05.0435563Z [command]/usr/bin/git config --local --name-only --get-regexp core\.sshCommand
2025-02-24T05:28:05.0465879Z [command]/usr/bin/git submodule foreach --recursive sh -c "git config --local --name-only --get-regexp 'core\.sshCommand' && git config --local --unset-all 'core.sshCommand' || :"
2025-02-24T05:28:05.0703104Z [command]/usr/bin/git config --local --name-only --get-regexp http\.https\:\/\/github\.com\/\.extraheader
2025-02-24T05:28:05.0733206Z [command]/usr/bin/git submodule foreach --recursive sh -c "git config --local --name-only --get-regexp 'http\.https\:\/\/github\.com\/\.extraheader' && git config --local --unset-all 'http.https://github.com/.extraheader' || :"
2025-02-24T05:28:05.0972311Z [command]/usr/bin/git config --local http.https://github.com/.extraheader AUTHORIZATION: basic ***
2025-02-24T05:28:05.1010747Z ##[endgroup]
2025-02-24T05:28:05.1011500Z ##[group]Determining the default branch
2025-02-24T05:28:05.1014826Z Retrieving the default branch name
2025-02-24T05:28:05.3090599Z Default branch 'main'
2025-02-24T05:28:05.3091861Z ##[endgroup]
2025-02-24T05:28:05.3094349Z ##[group]Fetching the repository
2025-02-24T05:28:05.3100077Z [command]/usr/bin/git -c protocol.version=2 fetch --no-tags --prune --no-recurse-submodules --depth=1 origin +refs/heads/main:refs/remotes/origin/main
2025-02-24T05:28:05.6585051Z From https://github.com/beeware/.github
2025-02-24T05:28:05.6585647Z  * [new branch]      main       -> origin/main
2025-02-24T05:28:05.6611816Z ##[endgroup]
2025-02-24T05:28:05.6612203Z ##[group]Determining the checkout info
2025-02-24T05:28:05.6613643Z ##[endgroup]
2025-02-24T05:28:05.6618635Z [command]/usr/bin/git sparse-checkout disable
2025-02-24T05:28:05.6654681Z [command]/usr/bin/git config --local --unset-all extensions.worktreeConfig
2025-02-24T05:28:05.6682463Z ##[group]Checking out the ref
2025-02-24T05:28:05.6686401Z [command]/usr/bin/git checkout --progress --force -B main refs/remotes/origin/main
2025-02-24T05:28:05.6753213Z Switched to a new branch 'main'
2025-02-24T05:28:05.6756464Z branch 'main' set up to track 'origin/main'.
2025-02-24T05:28:05.6761945Z ##[endgroup]
2025-02-24T05:28:05.6797315Z [command]/usr/bin/git log -1 --format='%H'
2025-02-24T05:28:05.6821838Z 'a66b93162808d34adf5280c28104b75f8e0d70d3'
2025-02-24T05:28:05.6941592Z ##[group]Run echo "project-root=$(cd "travertino"; pwd -P)" | tee -a ${GITHUB_OUTPUT}
2025-02-24T05:28:05.6942250Z [36;1mecho "project-root=$(cd "travertino"; pwd -P)" | tee -a ${GITHUB_OUTPUT}[0m
2025-02-24T05:28:05.7116063Z shell: /usr/bin/bash --noprofile --norc -e -o pipefail {0}
2025-02-24T05:28:05.7116419Z env:
2025-02-24T05:28:05.7116620Z   min_python_version: 3.9
2025-02-24T05:28:05.7116866Z   max_python_version: 3.12
2025-02-24T05:28:05.7117105Z   FORCE_COLOR: 1
2025-02-24T05:28:05.7117384Z   pythonLocation: /opt/hostedtoolcache/Python/3.13.2/x64
2025-02-24T05:28:05.7117844Z   PKG_CONFIG_PATH: /opt/hostedtoolcache/Python/3.13.2/x64/lib/pkgconfig
2025-02-24T05:28:05.7118276Z   Python_ROOT_DIR: /opt/hostedtoolcache/Python/3.13.2/x64
2025-02-24T05:28:05.7119170Z   Python2_ROOT_DIR: /opt/hostedtoolcache/Python/3.13.2/x64
2025-02-24T05:28:05.7119587Z   Python3_ROOT_DIR: /opt/hostedtoolcache/Python/3.13.2/x64
2025-02-24T05:28:05.7120159Z   LD_LIBRARY_PATH: /opt/hostedtoolcache/Python/3.13.2/x64/lib
2025-02-24T05:28:05.7120493Z ##[endgroup]
2025-02-24T05:28:05.7230563Z project-root=/home/runner/work/toga/toga/travertino
2025-02-24T05:28:05.7279395Z ##[group]Run python -m pip install --upgrade pip
2025-02-24T05:28:05.7303347Z [36;1mpython -m pip install --upgrade pip[0m
2025-02-24T05:28:05.7303818Z [36;1mpython -m pip install --upgrade setuptools build wheel[0m
2025-02-24T05:28:05.7360557Z shell: /usr/bin/bash --noprofile --norc -e -o pipefail {0}
2025-02-24T05:28:05.7360876Z env:
2025-02-24T05:28:05.7361059Z   min_python_version: 3.9
2025-02-24T05:28:05.7361276Z   max_python_version: 3.12
2025-02-24T05:28:05.7361489Z   FORCE_COLOR: 1
2025-02-24T05:28:05.7361752Z   pythonLocation: /opt/hostedtoolcache/Python/3.13.2/x64
2025-02-24T05:28:05.7362197Z   PKG_CONFIG_PATH: /opt/hostedtoolcache/Python/3.13.2/x64/lib/pkgconfig
2025-02-24T05:28:05.7362611Z   Python_ROOT_DIR: /opt/hostedtoolcache/Python/3.13.2/x64
2025-02-24T05:28:05.7362969Z   Python2_ROOT_DIR: /opt/hostedtoolcache/Python/3.13.2/x64
2025-02-24T05:28:05.7363320Z   Python3_ROOT_DIR: /opt/hostedtoolcache/Python/3.13.2/x64
2025-02-24T05:28:05.7363678Z   LD_LIBRARY_PATH: /opt/hostedtoolcache/Python/3.13.2/x64/lib
2025-02-24T05:28:05.7363971Z ##[endgroup]
2025-02-24T05:28:06.3546295Z Requirement already satisfied: pip in /opt/hostedtoolcache/Python/3.13.2/x64/lib/python3.13/site-packages (25.0.1)
2025-02-24T05:28:07.0684178Z Collecting setuptools
2025-02-24T05:28:07.1529254Z   Downloading setuptools-75.8.0-py3-none-any.whl.metadata (6.7 kB)
2025-02-24T05:28:07.1756329Z Collecting build
2025-02-24T05:28:07.1954337Z   Downloading build-1.2.2.post1-py3-none-any.whl.metadata (6.5 kB)
2025-02-24T05:28:07.2206575Z Collecting wheel
2025-02-24T05:28:07.2405004Z   Downloading wheel-0.45.1-py3-none-any.whl.metadata (2.3 kB)
2025-02-24T05:28:07.2595605Z Collecting packaging>=19.1 (from build)
2025-02-24T05:28:07.2789870Z   Downloading packaging-24.2-py3-none-any.whl.metadata (3.2 kB)
2025-02-24T05:28:07.2905432Z Collecting pyproject_hooks (from build)
2025-02-24T05:28:07.3101730Z   Downloading pyproject_hooks-1.2.0-py3-none-any.whl.metadata (1.3 kB)
2025-02-24T05:28:07.3340334Z Downloading setuptools-75.8.0-py3-none-any.whl (1.2 MB)
2025-02-24T05:28:07.4311438Z [?25l   [90m━━━━━━━━━━━━━━━━━━━━━━━━━━━━━━━━━━━━━━━━[0m [32m0.0/1.2 MB[0m [31m?[0m eta [36m-:--:--[0m
2025-02-24T05:28:07.4312634Z [2K   [90m━━━━━━━━━━━━━━━━━━━━━━━━━━━━━━━━━━━━━━━━[0m [32m1.2/1.2 MB[0m [31m20.4 MB/s[0m eta [36m0:00:00[0m
2025-02-24T05:28:07.4514663Z [?25hDownloading build-1.2.2.post1-py3-none-any.whl (22 kB)
2025-02-24T05:28:07.4735324Z Downloading wheel-0.45.1-py3-none-any.whl (72 kB)
2025-02-24T05:28:07.4960362Z Downloading packaging-24.2-py3-none-any.whl (65 kB)
2025-02-24T05:28:07.5180698Z Downloading pyproject_hooks-1.2.0-py3-none-any.whl (10 kB)
2025-02-24T05:28:07.5429028Z Installing collected packages: wheel, setuptools, pyproject_hooks, packaging, build
2025-02-24T05:28:08.3980067Z Successfully installed build-1.2.2.post1 packaging-24.2 pyproject_hooks-1.2.0 setuptools-75.8.0 wheel-0.45.1
2025-02-24T05:28:08.4783409Z ##[group]Run python -m install_requirement tox \
2025-02-24T05:28:08.4783776Z [36;1mpython -m install_requirement tox \[0m
2025-02-24T05:28:08.4784057Z [36;1m  --extra "dev" \[0m
2025-02-24T05:28:08.4784411Z [36;1m  --project-root "$(printf -- "%q" "/home/runner/work/toga/toga/travertino")"[0m
2025-02-24T05:28:08.4839367Z shell: /usr/bin/bash --noprofile --norc -e -o pipefail {0}
2025-02-24T05:28:08.4839691Z env:
2025-02-24T05:28:08.4839883Z   min_python_version: 3.9
2025-02-24T05:28:08.4840111Z   max_python_version: 3.12
2025-02-24T05:28:08.4840323Z   FORCE_COLOR: 1
2025-02-24T05:28:08.4840582Z   pythonLocation: /opt/hostedtoolcache/Python/3.13.2/x64
2025-02-24T05:28:08.4840994Z   PKG_CONFIG_PATH: /opt/hostedtoolcache/Python/3.13.2/x64/lib/pkgconfig
2025-02-24T05:28:08.4841612Z   Python_ROOT_DIR: /opt/hostedtoolcache/Python/3.13.2/x64
2025-02-24T05:28:08.4842095Z   Python2_ROOT_DIR: /opt/hostedtoolcache/Python/3.13.2/x64
2025-02-24T05:28:08.4842452Z   Python3_ROOT_DIR: /opt/hostedtoolcache/Python/3.13.2/x64
2025-02-24T05:28:08.4842810Z   LD_LIBRARY_PATH: /opt/hostedtoolcache/Python/3.13.2/x64/lib
2025-02-24T05:28:08.4843112Z ##[endgroup]
2025-02-24T05:28:08.8356997Z Installing tox==4.24.1...
2025-02-24T05:28:09.2822484Z Collecting tox==4.24.1
2025-02-24T05:28:09.3617976Z   Downloading tox-4.24.1-py3-none-any.whl.metadata (3.7 kB)
2025-02-24T05:28:09.3803790Z Collecting cachetools>=5.5 (from tox==4.24.1)
2025-02-24T05:28:09.3997967Z   Downloading cachetools-5.5.2-py3-none-any.whl.metadata (5.4 kB)
2025-02-24T05:28:09.4122143Z Collecting chardet>=5.2 (from tox==4.24.1)
2025-02-24T05:28:09.4317337Z   Downloading chardet-5.2.0-py3-none-any.whl.metadata (3.4 kB)
2025-02-24T05:28:09.4514594Z Collecting colorama>=0.4.6 (from tox==4.24.1)
2025-02-24T05:28:09.4793609Z   Downloading colorama-0.4.6-py2.py3-none-any.whl.metadata (17 kB)
2025-02-24T05:28:09.5046936Z Collecting filelock>=3.16.1 (from tox==4.24.1)
2025-02-24T05:28:09.5241899Z   Downloading filelock-3.17.0-py3-none-any.whl.metadata (2.9 kB)
2025-02-24T05:28:09.5300382Z Requirement already satisfied: packaging>=24.2 in /opt/hostedtoolcache/Python/3.13.2/x64/lib/python3.13/site-packages (from tox==4.24.1) (24.2)
2025-02-24T05:28:09.5424412Z Collecting platformdirs>=4.3.6 (from tox==4.24.1)
2025-02-24T05:28:09.5619913Z   Downloading platformdirs-4.3.6-py3-none-any.whl.metadata (11 kB)
2025-02-24T05:28:09.5829163Z Collecting pluggy>=1.5 (from tox==4.24.1)
2025-02-24T05:28:09.6024306Z   Downloading pluggy-1.5.0-py3-none-any.whl.metadata (4.8 kB)
2025-02-24T05:28:09.6161296Z Collecting pyproject-api>=1.8 (from tox==4.24.1)
2025-02-24T05:28:09.6355795Z   Downloading pyproject_api-1.9.0-py3-none-any.whl.metadata (2.7 kB)
2025-02-24T05:28:09.6744813Z Collecting virtualenv>=20.27.1 (from tox==4.24.1)
2025-02-24T05:28:09.6939249Z   Downloading virtualenv-20.29.2-py3-none-any.whl.metadata (4.5 kB)
2025-02-24T05:28:09.7162318Z Collecting distlib<1,>=0.3.7 (from virtualenv>=20.27.1->tox==4.24.1)
2025-02-24T05:28:09.7357546Z   Downloading distlib-0.3.9-py2.py3-none-any.whl.metadata (5.2 kB)
2025-02-24T05:28:09.7677385Z Downloading tox-4.24.1-py3-none-any.whl (171 kB)
2025-02-24T05:28:09.8358120Z Downloading cachetools-5.5.2-py3-none-any.whl (10 kB)
2025-02-24T05:28:09.8577394Z Downloading chardet-5.2.0-py3-none-any.whl (199 kB)
2025-02-24T05:28:09.8878038Z Downloading colorama-0.4.6-py2.py3-none-any.whl (25 kB)
2025-02-24T05:28:09.9095523Z Downloading filelock-3.17.0-py3-none-any.whl (16 kB)
2025-02-24T05:28:09.9317706Z Downloading platformdirs-4.3.6-py3-none-any.whl (18 kB)
2025-02-24T05:28:09.9536740Z Downloading pluggy-1.5.0-py3-none-any.whl (20 kB)
2025-02-24T05:28:09.9756444Z Downloading pyproject_api-1.9.0-py3-none-any.whl (13 kB)
2025-02-24T05:28:09.9974877Z Downloading virtualenv-20.29.2-py3-none-any.whl (4.3 MB)
2025-02-24T05:28:10.0705461Z [?25l   [90m━━━━━━━━━━━━━━━━━━━━━━━━━━━━━━━━━━━━━━━━[0m [32m0.0/4.3 MB[0m [31m?[0m eta [36m-:--:--[0m
2025-02-24T05:28:10.0706437Z [2K   [90m━━━━━━━━━━━━━━━━━━━━━━━━━━━━━━━━━━━━━━━━[0m [32m4.3/4.3 MB[0m [31m61.0 MB/s[0m eta [36m0:00:00[0m
2025-02-24T05:28:10.0900493Z [?25hDownloading distlib-0.3.9-py2.py3-none-any.whl (468 kB)
2025-02-24T05:28:10.1375622Z Installing collected packages: distlib, pyproject-api, pluggy, platformdirs, filelock, colorama, chardet, cachetools, virtualenv, tox
2025-02-24T05:28:10.7574049Z Successfully installed cachetools-5.5.2 chardet-5.2.0 colorama-0.4.6 distlib-0.3.9 filelock-3.17.0 platformdirs-4.3.6 pluggy-1.5.0 pyproject-api-1.9.0 tox-4.24.1 virtualenv-20.29.2
2025-02-24T05:28:10.8340936Z 
2025-02-24T05:28:10.8341636Z Successfully installed:
2025-02-24T05:28:10.8342020Z  tox==4.24.1
2025-02-24T05:28:10.8521586Z ##[group]Run actions/download-artifact@v4.1.8
2025-02-24T05:28:10.8522070Z with:
2025-02-24T05:28:10.8522266Z   pattern: Packages-toga-*
2025-02-24T05:28:10.8522506Z   merge-multiple: true
2025-02-24T05:28:10.8522711Z   path: dist
2025-02-24T05:28:10.8522907Z   repository: beeware/toga
2025-02-24T05:28:10.8523124Z   run-id: 13491433041
2025-02-24T05:28:10.8523309Z env:
2025-02-24T05:28:10.8523530Z   min_python_version: 3.9
2025-02-24T05:28:10.8523748Z   max_python_version: 3.12
2025-02-24T05:28:10.8523958Z   FORCE_COLOR: 1
2025-02-24T05:28:10.8524215Z   pythonLocation: /opt/hostedtoolcache/Python/3.13.2/x64
2025-02-24T05:28:10.8524626Z   PKG_CONFIG_PATH: /opt/hostedtoolcache/Python/3.13.2/x64/lib/pkgconfig
2025-02-24T05:28:10.8525041Z   Python_ROOT_DIR: /opt/hostedtoolcache/Python/3.13.2/x64
2025-02-24T05:28:10.8525393Z   Python2_ROOT_DIR: /opt/hostedtoolcache/Python/3.13.2/x64
2025-02-24T05:28:10.8525748Z   Python3_ROOT_DIR: /opt/hostedtoolcache/Python/3.13.2/x64
2025-02-24T05:28:10.8526137Z   LD_LIBRARY_PATH: /opt/hostedtoolcache/Python/3.13.2/x64/lib
2025-02-24T05:28:10.8526441Z ##[endgroup]
2025-02-24T05:28:11.1925405Z Found 36 artifact(s)
2025-02-24T05:28:11.1927220Z Filtering artifacts by pattern 'Packages-toga-*'
2025-02-24T05:28:11.1951961Z Preparing to download the following artifacts:
2025-02-24T05:28:11.1952901Z - Packages-toga-winforms (ID: 2639028467, Size: 912617)
2025-02-24T05:28:11.1953505Z - Packages-toga-android (ID: 2639028440, Size: 138194)
2025-02-24T05:28:11.1954084Z - Packages-toga-gtk (ID: 2639028386, Size: 142074)
2025-02-24T05:28:11.1954624Z - Packages-toga-iOS (ID: 2639028383, Size: 872356)
2025-02-24T05:28:11.1955162Z - Packages-toga-toga (ID: 2639028349, Size: 7274)
2025-02-24T05:28:11.1955707Z - Packages-toga-core (ID: 2639028344, Size: 1153697)
2025-02-24T05:28:11.1956274Z - Packages-toga-dummy (ID: 2639028309, Size: 148484)
2025-02-24T05:28:11.1956817Z - Packages-toga-web (ID: 2639028241, Size: 34922)
2025-02-24T05:28:11.1957388Z - Packages-toga-textual (ID: 2639028202, Size: 32035)
2025-02-24T05:28:11.1957783Z - Packages-toga-travertino (ID: 2639028133, Size: 62305)
2025-02-24T05:28:11.1958176Z - Packages-toga-demo (ID: 2639028110, Size: 1242381)
2025-02-24T05:28:11.1958530Z - Packages-toga-cocoa (ID: 2639028073, Size: 929338)
2025-02-24T05:28:11.2901676Z Redirecting to blob download url: https://productionresultssa12.blob.core.windows.net/actions-results/cf52b554-71be-4a91-94b2-8eec2b4d890b/workflow-job-run-3124742b-843a-5b41-b426-aef8afedb9f7/artifacts/442c3fefacaa5f4a317396d7241d3673a3eab28c29b7e651a0b97534d592e35d.zip
2025-02-24T05:28:11.2903100Z Starting download of artifact to: /home/runner/work/toga/toga/dist
2025-02-24T05:28:11.3345744Z Redirecting to blob download url: https://productionresultssa12.blob.core.windows.net/actions-results/cf52b554-71be-4a91-94b2-8eec2b4d890b/workflow-job-run-832e8880-3eb6-5d89-0c04-ef547b46a59e/artifacts/dd722970e727682fe8f4f464e3511dbda02932b6586e5f2f8ac9f8f11f50cdc9.zip
2025-02-24T05:28:11.3347461Z Starting download of artifact to: /home/runner/work/toga/toga/dist
2025-02-24T05:28:11.3461676Z Redirecting to blob download url: https://productionresultssa12.blob.core.windows.net/actions-results/cf52b554-71be-4a91-94b2-8eec2b4d890b/workflow-job-run-c851c84b-57ed-5071-9878-2279ccd891b8/artifacts/5eb57499beb40f05e15583bbf1c077df75bc75fa11156590733b79c2f9774e5a.zip
2025-02-24T05:28:11.3463275Z Starting download of artifact to: /home/runner/work/toga/toga/dist
2025-02-24T05:28:11.3479541Z Redirecting to blob download url: https://productionresultssa12.blob.core.windows.net/actions-results/cf52b554-71be-4a91-94b2-8eec2b4d890b/workflow-job-run-996a8579-f179-559d-4190-0dfa80ff20d7/artifacts/78e64f25892d1e62a7fba16b04b2d38f38656067df6d708afd5432245debf794.zip
2025-02-24T05:28:11.3481768Z Starting download of artifact to: /home/runner/work/toga/toga/dist
2025-02-24T05:28:11.3492177Z Redirecting to blob download url: https://productionresultssa12.blob.core.windows.net/actions-results/cf52b554-71be-4a91-94b2-8eec2b4d890b/workflow-job-run-46aa3184-e851-51af-58d5-831072cd673f/artifacts/485660db63ec446c9f562cc6bdf49c64bf27c37a329b95a30a2467812096f020.zip
2025-02-24T05:28:11.3494823Z Starting download of artifact to: /home/runner/work/toga/toga/dist
2025-02-24T05:28:11.3502023Z Redirecting to blob download url: https://productionresultssa12.blob.core.windows.net/actions-results/cf52b554-71be-4a91-94b2-8eec2b4d890b/workflow-job-run-98be74ae-5157-5c81-b7d0-b2ef5821a81e/artifacts/6e0cae3735cba3d010b2e4c6917aa1f2ffe72638fbddcfcf5e7d00e456e64178.zip
2025-02-24T05:28:11.3503451Z Starting download of artifact to: /home/runner/work/toga/toga/dist
2025-02-24T05:28:11.3566229Z Redirecting to blob download url: https://productionresultssa12.blob.core.windows.net/actions-results/cf52b554-71be-4a91-94b2-8eec2b4d890b/workflow-job-run-137efbf3-bb9f-5901-016f-a9ca027ec083/artifacts/3f2c1a4e1441705d00c0abbd5f3913c6b215c2d9365be6ffa9fcc342e7742def.zip
2025-02-24T05:28:11.3568462Z Starting download of artifact to: /home/runner/work/toga/toga/dist
2025-02-24T05:28:11.3580553Z Redirecting to blob download url: https://productionresultssa12.blob.core.windows.net/actions-results/cf52b554-71be-4a91-94b2-8eec2b4d890b/workflow-job-run-f1ed5179-285b-5126-8d3b-2df284d1f11c/artifacts/a55c024fa54bd7854415e2c7edfeb2c5046af07e859f8da7b852b08eadc84e2a.zip
2025-02-24T05:28:11.3582785Z Starting download of artifact to: /home/runner/work/toga/toga/dist
2025-02-24T05:28:11.3667002Z Redirecting to blob download url: https://productionresultssa12.blob.core.windows.net/actions-results/cf52b554-71be-4a91-94b2-8eec2b4d890b/workflow-job-run-18bbcbc6-8763-5d15-2620-0ac883eea9b0/artifacts/42ca5e4547811af7883a91d6c65b481266e15c0cdc8d243ec9aae2b558253c02.zip
2025-02-24T05:28:11.3669424Z Starting download of artifact to: /home/runner/work/toga/toga/dist
2025-02-24T05:28:11.3697577Z Redirecting to blob download url: https://productionresultssa12.blob.core.windows.net/actions-results/cf52b554-71be-4a91-94b2-8eec2b4d890b/workflow-job-run-e2a6fa47-47a3-5188-27fb-56f4e71042c8/artifacts/5425332638acb926f3e0f42935440601f1f6cf4c943281c5f8b926bd1948bc25.zip
2025-02-24T05:28:11.3699444Z Starting download of artifact to: /home/runner/work/toga/toga/dist
2025-02-24T05:28:11.3790900Z Redirecting to blob download url: https://productionresultssa12.blob.core.windows.net/actions-results/cf52b554-71be-4a91-94b2-8eec2b4d890b/workflow-job-run-7815ca6b-1b41-513e-fbe7-8eccb083611a/artifacts/1660c57eb65463a413672e3e25e0e2a0d8c8794547115554b39228f20230f22e.zip
2025-02-24T05:28:11.3792294Z Starting download of artifact to: /home/runner/work/toga/toga/dist
2025-02-24T05:28:11.3812490Z Redirecting to blob download url: https://productionresultssa12.blob.core.windows.net/actions-results/cf52b554-71be-4a91-94b2-8eec2b4d890b/workflow-job-run-866e389a-a1a0-5c67-a00f-72c22223abfe/artifacts/b4bca85baf5c112d5a88797759fe2e27b3de49b97e7268608199152765d6405a.zip
2025-02-24T05:28:11.3813706Z Starting download of artifact to: /home/runner/work/toga/toga/dist
2025-02-24T05:28:11.4451842Z (node:2034) [DEP0005] DeprecationWarning: Buffer() is deprecated due to security and usability issues. Please use the Buffer.alloc(), Buffer.allocUnsafe(), or Buffer.from() methods instead.
2025-02-24T05:28:11.4453453Z (Use `node --trace-deprecation ...` to show where the warning was created)
2025-02-24T05:28:11.4883688Z Artifact download completed successfully.
2025-02-24T05:28:11.4981974Z Artifact download completed successfully.
2025-02-24T05:28:11.5124060Z Artifact download completed successfully.
2025-02-24T05:28:11.5333414Z Artifact download completed successfully.
2025-02-24T05:28:11.5840262Z Artifact download completed successfully.
2025-02-24T05:28:11.5907695Z Artifact download completed successfully.
2025-02-24T05:28:11.5944833Z Artifact download completed successfully.
2025-02-24T05:28:11.5967191Z Artifact download completed successfully.
2025-02-24T05:28:11.6470659Z Artifact download completed successfully.
2025-02-24T05:28:11.6493617Z Artifact download completed successfully.
2025-02-24T05:28:11.6511359Z Artifact download completed successfully.
2025-02-24T05:28:11.8980693Z Artifact download completed successfully.
2025-02-24T05:28:11.8981269Z Total of 12 artifact(s) downloaded
2025-02-24T05:28:11.8987947Z Download artifact has finished successfully
2025-02-24T05:28:11.9111945Z ##[group]Run # The $(ls ...) shell expansion is done in the Github environment; the value of
2025-02-24T05:28:11.9112532Z [36;1m# The $(ls ...) shell expansion is done in the Github environment; the value of[0m
2025-02-24T05:28:11.9113056Z [36;1m# TOGA_INSTALL_COMMAND will be a literal string without any shell expansions to[0m
2025-02-24T05:28:11.9113571Z [36;1m# perform. We don't *explicitly* install the Travertino wheel; we provide the[0m
2025-02-24T05:28:11.9114073Z [36;1m# dist dir as a source of wheels, and rely on pip to resolve the explicit[0m
2025-02-24T05:28:11.9114506Z [36;1m# version match to the Travertino wheel in that folder.[0m
2025-02-24T05:28:11.9115154Z [36;1mexport TOGA_INSTALL_COMMAND="python -m pip install --find-links ../dist ../$(ls dist/toga_core-*.whl)[dev] ../$(ls dist/toga_dummy-*.whl)"[0m
2025-02-24T05:28:11.9115734Z [36;1mtox -e py-cov-trav[0m
2025-02-24T05:28:11.9116041Z [36;1mtox -qe coverage$(tr -dc "0-9" <<< "3.13")-trav[0m
2025-02-24T05:28:11.9116453Z [36;1mmv travertino/.coverage travertino/.coverage.ubuntu-latest.3.13[0m
2025-02-24T05:28:11.9175081Z shell: /usr/bin/bash --noprofile --norc -e -o pipefail {0}
2025-02-24T05:28:11.9175414Z env:
2025-02-24T05:28:11.9175601Z   min_python_version: 3.9
2025-02-24T05:28:11.9175835Z   max_python_version: 3.12
2025-02-24T05:28:11.9176055Z   FORCE_COLOR: 1
2025-02-24T05:28:11.9176318Z   pythonLocation: /opt/hostedtoolcache/Python/3.13.2/x64
2025-02-24T05:28:11.9176733Z   PKG_CONFIG_PATH: /opt/hostedtoolcache/Python/3.13.2/x64/lib/pkgconfig
2025-02-24T05:28:11.9177135Z   Python_ROOT_DIR: /opt/hostedtoolcache/Python/3.13.2/x64
2025-02-24T05:28:11.9177489Z   Python2_ROOT_DIR: /opt/hostedtoolcache/Python/3.13.2/x64
2025-02-24T05:28:11.9177905Z   Python3_ROOT_DIR: /opt/hostedtoolcache/Python/3.13.2/x64
2025-02-24T05:28:11.9178303Z   LD_LIBRARY_PATH: /opt/hostedtoolcache/Python/3.13.2/x64/lib
2025-02-24T05:28:11.9178611Z ##[endgroup]
2025-02-24T05:28:12.5176442Z [1m[35mpy-cov-trav:[0m[36m freeze[22m[2m>[0m python -m pip freeze --all[0m
2025-02-24T05:28:13.0761786Z [1m[35mpy-cov-trav:[0m[36m pip==25.0.1[0m
2025-02-24T05:28:13.0775000Z [1m[35mpy-cov-trav:[0m[36m commands[0][22m /home/runner/work/toga/toga/travertino[2m>[0m python -m pip install --find-links ../dist '../dist/toga_core-0.4.9.dev608+g01152b56b-py3-none-any.whl[dev]' ../dist/toga_dummy-0.4.9.dev608+g01152b56b-py3-none-any.whl[0m
2025-02-24T05:28:13.6259410Z Looking in links: ../dist
2025-02-24T05:28:13.6311433Z Processing /home/runner/work/toga/toga/dist/toga_core-0.4.9.dev608+g01152b56b-py3-none-any.whl (from toga-core==0.4.9.dev608+g01152b56b)
2025-02-24T05:28:13.6394166Z Processing /home/runner/work/toga/toga/dist/toga_dummy-0.4.9.dev608+g01152b56b-py3-none-any.whl
2025-02-24T05:28:13.6864281Z Processing /home/runner/work/toga/toga/dist/travertino-0.4.9.dev608+g01152b56b-py3-none-any.whl (from toga-core==0.4.9.dev608+g01152b56b->toga-core==0.4.9.dev608+g01152b56b)
2025-02-24T05:28:13.8916473Z Collecting coverage==7.6.12 (from coverage[toml]==7.6.12; extra == "dev"->toga-core==0.4.9.dev608+g01152b56b->toga-core==0.4.9.dev608+g01152b56b)
2025-02-24T05:28:13.9727179Z   Downloading coverage-7.6.12-cp313-cp313-manylinux_2_5_x86_64.manylinux1_x86_64.manylinux_2_17_x86_64.manylinux2014_x86_64.whl.metadata (8.5 kB)
2025-02-24T05:28:13.9866509Z Collecting coverage-conditional-plugin==0.9.0 (from toga-core==0.4.9.dev608+g01152b56b->toga-core==0.4.9.dev608+g01152b56b)
2025-02-24T05:28:14.0062029Z   Downloading coverage_conditional_plugin-0.9.0-py3-none-any.whl.metadata (6.9 kB)
2025-02-24T05:28:14.1179754Z Collecting Pillow==11.1.0 (from toga-core==0.4.9.dev608+g01152b56b->toga-core==0.4.9.dev608+g01152b56b)
2025-02-24T05:28:14.1376472Z   Downloading pillow-11.1.0-cp313-cp313-manylinux_2_28_x86_64.whl.metadata (9.1 kB)
2025-02-24T05:28:14.1747971Z Collecting pre-commit==4.1.0 (from toga-core==0.4.9.dev608+g01152b56b->toga-core==0.4.9.dev608+g01152b56b)
2025-02-24T05:28:14.1943530Z   Downloading pre_commit-4.1.0-py2.py3-none-any.whl.metadata (1.3 kB)
2025-02-24T05:28:14.2255617Z Collecting pytest==8.3.4 (from toga-core==0.4.9.dev608+g01152b56b->toga-core==0.4.9.dev608+g01152b56b)
2025-02-24T05:28:14.2448761Z   Downloading pytest-8.3.4-py3-none-any.whl.metadata (7.5 kB)
2025-02-24T05:28:14.2691273Z Collecting pytest-asyncio==0.25.3 (from toga-core==0.4.9.dev608+g01152b56b->toga-core==0.4.9.dev608+g01152b56b)
2025-02-24T05:28:14.2885659Z   Downloading pytest_asyncio-0.25.3-py3-none-any.whl.metadata (3.9 kB)
2025-02-24T05:28:14.3016266Z Collecting pytest-freezer==0.4.9 (from toga-core==0.4.9.dev608+g01152b56b->toga-core==0.4.9.dev608+g01152b56b)
2025-02-24T05:28:14.3210194Z   Downloading pytest_freezer-0.4.9-py3-none-any.whl.metadata (2.1 kB)
2025-02-24T05:28:14.3462184Z Collecting setuptools-scm==8.1.0 (from toga-core==0.4.9.dev608+g01152b56b->toga-core==0.4.9.dev608+g01152b56b)
2025-02-24T05:28:14.3657810Z   Downloading setuptools_scm-8.1.0-py3-none-any.whl.metadata (6.6 kB)
2025-02-24T05:28:14.4052113Z Collecting tox==4.24.1 (from toga-core==0.4.9.dev608+g01152b56b->toga-core==0.4.9.dev608+g01152b56b)
2025-02-24T05:28:14.4062860Z   Using cached tox-4.24.1-py3-none-any.whl.metadata (3.7 kB)
2025-02-24T05:28:14.4280714Z Collecting packaging>=20.4 (from coverage-conditional-plugin==0.9.0->toga-core==0.4.9.dev608+g01152b56b->toga-core==0.4.9.dev608+g01152b56b)
2025-02-24T05:28:14.4290759Z   Using cached packaging-24.2-py3-none-any.whl.metadata (3.2 kB)
2025-02-24T05:28:14.4426352Z Collecting cfgv>=2.0.0 (from pre-commit==4.1.0->toga-core==0.4.9.dev608+g01152b56b->toga-core==0.4.9.dev608+g01152b56b)
2025-02-24T05:28:14.4619933Z   Downloading cfgv-3.4.0-py2.py3-none-any.whl.metadata (8.5 kB)
2025-02-24T05:28:14.5011075Z Collecting identify>=1.0.0 (from pre-commit==4.1.0->toga-core==0.4.9.dev608+g01152b56b->toga-core==0.4.9.dev608+g01152b56b)
2025-02-24T05:28:14.5205385Z   Downloading identify-2.6.8-py2.py3-none-any.whl.metadata (4.4 kB)
2025-02-24T05:28:14.5370263Z Collecting nodeenv>=0.11.1 (from pre-commit==4.1.0->toga-core==0.4.9.dev608+g01152b56b->toga-core==0.4.9.dev608+g01152b56b)
2025-02-24T05:28:14.5565379Z   Downloading nodeenv-1.9.1-py2.py3-none-any.whl.metadata (21 kB)
2025-02-24T05:28:14.5893342Z Collecting pyyaml>=5.1 (from pre-commit==4.1.0->toga-core==0.4.9.dev608+g01152b56b->toga-core==0.4.9.dev608+g01152b56b)
2025-02-24T05:28:14.6088229Z   Downloading PyYAML-6.0.2-cp313-cp313-manylinux_2_17_x86_64.manylinux2014_x86_64.whl.metadata (2.1 kB)
2025-02-24T05:28:14.6449166Z Collecting virtualenv>=20.10.0 (from pre-commit==4.1.0->toga-core==0.4.9.dev608+g01152b56b->toga-core==0.4.9.dev608+g01152b56b)
2025-02-24T05:28:14.6459133Z   Using cached virtualenv-20.29.2-py3-none-any.whl.metadata (4.5 kB)
2025-02-24T05:28:14.6581110Z Collecting iniconfig (from pytest==8.3.4->toga-core==0.4.9.dev608+g01152b56b->toga-core==0.4.9.dev608+g01152b56b)
2025-02-24T05:28:14.6776534Z   Downloading iniconfig-2.0.0-py3-none-any.whl.metadata (2.6 kB)
2025-02-24T05:28:14.6921982Z Collecting pluggy<2,>=1.5 (from pytest==8.3.4->toga-core==0.4.9.dev608+g01152b56b->toga-core==0.4.9.dev608+g01152b56b)
2025-02-24T05:28:14.6932076Z   Using cached pluggy-1.5.0-py3-none-any.whl.metadata (4.8 kB)
2025-02-24T05:28:14.7235033Z Collecting freezegun>=1.1 (from pytest-freezer==0.4.9->toga-core==0.4.9.dev608+g01152b56b->toga-core==0.4.9.dev608+g01152b56b)
2025-02-24T05:28:14.7429029Z   Downloading freezegun-1.5.1-py3-none-any.whl.metadata (11 kB)
2025-02-24T05:28:14.8399139Z Collecting setuptools (from setuptools-scm==8.1.0->toga-core==0.4.9.dev608+g01152b56b->toga-core==0.4.9.dev608+g01152b56b)
2025-02-24T05:28:14.8411044Z   Using cached setuptools-75.8.0-py3-none-any.whl.metadata (6.7 kB)
2025-02-24T05:28:14.8766226Z Collecting cachetools>=5.5 (from tox==4.24.1->toga-core==0.4.9.dev608+g01152b56b->toga-core==0.4.9.dev608+g01152b56b)
2025-02-24T05:28:14.8781809Z   Using cached cachetools-5.5.2-py3-none-any.whl.metadata (5.4 kB)
2025-02-24T05:28:14.8909122Z Collecting chardet>=5.2 (from tox==4.24.1->toga-core==0.4.9.dev608+g01152b56b->toga-core==0.4.9.dev608+g01152b56b)
2025-02-24T05:28:14.8924628Z   Using cached chardet-5.2.0-py3-none-any.whl.metadata (3.4 kB)
2025-02-24T05:28:14.9137414Z Collecting colorama>=0.4.6 (from tox==4.24.1->toga-core==0.4.9.dev608+g01152b56b->toga-core==0.4.9.dev608+g01152b56b)
2025-02-24T05:28:14.9147534Z   Using cached colorama-0.4.6-py2.py3-none-any.whl.metadata (17 kB)
2025-02-24T05:28:14.9333133Z Collecting filelock>=3.16.1 (from tox==4.24.1->toga-core==0.4.9.dev608+g01152b56b->toga-core==0.4.9.dev608+g01152b56b)
2025-02-24T05:28:14.9343852Z   Using cached filelock-3.17.0-py3-none-any.whl.metadata (2.9 kB)
2025-02-24T05:28:14.9519196Z Collecting platformdirs>=4.3.6 (from tox==4.24.1->toga-core==0.4.9.dev608+g01152b56b->toga-core==0.4.9.dev608+g01152b56b)
2025-02-24T05:28:14.9529652Z   Using cached platformdirs-4.3.6-py3-none-any.whl.metadata (11 kB)
2025-02-24T05:28:14.9643509Z Collecting pyproject-api>=1.8 (from tox==4.24.1->toga-core==0.4.9.dev608+g01152b56b->toga-core==0.4.9.dev608+g01152b56b)
2025-02-24T05:28:14.9653854Z   Using cached pyproject_api-1.9.0-py3-none-any.whl.metadata (2.7 kB)
2025-02-24T05:28:14.9920928Z Collecting python-dateutil>=2.7 (from freezegun>=1.1->pytest-freezer==0.4.9->toga-core==0.4.9.dev608+g01152b56b->toga-core==0.4.9.dev608+g01152b56b)
2025-02-24T05:28:15.0115326Z   Downloading python_dateutil-2.9.0.post0-py2.py3-none-any.whl.metadata (8.4 kB)
2025-02-24T05:28:15.0333610Z Collecting distlib<1,>=0.3.7 (from virtualenv>=20.10.0->pre-commit==4.1.0->toga-core==0.4.9.dev608+g01152b56b->toga-core==0.4.9.dev608+g01152b56b)
2025-02-24T05:28:15.0343540Z   Using cached distlib-0.3.9-py2.py3-none-any.whl.metadata (5.2 kB)
2025-02-24T05:28:15.0595065Z Collecting six>=1.5 (from python-dateutil>=2.7->freezegun>=1.1->pytest-freezer==0.4.9->toga-core==0.4.9.dev608+g01152b56b->toga-core==0.4.9.dev608+g01152b56b)
2025-02-24T05:28:15.0792101Z   Downloading six-1.17.0-py2.py3-none-any.whl.metadata (1.7 kB)
2025-02-24T05:28:15.1060572Z Downloading coverage-7.6.12-cp313-cp313-manylinux_2_5_x86_64.manylinux1_x86_64.manylinux_2_17_x86_64.manylinux2014_x86_64.whl (241 kB)
2025-02-24T05:28:15.1698202Z Downloading coverage_conditional_plugin-0.9.0-py3-none-any.whl (7.3 kB)
2025-02-24T05:28:15.1915064Z Downloading pillow-11.1.0-cp313-cp313-manylinux_2_28_x86_64.whl (4.5 MB)
2025-02-24T05:28:15.2771336Z [?25l   [90m━━━━━━━━━━━━━━━━━━━━━━━━━━━━━━━━━━━━━━━━[0m [32m0.0/4.5 MB[0m [31m?[0m eta [36m-:--:--[0m
2025-02-24T05:28:15.2772237Z [2K   [90m━━━━━━━━━━━━━━━━━━━━━━━━━━━━━━━━━━━━━━━━[0m [32m4.5/4.5 MB[0m [31m55.2 MB/s[0m eta [36m0:00:00[0m
2025-02-24T05:28:15.2966324Z [?25hDownloading pre_commit-4.1.0-py2.py3-none-any.whl (220 kB)
2025-02-24T05:28:15.3195567Z Downloading pytest-8.3.4-py3-none-any.whl (343 kB)
2025-02-24T05:28:15.3429607Z Downloading pytest_asyncio-0.25.3-py3-none-any.whl (19 kB)
2025-02-24T05:28:15.3646437Z Downloading pytest_freezer-0.4.9-py3-none-any.whl (3.2 kB)
2025-02-24T05:28:15.3865787Z Downloading setuptools_scm-8.1.0-py3-none-any.whl (43 kB)
2025-02-24T05:28:15.3904377Z Using cached tox-4.24.1-py3-none-any.whl (171 kB)
2025-02-24T05:28:15.3916365Z Using cached cachetools-5.5.2-py3-none-any.whl (10 kB)
2025-02-24T05:28:15.4112940Z Downloading cfgv-3.4.0-py2.py3-none-any.whl (7.2 kB)
2025-02-24T05:28:15.4143864Z Using cached chardet-5.2.0-py3-none-any.whl (199 kB)
2025-02-24T05:28:15.4155791Z Using cached colorama-0.4.6-py2.py3-none-any.whl (25 kB)
2025-02-24T05:28:15.4166701Z Using cached filelock-3.17.0-py3-none-any.whl (16 kB)
2025-02-24T05:28:15.4362008Z Downloading freezegun-1.5.1-py3-none-any.whl (17 kB)
2025-02-24T05:28:15.4577004Z Downloading identify-2.6.8-py2.py3-none-any.whl (99 kB)
2025-02-24T05:28:15.4803105Z Downloading nodeenv-1.9.1-py2.py3-none-any.whl (22 kB)
2025-02-24T05:28:15.4845285Z Using cached packaging-24.2-py3-none-any.whl (65 kB)
2025-02-24T05:28:15.4856368Z Using cached platformdirs-4.3.6-py3-none-any.whl (18 kB)
2025-02-24T05:28:15.4866967Z Using cached pluggy-1.5.0-py3-none-any.whl (20 kB)
2025-02-24T05:28:15.4877370Z Using cached pyproject_api-1.9.0-py3-none-any.whl (13 kB)
2025-02-24T05:28:15.5074154Z Downloading PyYAML-6.0.2-cp313-cp313-manylinux_2_17_x86_64.manylinux2014_x86_64.whl (759 kB)
2025-02-24T05:28:15.5157608Z [?25l   [90m━━━━━━━━━━━━━━━━━━━━━━━━━━━━━━━━━━━━━━━━[0m [32m0.0/759.5 kB[0m [31m?[0m eta [36m-:--:--[0m
2025-02-24T05:28:15.5158712Z [2K   [90m━━━━━━━━━━━━━━━━━━━━━━━━━━━━━━━━━━━━━━━━[0m [32m759.5/759.5 kB[0m [31m98.6 MB/s[0m eta [36m0:00:00[0m
2025-02-24T05:28:15.5172329Z [?25hUsing cached virtualenv-20.29.2-py3-none-any.whl (4.3 MB)
2025-02-24T05:28:15.5401568Z Downloading iniconfig-2.0.0-py3-none-any.whl (5.9 kB)
2025-02-24T05:28:15.5432925Z Using cached setuptools-75.8.0-py3-none-any.whl (1.2 MB)
2025-02-24T05:28:15.5452526Z Using cached distlib-0.3.9-py2.py3-none-any.whl (468 kB)
2025-02-24T05:28:15.5651509Z Downloading python_dateutil-2.9.0.post0-py2.py3-none-any.whl (229 kB)
2025-02-24T05:28:15.5877337Z Downloading six-1.17.0-py2.py3-none-any.whl (11 kB)
2025-02-24T05:28:15.6683090Z Installing collected packages: distlib, travertino, six, setuptools, pyyaml, pluggy, platformdirs, Pillow, packaging, nodeenv, iniconfig, identify, filelock, coverage, colorama, chardet, cfgv, cachetools, virtualenv, toga-core, setuptools-scm, python-dateutil, pytest, pyproject-api, coverage-conditional-plugin, tox, toga-dummy, pytest-asyncio, pre-commit, freezegun, pytest-freezer
2025-02-24T05:28:18.1009912Z Successfully installed Pillow-11.1.0 cachetools-5.5.2 cfgv-3.4.0 chardet-5.2.0 colorama-0.4.6 coverage-7.6.12 coverage-conditional-plugin-0.9.0 distlib-0.3.9 filelock-3.17.0 freezegun-1.5.1 identify-2.6.8 iniconfig-2.0.0 nodeenv-1.9.1 packaging-24.2 platformdirs-4.3.6 pluggy-1.5.0 pre-commit-4.1.0 pyproject-api-1.9.0 pytest-8.3.4 pytest-asyncio-0.25.3 pytest-freezer-0.4.9 python-dateutil-2.9.0.post0 pyyaml-6.0.2 setuptools-75.8.0 setuptools-scm-8.1.0 six-1.17.0 toga-core-0.4.9.dev608+g01152b56b toga-dummy-0.4.9.dev608+g01152b56b tox-4.24.1 travertino-0.4.9.dev608+g01152b56b virtualenv-20.29.2
2025-02-24T05:28:18.1841728Z [1m[35mpy-cov-trav:[0m[36m commands[1][22m /home/runner/work/toga/toga/travertino[2m>[0m python -m coverage run -m pytest -vv --color yes[0m
2025-02-24T05:28:18.7591472Z [1m============================= test session starts ==============================[0m
2025-02-24T05:28:18.7592543Z platform linux -- Python 3.13.2, pytest-8.3.4, pluggy-1.5.0 -- /home/runner/work/toga/toga/.tox/py-cov-trav/bin/python
2025-02-24T05:28:18.7593329Z cachedir: /home/runner/work/toga/toga/.tox/py-cov-trav/.pytest_cache
2025-02-24T05:28:18.7594042Z rootdir: /home/runner/work/toga/toga/travertino
2025-02-24T05:28:18.7594427Z configfile: pyproject.toml
2025-02-24T05:28:18.7594769Z plugins: asyncio-0.25.3, pytest_freezer-0.4.9
2025-02-24T05:28:18.7595253Z asyncio: mode=Mode.STRICT, asyncio_default_fixture_loop_scope=function
2025-02-24T05:28:19.6167174Z [1mcollecting ... [0mcollected 645 items
2025-02-24T05:28:19.6167675Z 
2025-02-24T05:28:19.6203712Z tests/colors/test_alpha_blending.py::test_alpha_blending_over[front_color0-back_color0-expected_blended_color0] [32mPASSED[0m[32m [  0%][0m
2025-02-24T05:28:19.6224300Z tests/colors/test_alpha_blending.py::test_alpha_blending_over[front_color1-back_color1-expected_blended_color1] [32mPASSED[0m[32m [  0%][0m
2025-02-24T05:28:19.6246616Z tests/colors/test_alpha_blending.py::test_alpha_blending_over[front_color2-back_color2-expected_blended_color2] [32mPASSED[0m[32m [  0%][0m
2025-02-24T05:28:19.6267465Z tests/colors/test_alpha_blending.py::test_alpha_blending_over[front_color3-back_color3-expected_blended_color3] [32mPASSED[0m[32m [  0%][0m
2025-02-24T05:28:19.6286323Z tests/colors/test_alpha_blending.py::test_alpha_blending_over[front_color4-back_color4-expected_blended_color4] [32mPASSED[0m[32m [  0%][0m
2025-02-24T05:28:19.6305728Z tests/colors/test_alpha_blending.py::test_alpha_blending_over[front_color5-back_color5-expected_blended_color5] [32mPASSED[0m[32m [  0%][0m
2025-02-24T05:28:19.6325349Z tests/colors/test_alpha_blending.py::test_alpha_blending_over[front_color6-back_color6-expected_blended_color6] [32mPASSED[0m[32m [  1%][0m
2025-02-24T05:28:19.6344324Z tests/colors/test_alpha_blending.py::test_alpha_blending_over[front_color7-back_color7-expected_blended_color7] [32mPASSED[0m[32m [  1%][0m
2025-02-24T05:28:19.6363956Z tests/colors/test_alpha_blending.py::test_alpha_blending_over[front_color8-back_color8-expected_blended_color8] [32mPASSED[0m[32m [  1%][0m
2025-02-24T05:28:19.6383511Z tests/colors/test_alpha_blending.py::test_alpha_blending_over[front_color9-back_color9-expected_blended_color9] [32mPASSED[0m[32m [  1%][0m
2025-02-24T05:28:19.6402976Z tests/colors/test_alpha_blending.py::test_alpha_blending_over[front_color10-back_color10-expected_blended_color10] [32mPASSED[0m[32m [  1%][0m
2025-02-24T05:28:19.6422255Z tests/colors/test_alpha_blending.py::test_alpha_blending_over[front_color11-back_color11-expected_blended_color11] [32mPASSED[0m[32m [  1%][0m
2025-02-24T05:28:19.6441963Z tests/colors/test_alpha_blending.py::test_alpha_blending_over[front_color12-back_color12-expected_blended_color12] [32mPASSED[0m[32m [  2%][0m
2025-02-24T05:28:19.6461562Z tests/colors/test_alpha_blending.py::test_alpha_blending_over[front_color13-back_color13-expected_blended_color13] [32mPASSED[0m[32m [  2%][0m
2025-02-24T05:28:19.6480911Z tests/colors/test_alpha_blending.py::test_alpha_blending_over[front_color14-back_color14-expected_blended_color14] [32mPASSED[0m[32m [  2%][0m
2025-02-24T05:28:19.6500180Z tests/colors/test_alpha_blending.py::test_alpha_blending_over[front_color15-back_color15-expected_blended_color15] [32mPASSED[0m[32m [  2%][0m
2025-02-24T05:28:19.6519588Z tests/colors/test_alpha_blending.py::test_alpha_blending_over[front_color16-back_color16-expected_blended_color16] [32mPASSED[0m[32m [  2%][0m
2025-02-24T05:28:19.6538970Z tests/colors/test_alpha_blending.py::test_alpha_blending_over[front_color17-back_color17-expected_blended_color17] [32mPASSED[0m[32m [  2%][0m
2025-02-24T05:28:19.6558045Z tests/colors/test_alpha_blending.py::test_alpha_blending_over[front_color18-back_color18-expected_blended_color18] [32mPASSED[0m[32m [  2%][0m
2025-02-24T05:28:19.6577266Z tests/colors/test_alpha_blending.py::test_alpha_blending_over[front_color19-back_color19-expected_blended_color19] [32mPASSED[0m[32m [  3%][0m
2025-02-24T05:28:19.6596932Z tests/colors/test_alpha_blending.py::test_alpha_blending_over[front_color20-back_color20-expected_blended_color20] [32mPASSED[0m[32m [  3%][0m
2025-02-24T05:28:19.6616363Z tests/colors/test_alpha_blending.py::test_alpha_blending_over[front_color21-back_color21-expected_blended_color21] [32mPASSED[0m[32m [  3%][0m
2025-02-24T05:28:19.6647563Z tests/colors/test_alpha_blending.py::test_alpha_blending_over[front_color22-back_color22-expected_blended_color22] [32mPASSED[0m[32m [  3%][0m
2025-02-24T05:28:19.6657942Z tests/colors/test_alpha_blending.py::test_alpha_blending_over[front_color23-back_color23-expected_blended_color23] [32mPASSED[0m[32m [  3%][0m
2025-02-24T05:28:19.6690791Z tests/colors/test_alpha_blending.py::test_alpha_blending_over[front_color24-back_color24-expected_blended_color24] [32mPASSED[0m[32m [  3%][0m
2025-02-24T05:28:19.6715857Z tests/colors/test_alpha_blending.py::test_alpha_blending_over[front_color25-back_color25-expected_blended_color25] [32mPASSED[0m[32m [  4%][0m
2025-02-24T05:28:19.6735479Z tests/colors/test_alpha_blending.py::test_alpha_blending_over[front_color26-back_color26-expected_blended_color26] [32mPASSED[0m[32m [  4%][0m
2025-02-24T05:28:19.6754950Z tests/colors/test_alpha_blending.py::test_alpha_blending_over[front_color27-back_color27-expected_blended_color27] [32mPASSED[0m[32m [  4%][0m
2025-02-24T05:28:19.6774300Z tests/colors/test_alpha_blending.py::test_alpha_blending_over[front_color28-back_color28-expected_blended_color28] [32mPASSED[0m[32m [  4%][0m
2025-02-24T05:28:19.6793671Z tests/colors/test_alpha_blending.py::test_alpha_blending_over[front_color29-back_color29-expected_blended_color29] [32mPASSED[0m[32m [  4%][0m
2025-02-24T05:28:19.6815507Z tests/colors/test_alpha_blending.py::test_alpha_blending_over[front_color30-back_color30-expected_blended_color30] [32mPASSED[0m[32m [  4%][0m
2025-02-24T05:28:19.6835810Z tests/colors/test_alpha_blending.py::test_alpha_blending_over[front_color31-back_color31-expected_blended_color31] [32mPASSED[0m[32m [  4%][0m
2025-02-24T05:28:19.6855408Z tests/colors/test_alpha_blending.py::test_alpha_blending_over[front_color32-back_color32-expected_blended_color32] [32mPASSED[0m[32m [  5%][0m
2025-02-24T05:28:19.6874877Z tests/colors/test_alpha_blending.py::test_alpha_blending_over[front_color33-back_color33-expected_blended_color33] [32mPASSED[0m[32m [  5%][0m
2025-02-24T05:28:19.6894377Z tests/colors/test_alpha_blending.py::test_alpha_blending_over[front_color34-back_color34-expected_blended_color34] [32mPASSED[0m[32m [  5%][0m
2025-02-24T05:28:19.6915045Z tests/colors/test_alpha_blending.py::test_alpha_blending_over[front_color35-back_color35-expected_blended_color35] [32mPASSED[0m[32m [  5%][0m
2025-02-24T05:28:19.6934392Z tests/colors/test_alpha_blending.py::test_alpha_blending_over[front_color36-back_color36-expected_blended_color36] [32mPASSED[0m[32m [  5%][0m
2025-02-24T05:28:19.6953862Z tests/colors/test_alpha_blending.py::test_alpha_blending_over[front_color37-back_color37-expected_blended_color37] [32mPASSED[0m[32m [  5%][0m
2025-02-24T05:28:19.6973208Z tests/colors/test_alpha_blending.py::test_alpha_blending_over[front_color38-back_color38-expected_blended_color38] [32mPASSED[0m[32m [  6%][0m
2025-02-24T05:28:19.6992926Z tests/colors/test_alpha_blending.py::test_alpha_blending_over[front_color39-back_color39-expected_blended_color39] [32mPASSED[0m[32m [  6%][0m
2025-02-24T05:28:19.7012519Z tests/colors/test_alpha_blending.py::test_alpha_blending_over[front_color40-back_color40-expected_blended_color40] [32mPASSED[0m[32m [  6%][0m
2025-02-24T05:28:19.7032117Z tests/colors/test_alpha_blending.py::test_alpha_blending_over[front_color41-back_color41-expected_blended_color41] [32mPASSED[0m[32m [  6%][0m
2025-02-24T05:28:19.7051441Z tests/colors/test_alpha_blending.py::test_alpha_blending_over[front_color42-back_color42-expected_blended_color42] [32mPASSED[0m[32m [  6%][0m
2025-02-24T05:28:19.7070647Z tests/colors/test_alpha_blending.py::test_alpha_blending_over[front_color43-back_color43-expected_blended_color43] [32mPASSED[0m[32m [  6%][0m
2025-02-24T05:28:19.7090058Z tests/colors/test_alpha_blending.py::test_alpha_blending_over[front_color44-back_color44-expected_blended_color44] [32mPASSED[0m[32m [  6%][0m
2025-02-24T05:28:19.7109382Z tests/colors/test_alpha_blending.py::test_alpha_blending_over[front_color45-back_color45-expected_blended_color45] [32mPASSED[0m[32m [  7%][0m
2025-02-24T05:28:19.7128532Z tests/colors/test_alpha_blending.py::test_alpha_blending_over[front_color46-back_color46-expected_blended_color46] [32mPASSED[0m[32m [  7%][0m
2025-02-24T05:28:19.7148131Z tests/colors/test_alpha_blending.py::test_alpha_blending_over[front_color47-back_color47-expected_blended_color47] [32mPASSED[0m[32m [  7%][0m
2025-02-24T05:28:19.7167447Z tests/colors/test_alpha_blending.py::test_alpha_blending_over[front_color48-back_color48-expected_blended_color48] [32mPASSED[0m[32m [  7%][0m
2025-02-24T05:28:19.7186163Z tests/colors/test_alpha_blending.py::test_alpha_blending_over[front_color49-back_color49-expected_blended_color49] [32mPASSED[0m[32m [  7%][0m
2025-02-24T05:28:19.7205370Z tests/colors/test_alpha_blending.py::test_alpha_blending_over[front_color50-back_color50-expected_blended_color50] [32mPASSED[0m[32m [  7%][0m
2025-02-24T05:28:19.7224710Z tests/colors/test_alpha_blending.py::test_alpha_blending_over[front_color51-back_color51-expected_blended_color51] [32mPASSED[0m[32m [  8%][0m
2025-02-24T05:28:19.7244243Z tests/colors/test_alpha_blending.py::test_alpha_blending_over[front_color52-back_color52-expected_blended_color52] [32mPASSED[0m[32m [  8%][0m
2025-02-24T05:28:19.7263679Z tests/colors/test_alpha_blending.py::test_alpha_blending_over[front_color53-back_color53-expected_blended_color53] [32mPASSED[0m[32m [  8%][0m
2025-02-24T05:28:19.7282832Z tests/colors/test_alpha_blending.py::test_alpha_blending_over[front_color54-back_color54-expected_blended_color54] [32mPASSED[0m[32m [  8%][0m
2025-02-24T05:28:19.7304564Z tests/colors/test_alpha_blending.py::test_alpha_blending_over[front_color55-back_color55-expected_blended_color55] [32mPASSED[0m[32m [  8%][0m
2025-02-24T05:28:19.7323995Z tests/colors/test_alpha_blending.py::test_alpha_blending_over[front_color56-back_color56-expected_blended_color56] [32mPASSED[0m[32m [  8%][0m
2025-02-24T05:28:19.7343366Z tests/colors/test_alpha_blending.py::test_alpha_blending_over[front_color57-back_color57-expected_blended_color57] [32mPASSED[0m[32m [  8%][0m
2025-02-24T05:28:19.7362696Z tests/colors/test_alpha_blending.py::test_alpha_blending_over[front_color58-back_color58-expected_blended_color58] [32mPASSED[0m[32m [  9%][0m
2025-02-24T05:28:19.7382030Z tests/colors/test_alpha_blending.py::test_alpha_blending_over[front_color59-back_color59-expected_blended_color59] [32mPASSED[0m[32m [  9%][0m
2025-02-24T05:28:19.7407442Z tests/colors/test_alpha_blending.py::test_alpha_blending_over[front_color60-back_color60-expected_blended_color60] [32mPASSED[0m[32m [  9%][0m
2025-02-24T05:28:19.7427012Z tests/colors/test_alpha_blending.py::test_alpha_blending_over[front_color61-back_color61-expected_blended_color61] [32mPASSED[0m[32m [  9%][0m
2025-02-24T05:28:19.7446472Z tests/colors/test_alpha_blending.py::test_alpha_blending_over[front_color62-back_color62-expected_blended_color62] [32mPASSED[0m[32m [  9%][0m
2025-02-24T05:28:19.7465796Z tests/colors/test_alpha_blending.py::test_alpha_blending_over[front_color63-back_color63-expected_blended_color63] [32mPASSED[0m[32m [  9%][0m
2025-02-24T05:28:19.7484951Z tests/colors/test_alpha_blending.py::test_alpha_blending_over[front_color64-back_color64-expected_blended_color64] [32mPASSED[0m[32m [ 10%][0m
2025-02-24T05:28:19.7504558Z tests/colors/test_alpha_blending.py::test_alpha_blending_over[front_color65-back_color65-expected_blended_color65] [32mPASSED[0m[32m [ 10%][0m
2025-02-24T05:28:19.7523842Z tests/colors/test_alpha_blending.py::test_alpha_blending_over[front_color66-back_color66-expected_blended_color66] [32mPASSED[0m[32m [ 10%][0m
2025-02-24T05:28:19.7543168Z tests/colors/test_alpha_blending.py::test_alpha_blending_over[front_color67-back_color67-expected_blended_color67] [32mPASSED[0m[32m [ 10%][0m
2025-02-24T05:28:19.7562780Z tests/colors/test_alpha_blending.py::test_alpha_blending_over[front_color68-back_color68-expected_blended_color68] [32mPASSED[0m[32m [ 10%][0m
2025-02-24T05:28:19.7582334Z tests/colors/test_alpha_blending.py::test_alpha_blending_over[front_color69-back_color69-expected_blended_color69] [32mPASSED[0m[32m [ 10%][0m
2025-02-24T05:28:19.7601692Z tests/colors/test_alpha_blending.py::test_alpha_blending_over[front_color70-back_color70-expected_blended_color70] [32mPASSED[0m[32m [ 11%][0m
2025-02-24T05:28:19.7621226Z tests/colors/test_alpha_blending.py::test_alpha_blending_over[front_color71-back_color71-expected_blended_color71] [32mPASSED[0m[32m [ 11%][0m
2025-02-24T05:28:19.7640773Z tests/colors/test_alpha_blending.py::test_alpha_blending_over[front_color72-back_color72-expected_blended_color72] [32mPASSED[0m[32m [ 11%][0m
2025-02-24T05:28:19.7660074Z tests/colors/test_alpha_blending.py::test_alpha_blending_over[front_color73-back_color73-expected_blended_color73] [32mPASSED[0m[32m [ 11%][0m
2025-02-24T05:28:19.7679273Z tests/colors/test_alpha_blending.py::test_alpha_blending_over[front_color74-back_color74-expected_blended_color74] [32mPASSED[0m[32m [ 11%][0m
2025-02-24T05:28:19.7698512Z tests/colors/test_alpha_blending.py::test_alpha_blending_over[front_color75-back_color75-expected_blended_color75] [32mPASSED[0m[32m [ 11%][0m
2025-02-24T05:28:19.7718758Z tests/colors/test_alpha_blending.py::test_alpha_blending_over[front_color76-back_color76-expected_blended_color76] [32mPASSED[0m[32m [ 11%][0m
2025-02-24T05:28:19.7738046Z tests/colors/test_alpha_blending.py::test_alpha_blending_over[front_color77-back_color77-expected_blended_color77] [32mPASSED[0m[32m [ 12%][0m
2025-02-24T05:28:19.7757478Z tests/colors/test_alpha_blending.py::test_alpha_blending_over[front_color78-back_color78-expected_blended_color78] [32mPASSED[0m[32m [ 12%][0m
2025-02-24T05:28:19.7777022Z tests/colors/test_alpha_blending.py::test_alpha_blending_over[front_color79-back_color79-expected_blended_color79] [32mPASSED[0m[32m [ 12%][0m
2025-02-24T05:28:19.7796501Z tests/colors/test_alpha_blending.py::test_alpha_blending_over[front_color80-back_color80-expected_blended_color80] [32mPASSED[0m[32m [ 12%][0m
2025-02-24T05:28:19.7830573Z tests/colors/test_alpha_blending.py::test_alpha_unblend_over[front_color0-back_color0] [32mPASSED[0m[32m [ 12%][0m
2025-02-24T05:28:19.7851076Z tests/colors/test_alpha_blending.py::test_alpha_unblend_over[front_color1-back_color1] [32mPASSED[0m[32m [ 12%][0m
2025-02-24T05:28:19.7869931Z tests/colors/test_alpha_blending.py::test_alpha_unblend_over[front_color2-back_color2] [32mPASSED[0m[32m [ 13%][0m
2025-02-24T05:28:19.7888764Z tests/colors/test_alpha_blending.py::test_alpha_unblend_over[front_color3-back_color3] [32mPASSED[0m[32m [ 13%][0m
2025-02-24T05:28:19.7907647Z tests/colors/test_alpha_blending.py::test_alpha_unblend_over[front_color4-back_color4] [32mPASSED[0m[32m [ 13%][0m
2025-02-24T05:28:19.7926726Z tests/colors/test_alpha_blending.py::test_alpha_unblend_over[front_color5-back_color5] [32mPASSED[0m[32m [ 13%][0m
2025-02-24T05:28:19.7945569Z tests/colors/test_alpha_blending.py::test_alpha_unblend_over[front_color6-back_color6] [32mPASSED[0m[32m [ 13%][0m
2025-02-24T05:28:19.7963470Z tests/colors/test_alpha_blending.py::test_alpha_unblend_over[front_color7-back_color7] [32mPASSED[0m[32m [ 13%][0m
2025-02-24T05:28:19.7982408Z tests/colors/test_alpha_blending.py::test_alpha_unblend_over[front_color8-back_color8] [32mPASSED[0m[32m [ 13%][0m
2025-02-24T05:28:19.8001193Z tests/colors/test_alpha_blending.py::test_alpha_unblend_over[front_color9-back_color9] [32mPASSED[0m[32m [ 14%][0m
2025-02-24T05:28:19.8019941Z tests/colors/test_alpha_blending.py::test_alpha_unblend_over[front_color10-back_color10] [32mPASSED[0m[32m [ 14%][0m
2025-02-24T05:28:19.8039068Z tests/colors/test_alpha_blending.py::test_alpha_unblend_over[front_color11-back_color11] [32mPASSED[0m[32m [ 14%][0m
2025-02-24T05:28:19.8057887Z tests/colors/test_alpha_blending.py::test_alpha_unblend_over[front_color12-back_color12] [32mPASSED[0m[32m [ 14%][0m
2025-02-24T05:28:19.8076904Z tests/colors/test_alpha_blending.py::test_alpha_unblend_over[front_color13-back_color13] [32mPASSED[0m[32m [ 14%][0m
2025-02-24T05:28:19.8096155Z tests/colors/test_alpha_blending.py::test_alpha_unblend_over[front_color14-back_color14] [32mPASSED[0m[32m [ 14%][0m
2025-02-24T05:28:19.8115111Z tests/colors/test_alpha_blending.py::test_alpha_unblend_over[front_color15-back_color15] [32mPASSED[0m[32m [ 15%][0m
2025-02-24T05:28:19.8134503Z tests/colors/test_alpha_blending.py::test_alpha_unblend_over[front_color16-back_color16] [32mPASSED[0m[32m [ 15%][0m
2025-02-24T05:28:19.8154460Z tests/colors/test_alpha_blending.py::test_alpha_unblend_over[front_color17-back_color17] [32mPASSED[0m[32m [ 15%][0m
2025-02-24T05:28:19.8173507Z tests/colors/test_alpha_blending.py::test_alpha_unblend_over[front_color18-back_color18] [32mPASSED[0m[32m [ 15%][0m
2025-02-24T05:28:19.8192420Z tests/colors/test_alpha_blending.py::test_alpha_unblend_over[front_color19-back_color19] [32mPASSED[0m[32m [ 15%][0m
2025-02-24T05:28:19.8211191Z tests/colors/test_alpha_blending.py::test_alpha_unblend_over[front_color20-back_color20] [32mPASSED[0m[32m [ 15%][0m
2025-02-24T05:28:19.8229829Z tests/colors/test_alpha_blending.py::test_alpha_unblend_over[front_color21-back_color21] [32mPASSED[0m[32m [ 15%][0m
2025-02-24T05:28:19.8249118Z tests/colors/test_alpha_blending.py::test_alpha_unblend_over[front_color22-back_color22] [32mPASSED[0m[32m [ 16%][0m
2025-02-24T05:28:19.8269462Z tests/colors/test_alpha_blending.py::test_alpha_unblend_over[front_color23-back_color23] [32mPASSED[0m[32m [ 16%][0m
2025-02-24T05:28:19.8287966Z tests/colors/test_alpha_blending.py::test_alpha_unblend_over[front_color24-back_color24] [32mPASSED[0m[32m [ 16%][0m
2025-02-24T05:28:19.8306808Z tests/colors/test_alpha_blending.py::test_alpha_unblend_over[front_color25-back_color25] [32mPASSED[0m[32m [ 16%][0m
2025-02-24T05:28:19.8325578Z tests/colors/test_alpha_blending.py::test_alpha_unblend_over[front_color26-back_color26] [32mPASSED[0m[32m [ 16%][0m
2025-02-24T05:28:19.8344305Z tests/colors/test_alpha_blending.py::test_alpha_unblend_over[front_color27-back_color27] [32mPASSED[0m[32m [ 16%][0m
2025-02-24T05:28:19.8365158Z tests/colors/test_alpha_blending.py::test_alpha_unblend_over[front_color28-back_color28] [32mPASSED[0m[32m [ 17%][0m
2025-02-24T05:28:19.8383870Z tests/colors/test_alpha_blending.py::test_alpha_unblend_over[front_color29-back_color29] [32mPASSED[0m[32m [ 17%][0m
2025-02-24T05:28:19.8402020Z tests/colors/test_alpha_blending.py::test_alpha_unblend_over[front_color30-back_color30] [32mPASSED[0m[32m [ 17%][0m
2025-02-24T05:28:19.8421012Z tests/colors/test_alpha_blending.py::test_alpha_unblend_over[front_color31-back_color31] [32mPASSED[0m[32m [ 17%][0m
2025-02-24T05:28:19.8439619Z tests/colors/test_alpha_blending.py::test_alpha_unblend_over[front_color32-back_color32] [32mPASSED[0m[32m [ 17%][0m
2025-02-24T05:28:19.8458257Z tests/colors/test_alpha_blending.py::test_alpha_unblend_over[front_color33-back_color33] [32mPASSED[0m[32m [ 17%][0m
2025-02-24T05:28:19.8477012Z tests/colors/test_alpha_blending.py::test_alpha_unblend_over[front_color34-back_color34] [32mPASSED[0m[32m [ 17%][0m
2025-02-24T05:28:19.8495863Z tests/colors/test_alpha_blending.py::test_alpha_unblend_over[front_color35-back_color35] [32mPASSED[0m[32m [ 18%][0m
2025-02-24T05:28:19.8516093Z tests/colors/test_alpha_blending.py::test_alpha_unblend_over[front_color36-back_color36] [32mPASSED[0m[32m [ 18%][0m
2025-02-24T05:28:19.8534665Z tests/colors/test_alpha_blending.py::test_alpha_unblend_over[front_color37-back_color37] [32mPASSED[0m[32m [ 18%][0m
2025-02-24T05:28:19.8554784Z tests/colors/test_alpha_blending.py::test_alpha_unblend_over[front_color38-back_color38] [32mPASSED[0m[32m [ 18%][0m
2025-02-24T05:28:19.8574102Z tests/colors/test_alpha_blending.py::test_alpha_unblend_over[front_color39-back_color39] [32mPASSED[0m[32m [ 18%][0m
2025-02-24T05:28:19.8593012Z tests/colors/test_alpha_blending.py::test_alpha_unblend_over[front_color40-back_color40] [32mPASSED[0m[32m [ 18%][0m
2025-02-24T05:28:19.8612450Z tests/colors/test_alpha_blending.py::test_alpha_unblend_over[front_color41-back_color41] [32mPASSED[0m[32m [ 19%][0m
2025-02-24T05:28:19.8631582Z tests/colors/test_alpha_blending.py::test_alpha_unblend_over[front_color42-back_color42] [32mPASSED[0m[32m [ 19%][0m
2025-02-24T05:28:19.8651517Z tests/colors/test_alpha_blending.py::test_alpha_unblend_over[front_color43-back_color43] [32mPASSED[0m[32m [ 19%][0m
2025-02-24T05:28:19.8671261Z tests/colors/test_alpha_blending.py::test_alpha_unblend_over[front_color44-back_color44] [32mPASSED[0m[32m [ 19%][0m
2025-02-24T05:28:19.8690007Z tests/colors/test_alpha_blending.py::test_alpha_unblend_over[front_color45-back_color45] [32mPASSED[0m[32m [ 19%][0m
2025-02-24T05:28:19.8709031Z tests/colors/test_alpha_blending.py::test_alpha_unblend_over[front_color46-back_color46] [32mPASSED[0m[32m [ 19%][0m
2025-02-24T05:28:19.8727565Z tests/colors/test_alpha_blending.py::test_alpha_unblend_over[front_color47-back_color47] [32mPASSED[0m[32m [ 20%][0m
2025-02-24T05:28:19.8748664Z tests/colors/test_alpha_blending.py::test_alpha_unblend_over[front_color48-back_color48] [32mPASSED[0m[32m [ 20%][0m
2025-02-24T05:28:19.8767687Z tests/colors/test_alpha_blending.py::test_alpha_unblend_over[front_color49-back_color49] [32mPASSED[0m[32m [ 20%][0m
2025-02-24T05:28:19.8786162Z tests/colors/test_alpha_blending.py::test_alpha_unblend_over[front_color50-back_color50] [32mPASSED[0m[32m [ 20%][0m
2025-02-24T05:28:19.8805267Z tests/colors/test_alpha_blending.py::test_alpha_unblend_over[front_color51-back_color51] [32mPASSED[0m[32m [ 20%][0m
2025-02-24T05:28:19.8824083Z tests/colors/test_alpha_blending.py::test_alpha_unblend_over[front_color52-back_color52] [32mPASSED[0m[32m [ 20%][0m
2025-02-24T05:28:19.8843114Z tests/colors/test_alpha_blending.py::test_alpha_unblend_over[front_color53-back_color53] [32mPASSED[0m[32m [ 20%][0m
2025-02-24T05:28:19.8862232Z tests/colors/test_alpha_blending.py::test_alpha_unblend_over[front_color54-back_color54] [32mPASSED[0m[32m [ 21%][0m
2025-02-24T05:28:19.8881082Z tests/colors/test_alpha_blending.py::test_alpha_unblend_over[front_color55-back_color55] [32mPASSED[0m[32m [ 21%][0m
2025-02-24T05:28:19.8899779Z tests/colors/test_alpha_blending.py::test_alpha_unblend_over[front_color56-back_color56] [32mPASSED[0m[32m [ 21%][0m
2025-02-24T05:28:19.8918702Z tests/colors/test_alpha_blending.py::test_alpha_unblend_over[front_color57-back_color57] [32mPASSED[0m[32m [ 21%][0m
2025-02-24T05:28:19.8937469Z tests/colors/test_alpha_blending.py::test_alpha_unblend_over[front_color58-back_color58] [32mPASSED[0m[32m [ 21%][0m
2025-02-24T05:28:19.8956354Z tests/colors/test_alpha_blending.py::test_alpha_unblend_over[front_color59-back_color59] [32mPASSED[0m[32m [ 21%][0m
2025-02-24T05:28:19.8975385Z tests/colors/test_alpha_blending.py::test_alpha_unblend_over[front_color60-back_color60] [32mPASSED[0m[32m [ 22%][0m
2025-02-24T05:28:19.8994269Z tests/colors/test_alpha_blending.py::test_alpha_unblend_over[front_color61-back_color61] [32mPASSED[0m[32m [ 22%][0m
2025-02-24T05:28:19.9013498Z tests/colors/test_alpha_blending.py::test_alpha_unblend_over[front_color62-back_color62] [32mPASSED[0m[32m [ 22%][0m
2025-02-24T05:28:19.9032463Z tests/colors/test_alpha_blending.py::test_alpha_unblend_over[front_color63-back_color63] [32mPASSED[0m[32m [ 22%][0m
2025-02-24T05:28:19.9051206Z tests/colors/test_alpha_blending.py::test_alpha_unblend_over[front_color64-back_color64] [32mPASSED[0m[32m [ 22%][0m
2025-02-24T05:28:19.9069855Z tests/colors/test_alpha_blending.py::test_alpha_unblend_over[front_color65-back_color65] [32mPASSED[0m[32m [ 22%][0m
2025-02-24T05:28:19.9090683Z tests/colors/test_alpha_blending.py::test_alpha_unblend_over[front_color66-back_color66] [32mPASSED[0m[32m [ 22%][0m
2025-02-24T05:28:19.9108377Z tests/colors/test_alpha_blending.py::test_alpha_unblend_over[front_color67-back_color67] [32mPASSED[0m[32m [ 23%][0m
2025-02-24T05:28:19.9127299Z tests/colors/test_alpha_blending.py::test_alpha_unblend_over[front_color68-back_color68] [32mPASSED[0m[32m [ 23%][0m
2025-02-24T05:28:19.9146193Z tests/colors/test_alpha_blending.py::test_alpha_unblend_over[front_color69-back_color69] [32mPASSED[0m[32m [ 23%][0m
2025-02-24T05:28:19.9165242Z tests/colors/test_alpha_blending.py::test_alpha_unblend_over[front_color70-back_color70] [32mPASSED[0m[32m [ 23%][0m
2025-02-24T05:28:19.9184317Z tests/colors/test_alpha_blending.py::test_alpha_unblend_over[front_color71-back_color71] [32mPASSED[0m[32m [ 23%][0m
2025-02-24T05:28:19.9203115Z tests/colors/test_alpha_blending.py::test_alpha_unblend_over[front_color72-back_color72] [32mPASSED[0m[32m [ 23%][0m
2025-02-24T05:28:19.9222275Z tests/colors/test_alpha_blending.py::test_alpha_unblend_over[front_color73-back_color73] [32mPASSED[0m[32m [ 24%][0m
2025-02-24T05:28:19.9241142Z tests/colors/test_alpha_blending.py::test_alpha_unblend_over[front_color74-back_color74] [32mPASSED[0m[32m [ 24%][0m
2025-02-24T05:28:19.9261554Z tests/colors/test_alpha_blending.py::test_alpha_unblend_over[front_color75-back_color75] [32mPASSED[0m[32m [ 24%][0m
2025-02-24T05:28:19.9279486Z tests/colors/test_color_conversion.py::test_rgba_to_rgb[input_color0-expected_color0] [32mPASSED[0m[32m [ 24%][0m
2025-02-24T05:28:19.9297316Z tests/colors/test_color_conversion.py::test_rgba_to_rgb[input_color1-expected_color1] [32mPASSED[0m[32m [ 24%][0m
2025-02-24T05:28:19.9315395Z tests/colors/test_color_conversion.py::test_rgba_to_rgb[input_color2-expected_color2] [32mPASSED[0m[32m [ 24%][0m
2025-02-24T05:28:19.9333804Z tests/colors/test_color_conversion.py::test_rgba_to_rgb[input_color3-expected_color3] [32mPASSED[0m[32m [ 24%][0m
2025-02-24T05:28:19.9351686Z tests/colors/test_color_conversion.py::test_rgba_to_rgb[input_color4-expected_color4] [32mPASSED[0m[32m [ 25%][0m
2025-02-24T05:28:19.9369466Z tests/colors/test_color_conversion.py::test_rgba_to_rgb[input_color5-expected_color5] [32mPASSED[0m[32m [ 25%][0m
2025-02-24T05:28:19.9387054Z tests/colors/test_color_conversion.py::test_rgba_to_rgb[input_color6-expected_color6] [32mPASSED[0m[32m [ 25%][0m
2025-02-24T05:28:19.9404867Z tests/colors/test_color_conversion.py::test_rgba_to_rgb[input_color7-expected_color7] [32mPASSED[0m[32m [ 25%][0m
2025-02-24T05:28:19.9422884Z tests/colors/test_color_conversion.py::test_rgba_to_rgb[input_color8-expected_color8] [32mPASSED[0m[32m [ 25%][0m
2025-02-24T05:28:19.9440382Z tests/colors/test_color_conversion.py::test_rgba_to_rgb[input_color9-expected_color9] [32mPASSED[0m[32m [ 25%][0m
2025-02-24T05:28:19.9458236Z tests/colors/test_color_conversion.py::test_rgba_to_rgb[input_color10-expected_color10] [32mPASSED[0m[32m [ 26%][0m
2025-02-24T05:28:19.9476021Z tests/colors/test_color_conversion.py::test_rgba_to_rgb[input_color11-expected_color11] [32mPASSED[0m[32m [ 26%][0m
2025-02-24T05:28:19.9494055Z tests/colors/test_color_conversion.py::test_rgba_to_rgb[input_color12-expected_color12] [32mPASSED[0m[32m [ 26%][0m
2025-02-24T05:28:19.9512185Z tests/colors/test_color_conversion.py::test_rgba_to_rgb[input_color13-expected_color13] [32mPASSED[0m[32m [ 26%][0m
2025-02-24T05:28:19.9529881Z tests/colors/test_color_conversion.py::test_rgba_to_rgb[input_color14-expected_color14] [32mPASSED[0m[32m [ 26%][0m
2025-02-24T05:28:19.9547649Z tests/colors/test_color_conversion.py::test_rgba_to_rgb[input_color15-expected_color15] [32mPASSED[0m[32m [ 26%][0m
2025-02-24T05:28:19.9566042Z tests/colors/test_color_conversion.py::test_rgba_to_hsla[input_color0-expected_color0] [32mPASSED[0m[32m [ 26%][0m
2025-02-24T05:28:19.9584048Z tests/colors/test_color_conversion.py::test_rgba_to_hsla[input_color1-expected_color1] [32mPASSED[0m[32m [ 27%][0m
2025-02-24T05:28:19.9602216Z tests/colors/test_color_conversion.py::test_rgba_to_hsla[input_color2-expected_color2] [32mPASSED[0m[32m [ 27%][0m
2025-02-24T05:28:19.9620102Z tests/colors/test_color_conversion.py::test_rgba_to_hsla[input_color3-expected_color3] [32mPASSED[0m[32m [ 27%][0m
2025-02-24T05:28:19.9637841Z tests/colors/test_color_conversion.py::test_rgba_to_hsla[input_color4-expected_color4] [32mPASSED[0m[32m [ 27%][0m
2025-02-24T05:28:19.9656153Z tests/colors/test_color_conversion.py::test_rgba_to_hsla[input_color5-expected_color5] [32mPASSED[0m[32m [ 27%][0m
2025-02-24T05:28:19.9674244Z tests/colors/test_color_conversion.py::test_rgba_to_hsla[input_color6-expected_color6] [32mPASSED[0m[32m [ 27%][0m
2025-02-24T05:28:19.9692298Z tests/colors/test_color_conversion.py::test_rgba_to_hsla[input_color7-expected_color7] [32mPASSED[0m[32m [ 28%][0m
2025-02-24T05:28:19.9710072Z tests/colors/test_color_conversion.py::test_rgba_to_hsla[input_color8-expected_color8] [32mPASSED[0m[32m [ 28%][0m
2025-02-24T05:28:19.9727921Z tests/colors/test_color_conversion.py::test_rgba_to_hsla[input_color9-expected_color9] [32mPASSED[0m[32m [ 28%][0m
2025-02-24T05:28:19.9746094Z tests/colors/test_color_conversion.py::test_rgba_to_hsla[input_color10-expected_color10] [32mPASSED[0m[32m [ 28%][0m
2025-02-24T05:28:19.9764282Z tests/colors/test_color_conversion.py::test_rgba_to_hsla[input_color11-expected_color11] [32mPASSED[0m[32m [ 28%][0m
2025-02-24T05:28:19.9782519Z tests/colors/test_color_conversion.py::test_rgba_to_hsla[input_color12-expected_color12] [32mPASSED[0m[32m [ 28%][0m
2025-02-24T05:28:19.9800959Z tests/colors/test_color_conversion.py::test_rgba_to_hsla[input_color13-expected_color13] [32mPASSED[0m[32m [ 28%][0m
2025-02-24T05:28:19.9819547Z tests/colors/test_color_conversion.py::test_rgba_to_hsla[input_color14-expected_color14] [32mPASSED[0m[32m [ 29%][0m
2025-02-24T05:28:19.9837533Z tests/colors/test_color_conversion.py::test_rgba_to_hsla[input_color15-expected_color15] [32mPASSED[0m[32m [ 29%][0m
2025-02-24T05:28:19.9855624Z tests/colors/test_color_conversion.py::test_rgba_to_hsl[input_color0-expected_color0] [32mPASSED[0m[32m [ 29%][0m
2025-02-24T05:28:19.9873833Z tests/colors/test_color_conversion.py::test_rgba_to_hsl[input_color1-expected_color1] [32mPASSED[0m[32m [ 29%][0m
2025-02-24T05:28:19.9891910Z tests/colors/test_color_conversion.py::test_rgba_to_hsl[input_color2-expected_color2] [32mPASSED[0m[32m [ 29%][0m
2025-02-24T05:28:19.9909663Z tests/colors/test_color_conversion.py::test_rgba_to_hsl[input_color3-expected_color3] [32mPASSED[0m[32m [ 29%][0m
2025-02-24T05:28:19.9927435Z tests/colors/test_color_conversion.py::test_rgba_to_hsl[input_color4-expected_color4] [32mPASSED[0m[32m [ 30%][0m
2025-02-24T05:28:19.9945386Z tests/colors/test_color_conversion.py::test_rgba_to_hsl[input_color5-expected_color5] [32mPASSED[0m[32m [ 30%][0m
2025-02-24T05:28:19.9963729Z tests/colors/test_color_conversion.py::test_rgba_to_hsl[input_color6-expected_color6] [32mPASSED[0m[32m [ 30%][0m
2025-02-24T05:28:19.9982695Z tests/colors/test_color_conversion.py::test_rgba_to_hsl[input_color7-expected_color7] [32mPASSED[0m[32m [ 30%][0m
2025-02-24T05:28:19.9999799Z tests/colors/test_color_conversion.py::test_rgba_to_hsl[input_color8-expected_color8] [32mPASSED[0m[32m [ 30%][0m
2025-02-24T05:28:20.0017689Z tests/colors/test_color_conversion.py::test_rgba_to_hsl[input_color9-expected_color9] [32mPASSED[0m[32m [ 30%][0m
2025-02-24T05:28:20.0035584Z tests/colors/test_color_conversion.py::test_rgba_to_hsl[input_color10-expected_color10] [32mPASSED[0m[32m [ 31%][0m
2025-02-24T05:28:20.0053616Z tests/colors/test_color_conversion.py::test_rgba_to_hsl[input_color11-expected_color11] [32mPASSED[0m[32m [ 31%][0m
2025-02-24T05:28:20.0071747Z tests/colors/test_color_conversion.py::test_rgba_to_hsl[input_color12-expected_color12] [32mPASSED[0m[32m [ 31%][0m
2025-02-24T05:28:20.0089610Z tests/colors/test_color_conversion.py::test_rgba_to_hsl[input_color13-expected_color13] [32mPASSED[0m[32m [ 31%][0m
2025-02-24T05:28:20.0107348Z tests/colors/test_color_conversion.py::test_rgba_to_hsl[input_color14-expected_color14] [32mPASSED[0m[32m [ 31%][0m
2025-02-24T05:28:20.0125642Z tests/colors/test_color_conversion.py::test_rgba_to_hsl[input_color15-expected_color15] [32mPASSED[0m[32m [ 31%][0m
2025-02-24T05:28:20.0143696Z tests/colors/test_color_conversion.py::test_rgb_to_rgba[input_color0-expected_color0] [32mPASSED[0m[32m [ 31%][0m
2025-02-24T05:28:20.0161582Z tests/colors/test_color_conversion.py::test_rgb_to_rgba[input_color1-expected_color1] [32mPASSED[0m[32m [ 32%][0m
2025-02-24T05:28:20.0179550Z tests/colors/test_color_conversion.py::test_rgb_to_rgba[input_color2-expected_color2] [32mPASSED[0m[32m [ 32%][0m
2025-02-24T05:28:20.0197285Z tests/colors/test_color_conversion.py::test_rgb_to_rgba[input_color3-expected_color3] [32mPASSED[0m[32m [ 32%][0m
2025-02-24T05:28:20.0215575Z tests/colors/test_color_conversion.py::test_rgb_to_rgba[input_color4-expected_color4] [32mPASSED[0m[32m [ 32%][0m
2025-02-24T05:28:20.0233724Z tests/colors/test_color_conversion.py::test_rgb_to_rgba[input_color5-expected_color5] [32mPASSED[0m[32m [ 32%][0m
2025-02-24T05:28:20.0251686Z tests/colors/test_color_conversion.py::test_rgb_to_rgba[input_color6-expected_color6] [32mPASSED[0m[32m [ 32%][0m
2025-02-24T05:28:20.0269882Z tests/colors/test_color_conversion.py::test_rgb_to_rgba[input_color7-expected_color7] [32mPASSED[0m[32m [ 33%][0m
2025-02-24T05:28:20.0287454Z tests/colors/test_color_conversion.py::test_rgb_to_rgba[input_color8-expected_color8] [32mPASSED[0m[32m [ 33%][0m
2025-02-24T05:28:20.0305257Z tests/colors/test_color_conversion.py::test_rgb_to_rgba[input_color9-expected_color9] [32mPASSED[0m[32m [ 33%][0m
2025-02-24T05:28:20.0323455Z tests/colors/test_color_conversion.py::test_rgb_to_rgba[input_color10-expected_color10] [32mPASSED[0m[32m [ 33%][0m
2025-02-24T05:28:20.0341616Z tests/colors/test_color_conversion.py::test_rgb_to_rgba[input_color11-expected_color11] [32mPASSED[0m[32m [ 33%][0m
2025-02-24T05:28:20.0359478Z tests/colors/test_color_conversion.py::test_rgb_to_hsla[input_color0-expected_color0] [32mPASSED[0m[32m [ 33%][0m
2025-02-24T05:28:20.0377406Z tests/colors/test_color_conversion.py::test_rgb_to_hsla[input_color1-expected_color1] [32mPASSED[0m[32m [ 33%][0m
2025-02-24T05:28:20.0395725Z tests/colors/test_color_conversion.py::test_rgb_to_hsla[input_color2-expected_color2] [32mPASSED[0m[32m [ 34%][0m
2025-02-24T05:28:20.0413933Z tests/colors/test_color_conversion.py::test_rgb_to_hsla[input_color3-expected_color3] [32mPASSED[0m[32m [ 34%][0m
2025-02-24T05:28:20.0432289Z tests/colors/test_color_conversion.py::test_rgb_to_hsla[input_color4-expected_color4] [32mPASSED[0m[32m [ 34%][0m
2025-02-24T05:28:20.0450249Z tests/colors/test_color_conversion.py::test_rgb_to_hsla[input_color5-expected_color5] [32mPASSED[0m[32m [ 34%][0m
2025-02-24T05:28:20.0468315Z tests/colors/test_color_conversion.py::test_rgb_to_hsla[input_color6-expected_color6] [32mPASSED[0m[32m [ 34%][0m
2025-02-24T05:28:20.0486546Z tests/colors/test_color_conversion.py::test_rgb_to_hsla[input_color7-expected_color7] [32mPASSED[0m[32m [ 34%][0m
2025-02-24T05:28:20.0504932Z tests/colors/test_color_conversion.py::test_rgb_to_hsla[input_color8-expected_color8] [32mPASSED[0m[32m [ 35%][0m
2025-02-24T05:28:20.0523484Z tests/colors/test_color_conversion.py::test_rgb_to_hsla[input_color9-expected_color9] [32mPASSED[0m[32m [ 35%][0m
2025-02-24T05:28:20.0542785Z tests/colors/test_color_conversion.py::test_rgb_to_hsla[input_color10-expected_color10] [32mPASSED[0m[32m [ 35%][0m
2025-02-24T05:28:20.0561179Z tests/colors/test_color_conversion.py::test_rgb_to_hsla[input_color11-expected_color11] [32mPASSED[0m[32m [ 35%][0m
2025-02-24T05:28:20.0579150Z tests/colors/test_color_conversion.py::test_rgb_to_hsl[input_color0-expected_color0] [32mPASSED[0m[32m [ 35%][0m
2025-02-24T05:28:20.0596876Z tests/colors/test_color_conversion.py::test_rgb_to_hsl[input_color1-expected_color1] [32mPASSED[0m[32m [ 35%][0m
2025-02-24T05:28:20.0614791Z tests/colors/test_color_conversion.py::test_rgb_to_hsl[input_color2-expected_color2] [32mPASSED[0m[32m [ 35%][0m
2025-02-24T05:28:20.0633167Z tests/colors/test_color_conversion.py::test_rgb_to_hsl[input_color3-expected_color3] [32mPASSED[0m[32m [ 36%][0m
2025-02-24T05:28:20.0651237Z tests/colors/test_color_conversion.py::test_rgb_to_hsl[input_color4-expected_color4] [32mPASSED[0m[32m [ 36%][0m
2025-02-24T05:28:20.0669214Z tests/colors/test_color_conversion.py::test_rgb_to_hsl[input_color5-expected_color5] [32mPASSED[0m[32m [ 36%][0m
2025-02-24T05:28:20.0686942Z tests/colors/test_color_conversion.py::test_rgb_to_hsl[input_color6-expected_color6] [32mPASSED[0m[32m [ 36%][0m
2025-02-24T05:28:20.0704982Z tests/colors/test_color_conversion.py::test_rgb_to_hsl[input_color7-expected_color7] [32mPASSED[0m[32m [ 36%][0m
2025-02-24T05:28:20.0723507Z tests/colors/test_color_conversion.py::test_rgb_to_hsl[input_color8-expected_color8] [32mPASSED[0m[32m [ 36%][0m
2025-02-24T05:28:20.0741536Z tests/colors/test_color_conversion.py::test_rgb_to_hsl[input_color9-expected_color9] [32mPASSED[0m[32m [ 37%][0m
2025-02-24T05:28:20.0759726Z tests/colors/test_color_conversion.py::test_rgb_to_hsl[input_color10-expected_color10] [32mPASSED[0m[32m [ 37%][0m
2025-02-24T05:28:20.0777581Z tests/colors/test_color_conversion.py::test_rgb_to_hsl[input_color11-expected_color11] [32mPASSED[0m[32m [ 37%][0m
2025-02-24T05:28:20.0795400Z tests/colors/test_color_conversion.py::test_hsla_to_hsl[input_color0-expected_color0] [32mPASSED[0m[32m [ 37%][0m
2025-02-24T05:28:20.0813004Z tests/colors/test_color_conversion.py::test_hsla_to_hsl[input_color1-expected_color1] [32mPASSED[0m[32m [ 37%][0m
2025-02-24T05:28:20.0830941Z tests/colors/test_color_conversion.py::test_hsla_to_hsl[input_color2-expected_color2] [32mPASSED[0m[32m [ 37%][0m
2025-02-24T05:28:20.0848279Z tests/colors/test_color_conversion.py::test_hsla_to_hsl[input_color3-expected_color3] [32mPASSED[0m[32m [ 37%][0m
2025-02-24T05:28:20.0866212Z tests/colors/test_color_conversion.py::test_hsla_to_hsl[input_color4-expected_color4] [32mPASSED[0m[32m [ 38%][0m
2025-02-24T05:28:20.0884117Z tests/colors/test_color_conversion.py::test_hsla_to_hsl[input_color5-expected_color5] [32mPASSED[0m[32m [ 38%][0m
2025-02-24T05:28:20.0901932Z tests/colors/test_color_conversion.py::test_hsla_to_hsl[input_color6-expected_color6] [32mPASSED[0m[32m [ 38%][0m
2025-02-24T05:28:20.0919624Z tests/colors/test_color_conversion.py::test_hsla_to_hsl[input_color7-expected_color7] [32mPASSED[0m[32m [ 38%][0m
2025-02-24T05:28:20.0937412Z tests/colors/test_color_conversion.py::test_hsla_to_hsl[input_color8-expected_color8] [32mPASSED[0m[32m [ 38%][0m
2025-02-24T05:28:20.0955434Z tests/colors/test_color_conversion.py::test_hsla_to_hsl[input_color9-expected_color9] [32mPASSED[0m[32m [ 38%][0m
2025-02-24T05:28:20.0973189Z tests/colors/test_color_conversion.py::test_hsla_to_hsl[input_color10-expected_color10] [32mPASSED[0m[32m [ 39%][0m
2025-02-24T05:28:20.0991132Z tests/colors/test_color_conversion.py::test_hsla_to_hsl[input_color11-expected_color11] [32mPASSED[0m[32m [ 39%][0m
2025-02-24T05:28:20.1008461Z tests/colors/test_color_conversion.py::test_hsla_to_hsl[input_color12-expected_color12] [32mPASSED[0m[32m [ 39%][0m
2025-02-24T05:28:20.1026259Z tests/colors/test_color_conversion.py::test_hsla_to_hsl[input_color13-expected_color13] [32mPASSED[0m[32m [ 39%][0m
2025-02-24T05:28:20.1044114Z tests/colors/test_color_conversion.py::test_hsla_to_hsl[input_color14-expected_color14] [32mPASSED[0m[32m [ 39%][0m
2025-02-24T05:28:20.1062206Z tests/colors/test_color_conversion.py::test_hsla_to_hsl[input_color15-expected_color15] [32mPASSED[0m[32m [ 39%][0m
2025-02-24T05:28:20.1080416Z tests/colors/test_color_conversion.py::test_hsla_to_rgba[input_color0-expected_color0] [32mPASSED[0m[32m [ 40%][0m
2025-02-24T05:28:20.1098344Z tests/colors/test_color_conversion.py::test_hsla_to_rgba[input_color1-expected_color1] [32mPASSED[0m[32m [ 40%][0m
2025-02-24T05:28:20.1116616Z tests/colors/test_color_conversion.py::test_hsla_to_rgba[input_color2-expected_color2] [32mPASSED[0m[32m [ 40%][0m
2025-02-24T05:28:20.1135092Z tests/colors/test_color_conversion.py::test_hsla_to_rgba[input_color3-expected_color3] [32mPASSED[0m[32m [ 40%][0m
2025-02-24T05:28:20.1153546Z tests/colors/test_color_conversion.py::test_hsla_to_rgba[input_color4-expected_color4] [32mPASSED[0m[32m [ 40%][0m
2025-02-24T05:28:20.1171850Z tests/colors/test_color_conversion.py::test_hsla_to_rgba[input_color5-expected_color5] [32mPASSED[0m[32m [ 40%][0m
2025-02-24T05:28:20.1189809Z tests/colors/test_color_conversion.py::test_hsla_to_rgba[input_color6-expected_color6] [32mPASSED[0m[32m [ 40%][0m
2025-02-24T05:28:20.1207850Z tests/colors/test_color_conversion.py::test_hsla_to_rgba[input_color7-expected_color7] [32mPASSED[0m[32m [ 41%][0m
2025-02-24T05:28:20.1226006Z tests/colors/test_color_conversion.py::test_hsla_to_rgba[input_color8-expected_color8] [32mPASSED[0m[32m [ 41%][0m
2025-02-24T05:28:20.1244068Z tests/colors/test_color_conversion.py::test_hsla_to_rgba[input_color9-expected_color9] [32mPASSED[0m[32m [ 41%][0m
2025-02-24T05:28:20.1262449Z tests/colors/test_color_conversion.py::test_hsla_to_rgba[input_color10-expected_color10] [32mPASSED[0m[32m [ 41%][0m
2025-02-24T05:28:20.1280698Z tests/colors/test_color_conversion.py::test_hsla_to_rgba[input_color11-expected_color11] [32mPASSED[0m[32m [ 41%][0m
2025-02-24T05:28:20.1298774Z tests/colors/test_color_conversion.py::test_hsla_to_rgba[input_color12-expected_color12] [32mPASSED[0m[32m [ 41%][0m
2025-02-24T05:28:20.1316946Z tests/colors/test_color_conversion.py::test_hsla_to_rgba[input_color13-expected_color13] [32mPASSED[0m[32m [ 42%][0m
2025-02-24T05:28:20.1335515Z tests/colors/test_color_conversion.py::test_hsla_to_rgba[input_color14-expected_color14] [32mPASSED[0m[32m [ 42%][0m
2025-02-24T05:28:20.1353998Z tests/colors/test_color_conversion.py::test_hsla_to_rgba[input_color15-expected_color15] [32mPASSED[0m[32m [ 42%][0m
2025-02-24T05:28:20.1372442Z tests/colors/test_color_conversion.py::test_hsla_to_rgb[input_color0-expected_color0] [32mPASSED[0m[32m [ 42%][0m
2025-02-24T05:28:20.1390521Z tests/colors/test_color_conversion.py::test_hsla_to_rgb[input_color1-expected_color1] [32mPASSED[0m[32m [ 42%][0m
2025-02-24T05:28:20.1408532Z tests/colors/test_color_conversion.py::test_hsla_to_rgb[input_color2-expected_color2] [32mPASSED[0m[32m [ 42%][0m
2025-02-24T05:28:20.1426922Z tests/colors/test_color_conversion.py::test_hsla_to_rgb[input_color3-expected_color3] [32mPASSED[0m[32m [ 42%][0m
2025-02-24T05:28:20.1445034Z tests/colors/test_color_conversion.py::test_hsla_to_rgb[input_color4-expected_color4] [32mPASSED[0m[32m [ 43%][0m
2025-02-24T05:28:20.1463329Z tests/colors/test_color_conversion.py::test_hsla_to_rgb[input_color5-expected_color5] [32mPASSED[0m[32m [ 43%][0m
2025-02-24T05:28:20.1481604Z tests/colors/test_color_conversion.py::test_hsla_to_rgb[input_color6-expected_color6] [32mPASSED[0m[32m [ 43%][0m
2025-02-24T05:28:20.1499736Z tests/colors/test_color_conversion.py::test_hsla_to_rgb[input_color7-expected_color7] [32mPASSED[0m[32m [ 43%][0m
2025-02-24T05:28:20.1517873Z tests/colors/test_color_conversion.py::test_hsla_to_rgb[input_color8-expected_color8] [32mPASSED[0m[32m [ 43%][0m
2025-02-24T05:28:20.1536479Z tests/colors/test_color_conversion.py::test_hsla_to_rgb[input_color9-expected_color9] [32mPASSED[0m[32m [ 43%][0m
2025-02-24T05:28:20.1554824Z tests/colors/test_color_conversion.py::test_hsla_to_rgb[input_color10-expected_color10] [32mPASSED[0m[32m [ 44%][0m
2025-02-24T05:28:20.1573454Z tests/colors/test_color_conversion.py::test_hsla_to_rgb[input_color11-expected_color11] [32mPASSED[0m[32m [ 44%][0m
2025-02-24T05:28:20.1591647Z tests/colors/test_color_conversion.py::test_hsla_to_rgb[input_color12-expected_color12] [32mPASSED[0m[32m [ 44%][0m
2025-02-24T05:28:20.1609612Z tests/colors/test_color_conversion.py::test_hsla_to_rgb[input_color13-expected_color13] [32mPASSED[0m[32m [ 44%][0m
2025-02-24T05:28:20.1627807Z tests/colors/test_color_conversion.py::test_hsla_to_rgb[input_color14-expected_color14] [32mPASSED[0m[32m [ 44%][0m
2025-02-24T05:28:20.1646013Z tests/colors/test_color_conversion.py::test_hsla_to_rgb[input_color15-expected_color15] [32mPASSED[0m[32m [ 44%][0m
2025-02-24T05:28:20.1664448Z tests/colors/test_color_conversion.py::test_hsl_to_hsla[input_color0-expected_color0] [32mPASSED[0m[32m [ 44%][0m
2025-02-24T05:28:20.1682700Z tests/colors/test_color_conversion.py::test_hsl_to_hsla[input_color1-expected_color1] [32mPASSED[0m[32m [ 45%][0m
2025-02-24T05:28:20.1700765Z tests/colors/test_color_conversion.py::test_hsl_to_hsla[input_color2-expected_color2] [32mPASSED[0m[32m [ 45%][0m
2025-02-24T05:28:20.1719020Z tests/colors/test_color_conversion.py::test_hsl_to_hsla[input_color3-expected_color3] [32mPASSED[0m[32m [ 45%][0m
2025-02-24T05:28:20.1737292Z tests/colors/test_color_conversion.py::test_hsl_to_hsla[input_color4-expected_color4] [32mPASSED[0m[32m [ 45%][0m
2025-02-24T05:28:20.1755479Z tests/colors/test_color_conversion.py::test_hsl_to_hsla[input_color5-expected_color5] [32mPASSED[0m[32m [ 45%][0m
2025-02-24T05:28:20.1773611Z tests/colors/test_color_conversion.py::test_hsl_to_hsla[input_color6-expected_color6] [32mPASSED[0m[32m [ 45%][0m
2025-02-24T05:28:20.1791900Z tests/colors/test_color_conversion.py::test_hsl_to_hsla[input_color7-expected_color7] [32mPASSED[0m[32m [ 46%][0m
2025-02-24T05:28:20.1809762Z tests/colors/test_color_conversion.py::test_hsl_to_hsla[input_color8-expected_color8] [32mPASSED[0m[32m [ 46%][0m
2025-02-24T05:28:20.1827723Z tests/colors/test_color_conversion.py::test_hsl_to_hsla[input_color9-expected_color9] [32mPASSED[0m[32m [ 46%][0m
2025-02-24T05:28:20.1845923Z tests/colors/test_color_conversion.py::test_hsl_to_hsla[input_color10-expected_color10] [32mPASSED[0m[32m [ 46%][0m
2025-02-24T05:28:20.1863955Z tests/colors/test_color_conversion.py::test_hsl_to_hsla[input_color11-expected_color11] [32mPASSED[0m[32m [ 46%][0m
2025-02-24T05:28:20.1882263Z tests/colors/test_color_conversion.py::test_hsl_to_rgba[input_color0-expected_color0] [32mPASSED[0m[32m [ 46%][0m
2025-02-24T05:28:20.1900452Z tests/colors/test_color_conversion.py::test_hsl_to_rgba[input_color1-expected_color1] [32mPASSED[0m[32m [ 46%][0m
2025-02-24T05:28:20.1920624Z tests/colors/test_color_conversion.py::test_hsl_to_rgba[input_color2-expected_color2] [32mPASSED[0m[32m [ 47%][0m
2025-02-24T05:28:20.1938652Z tests/colors/test_color_conversion.py::test_hsl_to_rgba[input_color3-expected_color3] [32mPASSED[0m[32m [ 47%][0m
2025-02-24T05:28:20.1956705Z tests/colors/test_color_conversion.py::test_hsl_to_rgba[input_color4-expected_color4] [32mPASSED[0m[32m [ 47%][0m
2025-02-24T05:28:20.1974990Z tests/colors/test_color_conversion.py::test_hsl_to_rgba[input_color5-expected_color5] [32mPASSED[0m[32m [ 47%][0m
2025-02-24T05:28:20.1993184Z tests/colors/test_color_conversion.py::test_hsl_to_rgba[input_color6-expected_color6] [32mPASSED[0m[32m [ 47%][0m
2025-02-24T05:28:20.2011753Z tests/colors/test_color_conversion.py::test_hsl_to_rgba[input_color7-expected_color7] [32mPASSED[0m[32m [ 47%][0m
2025-02-24T05:28:20.2029867Z tests/colors/test_color_conversion.py::test_hsl_to_rgba[input_color8-expected_color8] [32mPASSED[0m[32m [ 48%][0m
2025-02-24T05:28:20.2047780Z tests/colors/test_color_conversion.py::test_hsl_to_rgba[input_color9-expected_color9] [32mPASSED[0m[32m [ 48%][0m
2025-02-24T05:28:20.2065855Z tests/colors/test_color_conversion.py::test_hsl_to_rgba[input_color10-expected_color10] [32mPASSED[0m[32m [ 48%][0m
2025-02-24T05:28:20.2084194Z tests/colors/test_color_conversion.py::test_hsl_to_rgba[input_color11-expected_color11] [32mPASSED[0m[32m [ 48%][0m
2025-02-24T05:28:20.2102210Z tests/colors/test_color_conversion.py::test_hsl_to_rgb[input_color0-expected_color0] [32mPASSED[0m[32m [ 48%][0m
2025-02-24T05:28:20.2120196Z tests/colors/test_color_conversion.py::test_hsl_to_rgb[input_color1-expected_color1] [32mPASSED[0m[32m [ 48%][0m
2025-02-24T05:28:20.2137932Z tests/colors/test_color_conversion.py::test_hsl_to_rgb[input_color2-expected_color2] [32mPASSED[0m[32m [ 48%][0m
2025-02-24T05:28:20.2156101Z tests/colors/test_color_conversion.py::test_hsl_to_rgb[input_color3-expected_color3] [32mPASSED[0m[32m [ 49%][0m
2025-02-24T05:28:20.2174188Z tests/colors/test_color_conversion.py::test_hsl_to_rgb[input_color4-expected_color4] [32mPASSED[0m[32m [ 49%][0m
2025-02-24T05:28:20.2192110Z tests/colors/test_color_conversion.py::test_hsl_to_rgb[input_color5-expected_color5] [32mPASSED[0m[32m [ 49%][0m
2025-02-24T05:28:20.2209893Z tests/colors/test_color_conversion.py::test_hsl_to_rgb[input_color6-expected_color6] [32mPASSED[0m[32m [ 49%][0m
2025-02-24T05:28:20.2227490Z tests/colors/test_color_conversion.py::test_hsl_to_rgb[input_color7-expected_color7] [32mPASSED[0m[32m [ 49%][0m
2025-02-24T05:28:20.2245600Z tests/colors/test_color_conversion.py::test_hsl_to_rgb[input_color8-expected_color8] [32mPASSED[0m[32m [ 49%][0m
2025-02-24T05:28:20.2263835Z tests/colors/test_color_conversion.py::test_hsl_to_rgb[input_color9-expected_color9] [32mPASSED[0m[32m [ 50%][0m
2025-02-24T05:28:20.2281902Z tests/colors/test_color_conversion.py::test_hsl_to_rgb[input_color10-expected_color10] [32mPASSED[0m[32m [ 50%][0m
2025-02-24T05:28:20.2302548Z tests/colors/test_color_conversion.py::test_hsl_to_rgb[input_color11-expected_color11] [32mPASSED[0m[32m [ 50%][0m
2025-02-24T05:28:20.2320470Z tests/colors/test_constructor.py::test_repr[rgb-value0-rgb(10, 20, 30)] [32mPASSED[0m[32m [ 50%][0m
2025-02-24T05:28:20.2339013Z tests/colors/test_constructor.py::test_repr[rgba-value1-rgba(10, 20, 30, 0.5)] [32mPASSED[0m[32m [ 50%][0m
2025-02-24T05:28:20.2357367Z tests/colors/test_constructor.py::test_repr[hsl-value2-hsl(10, 0.2, 0.3)] [32mPASSED[0m[32m [ 50%][0m
2025-02-24T05:28:20.2375114Z tests/colors/test_constructor.py::test_repr[hsla-value3-hsla(10, 0.2, 0.3, 0.5)] [32mPASSED[0m[32m [ 51%][0m
2025-02-24T05:28:20.2390128Z tests/colors/test_constructor.py::test_rgb_hash [32mPASSED[0m[32m                   [ 51%][0m
2025-02-24T05:28:20.2405170Z tests/colors/test_constructor.py::test_rgba_hash [32mPASSED[0m[32m                  [ 51%][0m
2025-02-24T05:28:20.2420370Z tests/colors/test_constructor.py::test_hsl_hash [32mPASSED[0m[32m                   [ 51%][0m
2025-02-24T05:28:20.2436162Z tests/colors/test_constructor.py::test_hsla_hash [32mPASSED[0m[32m                  [ 51%][0m
2025-02-24T05:28:20.2454301Z tests/colors/test_constructor.py::test_hsl[value0-expected0] [32mPASSED[0m[32m      [ 51%][0m
2025-02-24T05:28:20.2472317Z tests/colors/test_constructor.py::test_hsl[value1-expected1] [32mPASSED[0m[32m      [ 51%][0m
2025-02-24T05:28:20.2489914Z tests/colors/test_constructor.py::test_hsl[value2-expected2] [32mPASSED[0m[32m      [ 52%][0m
2025-02-24T05:28:20.2507342Z tests/colors/test_constructor.py::test_hsl[value3-expected3] [32mPASSED[0m[32m      [ 52%][0m
2025-02-24T05:28:20.2525183Z tests/colors/test_constructor.py::test_hsl[value4-expected4] [32mPASSED[0m[32m      [ 52%][0m
2025-02-24T05:28:20.2542925Z tests/colors/test_constructor.py::test_hsl[value5-expected5] [32mPASSED[0m[32m      [ 52%][0m
2025-02-24T05:28:20.2560660Z tests/colors/test_constructor.py::test_hsl[value6-expected6] [32mPASSED[0m[32m      [ 52%][0m
2025-02-24T05:28:20.2578388Z tests/colors/test_constructor.py::test_hsl[value7-expected7] [32mPASSED[0m[32m      [ 52%][0m
2025-02-24T05:28:20.2595818Z tests/colors/test_constructor.py::test_hsl[value8-expected8] [32mPASSED[0m[32m      [ 53%][0m
2025-02-24T05:28:20.2613426Z tests/colors/test_constructor.py::test_hsl[value9-expected9] [32mPASSED[0m[32m      [ 53%][0m
2025-02-24T05:28:20.2631462Z tests/colors/test_constructor.py::test_hsl[value10-expected10] [32mPASSED[0m[32m    [ 53%][0m
2025-02-24T05:28:20.2649029Z tests/colors/test_constructor.py::test_hsl[value11-expected11] [32mPASSED[0m[32m    [ 53%][0m
2025-02-24T05:28:20.2666708Z tests/colors/test_constructor.py::test_hsl[value12-expected12] [32mPASSED[0m[32m    [ 53%][0m
2025-02-24T05:28:20.2684356Z tests/colors/test_constructor.py::test_hsl[value13-expected13] [32mPASSED[0m[32m    [ 53%][0m
2025-02-24T05:28:20.2702249Z tests/colors/test_constructor.py::test_hsl[value14-expected14] [32mPASSED[0m[32m    [ 53%][0m
2025-02-24T05:28:20.2719736Z tests/colors/test_constructor.py::test_hsl[value15-expected15] [32mPASSED[0m[32m    [ 54%][0m
2025-02-24T05:28:20.2737020Z tests/colors/test_constructor.py::test_hsl[value16-expected16] [32mPASSED[0m[32m    [ 54%][0m
2025-02-24T05:28:20.2754581Z tests/colors/test_constructor.py::test_hsl[value17-expected17] [32mPASSED[0m[32m    [ 54%][0m
2025-02-24T05:28:20.2772407Z tests/colors/test_constructor.py::test_hsl[value18-expected18] [32mPASSED[0m[32m    [ 54%][0m
2025-02-24T05:28:20.2790117Z tests/colors/test_constructor.py::test_hsl[value19-expected19] [32mPASSED[0m[32m    [ 54%][0m
2025-02-24T05:28:20.2807690Z tests/colors/test_constructor.py::test_hsl[value20-expected20] [32mPASSED[0m[32m    [ 54%][0m
2025-02-24T05:28:20.2825504Z tests/colors/test_constructor.py::test_hsl[value21-expected21] [32mPASSED[0m[32m    [ 55%][0m
2025-02-24T05:28:20.2843027Z tests/colors/test_constructor.py::test_hsl[value22-expected22] [32mPASSED[0m[32m    [ 55%][0m
2025-02-24T05:28:20.2860630Z tests/colors/test_constructor.py::test_hsl[value23-expected23] [32mPASSED[0m[32m    [ 55%][0m
2025-02-24T05:28:20.2877655Z tests/colors/test_constructor.py::test_hsl[value24-expected24] [32mPASSED[0m[32m    [ 55%][0m
2025-02-24T05:28:20.2895204Z tests/colors/test_constructor.py::test_hsl[value25-expected25] [32mPASSED[0m[32m    [ 55%][0m
2025-02-24T05:28:20.2912905Z tests/colors/test_constructor.py::test_hsl[value26-expected26] [32mPASSED[0m[32m    [ 55%][0m
2025-02-24T05:28:20.2930430Z tests/colors/test_constructor.py::test_hsl[value27-expected27] [32mPASSED[0m[32m    [ 55%][0m
2025-02-24T05:28:20.2948318Z tests/colors/test_constructor.py::test_hsl[value28-expected28] [32mPASSED[0m[32m    [ 56%][0m
2025-02-24T05:28:20.2965898Z tests/colors/test_constructor.py::test_hsl[value29-expected29] [32mPASSED[0m[32m    [ 56%][0m
2025-02-24T05:28:20.2983497Z tests/colors/test_constructor.py::test_hsl[value30-expected30] [32mPASSED[0m[32m    [ 56%][0m
2025-02-24T05:28:20.3001327Z tests/colors/test_constructor.py::test_hsl[value31-expected31] [32mPASSED[0m[32m    [ 56%][0m
2025-02-24T05:28:20.3019227Z tests/colors/test_constructor.py::test_hsl[value32-expected32] [32mPASSED[0m[32m    [ 56%][0m
2025-02-24T05:28:20.3036803Z tests/colors/test_constructor.py::test_hsl[value33-expected33] [32mPASSED[0m[32m    [ 56%][0m
2025-02-24T05:28:20.3054822Z tests/colors/test_constructor.py::test_hsl[value34-expected34] [32mPASSED[0m[32m    [ 57%][0m
2025-02-24T05:28:20.3073190Z tests/colors/test_constructor.py::test_hsl[value35-expected35] [32mPASSED[0m[32m    [ 57%][0m
2025-02-24T05:28:20.3091025Z tests/colors/test_constructor.py::test_hsl[value36-expected36] [32mPASSED[0m[32m    [ 57%][0m
2025-02-24T05:28:20.3108461Z tests/colors/test_constructor.py::test_hsl[value37-expected37] [32mPASSED[0m[32m    [ 57%][0m
2025-02-24T05:28:20.3125943Z tests/colors/test_constructor.py::test_hsl[value38-expected38] [32mPASSED[0m[32m    [ 57%][0m
2025-02-24T05:28:20.3143927Z tests/colors/test_constructor.py::test_hsl[value39-expected39] [32mPASSED[0m[32m    [ 57%][0m
2025-02-24T05:28:20.3161734Z tests/colors/test_constructor.py::test_hsl[value40-expected40] [32mPASSED[0m[32m    [ 57%][0m
2025-02-24T05:28:20.3179315Z tests/colors/test_constructor.py::test_hsl[value41-expected41] [32mPASSED[0m[32m    [ 58%][0m
2025-02-24T05:28:20.3196836Z tests/colors/test_constructor.py::test_hsl[value42-expected42] [32mPASSED[0m[32m    [ 58%][0m
2025-02-24T05:28:20.3214604Z tests/colors/test_constructor.py::test_hsl[value43-expected43] [32mPASSED[0m[32m    [ 58%][0m
2025-02-24T05:28:20.3232484Z tests/colors/test_constructor.py::test_hsl[value44-expected44] [32mPASSED[0m[32m    [ 58%][0m
2025-02-24T05:28:20.3250301Z tests/colors/test_constructor.py::test_hsl[value45-expected45] [32mPASSED[0m[32m    [ 58%][0m
2025-02-24T05:28:20.3267894Z tests/colors/test_constructor.py::test_hsl[value46-expected46] [32mPASSED[0m[32m    [ 58%][0m
2025-02-24T05:28:20.3285824Z tests/colors/test_constructor.py::test_hsl[value47-expected47] [32mPASSED[0m[32m    [ 59%][0m
2025-02-24T05:28:20.3303786Z tests/colors/test_constructor.py::test_hsl[value48-expected48] [32mPASSED[0m[32m    [ 59%][0m
2025-02-24T05:28:20.3321704Z tests/colors/test_constructor.py::test_hsl[value49-expected49] [32mPASSED[0m[32m    [ 59%][0m
2025-02-24T05:28:20.3339304Z tests/colors/test_constructor.py::test_hsl_alpha[value0-expected0] [32mPASSED[0m[32m [ 59%][0m
2025-02-24T05:28:20.3356923Z tests/colors/test_constructor.py::test_hsl_alpha[value1-expected1] [32mPASSED[0m[32m [ 59%][0m
2025-02-24T05:28:20.3374860Z tests/colors/test_constructor.py::test_hsl_alpha[value2-expected2] [32mPASSED[0m[32m [ 59%][0m
2025-02-24T05:28:20.3392629Z tests/colors/test_constructor.py::test_hsl_alpha[value3-expected3] [32mPASSED[0m[32m [ 60%][0m
2025-02-24T05:28:20.3410462Z tests/colors/test_constructor.py::test_hsl_alpha[value4-expected4] [32mPASSED[0m[32m [ 60%][0m
2025-02-24T05:28:20.3428227Z tests/colors/test_constructor.py::test_hsl_alpha[value5-expected5] [32mPASSED[0m[32m [ 60%][0m
2025-02-24T05:28:20.3446046Z tests/colors/test_constructor.py::test_hsl_alpha[value6-expected6] [32mPASSED[0m[32m [ 60%][0m
2025-02-24T05:28:20.3476587Z tests/colors/test_constructor.py::test_invalid_color_constructor[rgb-value0-red-0-255--1] [32mPASSED[0m[32m [ 60%][0m
2025-02-24T05:28:20.3506675Z tests/colors/test_constructor.py::test_invalid_color_constructor[rgb-value1-red-0-255-256] [32mPASSED[0m[32m [ 60%][0m
2025-02-24T05:28:20.3537325Z tests/colors/test_constructor.py::test_invalid_color_constructor[rgb-value2-green-0-255--1] [32mPASSED[0m[32m [ 60%][0m
2025-02-24T05:28:20.3568959Z tests/colors/test_constructor.py::test_invalid_color_constructor[rgb-value3-green-0-255-256] [32mPASSED[0m[32m [ 61%][0m
2025-02-24T05:28:20.3598634Z tests/colors/test_constructor.py::test_invalid_color_constructor[rgb-value4-blue-0-255--1] [32mPASSED[0m[32m [ 61%][0m
2025-02-24T05:28:20.3629185Z tests/colors/test_constructor.py::test_invalid_color_constructor[rgb-value5-blue-0-255-256] [32mPASSED[0m[32m [ 61%][0m
2025-02-24T05:28:20.3650031Z tests/colors/test_constructor.py::test_invalid_color_constructor[rgba-value6-red-0-255--1] [32mPASSED[0m[32m [ 61%][0m
2025-02-24T05:28:20.3670937Z tests/colors/test_constructor.py::test_invalid_color_constructor[rgba-value7-red-0-255-256] [32mPASSED[0m[32m [ 61%][0m
2025-02-24T05:28:20.3692489Z tests/colors/test_constructor.py::test_invalid_color_constructor[rgba-value8-green-0-255--1] [32mPASSED[0m[32m [ 61%][0m
2025-02-24T05:28:20.3712874Z tests/colors/test_constructor.py::test_invalid_color_constructor[rgba-value9-green-0-255-256] [32mPASSED[0m[32m [ 62%][0m
2025-02-24T05:28:20.3733170Z tests/colors/test_constructor.py::test_invalid_color_constructor[rgba-value10-blue-0-255--1] [32mPASSED[0m[32m [ 62%][0m
2025-02-24T05:28:20.3753313Z tests/colors/test_constructor.py::test_invalid_color_constructor[rgba-value11-blue-0-255-256] [32mPASSED[0m[32m [ 62%][0m
2025-02-24T05:28:20.3783751Z tests/colors/test_constructor.py::test_invalid_color_constructor[rgba-value12-alpha-0-1--0.5] [32mPASSED[0m[32m [ 62%][0m
2025-02-24T05:28:20.3814109Z tests/colors/test_constructor.py::test_invalid_color_constructor[rgba-value13-alpha-0-1-1.1] [32mPASSED[0m[32m [ 62%][0m
2025-02-24T05:28:20.3843930Z tests/colors/test_constructor.py::test_invalid_color_constructor[hsl-value14-hue-0-360--1] [32mPASSED[0m[32m [ 62%][0m
2025-02-24T05:28:20.3874087Z tests/colors/test_constructor.py::test_invalid_color_constructor[hsl-value15-hue-0-360-361] [32mPASSED[0m[32m [ 62%][0m
2025-02-24T05:28:20.3905570Z tests/colors/test_constructor.py::test_invalid_color_constructor[hsl-value16-saturation-0-1--0.1] [32mPASSED[0m[32m [ 63%][0m
2025-02-24T05:28:20.3936759Z tests/colors/test_constructor.py::test_invalid_color_constructor[hsl-value17-saturation-0-1-1.1] [32mPASSED[0m[32m [ 63%][0m
2025-02-24T05:28:20.3967701Z tests/colors/test_constructor.py::test_invalid_color_constructor[hsl-value18-lightness-0-1--0.1] [32mPASSED[0m[32m [ 63%][0m
2025-02-24T05:28:20.3998555Z tests/colors/test_constructor.py::test_invalid_color_constructor[hsl-value19-lightness-0-1-1.1] [32mPASSED[0m[32m [ 63%][0m
2025-02-24T05:28:20.4019203Z tests/colors/test_constructor.py::test_invalid_color_constructor[hsla-value20-hue-0-360--1] [32mPASSED[0m[32m [ 63%][0m
2025-02-24T05:28:20.4039430Z tests/colors/test_constructor.py::test_invalid_color_constructor[hsla-value21-hue-0-360-361] [32mPASSED[0m[32m [ 63%][0m
2025-02-24T05:28:20.4059687Z tests/colors/test_constructor.py::test_invalid_color_constructor[hsla-value22-saturation-0-1--0.1] [32mPASSED[0m[32m [ 64%][0m
2025-02-24T05:28:20.4080105Z tests/colors/test_constructor.py::test_invalid_color_constructor[hsla-value23-saturation-0-1-1.1] [32mPASSED[0m[32m [ 64%][0m
2025-02-24T05:28:20.4100308Z tests/colors/test_constructor.py::test_invalid_color_constructor[hsla-value24-lightness-0-1--0.1] [32mPASSED[0m[32m [ 64%][0m
2025-02-24T05:28:20.4120615Z tests/colors/test_constructor.py::test_invalid_color_constructor[hsla-value25-lightness-0-1-1.1] [32mPASSED[0m[32m [ 64%][0m
2025-02-24T05:28:20.4150658Z tests/colors/test_constructor.py::test_invalid_color_constructor[hsla-value26-alpha-0-1--0.1] [32mPASSED[0m[32m [ 64%][0m
2025-02-24T05:28:20.4172613Z tests/colors/test_constructor.py::test_invalid_color_constructor[hsla-value27-alpha-0-1-1.1] [32mPASSED[0m[32m [ 64%][0m
2025-02-24T05:28:20.4187984Z tests/colors/test_parsing.py::test_noop [32mPASSED[0m[32m                           [ 64%][0m
2025-02-24T05:28:20.4205148Z tests/colors/test_parsing.py::test_rgb[rgb(1,2,3)-expected0] [32mPASSED[0m[32m      [ 65%][0m
2025-02-24T05:28:20.4222126Z tests/colors/test_parsing.py::test_rgb[rgb(1, 2, 3)-expected1] [32mPASSED[0m[32m    [ 65%][0m
2025-02-24T05:28:20.4239073Z tests/colors/test_parsing.py::test_rgb[rgb( 1 , 2 , 3)-expected2] [32mPASSED[0m[32m [ 65%][0m
2025-02-24T05:28:20.4255798Z tests/colors/test_parsing.py::test_rgb[#123-expected3] [32mPASSED[0m[32m            [ 65%][0m
2025-02-24T05:28:20.4273120Z tests/colors/test_parsing.py::test_rgb[#112233-expected4] [32mPASSED[0m[32m         [ 65%][0m
2025-02-24T05:28:20.4290291Z tests/colors/test_parsing.py::test_rgb[#abc-expected5] [32mPASSED[0m[32m            [ 65%][0m
2025-02-24T05:28:20.4307002Z tests/colors/test_parsing.py::test_rgb[#ABC-expected6] [32mPASSED[0m[32m            [ 66%][0m
2025-02-24T05:28:20.4324316Z tests/colors/test_parsing.py::test_rgb[#abcdef-expected7] [32mPASSED[0m[32m         [ 66%][0m
2025-02-24T05:28:20.4341426Z tests/colors/test_parsing.py::test_rgb[#ABCDEF-expected8] [32mPASSED[0m[32m         [ 66%][0m
2025-02-24T05:28:20.4356877Z tests/colors/test_parsing.py::test_rgb_invalid[10, 20] [32mPASSED[0m[32m            [ 66%][0m
2025-02-24T05:28:20.4372743Z tests/colors/test_parsing.py::test_rgb_invalid[a, 10, 20] [32mPASSED[0m[32m         [ 66%][0m
2025-02-24T05:28:20.4388433Z tests/colors/test_parsing.py::test_rgb_invalid[10, b, 20] [32mPASSED[0m[32m         [ 66%][0m
2025-02-24T05:28:20.4404174Z tests/colors/test_parsing.py::test_rgb_invalid[10, 20, c] [32mPASSED[0m[32m         [ 66%][0m
2025-02-24T05:28:20.4419738Z tests/colors/test_parsing.py::test_rgb_invalid[10, 20, 30, 0.5] [32mPASSED[0m[32m   [ 67%][0m
2025-02-24T05:28:20.4436599Z tests/colors/test_parsing.py::test_rgba[rgba(1,2,3,0.5)-expected0] [32mPASSED[0m[32m [ 67%][0m
2025-02-24T05:28:20.4453492Z tests/colors/test_parsing.py::test_rgba[rgba(1, 2, 3, 0.5)-expected1] [32mPASSED[0m[32m [ 67%][0m
2025-02-24T05:28:20.4470257Z tests/colors/test_parsing.py::test_rgba[rgba( 1 , 2 , 3 , 0.5)-expected2] [32mPASSED[0m[32m [ 67%][0m
2025-02-24T05:28:20.4486981Z tests/colors/test_parsing.py::test_rgba[#1234-expected3] [32mPASSED[0m[32m          [ 67%][0m
2025-02-24T05:28:20.4504034Z tests/colors/test_parsing.py::test_rgba[#11223344-expected4] [32mPASSED[0m[32m      [ 67%][0m
2025-02-24T05:28:20.4521252Z tests/colors/test_parsing.py::test_rgba[#abcd-expected5] [32mPASSED[0m[32m          [ 68%][0m
2025-02-24T05:28:20.4537972Z tests/colors/test_parsing.py::test_rgba[#ABCD-expected6] [32mPASSED[0m[32m          [ 68%][0m
2025-02-24T05:28:20.4555047Z tests/colors/test_parsing.py::test_rgba[#abcdefba-expected7] [32mPASSED[0m[32m      [ 68%][0m
2025-02-24T05:28:20.4572255Z tests/colors/test_parsing.py::test_rgba[#ABCDEFBA-expected8] [32mPASSED[0m[32m      [ 68%][0m
2025-02-24T05:28:20.4587796Z tests/colors/test_parsing.py::test_rgba_invalid[10, 20, 30] [32mPASSED[0m[32m       [ 68%][0m
2025-02-24T05:28:20.4603670Z tests/colors/test_parsing.py::test_rgba_invalid[a, 10, 20, 0.5] [32mPASSED[0m[32m   [ 68%][0m
2025-02-24T05:28:20.4619637Z tests/colors/test_parsing.py::test_rgba_invalid[10, b, 20, 0.5] [32mPASSED[0m[32m   [ 68%][0m
2025-02-24T05:28:20.4635279Z tests/colors/test_parsing.py::test_rgba_invalid[10, 20, c, 0.5] [32mPASSED[0m[32m   [ 69%][0m
2025-02-24T05:28:20.4651654Z tests/colors/test_parsing.py::test_rgba_invalid[10, 20, 30, c] [32mPASSED[0m[32m    [ 69%][0m
2025-02-24T05:28:20.4667202Z tests/colors/test_parsing.py::test_rgba_invalid[10, 20, 30, 0.5, 5] [32mPASSED[0m[32m [ 69%][0m
2025-02-24T05:28:20.4685058Z tests/colors/test_parsing.py::test_hsl[1,20%,30%] [32mPASSED[0m[32m                 [ 69%][0m
2025-02-24T05:28:20.4701101Z tests/colors/test_parsing.py::test_hsl[1, 20%, 30%] [32mPASSED[0m[32m               [ 69%][0m
2025-02-24T05:28:20.4716851Z tests/colors/test_parsing.py::test_hsl[1, 20% , 30%] [32mPASSED[0m[32m              [ 69%][0m
2025-02-24T05:28:20.4732752Z tests/colors/test_parsing.py::test_hsl_invalid[1, 20%] [32mPASSED[0m[32m            [ 70%][0m
2025-02-24T05:28:20.4748240Z tests/colors/test_parsing.py::test_hsl_invalid[a, 20%, 30%] [32mPASSED[0m[32m       [ 70%][0m
2025-02-24T05:28:20.4764022Z tests/colors/test_parsing.py::test_hsl_invalid[1, a, 30%] [32mPASSED[0m[32m         [ 70%][0m
2025-02-24T05:28:20.4780154Z tests/colors/test_parsing.py::test_hsl_invalid[1, 20%, a)] [32mPASSED[0m[32m        [ 70%][0m
2025-02-24T05:28:20.4796775Z tests/colors/test_parsing.py::test_hsl_invalid[1, 20%, 30%, 0.5)] [32mPASSED[0m[32m [ 70%][0m
2025-02-24T05:28:20.4818080Z tests/colors/test_parsing.py::test_hsla[1,20%,30%,0.5] [32mPASSED[0m[32m            [ 70%][0m
2025-02-24T05:28:20.4834987Z tests/colors/test_parsing.py::test_hsla[1, 20%, 30%, 0.5] [32mPASSED[0m[32m         [ 71%][0m
2025-02-24T05:28:20.4851275Z tests/colors/test_parsing.py::test_hsla[ 1, 20% , 30% , 0.5] [32mPASSED[0m[32m      [ 71%][0m
2025-02-24T05:28:20.4866705Z tests/colors/test_parsing.py::test_hsla_invalid[1, 20%, 30%] [32mPASSED[0m[32m      [ 71%][0m
2025-02-24T05:28:20.4882729Z tests/colors/test_parsing.py::test_hsla_invalid[a, 20%, 30%, 0.5] [32mPASSED[0m[32m [ 71%][0m
2025-02-24T05:28:20.4898306Z tests/colors/test_parsing.py::test_hsla_invalid[1, a, 30%, 0.5] [32mPASSED[0m[32m   [ 71%][0m
2025-02-24T05:28:20.4913983Z tests/colors/test_parsing.py::test_hsla_invalid[1, 20%, a, 0.5] [32mPASSED[0m[32m   [ 71%][0m
2025-02-24T05:28:20.4929751Z tests/colors/test_parsing.py::test_hsla_invalid[1, 20%, 30%, a] [32mPASSED[0m[32m   [ 71%][0m
2025-02-24T05:28:20.4945331Z tests/colors/test_parsing.py::test_hsla_invalid[1, 20%, 30%, 0.5, 5] [32mPASSED[0m[32m [ 72%][0m
2025-02-24T05:28:20.4962075Z tests/colors/test_parsing.py::test_named_color[Red-expected0] [32mPASSED[0m[32m     [ 72%][0m
2025-02-24T05:28:20.4978689Z tests/colors/test_parsing.py::test_named_color[RED-expected1] [32mPASSED[0m[32m     [ 72%][0m
2025-02-24T05:28:20.4995357Z tests/colors/test_parsing.py::test_named_color[red-expected2] [32mPASSED[0m[32m     [ 72%][0m
2025-02-24T05:28:20.5011942Z tests/colors/test_parsing.py::test_named_color[rEd-expected3] [32mPASSED[0m[32m     [ 72%][0m
2025-02-24T05:28:20.5028409Z tests/colors/test_parsing.py::test_named_color[CornflowerBlue-expected4] [32mPASSED[0m[32m [ 72%][0m
2025-02-24T05:28:20.5045220Z tests/colors/test_parsing.py::test_named_color[cornflowerblue-expected5] [32mPASSED[0m[32m [ 73%][0m
2025-02-24T05:28:20.5062096Z tests/colors/test_parsing.py::test_named_color[CORNFLOWERBLUE-expected6] [32mPASSED[0m[32m [ 73%][0m
2025-02-24T05:28:20.5078652Z tests/colors/test_parsing.py::test_named_color[Cornflowerblue-expected7] [32mPASSED[0m[32m [ 73%][0m
2025-02-24T05:28:20.5095259Z tests/colors/test_parsing.py::test_named_color[CoRnFlOwErBlUe-expected8] [32mPASSED[0m[32m [ 73%][0m
2025-02-24T05:28:20.5109714Z tests/colors/test_parsing.py::test_named_color_invalid [32mPASSED[0m[32m            [ 73%][0m
2025-02-24T05:28:20.5125480Z tests/colors/test_parsing.py::test_hash_mark_invalid[1] [32mPASSED[0m[32m           [ 73%][0m
2025-02-24T05:28:20.5141153Z tests/colors/test_parsing.py::test_hash_mark_invalid[2] [32mPASSED[0m[32m           [ 73%][0m
2025-02-24T05:28:20.5156641Z tests/colors/test_parsing.py::test_hash_mark_invalid[5] [32mPASSED[0m[32m           [ 74%][0m
2025-02-24T05:28:20.5172575Z tests/colors/test_parsing.py::test_hash_mark_invalid[7] [32mPASSED[0m[32m           [ 74%][0m
2025-02-24T05:28:20.5187763Z tests/colors/test_parsing.py::test_hash_mark_invalid[9] [32mPASSED[0m[32m           [ 74%][0m
2025-02-24T05:28:20.5205060Z tests/colors/test_parsing.py::test_hash_mark_invalid[10] [32mPASSED[0m[32m          [ 74%][0m
2025-02-24T05:28:20.5245292Z tests/test_choices.py::test_none[Style] [32mPASSED[0m[32m                           [ 74%][0m
2025-02-24T05:28:20.5267079Z tests/test_choices.py::test_none[DeprecatedStyle] [32mPASSED[0m[32m                 [ 74%][0m
2025-02-24T05:28:20.5304555Z tests/test_choices.py::test_allow_string[Style] [32mPASSED[0m[32m                   [ 75%][0m
2025-02-24T05:28:20.5327162Z tests/test_choices.py::test_allow_string[DeprecatedStyle] [32mPASSED[0m[32m         [ 75%][0m
2025-02-24T05:28:20.5364802Z tests/test_choices.py::test_allow_integer[Style] [32mPASSED[0m[32m                  [ 75%][0m
2025-02-24T05:28:20.5385879Z tests/test_choices.py::test_allow_integer[DeprecatedStyle] [32mPASSED[0m[32m        [ 75%][0m
2025-02-24T05:28:20.5422953Z tests/test_choices.py::test_allow_number[Style] [32mPASSED[0m[32m                   [ 75%][0m
2025-02-24T05:28:20.5444214Z tests/test_choices.py::test_allow_number[DeprecatedStyle] [32mPASSED[0m[32m         [ 75%][0m
2025-02-24T05:28:20.5483108Z tests/test_choices.py::test_allow_color[Style] [32mPASSED[0m[32m                    [ 75%][0m
2025-02-24T05:28:20.5506338Z tests/test_choices.py::test_allow_color[DeprecatedStyle] [32mPASSED[0m[32m          [ 76%][0m
2025-02-24T05:28:20.5542600Z tests/test_choices.py::test_values[Style] [32mPASSED[0m[32m                         [ 76%][0m
2025-02-24T05:28:20.5563354Z tests/test_choices.py::test_values[DeprecatedStyle] [32mPASSED[0m[32m               [ 76%][0m
2025-02-24T05:28:20.5608548Z tests/test_choices.py::test_multiple_choices[Style] [32mPASSED[0m[32m               [ 76%][0m
2025-02-24T05:28:20.5633493Z tests/test_choices.py::test_multiple_choices[DeprecatedStyle] [32mPASSED[0m[32m     [ 76%][0m
2025-02-24T05:28:20.5651325Z tests/test_choices.py::test_string_symbol[Style] [32mPASSED[0m[32m                  [ 76%][0m
2025-02-24T05:28:20.5669799Z tests/test_choices.py::test_string_symbol[DeprecatedStyle] [32mPASSED[0m[32m        [ 77%][0m
2025-02-24T05:28:20.5685250Z tests/test_fonts.py::test_equality[font0] [32mPASSED[0m[32m                         [ 77%][0m
2025-02-24T05:28:20.5700605Z tests/test_fonts.py::test_equality[font1] [32mPASSED[0m[32m                         [ 77%][0m
2025-02-24T05:28:20.5715640Z tests/test_fonts.py::test_equality[font2] [32mPASSED[0m[32m                         [ 77%][0m
2025-02-24T05:28:20.5731104Z tests/test_fonts.py::test_inqequality[font0] [32mPASSED[0m[32m                      [ 77%][0m
2025-02-24T05:28:20.5746531Z tests/test_fonts.py::test_inqequality[font1] [32mPASSED[0m[32m                      [ 77%][0m
2025-02-24T05:28:20.5761931Z tests/test_fonts.py::test_inqequality[font2] [32mPASSED[0m[32m                      [ 77%][0m
2025-02-24T05:28:20.5776995Z tests/test_fonts.py::test_inqequality[a string] [32mPASSED[0m[32m                   [ 78%][0m
2025-02-24T05:28:20.5792521Z tests/test_fonts.py::test_inqequality[5] [32mPASSED[0m[32m                          [ 78%][0m
2025-02-24T05:28:20.5806720Z tests/test_fonts.py::test_hash [32mPASSED[0m[32m                                    [ 78%][0m
2025-02-24T05:28:20.5824314Z tests/test_fonts.py::test_repr[12-kwargs0-12pt] [32mPASSED[0m[32m                   [ 78%][0m
2025-02-24T05:28:20.5841515Z tests/test_fonts.py::test_repr[12-kwargs1-italic 12pt] [32mPASSED[0m[32m            [ 78%][0m
2025-02-24T05:28:20.5858565Z tests/test_fonts.py::test_repr[12-kwargs2-italic small-caps 12pt] [32mPASSED[0m[32m [ 78%][0m
2025-02-24T05:28:20.5875603Z tests/test_fonts.py::test_repr[12-kwargs3-italic small-caps bold 12pt] [32mPASSED[0m[32m [ 79%][0m
2025-02-24T05:28:20.5893131Z tests/test_fonts.py::test_repr[12-kwargs4-small-caps bold 12pt] [32mPASSED[0m[32m   [ 79%][0m
2025-02-24T05:28:20.5910179Z tests/test_fonts.py::test_repr[12-kwargs5-bold 12pt] [32mPASSED[0m[32m              [ 79%][0m
2025-02-24T05:28:20.5927347Z tests/test_fonts.py::test_repr[12-kwargs6-italic bold 12pt] [32mPASSED[0m[32m       [ 79%][0m
2025-02-24T05:28:20.5944468Z tests/test_fonts.py::test_repr[-1-kwargs7-system default size] [32mPASSED[0m[32m    [ 79%][0m
2025-02-24T05:28:20.5961585Z tests/test_fonts.py::test_repr[-1-kwargs8-italic system default size] [32mPASSED[0m[32m [ 79%][0m
2025-02-24T05:28:20.5976791Z tests/test_fonts.py::test_simple_construction[12_0] [32mPASSED[0m[32m               [ 80%][0m
2025-02-24T05:28:20.5992081Z tests/test_fonts.py::test_simple_construction[12_1] [32mPASSED[0m[32m               [ 80%][0m
2025-02-24T05:28:20.6007100Z tests/test_fonts.py::test_simple_construction[12pt] [32mPASSED[0m[32m               [ 80%][0m
2025-02-24T05:28:20.6022568Z tests/test_fonts.py::test_simple_construction[12 pt] [32mPASSED[0m[32m              [ 80%][0m
2025-02-24T05:28:20.6036746Z tests/test_fonts.py::test_invalid_construction [32mPASSED[0m[32m                    [ 80%][0m
2025-02-24T05:28:20.6052201Z tests/test_fonts.py::test_family[Comics Sans] [32mPASSED[0m[32m                     [ 80%][0m
2025-02-24T05:28:20.6067374Z tests/test_fonts.py::test_family[Wingdings] [32mPASSED[0m[32m                       [ 80%][0m
2025-02-24T05:28:20.6083122Z tests/test_fonts.py::test_family['Comic Sans'] [32mPASSED[0m[32m                    [ 81%][0m
2025-02-24T05:28:20.6098270Z tests/test_fonts.py::test_family["Comic Sans"] [32mPASSED[0m[32m                    [ 81%][0m
2025-02-24T05:28:20.6114647Z tests/test_fonts.py::test_style[italic-italic0] [32mPASSED[0m[32m                   [ 81%][0m
2025-02-24T05:28:20.6130711Z tests/test_fonts.py::test_style[italic-italic1] [32mPASSED[0m[32m                   [ 81%][0m
2025-02-24T05:28:20.6146771Z tests/test_fonts.py::test_style[oblique-oblique0] [32mPASSED[0m[32m                 [ 81%][0m
2025-02-24T05:28:20.6163144Z tests/test_fonts.py::test_style[oblique-oblique1] [32mPASSED[0m[32m                 [ 81%][0m
2025-02-24T05:28:20.6179308Z tests/test_fonts.py::test_style[something else-normal] [32mPASSED[0m[32m            [ 82%][0m
2025-02-24T05:28:20.6194609Z tests/test_fonts.py::test_make_normal_style[kwargs0] [32mPASSED[0m[32m              [ 82%][0m
2025-02-24T05:28:20.6209794Z tests/test_fonts.py::test_make_normal_style[kwargs1] [32mPASSED[0m[32m              [ 82%][0m
2025-02-24T05:28:20.6226088Z tests/test_fonts.py::test_make_slanted[italic-italic] [32mPASSED[0m[32m             [ 82%][0m
2025-02-24T05:28:20.6242533Z tests/test_fonts.py::test_make_slanted[oblique-oblique] [32mPASSED[0m[32m           [ 82%][0m
2025-02-24T05:28:20.6258601Z tests/test_fonts.py::test_variant[small-caps-small-caps0] [32mPASSED[0m[32m         [ 82%][0m
2025-02-24T05:28:20.6275037Z tests/test_fonts.py::test_variant[small-caps-small-caps1] [32mPASSED[0m[32m         [ 82%][0m
2025-02-24T05:28:20.6291316Z tests/test_fonts.py::test_variant[something else-normal] [32mPASSED[0m[32m          [ 83%][0m
2025-02-24T05:28:20.6306324Z tests/test_fonts.py::test_make_normal_variant[kwargs0] [32mPASSED[0m[32m            [ 83%][0m
2025-02-24T05:28:20.6321813Z tests/test_fonts.py::test_make_normal_variant[kwargs1] [32mPASSED[0m[32m            [ 83%][0m
2025-02-24T05:28:20.6335679Z tests/test_fonts.py::test_make_small_caps [32mPASSED[0m[32m                         [ 83%][0m
2025-02-24T05:28:20.6351959Z tests/test_fonts.py::test_weight[bold-bold0] [32mPASSED[0m[32m                      [ 83%][0m
2025-02-24T05:28:20.6367999Z tests/test_fonts.py::test_weight[bold-bold1] [32mPASSED[0m[32m                      [ 83%][0m
2025-02-24T05:28:20.6384761Z tests/test_fonts.py::test_weight[something else-normal] [32mPASSED[0m[32m           [ 84%][0m
2025-02-24T05:28:20.6400126Z tests/test_fonts.py::test_make_normal_weight[kwargs0] [32mPASSED[0m[32m             [ 84%][0m
2025-02-24T05:28:20.6415440Z tests/test_fonts.py::test_make_normal_weight[kwargs1] [32mPASSED[0m[32m             [ 84%][0m
2025-02-24T05:28:20.6430849Z tests/test_fonts.py::test_make_bold [32mPASSED[0m[32m                               [ 84%][0m
2025-02-24T05:28:20.6445190Z tests/test_layout.py::test_viewport_default [32mPASSED[0m[32m                       [ 84%][0m
2025-02-24T05:28:20.6459450Z tests/test_layout.py::test_viewport_constructor [32mPASSED[0m[32m                   [ 84%][0m
2025-02-24T05:28:20.6477580Z tests/test_layout.py::test_repr [32mPASSED[0m[32m                                   [ 84%][0m
2025-02-24T05:28:20.6494947Z tests/test_layout.py::test_initial [32mPASSED[0m[32m                                [ 85%][0m
2025-02-24T05:28:20.6516836Z tests/test_layout.py::test_set_content_dimension[content_top-5-expected10-7-expected20] [32mPASSED[0m[32m [ 85%][0m
2025-02-24T05:28:20.6539713Z tests/test_layout.py::test_set_content_dimension[content_left-5-expected11-7-expected21] [32mPASSED[0m[32m [ 85%][0m
2025-02-24T05:28:20.6561504Z tests/test_layout.py::test_set_content_dimension[min_content_width-8-expected12-9-expected22] [32mPASSED[0m[32m [ 85%][0m
2025-02-24T05:28:20.6583471Z tests/test_layout.py::test_set_content_dimension[content_width-5-expected13-7-expected23] [32mPASSED[0m[32m [ 85%][0m
2025-02-24T05:28:20.6607344Z tests/test_layout.py::test_set_content_dimension[min_content_height-7-expected14-8-expected24] [32mPASSED[0m[32m [ 85%][0m
2025-02-24T05:28:20.6629080Z tests/test_layout.py::test_set_content_dimension[content_height-10-expected15-12-expected25] [32mPASSED[0m[32m [ 86%][0m
2025-02-24T05:28:20.6647584Z tests/test_layout.py::test_descendent_offsets [32mPASSED[0m[32m                     [ 86%][0m
2025-02-24T05:28:20.6666400Z tests/test_layout.py::test_absolute_equalities [32mPASSED[0m[32m                    [ 86%][0m
2025-02-24T05:28:20.6683584Z tests/test_node.py::test_create_leaf [32mPASSED[0m[32m                              [ 86%][0m
2025-02-24T05:28:20.6703098Z tests/test_node.py::test_create_node [32mPASSED[0m[32m                              [ 86%][0m
2025-02-24T05:28:20.6725963Z tests/test_node.py::test_refresh[Style] [32mPASSED[0m[32m                           [ 86%][0m
2025-02-24T05:28:20.6748136Z tests/test_node.py::test_refresh[OldStyle] [32mPASSED[0m[32m                        [ 86%][0m
2025-02-24T05:28:20.6763940Z tests/test_node.py::test_refresh_no_op [32mPASSED[0m[32m                            [ 87%][0m
2025-02-24T05:28:20.6787003Z tests/test_node.py::test_type_error_in_layout[TypeErrorStyle] [32mPASSED[0m[32m     [ 87%][0m
2025-02-24T05:28:20.6805358Z tests/test_node.py::test_type_error_in_layout[OldTypeErrorStyle] [32mPASSED[0m[32m  [ 87%][0m
2025-02-24T05:28:20.6822352Z tests/test_node.py::test_add [32mPASSED[0m[32m                                      [ 87%][0m
2025-02-24T05:28:20.6840948Z tests/test_node.py::test_insert [32mPASSED[0m[32m                                   [ 87%][0m
2025-02-24T05:28:20.6862450Z tests/test_node.py::test_insert_leaf [32mPASSED[0m[32m                              [ 87%][0m
2025-02-24T05:28:20.6880326Z tests/test_node.py::test_remove [32mPASSED[0m[32m                                   [ 88%][0m
2025-02-24T05:28:20.6902262Z tests/test_node.py::test_remove_leaf [32mPASSED[0m[32m                              [ 88%][0m
2025-02-24T05:28:20.6920283Z tests/test_node.py::test_clear [32mPASSED[0m[32m                                    [ 88%][0m
2025-02-24T05:28:20.6935769Z tests/test_node.py::test_clear_leaf [32mPASSED[0m[32m                               [ 88%][0m
2025-02-24T05:28:20.6953779Z tests/test_node.py::test_create_with_no_applicator [32mPASSED[0m[32m                [ 88%][0m
2025-02-24T05:28:20.6972486Z tests/test_node.py::test_create_with_applicator [32mPASSED[0m[32m                   [ 88%][0m
2025-02-24T05:28:20.6989771Z tests/test_node.py::test_assign_applicator[node0] [32mPASSED[0m[32m                 [ 88%][0m
2025-02-24T05:28:20.7006858Z tests/test_node.py::test_assign_applicator[node1] [32mPASSED[0m[32m                 [ 89%][0m
2025-02-24T05:28:20.7022830Z tests/test_node.py::test_assign_applicator_none[node0] [32mPASSED[0m[32m            [ 89%][0m
2025-02-24T05:28:20.7038766Z tests/test_node.py::test_assign_applicator_none[node1] [32mPASSED[0m[32m            [ 89%][0m
2025-02-24T05:28:20.7059790Z tests/test_node.py::test_assign_style_with_applicator [32mPASSED[0m[32m             [ 89%][0m
2025-02-24T05:28:20.7079781Z tests/test_node.py::test_assign_style_with_no_applicator [32mPASSED[0m[32m          [ 89%][0m
2025-02-24T05:28:20.7097550Z tests/test_node.py::test_apply_before_node_is_ready [32mPASSED[0m[32m               [ 89%][0m
2025-02-24T05:28:20.7114365Z tests/test_node.py::test_applicator_has_node_reference [32mPASSED[0m[32m            [ 90%][0m
2025-02-24T05:28:20.7128647Z tests/test_size.py::test_at_least_repr [32mPASSED[0m[32m                            [ 90%][0m
2025-02-24T05:28:20.7143196Z tests/test_size.py::test_at_least_eq [32mPASSED[0m[32m                              [ 90%][0m
2025-02-24T05:28:20.7159833Z tests/test_size.py::test_size_repr [32mPASSED[0m[32m                                [ 90%][0m
2025-02-24T05:28:20.7175508Z tests/test_style.py::test_invalid_style [32mPASSED[0m[32m                           [ 90%][0m
2025-02-24T05:28:20.7204156Z tests/test_style.py::test_positional_argument[Style] [32mPASSED[0m[32m              [ 90%][0m
2025-02-24T05:28:20.7220813Z tests/test_style.py::test_positional_argument[DeprecatedStyle] [32mPASSED[0m[32m    [ 91%][0m
2025-02-24T05:28:20.7240912Z tests/test_style.py::test_create_and_copy[Style] [32mPASSED[0m[32m                  [ 91%][0m
2025-02-24T05:28:20.7260362Z tests/test_style.py::test_create_and_copy[DeprecatedStyle] [32mPASSED[0m[32m        [ 91%][0m
2025-02-24T05:28:20.7277018Z tests/test_style.py::test_deprecated_copy [32mPASSED[0m[32m                         [ 91%][0m
2025-02-24T05:28:20.7298643Z tests/test_style.py::test_apply[Style] [32mPASSED[0m[32m                            [ 91%][0m
2025-02-24T05:28:20.7317890Z tests/test_style.py::test_apply[DeprecatedStyle] [32mPASSED[0m[32m                  [ 91%][0m
2025-02-24T05:28:20.7338018Z tests/test_style.py::test_property_with_explicit_const[Style] [32mPASSED[0m[32m     [ 91%][0m
2025-02-24T05:28:20.7357828Z tests/test_style.py::test_property_with_explicit_const[DeprecatedStyle] [32mPASSED[0m[32m [ 92%][0m
2025-02-24T05:28:20.7376771Z tests/test_style.py::test_property_with_explicit_value[Style] [32mPASSED[0m[32m     [ 92%][0m
2025-02-24T05:28:20.7395365Z tests/test_style.py::test_property_with_explicit_value[DeprecatedStyle] [32mPASSED[0m[32m [ 92%][0m
2025-02-24T05:28:20.7414162Z tests/test_style.py::test_property_with_explicit_none[Style] [32mPASSED[0m[32m      [ 92%][0m
2025-02-24T05:28:20.7433035Z tests/test_style.py::test_property_with_explicit_none[DeprecatedStyle] [32mPASSED[0m[32m [ 92%][0m
2025-02-24T05:28:20.7451807Z tests/test_style.py::test_property_with_implicit_default[Style] [32mPASSED[0m[32m   [ 92%][0m
2025-02-24T05:28:20.7470580Z tests/test_style.py::test_property_with_implicit_default[DeprecatedStyle] [32mPASSED[0m[32m [ 93%][0m
2025-02-24T05:28:20.7486484Z tests/test_style.py::test_set_initial_no_apply[Style] [32mPASSED[0m[32m             [ 93%][0m
2025-02-24T05:28:20.7503189Z tests/test_style.py::test_set_initial_no_apply[DeprecatedStyle] [32mPASSED[0m[32m   [ 93%][0m
2025-02-24T05:28:20.7537682Z tests/test_style.py::test_directional_property[Style] [32mPASSED[0m[32m             [ 93%][0m
2025-02-24T05:28:20.7571694Z tests/test_style.py::test_directional_property[DeprecatedStyle] [32mPASSED[0m[32m   [ 93%][0m
2025-02-24T05:28:20.7589771Z tests/test_style.py::test_list_property[value0-expected0] [32mPASSED[0m[32m         [ 93%][0m
2025-02-24T05:28:20.7607392Z tests/test_style.py::test_list_property[value1-expected1] [32mPASSED[0m[32m         [ 93%][0m
2025-02-24T05:28:20.7625957Z tests/test_style.py::test_list_property[value2-expected2] [32mPASSED[0m[32m         [ 94%][0m
2025-02-24T05:28:20.7643657Z tests/test_style.py::test_list_property[value3-expected3] [32mPASSED[0m[32m         [ 94%][0m
2025-02-24T05:28:20.7661177Z tests/test_style.py::test_list_property[value4-expected4] [32mPASSED[0m[32m         [ 94%][0m
2025-02-24T05:28:20.7679474Z tests/test_style.py::test_list_property[value5-expected5] [32mPASSED[0m[32m         [ 94%][0m
2025-02-24T05:28:20.7697491Z tests/test_style.py::test_list_property[value6-expected6] [32mPASSED[0m[32m         [ 94%][0m
2025-02-24T05:28:20.7728460Z tests/test_style.py::test_list_property_invalid[5-TypeError-Value for list property list_prop must be a sequence\\.] [32mPASSED[0m[32m [ 94%][0m
2025-02-24T05:28:20.7759072Z tests/test_style.py::test_list_property_invalid[<genexpr>-TypeError-Value for list property list_prop must be a sequence.] [32mPASSED[0m[32m [ 95%][0m
2025-02-24T05:28:20.7800986Z tests/test_style.py::test_list_property_invalid[value2-ValueError-Invalid item value 'bogus' for list property list_prop; Valid values are: none, value1, value2, value3, <integer>] [32mPASSED[0m[32m [ 95%][0m
2025-02-24T05:28:20.7840045Z tests/test_style.py::test_list_property_invalid[value3-ValueError-List properties cannot be set to an empty sequence; to reset a property, use del `style.list_prop`\\.] [32mPASSED[0m[32m [ 95%][0m
2025-02-24T05:28:20.7858287Z tests/test_style.py::test_list_property_invalid[value4-ValueError-List properties cannot be set to an empty sequence; to reset a property, use del `style.list_prop`\\.] [32mPASSED[0m[32m [ 95%][0m
2025-02-24T05:28:20.7895587Z tests/test_style.py::test_list_property_immutable [32mPASSED[0m[32m                 [ 95%][0m
2025-02-24T05:28:20.7912825Z tests/test_style.py::test_list_property_list_like [32mPASSED[0m[32m                 [ 95%][0m
2025-02-24T05:28:20.7933267Z tests/test_style.py::test_set_multiple_properties[Style] [32mPASSED[0m[32m          [ 95%][0m
2025-02-24T05:28:20.7953073Z tests/test_style.py::test_set_multiple_properties[DeprecatedStyle] [32mPASSED[0m[32m [ 96%][0m
2025-02-24T05:28:20.7972781Z tests/test_style.py::test_str[Style] [32mPASSED[0m[32m                              [ 96%][0m
2025-02-24T05:28:20.7992251Z tests/test_style.py::test_str[DeprecatedStyle] [32mPASSED[0m[32m                    [ 96%][0m
2025-02-24T05:28:20.8019192Z tests/test_style.py::test_dict[Style] [32mPASSED[0m[32m                             [ 96%][0m
2025-02-24T05:28:20.8045322Z tests/test_style.py::test_dict[DeprecatedStyle] [32mPASSED[0m[32m                   [ 96%][0m
2025-02-24T05:28:20.8068293Z tests/test_style.py::test_set_to_initial[Style] [32mPASSED[0m[32m                   [ 96%][0m
2025-02-24T05:28:20.8090995Z tests/test_style.py::test_set_to_initial[DeprecatedStyle] [32mPASSED[0m[32m         [ 97%][0m
2025-02-24T05:28:20.8116015Z tests/test_style.py::test_union_operators[True-Style] [32mPASSED[0m[32m             [ 97%][0m
2025-02-24T05:28:20.8140734Z tests/test_style.py::test_union_operators[True-DeprecatedStyle] [32mPASSED[0m[32m   [ 97%][0m
2025-02-24T05:28:20.8163181Z tests/test_style.py::test_union_operators[False-Style] [32mPASSED[0m[32m            [ 97%][0m
2025-02-24T05:28:20.8187722Z tests/test_style.py::test_union_operators[False-DeprecatedStyle] [32mPASSED[0m[32m  [ 97%][0m
2025-02-24T05:28:20.8212054Z tests/test_style.py::test_union_operators_invalid_type[Style-StyleSubclass] [32mPASSED[0m[32m [ 97%][0m
2025-02-24T05:28:20.8229742Z tests/test_style.py::test_union_operators_invalid_type[Style-Sibling] [32mPASSED[0m[32m [ 97%][0m
2025-02-24T05:28:20.8247452Z tests/test_style.py::test_union_operators_invalid_type[Style-int] [32mPASSED[0m[32m [ 98%][0m
2025-02-24T05:28:20.8265314Z tests/test_style.py::test_union_operators_invalid_type[Style-list] [32mPASSED[0m[32m [ 98%][0m
2025-02-24T05:28:20.8283881Z tests/test_style.py::test_union_operators_invalid_type[DeprecatedStyle-DeprecatedStyleSubclass] [32mPASSED[0m[32m [ 98%][0m
2025-02-24T05:28:20.8300967Z tests/test_style.py::test_union_operators_invalid_type[DeprecatedStyle-Sibling] [32mPASSED[0m[32m [ 98%][0m
2025-02-24T05:28:20.8318318Z tests/test_style.py::test_union_operators_invalid_type[DeprecatedStyle-int] [32mPASSED[0m[32m [ 98%][0m
2025-02-24T05:28:20.8335918Z tests/test_style.py::test_union_operators_invalid_type[DeprecatedStyle-list] [32mPASSED[0m[32m [ 98%][0m
2025-02-24T05:28:20.8355758Z tests/test_style.py::test_union_operators_invalid_key_value[right0-ValueError-Style] [32mPASSED[0m[32m [ 99%][0m
2025-02-24T05:28:20.8375361Z tests/test_style.py::test_union_operators_invalid_key_value[right0-ValueError-DeprecatedStyle] [32mPASSED[0m[32m [ 99%][0m
2025-02-24T05:28:20.8394790Z tests/test_style.py::test_union_operators_invalid_key_value[right1-NameError-Style] [32mPASSED[0m[32m [ 99%][0m
2025-02-24T05:28:20.8414232Z tests/test_style.py::test_union_operators_invalid_key_value[right1-NameError-DeprecatedStyle] [32mPASSED[0m[32m [ 99%][0m
2025-02-24T05:28:20.8430012Z tests/test_style.py::test_deprecated_class_methods [32mPASSED[0m[32m                [ 99%][0m
2025-02-24T05:28:20.8446534Z tests/test_style.py::test_deprecated_reapply [32mPASSED[0m[32m                      [ 99%][0m
2025-02-24T05:28:20.8493838Z tests/test_style.py::test_deprecated_import [32mPASSED[0m[32m                       [100%][0m
2025-02-24T05:28:20.8494382Z 
2025-02-24T05:28:20.8494716Z [32m============================= [32m[1m645 passed[0m[32m in 2.11s[0m[32m ==============================[0m
2025-02-24T05:28:20.9072466Z   py-cov-trav: OK (8.56=setup[0.73]+cmd[5.11,2.72] seconds)
2025-02-24T05:28:20.9072998Z   congratulations :) (8.70 seconds)
2025-02-24T05:28:21.8635079Z Python 3.13.2
2025-02-24T05:28:22.4102861Z Looking in links: ../dist
2025-02-24T05:28:22.4155627Z Processing /home/runner/work/toga/toga/dist/toga_core-0.4.9.dev608+g01152b56b-py3-none-any.whl (from toga-core==0.4.9.dev608+g01152b56b)
2025-02-24T05:28:22.4238787Z Processing /home/runner/work/toga/toga/dist/toga_dummy-0.4.9.dev608+g01152b56b-py3-none-any.whl
2025-02-24T05:28:22.4714008Z Processing /home/runner/work/toga/toga/dist/travertino-0.4.9.dev608+g01152b56b-py3-none-any.whl (from toga-core==0.4.9.dev608+g01152b56b->toga-core==0.4.9.dev608+g01152b56b)
2025-02-24T05:28:22.6637721Z Collecting coverage==7.6.12 (from coverage[toml]==7.6.12; extra == "dev"->toga-core==0.4.9.dev608+g01152b56b->toga-core==0.4.9.dev608+g01152b56b)
2025-02-24T05:28:22.6650577Z   Using cached coverage-7.6.12-cp313-cp313-manylinux_2_5_x86_64.manylinux1_x86_64.manylinux_2_17_x86_64.manylinux2014_x86_64.whl.metadata (8.5 kB)
2025-02-24T05:28:22.6759135Z Collecting coverage-conditional-plugin==0.9.0 (from toga-core==0.4.9.dev608+g01152b56b->toga-core==0.4.9.dev608+g01152b56b)
2025-02-24T05:28:22.6770015Z   Using cached coverage_conditional_plugin-0.9.0-py3-none-any.whl.metadata (6.9 kB)
2025-02-24T05:28:22.7844011Z Collecting Pillow==11.1.0 (from toga-core==0.4.9.dev608+g01152b56b->toga-core==0.4.9.dev608+g01152b56b)
2025-02-24T05:28:22.7855009Z   Using cached pillow-11.1.0-cp313-cp313-manylinux_2_28_x86_64.whl.metadata (9.1 kB)
2025-02-24T05:28:22.8184123Z Collecting pre-commit==4.1.0 (from toga-core==0.4.9.dev608+g01152b56b->toga-core==0.4.9.dev608+g01152b56b)
2025-02-24T05:28:22.8194835Z   Using cached pre_commit-4.1.0-py2.py3-none-any.whl.metadata (1.3 kB)
2025-02-24T05:28:22.8469284Z Collecting pytest==8.3.4 (from toga-core==0.4.9.dev608+g01152b56b->toga-core==0.4.9.dev608+g01152b56b)
2025-02-24T05:28:22.8479630Z   Using cached pytest-8.3.4-py3-none-any.whl.metadata (7.5 kB)
2025-02-24T05:28:22.8653201Z Collecting pytest-asyncio==0.25.3 (from toga-core==0.4.9.dev608+g01152b56b->toga-core==0.4.9.dev608+g01152b56b)
2025-02-24T05:28:22.8663942Z   Using cached pytest_asyncio-0.25.3-py3-none-any.whl.metadata (3.9 kB)
2025-02-24T05:28:22.8766025Z Collecting pytest-freezer==0.4.9 (from toga-core==0.4.9.dev608+g01152b56b->toga-core==0.4.9.dev608+g01152b56b)
2025-02-24T05:28:22.8776984Z   Using cached pytest_freezer-0.4.9-py3-none-any.whl.metadata (2.1 kB)
2025-02-24T05:28:22.9014292Z Collecting setuptools-scm==8.1.0 (from toga-core==0.4.9.dev608+g01152b56b->toga-core==0.4.9.dev608+g01152b56b)
2025-02-24T05:28:22.9024954Z   Using cached setuptools_scm-8.1.0-py3-none-any.whl.metadata (6.6 kB)
2025-02-24T05:28:22.9444578Z Collecting tox==4.24.1 (from toga-core==0.4.9.dev608+g01152b56b->toga-core==0.4.9.dev608+g01152b56b)
2025-02-24T05:28:22.9455214Z   Using cached tox-4.24.1-py3-none-any.whl.metadata (3.7 kB)
2025-02-24T05:28:22.9664773Z Collecting packaging>=20.4 (from coverage-conditional-plugin==0.9.0->toga-core==0.4.9.dev608+g01152b56b->toga-core==0.4.9.dev608+g01152b56b)
2025-02-24T05:28:22.9675234Z   Using cached packaging-24.2-py3-none-any.whl.metadata (3.2 kB)
2025-02-24T05:28:22.9827511Z Collecting cfgv>=2.0.0 (from pre-commit==4.1.0->toga-core==0.4.9.dev608+g01152b56b->toga-core==0.4.9.dev608+g01152b56b)
2025-02-24T05:28:22.9837954Z   Using cached cfgv-3.4.0-py2.py3-none-any.whl.metadata (8.5 kB)
2025-02-24T05:28:23.0167872Z Collecting identify>=1.0.0 (from pre-commit==4.1.0->toga-core==0.4.9.dev608+g01152b56b->toga-core==0.4.9.dev608+g01152b56b)
2025-02-24T05:28:23.0178149Z   Using cached identify-2.6.8-py2.py3-none-any.whl.metadata (4.4 kB)
2025-02-24T05:28:23.0321580Z Collecting nodeenv>=0.11.1 (from pre-commit==4.1.0->toga-core==0.4.9.dev608+g01152b56b->toga-core==0.4.9.dev608+g01152b56b)
2025-02-24T05:28:23.0332228Z   Using cached nodeenv-1.9.1-py2.py3-none-any.whl.metadata (21 kB)
2025-02-24T05:28:23.0591829Z Collecting pyyaml>=5.1 (from pre-commit==4.1.0->toga-core==0.4.9.dev608+g01152b56b->toga-core==0.4.9.dev608+g01152b56b)
2025-02-24T05:28:23.0601890Z   Using cached PyYAML-6.0.2-cp313-cp313-manylinux_2_17_x86_64.manylinux2014_x86_64.whl.metadata (2.1 kB)
2025-02-24T05:28:23.0941697Z Collecting virtualenv>=20.10.0 (from pre-commit==4.1.0->toga-core==0.4.9.dev608+g01152b56b->toga-core==0.4.9.dev608+g01152b56b)
2025-02-24T05:28:23.0956970Z   Using cached virtualenv-20.29.2-py3-none-any.whl.metadata (4.5 kB)
2025-02-24T05:28:23.1071258Z Collecting iniconfig (from pytest==8.3.4->toga-core==0.4.9.dev608+g01152b56b->toga-core==0.4.9.dev608+g01152b56b)
2025-02-24T05:28:23.1081332Z   Using cached iniconfig-2.0.0-py3-none-any.whl.metadata (2.6 kB)
2025-02-24T05:28:23.1241811Z Collecting pluggy<2,>=1.5 (from pytest==8.3.4->toga-core==0.4.9.dev608+g01152b56b->toga-core==0.4.9.dev608+g01152b56b)
2025-02-24T05:28:23.1252473Z   Using cached pluggy-1.5.0-py3-none-any.whl.metadata (4.8 kB)
2025-02-24T05:28:23.1636626Z Collecting freezegun>=1.1 (from pytest-freezer==0.4.9->toga-core==0.4.9.dev608+g01152b56b->toga-core==0.4.9.dev608+g01152b56b)
2025-02-24T05:28:23.1646229Z   Using cached freezegun-1.5.1-py3-none-any.whl.metadata (11 kB)
2025-02-24T05:28:23.2583671Z Collecting setuptools (from setuptools-scm==8.1.0->toga-core==0.4.9.dev608+g01152b56b->toga-core==0.4.9.dev608+g01152b56b)
2025-02-24T05:28:23.2593846Z   Using cached setuptools-75.8.0-py3-none-any.whl.metadata (6.7 kB)
2025-02-24T05:28:23.2814956Z Collecting cachetools>=5.5 (from tox==4.24.1->toga-core==0.4.9.dev608+g01152b56b->toga-core==0.4.9.dev608+g01152b56b)
2025-02-24T05:28:23.2824916Z   Using cached cachetools-5.5.2-py3-none-any.whl.metadata (5.4 kB)
2025-02-24T05:28:23.2915870Z Collecting chardet>=5.2 (from tox==4.24.1->toga-core==0.4.9.dev608+g01152b56b->toga-core==0.4.9.dev608+g01152b56b)
2025-02-24T05:28:23.2925749Z   Using cached chardet-5.2.0-py3-none-any.whl.metadata (3.4 kB)
2025-02-24T05:28:23.3059383Z Collecting colorama>=0.4.6 (from tox==4.24.1->toga-core==0.4.9.dev608+g01152b56b->toga-core==0.4.9.dev608+g01152b56b)
2025-02-24T05:28:23.3069341Z   Using cached colorama-0.4.6-py2.py3-none-any.whl.metadata (17 kB)
2025-02-24T05:28:23.3261461Z Collecting filelock>=3.16.1 (from tox==4.24.1->toga-core==0.4.9.dev608+g01152b56b->toga-core==0.4.9.dev608+g01152b56b)
2025-02-24T05:28:23.3271504Z   Using cached filelock-3.17.0-py3-none-any.whl.metadata (2.9 kB)
2025-02-24T05:28:23.3442397Z Collecting platformdirs>=4.3.6 (from tox==4.24.1->toga-core==0.4.9.dev608+g01152b56b->toga-core==0.4.9.dev608+g01152b56b)
2025-02-24T05:28:23.3452188Z   Using cached platformdirs-4.3.6-py3-none-any.whl.metadata (11 kB)
2025-02-24T05:28:23.3572786Z Collecting pyproject-api>=1.8 (from tox==4.24.1->toga-core==0.4.9.dev608+g01152b56b->toga-core==0.4.9.dev608+g01152b56b)
2025-02-24T05:28:23.3582841Z   Using cached pyproject_api-1.9.0-py3-none-any.whl.metadata (2.7 kB)
2025-02-24T05:28:23.3847304Z Collecting python-dateutil>=2.7 (from freezegun>=1.1->pytest-freezer==0.4.9->toga-core==0.4.9.dev608+g01152b56b->toga-core==0.4.9.dev608+g01152b56b)
2025-02-24T05:28:23.3857490Z   Using cached python_dateutil-2.9.0.post0-py2.py3-none-any.whl.metadata (8.4 kB)
2025-02-24T05:28:23.4060185Z Collecting distlib<1,>=0.3.7 (from virtualenv>=20.10.0->pre-commit==4.1.0->toga-core==0.4.9.dev608+g01152b56b->toga-core==0.4.9.dev608+g01152b56b)
2025-02-24T05:28:23.4070183Z   Using cached distlib-0.3.9-py2.py3-none-any.whl.metadata (5.2 kB)
2025-02-24T05:28:23.4309845Z Collecting six>=1.5 (from python-dateutil>=2.7->freezegun>=1.1->pytest-freezer==0.4.9->toga-core==0.4.9.dev608+g01152b56b->toga-core==0.4.9.dev608+g01152b56b)
2025-02-24T05:28:23.4319589Z   Using cached six-1.17.0-py2.py3-none-any.whl.metadata (1.7 kB)
2025-02-24T05:28:23.4377865Z Using cached coverage-7.6.12-cp313-cp313-manylinux_2_5_x86_64.manylinux1_x86_64.manylinux_2_17_x86_64.manylinux2014_x86_64.whl (241 kB)
2025-02-24T05:28:23.4390352Z Using cached coverage_conditional_plugin-0.9.0-py3-none-any.whl (7.3 kB)
2025-02-24T05:28:23.4401155Z Using cached pillow-11.1.0-cp313-cp313-manylinux_2_28_x86_64.whl (4.5 MB)
2025-02-24T05:28:23.4446001Z Using cached pre_commit-4.1.0-py2.py3-none-any.whl (220 kB)
2025-02-24T05:28:23.4457958Z Using cached pytest-8.3.4-py3-none-any.whl (343 kB)
2025-02-24T05:28:23.4471372Z Using cached pytest_asyncio-0.25.3-py3-none-any.whl (19 kB)
2025-02-24T05:28:23.4481987Z Using cached pytest_freezer-0.4.9-py3-none-any.whl (3.2 kB)
2025-02-24T05:28:23.4492424Z Using cached setuptools_scm-8.1.0-py3-none-any.whl (43 kB)
2025-02-24T05:28:23.4502849Z Using cached tox-4.24.1-py3-none-any.whl (171 kB)
2025-02-24T05:28:23.4514531Z Using cached cachetools-5.5.2-py3-none-any.whl (10 kB)
2025-02-24T05:28:23.4524771Z Using cached cfgv-3.4.0-py2.py3-none-any.whl (7.2 kB)
2025-02-24T05:28:23.4534983Z Using cached chardet-5.2.0-py3-none-any.whl (199 kB)
2025-02-24T05:28:23.4546242Z Using cached colorama-0.4.6-py2.py3-none-any.whl (25 kB)
2025-02-24T05:28:23.4556719Z Using cached filelock-3.17.0-py3-none-any.whl (16 kB)
2025-02-24T05:28:23.4566937Z Using cached freezegun-1.5.1-py3-none-any.whl (17 kB)
2025-02-24T05:28:23.4576911Z Using cached identify-2.6.8-py2.py3-none-any.whl (99 kB)
2025-02-24T05:28:23.4587768Z Using cached nodeenv-1.9.1-py2.py3-none-any.whl (22 kB)
2025-02-24T05:28:23.4597988Z Using cached packaging-24.2-py3-none-any.whl (65 kB)
2025-02-24T05:28:23.4608444Z Using cached platformdirs-4.3.6-py3-none-any.whl (18 kB)
2025-02-24T05:28:23.4618470Z Using cached pluggy-1.5.0-py3-none-any.whl (20 kB)
2025-02-24T05:28:23.4628442Z Using cached pyproject_api-1.9.0-py3-none-any.whl (13 kB)
2025-02-24T05:28:23.4639028Z Using cached PyYAML-6.0.2-cp313-cp313-manylinux_2_17_x86_64.manylinux2014_x86_64.whl (759 kB)
2025-02-24T05:28:23.4654883Z Using cached virtualenv-20.29.2-py3-none-any.whl (4.3 MB)
2025-02-24T05:28:23.4697102Z Using cached iniconfig-2.0.0-py3-none-any.whl (5.9 kB)
2025-02-24T05:28:23.4707328Z Using cached setuptools-75.8.0-py3-none-any.whl (1.2 MB)
2025-02-24T05:28:23.4726294Z Using cached distlib-0.3.9-py2.py3-none-any.whl (468 kB)
2025-02-24T05:28:23.4739967Z Using cached python_dateutil-2.9.0.post0-py2.py3-none-any.whl (229 kB)
2025-02-24T05:28:23.4752513Z Using cached six-1.17.0-py2.py3-none-any.whl (11 kB)
2025-02-24T05:28:23.5534535Z Installing collected packages: distlib, travertino, six, setuptools, pyyaml, pluggy, platformdirs, Pillow, packaging, nodeenv, iniconfig, identify, filelock, coverage, colorama, chardet, cfgv, cachetools, virtualenv, toga-core, setuptools-scm, python-dateutil, pytest, pyproject-api, coverage-conditional-plugin, tox, toga-dummy, pytest-asyncio, pre-commit, freezegun, pytest-freezer
2025-02-24T05:28:25.9688290Z Successfully installed Pillow-11.1.0 cachetools-5.5.2 cfgv-3.4.0 chardet-5.2.0 colorama-0.4.6 coverage-7.6.12 coverage-conditional-plugin-0.9.0 distlib-0.3.9 filelock-3.17.0 freezegun-1.5.1 identify-2.6.8 iniconfig-2.0.0 nodeenv-1.9.1 packaging-24.2 platformdirs-4.3.6 pluggy-1.5.0 pre-commit-4.1.0 pyproject-api-1.9.0 pytest-8.3.4 pytest-asyncio-0.25.3 pytest-freezer-0.4.9 python-dateutil-2.9.0.post0 pyyaml-6.0.2 setuptools-75.8.0 setuptools-scm-8.1.0 six-1.17.0 toga-core-0.4.9.dev608+g01152b56b toga-dummy-0.4.9.dev608+g01152b56b tox-4.24.1 travertino-0.4.9.dev608+g01152b56b virtualenv-20.29.2
2025-02-24T05:28:26.1414002Z Combined data file .coverage.fv-az1914-423.2182.XfloBAJx
2025-02-24T05:28:26.3882386Z Name    Stmts   Miss Branch BrPart   Cover   Missing
2025-02-24T05:28:26.3882935Z ----------------------------------------------------
2025-02-24T05:28:26.3883315Z TOTAL     874      0    180      0  100.0%
2025-02-24T05:28:26.3883561Z 
2025-02-24T05:28:26.3883709Z 13 files skipped due to complete coverage.
2025-02-24T05:28:26.4171919Z   coverage313-trav: OK (5.19 seconds)
2025-02-24T05:28:26.4172428Z   congratulations :) (5.31 seconds)
2025-02-24T05:28:26.4575931Z ##[group]Run actions/upload-artifact@v4.6.1
2025-02-24T05:28:26.4576246Z with:
2025-02-24T05:28:26.4576543Z   name: travertino-coverage-data-ubuntu-latest-3.13
2025-02-24T05:28:26.4576865Z   path: travertino/.coverage.*
2025-02-24T05:28:26.4577109Z   if-no-files-found: error
2025-02-24T05:28:26.4577338Z   include-hidden-files: true
2025-02-24T05:28:26.4577570Z   compression-level: 6
2025-02-24T05:28:26.4577781Z   overwrite: false
2025-02-24T05:28:26.4577964Z env:
2025-02-24T05:28:26.4578141Z   min_python_version: 3.9
2025-02-24T05:28:26.4578360Z   max_python_version: 3.12
2025-02-24T05:28:26.4578586Z   FORCE_COLOR: 1
2025-02-24T05:28:26.4579047Z   pythonLocation: /opt/hostedtoolcache/Python/3.13.2/x64
2025-02-24T05:28:26.4579471Z   PKG_CONFIG_PATH: /opt/hostedtoolcache/Python/3.13.2/x64/lib/pkgconfig
2025-02-24T05:28:26.4579869Z   Python_ROOT_DIR: /opt/hostedtoolcache/Python/3.13.2/x64
2025-02-24T05:28:26.4580231Z   Python2_ROOT_DIR: /opt/hostedtoolcache/Python/3.13.2/x64
2025-02-24T05:28:26.4580619Z   Python3_ROOT_DIR: /opt/hostedtoolcache/Python/3.13.2/x64
2025-02-24T05:28:26.4580983Z   LD_LIBRARY_PATH: /opt/hostedtoolcache/Python/3.13.2/x64/lib
2025-02-24T05:28:26.4581279Z ##[endgroup]
2025-02-24T05:28:26.6681778Z With the provided path, there will be 1 file uploaded
2025-02-24T05:28:26.6687573Z Artifact name is valid!
2025-02-24T05:28:26.6689088Z Root directory input is valid!
2025-02-24T05:28:26.7949570Z Beginning upload of artifact content to blob storage
2025-02-24T05:28:27.0615596Z Uploaded bytes 30324
2025-02-24T05:28:27.1194704Z Finished uploading artifact content to blob storage!
2025-02-24T05:28:27.1198385Z SHA256 hash of uploaded artifact zip is 8d1761f1ea4348425843508c4915d801d278eb3e2218e4e702bd8119aa752895
2025-02-24T05:28:27.1200569Z Finalizing artifact upload
2025-02-24T05:28:27.2192677Z Artifact travertino-coverage-data-ubuntu-latest-3.13.zip successfully finalized. Artifact ID 2639030427
2025-02-24T05:28:27.2194299Z Artifact travertino-coverage-data-ubuntu-latest-3.13 has been successfully uploaded! Final size is 30324 bytes. Artifact ID is 2639030427
2025-02-24T05:28:27.2200393Z Artifact download URL: https://github.com/beeware/toga/actions/runs/13491433041/artifacts/2639030427
2025-02-24T05:28:27.2329241Z Post job cleanup.
2025-02-24T05:28:27.2368205Z Post job cleanup.
2025-02-24T05:28:27.3310444Z [command]/usr/bin/git version
2025-02-24T05:28:27.3354264Z git version 2.48.1
2025-02-24T05:28:27.3397706Z Temporarily overriding HOME='/home/runner/work/_temp/d3778736-a92a-4566-aeba-aabe5e925609' before making global git config changes
2025-02-24T05:28:27.3399335Z Adding repository directory to the temporary git global config as a safe directory
2025-02-24T05:28:27.3404710Z [command]/usr/bin/git config --global --add safe.directory /home/runner/work/toga/toga/.github-beeware
2025-02-24T05:28:27.3441564Z [command]/usr/bin/git config --local --name-only --get-regexp core\.sshCommand
2025-02-24T05:28:27.3474804Z [command]/usr/bin/git submodule foreach --recursive sh -c "git config --local --name-only --get-regexp 'core\.sshCommand' && git config --local --unset-all 'core.sshCommand' || :"
2025-02-24T05:28:27.3712811Z [command]/usr/bin/git config --local --name-only --get-regexp http\.https\:\/\/github\.com\/\.extraheader
2025-02-24T05:28:27.3733063Z http.https://github.com/.extraheader
2025-02-24T05:28:27.3745520Z [command]/usr/bin/git config --local --unset-all http.https://github.com/.extraheader
2025-02-24T05:28:27.3777313Z [command]/usr/bin/git submodule foreach --recursive sh -c "git config --local --name-only --get-regexp 'http\.https\:\/\/github\.com\/\.extraheader' && git config --local --unset-all 'http.https://github.com/.extraheader' || :"
2025-02-24T05:28:27.4107640Z Post job cleanup.
2025-02-24T05:28:27.5726910Z Post job cleanup.
2025-02-24T05:28:27.6710800Z [command]/usr/bin/git version
2025-02-24T05:28:27.6752383Z git version 2.48.1
2025-02-24T05:28:27.6797275Z Temporarily overriding HOME='/home/runner/work/_temp/8f56da37-7117-4e7c-99ed-de065fe98ca6' before making global git config changes
2025-02-24T05:28:27.6798646Z Adding repository directory to the temporary git global config as a safe directory
2025-02-24T05:28:27.6803685Z [command]/usr/bin/git config --global --add safe.directory /home/runner/work/toga/toga
2025-02-24T05:28:27.6848084Z [command]/usr/bin/git config --local --name-only --get-regexp core\.sshCommand
2025-02-24T05:28:27.6883057Z [command]/usr/bin/git submodule foreach --recursive sh -c "git config --local --name-only --get-regexp 'core\.sshCommand' && git config --local --unset-all 'core.sshCommand' || :"
2025-02-24T05:28:27.7145603Z [command]/usr/bin/git config --local --name-only --get-regexp http\.https\:\/\/github\.com\/\.extraheader
2025-02-24T05:28:27.7170117Z http.https://github.com/.extraheader
2025-02-24T05:28:27.7187583Z [command]/usr/bin/git config --local --unset-all http.https://github.com/.extraheader
2025-02-24T05:28:27.7223771Z [command]/usr/bin/git submodule foreach --recursive sh -c "git config --local --name-only --get-regexp 'http\.https\:\/\/github\.com\/\.extraheader' && git config --local --unset-all 'http.https://github.com/.extraheader' || :"
2025-02-24T05:28:27.7593616Z Cleaning up orphan processes
