2025-02-24T05:29:46.4866150Z Current runner version: '2.322.0'
2025-02-24T05:29:46.4885260Z ##[group]Operating System
2025-02-24T05:29:46.4885850Z macOS
2025-02-24T05:29:46.4886430Z 14.7.2
2025-02-24T05:29:46.4886750Z 23H311
2025-02-24T05:29:46.4887160Z ##[endgroup]
2025-02-24T05:29:46.4887490Z ##[group]Runner Image
2025-02-24T05:29:46.4887890Z Image: macos-14-arm64
2025-02-24T05:29:46.4888240Z Version: 20250120.774
2025-02-24T05:29:46.4888950Z Included Software: https://github.com/actions/runner-images/blob/macos-14-arm64/20250120.774/images/macos/macos-14-arm64-Readme.md
2025-02-24T05:29:46.4889930Z Image Release: https://github.com/actions/runner-images/releases/tag/macos-14-arm64%2F20250120.774
2025-02-24T05:29:46.4890540Z ##[endgroup]
2025-02-24T05:29:46.4890880Z ##[group]Runner Image Provisioner
2025-02-24T05:29:46.4891320Z 2.0.422.1+55c30c14fe2a0a1547db1b656933ae07d97649a9
2025-02-24T05:29:46.4891740Z ##[endgroup]
2025-02-24T05:29:46.4893220Z ##[group]GITHUB_TOKEN Permissions
2025-02-24T05:29:46.4894330Z Actions: write
2025-02-24T05:29:46.4895110Z Attestations: write
2025-02-24T05:29:46.4895530Z Checks: write
2025-02-24T05:29:46.4895860Z Contents: write
2025-02-24T05:29:46.4896240Z Deployments: write
2025-02-24T05:29:46.4896590Z Discussions: write
2025-02-24T05:29:46.4896920Z Issues: write
2025-02-24T05:29:46.4897240Z Metadata: read
2025-02-24T05:29:46.4945580Z Packages: write
2025-02-24T05:29:46.4946210Z Pages: write
2025-02-24T05:29:46.4946540Z PullRequests: write
2025-02-24T05:29:46.4946880Z RepositoryProjects: write
2025-02-24T05:29:46.4947250Z SecurityEvents: write
2025-02-24T05:29:46.4947580Z Statuses: write
2025-02-24T05:29:46.4947900Z ##[endgroup]
2025-02-24T05:29:46.4950370Z Secret source: Actions
2025-02-24T05:29:46.4950790Z Prepare workflow directory
2025-02-24T05:29:46.5206510Z Prepare all required actions
2025-02-24T05:29:46.5232430Z Getting action download info
2025-02-24T05:29:46.7683830Z Download action repository 'smorimoto/tune-github-hosted-runner-network@v1.0.0' (SHA:bb252dcb5c8609a31087e7993daa086f5a1c0069)
2025-02-24T05:29:47.6996910Z ##[group]Download immutable action package 'actions/checkout@v4.2.2'
2025-02-24T05:29:47.6997830Z Version: 4.2.2
2025-02-24T05:29:47.6998450Z Digest: sha256:ccb2698953eaebd21c7bf6268a94f9c26518a7e38e27e0b83c1fe1ad049819b1
2025-02-24T05:29:47.6999090Z Source commit SHA: 11bd71901bbe5b1630ceea73d27597364c9af683
2025-02-24T05:29:47.6999540Z ##[endgroup]
2025-02-24T05:29:47.8320980Z ##[group]Download immutable action package 'actions/setup-python@v5.4.0'
2025-02-24T05:29:47.8321740Z Version: 5.4.0
2025-02-24T05:29:47.8322260Z Digest: sha256:6003df952c8106bcd378d2ba997eef202da924317a57269dfa72449b135adb7f
2025-02-24T05:29:47.8322880Z Source commit SHA: 42375524e23c412d93fb67b49958b491fce71c38
2025-02-24T05:29:47.8323370Z ##[endgroup]
2025-02-24T05:29:48.4808440Z ##[group]Download immutable action package 'actions/download-artifact@v4.1.8'
2025-02-24T05:29:48.4809140Z Version: 4.1.8
2025-02-24T05:29:48.4809760Z Digest: sha256:917365d881f32f077924458e108599cbeed2ddd6092ee5edbe0da4d4b2eba355
2025-02-24T05:29:48.4810470Z Source commit SHA: fa0a91b85d4f404e444e00e005971372dc801d16
2025-02-24T05:29:48.4810990Z ##[endgroup]
2025-02-24T05:29:49.0354890Z ##[group]Download immutable action package 'actions/upload-artifact@v4.6.1'
2025-02-24T05:29:49.0355530Z Version: 4.6.1
2025-02-24T05:29:49.0356060Z Digest: sha256:3f6a28e7a1e0b5c8e2249e28da121a049fa5b91863b04390a46a82e4f8e2da98
2025-02-24T05:29:49.0356740Z Source commit SHA: 4cec3d8aa04e39d1a68397de0c4cd6fb9dce8ec1
2025-02-24T05:29:49.0357240Z ##[endgroup]
2025-02-24T05:29:49.7316470Z Complete job name: Testbed (macOS-arm64)
2025-02-24T05:29:49.7758570Z ##[group]Run smorimoto/tune-github-hosted-runner-network@v1.0.0
2025-02-24T05:29:49.7759730Z env:
2025-02-24T05:29:49.7760240Z   min_python_version: 3.9
2025-02-24T05:29:49.7760830Z   max_python_version: 3.12
2025-02-24T05:29:49.7761380Z   FORCE_COLOR: 1
2025-02-24T05:29:49.7761910Z ##[endgroup]
2025-02-24T05:29:49.7876350Z ##[group]Run sudo sysctl -w net.link.generic.system.hwcksum_tx=0
2025-02-24T05:29:49.7877980Z [36;1msudo sysctl -w net.link.generic.system.hwcksum_tx=0[0m
2025-02-24T05:29:49.7879000Z [36;1msudo sysctl -w net.link.generic.system.hwcksum_rx=0[0m
2025-02-24T05:29:49.7939040Z shell: /bin/bash --noprofile --norc -e -o pipefail {0}
2025-02-24T05:29:49.7939920Z env:
2025-02-24T05:29:49.7940400Z   min_python_version: 3.9
2025-02-24T05:29:49.7940990Z   max_python_version: 3.12
2025-02-24T05:29:49.7941660Z   FORCE_COLOR: 1
2025-02-24T05:29:49.7942200Z ##[endgroup]
2025-02-24T05:29:49.8463760Z net.link.generic.system.hwcksum_tx: 1 -> 0
2025-02-24T05:29:49.8552550Z net.link.generic.system.hwcksum_rx: 1 -> 0
2025-02-24T05:29:49.8735160Z ##[group]Run actions/checkout@v4.2.2
2025-02-24T05:29:49.8735870Z with:
2025-02-24T05:29:49.8736370Z   fetch-depth: 0
2025-02-24T05:29:49.8736900Z   repository: beeware/toga
2025-02-24T05:29:49.8737670Z   token: ***
2025-02-24T05:29:49.8738160Z   ssh-strict: true
2025-02-24T05:29:49.8738690Z   ssh-user: git
2025-02-24T05:29:49.8739210Z   persist-credentials: true
2025-02-24T05:29:49.8739820Z   clean: true
2025-02-24T05:29:49.8740360Z   sparse-checkout-cone-mode: true
2025-02-24T05:29:49.8740980Z   fetch-tags: false
2025-02-24T05:29:49.8741520Z   show-progress: true
2025-02-24T05:29:49.8742050Z   lfs: false
2025-02-24T05:29:49.8742540Z   submodules: false
2025-02-24T05:29:49.8743290Z   set-safe-directory: true
2025-02-24T05:29:49.8743860Z env:
2025-02-24T05:29:49.8744340Z   min_python_version: 3.9
2025-02-24T05:29:49.8744920Z   max_python_version: 3.12
2025-02-24T05:29:49.8745490Z   FORCE_COLOR: 1
2025-02-24T05:29:49.8745990Z ##[endgroup]
2025-02-24T05:29:50.2036910Z Syncing repository: beeware/toga
2025-02-24T05:29:50.2038640Z ##[group]Getting Git version info
2025-02-24T05:29:50.2039360Z Working directory is '/Users/runner/work/toga/toga'
2025-02-24T05:29:50.2040500Z [command]/opt/homebrew/bin/git version
2025-02-24T05:29:50.2841230Z git version 2.48.1
2025-02-24T05:29:50.2881500Z ##[endgroup]
2025-02-24T05:29:50.2900400Z Copying '/Users/runner/.gitconfig' to '/Users/runner/work/_temp/5309ca91-43e1-4dd0-b571-518f9523334f/.gitconfig'
2025-02-24T05:29:50.2907540Z Temporarily overriding HOME='/Users/runner/work/_temp/5309ca91-43e1-4dd0-b571-518f9523334f' before making global git config changes
2025-02-24T05:29:50.2909260Z Adding repository directory to the temporary git global config as a safe directory
2025-02-24T05:29:50.2911500Z [command]/opt/homebrew/bin/git config --global --add safe.directory /Users/runner/work/toga/toga
2025-02-24T05:29:50.3008350Z Deleting the contents of '/Users/runner/work/toga/toga'
2025-02-24T05:29:50.3011190Z ##[group]Initializing the repository
2025-02-24T05:29:50.3015220Z [command]/opt/homebrew/bin/git init /Users/runner/work/toga/toga
2025-02-24T05:29:50.3162150Z hint: Using 'master' as the name for the initial branch. This default branch name
2025-02-24T05:29:50.3163720Z hint: is subject to change. To configure the initial branch name to use in all
2025-02-24T05:29:50.3164890Z hint: of your new repositories, which will suppress this warning, call:
2025-02-24T05:29:50.3165790Z hint:
2025-02-24T05:29:50.3166430Z hint: 	git config --global init.defaultBranch <name>
2025-02-24T05:29:50.3167130Z hint:
2025-02-24T05:29:50.3167820Z hint: Names commonly chosen instead of 'master' are 'main', 'trunk' and
2025-02-24T05:29:50.3168910Z hint: 'development'. The just-created branch can be renamed via this command:
2025-02-24T05:29:50.3169790Z hint:
2025-02-24T05:29:50.3170260Z hint: 	git branch -m <name>
2025-02-24T05:29:50.3171050Z Initialized empty Git repository in /Users/runner/work/toga/toga/.git/
2025-02-24T05:29:50.3173240Z [command]/opt/homebrew/bin/git remote add origin https://github.com/beeware/toga
2025-02-24T05:29:50.3231230Z ##[endgroup]
2025-02-24T05:29:50.3232170Z ##[group]Disabling automatic garbage collection
2025-02-24T05:29:50.3233410Z [command]/opt/homebrew/bin/git config --local gc.auto 0
2025-02-24T05:29:50.3285960Z ##[endgroup]
2025-02-24T05:29:50.3286890Z ##[group]Setting up auth
2025-02-24T05:29:50.3290140Z [command]/opt/homebrew/bin/git config --local --name-only --get-regexp core\.sshCommand
2025-02-24T05:29:50.3342210Z [command]/opt/homebrew/bin/git submodule foreach --recursive sh -c "git config --local --name-only --get-regexp 'core\.sshCommand' && git config --local --unset-all 'core.sshCommand' || :"
2025-02-24T05:29:50.4016280Z [command]/opt/homebrew/bin/git config --local --name-only --get-regexp http\.https\:\/\/github\.com\/\.extraheader
2025-02-24T05:29:50.4061110Z [command]/opt/homebrew/bin/git submodule foreach --recursive sh -c "git config --local --name-only --get-regexp 'http\.https\:\/\/github\.com\/\.extraheader' && git config --local --unset-all 'http.https://github.com/.extraheader' || :"
2025-02-24T05:29:50.4578480Z [command]/opt/homebrew/bin/git config --local http.https://github.com/.extraheader AUTHORIZATION: basic ***
2025-02-24T05:29:50.4654450Z ##[endgroup]
2025-02-24T05:29:50.4655460Z ##[group]Fetching the repository
2025-02-24T05:29:50.4660190Z [command]/opt/homebrew/bin/git -c protocol.version=2 fetch --prune --no-recurse-submodules origin +refs/heads/*:refs/remotes/origin/* +refs/tags/*:refs/tags/*
2025-02-24T05:29:52.9030800Z From https://github.com/beeware/toga
2025-02-24T05:29:52.9031560Z  * [new branch]          main         -> origin/main
2025-02-24T05:29:52.9032020Z  * [new branch]          pre-0.5      -> origin/pre-0.5
2025-02-24T05:29:52.9033090Z  * [new tag]             0.2.6        -> 0.2.6
2025-02-24T05:29:52.9034880Z  * [new tag]             v0.0.1rc1    -> v0.0.1rc1
2025-02-24T05:29:52.9035740Z  * [new tag]             v0.0.1rc10   -> v0.0.1rc10
2025-02-24T05:29:52.9037750Z  * [new tag]             v0.0.1rc5    -> v0.0.1rc5
2025-02-24T05:29:52.9040040Z  * [new tag]             v0.0.1rc6    -> v0.0.1rc6
2025-02-24T05:29:52.9044250Z  * [new tag]             v0.1.0       -> v0.1.0
2025-02-24T05:29:52.9047160Z  * [new tag]             v0.1.1       -> v0.1.1
2025-02-24T05:29:52.9048320Z  * [new tag]             v0.1.2       -> v0.1.2
2025-02-24T05:29:52.9050070Z  * [new tag]             v0.2.0       -> v0.2.0
2025-02-24T05:29:52.9050520Z  * [new tag]             v0.2.0.dev1  -> v0.2.0.dev1
2025-02-24T05:29:52.9050920Z  * [new tag]             v0.2.1       -> v0.2.1
2025-02-24T05:29:52.9051900Z  * [new tag]             v0.2.10      -> v0.2.10
2025-02-24T05:29:52.9053940Z  * [new tag]             v0.2.11      -> v0.2.11
2025-02-24T05:29:52.9055120Z  * [new tag]             v0.2.12      -> v0.2.12
2025-02-24T05:29:52.9056470Z  * [new tag]             v0.2.13      -> v0.2.13
2025-02-24T05:29:52.9058090Z  * [new tag]             v0.2.14      -> v0.2.14
2025-02-24T05:29:52.9061120Z  * [new tag]             v0.2.15      -> v0.2.15
2025-02-24T05:29:52.9062470Z  * [new tag]             v0.2.2       -> v0.2.2
2025-02-24T05:29:52.9063860Z  * [new tag]             v0.2.3       -> v0.2.3
2025-02-24T05:29:52.9065230Z  * [new tag]             v0.2.4       -> v0.2.4
2025-02-24T05:29:52.9066700Z  * [new tag]             v0.2.5       -> v0.2.5
2025-02-24T05:29:52.9069320Z  * [new tag]             v0.2.6       -> v0.2.6
2025-02-24T05:29:52.9070320Z  * [new tag]             v0.2.7       -> v0.2.7
2025-02-24T05:29:52.9071530Z  * [new tag]             v0.2.8       -> v0.2.8
2025-02-24T05:29:52.9073180Z  * [new tag]             v0.2.9       -> v0.2.9
2025-02-24T05:29:52.9074350Z  * [new tag]             v0.3.0       -> v0.3.0
2025-02-24T05:29:52.9075990Z  * [new tag]             v0.3.0.dev1  -> v0.3.0.dev1
2025-02-24T05:29:52.9077880Z  * [new tag]             v0.3.0.dev10 -> v0.3.0.dev10
2025-02-24T05:29:52.9078940Z  * [new tag]             v0.3.0.dev11 -> v0.3.0.dev11
2025-02-24T05:29:52.9079860Z  * [new tag]             v0.3.0.dev12 -> v0.3.0.dev12
2025-02-24T05:29:52.9081380Z  * [new tag]             v0.3.0.dev13 -> v0.3.0.dev13
2025-02-24T05:29:52.9082620Z  * [new tag]             v0.3.0.dev14 -> v0.3.0.dev14
2025-02-24T05:29:52.9083940Z  * [new tag]             v0.3.0.dev15 -> v0.3.0.dev15
2025-02-24T05:29:52.9085700Z  * [new tag]             v0.3.0.dev16 -> v0.3.0.dev16
2025-02-24T05:29:52.9086920Z  * [new tag]             v0.3.0.dev17 -> v0.3.0.dev17
2025-02-24T05:29:52.9088430Z  * [new tag]             v0.3.0.dev18 -> v0.3.0.dev18
2025-02-24T05:29:52.9089740Z  * [new tag]             v0.3.0.dev19 -> v0.3.0.dev19
2025-02-24T05:29:52.9090970Z  * [new tag]             v0.3.0.dev2  -> v0.3.0.dev2
2025-02-24T05:29:52.9092850Z  * [new tag]             v0.3.0.dev20 -> v0.3.0.dev20
2025-02-24T05:29:52.9093420Z  * [new tag]             v0.3.0.dev21 -> v0.3.0.dev21
2025-02-24T05:29:52.9094680Z  * [new tag]             v0.3.0.dev22 -> v0.3.0.dev22
2025-02-24T05:29:52.9095800Z  * [new tag]             v0.3.0.dev23 -> v0.3.0.dev23
2025-02-24T05:29:52.9097380Z  * [new tag]             v0.3.0.dev24 -> v0.3.0.dev24
2025-02-24T05:29:52.9098730Z  * [new tag]             v0.3.0.dev25 -> v0.3.0.dev25
2025-02-24T05:29:52.9100220Z  * [new tag]             v0.3.0.dev26 -> v0.3.0.dev26
2025-02-24T05:29:52.9101450Z  * [new tag]             v0.3.0.dev27 -> v0.3.0.dev27
2025-02-24T05:29:52.9102710Z  * [new tag]             v0.3.0.dev28 -> v0.3.0.dev28
2025-02-24T05:29:52.9104060Z  * [new tag]             v0.3.0.dev29 -> v0.3.0.dev29
2025-02-24T05:29:52.9105500Z  * [new tag]             v0.3.0.dev3  -> v0.3.0.dev3
2025-02-24T05:29:52.9107210Z  * [new tag]             v0.3.0.dev30 -> v0.3.0.dev30
2025-02-24T05:29:52.9109330Z  * [new tag]             v0.3.0.dev32 -> v0.3.0.dev32
2025-02-24T05:29:52.9110790Z  * [new tag]             v0.3.0.dev33 -> v0.3.0.dev33
2025-02-24T05:29:52.9112320Z  * [new tag]             v0.3.0.dev34 -> v0.3.0.dev34
2025-02-24T05:29:52.9113960Z  * [new tag]             v0.3.0.dev35 -> v0.3.0.dev35
2025-02-24T05:29:52.9115150Z  * [new tag]             v0.3.0.dev36 -> v0.3.0.dev36
2025-02-24T05:29:52.9117150Z  * [new tag]             v0.3.0.dev37 -> v0.3.0.dev37
2025-02-24T05:29:52.9118320Z  * [new tag]             v0.3.0.dev38 -> v0.3.0.dev38
2025-02-24T05:29:52.9119820Z  * [new tag]             v0.3.0.dev39 -> v0.3.0.dev39
2025-02-24T05:29:52.9121250Z  * [new tag]             v0.3.0.dev4  -> v0.3.0.dev4
2025-02-24T05:29:52.9122510Z  * [new tag]             v0.3.0.dev5  -> v0.3.0.dev5
2025-02-24T05:29:52.9123740Z  * [new tag]             v0.3.0.dev6  -> v0.3.0.dev6
2025-02-24T05:29:52.9125280Z  * [new tag]             v0.3.0.dev7  -> v0.3.0.dev7
2025-02-24T05:29:52.9126450Z  * [new tag]             v0.3.0.dev8  -> v0.3.0.dev8
2025-02-24T05:29:52.9127790Z  * [new tag]             v0.3.0.dev9  -> v0.3.0.dev9
2025-02-24T05:29:52.9128970Z  * [new tag]             v0.3.0rc0    -> v0.3.0rc0
2025-02-24T05:29:52.9130480Z  * [new tag]             v0.3.1       -> v0.3.1
2025-02-24T05:29:52.9132040Z  * [new tag]             v0.4.0       -> v0.4.0
2025-02-24T05:29:52.9133330Z  * [new tag]             v0.4.1       -> v0.4.1
2025-02-24T05:29:52.9134770Z  * [new tag]             v0.4.2       -> v0.4.2
2025-02-24T05:29:52.9135870Z  * [new tag]             v0.4.3       -> v0.4.3
2025-02-24T05:29:52.9137390Z  * [new tag]             v0.4.4       -> v0.4.4
2025-02-24T05:29:52.9138910Z  * [new tag]             v0.4.5       -> v0.4.5
2025-02-24T05:29:52.9140140Z  * [new tag]             v0.4.6       -> v0.4.6
2025-02-24T05:29:52.9141460Z  * [new tag]             v0.4.7       -> v0.4.7
2025-02-24T05:29:52.9143060Z  * [new tag]             v0.4.8       -> v0.4.8
2025-02-24T05:29:52.9144020Z  * [new tag]             v0.4.9       -> v0.4.9
2025-02-24T05:29:52.9213750Z [command]/opt/homebrew/bin/git branch --list --remote origin/main
2025-02-24T05:29:52.9265700Z   origin/main
2025-02-24T05:29:52.9272100Z [command]/opt/homebrew/bin/git rev-parse refs/remotes/origin/main
2025-02-24T05:29:52.9307950Z 01152b56b9607a5cc1dabb9e94970cc589baff01
2025-02-24T05:29:52.9311770Z ##[endgroup]
2025-02-24T05:29:52.9312060Z ##[group]Determining the checkout info
2025-02-24T05:29:52.9312490Z ##[endgroup]
2025-02-24T05:29:52.9315870Z [command]/opt/homebrew/bin/git sparse-checkout disable
2025-02-24T05:29:52.9369820Z [command]/opt/homebrew/bin/git config --local --unset-all extensions.worktreeConfig
2025-02-24T05:29:52.9413080Z ##[group]Checking out the ref
2025-02-24T05:29:52.9415940Z [command]/opt/homebrew/bin/git checkout --progress --force -B main refs/remotes/origin/main
2025-02-24T05:29:53.1855200Z Switched to a new branch 'main'
2025-02-24T05:29:53.1955830Z branch 'main' set up to track 'origin/main'.
2025-02-24T05:29:53.2068480Z ##[endgroup]
2025-02-24T05:29:53.2191650Z [command]/opt/homebrew/bin/git log -1 --format=%H
2025-02-24T05:29:53.2239490Z 01152b56b9607a5cc1dabb9e94970cc589baff01
2025-02-24T05:29:53.2436490Z ##[group]Run actions/setup-python@v5.4.0
2025-02-24T05:29:53.2437080Z with:
2025-02-24T05:29:53.2437440Z   python-version: 3.12
2025-02-24T05:29:53.2437870Z   check-latest: false
2025-02-24T05:29:53.2438480Z   token: ***
2025-02-24T05:29:53.2438880Z   update-environment: true
2025-02-24T05:29:53.2439370Z   allow-prereleases: false
2025-02-24T05:29:53.2439950Z env:
2025-02-24T05:29:53.2440360Z   min_python_version: 3.9
2025-02-24T05:29:53.2441100Z   max_python_version: 3.12
2025-02-24T05:29:53.2441550Z   FORCE_COLOR: 1
2025-02-24T05:29:53.2441950Z ##[endgroup]
2025-02-24T05:29:53.3882200Z ##[group]Installed versions
2025-02-24T05:29:53.3922770Z Successfully set up CPython (3.12.8)
2025-02-24T05:29:53.3923330Z ##[endgroup]
2025-02-24T05:29:53.4000920Z ##[group]Run # Use the development version of Briefcase
2025-02-24T05:29:53.4001200Z [36;1m[0m
2025-02-24T05:29:53.4001380Z [36;1m# Use the development version of Briefcase[0m
2025-02-24T05:29:53.4001610Z [36;1mpython -m pip install -U pip[0m
2025-02-24T05:29:53.4002010Z [36;1mpython -m pip install git+https://github.com/beeware/briefcase.git[0m
2025-02-24T05:29:53.4062490Z shell: /bin/bash --noprofile --norc -e -o pipefail {0}
2025-02-24T05:29:53.4062780Z env:
2025-02-24T05:29:53.4062940Z   min_python_version: 3.9
2025-02-24T05:29:53.4063110Z   max_python_version: 3.12
2025-02-24T05:29:53.4063270Z   FORCE_COLOR: 1
2025-02-24T05:29:53.4063530Z   pythonLocation: /Users/runner/hostedtoolcache/Python/3.12.8/arm64
2025-02-24T05:29:53.4063920Z   PKG_CONFIG_PATH: /Users/runner/hostedtoolcache/Python/3.12.8/arm64/lib/pkgconfig
2025-02-24T05:29:53.4064370Z   Python_ROOT_DIR: /Users/runner/hostedtoolcache/Python/3.12.8/arm64
2025-02-24T05:29:53.4064800Z   Python2_ROOT_DIR: /Users/runner/hostedtoolcache/Python/3.12.8/arm64
2025-02-24T05:29:53.4065140Z   Python3_ROOT_DIR: /Users/runner/hostedtoolcache/Python/3.12.8/arm64
2025-02-24T05:29:53.4065420Z   PIP_BREAK_SYSTEM_PACKAGES: 1
2025-02-24T05:29:53.4065580Z ##[endgroup]
2025-02-24T05:29:54.4962490Z Requirement already satisfied: pip in /Library/Frameworks/Python.framework/Versions/3.12/lib/python3.12/site-packages (24.3.1)
2025-02-24T05:29:54.6982380Z Collecting pip
2025-02-24T05:29:54.7555150Z   Downloading pip-25.0.1-py3-none-any.whl.metadata (3.7 kB)
2025-02-24T05:29:54.7756560Z Downloading pip-25.0.1-py3-none-any.whl (1.8 MB)
2025-02-24T05:29:54.8474160Z [?25l   [90m━━━━━━━━━━━━━━━━━━━━━━━━━━━━━━━━━━━━━━━━[0m [32m0.0/1.8 MB[0m [31m?[0m eta [36m-:--:--[0m
2025-02-24T05:29:54.8475590Z [2K   [90m━━━━━━━━━━━━━━━━━━━━━━━━━━━━━━━━━━━━━━━━[0m [32m1.8/1.8 MB[0m [31m32.9 MB/s[0m eta [36m0:00:00[0m
2025-02-24T05:29:54.8625330Z [?25hInstalling collected packages: pip
2025-02-24T05:29:54.8625950Z   Attempting uninstall: pip
2025-02-24T05:29:54.8640870Z     Found existing installation: pip 24.3.1
2025-02-24T05:29:54.8894750Z     Uninstalling pip-24.3.1:
2025-02-24T05:29:55.0218080Z       Successfully uninstalled pip-24.3.1
2025-02-24T05:29:55.8391880Z Successfully installed pip-25.0.1
2025-02-24T05:29:56.2757510Z Collecting git+https://github.com/beeware/briefcase.git
2025-02-24T05:29:56.2760890Z   Cloning https://github.com/beeware/briefcase.git to /private/var/folders/2s/h6hvv9ps03xgz_krkkstvq_r0000gn/T/pip-req-build-lmsskfe9
2025-02-24T05:29:56.2815440Z   Running command git clone --filter=blob:none --quiet https://github.com/beeware/briefcase.git /private/var/folders/2s/h6hvv9ps03xgz_krkkstvq_r0000gn/T/pip-req-build-lmsskfe9
2025-02-24T05:29:58.3956160Z   Resolved https://github.com/beeware/briefcase.git to commit 647c8ff5965677d4cee5cccaa37536b2d744096e
2025-02-24T05:29:58.4039870Z   Installing build dependencies: started
2025-02-24T05:29:59.7783360Z   Installing build dependencies: finished with status 'done'
2025-02-24T05:29:59.7792560Z   Getting requirements to build wheel: started
2025-02-24T05:30:00.1695140Z   Getting requirements to build wheel: finished with status 'done'
2025-02-24T05:30:00.1702550Z   Preparing metadata (pyproject.toml): started
2025-02-24T05:30:00.5880780Z   Preparing metadata (pyproject.toml): finished with status 'done'
2025-02-24T05:30:00.6438970Z Collecting packaging>=24.2 (from briefcase==0.3.23.dev11+g647c8ff5)
2025-02-24T05:30:00.6452030Z   Using cached packaging-24.2-py3-none-any.whl.metadata (3.2 kB)
2025-02-24T05:30:00.6468300Z Requirement already satisfied: pip>=24.3 in /Library/Frameworks/Python.framework/Versions/3.12/lib/python3.12/site-packages (from briefcase==0.3.23.dev11+g647c8ff5) (25.0.1)
2025-02-24T05:30:00.7178860Z Collecting setuptools>=60 (from briefcase==0.3.23.dev11+g647c8ff5)
2025-02-24T05:30:00.7189890Z   Using cached setuptools-75.8.0-py3-none-any.whl.metadata (6.7 kB)
2025-02-24T05:30:00.7534810Z Collecting wheel>=0.37 (from briefcase==0.3.23.dev11+g647c8ff5)
2025-02-24T05:30:00.7836660Z   Downloading wheel-0.45.1-py3-none-any.whl.metadata (2.3 kB)
2025-02-24T05:30:00.8060310Z Collecting build>=0.10 (from briefcase==0.3.23.dev11+g647c8ff5)
2025-02-24T05:30:00.8151310Z   Downloading build-1.2.2.post1-py3-none-any.whl.metadata (6.5 kB)
2025-02-24T05:30:00.8403730Z Collecting cookiecutter<3.0,>=2.6.0 (from briefcase==0.3.23.dev11+g647c8ff5)
2025-02-24T05:30:00.8504360Z   Downloading cookiecutter-2.6.0-py3-none-any.whl.metadata (7.3 kB)
2025-02-24T05:30:00.8708080Z Collecting dmgbuild<2.0,>=1.6.4 (from briefcase==0.3.23.dev11+g647c8ff5)
2025-02-24T05:30:00.8804030Z   Downloading dmgbuild-1.6.4-py3-none-any.whl.metadata (3.2 kB)
2025-02-24T05:30:00.9068190Z Collecting GitPython<4.0,>=3.1 (from briefcase==0.3.23.dev11+g647c8ff5)
2025-02-24T05:30:00.9667900Z   Downloading GitPython-3.1.44-py3-none-any.whl.metadata (13 kB)
2025-02-24T05:30:01.0394860Z Collecting platformdirs<5.0,>=2.6 (from briefcase==0.3.23.dev11+g647c8ff5)
2025-02-24T05:30:01.0497490Z   Downloading platformdirs-4.3.6-py3-none-any.whl.metadata (11 kB)
2025-02-24T05:30:01.1032310Z Collecting psutil<8.0,>=5.9 (from briefcase==0.3.23.dev11+g647c8ff5)
2025-02-24T05:30:01.1127700Z   Downloading psutil-7.0.0-cp36-abi3-macosx_11_0_arm64.whl.metadata (22 kB)
2025-02-24T05:30:01.1369970Z Collecting python-dateutil>=2.9.0.post0 (from briefcase==0.3.23.dev11+g647c8ff5)
2025-02-24T05:30:01.1460060Z   Downloading python_dateutil-2.9.0.post0-py2.py3-none-any.whl.metadata (8.4 kB)
2025-02-24T05:30:01.1679840Z Collecting httpx<1.0,>=0.20 (from briefcase==0.3.23.dev11+g647c8ff5)
2025-02-24T05:30:01.1770800Z   Downloading httpx-0.28.1-py3-none-any.whl.metadata (7.1 kB)
2025-02-24T05:30:01.2129720Z Collecting rich<14.0,>=12.6 (from briefcase==0.3.23.dev11+g647c8ff5)
2025-02-24T05:30:01.2221830Z   Downloading rich-13.9.4-py3-none-any.whl.metadata (18 kB)
2025-02-24T05:30:01.2444220Z Collecting tomli_w<2.0,>=1.0 (from briefcase==0.3.23.dev11+g647c8ff5)
2025-02-24T05:30:01.2547710Z   Downloading tomli_w-1.2.0-py3-none-any.whl.metadata (5.7 kB)
2025-02-24T05:30:01.2763960Z Collecting pyproject_hooks (from build>=0.10->briefcase==0.3.23.dev11+g647c8ff5)
2025-02-24T05:30:01.2852910Z   Downloading pyproject_hooks-1.2.0-py3-none-any.whl.metadata (1.3 kB)
2025-02-24T05:30:01.3047230Z Collecting binaryornot>=0.4.4 (from cookiecutter<3.0,>=2.6.0->briefcase==0.3.23.dev11+g647c8ff5)
2025-02-24T05:30:01.3155660Z   Downloading binaryornot-0.4.4-py2.py3-none-any.whl.metadata (6.0 kB)
2025-02-24T05:30:01.3370960Z Collecting Jinja2<4.0.0,>=2.7 (from cookiecutter<3.0,>=2.6.0->briefcase==0.3.23.dev11+g647c8ff5)
2025-02-24T05:30:01.3460910Z   Downloading jinja2-3.1.5-py3-none-any.whl.metadata (2.6 kB)
2025-02-24T05:30:01.3678670Z Collecting click<9.0.0,>=7.0 (from cookiecutter<3.0,>=2.6.0->briefcase==0.3.23.dev11+g647c8ff5)
2025-02-24T05:30:01.3768220Z   Downloading click-8.1.8-py3-none-any.whl.metadata (2.3 kB)
2025-02-24T05:30:01.4080470Z Collecting pyyaml>=5.3.1 (from cookiecutter<3.0,>=2.6.0->briefcase==0.3.23.dev11+g647c8ff5)
2025-02-24T05:30:01.4190620Z   Downloading PyYAML-6.0.2-cp312-cp312-macosx_11_0_arm64.whl.metadata (2.1 kB)
2025-02-24T05:30:01.4406610Z Collecting python-slugify>=4.0.0 (from cookiecutter<3.0,>=2.6.0->briefcase==0.3.23.dev11+g647c8ff5)
2025-02-24T05:30:01.4501610Z   Downloading python_slugify-8.0.4-py2.py3-none-any.whl.metadata (8.5 kB)
2025-02-24T05:30:01.4771720Z Collecting requests>=2.23.0 (from cookiecutter<3.0,>=2.6.0->briefcase==0.3.23.dev11+g647c8ff5)
2025-02-24T05:30:01.4861830Z   Downloading requests-2.32.3-py3-none-any.whl.metadata (4.6 kB)
2025-02-24T05:30:01.5083730Z Collecting arrow (from cookiecutter<3.0,>=2.6.0->briefcase==0.3.23.dev11+g647c8ff5)
2025-02-24T05:30:01.5173830Z   Downloading arrow-1.3.0-py3-none-any.whl.metadata (7.5 kB)
2025-02-24T05:30:01.5370840Z Collecting ds_store>=1.1.0 (from dmgbuild<2.0,>=1.6.4->briefcase==0.3.23.dev11+g647c8ff5)
2025-02-24T05:30:01.5472720Z   Downloading ds_store-1.3.1-py3-none-any.whl.metadata (3.0 kB)
2025-02-24T05:30:01.5666760Z Collecting mac_alias>=2.0.1 (from dmgbuild<2.0,>=1.6.4->briefcase==0.3.23.dev11+g647c8ff5)
2025-02-24T05:30:01.5764590Z   Downloading mac_alias-2.2.2-py3-none-any.whl.metadata (3.1 kB)
2025-02-24T05:30:01.6012650Z Collecting gitdb<5,>=4.0.1 (from GitPython<4.0,>=3.1->briefcase==0.3.23.dev11+g647c8ff5)
2025-02-24T05:30:01.6104010Z   Downloading gitdb-4.0.12-py3-none-any.whl.metadata (1.2 kB)
2025-02-24T05:30:01.6355040Z Collecting anyio (from httpx<1.0,>=0.20->briefcase==0.3.23.dev11+g647c8ff5)
2025-02-24T05:30:01.6453920Z   Downloading anyio-4.8.0-py3-none-any.whl.metadata (4.6 kB)
2025-02-24T05:30:01.6640510Z Requirement already satisfied: certifi in /Library/Frameworks/Python.framework/Versions/3.12/lib/python3.12/site-packages (from httpx<1.0,>=0.20->briefcase==0.3.23.dev11+g647c8ff5) (2024.12.14)
2025-02-24T05:30:01.6820460Z Collecting httpcore==1.* (from httpx<1.0,>=0.20->briefcase==0.3.23.dev11+g647c8ff5)
2025-02-24T05:30:01.6908720Z   Downloading httpcore-1.0.7-py3-none-any.whl.metadata (21 kB)
2025-02-24T05:30:01.7107420Z Collecting idna (from httpx<1.0,>=0.20->briefcase==0.3.23.dev11+g647c8ff5)
2025-02-24T05:30:01.7195500Z   Downloading idna-3.10-py3-none-any.whl.metadata (10 kB)
2025-02-24T05:30:01.7383660Z Collecting h11<0.15,>=0.13 (from httpcore==1.*->httpx<1.0,>=0.20->briefcase==0.3.23.dev11+g647c8ff5)
2025-02-24T05:30:01.7473590Z   Downloading h11-0.14.0-py3-none-any.whl.metadata (8.2 kB)
2025-02-24T05:30:01.7690420Z Collecting six>=1.5 (from python-dateutil>=2.9.0.post0->briefcase==0.3.23.dev11+g647c8ff5)
2025-02-24T05:30:01.7779850Z   Downloading six-1.17.0-py2.py3-none-any.whl.metadata (1.7 kB)
2025-02-24T05:30:01.7984160Z Collecting markdown-it-py>=2.2.0 (from rich<14.0,>=12.6->briefcase==0.3.23.dev11+g647c8ff5)
2025-02-24T05:30:01.8073310Z   Downloading markdown_it_py-3.0.0-py3-none-any.whl.metadata (6.9 kB)
2025-02-24T05:30:01.8308720Z Collecting pygments<3.0.0,>=2.13.0 (from rich<14.0,>=12.6->briefcase==0.3.23.dev11+g647c8ff5)
2025-02-24T05:30:01.8403840Z   Downloading pygments-2.19.1-py3-none-any.whl.metadata (2.5 kB)
2025-02-24T05:30:01.8606610Z Collecting chardet>=3.0.2 (from binaryornot>=0.4.4->cookiecutter<3.0,>=2.6.0->briefcase==0.3.23.dev11+g647c8ff5)
2025-02-24T05:30:01.8695660Z   Downloading chardet-5.2.0-py3-none-any.whl.metadata (3.4 kB)
2025-02-24T05:30:01.8895860Z Collecting smmap<6,>=3.0.1 (from gitdb<5,>=4.0.1->GitPython<4.0,>=3.1->briefcase==0.3.23.dev11+g647c8ff5)
2025-02-24T05:30:01.9000070Z   Downloading smmap-5.0.2-py3-none-any.whl.metadata (4.3 kB)
2025-02-24T05:30:01.9346190Z Collecting MarkupSafe>=2.0 (from Jinja2<4.0.0,>=2.7->cookiecutter<3.0,>=2.6.0->briefcase==0.3.23.dev11+g647c8ff5)
2025-02-24T05:30:01.9535190Z   Downloading MarkupSafe-3.0.2-cp312-cp312-macosx_11_0_arm64.whl.metadata (4.0 kB)
2025-02-24T05:30:01.9876450Z Collecting mdurl~=0.1 (from markdown-it-py>=2.2.0->rich<14.0,>=12.6->briefcase==0.3.23.dev11+g647c8ff5)
2025-02-24T05:30:01.9978140Z   Downloading mdurl-0.1.2-py3-none-any.whl.metadata (1.6 kB)
2025-02-24T05:30:02.0127680Z Collecting text-unidecode>=1.3 (from python-slugify>=4.0.0->cookiecutter<3.0,>=2.6.0->briefcase==0.3.23.dev11+g647c8ff5)
2025-02-24T05:30:02.0217860Z   Downloading text_unidecode-1.3-py2.py3-none-any.whl.metadata (2.4 kB)
2025-02-24T05:30:02.0664650Z Collecting charset-normalizer<4,>=2 (from requests>=2.23.0->cookiecutter<3.0,>=2.6.0->briefcase==0.3.23.dev11+g647c8ff5)
2025-02-24T05:30:02.0759680Z   Downloading charset_normalizer-3.4.1-cp312-cp312-macosx_10_13_universal2.whl.metadata (35 kB)
2025-02-24T05:30:02.1061750Z Collecting urllib3<3,>=1.21.1 (from requests>=2.23.0->cookiecutter<3.0,>=2.6.0->briefcase==0.3.23.dev11+g647c8ff5)
2025-02-24T05:30:02.1152090Z   Downloading urllib3-2.3.0-py3-none-any.whl.metadata (6.5 kB)
2025-02-24T05:30:02.1374810Z Collecting sniffio>=1.1 (from anyio->httpx<1.0,>=0.20->briefcase==0.3.23.dev11+g647c8ff5)
2025-02-24T05:30:02.1468850Z   Downloading sniffio-1.3.1-py3-none-any.whl.metadata (3.9 kB)
2025-02-24T05:30:02.1702260Z Collecting typing_extensions>=4.5 (from anyio->httpx<1.0,>=0.20->briefcase==0.3.23.dev11+g647c8ff5)
2025-02-24T05:30:02.1793900Z   Downloading typing_extensions-4.12.2-py3-none-any.whl.metadata (3.0 kB)
2025-02-24T05:30:02.2036410Z Collecting types-python-dateutil>=2.8.10 (from arrow->cookiecutter<3.0,>=2.6.0->briefcase==0.3.23.dev11+g647c8ff5)
2025-02-24T05:30:02.2128140Z   Downloading types_python_dateutil-2.9.0.20241206-py3-none-any.whl.metadata (2.1 kB)
2025-02-24T05:30:02.2335890Z Downloading build-1.2.2.post1-py3-none-any.whl (22 kB)
2025-02-24T05:30:02.2466420Z Downloading cookiecutter-2.6.0-py3-none-any.whl (39 kB)
2025-02-24T05:30:02.2594840Z Downloading dmgbuild-1.6.4-py3-none-any.whl (34 kB)
2025-02-24T05:30:02.2721740Z Downloading GitPython-3.1.44-py3-none-any.whl (207 kB)
2025-02-24T05:30:02.3005360Z Downloading httpx-0.28.1-py3-none-any.whl (73 kB)
2025-02-24T05:30:02.3122470Z Downloading httpcore-1.0.7-py3-none-any.whl (78 kB)
2025-02-24T05:30:02.3168770Z Using cached packaging-24.2-py3-none-any.whl (65 kB)
2025-02-24T05:30:02.3256890Z Downloading platformdirs-4.3.6-py3-none-any.whl (18 kB)
2025-02-24T05:30:02.3387590Z Downloading psutil-7.0.0-cp36-abi3-macosx_11_0_arm64.whl (239 kB)
2025-02-24T05:30:02.3524580Z Downloading python_dateutil-2.9.0.post0-py2.py3-none-any.whl (229 kB)
2025-02-24T05:30:02.3653090Z Downloading rich-13.9.4-py3-none-any.whl (242 kB)
2025-02-24T05:30:02.3701070Z Using cached setuptools-75.8.0-py3-none-any.whl (1.2 MB)
2025-02-24T05:30:02.3814610Z Downloading tomli_w-1.2.0-py3-none-any.whl (6.7 kB)
2025-02-24T05:30:02.3939070Z Downloading wheel-0.45.1-py3-none-any.whl (72 kB)
2025-02-24T05:30:02.4063350Z Downloading binaryornot-0.4.4-py2.py3-none-any.whl (9.0 kB)
2025-02-24T05:30:02.4187960Z Downloading click-8.1.8-py3-none-any.whl (98 kB)
2025-02-24T05:30:02.4350040Z Downloading ds_store-1.3.1-py3-none-any.whl (16 kB)
2025-02-24T05:30:02.4588740Z Downloading gitdb-4.0.12-py3-none-any.whl (62 kB)
2025-02-24T05:30:02.4821180Z Downloading jinja2-3.1.5-py3-none-any.whl (134 kB)
2025-02-24T05:30:02.4992060Z Downloading mac_alias-2.2.2-py3-none-any.whl (21 kB)
2025-02-24T05:30:02.5117520Z Downloading markdown_it_py-3.0.0-py3-none-any.whl (87 kB)
2025-02-24T05:30:02.5239460Z Downloading pygments-2.19.1-py3-none-any.whl (1.2 MB)
2025-02-24T05:30:02.5395730Z [?25l   [90m━━━━━━━━━━━━━━━━━━━━━━━━━━━━━━━━━━━━━━━━[0m [32m0.0/1.2 MB[0m [31m?[0m eta [36m-:--:--[0m
2025-02-24T05:30:02.5396320Z [2K   [90m━━━━━━━━━━━━━━━━━━━━━━━━━━━━━━━━━━━━━━━━[0m [32m1.2/1.2 MB[0m [31m72.7 MB/s[0m eta [36m0:00:00[0m
2025-02-24T05:30:02.5492590Z [?25hDownloading python_slugify-8.0.4-py2.py3-none-any.whl (10 kB)
2025-02-24T05:30:02.5618320Z Downloading PyYAML-6.0.2-cp312-cp312-macosx_11_0_arm64.whl (173 kB)
2025-02-24T05:30:02.5741740Z Downloading requests-2.32.3-py3-none-any.whl (64 kB)
2025-02-24T05:30:02.5866750Z Downloading idna-3.10-py3-none-any.whl (70 kB)
2025-02-24T05:30:02.5994120Z Downloading six-1.17.0-py2.py3-none-any.whl (11 kB)
2025-02-24T05:30:02.6118720Z Downloading anyio-4.8.0-py3-none-any.whl (96 kB)
2025-02-24T05:30:02.6239680Z Downloading arrow-1.3.0-py3-none-any.whl (66 kB)
2025-02-24T05:30:02.6363400Z Downloading pyproject_hooks-1.2.0-py3-none-any.whl (10 kB)
2025-02-24T05:30:02.6481640Z Downloading chardet-5.2.0-py3-none-any.whl (199 kB)
2025-02-24T05:30:02.6619460Z Downloading charset_normalizer-3.4.1-cp312-cp312-macosx_10_13_universal2.whl (196 kB)
2025-02-24T05:30:02.6748550Z Downloading h11-0.14.0-py3-none-any.whl (58 kB)
2025-02-24T05:30:02.6883540Z Downloading MarkupSafe-3.0.2-cp312-cp312-macosx_11_0_arm64.whl (12 kB)
2025-02-24T05:30:02.7001730Z Downloading mdurl-0.1.2-py3-none-any.whl (10.0 kB)
2025-02-24T05:30:02.7119810Z Downloading smmap-5.0.2-py3-none-any.whl (24 kB)
2025-02-24T05:30:02.7244470Z Downloading sniffio-1.3.1-py3-none-any.whl (10 kB)
2025-02-24T05:30:02.7386970Z Downloading text_unidecode-1.3-py2.py3-none-any.whl (78 kB)
2025-02-24T05:30:02.7507880Z Downloading types_python_dateutil-2.9.0.20241206-py3-none-any.whl (14 kB)
2025-02-24T05:30:02.7623110Z Downloading typing_extensions-4.12.2-py3-none-any.whl (37 kB)
2025-02-24T05:30:02.7789970Z Downloading urllib3-2.3.0-py3-none-any.whl (128 kB)
2025-02-24T05:30:02.8048320Z Building wheels for collected packages: briefcase
2025-02-24T05:30:02.8055410Z   Building wheel for briefcase (pyproject.toml): started
2025-02-24T05:30:03.2413930Z   Building wheel for briefcase (pyproject.toml): finished with status 'done'
2025-02-24T05:30:03.2445980Z   Created wheel for briefcase: filename=briefcase-0.3.23.dev11+g647c8ff5-py3-none-any.whl size=240736 sha256=142f31a2ae9338529752693127033ff6a851c366ac2a7187c9810dce366e97d5
2025-02-24T05:30:03.2456420Z   Stored in directory: /private/var/folders/2s/h6hvv9ps03xgz_krkkstvq_r0000gn/T/pip-ephem-wheel-cache-0fwbc7ga/wheels/c5/04/18/55524f7f66d67aa89c0ad161b560d13d7948240e6934e45f7e
2025-02-24T05:30:03.2457110Z Successfully built briefcase
2025-02-24T05:30:03.2775040Z Installing collected packages: text-unidecode, wheel, urllib3, typing_extensions, types-python-dateutil, tomli_w, sniffio, smmap, six, setuptools, pyyaml, python-slugify, pyproject_hooks, pygments, psutil, platformdirs, packaging, mdurl, MarkupSafe, mac_alias, idna, h11, click, charset-normalizer, chardet, requests, python-dateutil, markdown-it-py, Jinja2, httpcore, gitdb, ds_store, build, binaryornot, anyio, rich, httpx, GitPython, dmgbuild, arrow, cookiecutter, briefcase
2025-02-24T05:30:06.0225290Z Successfully installed GitPython-3.1.44 Jinja2-3.1.5 MarkupSafe-3.0.2 anyio-4.8.0 arrow-1.3.0 binaryornot-0.4.4 briefcase-0.3.23.dev11+g647c8ff5 build-1.2.2.post1 chardet-5.2.0 charset-normalizer-3.4.1 click-8.1.8 cookiecutter-2.6.0 dmgbuild-1.6.4 ds_store-1.3.1 gitdb-4.0.12 h11-0.14.0 httpcore-1.0.7 httpx-0.28.1 idna-3.10 mac_alias-2.2.2 markdown-it-py-3.0.0 mdurl-0.1.2 packaging-24.2 platformdirs-4.3.6 psutil-7.0.0 pygments-2.19.1 pyproject_hooks-1.2.0 python-dateutil-2.9.0.post0 python-slugify-8.0.4 pyyaml-6.0.2 requests-2.32.3 rich-13.9.4 setuptools-75.8.0 six-1.17.0 smmap-5.0.2 sniffio-1.3.1 text-unidecode-1.3 tomli_w-1.2.0 types-python-dateutil-2.9.0.20241206 typing_extensions-4.12.2 urllib3-2.3.0 wheel-0.45.1
2025-02-24T05:30:06.2344340Z ##[group]Run actions/download-artifact@v4.1.8
2025-02-24T05:30:06.2344570Z with:
2025-02-24T05:30:06.2344810Z   pattern: Packages-toga-*
2025-02-24T05:30:06.2344980Z   merge-multiple: true
2025-02-24T05:30:06.2345270Z   path: dist
2025-02-24T05:30:06.2345440Z   repository: beeware/toga
2025-02-24T05:30:06.2345700Z   run-id: 13491433041
2025-02-24T05:30:06.2345950Z env:
2025-02-24T05:30:06.2346120Z   min_python_version: 3.9
2025-02-24T05:30:06.2346320Z   max_python_version: 3.12
2025-02-24T05:30:06.2346520Z   FORCE_COLOR: 1
2025-02-24T05:30:06.2346840Z   pythonLocation: /Users/runner/hostedtoolcache/Python/3.12.8/arm64
2025-02-24T05:30:06.2347280Z   PKG_CONFIG_PATH: /Users/runner/hostedtoolcache/Python/3.12.8/arm64/lib/pkgconfig
2025-02-24T05:30:06.2347710Z   Python_ROOT_DIR: /Users/runner/hostedtoolcache/Python/3.12.8/arm64
2025-02-24T05:30:06.2348110Z   Python2_ROOT_DIR: /Users/runner/hostedtoolcache/Python/3.12.8/arm64
2025-02-24T05:30:06.2349140Z   Python3_ROOT_DIR: /Users/runner/hostedtoolcache/Python/3.12.8/arm64
2025-02-24T05:30:06.2349390Z ##[endgroup]
2025-02-24T05:30:06.7805830Z Found 56 artifact(s)
2025-02-24T05:30:06.7806480Z Filtering artifacts by pattern 'Packages-toga-*'
2025-02-24T05:30:06.7819230Z Preparing to download the following artifacts:
2025-02-24T05:30:06.7819620Z - Packages-toga-winforms (ID: 2639028467, Size: 912617)
2025-02-24T05:30:06.7819960Z - Packages-toga-android (ID: 2639028440, Size: 138194)
2025-02-24T05:30:06.7820550Z - Packages-toga-gtk (ID: 2639028386, Size: 142074)
2025-02-24T05:30:06.7820860Z - Packages-toga-iOS (ID: 2639028383, Size: 872356)
2025-02-24T05:30:06.7821140Z - Packages-toga-toga (ID: 2639028349, Size: 7274)
2025-02-24T05:30:06.7821430Z - Packages-toga-core (ID: 2639028344, Size: 1153697)
2025-02-24T05:30:06.7821710Z - Packages-toga-dummy (ID: 2639028309, Size: 148484)
2025-02-24T05:30:06.7822030Z - Packages-toga-web (ID: 2639028241, Size: 34922)
2025-02-24T05:30:06.7822410Z - Packages-toga-textual (ID: 2639028202, Size: 32035)
2025-02-24T05:30:06.7822810Z - Packages-toga-travertino (ID: 2639028133, Size: 62305)
2025-02-24T05:30:06.7823130Z - Packages-toga-demo (ID: 2639028110, Size: 1242381)
2025-02-24T05:30:06.7823450Z - Packages-toga-cocoa (ID: 2639028073, Size: 929338)
2025-02-24T05:30:06.9100000Z Redirecting to blob download url: https://productionresultssa12.blob.core.windows.net/actions-results/cf52b554-71be-4a91-94b2-8eec2b4d890b/workflow-job-run-3124742b-843a-5b41-b426-aef8afedb9f7/artifacts/442c3fefacaa5f4a317396d7241d3673a3eab28c29b7e651a0b97534d592e35d.zip
2025-02-24T05:30:06.9102820Z Starting download of artifact to: /Users/runner/work/toga/toga/dist
2025-02-24T05:30:06.9798330Z Redirecting to blob download url: https://productionresultssa12.blob.core.windows.net/actions-results/cf52b554-71be-4a91-94b2-8eec2b4d890b/workflow-job-run-e2a6fa47-47a3-5188-27fb-56f4e71042c8/artifacts/5425332638acb926f3e0f42935440601f1f6cf4c943281c5f8b926bd1948bc25.zip
2025-02-24T05:30:06.9799280Z Starting download of artifact to: /Users/runner/work/toga/toga/dist
2025-02-24T05:30:06.9822460Z Redirecting to blob download url: https://productionresultssa12.blob.core.windows.net/actions-results/cf52b554-71be-4a91-94b2-8eec2b4d890b/workflow-job-run-98be74ae-5157-5c81-b7d0-b2ef5821a81e/artifacts/6e0cae3735cba3d010b2e4c6917aa1f2ffe72638fbddcfcf5e7d00e456e64178.zip
2025-02-24T05:30:06.9823610Z Starting download of artifact to: /Users/runner/work/toga/toga/dist
2025-02-24T05:30:06.9848970Z Redirecting to blob download url: https://productionresultssa12.blob.core.windows.net/actions-results/cf52b554-71be-4a91-94b2-8eec2b4d890b/workflow-job-run-18bbcbc6-8763-5d15-2620-0ac883eea9b0/artifacts/42ca5e4547811af7883a91d6c65b481266e15c0cdc8d243ec9aae2b558253c02.zip
2025-02-24T05:30:06.9851650Z Starting download of artifact to: /Users/runner/work/toga/toga/dist
2025-02-24T05:30:06.9941090Z Redirecting to blob download url: https://productionresultssa12.blob.core.windows.net/actions-results/cf52b554-71be-4a91-94b2-8eec2b4d890b/workflow-job-run-46aa3184-e851-51af-58d5-831072cd673f/artifacts/485660db63ec446c9f562cc6bdf49c64bf27c37a329b95a30a2467812096f020.zip
2025-02-24T05:30:06.9942040Z Starting download of artifact to: /Users/runner/work/toga/toga/dist
2025-02-24T05:30:06.9960680Z Redirecting to blob download url: https://productionresultssa12.blob.core.windows.net/actions-results/cf52b554-71be-4a91-94b2-8eec2b4d890b/workflow-job-run-137efbf3-bb9f-5901-016f-a9ca027ec083/artifacts/3f2c1a4e1441705d00c0abbd5f3913c6b215c2d9365be6ffa9fcc342e7742def.zip
2025-02-24T05:30:06.9970780Z Starting download of artifact to: /Users/runner/work/toga/toga/dist
2025-02-24T05:30:06.9978580Z Redirecting to blob download url: https://productionresultssa12.blob.core.windows.net/actions-results/cf52b554-71be-4a91-94b2-8eec2b4d890b/workflow-job-run-996a8579-f179-559d-4190-0dfa80ff20d7/artifacts/78e64f25892d1e62a7fba16b04b2d38f38656067df6d708afd5432245debf794.zip
2025-02-24T05:30:06.9980280Z Starting download of artifact to: /Users/runner/work/toga/toga/dist
2025-02-24T05:30:06.9981820Z Redirecting to blob download url: https://productionresultssa12.blob.core.windows.net/actions-results/cf52b554-71be-4a91-94b2-8eec2b4d890b/workflow-job-run-832e8880-3eb6-5d89-0c04-ef547b46a59e/artifacts/dd722970e727682fe8f4f464e3511dbda02932b6586e5f2f8ac9f8f11f50cdc9.zip
2025-02-24T05:30:06.9982770Z Starting download of artifact to: /Users/runner/work/toga/toga/dist
2025-02-24T05:30:07.0018100Z Redirecting to blob download url: https://productionresultssa12.blob.core.windows.net/actions-results/cf52b554-71be-4a91-94b2-8eec2b4d890b/workflow-job-run-7815ca6b-1b41-513e-fbe7-8eccb083611a/artifacts/1660c57eb65463a413672e3e25e0e2a0d8c8794547115554b39228f20230f22e.zip
2025-02-24T05:30:07.0019240Z Starting download of artifact to: /Users/runner/work/toga/toga/dist
2025-02-24T05:30:07.0076580Z Redirecting to blob download url: https://productionresultssa12.blob.core.windows.net/actions-results/cf52b554-71be-4a91-94b2-8eec2b4d890b/workflow-job-run-866e389a-a1a0-5c67-a00f-72c22223abfe/artifacts/b4bca85baf5c112d5a88797759fe2e27b3de49b97e7268608199152765d6405a.zip
2025-02-24T05:30:07.0077570Z Starting download of artifact to: /Users/runner/work/toga/toga/dist
2025-02-24T05:30:07.0143840Z Redirecting to blob download url: https://productionresultssa12.blob.core.windows.net/actions-results/cf52b554-71be-4a91-94b2-8eec2b4d890b/workflow-job-run-f1ed5179-285b-5126-8d3b-2df284d1f11c/artifacts/a55c024fa54bd7854415e2c7edfeb2c5046af07e859f8da7b852b08eadc84e2a.zip
2025-02-24T05:30:07.0144930Z Starting download of artifact to: /Users/runner/work/toga/toga/dist
2025-02-24T05:30:07.0158230Z Redirecting to blob download url: https://productionresultssa12.blob.core.windows.net/actions-results/cf52b554-71be-4a91-94b2-8eec2b4d890b/workflow-job-run-c851c84b-57ed-5071-9878-2279ccd891b8/artifacts/5eb57499beb40f05e15583bbf1c077df75bc75fa11156590733b79c2f9774e5a.zip
2025-02-24T05:30:07.0159190Z Starting download of artifact to: /Users/runner/work/toga/toga/dist
2025-02-24T05:30:07.0576080Z (node:3274) [DEP0005] DeprecationWarning: Buffer() is deprecated due to security and usability issues. Please use the Buffer.alloc(), Buffer.allocUnsafe(), or Buffer.from() methods instead.
2025-02-24T05:30:07.0578180Z (Use `node --trace-deprecation ...` to show where the warning was created)
2025-02-24T05:30:07.1852550Z Artifact download completed successfully.
2025-02-24T05:30:07.2462120Z Artifact download completed successfully.
2025-02-24T05:30:07.2462550Z Artifact download completed successfully.
2025-02-24T05:30:07.2464110Z Artifact download completed successfully.
2025-02-24T05:30:07.2473100Z Artifact download completed successfully.
2025-02-24T05:30:07.2476580Z Artifact download completed successfully.
2025-02-24T05:30:07.2699020Z Artifact download completed successfully.
2025-02-24T05:30:07.3093770Z Artifact download completed successfully.
2025-02-24T05:30:07.4265140Z Artifact download completed successfully.
2025-02-24T05:30:07.6051360Z Artifact download completed successfully.
2025-02-24T05:30:07.6389230Z Artifact download completed successfully.
2025-02-24T05:30:07.6944630Z Artifact download completed successfully.
2025-02-24T05:30:07.6945250Z Total of 12 artifact(s) downloaded
2025-02-24T05:30:07.6950700Z Download artifact has finished successfully
2025-02-24T05:30:07.7038960Z ##[group]Run \
2025-02-24T05:30:07.7039290Z [36;1m \[0m
2025-02-24T05:30:07.7039560Z [36;1m  briefcase run macOS --log --test  -- --ci[0m
2025-02-24T05:30:07.7106580Z shell: /bin/bash --noprofile --norc -e -o pipefail {0}
2025-02-24T05:30:07.7106810Z env:
2025-02-24T05:30:07.7106990Z   min_python_version: 3.9
2025-02-24T05:30:07.7107160Z   max_python_version: 3.12
2025-02-24T05:30:07.7107320Z   FORCE_COLOR: 1
2025-02-24T05:30:07.7107550Z   pythonLocation: /Users/runner/hostedtoolcache/Python/3.12.8/arm64
2025-02-24T05:30:07.7107940Z   PKG_CONFIG_PATH: /Users/runner/hostedtoolcache/Python/3.12.8/arm64/lib/pkgconfig
2025-02-24T05:30:07.7108310Z   Python_ROOT_DIR: /Users/runner/hostedtoolcache/Python/3.12.8/arm64
2025-02-24T05:30:07.7108910Z   Python2_ROOT_DIR: /Users/runner/hostedtoolcache/Python/3.12.8/arm64
2025-02-24T05:30:07.7109240Z   Python3_ROOT_DIR: /Users/runner/hostedtoolcache/Python/3.12.8/arm64
2025-02-24T05:30:07.7109490Z ##[endgroup]
2025-02-24T05:30:08.0000200Z 
2025-02-24T05:30:08.0008510Z [2m[testbed][0m Generating application template...
2025-02-24T05:30:08.0025140Z Using app template: [4;94mhttps://github.com/beeware/briefcase-macOS-app-template.git,[0m branch v0.3.23
2025-02-24T05:30:08.0029710Z Cloning template '[4;94mhttps://github.com/beeware/briefcase-macOS-app-template.git[0m'...
2025-02-24T05:30:09.1739700Z Template branch v0.3.23 not found; falling back to development template
2025-02-24T05:30:09.5924250Z Using existing template (sha e8082ea4d3310d7605e12f4ab1fa7ff7b637b974, updated Thu Jan 23 22:43:48 2025)
2025-02-24T05:30:10.3287470Z 
2025-02-24T05:30:10.3294450Z [2m[testbed][0m Installing support package...
2025-02-24T05:30:10.3301920Z Using support package [4;94mhttps://briefcase-support.s3.amazonaws.com/python/3.12/macOS/Python-3.12-macOS-support.b6.tar.gz[0m
2025-02-24T05:30:10.6314150Z Downloading Python-3.12-macOS-support.b6.tar.gz...
2025-02-24T05:30:11.5639750Z Unpacking support package... started
2025-02-24T05:30:12.8348610Z Unpacking support package... done
2025-02-24T05:30:12.8450950Z Copying standard library into app bundle... started
2025-02-24T05:30:13.6523220Z Copying standard library into app bundle... done
2025-02-24T05:30:13.6527800Z 
2025-02-24T05:30:13.6549610Z [2m[testbed][0m Installing stub binary...
2025-02-24T05:30:13.6552820Z Using stub binary [4;94mhttps://briefcase-support.s3.amazonaws.com/python/3.12/macOS/GUI-Stub-3.12-b10.zip[0m
2025-02-24T05:30:13.8643970Z Downloading GUI-Stub-3.12-b10.zip...
2025-02-24T05:30:13.8747350Z Installing stub binary... started
2025-02-24T05:30:13.8852870Z Installing stub binary... done
2025-02-24T05:30:13.8953970Z 
2025-02-24T05:30:13.9057190Z [2m[testbed][0m Installing application code...
2025-02-24T05:30:13.9158830Z Installing src/testbed... started
2025-02-24T05:30:13.9461160Z Installing src/testbed... done
2025-02-24T05:30:13.9563410Z Installing tests... started
2025-02-24T05:30:13.9767040Z Installing tests... done
2025-02-24T05:30:13.9870150Z Installing ../cocoa/tests_backend... started
2025-02-24T05:30:13.9971400Z Installing ../cocoa/tests_backend... done
2025-02-24T05:30:14.0017400Z 
2025-02-24T05:30:14.0047220Z [2m[testbed][0m Installing requirements...
2025-02-24T05:30:14.0095430Z Installing app requirements... started
2025-02-24T05:30:14.7914200Z Looking in links: /Users/runner/work/toga/toga/dist
2025-02-24T05:30:14.7919120Z Processing /Users/runner/work/toga/toga/travertino
2025-02-24T05:30:14.7943430Z   Installing build dependencies: started
2025-02-24T05:30:16.4878320Z   Installing build dependencies: finished with status 'done'
2025-02-24T05:30:16.4980320Z   Getting requirements to build wheel: started
2025-02-24T05:30:17.4743990Z   Getting requirements to build wheel: finished with status 'done'
2025-02-24T05:30:17.4894090Z   Preparing metadata (pyproject.toml): started
2025-02-24T05:30:17.9192410Z   Preparing metadata (pyproject.toml): finished with status 'done'
2025-02-24T05:30:17.9206270Z Processing /Users/runner/work/toga/toga/core
2025-02-24T05:30:17.9274400Z   Installing build dependencies: started
2025-02-24T05:30:19.5599720Z   Installing build dependencies: finished with status 'done'
2025-02-24T05:30:19.5654440Z   Getting requirements to build wheel: started
2025-02-24T05:30:20.0644670Z   Getting requirements to build wheel: finished with status 'done'
2025-02-24T05:30:20.0748030Z   Preparing metadata (pyproject.toml): started
2025-02-24T05:30:20.6103250Z   Preparing metadata (pyproject.toml): finished with status 'done'
2025-02-24T05:30:20.6138600Z Processing /Users/runner/work/toga/toga/cocoa
2025-02-24T05:30:20.6165400Z   Installing build dependencies: started
2025-02-24T05:30:22.0968850Z   Installing build dependencies: finished with status 'done'
2025-02-24T05:30:22.1071440Z   Getting requirements to build wheel: started
2025-02-24T05:30:22.5056130Z   Getting requirements to build wheel: finished with status 'done'
2025-02-24T05:30:22.5066740Z   Preparing metadata (pyproject.toml): started
2025-02-24T05:30:22.9732110Z   Preparing metadata (pyproject.toml): finished with status 'done'
2025-02-24T05:30:22.9799260Z Ignoring fonttools: markers 'sys_platform == "linux"' don't match your environment
2025-02-24T05:30:23.0668210Z Collecting std-nslog~=1.0.0
2025-02-24T05:30:23.1014990Z   Downloading std_nslog-1.0.3-py3-none-any.whl.metadata (3.6 kB)
2025-02-24T05:30:23.3003850Z Collecting coverage==7.6.12
2025-02-24T05:30:23.3699270Z   Downloading coverage-7.6.12-cp312-cp312-macosx_11_0_arm64.whl.metadata (8.5 kB)
2025-02-24T05:30:23.3959230Z Collecting coverage-conditional-plugin==0.9.0
2025-02-24T05:30:23.4061590Z   Downloading coverage_conditional_plugin-0.9.0-py3-none-any.whl.metadata (6.9 kB)
2025-02-24T05:30:23.5128930Z Collecting pillow==11.0.0
2025-02-24T05:30:23.5225400Z   Downloading pillow-11.0.0-cp312-cp312-macosx_11_0_arm64.whl.metadata (9.1 kB)
2025-02-24T05:30:23.5628610Z Collecting pytest==8.3.4
2025-02-24T05:30:23.5728750Z   Downloading pytest-8.3.4-py3-none-any.whl.metadata (7.5 kB)
2025-02-24T05:30:23.5908100Z Collecting pytest-asyncio==0.25.3
2025-02-24T05:30:23.6003140Z   Downloading pytest_asyncio-0.25.3-py3-none-any.whl.metadata (3.9 kB)
2025-02-24T05:30:23.6229620Z Collecting packaging>=20.4 (from coverage-conditional-plugin==0.9.0)
2025-02-24T05:30:23.6255310Z   Using cached packaging-24.2-py3-none-any.whl.metadata (3.2 kB)
2025-02-24T05:30:23.6439710Z Collecting iniconfig (from pytest==8.3.4)
2025-02-24T05:30:23.6542400Z   Downloading iniconfig-2.0.0-py3-none-any.whl.metadata (2.6 kB)
2025-02-24T05:30:23.6784170Z Collecting pluggy<2,>=1.5 (from pytest==8.3.4)
2025-02-24T05:30:23.6896960Z   Downloading pluggy-1.5.0-py3-none-any.whl.metadata (4.8 kB)
2025-02-24T05:30:23.7697120Z Collecting fonttools<5.0.0,>=4.42.1 (from toga-cocoa==0.4.9.dev608+g01152b56b)
2025-02-24T05:30:23.7808040Z   Downloading fonttools-4.56.0-cp312-cp312-macosx_10_13_universal2.whl.metadata (101 kB)
2025-02-24T05:30:23.8398860Z Collecting rubicon-objc<0.6.0,>=0.5.0 (from toga-cocoa==0.4.9.dev608+g01152b56b)
2025-02-24T05:30:23.8573970Z   Downloading rubicon_objc-0.5.0-py3-none-any.whl.metadata (5.5 kB)
2025-02-24T05:30:23.8834140Z Downloading coverage-7.6.12-cp312-cp312-macosx_11_0_arm64.whl (208 kB)
2025-02-24T05:30:23.9062710Z Downloading coverage_conditional_plugin-0.9.0-py3-none-any.whl (7.3 kB)
2025-02-24T05:30:23.9185330Z Downloading pillow-11.0.0-cp312-cp312-macosx_11_0_arm64.whl (3.0 MB)
2025-02-24T05:30:23.9691530Z [?25l   [90m━━━━━━━━━━━━━━━━━━━━━━━━━━━━━━━━━━━━━━━━[0m [32m0.0/3.0 MB[0m [31m?[0m eta [36m-:--:--[0m
2025-02-24T05:30:23.9700390Z [2K   [90m━━━━━━━━━━━━━━━━━━━━━━━━━━━━━━━━━━━━━━━━[0m [32m3.0/3.0 MB[0m [31m60.3 MB/s[0m eta [36m0:00:00[0m
2025-02-24T05:30:23.9814270Z [?25hDownloading pytest-8.3.4-py3-none-any.whl (343 kB)
2025-02-24T05:30:23.9958760Z Downloading pytest_asyncio-0.25.3-py3-none-any.whl (19 kB)
2025-02-24T05:30:24.0094090Z Downloading std_nslog-1.0.3-py3-none-any.whl (4.8 kB)
2025-02-24T05:30:24.0258820Z Downloading fonttools-4.56.0-cp312-cp312-macosx_10_13_universal2.whl (2.7 MB)
2025-02-24T05:30:24.0432990Z [?25l   [90m━━━━━━━━━━━━━━━━━━━━━━━━━━━━━━━━━━━━━━━━[0m [32m0.0/2.7 MB[0m [31m?[0m eta [36m-:--:--[0m
2025-02-24T05:30:24.0447640Z [2K   [90m━━━━━━━━━━━━━━━━━━━━━━━━━━━━━━━━━━━━━━━━[0m [32m2.7/2.7 MB[0m [31m162.8 MB/s[0m eta [36m0:00:00[0m
2025-02-24T05:30:24.0458200Z [?25hUsing cached packaging-24.2-py3-none-any.whl (65 kB)
2025-02-24T05:30:24.0546860Z Downloading pluggy-1.5.0-py3-none-any.whl (20 kB)
2025-02-24T05:30:24.0757700Z Downloading rubicon_objc-0.5.0-py3-none-any.whl (62 kB)
2025-02-24T05:30:24.0986380Z Downloading iniconfig-2.0.0-py3-none-any.whl (5.9 kB)
2025-02-24T05:30:24.1168050Z Building wheels for collected packages: travertino, toga-core, toga-cocoa
2025-02-24T05:30:24.1179330Z   Building wheel for travertino (pyproject.toml): started
2025-02-24T05:30:24.5153350Z   Building wheel for travertino (pyproject.toml): finished with status 'done'
2025-02-24T05:30:24.5162210Z   Created wheel for travertino: filename=travertino-0.4.9.dev608+g01152b56b-py3-none-any.whl size=22881 sha256=e2306ab19d698dda5affa994e160bd8ed0200cfcfd56924d591e7513c004648f
2025-02-24T05:30:24.5167380Z   Stored in directory: /private/var/folders/2s/h6hvv9ps03xgz_krkkstvq_r0000gn/T/pip-ephem-wheel-cache-7ms1fr5m/wheels/fb/03/30/94bfd0cf122995590b1f326d3b00ed8b247f6304287450f1c9
2025-02-24T05:30:24.5192810Z   Building wheel for toga-core (pyproject.toml): started
2025-02-24T05:30:25.1351340Z   Building wheel for toga-core (pyproject.toml): finished with status 'done'
2025-02-24T05:30:25.1354480Z   Created wheel for toga-core: filename=toga_core-0.4.9.dev608+g01152b56b-py3-none-any.whl size=142837 sha256=172e02d2c6ae512dc2c2637976ce3e68b483e499cdc7cf50e08c88c5035c673e
2025-02-24T05:30:25.1368660Z   Stored in directory: /private/var/folders/2s/h6hvv9ps03xgz_krkkstvq_r0000gn/T/pip-ephem-wheel-cache-7ms1fr5m/wheels/9e/e8/ee/76b71fb42aa09373531dc76326216b74a6f01a510db217f28d
2025-02-24T05:30:25.1470220Z   Building wheel for toga-cocoa (pyproject.toml): started
2025-02-24T05:30:25.5578040Z   Building wheel for toga-cocoa (pyproject.toml): finished with status 'done'
2025-02-24T05:30:25.5587320Z   Created wheel for toga-cocoa: filename=toga_cocoa-0.4.9.dev608+g01152b56b-py3-none-any.whl size=465441 sha256=444a5ec41af5fe053eeccb60404301dee4af439bf440811c577d371b4aed78e2
2025-02-24T05:30:25.5591660Z   Stored in directory: /private/var/folders/2s/h6hvv9ps03xgz_krkkstvq_r0000gn/T/pip-ephem-wheel-cache-7ms1fr5m/wheels/86/ef/d1/42797be250353a77cb37d181b1b71efc9c429671ede4b810e1
2025-02-24T05:30:25.5604540Z Successfully built travertino toga-core toga-cocoa
2025-02-24T05:30:25.5983340Z Installing collected packages: travertino, std-nslog, rubicon-objc, pluggy, pillow, packaging, iniconfig, fonttools, coverage, toga-core, pytest, coverage-conditional-plugin, toga-cocoa, pytest-asyncio
2025-02-24T05:30:26.8324520Z Successfully installed coverage-7.6.12 coverage-conditional-plugin-0.9.0 fonttools-4.56.0 iniconfig-2.0.0 packaging-24.2 pillow-11.0.0 pluggy-1.5.0 pytest-8.3.4 pytest-asyncio-0.25.3 rubicon-objc-0.5.0 std-nslog-1.0.3 toga-cocoa-0.4.9.dev608+g01152b56b toga-core-0.4.9.dev608+g01152b56b travertino-0.4.9.dev608+g01152b56b
2025-02-24T05:30:27.3312170Z Installing app requirements... done
2025-02-24T05:30:27.3360200Z Installing binary app requirements for x86_64... started
2025-02-24T05:30:27.7764340Z Looking in links: /Users/runner/work/toga/toga/dist
2025-02-24T05:30:27.9978900Z Collecting coverage==7.6.12
2025-02-24T05:30:28.0318050Z   Downloading coverage-7.6.12-cp312-cp312-macosx_10_13_x86_64.whl.metadata (8.5 kB)
2025-02-24T05:30:28.1501140Z Collecting pillow==11.0.0
2025-02-24T05:30:28.1615560Z   Downloading pillow-11.0.0-cp312-cp312-macosx_10_13_x86_64.whl.metadata (9.1 kB)
2025-02-24T05:30:28.1790180Z Downloading coverage-7.6.12-cp312-cp312-macosx_10_13_x86_64.whl (208 kB)
2025-02-24T05:30:28.2149240Z Downloading pillow-11.0.0-cp312-cp312-macosx_10_13_x86_64.whl (3.1 MB)
2025-02-24T05:30:28.2602340Z [?25l   [90m━━━━━━━━━━━━━━━━━━━━━━━━━━━━━━━━━━━━━━━━[0m [32m0.0/3.1 MB[0m [31m?[0m eta [36m-:--:--[0m
2025-02-24T05:30:28.2618450Z [2K   [90m━━━━━━━━━━━━━━━━━━━━━━━━━━━━━━━━━━━━━━━━[0m [32m3.1/3.1 MB[0m [31m82.1 MB/s[0m eta [36m0:00:00[0m
2025-02-24T05:30:28.2679820Z [?25hInstalling collected packages: pillow, coverage
2025-02-24T05:30:28.5704910Z Successfully installed coverage-7.6.12 pillow-11.0.0
2025-02-24T05:30:28.6723520Z Installing binary app requirements for x86_64... done
2025-02-24T05:30:28.6749010Z Thinning libraries in app_packages.x86_64...
2025-02-24T05:30:31.6665290Z Merging app_packages.arm64... started
2025-02-24T05:30:32.1851360Z Merging app_packages.arm64... done
2025-02-24T05:30:32.1857310Z Merging app_packages.x86_64... started
2025-02-24T05:30:32.2144270Z Merging app_packages.x86_64... done
2025-02-24T05:30:32.2149550Z Merging libraries...
2025-02-24T05:30:33.0894230Z 
2025-02-24T05:30:33.0995640Z [2m[testbed][0m Installing application resources...
2025-02-24T05:30:33.1095400Z Installing icons/testbed.icns as application icon... started
2025-02-24T05:30:33.1196940Z Installing icons/testbed.icns as application icon... done
2025-02-24T05:30:33.1309470Z 
2025-02-24T05:30:33.1438780Z [2m[testbed][0m Removing unneeded app content...
2025-02-24T05:30:33.1539840Z Removing unneeded app bundle content... started
2025-02-24T05:30:33.4599410Z Removing unneeded app bundle content... done
2025-02-24T05:30:33.4602730Z 
2025-02-24T05:30:33.4614440Z [2m[testbed][0m Created build/testbed/macos/app
2025-02-24T05:30:33.4622120Z 
2025-02-24T05:30:33.4656730Z [2m[testbed][0m Building App...
2025-02-24T05:30:33.4657170Z Renaming stub binary... started
2025-02-24T05:30:33.4657440Z Renaming stub binary... done
2025-02-24T05:30:33.4657660Z 
2025-02-24T05:30:33.4658520Z [2m[testbed][0m Ad-hoc signing app...
2025-02-24T05:30:39.5034980Z 
2025-02-24T05:30:39.5039670Z [2m[testbed][0m Built build/testbed/macos/app/Toga Testbed.app (test mode)
2025-02-24T05:30:39.8428300Z 
2025-02-24T05:30:39.8437960Z [2m[testbed][0m Starting test_suite...
2025-02-24T05:30:40.2783230Z ===========================================================================
2025-02-24T05:30:41.5723760Z Waiting for app to be ready for testing... ready.
2025-02-24T05:30:41.6867150Z ============================= test session starts ==============================
2025-02-24T05:30:43.2402460Z collecting ... collected 604 items / 1 skipped
2025-02-24T05:30:43.2407720Z 
2025-02-24T05:30:43.6253420Z tests/app/test_app.py::test_main_window_toolbar PASSED                   [  0%]
2025-02-24T05:30:43.7742680Z tests/app/test_app.py::test_system_menus PASSED                          [  0%]
2025-02-24T05:30:44.2007400Z tests/app/test_app.py::test_menu_about PASSED                            [  0%]
2025-02-24T05:30:44.3508560Z tests/app/test_app.py::test_menu_visit_homepage PASSED                   [  0%]
2025-02-24T05:30:44.5101690Z tests/app/test_app.py::test_menu_items PASSED                            [  0%]
2025-02-24T05:30:44.6627870Z tests/app/test_app.py::test_beep PASSED                                  [  0%]
2025-02-24T05:30:44.8243610Z tests/app/test_app.py::test_screens PASSED                               [  1%]
2025-02-24T05:30:45.0505830Z tests/app/test_app.py::test_app_icon PASSED                              [  1%]
2025-02-24T05:30:45.2111780Z tests/app/test_app.py::test_dark_mode_state_read PASSED                  [  1%]
2025-02-24T05:30:45.6945180Z tests/app/test_desktop.py::test_exit_on_close_main_window PASSED         [  1%]
2025-02-24T05:30:45.8525170Z tests/app/test_desktop.py::test_menu_exit PASSED                         [  1%]
2025-02-24T05:30:46.0645270Z tests/app/test_desktop.py::test_menu_close_windows PASSED                [  1%]
2025-02-24T05:30:46.8020790Z tests/app/test_desktop.py::test_menu_minimize PASSED                     [  2%]
2025-02-24T05:30:48.2678320Z tests/app/test_desktop.py::test_app_level_menu_hide PASSED               [  2%]
2025-02-24T05:30:49.7131930Z tests/app/test_desktop.py::test_presentation_mode PASSED                 [  2%]
2025-02-24T05:30:50.8146280Z tests/app/test_desktop.py::test_window_presentation_exit_on_another_window_presentation PASSED [  2%]
2025-02-24T05:30:53.9506000Z tests/app/test_desktop.py::test_presentation_mode_exit_on_window_state_change[WindowState.MINIMIZED] PASSED [  2%]
2025-02-24T05:30:56.8395120Z tests/app/test_desktop.py::test_presentation_mode_exit_on_window_state_change[WindowState.MAXIMIZED] PASSED [  2%]
2025-02-24T05:31:00.3175200Z tests/app/test_desktop.py::test_presentation_mode_exit_on_window_state_change[WindowState.FULLSCREEN] PASSED [  3%]
2025-02-24T05:31:00.7104900Z tests/app/test_desktop.py::test_show_hide_cursor PASSED                  [  3%]
2025-02-24T05:31:02.6101560Z tests/app/test_desktop.py::test_current_window PASSED                    [  3%]
2025-02-24T05:31:03.1237690Z tests/app/test_desktop.py::test_system_dpi_change[1.0-SystemEvents.DisplaySettingsChanged] XFAIL [  3%]
2025-02-24T05:31:03.2716070Z tests/app/test_desktop.py::test_system_dpi_change[1.0-Form.LocationChanged] XFAIL [  3%]
2025-02-24T05:31:03.4220550Z tests/app/test_desktop.py::test_system_dpi_change[1.0-Form.Resize] XFAIL [  3%]
2025-02-24T05:31:03.5728140Z tests/app/test_desktop.py::test_system_dpi_change[1.25-SystemEvents.DisplaySettingsChanged] XFAIL [  4%]
2025-02-24T05:31:03.7238950Z tests/app/test_desktop.py::test_system_dpi_change[1.25-Form.LocationChanged] XFAIL [  4%]
2025-02-24T05:31:03.8861260Z tests/app/test_desktop.py::test_system_dpi_change[1.25-Form.Resize] XFAIL [  4%]
2025-02-24T05:31:04.0427360Z tests/app/test_desktop.py::test_system_dpi_change[1.5-SystemEvents.DisplaySettingsChanged] XFAIL [  4%]
2025-02-24T05:31:04.1927300Z tests/app/test_desktop.py::test_system_dpi_change[1.5-Form.LocationChanged] XFAIL [  4%]
2025-02-24T05:31:04.3617620Z tests/app/test_desktop.py::test_system_dpi_change[1.5-Form.Resize] XFAIL [  4%]
2025-02-24T05:31:04.5217700Z tests/app/test_desktop.py::test_system_dpi_change[1.75-SystemEvents.DisplaySettingsChanged] XFAIL [  5%]
2025-02-24T05:31:04.6716770Z tests/app/test_desktop.py::test_system_dpi_change[1.75-Form.LocationChanged] XFAIL [  5%]
2025-02-24T05:31:04.8219220Z tests/app/test_desktop.py::test_system_dpi_change[1.75-Form.Resize] XFAIL [  5%]
2025-02-24T05:31:04.9740830Z tests/app/test_desktop.py::test_system_dpi_change[2.0-SystemEvents.DisplaySettingsChanged] XFAIL [  5%]
2025-02-24T05:31:05.1238410Z tests/app/test_desktop.py::test_system_dpi_change[2.0-Form.LocationChanged] XFAIL [  5%]
2025-02-24T05:31:05.2727310Z tests/app/test_desktop.py::test_system_dpi_change[2.0-Form.Resize] XFAIL [  5%]
2025-02-24T05:31:05.5789090Z tests/app/test_desktop.py::test_session_based_app PASSED                 [  6%]
2025-02-24T05:31:05.8881320Z tests/app/test_desktop.py::test_background_app PASSED                    [  6%]
2025-02-24T05:31:06.6139120Z tests/app/test_dialogs.py::test_info_dialog PASSED                       [  6%]
2025-02-24T05:31:07.3481650Z tests/app/test_dialogs.py::test_question_dialog[False] PASSED            [  6%]
2025-02-24T05:31:08.0917030Z tests/app/test_dialogs.py::test_question_dialog[True] PASSED             [  6%]
2025-02-24T05:31:08.8243510Z tests/app/test_dialogs.py::test_confirm_dialog[False] PASSED             [  6%]
2025-02-24T05:31:09.5470010Z tests/app/test_dialogs.py::test_confirm_dialog[True] PASSED              [  7%]
2025-02-24T05:31:10.2963620Z tests/app/test_dialogs.py::test_error_dialog PASSED                      [  7%]
2025-02-24T05:31:11.2327920Z tests/app/test_dialogs.py::test_stack_trace_dialog[None] PASSED          [  7%]
2025-02-24T05:31:11.9915880Z tests/app/test_dialogs.py::test_stack_trace_dialog[False] PASSED         [  7%]
2025-02-24T05:31:12.7346280Z tests/app/test_dialogs.py::test_stack_trace_dialog[True] PASSED          [  7%]
2025-02-24T05:31:13.7232420Z tests/app/test_dialogs.py::test_save_file_dialog[/path/to/file.txt-None-result0] PASSED [  7%]
2025-02-24T05:31:14.1949920Z tests/app/test_dialogs.py::test_save_file_dialog[/path/to/file.txt-None-None] PASSED [  8%]
2025-02-24T05:31:14.6396850Z tests/app/test_dialogs.py::test_save_file_dialog[/path/to/file.txt-file_types2-result2] PASSED [  8%]
2025-02-24T05:31:15.0664360Z tests/app/test_dialogs.py::test_save_file_dialog[/path/to/file.txt-file_types3-None] PASSED [  8%]
2025-02-24T05:31:15.8217850Z tests/app/test_dialogs.py::test_open_file_dialog[initial_directory0-None-False-result0] PASSED [  8%]
2025-02-24T05:31:16.2926670Z tests/app/test_dialogs.py::test_open_file_dialog[initial_directory1-None-False-None] PASSED [  8%]
2025-02-24T05:31:16.7734830Z tests/app/test_dialogs.py::test_open_file_dialog[None-None-False-result2] PASSED [  8%]
2025-02-24T05:31:17.2448890Z tests/app/test_dialogs.py::test_open_file_dialog[initial_directory3-file_types3-False-result3] PASSED [  9%]
2025-02-24T05:31:17.7164100Z tests/app/test_dialogs.py::test_open_file_dialog[initial_directory4-None-True-result4] PASSED [  9%]
2025-02-24T05:31:18.1868270Z tests/app/test_dialogs.py::test_open_file_dialog[initial_directory5-None-True-result5] PASSED [  9%]
2025-02-24T05:31:18.6529030Z tests/app/test_dialogs.py::test_open_file_dialog[initial_directory6-None-True-None] PASSED [  9%]
2025-02-24T05:31:19.1190820Z tests/app/test_dialogs.py::test_open_file_dialog[None-None-True-result7] PASSED [  9%]
2025-02-24T05:31:19.5976370Z tests/app/test_dialogs.py::test_open_file_dialog[initial_directory8-file_types8-True-result8] PASSED [  9%]
2025-02-24T05:31:20.0675480Z tests/app/test_dialogs.py::test_select_folder_dialog[initial_directory0-False-result0] PASSED [ 10%]
2025-02-24T05:31:20.5314370Z tests/app/test_dialogs.py::test_select_folder_dialog[initial_directory1-False-None] PASSED [ 10%]
2025-02-24T05:31:21.0274280Z tests/app/test_dialogs.py::test_select_folder_dialog[None-False-result2] PASSED [ 10%]
2025-02-24T05:31:21.5056580Z tests/app/test_dialogs.py::test_select_folder_dialog[initial_directory3-True-result3] PASSED [ 10%]
2025-02-24T05:31:22.0132260Z tests/app/test_dialogs.py::test_select_folder_dialog[initial_directory4-True-result4] PASSED [ 10%]
2025-02-24T05:31:22.4846320Z tests/app/test_dialogs.py::test_select_folder_dialog[initial_directory5-True-None] PASSED [ 10%]
2025-02-24T05:31:22.6581490Z tests/app/test_document_app.py::test_new_document PASSED                 [ 11%]
2025-02-24T05:31:23.0366930Z tests/app/test_document_app.py::test_open_document PASSED                [ 11%]
2025-02-24T05:31:23.3043340Z tests/app/test_document_app.py::test_open_missing_document PASSED        [ 11%]
2025-02-24T05:31:23.4784770Z tests/app/test_document_app.py::test_open_bad_document PASSED            [ 11%]
2025-02-24T05:31:23.7395160Z tests/app/test_document_app.py::test_open_initial_document PASSED        [ 11%]
2025-02-24T05:31:25.0410740Z tests/app/test_document_app.py::test_open_document_by_drag PASSED        [ 11%]
2025-02-24T05:31:25.4788490Z tests/app/test_document_app.py::test_save_document PASSED                [ 12%]
2025-02-24T05:31:26.0011000Z tests/app/test_document_app.py::test_save_as_document PASSED             [ 12%]
2025-02-24T05:31:26.4110600Z tests/app/test_document_app.py::test_save_all_documents PASSED           [ 12%]
2025-02-24T05:31:26.7321370Z tests/app/test_screens.py::test_name PASSED                              [ 12%]
2025-02-24T05:31:26.8950690Z tests/app/test_screens.py::test_origin PASSED                            [ 12%]
2025-02-24T05:31:27.0644520Z tests/app/test_screens.py::test_size PASSED                              [ 12%]
2025-02-24T05:31:27.5642940Z tests/app/test_screens.py::test_as_image PASSED                          [ 13%]
2025-02-24T05:31:27.7208040Z tests/hardware/test_camera.py::test_camera_properties[CameraProbe] PASSED [ 13%]
2025-02-24T05:31:27.8999320Z tests/hardware/test_camera.py::test_grant_permission[CameraProbe] PASSED [ 13%]
2025-02-24T05:31:28.0603320Z tests/hardware/test_camera.py::test_deny_permission[CameraProbe] PASSED  [ 13%]
2025-02-24T05:31:28.7585030Z tests/hardware/test_camera.py::test_take_photo[CameraProbe] PASSED       [ 13%]
2025-02-24T05:31:29.3953670Z tests/hardware/test_camera.py::test_flash_mode[CameraProbe] PASSED       [ 13%]
2025-02-24T05:31:29.7208980Z tests/hardware/test_camera.py::test_take_photo_unknown_permission[CameraProbe] PASSED [ 14%]
2025-02-24T05:31:30.0398470Z tests/hardware/test_camera.py::test_cancel_photo[CameraProbe] PASSED     [ 14%]
2025-02-24T05:31:30.1958890Z tests/hardware/test_camera.py::test_take_photo_no_permission[CameraProbe] PASSED [ 14%]
2025-02-24T05:31:30.5125840Z tests/hardware/test_camera.py::test_change_camera[CameraProbe] PASSED    [ 14%]
2025-02-24T05:31:30.8353010Z tests/hardware/test_camera.py::test_no_cameras[CameraProbe] PASSED       [ 14%]
2025-02-24T05:31:31.0020780Z tests/hardware/test_location.py::test_grant_permission[LocationProbe] PASSED [ 14%]
2025-02-24T05:31:31.1642330Z tests/hardware/test_location.py::test_deny_permission[LocationProbe] PASSED [ 15%]
2025-02-24T05:31:31.3237470Z tests/hardware/test_location.py::test_grant_background_permission[LocationProbe] PASSED [ 15%]
2025-02-24T05:31:31.4815870Z tests/hardware/test_location.py::test_deny_background_permission[LocationProbe] PASSED [ 15%]
2025-02-24T05:31:31.6472140Z tests/hardware/test_location.py::test_current_location[LocationProbe] PASSED [ 15%]
2025-02-24T05:31:31.8061870Z tests/hardware/test_location.py::test_track_location[LocationProbe] PASSED [ 15%]
2025-02-24T05:31:31.9733810Z tests/hardware/test_location.py::test_track_location_retrack[LocationProbe] PASSED [ 15%]
2025-02-24T05:31:32.1312850Z tests/hardware/test_location.py::test_stop_tracking_when_already_stopped[LocationProbe] PASSED [ 16%]
2025-02-24T05:31:32.2966320Z tests/hardware/test_location.py::test_location_error[LocationProbe] PASSED [ 16%]
2025-02-24T05:31:32.4525490Z tests/hardware/test_location.py::test_location_tracking_start_error[LocationProbe] XFAIL [ 16%]
2025-02-24T05:31:32.6152940Z tests/hardware/test_location.py::test_no_permission[LocationProbe] PASSED [ 16%]
2025-02-24T05:31:32.7706830Z tests/test_command.py::test_unknown_system_command PASSED                [ 16%]
2025-02-24T05:31:32.9547180Z tests/test_fonts.py::test_use_system_font_fallback PASSED                [ 16%]
2025-02-24T05:31:33.4921030Z tests/test_fonts.py::test_font_options PASSED                            [ 17%]
2025-02-24T05:31:33.7851370Z tests/test_fonts.py::test_font_file_loaded[Font Awesome 5 Free Solid-resources/fonts/Font Awesome 5 Free-Solid-900.otf-font_kwargs0-False] PASSED [ 17%]
2025-02-24T05:31:33.9643850Z tests/test_fonts.py::test_font_file_loaded[Endor-resources/fonts/ENDOR___.ttf-font_kwargs1-False] PASSED [ 17%]
2025-02-24T05:31:34.1437970Z tests/test_fonts.py::test_font_file_loaded[Endor-resources/fonts/ENDOR___.ttf-font_kwargs2-True] PASSED [ 17%]
2025-02-24T05:31:34.3385860Z tests/test_fonts.py::test_font_file_loaded[Roboto-resources/fonts/Roboto-Bold.ttf-font_kwargs3-False] PASSED [ 17%]
2025-02-24T05:31:34.5259400Z tests/test_fonts.py::test_font_file_loaded[Roboto-resources/fonts/Roboto-Italic.ttf-font_kwargs4-False] PASSED [ 17%]
2025-02-24T05:31:34.7109620Z tests/test_fonts.py::test_font_file_loaded[Roboto-resources/fonts/Roboto-BoldItalic.ttf-font_kwargs5-False] PASSED [ 18%]
2025-02-24T05:31:34.8807930Z tests/test_fonts.py::test_non_existent_font_file PASSED                  [ 18%]
2025-02-24T05:31:35.0659300Z tests/test_fonts.py::test_corrupted_font_file PASSED                     [ 18%]
2025-02-24T05:31:35.2425670Z tests/test_icons.py::test_icon PASSED                                    [ 18%]
2025-02-24T05:31:35.4640430Z tests/test_icons.py::test_app_icon PASSED                                [ 18%]
2025-02-24T05:31:35.6275630Z tests/test_icons.py::test_system_icon PASSED                             [ 18%]
2025-02-24T05:31:35.7949010Z tests/test_icons.py::test_platform_icon PASSED                           [ 19%]
2025-02-24T05:31:35.9663520Z tests/test_icons.py::test_bad_icon_file PASSED                           [ 19%]
2025-02-24T05:31:36.1301870Z tests/test_images.py::test_local_image PASSED                            [ 19%]
2025-02-24T05:31:36.2888120Z tests/test_images.py::test_raw_image PASSED                              [ 19%]
2025-02-24T05:31:36.4635160Z tests/test_images.py::test_bad_image_file PASSED                         [ 19%]
2025-02-24T05:31:36.6422550Z tests/test_images.py::test_buffer_image PASSED                           [ 19%]
2025-02-24T05:31:36.8045040Z tests/test_images.py::test_pil_raw_and_data_image PASSED                 [ 20%]
2025-02-24T05:31:36.9712360Z tests/test_images.py::test_bad_image_data PASSED                         [ 20%]
2025-02-24T05:31:37.1516650Z tests/test_images.py::test_save PASSED                                   [ 20%]
2025-02-24T05:31:37.3196610Z tests/test_keys.py::test_key_combinations[a-key_data0] PASSED            [ 20%]
2025-02-24T05:31:37.4861310Z tests/test_keys.py::test_key_combinations[A-key_data1] PASSED            [ 20%]
2025-02-24T05:31:37.6515600Z tests/test_keys.py::test_key_combinations[<mod 1>a-key_data2] PASSED     [ 20%]
2025-02-24T05:31:37.8167550Z tests/test_keys.py::test_key_combinations[<mod 2>a-key_data3] PASSED     [ 21%]
2025-02-24T05:31:37.9778750Z tests/test_keys.py::test_key_combinations[<mod 3>a-key_data4] PASSED     [ 21%]
2025-02-24T05:31:38.1398500Z tests/test_keys.py::test_key_combinations[<mod 1><mod 2>a-key_data5] PASSED [ 21%]
2025-02-24T05:31:38.3023950Z tests/test_keys.py::test_key_combinations[<mod 2><mod 1>a-key_data6] PASSED [ 21%]
2025-02-24T05:31:38.4621250Z tests/test_keys.py::test_key_combinations[<mod 1><mod 2><mod 3>A-key_data7] PASSED [ 21%]
2025-02-24T05:31:38.6182460Z tests/test_keys.py::test_key_combinations[1-key_data8] PASSED            [ 21%]
2025-02-24T05:31:38.7762570Z tests/test_keys.py::test_key_combinations[!-key_data9] PASSED            [ 22%]
2025-02-24T05:31:38.9328960Z tests/test_keys.py::test_key_combinations[Key.F5-key_data10] PASSED      [ 22%]
2025-02-24T05:31:39.0922120Z tests/test_keys.py::test_key_combinations[Key.HOME-key_data11] PASSED    [ 22%]
2025-02-24T05:31:39.2536400Z tests/test_keys.py::test_key_combinations[<home><mod 1>-key_data12] PASSED [ 22%]
2025-02-24T05:31:39.4116450Z tests/test_keys.py::test_key_combinations[numpad:5<mod 1>-key_data13] PASSED [ 22%]
2025-02-24T05:31:39.5714100Z tests/test_keys.py::test_key_combinations[<mod 1>;-key_data14] PASSED    [ 22%]
2025-02-24T05:31:39.7341250Z tests/test_keys.py::test_key_combinations[<mod 1> -key_data15] PASSED    [ 23%]
2025-02-24T05:31:39.8969090Z tests/test_keys.py::test_key_combinations[<mod 1>'-key_data16] PASSED    [ 23%]
2025-02-24T05:31:40.0593800Z tests/test_keys.py::test_key_combinations[<mod 1>|-key_data17] PASSED    [ 23%]
2025-02-24T05:31:40.2236660Z tests/test_paths.py::test_app_paths[config] PASSED                       [ 23%]
2025-02-24T05:31:40.3829270Z tests/test_paths.py::test_app_paths[data] PASSED                         [ 23%]
2025-02-24T05:31:40.5397550Z tests/test_paths.py::test_app_paths[cache] PASSED                        [ 23%]
2025-02-24T05:31:40.7082000Z tests/test_paths.py::test_app_paths[logs] PASSED                         [ 24%]
2025-02-24T05:31:40.9217760Z tests/test_statusicons.py::test_add_remove PASSED                        [ 24%]
2025-02-24T05:31:41.0869600Z tests/test_statusicons.py::test_unknown_status_icon PASSED               [ 24%]
2025-02-24T05:31:41.3644910Z tests/test_statusicons.py::test_activate_button_icon PASSED              [ 24%]
2025-02-24T05:31:41.5258390Z tests/test_statusicons.py::test_activate_status_menu_item PASSED         [ 24%]
2025-02-24T05:31:41.7090950Z tests/widgets/test_activityindicator.py::test_enable_noop <- build/testbed/macos/app/Toga Testbed.app/Contents/Resources/app/tests/widgets/properties.py PASSED [ 24%]
2025-02-24T05:31:41.9498480Z tests/widgets/test_activityindicator.py::test_focus_noop <- build/testbed/macos/app/Toga Testbed.app/Contents/Resources/app/tests/widgets/properties.py PASSED [ 25%]
2025-02-24T05:31:42.1350670Z tests/widgets/test_activityindicator.py::test_cleanup <- build/testbed/macos/app/Toga Testbed.app/Contents/Resources/app/tests/widgets/conftest.py PASSED [ 25%]
2025-02-24T05:31:42.3201880Z tests/widgets/test_activityindicator.py::test_start_stop PASSED          [ 25%]
2025-02-24T05:31:42.4956700Z tests/widgets/test_activityindicator.py::test_fixed_square_widget_size PASSED [ 25%]
2025-02-24T05:31:42.6996790Z tests/widgets/test_base.py::test_visibility PASSED                       [ 25%]
2025-02-24T05:31:42.9073060Z tests/widgets/test_base.py::test_parenting PASSED                        [ 25%]
2025-02-24T05:31:43.0835090Z tests/widgets/test_base.py::test_tab_index PASSED                        [ 25%]
2025-02-24T05:31:43.2654460Z tests/widgets/test_box.py::test_background_color <- build/testbed/macos/app/Toga Testbed.app/Contents/Resources/app/tests/widgets/properties.py PASSED [ 26%]
2025-02-24T05:31:43.4488170Z tests/widgets/test_box.py::test_background_color_reset <- build/testbed/macos/app/Toga Testbed.app/Contents/Resources/app/tests/widgets/properties.py PASSED [ 26%]
2025-02-24T05:31:43.6290430Z tests/widgets/test_box.py::test_background_color_transparent <- build/testbed/macos/app/Toga Testbed.app/Contents/Resources/app/tests/widgets/properties.py PASSED [ 26%]
2025-02-24T05:31:43.8000090Z tests/widgets/test_box.py::test_enable_noop <- build/testbed/macos/app/Toga Testbed.app/Contents/Resources/app/tests/widgets/properties.py PASSED [ 26%]
2025-02-24T05:31:43.9721810Z tests/widgets/test_box.py::test_flex_widget_size <- build/testbed/macos/app/Toga Testbed.app/Contents/Resources/app/tests/widgets/properties.py PASSED [ 26%]
2025-02-24T05:31:44.1642760Z tests/widgets/test_box.py::test_focus_noop <- build/testbed/macos/app/Toga Testbed.app/Contents/Resources/app/tests/widgets/properties.py PASSED [ 26%]
2025-02-24T05:31:44.3521370Z tests/widgets/test_box.py::test_cleanup <- build/testbed/macos/app/Toga Testbed.app/Contents/Resources/app/tests/widgets/conftest.py PASSED [ 27%]
2025-02-24T05:31:44.5437140Z tests/widgets/test_button.py::test_background_color <- build/testbed/macos/app/Toga Testbed.app/Contents/Resources/app/tests/widgets/properties.py PASSED [ 27%]
2025-02-24T05:31:44.7217910Z tests/widgets/test_button.py::test_background_color_reset <- build/testbed/macos/app/Toga Testbed.app/Contents/Resources/app/tests/widgets/properties.py PASSED [ 27%]
2025-02-24T05:31:44.9019250Z tests/widgets/test_button.py::test_color <- build/testbed/macos/app/Toga Testbed.app/Contents/Resources/app/tests/widgets/properties.py XFAIL [ 27%]
2025-02-24T05:31:45.0949360Z tests/widgets/test_button.py::test_color_reset <- build/testbed/macos/app/Toga Testbed.app/Contents/Resources/app/tests/widgets/properties.py XFAIL [ 27%]
2025-02-24T05:31:45.2848640Z tests/widgets/test_button.py::test_enabled <- build/testbed/macos/app/Toga Testbed.app/Contents/Resources/app/tests/widgets/properties.py PASSED [ 27%]
2025-02-24T05:31:45.4879640Z tests/widgets/test_button.py::test_flex_horizontal_widget_size <- build/testbed/macos/app/Toga Testbed.app/Contents/Resources/app/tests/widgets/properties.py PASSED [ 28%]
2025-02-24T05:31:45.6902120Z tests/widgets/test_button.py::test_font <- build/testbed/macos/app/Toga Testbed.app/Contents/Resources/app/tests/widgets/properties.py PASSED [ 28%]
2025-02-24T05:31:45.8949780Z tests/widgets/test_button.py::test_font_attrs <- build/testbed/macos/app/Toga Testbed.app/Contents/Resources/app/tests/widgets/properties.py PASSED [ 28%]
2025-02-24T05:31:46.0828490Z tests/widgets/test_button.py::test_text_width_change <- build/testbed/macos/app/Toga Testbed.app/Contents/Resources/app/tests/widgets/properties.py PASSED [ 28%]
2025-02-24T05:31:46.3024600Z tests/widgets/test_button.py::test_focus <- build/testbed/macos/app/Toga Testbed.app/Contents/Resources/app/tests/widgets/properties.py PASSED [ 28%]
2025-02-24T05:31:46.4866920Z tests/widgets/test_button.py::test_cleanup <- build/testbed/macos/app/Toga Testbed.app/Contents/Resources/app/tests/widgets/conftest.py PASSED [ 28%]
2025-02-24T05:31:46.7144520Z tests/widgets/test_button.py::test_text PASSED                           [ 29%]
2025-02-24T05:31:46.9151630Z tests/widgets/test_button.py::test_icon PASSED                           [ 29%]
2025-02-24T05:31:47.3535140Z tests/widgets/test_button.py::test_press PASSED                          [ 29%]
2025-02-24T05:31:47.5285880Z tests/widgets/test_button.py::test_background_color_transparent PASSED   [ 29%]
2025-02-24T05:31:47.7528410Z tests/widgets/test_canvas.py::test_background_color <- build/testbed/macos/app/Toga Testbed.app/Contents/Resources/app/tests/widgets/properties.py PASSED [ 29%]
2025-02-24T05:31:47.9342050Z tests/widgets/test_canvas.py::test_background_color_reset <- build/testbed/macos/app/Toga Testbed.app/Contents/Resources/app/tests/widgets/properties.py PASSED [ 29%]
2025-02-24T05:31:48.1159800Z tests/widgets/test_canvas.py::test_background_color_transparent <- build/testbed/macos/app/Toga Testbed.app/Contents/Resources/app/tests/widgets/properties.py PASSED [ 30%]
2025-02-24T05:31:48.2954190Z tests/widgets/test_canvas.py::test_enable_noop <- build/testbed/macos/app/Toga Testbed.app/Contents/Resources/app/tests/widgets/properties.py PASSED [ 30%]
2025-02-24T05:31:48.4890470Z tests/widgets/test_canvas.py::test_flex_widget_size <- build/testbed/macos/app/Toga Testbed.app/Contents/Resources/app/tests/widgets/properties.py PASSED [ 30%]
2025-02-24T05:31:48.7046770Z tests/widgets/test_canvas.py::test_focus_noop <- build/testbed/macos/app/Toga Testbed.app/Contents/Resources/app/tests/widgets/properties.py PASSED [ 30%]
2025-02-24T05:31:48.9002720Z tests/widgets/test_canvas.py::test_cleanup <- build/testbed/macos/app/Toga Testbed.app/Contents/Resources/app/tests/widgets/conftest.py PASSED [ 30%]
2025-02-24T05:31:49.0832190Z tests/widgets/test_canvas.py::test_resize PASSED                         [ 30%]
2025-02-24T05:31:49.2979910Z tests/widgets/test_canvas.py::test_press PASSED                          [ 31%]
2025-02-24T05:31:49.4871550Z tests/widgets/test_canvas.py::test_activate PASSED                       [ 31%]
2025-02-24T05:31:49.6691800Z tests/widgets/test_canvas.py::test_drag PASSED                           [ 31%]
2025-02-24T05:31:49.8521940Z tests/widgets/test_canvas.py::test_alt_press PASSED                      [ 31%]
2025-02-24T05:31:50.0383910Z tests/widgets/test_canvas.py::test_alt_drag PASSED                       [ 31%]
2025-02-24T05:31:50.2683630Z tests/widgets/test_canvas.py::test_image_data PASSED                     [ 31%]
2025-02-24T05:31:50.6046830Z tests/widgets/test_canvas.py::test_transparency PASSED                   [ 32%]
2025-02-24T05:31:50.9408390Z tests/widgets/test_canvas.py::test_paths PASSED                          [ 32%]
2025-02-24T05:31:51.2743320Z tests/widgets/test_canvas.py::test_bezier_curve PASSED                   [ 32%]
2025-02-24T05:31:51.6083400Z tests/widgets/test_canvas.py::test_quadratic_curve PASSED                [ 32%]
2025-02-24T05:31:51.9449610Z tests/widgets/test_canvas.py::test_arc PASSED                            [ 32%]
2025-02-24T05:31:52.2904980Z tests/widgets/test_canvas.py::test_ellipse PASSED                        [ 32%]
2025-02-24T05:31:52.6276870Z tests/widgets/test_canvas.py::test_ellipse_path PASSED                   [ 33%]
2025-02-24T05:31:52.9611010Z tests/widgets/test_canvas.py::test_rect PASSED                           [ 33%]
2025-02-24T05:31:53.2930330Z tests/widgets/test_canvas.py::test_fill PASSED                           [ 33%]
2025-02-24T05:31:53.6317890Z tests/widgets/test_canvas.py::test_stroke PASSED                         [ 33%]
2025-02-24T05:31:53.9701540Z tests/widgets/test_canvas.py::test_closed_path_context PASSED            [ 33%]
2025-02-24T05:31:54.3052430Z tests/widgets/test_canvas.py::test_fill_context PASSED                   [ 33%]
2025-02-24T05:31:54.6421510Z tests/widgets/test_canvas.py::test_stroke_context PASSED                 [ 34%]
2025-02-24T05:31:54.9830180Z tests/widgets/test_canvas.py::test_transforms PASSED                     [ 34%]
2025-02-24T05:31:55.3607330Z tests/widgets/test_canvas.py::test_write_text PASSED                     [ 34%]
2025-02-24T05:31:55.7243540Z tests/widgets/test_canvas.py::test_multiline_text PASSED                 [ 34%]
2025-02-24T05:31:55.8967970Z tests/widgets/test_dateinput.py::test_background_color <- build/testbed/macos/app/Toga Testbed.app/Contents/Resources/app/tests/widgets/properties.py SKIPPED [ 34%]
2025-02-24T05:31:56.0711270Z tests/widgets/test_dateinput.py::test_background_color_reset <- build/testbed/macos/app/Toga Testbed.app/Contents/Resources/app/tests/widgets/properties.py SKIPPED [ 34%]
2025-02-24T05:31:56.2356680Z tests/widgets/test_dateinput.py::test_background_color_transparent <- build/testbed/macos/app/Toga Testbed.app/Contents/Resources/app/tests/widgets/properties.py SKIPPED [ 35%]
2025-02-24T05:31:56.4052940Z tests/widgets/test_dateinput.py::test_color <- build/testbed/macos/app/Toga Testbed.app/Contents/Resources/app/tests/widgets/properties.py SKIPPED [ 35%]
2025-02-24T05:31:56.5676180Z tests/widgets/test_dateinput.py::test_color_reset <- build/testbed/macos/app/Toga Testbed.app/Contents/Resources/app/tests/widgets/properties.py SKIPPED [ 35%]
2025-02-24T05:31:56.7296540Z tests/widgets/test_dateinput.py::test_enabled <- build/testbed/macos/app/Toga Testbed.app/Contents/Resources/app/tests/widgets/properties.py SKIPPED [ 35%]
2025-02-24T05:31:56.8939740Z tests/widgets/test_dateinput.py::test_flex_horizontal_widget_size <- build/testbed/macos/app/Toga Testbed.app/Contents/Resources/app/tests/widgets/properties.py SKIPPED [ 35%]
2025-02-24T05:31:57.0664980Z tests/widgets/test_dateinput.py::test_cleanup <- build/testbed/macos/app/Toga Testbed.app/Contents/Resources/app/tests/widgets/conftest.py SKIPPED [ 35%]
2025-02-24T05:31:57.2028930Z tests/widgets/test_dateinput.py::test_init SKIPPED (not yet implemented
2025-02-24T05:31:57.2331820Z on macOS)                                                                [ 36%]
2025-02-24T05:31:57.3788330Z tests/widgets/test_dateinput.py::test_value SKIPPED (not yet implemented
2025-02-24T05:31:57.4108790Z on macOS)                                                                [ 36%]
2025-02-24T05:31:57.5508350Z tests/widgets/test_dateinput.py::test_change SKIPPED (not yet
2025-02-24T05:31:57.5808420Z implemented on macOS)                                                    [ 36%]
2025-02-24T05:31:57.7171340Z tests/widgets/test_dateinput.py::test_min SKIPPED (not yet implemented
2025-02-24T05:31:57.7452230Z on macOS)                                                                [ 36%]
2025-02-24T05:31:57.8875100Z tests/widgets/test_dateinput.py::test_max SKIPPED (not yet implemented
2025-02-24T05:31:57.9155460Z on macOS)                                                                [ 36%]
2025-02-24T05:31:58.2512550Z tests/widgets/test_detailedlist.py::test_enable_noop <- build/testbed/macos/app/Toga Testbed.app/Contents/Resources/app/tests/widgets/properties.py PASSED [ 36%]
2025-02-24T05:31:58.5641950Z tests/widgets/test_detailedlist.py::test_flex_widget_size <- build/testbed/macos/app/Toga Testbed.app/Contents/Resources/app/tests/widgets/properties.py PASSED [ 37%]
2025-02-24T05:31:58.8599060Z tests/widgets/test_detailedlist.py::test_focus_noop <- build/testbed/macos/app/Toga Testbed.app/Contents/Resources/app/tests/widgets/properties.py PASSED [ 37%]
2025-02-24T05:31:59.0687770Z tests/widgets/test_detailedlist.py::test_cleanup <- build/testbed/macos/app/Toga Testbed.app/Contents/Resources/app/tests/widgets/conftest.py PASSED [ 37%]
2025-02-24T05:31:59.3360790Z tests/widgets/test_detailedlist.py::test_scroll PASSED                   [ 37%]
2025-02-24T05:32:00.0124110Z tests/widgets/test_detailedlist.py::test_select PASSED                   [ 37%]
2025-02-24T05:32:00.2958550Z tests/widgets/test_detailedlist.py::test_row_changes PASSED              [ 37%]
2025-02-24T05:32:01.1668900Z tests/widgets/test_detailedlist.py::test_refresh PASSED                  [ 38%]
2025-02-24T05:32:03.6257400Z tests/widgets/test_detailedlist.py::test_actions PASSED                  [ 38%]
2025-02-24T05:32:03.8328760Z tests/widgets/test_divider.py::test_enable_noop <- build/testbed/macos/app/Toga Testbed.app/Contents/Resources/app/tests/widgets/properties.py PASSED [ 38%]
2025-02-24T05:32:04.0926450Z tests/widgets/test_divider.py::test_focus_noop <- build/testbed/macos/app/Toga Testbed.app/Contents/Resources/app/tests/widgets/properties.py PASSED [ 38%]
2025-02-24T05:32:04.3296410Z tests/widgets/test_divider.py::test_cleanup <- build/testbed/macos/app/Toga Testbed.app/Contents/Resources/app/tests/widgets/conftest.py PASSED [ 38%]
2025-02-24T05:32:04.5377570Z tests/widgets/test_divider.py::test_directions PASSED                    [ 38%]
2025-02-24T05:32:04.7633670Z tests/widgets/test_imageview.py::test_background_color <- build/testbed/macos/app/Toga Testbed.app/Contents/Resources/app/tests/widgets/properties.py PASSED [ 39%]
2025-02-24T05:32:04.9582940Z tests/widgets/test_imageview.py::test_background_color_reset <- build/testbed/macos/app/Toga Testbed.app/Contents/Resources/app/tests/widgets/properties.py PASSED [ 39%]
2025-02-24T05:32:05.1615460Z tests/widgets/test_imageview.py::test_background_color_transparent <- build/testbed/macos/app/Toga Testbed.app/Contents/Resources/app/tests/widgets/properties.py PASSED [ 39%]
2025-02-24T05:32:05.3506790Z tests/widgets/test_imageview.py::test_enable_noop <- build/testbed/macos/app/Toga Testbed.app/Contents/Resources/app/tests/widgets/properties.py PASSED [ 39%]
2025-02-24T05:32:05.5752470Z tests/widgets/test_imageview.py::test_focus_noop <- build/testbed/macos/app/Toga Testbed.app/Contents/Resources/app/tests/widgets/properties.py PASSED [ 39%]
2025-02-24T05:32:05.7855230Z tests/widgets/test_imageview.py::test_cleanup <- build/testbed/macos/app/Toga Testbed.app/Contents/Resources/app/tests/widgets/conftest.py PASSED [ 39%]
2025-02-24T05:32:05.9835730Z tests/widgets/test_imageview.py::test_implicit_size PASSED               [ 40%]
2025-02-24T05:32:06.1896270Z tests/widgets/test_imageview.py::test_explicit_width PASSED              [ 40%]
2025-02-24T05:32:06.3868180Z tests/widgets/test_imageview.py::test_explicit_height PASSED             [ 40%]
2025-02-24T05:32:06.5822030Z tests/widgets/test_imageview.py::test_explicit_size PASSED               [ 40%]
2025-02-24T05:32:06.7763070Z tests/widgets/test_label.py::test_background_color <- build/testbed/macos/app/Toga Testbed.app/Contents/Resources/app/tests/widgets/properties.py PASSED [ 40%]
2025-02-24T05:32:06.9641050Z tests/widgets/test_label.py::test_background_color_reset <- build/testbed/macos/app/Toga Testbed.app/Contents/Resources/app/tests/widgets/properties.py PASSED [ 40%]
2025-02-24T05:32:07.1510710Z tests/widgets/test_label.py::test_background_color_transparent <- build/testbed/macos/app/Toga Testbed.app/Contents/Resources/app/tests/widgets/properties.py PASSED [ 41%]
2025-02-24T05:32:07.3401080Z tests/widgets/test_label.py::test_color <- build/testbed/macos/app/Toga Testbed.app/Contents/Resources/app/tests/widgets/properties.py PASSED [ 41%]
2025-02-24T05:32:07.5312140Z tests/widgets/test_label.py::test_color_reset <- build/testbed/macos/app/Toga Testbed.app/Contents/Resources/app/tests/widgets/properties.py PASSED [ 41%]
2025-02-24T05:32:07.7270870Z tests/widgets/test_label.py::test_enabled <- build/testbed/macos/app/Toga Testbed.app/Contents/Resources/app/tests/widgets/properties.py PASSED [ 41%]
2025-02-24T05:32:07.9243280Z tests/widgets/test_label.py::test_flex_horizontal_widget_size <- build/testbed/macos/app/Toga Testbed.app/Contents/Resources/app/tests/widgets/properties.py PASSED [ 41%]
2025-02-24T05:32:08.1353040Z tests/widgets/test_label.py::test_focus_noop <- build/testbed/macos/app/Toga Testbed.app/Contents/Resources/app/tests/widgets/properties.py PASSED [ 41%]
2025-02-24T05:32:08.3255550Z tests/widgets/test_label.py::test_font <- build/testbed/macos/app/Toga Testbed.app/Contents/Resources/app/tests/widgets/properties.py PASSED [ 42%]
2025-02-24T05:32:08.5353220Z tests/widgets/test_label.py::test_font_attrs <- build/testbed/macos/app/Toga Testbed.app/Contents/Resources/app/tests/widgets/properties.py PASSED [ 42%]
2025-02-24T05:32:08.7480470Z tests/widgets/test_label.py::test_text <- build/testbed/macos/app/Toga Testbed.app/Contents/Resources/app/tests/widgets/properties.py PASSED [ 42%]
2025-02-24T05:32:08.9346770Z tests/widgets/test_label.py::test_text_align <- build/testbed/macos/app/Toga Testbed.app/Contents/Resources/app/tests/widgets/properties.py PASSED [ 42%]
2025-02-24T05:32:09.1217260Z tests/widgets/test_label.py::test_text_width_change <- build/testbed/macos/app/Toga Testbed.app/Contents/Resources/app/tests/widgets/properties.py PASSED [ 42%]
2025-02-24T05:32:09.3304030Z tests/widgets/test_label.py::test_cleanup <- build/testbed/macos/app/Toga Testbed.app/Contents/Resources/app/tests/widgets/conftest.py PASSED [ 42%]
2025-02-24T05:32:09.5271230Z tests/widgets/test_label.py::test_multiline PASSED                       [ 43%]
2025-02-24T05:32:12.3931270Z === Messages dropped during live streaming (use `log show` to see what they were)
2025-02-24T05:32:12.3936600Z === Messages dropped during live streaming (use `log show` to see what they were)
2025-02-24T05:32:12.3940220Z === Messages dropped during live streaming (use `log show` to see what they were)
2025-02-24T05:32:12.3943610Z === Messages dropped during live streaming (use `log show` to see what they were)
2025-02-24T05:32:12.3950440Z tests/widgets/test_mapview.py::test_focus <- build/testbed/macos/app/Toga Testbed.app/Contents/Resources/app/tests/widgets/properties.py PASSED [ 43%]
2025-02-24T05:32:12.6267270Z tests/widgets/test_mapview.py::test_cleanup <- build/testbed/macos/app/Toga Testbed.app/Contents/Resources/app/tests/widgets/conftest.py PASSED [ 43%]
2025-02-24T05:32:17.1302130Z tests/widgets/test_mapview.py::test_location PASSED                      [ 43%]
2025-02-24T05:32:26.5649360Z tests/widgets/test_mapview.py::test_zoom PASSED                          [ 43%]
2025-02-24T05:32:30.4848080Z tests/widgets/test_mapview.py::test_add_pins PASSED                      [ 44%]
2025-02-24T05:32:33.3844810Z tests/widgets/test_mapview.py::test_select_pin PASSED                    [ 44%]
2025-02-24T05:32:33.6810600Z tests/widgets/test_multilinetextinput.py::test_background_color <- build/testbed/macos/app/Toga Testbed.app/Contents/Resources/app/tests/widgets/properties.py PASSED [ 44%]
2025-02-24T05:32:33.8795970Z tests/widgets/test_multilinetextinput.py::test_background_color_reset <- build/testbed/macos/app/Toga Testbed.app/Contents/Resources/app/tests/widgets/properties.py PASSED [ 44%]
2025-02-24T05:32:34.0886340Z tests/widgets/test_multilinetextinput.py::test_background_color_transparent <- build/testbed/macos/app/Toga Testbed.app/Contents/Resources/app/tests/widgets/properties.py PASSED [ 44%]
2025-02-24T05:32:34.2923360Z tests/widgets/test_multilinetextinput.py::test_color <- build/testbed/macos/app/Toga Testbed.app/Contents/Resources/app/tests/widgets/properties.py PASSED [ 44%]
2025-02-24T05:32:34.4895510Z tests/widgets/test_multilinetextinput.py::test_color_reset <- build/testbed/macos/app/Toga Testbed.app/Contents/Resources/app/tests/widgets/properties.py PASSED [ 45%]
2025-02-24T05:32:34.6824290Z tests/widgets/test_multilinetextinput.py::test_enabled <- build/testbed/macos/app/Toga Testbed.app/Contents/Resources/app/tests/widgets/properties.py PASSED [ 45%]
2025-02-24T05:32:34.9058450Z tests/widgets/test_multilinetextinput.py::test_flex_widget_size <- build/testbed/macos/app/Toga Testbed.app/Contents/Resources/app/tests/widgets/properties.py PASSED [ 45%]
2025-02-24T05:32:35.1459440Z tests/widgets/test_multilinetextinput.py::test_focus <- build/testbed/macos/app/Toga Testbed.app/Contents/Resources/app/tests/widgets/properties.py PASSED [ 45%]
2025-02-24T05:32:35.3519460Z tests/widgets/test_multilinetextinput.py::test_font <- build/testbed/macos/app/Toga Testbed.app/Contents/Resources/app/tests/widgets/properties.py PASSED [ 45%]
2025-02-24T05:32:35.5697890Z tests/widgets/test_multilinetextinput.py::test_font_attrs <- build/testbed/macos/app/Toga Testbed.app/Contents/Resources/app/tests/widgets/properties.py PASSED [ 45%]
2025-02-24T05:32:35.7845700Z tests/widgets/test_multilinetextinput.py::test_placeholder <- build/testbed/macos/app/Toga Testbed.app/Contents/Resources/app/tests/widgets/properties.py PASSED [ 46%]
2025-02-24T05:32:36.0080690Z tests/widgets/test_multilinetextinput.py::test_placeholder_color <- build/testbed/macos/app/Toga Testbed.app/Contents/Resources/app/tests/widgets/properties.py PASSED [ 46%]
2025-02-24T05:32:36.2866100Z tests/widgets/test_multilinetextinput.py::test_placeholder_focus <- build/testbed/macos/app/Toga Testbed.app/Contents/Resources/app/tests/widgets/properties.py PASSED [ 46%]
2025-02-24T05:32:36.4826710Z tests/widgets/test_multilinetextinput.py::test_readonly <- build/testbed/macos/app/Toga Testbed.app/Contents/Resources/app/tests/widgets/properties.py PASSED [ 46%]
2025-02-24T05:32:36.6801000Z tests/widgets/test_multilinetextinput.py::test_text_align <- build/testbed/macos/app/Toga Testbed.app/Contents/Resources/app/tests/widgets/properties.py PASSED [ 46%]
2025-02-24T05:32:36.9083280Z tests/widgets/test_multilinetextinput.py::test_text_value <- build/testbed/macos/app/Toga Testbed.app/Contents/Resources/app/tests/widgets/properties.py PASSED [ 46%]
2025-02-24T05:32:37.1482650Z tests/widgets/test_multilinetextinput.py::test_on_change_focus[True-] <- build/testbed/macos/app/Toga Testbed.app/Contents/Resources/app/tests/widgets/test_textinput.py PASSED [ 47%]
2025-02-24T05:32:37.3747850Z tests/widgets/test_multilinetextinput.py::test_on_change_focus[True-placeholder] <- build/testbed/macos/app/Toga Testbed.app/Contents/Resources/app/tests/widgets/test_textinput.py PASSED [ 47%]
2025-02-24T05:32:37.6292210Z tests/widgets/test_multilinetextinput.py::test_on_change_focus[False-] <- build/testbed/macos/app/Toga Testbed.app/Contents/Resources/app/tests/widgets/test_textinput.py PASSED [ 47%]
2025-02-24T05:32:37.8645860Z tests/widgets/test_multilinetextinput.py::test_on_change_focus[False-placeholder] <- build/testbed/macos/app/Toga Testbed.app/Contents/Resources/app/tests/widgets/test_textinput.py PASSED [ 47%]
2025-02-24T05:32:38.0942250Z tests/widgets/test_multilinetextinput.py::test_on_change_programmatic[True-] <- build/testbed/macos/app/Toga Testbed.app/Contents/Resources/app/tests/widgets/test_textinput.py PASSED [ 47%]
2025-02-24T05:32:38.3151100Z tests/widgets/test_multilinetextinput.py::test_on_change_programmatic[True-placeholder] <- build/testbed/macos/app/Toga Testbed.app/Contents/Resources/app/tests/widgets/test_textinput.py PASSED [ 47%]
2025-02-24T05:32:38.5428900Z tests/widgets/test_multilinetextinput.py::test_on_change_programmatic[False-] <- build/testbed/macos/app/Toga Testbed.app/Contents/Resources/app/tests/widgets/test_textinput.py PASSED [ 48%]
2025-02-24T05:32:38.7656570Z tests/widgets/test_multilinetextinput.py::test_on_change_programmatic[False-placeholder] <- build/testbed/macos/app/Toga Testbed.app/Contents/Resources/app/tests/widgets/test_textinput.py PASSED [ 48%]
2025-02-24T05:32:39.0210300Z tests/widgets/test_multilinetextinput.py::test_on_change_user <- build/testbed/macos/app/Toga Testbed.app/Contents/Resources/app/tests/widgets/test_textinput.py PASSED [ 48%]
2025-02-24T05:32:39.3247050Z tests/widgets/test_multilinetextinput.py::test_undo_redo <- build/testbed/macos/app/Toga Testbed.app/Contents/Resources/app/tests/widgets/test_textinput.py PASSED [ 48%]
2025-02-24T05:32:39.5304680Z tests/widgets/test_multilinetextinput.py::test_value_not_hidden <- build/testbed/macos/app/Toga Testbed.app/Contents/Resources/app/tests/widgets/test_textinput.py PASSED [ 48%]
2025-02-24T05:32:39.7409910Z tests/widgets/test_multilinetextinput.py::test_cleanup <- build/testbed/macos/app/Toga Testbed.app/Contents/Resources/app/tests/widgets/conftest.py PASSED [ 48%]
2025-02-24T05:32:39.9646130Z tests/widgets/test_multilinetextinput.py::test_scroll_position PASSED    [ 49%]
2025-02-24T05:32:40.2125330Z tests/widgets/test_numberinput.py::test_background_color <- build/testbed/macos/app/Toga Testbed.app/Contents/Resources/app/tests/widgets/properties.py PASSED [ 49%]
2025-02-24T05:32:40.4129670Z tests/widgets/test_numberinput.py::test_background_color_reset <- build/testbed/macos/app/Toga Testbed.app/Contents/Resources/app/tests/widgets/properties.py PASSED [ 49%]
2025-02-24T05:32:40.6134340Z tests/widgets/test_numberinput.py::test_background_color_transparent <- build/testbed/macos/app/Toga Testbed.app/Contents/Resources/app/tests/widgets/properties.py PASSED [ 49%]
2025-02-24T05:32:40.8055190Z tests/widgets/test_numberinput.py::test_color <- build/testbed/macos/app/Toga Testbed.app/Contents/Resources/app/tests/widgets/properties.py PASSED [ 49%]
2025-02-24T05:32:41.0046760Z tests/widgets/test_numberinput.py::test_color_reset <- build/testbed/macos/app/Toga Testbed.app/Contents/Resources/app/tests/widgets/properties.py PASSED [ 49%]
2025-02-24T05:32:41.2123750Z tests/widgets/test_numberinput.py::test_enabled <- build/testbed/macos/app/Toga Testbed.app/Contents/Resources/app/tests/widgets/properties.py PASSED [ 50%]
2025-02-24T05:32:41.4169570Z tests/widgets/test_numberinput.py::test_flex_horizontal_widget_size <- build/testbed/macos/app/Toga Testbed.app/Contents/Resources/app/tests/widgets/properties.py PASSED [ 50%]
2025-02-24T05:32:41.6634780Z tests/widgets/test_numberinput.py::test_focus <- build/testbed/macos/app/Toga Testbed.app/Contents/Resources/app/tests/widgets/properties.py PASSED [ 50%]
2025-02-24T05:32:41.8656600Z tests/widgets/test_numberinput.py::test_font <- build/testbed/macos/app/Toga Testbed.app/Contents/Resources/app/tests/widgets/properties.py PASSED [ 50%]
2025-02-24T05:32:42.0772040Z tests/widgets/test_numberinput.py::test_font_attrs <- build/testbed/macos/app/Toga Testbed.app/Contents/Resources/app/tests/widgets/properties.py PASSED [ 50%]
2025-02-24T05:32:42.2868390Z tests/widgets/test_numberinput.py::test_readonly <- build/testbed/macos/app/Toga Testbed.app/Contents/Resources/app/tests/widgets/properties.py PASSED [ 50%]
2025-02-24T05:32:42.5102080Z tests/widgets/test_numberinput.py::test_text_align <- build/testbed/macos/app/Toga Testbed.app/Contents/Resources/app/tests/widgets/properties.py PASSED [ 50%]
2025-02-24T05:32:42.7467280Z tests/widgets/test_numberinput.py::test_cleanup <- build/testbed/macos/app/Toga Testbed.app/Contents/Resources/app/tests/widgets/conftest.py PASSED [ 51%]
2025-02-24T05:32:42.9971670Z tests/widgets/test_numberinput.py::test_on_change_handler PASSED         [ 51%]
2025-02-24T05:32:43.2407030Z tests/widgets/test_numberinput.py::test_focus_value_clipping PASSED      [ 51%]
2025-02-24T05:32:43.4397440Z tests/widgets/test_numberinput.py::test_value PASSED                     [ 51%]
2025-02-24T05:32:43.7129320Z tests/widgets/test_numberinput.py::test_increment_decrement PASSED       [ 51%]
2025-02-24T05:32:44.0270760Z tests/widgets/test_numberinput.py::test_undo_redo PASSED                 [ 51%]
2025-02-24T05:32:44.2634000Z tests/widgets/test_optioncontainer.py::test_enable_noop <- build/testbed/macos/app/Toga Testbed.app/Contents/Resources/app/tests/widgets/properties.py PASSED [ 52%]
2025-02-24T05:32:44.5112780Z tests/widgets/test_optioncontainer.py::test_flex_widget_size <- build/testbed/macos/app/Toga Testbed.app/Contents/Resources/app/tests/widgets/properties.py PASSED [ 52%]
2025-02-24T05:32:44.7480420Z tests/widgets/test_optioncontainer.py::test_focus_noop <- build/testbed/macos/app/Toga Testbed.app/Contents/Resources/app/tests/widgets/properties.py PASSED [ 52%]
2025-02-24T05:32:44.9609170Z tests/widgets/test_optioncontainer.py::test_cleanup <- build/testbed/macos/app/Toga Testbed.app/Contents/Resources/app/tests/widgets/conftest.py PASSED [ 52%]
2025-02-24T05:32:45.1787610Z tests/widgets/test_optioncontainer.py::test_select_tab PASSED            [ 52%]
2025-02-24T05:32:45.4509090Z tests/widgets/test_optioncontainer.py::test_select_tab_overflow PASSED   [ 52%]
2025-02-24T05:32:45.6801600Z tests/widgets/test_optioncontainer.py::test_enable_tab PASSED            [ 53%]
2025-02-24T05:32:45.9283320Z tests/widgets/test_optioncontainer.py::test_change_content PASSED        [ 53%]
2025-02-24T05:32:46.1693720Z tests/widgets/test_passwordinput.py::test_background_color <- build/testbed/macos/app/Toga Testbed.app/Contents/Resources/app/tests/widgets/properties.py PASSED [ 53%]
2025-02-24T05:32:46.3758510Z tests/widgets/test_passwordinput.py::test_background_color_reset <- build/testbed/macos/app/Toga Testbed.app/Contents/Resources/app/tests/widgets/properties.py PASSED [ 53%]
2025-02-24T05:32:46.5841290Z tests/widgets/test_passwordinput.py::test_background_color_transparent <- build/testbed/macos/app/Toga Testbed.app/Contents/Resources/app/tests/widgets/properties.py PASSED [ 53%]
2025-02-24T05:32:46.7977120Z tests/widgets/test_passwordinput.py::test_color <- build/testbed/macos/app/Toga Testbed.app/Contents/Resources/app/tests/widgets/properties.py PASSED [ 53%]
2025-02-24T05:32:47.0091110Z tests/widgets/test_passwordinput.py::test_color_reset <- build/testbed/macos/app/Toga Testbed.app/Contents/Resources/app/tests/widgets/properties.py PASSED [ 54%]
2025-02-24T05:32:47.2330790Z tests/widgets/test_passwordinput.py::test_enabled <- build/testbed/macos/app/Toga Testbed.app/Contents/Resources/app/tests/widgets/properties.py PASSED [ 54%]
2025-02-24T05:32:47.4426660Z tests/widgets/test_passwordinput.py::test_flex_horizontal_widget_size <- build/testbed/macos/app/Toga Testbed.app/Contents/Resources/app/tests/widgets/properties.py PASSED [ 54%]
2025-02-24T05:32:47.7333630Z tests/widgets/test_passwordinput.py::test_focus <- build/testbed/macos/app/Toga Testbed.app/Contents/Resources/app/tests/widgets/properties.py PASSED [ 54%]
2025-02-24T05:32:47.9625090Z tests/widgets/test_passwordinput.py::test_font <- build/testbed/macos/app/Toga Testbed.app/Contents/Resources/app/tests/widgets/properties.py PASSED [ 54%]
2025-02-24T05:32:48.2308670Z tests/widgets/test_passwordinput.py::test_font_attrs <- build/testbed/macos/app/Toga Testbed.app/Contents/Resources/app/tests/widgets/properties.py PASSED [ 54%]
2025-02-24T05:32:48.4594970Z tests/widgets/test_passwordinput.py::test_placeholder <- build/testbed/macos/app/Toga Testbed.app/Contents/Resources/app/tests/widgets/properties.py PASSED [ 55%]
2025-02-24T05:32:48.6787740Z tests/widgets/test_passwordinput.py::test_placeholder_color <- build/testbed/macos/app/Toga Testbed.app/Contents/Resources/app/tests/widgets/properties.py PASSED [ 55%]
2025-02-24T05:32:48.9983430Z tests/widgets/test_passwordinput.py::test_placeholder_focus <- build/testbed/macos/app/Toga Testbed.app/Contents/Resources/app/tests/widgets/properties.py PASSED [ 55%]
2025-02-24T05:32:49.2115130Z tests/widgets/test_passwordinput.py::test_readonly <- build/testbed/macos/app/Toga Testbed.app/Contents/Resources/app/tests/widgets/properties.py PASSED [ 55%]
2025-02-24T05:32:49.4214230Z tests/widgets/test_passwordinput.py::test_text_align <- build/testbed/macos/app/Toga Testbed.app/Contents/Resources/app/tests/widgets/properties.py PASSED [ 55%]
2025-02-24T05:32:49.6847480Z tests/widgets/test_passwordinput.py::test_on_change_focus[True-] <- build/testbed/macos/app/Toga Testbed.app/Contents/Resources/app/tests/widgets/test_textinput.py PASSED [ 55%]
2025-02-24T05:32:49.9410240Z tests/widgets/test_passwordinput.py::test_on_change_focus[True-placeholder] <- build/testbed/macos/app/Toga Testbed.app/Contents/Resources/app/tests/widgets/test_textinput.py PASSED [ 56%]
2025-02-24T05:32:50.2146940Z tests/widgets/test_passwordinput.py::test_on_change_focus[False-] <- build/testbed/macos/app/Toga Testbed.app/Contents/Resources/app/tests/widgets/test_textinput.py PASSED [ 56%]
2025-02-24T05:32:50.5101470Z tests/widgets/test_passwordinput.py::test_on_change_focus[False-placeholder] <- build/testbed/macos/app/Toga Testbed.app/Contents/Resources/app/tests/widgets/test_textinput.py PASSED [ 56%]
2025-02-24T05:32:50.7613920Z tests/widgets/test_passwordinput.py::test_on_change_programmatic[True-] <- build/testbed/macos/app/Toga Testbed.app/Contents/Resources/app/tests/widgets/test_textinput.py PASSED [ 56%]
2025-02-24T05:32:50.9980740Z tests/widgets/test_passwordinput.py::test_on_change_programmatic[True-placeholder] <- build/testbed/macos/app/Toga Testbed.app/Contents/Resources/app/tests/widgets/test_textinput.py PASSED [ 56%]
2025-02-24T05:32:51.2349610Z tests/widgets/test_passwordinput.py::test_on_change_programmatic[False-] <- build/testbed/macos/app/Toga Testbed.app/Contents/Resources/app/tests/widgets/test_textinput.py PASSED [ 56%]
2025-02-24T05:32:51.4653070Z tests/widgets/test_passwordinput.py::test_on_change_programmatic[False-placeholder] <- build/testbed/macos/app/Toga Testbed.app/Contents/Resources/app/tests/widgets/test_textinput.py PASSED [ 57%]
2025-02-24T05:32:51.7400190Z tests/widgets/test_passwordinput.py::test_on_change_user <- build/testbed/macos/app/Toga Testbed.app/Contents/Resources/app/tests/widgets/test_textinput.py PASSED [ 57%]
2025-02-24T05:32:51.9978610Z tests/widgets/test_passwordinput.py::test_on_confirm <- build/testbed/macos/app/Toga Testbed.app/Contents/Resources/app/tests/widgets/test_textinput.py PASSED [ 57%]
2025-02-24T05:32:52.2228330Z tests/widgets/test_passwordinput.py::test_text_value <- build/testbed/macos/app/Toga Testbed.app/Contents/Resources/app/tests/widgets/test_textinput.py PASSED [ 57%]
2025-02-24T05:32:52.5602540Z tests/widgets/test_passwordinput.py::test_undo_redo <- build/testbed/macos/app/Toga Testbed.app/Contents/Resources/app/tests/widgets/test_textinput.py PASSED [ 57%]
2025-02-24T05:32:52.8331670Z tests/widgets/test_passwordinput.py::test_validation <- build/testbed/macos/app/Toga Testbed.app/Contents/Resources/app/tests/widgets/test_textinput.py PASSED [ 57%]
2025-02-24T05:32:53.0606640Z tests/widgets/test_passwordinput.py::test_cleanup <- build/testbed/macos/app/Toga Testbed.app/Contents/Resources/app/tests/widgets/conftest.py PASSED [ 58%]
2025-02-24T05:32:53.2828060Z tests/widgets/test_passwordinput.py::test_value_hidden PASSED            [ 58%]
2025-02-24T05:32:53.4865670Z tests/widgets/test_progressbar.py::test_enable_noop <- build/testbed/macos/app/Toga Testbed.app/Contents/Resources/app/tests/widgets/properties.py PASSED [ 58%]
2025-02-24T05:32:53.6801610Z tests/widgets/test_progressbar.py::test_flex_horizontal_widget_size <- build/testbed/macos/app/Toga Testbed.app/Contents/Resources/app/tests/widgets/properties.py PASSED [ 58%]
2025-02-24T05:32:53.9083110Z tests/widgets/test_progressbar.py::test_focus <- build/testbed/macos/app/Toga Testbed.app/Contents/Resources/app/tests/widgets/properties.py PASSED [ 58%]
2025-02-24T05:32:54.1318940Z tests/widgets/test_progressbar.py::test_cleanup <- build/testbed/macos/app/Toga Testbed.app/Contents/Resources/app/tests/widgets/conftest.py PASSED [ 58%]
2025-02-24T05:32:54.3336470Z tests/widgets/test_progressbar.py::test_start_stop_determinate PASSED    [ 59%]
2025-02-24T05:32:54.5440360Z tests/widgets/test_progressbar.py::test_start_stop_indeterminate PASSED  [ 59%]
2025-02-24T05:32:54.7476380Z tests/widgets/test_progressbar.py::test_animation_starts_on_max_change PASSED [ 59%]
2025-02-24T05:32:54.9444740Z tests/widgets/test_progressbar.py::test_position_change_on_max_change PASSED [ 59%]
2025-02-24T05:32:55.4190260Z tests/widgets/test_scrollcontainer.py::test_background_color <- build/testbed/macos/app/Toga Testbed.app/Contents/Resources/app/tests/widgets/properties.py PASSED [ 59%]
2025-02-24T05:32:55.8985760Z tests/widgets/test_scrollcontainer.py::test_background_color_reset <- build/testbed/macos/app/Toga Testbed.app/Contents/Resources/app/tests/widgets/properties.py PASSED [ 59%]
2025-02-24T05:32:56.3426830Z tests/widgets/test_scrollcontainer.py::test_background_color_transparent <- build/testbed/macos/app/Toga Testbed.app/Contents/Resources/app/tests/widgets/properties.py PASSED [ 60%]
2025-02-24T05:32:56.8024700Z tests/widgets/test_scrollcontainer.py::test_enable_noop <- build/testbed/macos/app/Toga Testbed.app/Contents/Resources/app/tests/widgets/properties.py PASSED [ 60%]
2025-02-24T05:32:57.5568200Z tests/widgets/test_scrollcontainer.py::test_flex_widget_size <- build/testbed/macos/app/Toga Testbed.app/Contents/Resources/app/tests/widgets/properties.py PASSED [ 60%]
2025-02-24T05:32:58.0690750Z tests/widgets/test_scrollcontainer.py::test_focus_noop <- build/testbed/macos/app/Toga Testbed.app/Contents/Resources/app/tests/widgets/properties.py PASSED [ 60%]
2025-02-24T05:32:58.2923280Z tests/widgets/test_scrollcontainer.py::test_cleanup <- build/testbed/macos/app/Toga Testbed.app/Contents/Resources/app/tests/widgets/conftest.py PASSED [ 60%]
2025-02-24T05:32:58.7681780Z tests/widgets/test_scrollcontainer.py::test_clear_content PASSED         [ 60%]
2025-02-24T05:32:59.4617310Z tests/widgets/test_scrollcontainer.py::test_margin PASSED                [ 61%]
2025-02-24T05:33:00.1442510Z tests/widgets/test_scrollcontainer.py::test_enable_horizontal_scrolling PASSED [ 61%]
2025-02-24T05:33:00.8150120Z tests/widgets/test_scrollcontainer.py::test_enable_vertical_scrolling PASSED [ 61%]
2025-02-24T05:33:01.2665580Z tests/widgets/test_scrollcontainer.py::test_vertical_scroll PASSED       [ 61%]
2025-02-24T05:33:01.7449910Z tests/widgets/test_scrollcontainer.py::test_vertical_scroll_small_content PASSED [ 61%]
2025-02-24T05:33:02.2302220Z tests/widgets/test_scrollcontainer.py::test_horizontal_scroll PASSED     [ 61%]
2025-02-24T05:33:02.6932890Z tests/widgets/test_scrollcontainer.py::test_horizontal_scroll_small_content PASSED [ 62%]
2025-02-24T05:33:03.1729040Z tests/widgets/test_scrollcontainer.py::test_scroll_both PASSED           [ 62%]
2025-02-24T05:33:03.6800220Z tests/widgets/test_scrollcontainer.py::test_manual_scroll PASSED         [ 62%]
2025-02-24T05:33:04.2820410Z tests/widgets/test_scrollcontainer.py::test_no_content PASSED            [ 62%]
2025-02-24T05:33:04.4971190Z tests/widgets/test_selection.py::test_background_color <- build/testbed/macos/app/Toga Testbed.app/Contents/Resources/app/tests/widgets/properties.py XFAIL [ 62%]
2025-02-24T05:33:04.6951100Z tests/widgets/test_selection.py::test_background_color_reset <- build/testbed/macos/app/Toga Testbed.app/Contents/Resources/app/tests/widgets/properties.py XFAIL [ 62%]
2025-02-24T05:33:04.8950390Z tests/widgets/test_selection.py::test_background_color_transparent <- build/testbed/macos/app/Toga Testbed.app/Contents/Resources/app/tests/widgets/properties.py XFAIL [ 63%]
2025-02-24T05:33:05.1077130Z tests/widgets/test_selection.py::test_color <- build/testbed/macos/app/Toga Testbed.app/Contents/Resources/app/tests/widgets/properties.py XFAIL [ 63%]
2025-02-24T05:33:05.3282790Z tests/widgets/test_selection.py::test_color_reset <- build/testbed/macos/app/Toga Testbed.app/Contents/Resources/app/tests/widgets/properties.py XFAIL [ 63%]
2025-02-24T05:33:05.5513740Z tests/widgets/test_selection.py::test_enabled <- build/testbed/macos/app/Toga Testbed.app/Contents/Resources/app/tests/widgets/properties.py PASSED [ 63%]
2025-02-24T05:33:05.7910770Z tests/widgets/test_selection.py::test_flex_horizontal_widget_size <- build/testbed/macos/app/Toga Testbed.app/Contents/Resources/app/tests/widgets/properties.py PASSED [ 63%]
2025-02-24T05:33:06.0120370Z tests/widgets/test_selection.py::test_font <- build/testbed/macos/app/Toga Testbed.app/Contents/Resources/app/tests/widgets/properties.py XFAIL [ 63%]
2025-02-24T05:33:06.2364080Z tests/widgets/test_selection.py::test_font_attrs <- build/testbed/macos/app/Toga Testbed.app/Contents/Resources/app/tests/widgets/properties.py XFAIL [ 64%]
2025-02-24T05:33:06.4515620Z tests/widgets/test_selection.py::test_text_align <- build/testbed/macos/app/Toga Testbed.app/Contents/Resources/app/tests/widgets/properties.py XFAIL [ 64%]
2025-02-24T05:33:06.7026670Z tests/widgets/test_selection.py::test_focus <- build/testbed/macos/app/Toga Testbed.app/Contents/Resources/app/tests/widgets/properties.py PASSED [ 64%]
2025-02-24T05:33:06.9354800Z tests/widgets/test_selection.py::test_cleanup <- build/testbed/macos/app/Toga Testbed.app/Contents/Resources/app/tests/widgets/conftest.py PASSED [ 64%]
2025-02-24T05:33:07.1857490Z tests/widgets/test_selection.py::test_item_titles PASSED                 [ 64%]
2025-02-24T05:33:07.5235030Z tests/widgets/test_selection.py::test_selection_change PASSED            [ 64%]
2025-02-24T05:33:07.7710600Z tests/widgets/test_selection.py::test_source_changes PASSED              [ 65%]
2025-02-24T05:33:08.0034700Z tests/widgets/test_selection.py::test_resize_on_content_change PASSED    [ 65%]
2025-02-24T05:33:08.2645570Z tests/widgets/test_slider.py::test_enabled <- build/testbed/macos/app/Toga Testbed.app/Contents/Resources/app/tests/widgets/properties.py PASSED [ 65%]
2025-02-24T05:33:08.4899090Z tests/widgets/test_slider.py::test_flex_horizontal_widget_size <- build/testbed/macos/app/Toga Testbed.app/Contents/Resources/app/tests/widgets/properties.py PASSED [ 65%]
2025-02-24T05:33:08.7299140Z tests/widgets/test_slider.py::test_focus <- build/testbed/macos/app/Toga Testbed.app/Contents/Resources/app/tests/widgets/properties.py PASSED [ 65%]
2025-02-24T05:33:08.9540450Z tests/widgets/test_slider.py::test_cleanup <- build/testbed/macos/app/Toga Testbed.app/Contents/Resources/app/tests/widgets/conftest.py PASSED [ 65%]
2025-02-24T05:33:09.1573650Z tests/widgets/test_slider.py::test_init PASSED                           [ 66%]
2025-02-24T05:33:09.3543960Z tests/widgets/test_slider.py::test_init_handlers PASSED                  [ 66%]
2025-02-24T05:33:09.6202740Z tests/widgets/test_slider.py::test_value PASSED                          [ 66%]
2025-02-24T05:33:10.0214470Z tests/widgets/test_slider.py::test_change PASSED                         [ 66%]
2025-02-24T05:33:10.2409810Z tests/widgets/test_slider.py::test_min PASSED                            [ 66%]
2025-02-24T05:33:10.4747180Z tests/widgets/test_slider.py::test_max PASSED                            [ 66%]
2025-02-24T05:33:10.7465100Z tests/widgets/test_slider.py::test_ticks PASSED                          [ 67%]
2025-02-24T05:33:10.9839070Z tests/widgets/test_slider.py::test_value_with_ticks PASSED               [ 67%]
2025-02-24T05:33:11.2255280Z tests/widgets/test_slider.py::test_range_with_ticks PASSED               [ 67%]
2025-02-24T05:33:11.4559280Z tests/widgets/test_slider.py::test_press_release[press] PASSED           [ 67%]
2025-02-24T05:33:11.6769100Z tests/widgets/test_slider.py::test_press_release[release] PASSED         [ 67%]
2025-02-24T05:33:11.9339290Z tests/widgets/test_splitcontainer.py::test_enable_noop <- build/testbed/macos/app/Toga Testbed.app/Contents/Resources/app/tests/widgets/properties.py PASSED [ 67%]
2025-02-24T05:33:12.2262640Z tests/widgets/test_splitcontainer.py::test_flex_widget_size <- build/testbed/macos/app/Toga Testbed.app/Contents/Resources/app/tests/widgets/properties.py PASSED [ 68%]
2025-02-24T05:33:12.4928750Z tests/widgets/test_splitcontainer.py::test_focus_noop <- build/testbed/macos/app/Toga Testbed.app/Contents/Resources/app/tests/widgets/properties.py PASSED [ 68%]
2025-02-24T05:33:12.7250390Z tests/widgets/test_splitcontainer.py::test_cleanup <- build/testbed/macos/app/Toga Testbed.app/Contents/Resources/app/tests/widgets/conftest.py PASSED [ 68%]
2025-02-24T05:33:13.3033730Z tests/widgets/test_splitcontainer.py::test_set_content PASSED            [ 68%]
2025-02-24T05:33:13.8797640Z tests/widgets/test_splitcontainer.py::test_set_direction PASSED          [ 68%]
2025-02-24T05:33:14.3619580Z tests/widgets/test_splitcontainer.py::test_move_splitter PASSED          [ 68%]
2025-02-24T05:33:14.6074240Z tests/widgets/test_switch.py::test_color <- build/testbed/macos/app/Toga Testbed.app/Contents/Resources/app/tests/widgets/properties.py XFAIL [ 69%]
2025-02-24T05:33:14.8294760Z tests/widgets/test_switch.py::test_color_reset <- build/testbed/macos/app/Toga Testbed.app/Contents/Resources/app/tests/widgets/properties.py XFAIL [ 69%]
2025-02-24T05:33:15.0617870Z tests/widgets/test_switch.py::test_enabled <- build/testbed/macos/app/Toga Testbed.app/Contents/Resources/app/tests/widgets/properties.py PASSED [ 69%]
2025-02-24T05:33:15.3067840Z tests/widgets/test_switch.py::test_flex_horizontal_widget_size <- build/testbed/macos/app/Toga Testbed.app/Contents/Resources/app/tests/widgets/properties.py PASSED [ 69%]
2025-02-24T05:33:15.5395420Z tests/widgets/test_switch.py::test_font <- build/testbed/macos/app/Toga Testbed.app/Contents/Resources/app/tests/widgets/properties.py PASSED [ 69%]
2025-02-24T05:33:15.7935990Z tests/widgets/test_switch.py::test_font_attrs <- build/testbed/macos/app/Toga Testbed.app/Contents/Resources/app/tests/widgets/properties.py PASSED [ 69%]
2025-02-24T05:33:16.0137510Z tests/widgets/test_switch.py::test_text_width_change <- build/testbed/macos/app/Toga Testbed.app/Contents/Resources/app/tests/widgets/properties.py PASSED [ 70%]
2025-02-24T05:33:16.2721060Z tests/widgets/test_switch.py::test_focus <- build/testbed/macos/app/Toga Testbed.app/Contents/Resources/app/tests/widgets/properties.py PASSED [ 70%]
2025-02-24T05:33:16.4939490Z tests/widgets/test_switch.py::test_cleanup <- build/testbed/macos/app/Toga Testbed.app/Contents/Resources/app/tests/widgets/conftest.py PASSED [ 70%]
2025-02-24T05:33:16.7497120Z tests/widgets/test_switch.py::test_text PASSED                           [ 70%]
2025-02-24T05:33:17.2058840Z tests/widgets/test_switch.py::test_press PASSED                          [ 70%]
2025-02-24T05:33:17.4081890Z tests/widgets/test_switch.py::test_change_value PASSED                   [ 70%]
2025-02-24T05:33:17.8431440Z tests/widgets/test_table.py::test_background_color <- build/testbed/macos/app/Toga Testbed.app/Contents/Resources/app/tests/widgets/properties.py PASSED [ 71%]
2025-02-24T05:33:18.2299610Z tests/widgets/test_table.py::test_background_color_reset <- build/testbed/macos/app/Toga Testbed.app/Contents/Resources/app/tests/widgets/properties.py PASSED [ 71%]
2025-02-24T05:33:18.6030260Z tests/widgets/test_table.py::test_enable_noop <- build/testbed/macos/app/Toga Testbed.app/Contents/Resources/app/tests/widgets/properties.py PASSED [ 71%]
2025-02-24T05:33:19.0478470Z tests/widgets/test_table.py::test_flex_widget_size <- build/testbed/macos/app/Toga Testbed.app/Contents/Resources/app/tests/widgets/properties.py PASSED [ 71%]
2025-02-24T05:33:19.4373470Z tests/widgets/test_table.py::test_focus_noop <- build/testbed/macos/app/Toga Testbed.app/Contents/Resources/app/tests/widgets/properties.py PASSED [ 71%]
2025-02-24T05:33:19.7924090Z tests/widgets/test_table.py::test_font <- build/testbed/macos/app/Toga Testbed.app/Contents/Resources/app/tests/widgets/properties.py SKIPPED [ 71%]
2025-02-24T05:33:20.0450050Z tests/widgets/test_table.py::test_cleanup <- build/testbed/macos/app/Toga Testbed.app/Contents/Resources/app/tests/widgets/conftest.py PASSED [ 72%]
2025-02-24T05:33:20.5912050Z tests/widgets/test_table.py::test_scroll PASSED                          [ 72%]
2025-02-24T05:33:21.2399940Z tests/widgets/test_table.py::test_keyboard_navigation PASSED             [ 72%]
2025-02-24T05:33:22.2536800Z tests/widgets/test_table.py::test_select PASSED                          [ 72%]
2025-02-24T05:33:23.0775370Z tests/widgets/test_table.py::test_activate PASSED                        [ 72%]
2025-02-24T05:33:24.1787040Z tests/widgets/test_table.py::test_multiselect PASSED                     [ 72%]
2025-02-24T05:33:24.6884000Z tests/widgets/test_table.py::test_row_changes PASSED                     [ 73%]
2025-02-24T05:33:25.1863050Z tests/widgets/test_table.py::test_headerless_row_changes PASSED          [ 73%]
2025-02-24T05:33:25.8350470Z tests/widgets/test_table.py::test_column_changes PASSED                  [ 73%]
2025-02-24T05:33:26.4342450Z tests/widgets/test_table.py::test_headerless_column_changes PASSED       [ 73%]
2025-02-24T05:33:26.8315180Z tests/widgets/test_table.py::test_remove_all_columns PASSED              [ 73%]
2025-02-24T05:33:27.3283940Z tests/widgets/test_table.py::test_cell_icon PASSED                       [ 73%]
2025-02-24T05:33:27.9778090Z tests/widgets/test_table.py::test_cell_widget PASSED                     [ 74%]
2025-02-24T05:33:28.2123710Z tests/widgets/test_textinput.py::test_background_color <- build/testbed/macos/app/Toga Testbed.app/Contents/Resources/app/tests/widgets/properties.py PASSED [ 74%]
2025-02-24T05:33:28.4274300Z tests/widgets/test_textinput.py::test_background_color_reset <- build/testbed/macos/app/Toga Testbed.app/Contents/Resources/app/tests/widgets/properties.py PASSED [ 74%]
2025-02-24T05:33:28.6416400Z tests/widgets/test_textinput.py::test_background_color_transparent <- build/testbed/macos/app/Toga Testbed.app/Contents/Resources/app/tests/widgets/properties.py PASSED [ 74%]
2025-02-24T05:33:28.8692480Z tests/widgets/test_textinput.py::test_color <- build/testbed/macos/app/Toga Testbed.app/Contents/Resources/app/tests/widgets/properties.py PASSED [ 74%]
2025-02-24T05:33:29.0812440Z tests/widgets/test_textinput.py::test_color_reset <- build/testbed/macos/app/Toga Testbed.app/Contents/Resources/app/tests/widgets/properties.py PASSED [ 74%]
2025-02-24T05:33:29.3009690Z tests/widgets/test_textinput.py::test_enabled <- build/testbed/macos/app/Toga Testbed.app/Contents/Resources/app/tests/widgets/properties.py PASSED [ 75%]
2025-02-24T05:33:29.5173610Z tests/widgets/test_textinput.py::test_flex_horizontal_widget_size <- build/testbed/macos/app/Toga Testbed.app/Contents/Resources/app/tests/widgets/properties.py PASSED [ 75%]
2025-02-24T05:33:29.8145830Z tests/widgets/test_textinput.py::test_focus <- build/testbed/macos/app/Toga Testbed.app/Contents/Resources/app/tests/widgets/properties.py PASSED [ 75%]
2025-02-24T05:33:30.0587050Z tests/widgets/test_textinput.py::test_font <- build/testbed/macos/app/Toga Testbed.app/Contents/Resources/app/tests/widgets/properties.py PASSED [ 75%]
2025-02-24T05:33:30.2883730Z tests/widgets/test_textinput.py::test_font_attrs <- build/testbed/macos/app/Toga Testbed.app/Contents/Resources/app/tests/widgets/properties.py PASSED [ 75%]
2025-02-24T05:33:30.5246770Z tests/widgets/test_textinput.py::test_placeholder <- build/testbed/macos/app/Toga Testbed.app/Contents/Resources/app/tests/widgets/properties.py PASSED [ 75%]
2025-02-24T05:33:30.7490940Z tests/widgets/test_textinput.py::test_placeholder_color <- build/testbed/macos/app/Toga Testbed.app/Contents/Resources/app/tests/widgets/properties.py PASSED [ 75%]
2025-02-24T05:33:31.0633690Z tests/widgets/test_textinput.py::test_placeholder_focus <- build/testbed/macos/app/Toga Testbed.app/Contents/Resources/app/tests/widgets/properties.py PASSED [ 76%]
2025-02-24T05:33:31.2892250Z tests/widgets/test_textinput.py::test_readonly <- build/testbed/macos/app/Toga Testbed.app/Contents/Resources/app/tests/widgets/properties.py PASSED [ 76%]
2025-02-24T05:33:31.5139410Z tests/widgets/test_textinput.py::test_text_align <- build/testbed/macos/app/Toga Testbed.app/Contents/Resources/app/tests/widgets/properties.py PASSED [ 76%]
2025-02-24T05:33:31.7738720Z tests/widgets/test_textinput.py::test_cleanup <- build/testbed/macos/app/Toga Testbed.app/Contents/Resources/app/tests/widgets/conftest.py PASSED [ 76%]
2025-02-24T05:33:31.9989320Z tests/widgets/test_textinput.py::test_value_not_hidden PASSED            [ 76%]
2025-02-24T05:33:32.2619850Z tests/widgets/test_textinput.py::test_on_change_programmatic[True-] PASSED [ 76%]
2025-02-24T05:33:32.5058730Z tests/widgets/test_textinput.py::test_on_change_programmatic[True-placeholder] PASSED [ 77%]
2025-02-24T05:33:32.7520000Z tests/widgets/test_textinput.py::test_on_change_programmatic[False-] PASSED [ 77%]
2025-02-24T05:33:33.0029780Z tests/widgets/test_textinput.py::test_on_change_programmatic[False-placeholder] PASSED [ 77%]
2025-02-24T05:33:33.3137810Z tests/widgets/test_textinput.py::test_on_change_user PASSED              [ 77%]
2025-02-24T05:33:33.5916010Z tests/widgets/test_textinput.py::test_on_change_focus[True-] PASSED      [ 77%]
2025-02-24T05:33:33.8586260Z tests/widgets/test_textinput.py::test_on_change_focus[True-placeholder] PASSED [ 77%]
2025-02-24T05:33:34.1264170Z tests/widgets/test_textinput.py::test_on_change_focus[False-] PASSED     [ 78%]
2025-02-24T05:33:34.3941450Z tests/widgets/test_textinput.py::test_on_change_focus[False-placeholder] PASSED [ 78%]
2025-02-24T05:33:34.6497090Z tests/widgets/test_textinput.py::test_on_confirm PASSED                  [ 78%]
2025-02-24T05:33:34.8819240Z tests/widgets/test_textinput.py::test_validation PASSED                  [ 78%]
2025-02-24T05:33:35.1139000Z tests/widgets/test_textinput.py::test_text_value PASSED                  [ 78%]
2025-02-24T05:33:35.4591000Z tests/widgets/test_textinput.py::test_undo_redo PASSED                   [ 78%]
2025-02-24T05:33:35.6652890Z tests/widgets/test_timeinput.py::test_background_color <- build/testbed/macos/app/Toga Testbed.app/Contents/Resources/app/tests/widgets/properties.py SKIPPED [ 79%]
2025-02-24T05:33:35.8646660Z tests/widgets/test_timeinput.py::test_background_color_reset <- build/testbed/macos/app/Toga Testbed.app/Contents/Resources/app/tests/widgets/properties.py SKIPPED [ 79%]
2025-02-24T05:33:36.0669200Z tests/widgets/test_timeinput.py::test_background_color_transparent <- build/testbed/macos/app/Toga Testbed.app/Contents/Resources/app/tests/widgets/properties.py SKIPPED [ 79%]
2025-02-24T05:33:36.2623050Z tests/widgets/test_timeinput.py::test_color <- build/testbed/macos/app/Toga Testbed.app/Contents/Resources/app/tests/widgets/properties.py SKIPPED [ 79%]
2025-02-24T05:33:36.4621480Z tests/widgets/test_timeinput.py::test_color_reset <- build/testbed/macos/app/Toga Testbed.app/Contents/Resources/app/tests/widgets/properties.py SKIPPED [ 79%]
2025-02-24T05:33:36.6682410Z tests/widgets/test_timeinput.py::test_enabled <- build/testbed/macos/app/Toga Testbed.app/Contents/Resources/app/tests/widgets/properties.py SKIPPED [ 79%]
2025-02-24T05:33:36.8632990Z tests/widgets/test_timeinput.py::test_flex_horizontal_widget_size <- build/testbed/macos/app/Toga Testbed.app/Contents/Resources/app/tests/widgets/properties.py SKIPPED [ 80%]
2025-02-24T05:33:37.0575980Z tests/widgets/test_timeinput.py::test_max <- build/testbed/macos/app/Toga Testbed.app/Contents/Resources/app/tests/widgets/test_dateinput.py SKIPPED [ 80%]
2025-02-24T05:33:37.2536900Z tests/widgets/test_timeinput.py::test_min <- build/testbed/macos/app/Toga Testbed.app/Contents/Resources/app/tests/widgets/test_dateinput.py SKIPPED [ 80%]
2025-02-24T05:33:37.4492070Z tests/widgets/test_timeinput.py::test_value <- build/testbed/macos/app/Toga Testbed.app/Contents/Resources/app/tests/widgets/test_dateinput.py SKIPPED [ 80%]
2025-02-24T05:33:37.6450420Z tests/widgets/test_timeinput.py::test_cleanup <- build/testbed/macos/app/Toga Testbed.app/Contents/Resources/app/tests/widgets/conftest.py SKIPPED [ 80%]
2025-02-24T05:33:37.7977930Z tests/widgets/test_timeinput.py::test_init SKIPPED (not yet implemented
2025-02-24T05:33:37.8399440Z on macOS)                                                                [ 80%]
2025-02-24T05:33:37.9942580Z tests/widgets/test_timeinput.py::test_change SKIPPED (not yet
2025-02-24T05:33:38.0414020Z implemented on macOS)                                                    [ 81%]
2025-02-24T05:33:38.4433180Z tests/widgets/test_tree.py::test_background_color <- build/testbed/macos/app/Toga Testbed.app/Contents/Resources/app/tests/widgets/properties.py PASSED [ 81%]
2025-02-24T05:33:38.7801330Z tests/widgets/test_tree.py::test_background_color_reset <- build/testbed/macos/app/Toga Testbed.app/Contents/Resources/app/tests/widgets/properties.py PASSED [ 81%]
2025-02-24T05:33:39.1296120Z tests/widgets/test_tree.py::test_enable_noop <- build/testbed/macos/app/Toga Testbed.app/Contents/Resources/app/tests/widgets/properties.py PASSED [ 81%]
2025-02-24T05:33:39.4969270Z tests/widgets/test_tree.py::test_flex_widget_size <- build/testbed/macos/app/Toga Testbed.app/Contents/Resources/app/tests/widgets/properties.py PASSED [ 81%]
2025-02-24T05:33:39.8566630Z tests/widgets/test_tree.py::test_focus_noop <- build/testbed/macos/app/Toga Testbed.app/Contents/Resources/app/tests/widgets/properties.py PASSED [ 81%]
2025-02-24T05:33:40.2041250Z tests/widgets/test_tree.py::test_font <- build/testbed/macos/app/Toga Testbed.app/Contents/Resources/app/tests/widgets/properties.py SKIPPED [ 82%]
2025-02-24T05:33:40.4452560Z tests/widgets/test_tree.py::test_cleanup <- build/testbed/macos/app/Toga Testbed.app/Contents/Resources/app/tests/widgets/conftest.py PASSED [ 82%]
2025-02-24T05:33:41.8345220Z tests/widgets/test_tree.py::test_select PASSED                           [ 82%]
2025-02-24T05:33:42.5603080Z tests/widgets/test_tree.py::test_expand_collapse PASSED                  [ 82%]
2025-02-24T05:33:43.6017420Z tests/widgets/test_tree.py::test_activate PASSED                         [ 82%]
2025-02-24T05:33:45.1062330Z tests/widgets/test_tree.py::test_multiselect PASSED                      [ 82%]
2025-02-24T05:33:45.7110440Z tests/widgets/test_tree.py::test_row_changes PASSED                      [ 83%]
2025-02-24T05:33:46.3306530Z tests/widgets/test_tree.py::test_headerless_row_changes PASSED           [ 83%]
2025-02-24T05:33:46.8668510Z tests/widgets/test_tree.py::test_column_changes PASSED                   [ 83%]
2025-02-24T05:33:47.3395100Z tests/widgets/test_tree.py::test_headerless_column_changes PASSED        [ 83%]
2025-02-24T05:33:47.9352740Z tests/widgets/test_tree.py::test_cell_icon PASSED                        [ 83%]
2025-02-24T05:33:48.5675650Z tests/widgets/test_tree.py::test_cell_widget PASSED                      [ 83%]
2025-02-24T05:33:49.2826960Z tests/widgets/test_webview.py::test_flex_widget_size <- build/testbed/macos/app/Toga Testbed.app/Contents/Resources/app/tests/widgets/properties.py PASSED [ 84%]
2025-02-24T05:33:49.6145420Z tests/widgets/test_webview.py::test_focus <- build/testbed/macos/app/Toga Testbed.app/Contents/Resources/app/tests/widgets/properties.py PASSED [ 84%]
2025-02-24T05:33:49.8834860Z tests/widgets/test_webview.py::test_cleanup <- build/testbed/macos/app/Toga Testbed.app/Contents/Resources/app/tests/widgets/conftest.py PASSED [ 84%]
2025-02-24T05:33:53.0067180Z tests/widgets/test_webview.py::test_set_url PASSED                       [ 84%]
2025-02-24T05:33:54.9704480Z tests/widgets/test_webview.py::test_clear_url PASSED                     [ 84%]
2025-02-24T05:33:56.8592910Z tests/widgets/test_webview.py::test_load_empty_url PASSED                [ 84%]
2025-02-24T05:33:59.0112170Z tests/widgets/test_webview.py::test_load_url PASSED                      [ 85%]
2025-02-24T05:34:00.9694830Z tests/widgets/test_webview.py::test_static_content PASSED                [ 85%]
2025-02-24T05:34:01.2135790Z tests/widgets/test_webview.py::test_user_agent PASSED                    [ 85%]
2025-02-24T05:34:03.1308330Z tests/widgets/test_webview.py::test_evaluate_javascript PASSED           [ 85%]
2025-02-24T05:34:05.1216870Z tests/widgets/test_webview.py::test_evaluate_javascript_no_handler PASSED [ 85%]
2025-02-24T05:34:07.0578700Z tests/widgets/test_webview.py::test_evaluate_javascript_error PASSED     [ 85%]
2025-02-24T05:34:08.9373900Z tests/widgets/test_webview.py::test_evaluate_javascript_error_without_handler PASSED [ 86%]
2025-02-24T05:34:11.1679900Z === Messages dropped during live streaming (use `log show` to see what they were)
2025-02-24T05:34:11.1685080Z tests/widgets/test_webview.py::test_dom_storage_enabled PASSED           [ 86%]
2025-02-24T05:34:14.0465640Z tests/widgets/test_webview.py::test_retrieve_cookies PASSED              [ 86%]
2025-02-24T05:34:14.8466960Z tests/window/test_dialogs.py::test_info_dialog PASSED                    [ 86%]
2025-02-24T05:34:15.6197660Z tests/window/test_dialogs.py::test_question_dialog[False] PASSED         [ 86%]
2025-02-24T05:34:16.4035460Z tests/window/test_dialogs.py::test_question_dialog[True] PASSED          [ 86%]
2025-02-24T05:34:17.1767690Z tests/window/test_dialogs.py::test_confirm_dialog[False] PASSED          [ 87%]
2025-02-24T05:34:17.9553870Z tests/window/test_dialogs.py::test_confirm_dialog[True] PASSED           [ 87%]
2025-02-24T05:34:18.7336630Z tests/window/test_dialogs.py::test_error_dialog PASSED                   [ 87%]
2025-02-24T05:34:19.5152650Z tests/window/test_dialogs.py::test_stack_trace_dialog[None] PASSED       [ 87%]
2025-02-24T05:34:20.3024330Z tests/window/test_dialogs.py::test_stack_trace_dialog[False] PASSED      [ 87%]
2025-02-24T05:34:21.0867920Z tests/window/test_dialogs.py::test_stack_trace_dialog[True] PASSED       [ 87%]
2025-02-24T05:34:22.0261720Z tests/window/test_dialogs.py::test_save_file_dialog[/path/to/file.txt-None-result0] PASSED [ 88%]
2025-02-24T05:34:22.9037670Z tests/window/test_dialogs.py::test_save_file_dialog[/path/to/file.txt-None-None] PASSED [ 88%]
2025-02-24T05:34:23.7714680Z tests/window/test_dialogs.py::test_save_file_dialog[/path/to/file.txt-file_types2-result2] PASSED [ 88%]
2025-02-24T05:34:24.6402820Z tests/window/test_dialogs.py::test_save_file_dialog[/path/to/file.txt-file_types3-None] PASSED [ 88%]
2025-02-24T05:34:25.5123640Z tests/window/test_dialogs.py::test_open_file_dialog[initial_directory0-None-False-result0] PASSED [ 88%]
2025-02-24T05:34:26.4034940Z tests/window/test_dialogs.py::test_open_file_dialog[initial_directory1-None-False-None] PASSED [ 88%]
2025-02-24T05:34:27.2625240Z tests/window/test_dialogs.py::test_open_file_dialog[None-None-False-result2] PASSED [ 89%]
2025-02-24T05:34:28.1562130Z tests/window/test_dialogs.py::test_open_file_dialog[initial_directory3-file_types3-False-result3] PASSED [ 89%]
2025-02-24T05:34:29.0674460Z tests/window/test_dialogs.py::test_open_file_dialog[initial_directory4-None-True-result4] PASSED [ 89%]
2025-02-24T05:34:29.9692730Z tests/window/test_dialogs.py::test_open_file_dialog[initial_directory5-None-True-result5] PASSED [ 89%]
2025-02-24T05:34:30.8836700Z tests/window/test_dialogs.py::test_open_file_dialog[initial_directory6-None-True-None] PASSED [ 89%]
2025-02-24T05:34:31.8558810Z tests/window/test_dialogs.py::test_open_file_dialog[None-None-True-result7] PASSED [ 89%]
2025-02-24T05:34:32.7183230Z tests/window/test_dialogs.py::test_open_file_dialog[initial_directory8-file_types8-True-result8] PASSED [ 90%]
2025-02-24T05:34:33.6192070Z tests/window/test_dialogs.py::test_select_folder_dialog[initial_directory0-False-result0] PASSED [ 90%]
2025-02-24T05:34:34.5147440Z tests/window/test_dialogs.py::test_select_folder_dialog[initial_directory1-False-None] PASSED [ 90%]
2025-02-24T05:34:35.3867470Z tests/window/test_dialogs.py::test_select_folder_dialog[None-False-result2] PASSED [ 90%]
2025-02-24T05:34:36.2764680Z tests/window/test_dialogs.py::test_select_folder_dialog[initial_directory3-True-result3] PASSED [ 90%]
2025-02-24T05:34:37.1453330Z tests/window/test_dialogs.py::test_select_folder_dialog[initial_directory4-True-result4] PASSED [ 90%]
2025-02-24T05:34:37.9952320Z tests/window/test_dialogs.py::test_select_folder_dialog[initial_directory5-True-None] PASSED [ 91%]
2025-02-24T05:34:38.5462810Z tests/window/test_window.py::test_title PASSED                           [ 91%]
2025-02-24T05:34:38.9958150Z tests/window/test_window.py::test_secondary_window[Window-second_window_kwargs0] PASSED [ 91%]
2025-02-24T05:34:39.7707180Z tests/window/test_window.py::test_secondary_window_with_args[Window-second_window_kwargs0] PASSED [ 91%]
2025-02-24T05:34:40.1030460Z tests/window/test_window.py::test_secondary_window_with_content PASSED   [ 91%]
2025-02-24T05:34:40.3911370Z tests/window/test_window.py::test_secondary_window_cleanup PASSED        [ 91%]
2025-02-24T05:34:40.7651310Z tests/window/test_window.py::test_secondary_window_toolbar[MainWindow-second_window_kwargs0] PASSED [ 92%]
2025-02-24T05:34:41.2087810Z tests/window/test_window.py::test_non_resizable[Window-second_window_kwargs0] PASSED [ 92%]
2025-02-24T05:34:41.8861950Z tests/window/test_window.py::test_non_closable[Window-second_window_kwargs0] PASSED [ 92%]
2025-02-24T05:34:42.3440130Z tests/window/test_window.py::test_non_minimizable[Window-second_window_kwargs0] PASSED [ 92%]
2025-02-24T05:34:44.8358520Z tests/window/test_window.py::test_visibility[Window-second_window_kwargs0] PASSED [ 92%]
2025-02-24T05:34:46.2688860Z tests/window/test_window.py::test_move_and_resize[Window-second_window_kwargs0] PASSED [ 92%]
2025-02-24T05:34:47.5589390Z tests/window/test_window.py::test_window_state_change[MainWindow-second_window_kwargs0-WindowState.NORMAL-WindowState.MINIMIZED] PASSED [ 93%]
2025-02-24T05:34:49.1261140Z tests/window/test_window.py::test_window_state_change[MainWindow-second_window_kwargs0-WindowState.NORMAL-WindowState.MAXIMIZED] PASSED [ 93%]
2025-02-24T05:34:50.4649950Z tests/window/test_window.py::test_window_state_change[MainWindow-second_window_kwargs0-WindowState.NORMAL-WindowState.FULLSCREEN] PASSED [ 93%]
2025-02-24T05:34:52.2127980Z tests/window/test_window.py::test_window_state_change[MainWindow-second_window_kwargs0-WindowState.NORMAL-WindowState.PRESENTATION] PASSED [ 93%]
2025-02-24T05:34:53.0609660Z tests/window/test_window.py::test_window_state_change[MainWindow-second_window_kwargs0-WindowState.NORMAL-WindowState.NORMAL] PASSED [ 93%]
2025-02-24T05:34:54.7249590Z tests/window/test_window.py::test_window_state_change[MainWindow-second_window_kwargs0-WindowState.MINIMIZED-WindowState.NORMAL] PASSED [ 93%]
2025-02-24T05:34:56.7520360Z tests/window/test_window.py::test_window_state_change[MainWindow-second_window_kwargs0-WindowState.MINIMIZED-WindowState.MAXIMIZED] PASSED [ 94%]
2025-02-24T05:34:59.0712460Z tests/window/test_window.py::test_window_state_change[MainWindow-second_window_kwargs0-WindowState.MINIMIZED-WindowState.FULLSCREEN] PASSED [ 94%]
2025-02-24T05:35:01.6912970Z tests/window/test_window.py::test_window_state_change[MainWindow-second_window_kwargs0-WindowState.MINIMIZED-WindowState.PRESENTATION] PASSED [ 94%]
2025-02-24T05:35:02.9620470Z tests/window/test_window.py::test_window_state_change[MainWindow-second_window_kwargs0-WindowState.MINIMIZED-WindowState.MINIMIZED] PASSED [ 94%]
2025-02-24T05:35:04.9106700Z tests/window/test_window.py::test_window_state_change[MainWindow-second_window_kwargs0-WindowState.MAXIMIZED-WindowState.NORMAL] PASSED [ 94%]
2025-02-24T05:35:06.8854560Z tests/window/test_window.py::test_window_state_change[MainWindow-second_window_kwargs0-WindowState.MAXIMIZED-WindowState.MINIMIZED] PASSED [ 94%]
2025-02-24T05:35:09.3371660Z tests/window/test_window.py::test_window_state_change[MainWindow-second_window_kwargs0-WindowState.MAXIMIZED-WindowState.FULLSCREEN] PASSED [ 95%]
2025-02-24T05:35:11.7878720Z tests/window/test_window.py::test_window_state_change[MainWindow-second_window_kwargs0-WindowState.MAXIMIZED-WindowState.PRESENTATION] PASSED [ 95%]
2025-02-24T05:35:12.9326760Z tests/window/test_window.py::test_window_state_change[MainWindow-second_window_kwargs0-WindowState.MAXIMIZED-WindowState.MAXIMIZED] PASSED [ 95%]
2025-02-24T05:35:14.7946320Z tests/window/test_window.py::test_window_state_change[MainWindow-second_window_kwargs0-WindowState.FULLSCREEN-WindowState.NORMAL] PASSED [ 95%]
2025-02-24T05:35:17.1421640Z tests/window/test_window.py::test_window_state_change[MainWindow-second_window_kwargs0-WindowState.FULLSCREEN-WindowState.MINIMIZED] PASSED [ 95%]
2025-02-24T05:35:19.7008930Z tests/window/test_window.py::test_window_state_change[MainWindow-second_window_kwargs0-WindowState.FULLSCREEN-WindowState.MAXIMIZED] PASSED [ 95%]
2025-02-24T05:35:21.5371150Z tests/window/test_window.py::test_window_state_change[MainWindow-second_window_kwargs0-WindowState.FULLSCREEN-WindowState.PRESENTATION] PASSED [ 96%]
2025-02-24T05:35:22.8494030Z tests/window/test_window.py::test_window_state_change[MainWindow-second_window_kwargs0-WindowState.FULLSCREEN-WindowState.FULLSCREEN] PASSED [ 96%]
2025-02-24T05:35:24.6189890Z tests/window/test_window.py::test_window_state_change[MainWindow-second_window_kwargs0-WindowState.PRESENTATION-WindowState.NORMAL] PASSED [ 96%]
2025-02-24T05:35:25.9492240Z tests/window/test_window.py::test_window_state_change[MainWindow-second_window_kwargs0-WindowState.PRESENTATION-WindowState.MINIMIZED] PASSED [ 96%]
2025-02-24T05:35:27.5970690Z tests/window/test_window.py::test_window_state_change[MainWindow-second_window_kwargs0-WindowState.PRESENTATION-WindowState.MAXIMIZED] PASSED [ 96%]
2025-02-24T05:35:28.9781170Z tests/window/test_window.py::test_window_state_change[MainWindow-second_window_kwargs0-WindowState.PRESENTATION-WindowState.FULLSCREEN] PASSED [ 96%]
2025-02-24T05:35:30.6996110Z tests/window/test_window.py::test_window_state_change[MainWindow-second_window_kwargs0-WindowState.PRESENTATION-WindowState.PRESENTATION] PASSED [ 97%]
2025-02-24T05:35:33.0099030Z tests/window/test_window.py::test_window_state_rapid_assignment[MainWindow-second_window_kwargs0-states0] PASSED [ 97%]
2025-02-24T05:35:36.2998630Z tests/window/test_window.py::test_window_state_rapid_assignment[MainWindow-second_window_kwargs0-states1] PASSED [ 97%]
2025-02-24T05:35:38.5212440Z tests/window/test_window.py::test_window_state_rapid_assignment[MainWindow-second_window_kwargs0-states2] PASSED [ 97%]
2025-02-24T05:35:39.2397340Z tests/window/test_window.py::test_window_state_rapid_assignment[MainWindow-second_window_kwargs0-states3] PASSED [ 97%]
2025-02-24T05:35:39.9125610Z tests/window/test_window.py::test_window_state_same_as_current_without_intermediate_states[Window-second_window_kwargs0-WindowState.NORMAL] PASSED [ 97%]
2025-02-24T05:35:41.0384640Z tests/window/test_window.py::test_window_state_same_as_current_without_intermediate_states[Window-second_window_kwargs0-WindowState.MINIMIZED] PASSED [ 98%]
2025-02-24T05:35:42.4786830Z tests/window/test_window.py::test_window_state_same_as_current_without_intermediate_states[Window-second_window_kwargs0-WindowState.MAXIMIZED] PASSED [ 98%]
2025-02-24T05:35:43.6711110Z tests/window/test_window.py::test_window_state_same_as_current_without_intermediate_states[Window-second_window_kwargs0-WindowState.FULLSCREEN] PASSED [ 98%]
2025-02-24T05:35:45.3072410Z tests/window/test_window.py::test_window_state_same_as_current_without_intermediate_states[Window-second_window_kwargs0-WindowState.PRESENTATION] PASSED [ 98%]
2025-02-24T05:35:46.9426420Z tests/window/test_window.py::test_window_state_content_size_increase[Window-second_window_kwargs0-WindowState.MAXIMIZED] PASSED [ 98%]
2025-02-24T05:35:48.8994050Z tests/window/test_window.py::test_window_state_content_size_increase[Window-second_window_kwargs0-WindowState.FULLSCREEN] PASSED [ 98%]
2025-02-24T05:35:49.8464130Z tests/window/test_window.py::test_window_state_content_size_increase[Window-second_window_kwargs0-WindowState.PRESENTATION] PASSED [ 99%]
2025-02-24T05:35:50.6376970Z tests/window/test_window.py::test_window_state_when_window_hidden[Window-second_window_kwargs0-WindowState.NORMAL] PASSED [ 99%]
2025-02-24T05:35:51.8026330Z tests/window/test_window.py::test_window_state_when_window_hidden[Window-second_window_kwargs0-WindowState.MAXIMIZED] PASSED [ 99%]
2025-02-24T05:35:52.5123750Z tests/window/test_window.py::test_focus_events[Window-second_window_kwargs0] PASSED [ 99%]
2025-02-24T05:35:53.2198750Z tests/window/test_window.py::test_visibility_events[Window-second_window_kwargs0] PASSED [ 99%]
2025-02-24T05:35:53.8829060Z tests/window/test_window.py::test_screen[Window-second_window_kwargs0] PASSED [ 99%]
2025-02-24T05:35:54.2376650Z tests/window/test_window.py::test_as_image PASSED                        [100%]
2025-02-24T05:35:54.2381950Z 
2025-02-24T05:35:54.2385730Z =========== 548 passed, 29 skipped, 28 xfailed in 312.55s (0:05:12) ============
2025-02-24T05:35:54.5681630Z Name    Stmts   Miss Branch BrPart   Cover   Missing
2025-02-24T05:35:54.5686810Z ----------------------------------------------------
2025-02-24T05:35:54.5690180Z TOTAL    3683      0    502      0  100.0%
2025-02-24T05:35:54.5693630Z 
2025-02-24T05:35:54.5696890Z 57 files skipped due to complete coverage.
2025-02-24T05:35:57.7623310Z 
2025-02-24T05:35:57.8000300Z [2m[testbed][0m Test suite passed!
2025-02-24T05:35:57.8102500Z Saving log... started
2025-02-24T05:35:57.8204390Z 
2025-02-24T05:35:57.8916420Z [1;33mLog saved to /Users/runner/work/toga/toga/testbed/logs/briefcase.2025_02_24-05_35_57.run.log[0m[1;33m
2025-02-24T05:35:57.9018970Z [0m
2025-02-24T05:35:57.9121140Z Saving log... done
2025-02-24T05:35:58.0497720Z Post job cleanup.
2025-02-24T05:35:58.7327350Z Post job cleanup.
2025-02-24T05:35:58.8422620Z [command]/opt/homebrew/bin/git version
2025-02-24T05:35:58.8643280Z git version 2.48.1
2025-02-24T05:35:58.8685060Z Copying '/Users/runner/.gitconfig' to '/Users/runner/work/_temp/16d5c50f-045c-45d8-9835-7380a239b69e/.gitconfig'
2025-02-24T05:35:58.8703550Z Temporarily overriding HOME='/Users/runner/work/_temp/16d5c50f-045c-45d8-9835-7380a239b69e' before making global git config changes
2025-02-24T05:35:58.8705220Z Adding repository directory to the temporary git global config as a safe directory
2025-02-24T05:35:58.8706740Z [command]/opt/homebrew/bin/git config --global --add safe.directory /Users/runner/work/toga/toga
2025-02-24T05:35:58.8815050Z [command]/opt/homebrew/bin/git config --local --name-only --get-regexp core\.sshCommand
2025-02-24T05:35:58.8865220Z [command]/opt/homebrew/bin/git submodule foreach --recursive sh -c "git config --local --name-only --get-regexp 'core\.sshCommand' && git config --local --unset-all 'core.sshCommand' || :"
2025-02-24T05:35:58.9517530Z [command]/opt/homebrew/bin/git config --local --name-only --get-regexp http\.https\:\/\/github\.com\/\.extraheader
2025-02-24T05:35:58.9555650Z http.https://github.com/.extraheader
2025-02-24T05:35:58.9564930Z [command]/opt/homebrew/bin/git config --local --unset-all http.https://github.com/.extraheader
2025-02-24T05:35:58.9611670Z [command]/opt/homebrew/bin/git submodule foreach --recursive sh -c "git config --local --name-only --get-regexp 'http\.https\:\/\/github\.com\/\.extraheader' && git config --local --unset-all 'http.https://github.com/.extraheader' || :"
2025-02-24T05:35:59.0263670Z Cleaning up orphan processes
