2025-02-24T05:29:51.5944745Z Current runner version: '2.322.0'
2025-02-24T05:29:51.5967436Z ##[group]Operating System
2025-02-24T05:29:51.5968188Z Microsoft Windows Server 2022
2025-02-24T05:29:51.5968742Z 10.0.20348
2025-02-24T05:29:51.5969193Z Datacenter
2025-02-24T05:29:51.5969621Z ##[endgroup]
2025-02-24T05:29:51.5970035Z ##[group]Runner Image
2025-02-24T05:29:51.5970533Z Image: windows-2022
2025-02-24T05:29:51.5970992Z Version: 20250209.1.0
2025-02-24T05:29:51.5971929Z Included Software: https://github.com/actions/runner-images/blob/win22/20250209.1/images/windows/Windows2022-Readme.md
2025-02-24T05:29:51.5973247Z Image Release: https://github.com/actions/runner-images/releases/tag/win22%2F20250209.1
2025-02-24T05:29:51.5974040Z ##[endgroup]
2025-02-24T05:29:51.5974488Z ##[group]Runner Image Provisioner
2025-02-24T05:29:51.5975037Z 2.0.422.1
2025-02-24T05:29:51.5975445Z ##[endgroup]
2025-02-24T05:29:51.5977574Z ##[group]GITHUB_TOKEN Permissions
2025-02-24T05:29:51.5979974Z Actions: write
2025-02-24T05:29:51.5980566Z Attestations: write
2025-02-24T05:29:51.5980996Z Checks: write
2025-02-24T05:29:51.5981430Z Contents: write
2025-02-24T05:29:51.5981906Z Deployments: write
2025-02-24T05:29:51.5982360Z Discussions: write
2025-02-24T05:29:51.5982816Z Issues: write
2025-02-24T05:29:51.5983241Z Metadata: read
2025-02-24T05:29:51.5983652Z Packages: write
2025-02-24T05:29:51.5984110Z Pages: write
2025-02-24T05:29:51.5984544Z PullRequests: write
2025-02-24T05:29:51.5985000Z RepositoryProjects: write
2025-02-24T05:29:51.5985507Z SecurityEvents: write
2025-02-24T05:29:51.5985945Z Statuses: write
2025-02-24T05:29:51.5986600Z ##[endgroup]
2025-02-24T05:29:51.5989533Z Secret source: Actions
2025-02-24T05:29:51.5990296Z Prepare workflow directory
2025-02-24T05:29:51.6348712Z Prepare all required actions
2025-02-24T05:29:51.6385384Z Getting action download info
2025-02-24T05:29:51.8924939Z Download action repository 'smorimoto/tune-github-hosted-runner-network@v1.0.0' (SHA:bb252dcb5c8609a31087e7993daa086f5a1c0069)
2025-02-24T05:29:52.5341899Z ##[group]Download immutable action package 'actions/checkout@v4.2.2'
2025-02-24T05:29:52.5343099Z Version: 4.2.2
2025-02-24T05:29:52.5344092Z Digest: sha256:ccb2698953eaebd21c7bf6268a94f9c26518a7e38e27e0b83c1fe1ad049819b1
2025-02-24T05:29:52.5345094Z Source commit SHA: 11bd71901bbe5b1630ceea73d27597364c9af683
2025-02-24T05:29:52.5345780Z ##[endgroup]
2025-02-24T05:29:52.6844117Z ##[group]Download immutable action package 'actions/setup-python@v5.4.0'
2025-02-24T05:29:52.6844964Z Version: 5.4.0
2025-02-24T05:29:52.6845632Z Digest: sha256:6003df952c8106bcd378d2ba997eef202da924317a57269dfa72449b135adb7f
2025-02-24T05:29:52.6846518Z Source commit SHA: 42375524e23c412d93fb67b49958b491fce71c38
2025-02-24T05:29:52.6847136Z ##[endgroup]
2025-02-24T05:29:53.1541518Z ##[group]Download immutable action package 'actions/download-artifact@v4.1.8'
2025-02-24T05:29:53.1542622Z Version: 4.1.8
2025-02-24T05:29:53.1543553Z Digest: sha256:917365d881f32f077924458e108599cbeed2ddd6092ee5edbe0da4d4b2eba355
2025-02-24T05:29:53.1544799Z Source commit SHA: fa0a91b85d4f404e444e00e005971372dc801d16
2025-02-24T05:29:53.1545670Z ##[endgroup]
2025-02-24T05:29:53.6385989Z ##[group]Download immutable action package 'actions/upload-artifact@v4.6.1'
2025-02-24T05:29:53.6387350Z Version: 4.6.1
2025-02-24T05:29:53.6388505Z Digest: sha256:3f6a28e7a1e0b5c8e2249e28da121a049fa5b91863b04390a46a82e4f8e2da98
2025-02-24T05:29:53.6390224Z Source commit SHA: 4cec3d8aa04e39d1a68397de0c4cd6fb9dce8ec1
2025-02-24T05:29:53.6391360Z ##[endgroup]
2025-02-24T05:29:54.3002083Z Complete job name: Testbed (windows)
2025-02-24T05:29:54.3938303Z ##[group]Run smorimoto/tune-github-hosted-runner-network@v1.0.0
2025-02-24T05:29:54.3939595Z env:
2025-02-24T05:29:54.3939894Z   min_python_version: 3.9
2025-02-24T05:29:54.3940236Z   max_python_version: 3.12
2025-02-24T05:29:54.3940543Z   FORCE_COLOR: 1
2025-02-24T05:29:54.3940822Z ##[endgroup]
2025-02-24T05:29:54.4212955Z ##[group]Run Disable-NetAdapterChecksumOffload -Name * -TcpIPv4 -UdpIPv4 -TcpIPv6 -UdpIPv6
2025-02-24T05:29:54.4215487Z [36;1mDisable-NetAdapterChecksumOffload -Name * -TcpIPv4 -UdpIPv4 -TcpIPv6 -UdpIPv6[0m
2025-02-24T05:29:54.4255688Z shell: C:\Program Files\PowerShell\7\pwsh.EXE -command ". '{0}'"
2025-02-24T05:29:54.4256111Z env:
2025-02-24T05:29:54.4256318Z   min_python_version: 3.9
2025-02-24T05:29:54.4256575Z   max_python_version: 3.12
2025-02-24T05:29:54.4256812Z   FORCE_COLOR: 1
2025-02-24T05:29:54.4257074Z ##[endgroup]
2025-02-24T05:29:58.6443657Z ##[group]Run actions/checkout@v4.2.2
2025-02-24T05:29:58.6443987Z with:
2025-02-24T05:29:58.6444160Z   fetch-depth: 0
2025-02-24T05:29:58.6444347Z   repository: beeware/toga
2025-02-24T05:29:58.6444699Z   token: ***
2025-02-24T05:29:58.6444877Z   ssh-strict: true
2025-02-24T05:29:58.6445046Z   ssh-user: git
2025-02-24T05:29:58.6445222Z   persist-credentials: true
2025-02-24T05:29:58.6445432Z   clean: true
2025-02-24T05:29:58.6445618Z   sparse-checkout-cone-mode: true
2025-02-24T05:29:58.6445863Z   fetch-tags: false
2025-02-24T05:29:58.6446037Z   show-progress: true
2025-02-24T05:29:58.6446208Z   lfs: false
2025-02-24T05:29:58.6446371Z   submodules: false
2025-02-24T05:29:58.6446541Z   set-safe-directory: true
2025-02-24T05:29:58.6446732Z env:
2025-02-24T05:29:58.6446899Z   min_python_version: 3.9
2025-02-24T05:29:58.6447084Z   max_python_version: 3.12
2025-02-24T05:29:58.6447263Z   FORCE_COLOR: 1
2025-02-24T05:29:58.6447438Z ##[endgroup]
2025-02-24T05:29:59.8145954Z Syncing repository: beeware/toga
2025-02-24T05:29:59.8218065Z ##[group]Getting Git version info
2025-02-24T05:29:59.8218633Z Working directory is 'D:\a\toga\toga'
2025-02-24T05:30:00.1072927Z [command]"C:\Program Files\Git\bin\git.exe" version
2025-02-24T05:30:00.1854080Z git version 2.47.1.windows.2
2025-02-24T05:30:00.2063850Z ##[endgroup]
2025-02-24T05:30:00.2083343Z Temporarily overriding HOME='D:\a\_temp\615b5f2c-a7c3-4415-8cad-64c5bf8500ff' before making global git config changes
2025-02-24T05:30:00.2084326Z Adding repository directory to the temporary git global config as a safe directory
2025-02-24T05:30:00.2095331Z [command]"C:\Program Files\Git\bin\git.exe" config --global --add safe.directory D:\a\toga\toga
2025-02-24T05:30:00.2801437Z Deleting the contents of 'D:\a\toga\toga'
2025-02-24T05:30:00.2806446Z ##[group]Initializing the repository
2025-02-24T05:30:00.2816340Z [command]"C:\Program Files\Git\bin\git.exe" init D:\a\toga\toga
2025-02-24T05:30:00.3688643Z Initialized empty Git repository in D:/a/toga/toga/.git/
2025-02-24T05:30:00.3733594Z [command]"C:\Program Files\Git\bin\git.exe" remote add origin https://github.com/beeware/toga
2025-02-24T05:30:00.4404594Z ##[endgroup]
2025-02-24T05:30:00.4405252Z ##[group]Disabling automatic garbage collection
2025-02-24T05:30:00.4415265Z [command]"C:\Program Files\Git\bin\git.exe" config --local gc.auto 0
2025-02-24T05:30:00.4785332Z ##[endgroup]
2025-02-24T05:30:00.4799680Z ##[group]Setting up auth
2025-02-24T05:30:00.4800542Z [command]"C:\Program Files\Git\bin\git.exe" config --local --name-only --get-regexp core\.sshCommand
2025-02-24T05:30:00.5114256Z [command]"C:\Program Files\Git\bin\git.exe" submodule foreach --recursive "sh -c \"git config --local --name-only --get-regexp 'core\.sshCommand' && git config --local --unset-all 'core.sshCommand' || :\""
2025-02-24T05:30:02.4746224Z [command]"C:\Program Files\Git\bin\git.exe" config --local --name-only --get-regexp http\.https\:\/\/github\.com\/\.extraheader
2025-02-24T05:30:02.4966058Z [command]"C:\Program Files\Git\bin\git.exe" submodule foreach --recursive "sh -c \"git config --local --name-only --get-regexp 'http\.https\:\/\/github\.com\/\.extraheader' && git config --local --unset-all 'http.https://github.com/.extraheader' || :\""
2025-02-24T05:30:02.8882318Z [command]"C:\Program Files\Git\bin\git.exe" config --local http.https://github.com/.extraheader "AUTHORIZATION: basic ***"
2025-02-24T05:30:02.9113542Z ##[endgroup]
2025-02-24T05:30:02.9114208Z ##[group]Fetching the repository
2025-02-24T05:30:02.9135767Z [command]"C:\Program Files\Git\bin\git.exe" -c protocol.version=2 fetch --prune --no-recurse-submodules origin +refs/heads/*:refs/remotes/origin/* +refs/tags/*:refs/tags/*
2025-02-24T05:30:07.3180134Z From https://github.com/beeware/toga
2025-02-24T05:30:07.3180756Z  * [new branch]          main         -> origin/main
2025-02-24T05:30:07.3181300Z  * [new branch]          pre-0.5      -> origin/pre-0.5
2025-02-24T05:30:07.3183963Z  * [new tag]             0.2.6        -> 0.2.6
2025-02-24T05:30:07.3184545Z  * [new tag]             v0.0.1rc1    -> v0.0.1rc1
2025-02-24T05:30:07.3185026Z  * [new tag]             v0.0.1rc10   -> v0.0.1rc10
2025-02-24T05:30:07.3185477Z  * [new tag]             v0.0.1rc5    -> v0.0.1rc5
2025-02-24T05:30:07.3185918Z  * [new tag]             v0.0.1rc6    -> v0.0.1rc6
2025-02-24T05:30:07.3186355Z  * [new tag]             v0.1.0       -> v0.1.0
2025-02-24T05:30:07.3186787Z  * [new tag]             v0.1.1       -> v0.1.1
2025-02-24T05:30:07.3187269Z  * [new tag]             v0.1.2       -> v0.1.2
2025-02-24T05:30:07.3187743Z  * [new tag]             v0.2.0       -> v0.2.0
2025-02-24T05:30:07.3188172Z  * [new tag]             v0.2.0.dev1  -> v0.2.0.dev1
2025-02-24T05:30:07.3188662Z  * [new tag]             v0.2.1       -> v0.2.1
2025-02-24T05:30:07.3189083Z  * [new tag]             v0.2.10      -> v0.2.10
2025-02-24T05:30:07.3189537Z  * [new tag]             v0.2.11      -> v0.2.11
2025-02-24T05:30:07.3189974Z  * [new tag]             v0.2.12      -> v0.2.12
2025-02-24T05:30:07.3190376Z  * [new tag]             v0.2.13      -> v0.2.13
2025-02-24T05:30:07.3190795Z  * [new tag]             v0.2.14      -> v0.2.14
2025-02-24T05:30:07.3191222Z  * [new tag]             v0.2.15      -> v0.2.15
2025-02-24T05:30:07.3191638Z  * [new tag]             v0.2.2       -> v0.2.2
2025-02-24T05:30:07.3192055Z  * [new tag]             v0.2.3       -> v0.2.3
2025-02-24T05:30:07.3192478Z  * [new tag]             v0.2.4       -> v0.2.4
2025-02-24T05:30:07.3192890Z  * [new tag]             v0.2.5       -> v0.2.5
2025-02-24T05:30:07.3193335Z  * [new tag]             v0.2.6       -> v0.2.6
2025-02-24T05:30:07.3193748Z  * [new tag]             v0.2.7       -> v0.2.7
2025-02-24T05:30:07.3194161Z  * [new tag]             v0.2.8       -> v0.2.8
2025-02-24T05:30:07.3194561Z  * [new tag]             v0.2.9       -> v0.2.9
2025-02-24T05:30:07.3194988Z  * [new tag]             v0.3.0       -> v0.3.0
2025-02-24T05:30:07.3195447Z  * [new tag]             v0.3.0.dev1  -> v0.3.0.dev1
2025-02-24T05:30:07.3195910Z  * [new tag]             v0.3.0.dev10 -> v0.3.0.dev10
2025-02-24T05:30:07.3196362Z  * [new tag]             v0.3.0.dev11 -> v0.3.0.dev11
2025-02-24T05:30:07.3196821Z  * [new tag]             v0.3.0.dev12 -> v0.3.0.dev12
2025-02-24T05:30:07.3197261Z  * [new tag]             v0.3.0.dev13 -> v0.3.0.dev13
2025-02-24T05:30:07.3197692Z  * [new tag]             v0.3.0.dev14 -> v0.3.0.dev14
2025-02-24T05:30:07.3198157Z  * [new tag]             v0.3.0.dev15 -> v0.3.0.dev15
2025-02-24T05:30:07.3198739Z  * [new tag]             v0.3.0.dev16 -> v0.3.0.dev16
2025-02-24T05:30:07.3199218Z  * [new tag]             v0.3.0.dev17 -> v0.3.0.dev17
2025-02-24T05:30:07.3199688Z  * [new tag]             v0.3.0.dev18 -> v0.3.0.dev18
2025-02-24T05:30:07.3200166Z  * [new tag]             v0.3.0.dev19 -> v0.3.0.dev19
2025-02-24T05:30:07.3200641Z  * [new tag]             v0.3.0.dev2  -> v0.3.0.dev2
2025-02-24T05:30:07.3201138Z  * [new tag]             v0.3.0.dev20 -> v0.3.0.dev20
2025-02-24T05:30:07.3201607Z  * [new tag]             v0.3.0.dev21 -> v0.3.0.dev21
2025-02-24T05:30:07.3202068Z  * [new tag]             v0.3.0.dev22 -> v0.3.0.dev22
2025-02-24T05:30:07.3202523Z  * [new tag]             v0.3.0.dev23 -> v0.3.0.dev23
2025-02-24T05:30:07.3203001Z  * [new tag]             v0.3.0.dev24 -> v0.3.0.dev24
2025-02-24T05:30:07.3203474Z  * [new tag]             v0.3.0.dev25 -> v0.3.0.dev25
2025-02-24T05:30:07.3203939Z  * [new tag]             v0.3.0.dev26 -> v0.3.0.dev26
2025-02-24T05:30:07.3204775Z  * [new tag]             v0.3.0.dev27 -> v0.3.0.dev27
2025-02-24T05:30:07.3205243Z  * [new tag]             v0.3.0.dev28 -> v0.3.0.dev28
2025-02-24T05:30:07.3205721Z  * [new tag]             v0.3.0.dev29 -> v0.3.0.dev29
2025-02-24T05:30:07.3206189Z  * [new tag]             v0.3.0.dev3  -> v0.3.0.dev3
2025-02-24T05:30:07.3206657Z  * [new tag]             v0.3.0.dev30 -> v0.3.0.dev30
2025-02-24T05:30:07.3207113Z  * [new tag]             v0.3.0.dev32 -> v0.3.0.dev32
2025-02-24T05:30:07.3208489Z  * [new tag]             v0.3.0.dev33 -> v0.3.0.dev33
2025-02-24T05:30:07.3209046Z  * [new tag]             v0.3.0.dev34 -> v0.3.0.dev34
2025-02-24T05:30:07.3209536Z  * [new tag]             v0.3.0.dev35 -> v0.3.0.dev35
2025-02-24T05:30:07.3210020Z  * [new tag]             v0.3.0.dev36 -> v0.3.0.dev36
2025-02-24T05:30:07.3210496Z  * [new tag]             v0.3.0.dev37 -> v0.3.0.dev37
2025-02-24T05:30:07.3210964Z  * [new tag]             v0.3.0.dev38 -> v0.3.0.dev38
2025-02-24T05:30:07.3211431Z  * [new tag]             v0.3.0.dev39 -> v0.3.0.dev39
2025-02-24T05:30:07.3211917Z  * [new tag]             v0.3.0.dev4  -> v0.3.0.dev4
2025-02-24T05:30:07.3212396Z  * [new tag]             v0.3.0.dev5  -> v0.3.0.dev5
2025-02-24T05:30:07.3212871Z  * [new tag]             v0.3.0.dev6  -> v0.3.0.dev6
2025-02-24T05:30:07.3213333Z  * [new tag]             v0.3.0.dev7  -> v0.3.0.dev7
2025-02-24T05:30:07.3213817Z  * [new tag]             v0.3.0.dev8  -> v0.3.0.dev8
2025-02-24T05:30:07.3214347Z  * [new tag]             v0.3.0.dev9  -> v0.3.0.dev9
2025-02-24T05:30:07.3214810Z  * [new tag]             v0.3.0rc0    -> v0.3.0rc0
2025-02-24T05:30:07.3215271Z  * [new tag]             v0.3.1       -> v0.3.1
2025-02-24T05:30:07.3215713Z  * [new tag]             v0.4.0       -> v0.4.0
2025-02-24T05:30:07.3216148Z  * [new tag]             v0.4.1       -> v0.4.1
2025-02-24T05:30:07.3216589Z  * [new tag]             v0.4.2       -> v0.4.2
2025-02-24T05:30:07.3217024Z  * [new tag]             v0.4.3       -> v0.4.3
2025-02-24T05:30:07.3217482Z  * [new tag]             v0.4.4       -> v0.4.4
2025-02-24T05:30:07.3217921Z  * [new tag]             v0.4.5       -> v0.4.5
2025-02-24T05:30:07.3218357Z  * [new tag]             v0.4.6       -> v0.4.6
2025-02-24T05:30:07.3218793Z  * [new tag]             v0.4.7       -> v0.4.7
2025-02-24T05:30:07.3219211Z  * [new tag]             v0.4.8       -> v0.4.8
2025-02-24T05:30:07.3219633Z  * [new tag]             v0.4.9       -> v0.4.9
2025-02-24T05:30:07.3754408Z [command]"C:\Program Files\Git\bin\git.exe" branch --list --remote origin/main
2025-02-24T05:30:07.4160830Z   origin/main
2025-02-24T05:30:07.4195478Z [command]"C:\Program Files\Git\bin\git.exe" rev-parse refs/remotes/origin/main
2025-02-24T05:30:07.4480271Z 01152b56b9607a5cc1dabb9e94970cc589baff01
2025-02-24T05:30:07.4508271Z ##[endgroup]
2025-02-24T05:30:07.4508897Z ##[group]Determining the checkout info
2025-02-24T05:30:07.4510314Z ##[endgroup]
2025-02-24T05:30:07.4522652Z [command]"C:\Program Files\Git\bin\git.exe" sparse-checkout disable
2025-02-24T05:30:07.5038690Z [command]"C:\Program Files\Git\bin\git.exe" config --local --unset-all extensions.worktreeConfig
2025-02-24T05:30:07.5287808Z ##[group]Checking out the ref
2025-02-24T05:30:07.5300293Z [command]"C:\Program Files\Git\bin\git.exe" checkout --progress --force -B main refs/remotes/origin/main
2025-02-24T05:30:08.0384233Z branch 'main' set up to track 'origin/main'.
2025-02-24T05:30:08.0389723Z Switched to a new branch 'main'
2025-02-24T05:30:08.0438133Z ##[endgroup]
2025-02-24T05:30:08.0776047Z [command]"C:\Program Files\Git\bin\git.exe" log -1 --format=%H
2025-02-24T05:30:08.0975328Z 01152b56b9607a5cc1dabb9e94970cc589baff01
2025-02-24T05:30:08.1266683Z ##[group]Run actions/setup-python@v5.4.0
2025-02-24T05:30:08.1266997Z with:
2025-02-24T05:30:08.1267190Z   python-version: 3.12
2025-02-24T05:30:08.1267391Z   check-latest: false
2025-02-24T05:30:08.1267710Z   token: ***
2025-02-24T05:30:08.1267890Z   update-environment: true
2025-02-24T05:30:08.1268285Z   allow-prereleases: false
2025-02-24T05:30:08.1268475Z env:
2025-02-24T05:30:08.1268628Z   min_python_version: 3.9
2025-02-24T05:30:08.1268818Z   max_python_version: 3.12
2025-02-24T05:30:08.1268996Z   FORCE_COLOR: 1
2025-02-24T05:30:08.1269151Z ##[endgroup]
2025-02-24T05:30:08.3701194Z ##[group]Installed versions
2025-02-24T05:30:08.3987246Z Successfully set up CPython (3.12.9)
2025-02-24T05:30:08.3988954Z ##[endgroup]
2025-02-24T05:30:08.4243510Z ##[group]Run # Use the development version of Briefcase
2025-02-24T05:30:08.4243881Z [36;1m[0m
2025-02-24T05:30:08.4244100Z [36;1m# Use the development version of Briefcase[0m
2025-02-24T05:30:08.4244401Z [36;1mpython -m pip install -U pip[0m
2025-02-24T05:30:08.4244785Z [36;1mpython -m pip install git+https://github.com/beeware/briefcase.git[0m
2025-02-24T05:30:08.4435449Z shell: C:\Program Files\Git\bin\bash.EXE --noprofile --norc -e -o pipefail {0}
2025-02-24T05:30:08.4435907Z env:
2025-02-24T05:30:08.4436114Z   min_python_version: 3.9
2025-02-24T05:30:08.4436395Z   max_python_version: 3.12
2025-02-24T05:30:08.4436638Z   FORCE_COLOR: 1
2025-02-24T05:30:08.4436965Z   pythonLocation: C:\hostedtoolcache\windows\Python\3.12.9\x64
2025-02-24T05:30:08.4437526Z   PKG_CONFIG_PATH: C:\hostedtoolcache\windows\Python\3.12.9\x64/lib/pkgconfig
2025-02-24T05:30:08.4438048Z   Python_ROOT_DIR: C:\hostedtoolcache\windows\Python\3.12.9\x64
2025-02-24T05:30:08.4438532Z   Python2_ROOT_DIR: C:\hostedtoolcache\windows\Python\3.12.9\x64
2025-02-24T05:30:08.4438902Z   Python3_ROOT_DIR: C:\hostedtoolcache\windows\Python\3.12.9\x64
2025-02-24T05:30:08.4439214Z   PIP_BREAK_SYSTEM_PACKAGES: 1
2025-02-24T05:30:08.4439419Z ##[endgroup]
2025-02-24T05:30:20.5398237Z Requirement already satisfied: pip in c:\hostedtoolcache\windows\python\3.12.9\x64\lib\site-packages (25.0.1)
2025-02-24T05:30:22.4108185Z Collecting git+https://github.com/beeware/briefcase.git
2025-02-24T05:30:22.4118003Z   Cloning https://github.com/beeware/briefcase.git to c:\users\runneradmin\appdata\local\temp\pip-req-build-v45d86s8
2025-02-24T05:30:22.4252801Z   Running command git clone --filter=blob:none --quiet https://github.com/beeware/briefcase.git 'C:\Users\runneradmin\AppData\Local\Temp\pip-req-build-v45d86s8'
2025-02-24T05:30:25.1152125Z   Resolved https://github.com/beeware/briefcase.git to commit 647c8ff5965677d4cee5cccaa37536b2d744096e
2025-02-24T05:30:25.1340391Z   Installing build dependencies: started
2025-02-24T05:30:29.5946696Z   Installing build dependencies: finished with status 'done'
2025-02-24T05:30:29.5961527Z   Getting requirements to build wheel: started
2025-02-24T05:30:30.4000013Z   Getting requirements to build wheel: finished with status 'done'
2025-02-24T05:30:30.4025255Z   Preparing metadata (pyproject.toml): started
2025-02-24T05:30:31.0871035Z   Preparing metadata (pyproject.toml): finished with status 'done'
2025-02-24T05:30:31.1765530Z Collecting packaging>=24.2 (from briefcase==0.3.23.dev11+g647c8ff5)
2025-02-24T05:30:31.1783623Z   Using cached packaging-24.2-py3-none-any.whl.metadata (3.2 kB)
2025-02-24T05:30:31.1822171Z Requirement already satisfied: pip>=24.3 in c:\hostedtoolcache\windows\python\3.12.9\x64\lib\site-packages (from briefcase==0.3.23.dev11+g647c8ff5) (25.0.1)
2025-02-24T05:30:31.2956977Z Collecting setuptools>=60 (from briefcase==0.3.23.dev11+g647c8ff5)
2025-02-24T05:30:31.2974544Z   Using cached setuptools-75.8.0-py3-none-any.whl.metadata (6.7 kB)
2025-02-24T05:30:31.3405738Z Collecting wheel>=0.37 (from briefcase==0.3.23.dev11+g647c8ff5)
2025-02-24T05:30:31.3732463Z   Downloading wheel-0.45.1-py3-none-any.whl.metadata (2.3 kB)
2025-02-24T05:30:31.4569881Z Collecting build>=0.10 (from briefcase==0.3.23.dev11+g647c8ff5)
2025-02-24T05:30:31.4743132Z   Downloading build-1.2.2.post1-py3-none-any.whl.metadata (6.5 kB)
2025-02-24T05:30:31.5599973Z Collecting cookiecutter<3.0,>=2.6.0 (from briefcase==0.3.23.dev11+g647c8ff5)
2025-02-24T05:30:31.5714497Z   Downloading cookiecutter-2.6.0-py3-none-any.whl.metadata (7.3 kB)
2025-02-24T05:30:31.6577951Z Collecting GitPython<4.0,>=3.1 (from briefcase==0.3.23.dev11+g647c8ff5)
2025-02-24T05:30:31.6688600Z   Downloading GitPython-3.1.44-py3-none-any.whl.metadata (13 kB)
2025-02-24T05:30:31.7451574Z Collecting platformdirs<5.0,>=2.6 (from briefcase==0.3.23.dev11+g647c8ff5)
2025-02-24T05:30:31.7576910Z   Downloading platformdirs-4.3.6-py3-none-any.whl.metadata (11 kB)
2025-02-24T05:30:31.8771603Z Collecting psutil<8.0,>=5.9 (from briefcase==0.3.23.dev11+g647c8ff5)
2025-02-24T05:30:31.8879854Z   Downloading psutil-7.0.0-cp37-abi3-win_amd64.whl.metadata (23 kB)
2025-02-24T05:30:31.9662378Z Collecting python-dateutil>=2.9.0.post0 (from briefcase==0.3.23.dev11+g647c8ff5)
2025-02-24T05:30:31.9768713Z   Downloading python_dateutil-2.9.0.post0-py2.py3-none-any.whl.metadata (8.4 kB)
2025-02-24T05:30:32.0600149Z Collecting httpx<1.0,>=0.20 (from briefcase==0.3.23.dev11+g647c8ff5)
2025-02-24T05:30:32.0710222Z   Downloading httpx-0.28.1-py3-none-any.whl.metadata (7.1 kB)
2025-02-24T05:30:32.1639257Z Collecting rich<14.0,>=12.6 (from briefcase==0.3.23.dev11+g647c8ff5)
2025-02-24T05:30:32.1747423Z   Downloading rich-13.9.4-py3-none-any.whl.metadata (18 kB)
2025-02-24T05:30:32.2454799Z Collecting tomli_w<2.0,>=1.0 (from briefcase==0.3.23.dev11+g647c8ff5)
2025-02-24T05:30:32.2629365Z   Downloading tomli_w-1.2.0-py3-none-any.whl.metadata (5.7 kB)
2025-02-24T05:30:32.3405147Z Collecting pyproject_hooks (from build>=0.10->briefcase==0.3.23.dev11+g647c8ff5)
2025-02-24T05:30:32.3513903Z   Downloading pyproject_hooks-1.2.0-py3-none-any.whl.metadata (1.3 kB)
2025-02-24T05:30:32.4202216Z Collecting colorama (from build>=0.10->briefcase==0.3.23.dev11+g647c8ff5)
2025-02-24T05:30:32.4306839Z   Downloading colorama-0.4.6-py2.py3-none-any.whl.metadata (17 kB)
2025-02-24T05:30:32.4982281Z Collecting binaryornot>=0.4.4 (from cookiecutter<3.0,>=2.6.0->briefcase==0.3.23.dev11+g647c8ff5)
2025-02-24T05:30:32.5088602Z   Downloading binaryornot-0.4.4-py2.py3-none-any.whl.metadata (6.0 kB)
2025-02-24T05:30:32.5774996Z Collecting Jinja2<4.0.0,>=2.7 (from cookiecutter<3.0,>=2.6.0->briefcase==0.3.23.dev11+g647c8ff5)
2025-02-24T05:30:32.5882587Z   Downloading jinja2-3.1.5-py3-none-any.whl.metadata (2.6 kB)
2025-02-24T05:30:32.6525502Z Collecting click<9.0.0,>=7.0 (from cookiecutter<3.0,>=2.6.0->briefcase==0.3.23.dev11+g647c8ff5)
2025-02-24T05:30:32.6699252Z   Downloading click-8.1.8-py3-none-any.whl.metadata (2.3 kB)
2025-02-24T05:30:32.7464311Z Collecting pyyaml>=5.3.1 (from cookiecutter<3.0,>=2.6.0->briefcase==0.3.23.dev11+g647c8ff5)
2025-02-24T05:30:32.7663739Z   Downloading PyYAML-6.0.2-cp312-cp312-win_amd64.whl.metadata (2.1 kB)
2025-02-24T05:30:32.8360520Z Collecting python-slugify>=4.0.0 (from cookiecutter<3.0,>=2.6.0->briefcase==0.3.23.dev11+g647c8ff5)
2025-02-24T05:30:32.8535710Z   Downloading python_slugify-8.0.4-py2.py3-none-any.whl.metadata (8.5 kB)
2025-02-24T05:30:32.9499381Z Collecting requests>=2.23.0 (from cookiecutter<3.0,>=2.6.0->briefcase==0.3.23.dev11+g647c8ff5)
2025-02-24T05:30:32.9699379Z   Downloading requests-2.32.3-py3-none-any.whl.metadata (4.6 kB)
2025-02-24T05:30:33.0353128Z Collecting arrow (from cookiecutter<3.0,>=2.6.0->briefcase==0.3.23.dev11+g647c8ff5)
2025-02-24T05:30:33.0526148Z   Downloading arrow-1.3.0-py3-none-any.whl.metadata (7.5 kB)
2025-02-24T05:30:33.1175592Z Collecting gitdb<5,>=4.0.1 (from GitPython<4.0,>=3.1->briefcase==0.3.23.dev11+g647c8ff5)
2025-02-24T05:30:33.1282464Z   Downloading gitdb-4.0.12-py3-none-any.whl.metadata (1.2 kB)
2025-02-24T05:30:33.2027022Z Collecting anyio (from httpx<1.0,>=0.20->briefcase==0.3.23.dev11+g647c8ff5)
2025-02-24T05:30:33.2133624Z   Downloading anyio-4.8.0-py3-none-any.whl.metadata (4.6 kB)
2025-02-24T05:30:33.3001541Z Collecting certifi (from httpx<1.0,>=0.20->briefcase==0.3.23.dev11+g647c8ff5)
2025-02-24T05:30:33.3132961Z   Downloading certifi-2025.1.31-py3-none-any.whl.metadata (2.5 kB)
2025-02-24T05:30:33.4233113Z Collecting httpcore==1.* (from httpx<1.0,>=0.20->briefcase==0.3.23.dev11+g647c8ff5)
2025-02-24T05:30:33.4343784Z   Downloading httpcore-1.0.7-py3-none-any.whl.metadata (21 kB)
2025-02-24T05:30:33.5046123Z Collecting idna (from httpx<1.0,>=0.20->briefcase==0.3.23.dev11+g647c8ff5)
2025-02-24T05:30:33.5151821Z   Downloading idna-3.10-py3-none-any.whl.metadata (10 kB)
2025-02-24T05:30:33.5751865Z Collecting h11<0.15,>=0.13 (from httpcore==1.*->httpx<1.0,>=0.20->briefcase==0.3.23.dev11+g647c8ff5)
2025-02-24T05:30:33.5928611Z   Downloading h11-0.14.0-py3-none-any.whl.metadata (8.2 kB)
2025-02-24T05:30:33.6614903Z Collecting six>=1.5 (from python-dateutil>=2.9.0.post0->briefcase==0.3.23.dev11+g647c8ff5)
2025-02-24T05:30:33.6806516Z   Downloading six-1.17.0-py2.py3-none-any.whl.metadata (1.7 kB)
2025-02-24T05:30:33.7457760Z Collecting markdown-it-py>=2.2.0 (from rich<14.0,>=12.6->briefcase==0.3.23.dev11+g647c8ff5)
2025-02-24T05:30:33.7639962Z   Downloading markdown_it_py-3.0.0-py3-none-any.whl.metadata (6.9 kB)
2025-02-24T05:30:33.8398699Z Collecting pygments<3.0.0,>=2.13.0 (from rich<14.0,>=12.6->briefcase==0.3.23.dev11+g647c8ff5)
2025-02-24T05:30:33.8653324Z   Downloading pygments-2.19.1-py3-none-any.whl.metadata (2.5 kB)
2025-02-24T05:30:33.9300750Z Collecting chardet>=3.0.2 (from binaryornot>=0.4.4->cookiecutter<3.0,>=2.6.0->briefcase==0.3.23.dev11+g647c8ff5)
2025-02-24T05:30:33.9482649Z   Downloading chardet-5.2.0-py3-none-any.whl.metadata (3.4 kB)
2025-02-24T05:30:34.0099223Z Collecting smmap<6,>=3.0.1 (from gitdb<5,>=4.0.1->GitPython<4.0,>=3.1->briefcase==0.3.23.dev11+g647c8ff5)
2025-02-24T05:30:34.0209633Z   Downloading smmap-5.0.2-py3-none-any.whl.metadata (4.3 kB)
2025-02-24T05:30:34.1259106Z Collecting MarkupSafe>=2.0 (from Jinja2<4.0.0,>=2.7->cookiecutter<3.0,>=2.6.0->briefcase==0.3.23.dev11+g647c8ff5)
2025-02-24T05:30:34.1420466Z   Downloading MarkupSafe-3.0.2-cp312-cp312-win_amd64.whl.metadata (4.1 kB)
2025-02-24T05:30:34.2077006Z Collecting mdurl~=0.1 (from markdown-it-py>=2.2.0->rich<14.0,>=12.6->briefcase==0.3.23.dev11+g647c8ff5)
2025-02-24T05:30:34.2182923Z   Downloading mdurl-0.1.2-py3-none-any.whl.metadata (1.6 kB)
2025-02-24T05:30:34.2902197Z Collecting text-unidecode>=1.3 (from python-slugify>=4.0.0->cookiecutter<3.0,>=2.6.0->briefcase==0.3.23.dev11+g647c8ff5)
2025-02-24T05:30:34.3011977Z   Downloading text_unidecode-1.3-py2.py3-none-any.whl.metadata (2.4 kB)
2025-02-24T05:30:34.4180803Z Collecting charset-normalizer<4,>=2 (from requests>=2.23.0->cookiecutter<3.0,>=2.6.0->briefcase==0.3.23.dev11+g647c8ff5)
2025-02-24T05:30:34.4306903Z   Downloading charset_normalizer-3.4.1-cp312-cp312-win_amd64.whl.metadata (36 kB)
2025-02-24T05:30:34.5144629Z Collecting urllib3<3,>=1.21.1 (from requests>=2.23.0->cookiecutter<3.0,>=2.6.0->briefcase==0.3.23.dev11+g647c8ff5)
2025-02-24T05:30:34.5251335Z   Downloading urllib3-2.3.0-py3-none-any.whl.metadata (6.5 kB)
2025-02-24T05:30:34.6070705Z Collecting sniffio>=1.1 (from anyio->httpx<1.0,>=0.20->briefcase==0.3.23.dev11+g647c8ff5)
2025-02-24T05:30:34.6178671Z   Downloading sniffio-1.3.1-py3-none-any.whl.metadata (3.9 kB)
2025-02-24T05:30:34.6877368Z Collecting typing_extensions>=4.5 (from anyio->httpx<1.0,>=0.20->briefcase==0.3.23.dev11+g647c8ff5)
2025-02-24T05:30:34.6992138Z   Downloading typing_extensions-4.12.2-py3-none-any.whl.metadata (3.0 kB)
2025-02-24T05:30:34.7746049Z Collecting types-python-dateutil>=2.8.10 (from arrow->cookiecutter<3.0,>=2.6.0->briefcase==0.3.23.dev11+g647c8ff5)
2025-02-24T05:30:34.7874148Z   Downloading types_python_dateutil-2.9.0.20241206-py3-none-any.whl.metadata (2.1 kB)
2025-02-24T05:30:34.8455861Z Downloading build-1.2.2.post1-py3-none-any.whl (22 kB)
2025-02-24T05:30:34.8827749Z Downloading cookiecutter-2.6.0-py3-none-any.whl (39 kB)
2025-02-24T05:30:34.9138874Z Downloading GitPython-3.1.44-py3-none-any.whl (207 kB)
2025-02-24T05:30:34.9535987Z Downloading httpx-0.28.1-py3-none-any.whl (73 kB)
2025-02-24T05:30:34.9892435Z Downloading httpcore-1.0.7-py3-none-any.whl (78 kB)
2025-02-24T05:30:35.0100978Z Using cached packaging-24.2-py3-none-any.whl (65 kB)
2025-02-24T05:30:35.0304394Z Downloading platformdirs-4.3.6-py3-none-any.whl (18 kB)
2025-02-24T05:30:35.0639927Z Downloading psutil-7.0.0-cp37-abi3-win_amd64.whl (244 kB)
2025-02-24T05:30:35.1154628Z Downloading python_dateutil-2.9.0.post0-py2.py3-none-any.whl (229 kB)
2025-02-24T05:30:35.1520624Z Downloading rich-13.9.4-py3-none-any.whl (242 kB)
2025-02-24T05:30:35.1897816Z Using cached setuptools-75.8.0-py3-none-any.whl (1.2 MB)
2025-02-24T05:30:35.2025548Z Downloading tomli_w-1.2.0-py3-none-any.whl (6.7 kB)
2025-02-24T05:30:35.2354047Z Downloading wheel-0.45.1-py3-none-any.whl (72 kB)
2025-02-24T05:30:35.2727568Z Downloading binaryornot-0.4.4-py2.py3-none-any.whl (9.0 kB)
2025-02-24T05:30:35.3161361Z Downloading click-8.1.8-py3-none-any.whl (98 kB)
2025-02-24T05:30:35.3532530Z Downloading gitdb-4.0.12-py3-none-any.whl (62 kB)
2025-02-24T05:30:35.3995757Z Downloading jinja2-3.1.5-py3-none-any.whl (134 kB)
2025-02-24T05:30:35.4414558Z Downloading markdown_it_py-3.0.0-py3-none-any.whl (87 kB)
2025-02-24T05:30:35.4819859Z Downloading pygments-2.19.1-py3-none-any.whl (1.2 MB)
2025-02-24T05:30:35.5266972Z    ---------------------------------------- 0.0/1.2 MB ? eta -:--:--
2025-02-24T05:30:35.5268648Z    ---------------------------------------- 1.2/1.2 MB 20.5 MB/s eta 0:00:00
2025-02-24T05:30:35.5378609Z Downloading python_slugify-8.0.4-py2.py3-none-any.whl (10 kB)
2025-02-24T05:30:35.5757047Z Downloading PyYAML-6.0.2-cp312-cp312-win_amd64.whl (156 kB)
2025-02-24T05:30:35.6060845Z Downloading requests-2.32.3-py3-none-any.whl (64 kB)
2025-02-24T05:30:35.6394610Z Downloading certifi-2025.1.31-py3-none-any.whl (166 kB)
2025-02-24T05:30:35.6773664Z Downloading idna-3.10-py3-none-any.whl (70 kB)
2025-02-24T05:30:35.7393971Z Downloading six-1.17.0-py2.py3-none-any.whl (11 kB)
2025-02-24T05:30:35.7742372Z Downloading anyio-4.8.0-py3-none-any.whl (96 kB)
2025-02-24T05:30:35.8019578Z Downloading arrow-1.3.0-py3-none-any.whl (66 kB)
2025-02-24T05:30:35.8392258Z Downloading colorama-0.4.6-py2.py3-none-any.whl (25 kB)
2025-02-24T05:30:35.8680743Z Downloading pyproject_hooks-1.2.0-py3-none-any.whl (10 kB)
2025-02-24T05:30:35.8893258Z Downloading chardet-5.2.0-py3-none-any.whl (199 kB)
2025-02-24T05:30:35.9157897Z Downloading charset_normalizer-3.4.1-cp312-cp312-win_amd64.whl (102 kB)
2025-02-24T05:30:35.9468084Z Downloading h11-0.14.0-py3-none-any.whl (58 kB)
2025-02-24T05:30:35.9686317Z Downloading MarkupSafe-3.0.2-cp312-cp312-win_amd64.whl (15 kB)
2025-02-24T05:30:35.9909066Z Downloading mdurl-0.1.2-py3-none-any.whl (10.0 kB)
2025-02-24T05:30:36.0131347Z Downloading smmap-5.0.2-py3-none-any.whl (24 kB)
2025-02-24T05:30:36.0339139Z Downloading sniffio-1.3.1-py3-none-any.whl (10 kB)
2025-02-24T05:30:36.0581988Z Downloading text_unidecode-1.3-py2.py3-none-any.whl (78 kB)
2025-02-24T05:30:36.0819797Z Downloading types_python_dateutil-2.9.0.20241206-py3-none-any.whl (14 kB)
2025-02-24T05:30:36.1125633Z Downloading typing_extensions-4.12.2-py3-none-any.whl (37 kB)
2025-02-24T05:30:36.1340240Z Downloading urllib3-2.3.0-py3-none-any.whl (128 kB)
2025-02-24T05:30:36.2177366Z Building wheels for collected packages: briefcase
2025-02-24T05:30:36.2209669Z   Building wheel for briefcase (pyproject.toml): started
2025-02-24T05:30:37.1178348Z   Building wheel for briefcase (pyproject.toml): finished with status 'done'
2025-02-24T05:30:37.1202278Z   Created wheel for briefcase: filename=briefcase-0.3.23.dev11+g647c8ff5-py3-none-any.whl size=242423 sha256=4503019221d7eab3ac70ccae5c6319e072a2ff6e6b480bd505bb816190e83b67
2025-02-24T05:30:37.1204446Z   Stored in directory: C:\Users\runneradmin\AppData\Local\Temp\pip-ephem-wheel-cache-l15pvslu\wheels\c5\04\18\55524f7f66d67aa89c0ad161b560d13d7948240e6934e45f7e
2025-02-24T05:30:37.1243575Z Successfully built briefcase
2025-02-24T05:30:37.1913133Z Installing collected packages: text-unidecode, wheel, urllib3, typing_extensions, types-python-dateutil, tomli_w, sniffio, smmap, six, setuptools, pyyaml, python-slugify, pyproject_hooks, pygments, psutil, platformdirs, packaging, mdurl, MarkupSafe, idna, h11, colorama, charset-normalizer, chardet, certifi, requests, python-dateutil, markdown-it-py, Jinja2, httpcore, gitdb, click, build, binaryornot, anyio, rich, httpx, GitPython, arrow, cookiecutter, briefcase
2025-02-24T05:30:50.7892429Z Successfully installed GitPython-3.1.44 Jinja2-3.1.5 MarkupSafe-3.0.2 anyio-4.8.0 arrow-1.3.0 binaryornot-0.4.4 briefcase-0.3.23.dev11+g647c8ff5 build-1.2.2.post1 certifi-2025.1.31 chardet-5.2.0 charset-normalizer-3.4.1 click-8.1.8 colorama-0.4.6 cookiecutter-2.6.0 gitdb-4.0.12 h11-0.14.0 httpcore-1.0.7 httpx-0.28.1 idna-3.10 markdown-it-py-3.0.0 mdurl-0.1.2 packaging-24.2 platformdirs-4.3.6 psutil-7.0.0 pygments-2.19.1 pyproject_hooks-1.2.0 python-dateutil-2.9.0.post0 python-slugify-8.0.4 pyyaml-6.0.2 requests-2.32.3 rich-13.9.4 setuptools-75.8.0 six-1.17.0 smmap-5.0.2 sniffio-1.3.1 text-unidecode-1.3 tomli_w-1.2.0 types-python-dateutil-2.9.0.20241206 typing_extensions-4.12.2 urllib3-2.3.0 wheel-0.45.1
2025-02-24T05:30:51.3923395Z ##[group]Run actions/download-artifact@v4.1.8
2025-02-24T05:30:51.3923753Z with:
2025-02-24T05:30:51.3923955Z   pattern: Packages-toga-*
2025-02-24T05:30:51.3924187Z   merge-multiple: true
2025-02-24T05:30:51.3924377Z   path: dist
2025-02-24T05:30:51.3924553Z   repository: beeware/toga
2025-02-24T05:30:51.3924753Z   run-id: 13491433041
2025-02-24T05:30:51.3924914Z env:
2025-02-24T05:30:51.3925068Z   min_python_version: 3.9
2025-02-24T05:30:51.3925268Z   max_python_version: 3.12
2025-02-24T05:30:51.3925454Z   FORCE_COLOR: 1
2025-02-24T05:30:51.3925704Z   pythonLocation: C:\hostedtoolcache\windows\Python\3.12.9\x64
2025-02-24T05:30:51.3926112Z   PKG_CONFIG_PATH: C:\hostedtoolcache\windows\Python\3.12.9\x64/lib/pkgconfig
2025-02-24T05:30:51.3926514Z   Python_ROOT_DIR: C:\hostedtoolcache\windows\Python\3.12.9\x64
2025-02-24T05:30:51.3926875Z   Python2_ROOT_DIR: C:\hostedtoolcache\windows\Python\3.12.9\x64
2025-02-24T05:30:51.3927276Z   Python3_ROOT_DIR: C:\hostedtoolcache\windows\Python\3.12.9\x64
2025-02-24T05:30:51.3927558Z ##[endgroup]
2025-02-24T05:30:52.1144776Z Found 56 artifact(s)
2025-02-24T05:30:52.1145614Z Filtering artifacts by pattern 'Packages-toga-*'
2025-02-24T05:30:52.1173648Z Preparing to download the following artifacts:
2025-02-24T05:30:52.1174304Z - Packages-toga-winforms (ID: 2639028467, Size: 912617)
2025-02-24T05:30:52.1174912Z - Packages-toga-android (ID: 2639028440, Size: 138194)
2025-02-24T05:30:52.1176109Z - Packages-toga-gtk (ID: 2639028386, Size: 142074)
2025-02-24T05:30:52.1176711Z - Packages-toga-iOS (ID: 2639028383, Size: 872356)
2025-02-24T05:30:52.1177526Z - Packages-toga-toga (ID: 2639028349, Size: 7274)
2025-02-24T05:30:52.1177983Z - Packages-toga-core (ID: 2639028344, Size: 1153697)
2025-02-24T05:30:52.1178346Z - Packages-toga-dummy (ID: 2639028309, Size: 148484)
2025-02-24T05:30:52.1178768Z - Packages-toga-web (ID: 2639028241, Size: 34922)
2025-02-24T05:30:52.1179424Z - Packages-toga-textual (ID: 2639028202, Size: 32035)
2025-02-24T05:30:52.1179859Z - Packages-toga-travertino (ID: 2639028133, Size: 62305)
2025-02-24T05:30:52.1180272Z - Packages-toga-demo (ID: 2639028110, Size: 1242381)
2025-02-24T05:30:52.1180643Z - Packages-toga-cocoa (ID: 2639028073, Size: 929338)
2025-02-24T05:30:52.2889861Z Redirecting to blob download url: https://productionresultssa12.blob.core.windows.net/actions-results/cf52b554-71be-4a91-94b2-8eec2b4d890b/workflow-job-run-3124742b-843a-5b41-b426-aef8afedb9f7/artifacts/442c3fefacaa5f4a317396d7241d3673a3eab28c29b7e651a0b97534d592e35d.zip
2025-02-24T05:30:52.2895366Z Starting download of artifact to: D:\a\toga\toga\dist
2025-02-24T05:30:52.3902031Z Redirecting to blob download url: https://productionresultssa12.blob.core.windows.net/actions-results/cf52b554-71be-4a91-94b2-8eec2b4d890b/workflow-job-run-98be74ae-5157-5c81-b7d0-b2ef5821a81e/artifacts/6e0cae3735cba3d010b2e4c6917aa1f2ffe72638fbddcfcf5e7d00e456e64178.zip
2025-02-24T05:30:52.3903887Z Starting download of artifact to: D:\a\toga\toga\dist
2025-02-24T05:30:52.3973720Z Redirecting to blob download url: https://productionresultssa12.blob.core.windows.net/actions-results/cf52b554-71be-4a91-94b2-8eec2b4d890b/workflow-job-run-996a8579-f179-559d-4190-0dfa80ff20d7/artifacts/78e64f25892d1e62a7fba16b04b2d38f38656067df6d708afd5432245debf794.zip
2025-02-24T05:30:52.3976142Z Starting download of artifact to: D:\a\toga\toga\dist
2025-02-24T05:30:52.4002387Z Redirecting to blob download url: https://productionresultssa12.blob.core.windows.net/actions-results/cf52b554-71be-4a91-94b2-8eec2b4d890b/workflow-job-run-e2a6fa47-47a3-5188-27fb-56f4e71042c8/artifacts/5425332638acb926f3e0f42935440601f1f6cf4c943281c5f8b926bd1948bc25.zip
2025-02-24T05:30:52.4003892Z Starting download of artifact to: D:\a\toga\toga\dist
2025-02-24T05:30:52.4016412Z Redirecting to blob download url: https://productionresultssa12.blob.core.windows.net/actions-results/cf52b554-71be-4a91-94b2-8eec2b4d890b/workflow-job-run-866e389a-a1a0-5c67-a00f-72c22223abfe/artifacts/b4bca85baf5c112d5a88797759fe2e27b3de49b97e7268608199152765d6405a.zip
2025-02-24T05:30:52.4018340Z Starting download of artifact to: D:\a\toga\toga\dist
2025-02-24T05:30:52.4111746Z Redirecting to blob download url: https://productionresultssa12.blob.core.windows.net/actions-results/cf52b554-71be-4a91-94b2-8eec2b4d890b/workflow-job-run-18bbcbc6-8763-5d15-2620-0ac883eea9b0/artifacts/42ca5e4547811af7883a91d6c65b481266e15c0cdc8d243ec9aae2b558253c02.zip
2025-02-24T05:30:52.4114661Z Starting download of artifact to: D:\a\toga\toga\dist
2025-02-24T05:30:52.4124076Z Redirecting to blob download url: https://productionresultssa12.blob.core.windows.net/actions-results/cf52b554-71be-4a91-94b2-8eec2b4d890b/workflow-job-run-7815ca6b-1b41-513e-fbe7-8eccb083611a/artifacts/1660c57eb65463a413672e3e25e0e2a0d8c8794547115554b39228f20230f22e.zip
2025-02-24T05:30:52.4125227Z Starting download of artifact to: D:\a\toga\toga\dist
2025-02-24T05:30:52.4260930Z Redirecting to blob download url: https://productionresultssa12.blob.core.windows.net/actions-results/cf52b554-71be-4a91-94b2-8eec2b4d890b/workflow-job-run-46aa3184-e851-51af-58d5-831072cd673f/artifacts/485660db63ec446c9f562cc6bdf49c64bf27c37a329b95a30a2467812096f020.zip
2025-02-24T05:30:52.4264302Z Starting download of artifact to: D:\a\toga\toga\dist
2025-02-24T05:30:52.4276541Z Redirecting to blob download url: https://productionresultssa12.blob.core.windows.net/actions-results/cf52b554-71be-4a91-94b2-8eec2b4d890b/workflow-job-run-f1ed5179-285b-5126-8d3b-2df284d1f11c/artifacts/a55c024fa54bd7854415e2c7edfeb2c5046af07e859f8da7b852b08eadc84e2a.zip
2025-02-24T05:30:52.4277746Z Starting download of artifact to: D:\a\toga\toga\dist
2025-02-24T05:30:52.4308050Z Redirecting to blob download url: https://productionresultssa12.blob.core.windows.net/actions-results/cf52b554-71be-4a91-94b2-8eec2b4d890b/workflow-job-run-c851c84b-57ed-5071-9878-2279ccd891b8/artifacts/5eb57499beb40f05e15583bbf1c077df75bc75fa11156590733b79c2f9774e5a.zip
2025-02-24T05:30:52.4309617Z Starting download of artifact to: D:\a\toga\toga\dist
2025-02-24T05:30:52.4325593Z Redirecting to blob download url: https://productionresultssa12.blob.core.windows.net/actions-results/cf52b554-71be-4a91-94b2-8eec2b4d890b/workflow-job-run-832e8880-3eb6-5d89-0c04-ef547b46a59e/artifacts/dd722970e727682fe8f4f464e3511dbda02932b6586e5f2f8ac9f8f11f50cdc9.zip
2025-02-24T05:30:52.4326767Z Starting download of artifact to: D:\a\toga\toga\dist
2025-02-24T05:30:52.4417261Z Redirecting to blob download url: https://productionresultssa12.blob.core.windows.net/actions-results/cf52b554-71be-4a91-94b2-8eec2b4d890b/workflow-job-run-137efbf3-bb9f-5901-016f-a9ca027ec083/artifacts/3f2c1a4e1441705d00c0abbd5f3913c6b215c2d9365be6ffa9fcc342e7742def.zip
2025-02-24T05:30:52.4418598Z Starting download of artifact to: D:\a\toga\toga\dist
2025-02-24T05:30:52.7416255Z (node:7900) [DEP0005] DeprecationWarning: Buffer() is deprecated due to security and usability issues. Please use the Buffer.alloc(), Buffer.allocUnsafe(), or Buffer.from() methods instead.
2025-02-24T05:30:52.7417150Z (Use `node --trace-deprecation ...` to show where the warning was created)
2025-02-24T05:30:52.7835896Z Artifact download completed successfully.
2025-02-24T05:30:52.7881191Z Artifact download completed successfully.
2025-02-24T05:30:52.8169819Z Artifact download completed successfully.
2025-02-24T05:30:52.8499007Z Artifact download completed successfully.
2025-02-24T05:30:52.9235438Z Artifact download completed successfully.
2025-02-24T05:30:52.9580883Z Artifact download completed successfully.
2025-02-24T05:30:52.9676942Z Artifact download completed successfully.
2025-02-24T05:30:52.9710544Z Artifact download completed successfully.
2025-02-24T05:30:53.1868419Z Artifact download completed successfully.
2025-02-24T05:30:53.2291806Z Artifact download completed successfully.
2025-02-24T05:30:53.2432349Z Artifact download completed successfully.
2025-02-24T05:30:53.2972671Z Artifact download completed successfully.
2025-02-24T05:30:53.2973086Z Total of 12 artifact(s) downloaded
2025-02-24T05:30:53.2983828Z Download artifact has finished successfully
2025-02-24T05:30:53.3237066Z ##[group]Run \
2025-02-24T05:30:53.3237333Z [36;1m \[0m
2025-02-24T05:30:53.3237576Z [36;1m  briefcase run windows --log --test  -- --ci[0m
2025-02-24T05:30:53.3249620Z shell: C:\Program Files\Git\bin\bash.EXE --noprofile --norc -e -o pipefail {0}
2025-02-24T05:30:53.3249977Z env:
2025-02-24T05:30:53.3250141Z   min_python_version: 3.9
2025-02-24T05:30:53.3250350Z   max_python_version: 3.12
2025-02-24T05:30:53.3250542Z   FORCE_COLOR: 1
2025-02-24T05:30:53.3250804Z   pythonLocation: C:\hostedtoolcache\windows\Python\3.12.9\x64
2025-02-24T05:30:53.3251227Z   PKG_CONFIG_PATH: C:\hostedtoolcache\windows\Python\3.12.9\x64/lib/pkgconfig
2025-02-24T05:30:53.3251644Z   Python_ROOT_DIR: C:\hostedtoolcache\windows\Python\3.12.9\x64
2025-02-24T05:30:53.3252000Z   Python2_ROOT_DIR: C:\hostedtoolcache\windows\Python\3.12.9\x64
2025-02-24T05:30:53.3252366Z   Python3_ROOT_DIR: C:\hostedtoolcache\windows\Python\3.12.9\x64
2025-02-24T05:30:53.3252654Z ##[endgroup]
2025-02-24T05:30:54.0837797Z 
2025-02-24T05:30:54.0850360Z [rcedit] RCEdit was not found; downloading and installing...
2025-02-24T05:30:54.9641858Z Downloading rcedit-x64.exe...
2025-02-24T05:30:56.3067005Z 
2025-02-24T05:30:56.3077400Z [testbed] Generating application template...
2025-02-24T05:30:56.3402963Z Assigning testbed an application GUID of ff84fa19-9b84-50e7-b673-532e3b57e236
2025-02-24T05:30:56.3418179Z Using app template: https://github.com/beeware/briefcase-windows-app-template.git, branch v0.3.23
2025-02-24T05:30:56.3428219Z Cloning template 'https://github.com/beeware/briefcase-windows-app-template.git'...
2025-02-24T05:30:57.3659569Z Template branch v0.3.23 not found; falling back to development template
2025-02-24T05:30:57.8196929Z Using existing template (sha 7cf714c2995c6d1cfbef9b0b45d0c001c3c4bf95, updated Fri Feb 14 08:15:39 2025)
2025-02-24T05:30:58.4831970Z 
2025-02-24T05:30:58.4843431Z [testbed] Installing support package...
2025-02-24T05:30:58.4857759Z Using support package https://www.python.org/ftp/python/3.12.7/python-3.12.7-embed-amd64.zip
2025-02-24T05:30:58.7526981Z Downloading python-3.12.7-embed-amd64.zip...
2025-02-24T05:30:58.8496981Z Unpacking support package... started
2025-02-24T05:30:58.9680754Z Unpacking support package... done
2025-02-24T05:30:58.9693254Z 
2025-02-24T05:30:58.9707100Z [testbed] Installing stub binary...
2025-02-24T05:30:58.9723453Z Using stub binary https://briefcase-support.s3.amazonaws.com/python/3.12/windows/GUI-Stub-3.12-b7.zip
2025-02-24T05:30:59.4237541Z Downloading GUI-Stub-3.12-b7.zip...
2025-02-24T05:30:59.4582384Z Installing stub binary... started
2025-02-24T05:30:59.4603576Z Installing stub binary... done
2025-02-24T05:30:59.4611550Z 
2025-02-24T05:30:59.4619343Z [testbed] Installing application code...
2025-02-24T05:30:59.4655348Z Installing src/testbed... started
2025-02-24T05:30:59.4833493Z Installing src/testbed... done
2025-02-24T05:30:59.4841153Z Installing tests... started
2025-02-24T05:30:59.4976558Z Installing tests... done
2025-02-24T05:30:59.4984482Z Installing ../winforms/tests_backend... started
2025-02-24T05:30:59.5069224Z Installing ../winforms/tests_backend... done
2025-02-24T05:30:59.5083595Z 
2025-02-24T05:30:59.5091989Z [testbed] Installing requirements...
2025-02-24T05:30:59.5104628Z Installing app requirements... started
2025-02-24T05:31:00.9290668Z Looking in links: d:\a\toga\toga\dist
2025-02-24T05:31:00.9299981Z Processing d:\a\toga\toga\travertino
2025-02-24T05:31:00.9323716Z   Installing build dependencies: started
2025-02-24T05:31:04.4022233Z   Installing build dependencies: finished with status 'done'
2025-02-24T05:31:04.4038228Z   Getting requirements to build wheel: started
2025-02-24T05:31:05.1787048Z   Getting requirements to build wheel: finished with status 'done'
2025-02-24T05:31:05.1811573Z   Preparing metadata (pyproject.toml): started
2025-02-24T05:31:05.9579617Z   Preparing metadata (pyproject.toml): finished with status 'done'
2025-02-24T05:31:05.9621345Z Processing d:\a\toga\toga\core
2025-02-24T05:31:05.9651104Z   Installing build dependencies: started
2025-02-24T05:31:09.8164912Z   Installing build dependencies: finished with status 'done'
2025-02-24T05:31:09.8178932Z   Getting requirements to build wheel: started
2025-02-24T05:31:10.6294937Z   Getting requirements to build wheel: finished with status 'done'
2025-02-24T05:31:10.6320905Z   Preparing metadata (pyproject.toml): started
2025-02-24T05:31:11.4602339Z   Preparing metadata (pyproject.toml): finished with status 'done'
2025-02-24T05:31:11.4649785Z Processing d:\a\toga\toga\winforms
2025-02-24T05:31:11.4679624Z   Installing build dependencies: started
2025-02-24T05:31:15.1411087Z   Installing build dependencies: finished with status 'done'
2025-02-24T05:31:15.1429602Z   Getting requirements to build wheel: started
2025-02-24T05:31:15.9328955Z   Getting requirements to build wheel: finished with status 'done'
2025-02-24T05:31:15.9353834Z   Preparing metadata (pyproject.toml): started
2025-02-24T05:31:16.7316982Z   Preparing metadata (pyproject.toml): finished with status 'done'
2025-02-24T05:31:16.7347287Z Ignoring fonttools: markers 'sys_platform == "linux"' don't match your environment
2025-02-24T05:31:17.0580478Z Collecting coverage==7.6.12
2025-02-24T05:31:17.1144660Z   Downloading coverage-7.6.12-cp312-cp312-win_amd64.whl.metadata (8.7 kB)
2025-02-24T05:31:17.1564769Z Collecting coverage-conditional-plugin==0.9.0
2025-02-24T05:31:17.1687083Z   Downloading coverage_conditional_plugin-0.9.0-py3-none-any.whl.metadata (6.9 kB)
2025-02-24T05:31:17.3300162Z Collecting pillow==11.0.0
2025-02-24T05:31:17.3448664Z   Downloading pillow-11.0.0-cp312-cp312-win_amd64.whl.metadata (9.3 kB)
2025-02-24T05:31:17.4063935Z Collecting pytest==8.3.4
2025-02-24T05:31:17.4178723Z   Downloading pytest-8.3.4-py3-none-any.whl.metadata (7.5 kB)
2025-02-24T05:31:17.4821986Z Collecting pytest-asyncio==0.25.3
2025-02-24T05:31:17.4941720Z   Downloading pytest_asyncio-0.25.3-py3-none-any.whl.metadata (3.9 kB)
2025-02-24T05:31:17.5437788Z Collecting packaging>=20.4 (from coverage-conditional-plugin==0.9.0)
2025-02-24T05:31:17.5452846Z   Using cached packaging-24.2-py3-none-any.whl.metadata (3.2 kB)
2025-02-24T05:31:17.5728666Z Collecting colorama (from pytest==8.3.4)
2025-02-24T05:31:17.5743664Z   Using cached colorama-0.4.6-py2.py3-none-any.whl.metadata (17 kB)
2025-02-24T05:31:17.6010166Z Collecting iniconfig (from pytest==8.3.4)
2025-02-24T05:31:17.6121015Z   Downloading iniconfig-2.0.0-py3-none-any.whl.metadata (2.6 kB)
2025-02-24T05:31:17.6532361Z Collecting pluggy<2,>=1.5 (from pytest==8.3.4)
2025-02-24T05:31:17.6640826Z   Downloading pluggy-1.5.0-py3-none-any.whl.metadata (4.8 kB)
2025-02-24T05:31:17.7194988Z Collecting pythonnet>=3.0.0 (from toga-winforms==0.4.9.dev608+g01152b56b)
2025-02-24T05:31:17.7311987Z   Downloading pythonnet-3.0.5-py3-none-any.whl.metadata (6.6 kB)
2025-02-24T05:31:17.7804364Z Collecting clr_loader<0.3.0,>=0.2.7 (from pythonnet>=3.0.0->toga-winforms==0.4.9.dev608+g01152b56b)
2025-02-24T05:31:17.7917393Z   Downloading clr_loader-0.2.7.post0-py3-none-any.whl.metadata (1.5 kB)
2025-02-24T05:31:17.8966559Z Collecting cffi>=1.17 (from clr_loader<0.3.0,>=0.2.7->pythonnet>=3.0.0->toga-winforms==0.4.9.dev608+g01152b56b)
2025-02-24T05:31:17.9097696Z   Downloading cffi-1.17.1-cp312-cp312-win_amd64.whl.metadata (1.6 kB)
2025-02-24T05:31:17.9465355Z Collecting pycparser (from cffi>=1.17->clr_loader<0.3.0,>=0.2.7->pythonnet>=3.0.0->toga-winforms==0.4.9.dev608+g01152b56b)
2025-02-24T05:31:17.9571422Z   Downloading pycparser-2.22-py3-none-any.whl.metadata (943 bytes)
2025-02-24T05:31:17.9850056Z Downloading coverage-7.6.12-cp312-cp312-win_amd64.whl (212 kB)
2025-02-24T05:31:18.0315951Z Downloading coverage_conditional_plugin-0.9.0-py3-none-any.whl (7.3 kB)
2025-02-24T05:31:18.0615815Z Downloading pillow-11.0.0-cp312-cp312-win_amd64.whl (2.6 MB)
2025-02-24T05:31:18.1846309Z    ---------------------------------------- 0.0/2.6 MB ? eta -:--:--
2025-02-24T05:31:18.1856442Z    ---------------------------------------- 2.6/2.6 MB 21.0 MB/s eta 0:00:00
2025-02-24T05:31:18.1951421Z Downloading pytest-8.3.4-py3-none-any.whl (343 kB)
2025-02-24T05:31:18.2225228Z Downloading pytest_asyncio-0.25.3-py3-none-any.whl (19 kB)
2025-02-24T05:31:18.2339678Z Using cached packaging-24.2-py3-none-any.whl (65 kB)
2025-02-24T05:31:18.2446498Z Downloading pluggy-1.5.0-py3-none-any.whl (20 kB)
2025-02-24T05:31:18.2675754Z Downloading pythonnet-3.0.5-py3-none-any.whl (297 kB)
2025-02-24T05:31:18.2831652Z Using cached colorama-0.4.6-py2.py3-none-any.whl (25 kB)
2025-02-24T05:31:18.2938215Z Downloading iniconfig-2.0.0-py3-none-any.whl (5.9 kB)
2025-02-24T05:31:18.3151927Z Downloading clr_loader-0.2.7.post0-py3-none-any.whl (50 kB)
2025-02-24T05:31:18.3384447Z Downloading cffi-1.17.1-cp312-cp312-win_amd64.whl (181 kB)
2025-02-24T05:31:18.3694504Z Downloading pycparser-2.22-py3-none-any.whl (117 kB)
2025-02-24T05:31:18.4065600Z Building wheels for collected packages: travertino, toga-core, toga-winforms
2025-02-24T05:31:18.4167374Z   Building wheel for travertino (pyproject.toml): started
2025-02-24T05:31:19.2275803Z   Building wheel for travertino (pyproject.toml): finished with status 'done'
2025-02-24T05:31:19.2296980Z   Created wheel for travertino: filename=travertino-0.4.9.dev608+g01152b56b-py3-none-any.whl size=23064 sha256=f7c5cd23e534204efb57daef2c54dfbe3f679e3c9b3eb28ad9b4718b9d6d09ee
2025-02-24T05:31:19.2307141Z   Stored in directory: C:\Users\runneradmin\AppData\Local\Temp\pip-ephem-wheel-cache-v6e62h2i\wheels\cc\7b\99\9cf672884cc446be231eabf51d1f4fab37986cf5c78e4fbfce
2025-02-24T05:31:19.2356756Z   Building wheel for toga-core (pyproject.toml): started
2025-02-24T05:31:20.1898429Z   Building wheel for toga-core (pyproject.toml): finished with status 'done'
2025-02-24T05:31:20.1919142Z   Created wheel for toga-core: filename=toga_core-0.4.9.dev608+g01152b56b-py3-none-any.whl size=144043 sha256=ce8e1e6c86f915e3d25af664e620db7db8a0d206a77706d600d766d30800cf29
2025-02-24T05:31:20.1928655Z   Stored in directory: C:\Users\runneradmin\AppData\Local\Temp\pip-ephem-wheel-cache-v6e62h2i\wheels\45\92\e2\68affe3358429e9c262c1291fd97a4c6e691dab3ee0617898a
2025-02-24T05:31:20.1977498Z   Building wheel for toga-winforms (pyproject.toml): started
2025-02-24T05:31:21.1533460Z   Building wheel for toga-winforms (pyproject.toml): finished with status 'done'
2025-02-24T05:31:21.1557983Z   Created wheel for toga-winforms: filename=toga_winforms-0.4.9.dev608+g01152b56b-py3-none-any.whl size=461389 sha256=50d1122bc06490ef757984cd767a5e4cee01b3bb4634ebcc10e351b2c42cfeee
2025-02-24T05:31:21.1567161Z   Stored in directory: C:\Users\runneradmin\AppData\Local\Temp\pip-ephem-wheel-cache-v6e62h2i\wheels\5b\4b\28\e63644022e5fbf87e073b5a887aa8ace0d06dd061561f2345e
2025-02-24T05:31:21.1592812Z Successfully built travertino toga-core toga-winforms
2025-02-24T05:31:21.2315168Z Installing collected packages: travertino, pycparser, pluggy, pillow, packaging, iniconfig, coverage, colorama, toga-core, pytest, coverage-conditional-plugin, cffi, pytest-asyncio, clr_loader, pythonnet, toga-winforms
2025-02-24T05:31:25.2581956Z Successfully installed cffi-1.17.1 clr_loader-0.2.7.post0 colorama-0.4.6 coverage-7.6.12 coverage-conditional-plugin-0.9.0 iniconfig-2.0.0 packaging-24.2 pillow-11.0.0 pluggy-1.5.0 pycparser-2.22 pytest-8.3.4 pytest-asyncio-0.25.3 pythonnet-3.0.5 toga-core-0.4.9.dev608+g01152b56b toga-winforms-0.4.9.dev608+g01152b56b travertino-0.4.9.dev608+g01152b56b
2025-02-24T05:31:26.2952826Z Installing app requirements... done
2025-02-24T05:31:26.2959710Z 
2025-02-24T05:31:26.2967884Z [testbed] Installing application resources...
2025-02-24T05:31:26.2977638Z Installing icons/testbed.ico as application icon... started
2025-02-24T05:31:26.2992658Z Installing icons/testbed.ico as application icon... done
2025-02-24T05:31:26.3000054Z 
2025-02-24T05:31:26.3008277Z [testbed] Removing unneeded app content...
2025-02-24T05:31:26.3016678Z Removing unneeded app bundle content... started
2025-02-24T05:31:26.3790293Z Removing unneeded app bundle content... done
2025-02-24T05:31:26.3798137Z 
2025-02-24T05:31:26.3806253Z [testbed] Created build\testbed\windows\app
2025-02-24T05:31:26.3816328Z 
2025-02-24T05:31:26.3824478Z [testbed] Building App...
2025-02-24T05:31:26.3833646Z Renaming stub binary... started
2025-02-24T05:31:26.3843058Z Renaming stub binary... done
2025-02-24T05:31:26.3850894Z Removing any digital signatures from stub app... started
2025-02-24T05:31:26.4744387Z Removing any digital signatures from stub app... done
2025-02-24T05:31:26.4751302Z Setting stub app details... started
2025-02-24T05:31:26.5843968Z Setting stub app details... done
2025-02-24T05:31:26.5852618Z 
2025-02-24T05:31:26.5861623Z [testbed] Built build\testbed\windows\app\src\Toga Testbed.exe (test mode)
2025-02-24T05:31:26.5872051Z 
2025-02-24T05:31:26.5880338Z [testbed] Starting test_suite...
2025-02-24T05:31:26.5966911Z ===========================================================================
2025-02-24T05:31:29.5131530Z Waiting for app to be ready for testing... --ci: Don't know how to open documents with extension
2025-02-24T05:31:29.5717692Z ready.
2025-02-24T05:31:29.7828234Z ============================= test session starts =============================
2025-02-24T05:31:32.4456491Z collecting ... collected 583 items / 3 skipped
2025-02-24T05:31:32.4476985Z 
2025-02-24T05:31:33.0193383Z tests\app\test_app.py::test_main_window_toolbar PASSED                   [  0%]
2025-02-24T05:31:33.2545819Z tests\app\test_app.py::test_system_menus PASSED                          [  0%]
2025-02-24T05:31:33.9136730Z tests\app\test_app.py::test_menu_about PASSED                            [  0%]
2025-02-24T05:31:34.1497427Z tests\app\test_app.py::test_menu_visit_homepage PASSED                   [  0%]
2025-02-24T05:31:34.4161810Z tests\app\test_app.py::test_menu_items PASSED                            [  0%]
2025-02-24T05:31:34.6521056Z tests\app\test_app.py::test_beep PASSED                                  [  1%]
2025-02-24T05:31:34.9031067Z tests\app\test_app.py::test_screens PASSED                               [  1%]
2025-02-24T05:31:35.2499278Z tests\app\test_app.py::test_app_icon PASSED                              [  1%]
2025-02-24T05:31:35.4848831Z tests\app\test_app.py::test_dark_mode_state_read PASSED                  [  1%]
2025-02-24T05:31:35.7676339Z tests\app\test_desktop.py::test_exit_on_close_main_window PASSED         [  1%]
2025-02-24T05:31:36.0348468Z tests\app\test_desktop.py::test_menu_exit PASSED                         [  1%]
2025-02-24T05:31:36.2772211Z tests\app\test_desktop.py::test_menu_close_windows XFAIL (This platform
2025-02-24T05:31:36.3314650Z doesn't have a window management menu)                                   [  2%]
2025-02-24T05:31:36.5889841Z tests\app\test_desktop.py::test_menu_minimize XFAIL (This platform
2025-02-24T05:31:36.6480278Z doesn't have a window management menu)                                   [  2%]
2025-02-24T05:31:36.9807218Z tests\app\test_desktop.py::test_app_level_menu_hide XFAIL (This platform
2025-02-24T05:31:37.0334948Z doesn't present a app level hide option in menu.)                        [  2%]
2025-02-24T05:31:37.4331663Z tests\app\test_desktop.py::test_presentation_mode PASSED                 [  2%]
2025-02-24T05:31:37.8731680Z tests\app\test_desktop.py::test_window_presentation_exit_on_another_window_presentation PASSED [  2%]
2025-02-24T05:31:38.3599094Z tests\app\test_desktop.py::test_presentation_mode_exit_on_window_state_change[WindowState.MINIMIZED] PASSED [  2%]
2025-02-24T05:31:38.8468761Z tests\app\test_desktop.py::test_presentation_mode_exit_on_window_state_change[WindowState.MAXIMIZED] PASSED [  3%]
2025-02-24T05:31:39.3800641Z tests\app\test_desktop.py::test_presentation_mode_exit_on_window_state_change[WindowState.FULLSCREEN] PASSED [  3%]
2025-02-24T05:31:40.2785245Z tests\app\test_desktop.py::test_show_hide_cursor PASSED                  [  3%]
2025-02-24T05:31:40.8908893Z tests\app\test_desktop.py::test_current_window PASSED                    [  3%]
2025-02-24T05:31:41.1736242Z tests\app\test_desktop.py::test_system_dpi_change[1.0-SystemEvents.DisplaySettingsChanged] SKIPPED [  3%]
2025-02-24T05:31:41.4111157Z tests\app\test_desktop.py::test_system_dpi_change[1.0-Form.LocationChanged] SKIPPED [  3%]
2025-02-24T05:31:41.6464759Z tests\app\test_desktop.py::test_system_dpi_change[1.0-Form.Resize] SKIPPED [  4%]
2025-02-24T05:31:42.0488726Z tests\app\test_desktop.py::test_system_dpi_change[1.25-SystemEvents.DisplaySettingsChanged] PASSED [  4%]
2025-02-24T05:31:42.3846779Z tests\app\test_desktop.py::test_system_dpi_change[1.25-Form.LocationChanged] PASSED [  4%]
2025-02-24T05:31:42.7455020Z tests\app\test_desktop.py::test_system_dpi_change[1.25-Form.Resize] PASSED [  4%]
2025-02-24T05:31:43.1224993Z tests\app\test_desktop.py::test_system_dpi_change[1.5-SystemEvents.DisplaySettingsChanged] PASSED [  4%]
2025-02-24T05:31:43.4682112Z tests\app\test_desktop.py::test_system_dpi_change[1.5-Form.LocationChanged] PASSED [  4%]
2025-02-24T05:31:43.8132727Z tests\app\test_desktop.py::test_system_dpi_change[1.5-Form.Resize] PASSED [  5%]
2025-02-24T05:31:44.1749860Z tests\app\test_desktop.py::test_system_dpi_change[1.75-SystemEvents.DisplaySettingsChanged] PASSED [  5%]
2025-02-24T05:31:44.5205193Z tests\app\test_desktop.py::test_system_dpi_change[1.75-Form.LocationChanged] PASSED [  5%]
2025-02-24T05:31:44.8657893Z tests\app\test_desktop.py::test_system_dpi_change[1.75-Form.Resize] PASSED [  5%]
2025-02-24T05:31:45.2267848Z tests\app\test_desktop.py::test_system_dpi_change[2.0-SystemEvents.DisplaySettingsChanged] PASSED [  5%]
2025-02-24T05:31:45.5878689Z tests\app\test_desktop.py::test_system_dpi_change[2.0-Form.LocationChanged] PASSED [  6%]
2025-02-24T05:31:45.9484608Z tests\app\test_desktop.py::test_system_dpi_change[2.0-Form.Resize] PASSED [  6%]
2025-02-24T05:31:46.2786737Z tests\app\test_desktop.py::test_session_based_app PASSED                 [  6%]
2025-02-24T05:31:46.6086119Z tests\app\test_desktop.py::test_background_app PASSED                    [  6%]
2025-02-24T05:31:46.9528765Z tests\app\test_dialogs.py::test_info_dialog PASSED                       [  6%]
2025-02-24T05:31:47.3142749Z tests\app\test_dialogs.py::test_question_dialog[False] PASSED            [  6%]
2025-02-24T05:31:47.6756368Z tests\app\test_dialogs.py::test_question_dialog[True] PASSED             [  7%]
2025-02-24T05:31:48.0364957Z tests\app\test_dialogs.py::test_confirm_dialog[False] PASSED             [  7%]
2025-02-24T05:31:48.3823880Z tests\app\test_dialogs.py::test_confirm_dialog[True] PASSED              [  7%]
2025-02-24T05:31:48.7432742Z tests\app\test_dialogs.py::test_error_dialog PASSED                      [  7%]
2025-02-24T05:31:49.5286293Z tests\app\test_dialogs.py::test_stack_trace_dialog[None] PASSED          [  7%]
2025-02-24T05:31:49.9053495Z tests\app\test_dialogs.py::test_stack_trace_dialog[False] PASSED         [  7%]
2025-02-24T05:31:50.2821232Z tests\app\test_dialogs.py::test_stack_trace_dialog[True] PASSED          [  8%]
2025-02-24T05:31:52.3775114Z tests\app\test_dialogs.py::test_save_file_dialog[/path/to/file.txt-None-result0] PASSED [  8%]
2025-02-24T05:31:52.7940942Z tests\app\test_dialogs.py::test_save_file_dialog[/path/to/file.txt-None-None] PASSED [  8%]
2025-02-24T05:31:53.2021672Z tests\app\test_dialogs.py::test_save_file_dialog[/path/to/file.txt-file_types2-result2] PASSED [  8%]
2025-02-24T05:31:53.6098438Z tests\app\test_dialogs.py::test_save_file_dialog[/path/to/file.txt-file_types3-None] PASSED [  8%]
2025-02-24T05:31:54.2856248Z tests\app\test_dialogs.py::test_open_file_dialog[initial_directory0-None-False-result0] PASSED [  8%]
2025-02-24T05:31:54.8666952Z tests\app\test_dialogs.py::test_open_file_dialog[initial_directory1-None-False-None] PASSED [  9%]
2025-02-24T05:31:55.2747378Z tests\app\test_dialogs.py::test_open_file_dialog[None-None-False-result2] PASSED [  9%]
2025-02-24T05:31:55.6828807Z tests\app\test_dialogs.py::test_open_file_dialog[initial_directory3-file_types3-False-result3] PASSED [  9%]
2025-02-24T05:31:56.1234690Z tests\app\test_dialogs.py::test_open_file_dialog[initial_directory4-None-True-result4] PASSED [  9%]
2025-02-24T05:31:56.5621899Z tests\app\test_dialogs.py::test_open_file_dialog[initial_directory5-None-True-result5] PASSED [  9%]
2025-02-24T05:31:56.9869155Z tests\app\test_dialogs.py::test_open_file_dialog[initial_directory6-None-True-None] PASSED [  9%]
2025-02-24T05:31:57.4256490Z tests\app\test_dialogs.py::test_open_file_dialog[None-None-True-result7] PASSED [ 10%]
2025-02-24T05:31:57.8493890Z tests\app\test_dialogs.py::test_open_file_dialog[initial_directory8-file_types8-True-result8] PASSED [ 10%]
2025-02-24T05:31:58.7901505Z tests\app\test_dialogs.py::test_select_folder_dialog[initial_directory0-False-result0] PASSED [ 10%]
2025-02-24T05:31:59.1979029Z tests\app\test_dialogs.py::test_select_folder_dialog[initial_directory1-False-None] PASSED [ 10%]
2025-02-24T05:31:59.5900231Z tests\app\test_dialogs.py::test_select_folder_dialog[None-False-result2] PASSED [ 10%]
2025-02-24T05:32:00.0011308Z tests\app\test_dialogs.py::test_select_folder_dialog[initial_directory3-True-result3] PASSED [ 10%]
2025-02-24T05:32:00.4050430Z tests\app\test_dialogs.py::test_select_folder_dialog[initial_directory4-True-result4] PASSED [ 11%]
2025-02-24T05:32:00.7835298Z tests\app\test_dialogs.py::test_select_folder_dialog[initial_directory5-True-None] PASSED [ 11%]
2025-02-24T05:32:01.0658184Z tests\app\test_document_app.py::test_new_document PASSED                 [ 11%]
2025-02-24T05:32:01.4583169Z tests\app\test_document_app.py::test_open_document PASSED                [ 11%]
2025-02-24T05:32:01.7562123Z tests\app\test_document_app.py::test_open_missing_document PASSED        [ 11%]
2025-02-24T05:32:02.0388145Z tests\app\test_document_app.py::test_open_bad_document PASSED            [ 12%]
2025-02-24T05:32:02.2741941Z tests\app\test_document_app.py::test_open_initial_document XFAIL         [ 12%]
2025-02-24T05:32:02.5091379Z tests\app\test_document_app.py::test_open_document_by_drag XFAIL         [ 12%]
2025-02-24T05:32:02.8863700Z tests\app\test_document_app.py::test_save_document PASSED                [ 12%]
2025-02-24T05:32:03.3109728Z tests\app\test_document_app.py::test_save_as_document PASSED             [ 12%]
2025-02-24T05:32:03.7174173Z tests\app\test_document_app.py::test_save_all_documents PASSED           [ 12%]
2025-02-24T05:32:03.9699958Z tests\app\test_screens.py::test_name PASSED                              [ 13%]
2025-02-24T05:32:04.2055082Z tests\app\test_screens.py::test_origin PASSED                            [ 13%]
2025-02-24T05:32:04.4407908Z tests\app\test_screens.py::test_size PASSED                              [ 13%]
2025-02-24T05:32:05.0070249Z tests\app\test_screens.py::test_as_image PASSED                          [ 13%]
2025-02-24T05:32:05.2427847Z tests\test_command.py::test_unknown_system_command PASSED                [ 13%]
2025-02-24T05:32:05.6504639Z tests\test_fonts.py::test_use_system_font_fallback PASSED                [ 13%]
2025-02-24T05:32:11.2261664Z tests\test_fonts.py::test_font_options PASSED                            [ 14%]
2025-02-24T05:32:11.6657208Z tests\test_fonts.py::test_font_file_loaded[Font Awesome 5 Free Solid-resources/fonts/Font Awesome 5 Free-Solid-900.otf-font_kwargs0-False] PASSED [ 14%]
2025-02-24T05:32:12.0740061Z tests\test_fonts.py::test_font_file_loaded[Endor-resources/fonts/ENDOR___.ttf-font_kwargs1-False] PASSED [ 14%]
2025-02-24T05:32:12.4822343Z tests\test_fonts.py::test_font_file_loaded[Endor-resources/fonts/ENDOR___.ttf-font_kwargs2-True] PASSED [ 14%]
2025-02-24T05:32:12.9372476Z tests\test_fonts.py::test_font_file_loaded[Roboto-resources/fonts/Roboto-Bold.ttf-font_kwargs3-False] PASSED [ 14%]
2025-02-24T05:32:13.3610068Z tests\test_fonts.py::test_font_file_loaded[Roboto-resources/fonts/Roboto-Italic.ttf-font_kwargs4-False] PASSED [ 14%]
2025-02-24T05:32:13.7852341Z tests\test_fonts.py::test_font_file_loaded[Roboto-resources/fonts/Roboto-BoldItalic.ttf-font_kwargs5-False] PASSED [ 15%]
2025-02-24T05:32:14.0677027Z tests\test_fonts.py::test_non_existent_font_file PASSED                  [ 15%]
2025-02-24T05:32:14.4708863Z tests\test_fonts.py::test_corrupted_font_file PASSED                     [ 15%]
2025-02-24T05:32:14.7273980Z tests\test_icons.py::test_icon PASSED                                    [ 15%]
2025-02-24T05:32:14.9633666Z tests\test_icons.py::test_app_icon PASSED                                [ 15%]
2025-02-24T05:32:15.1978207Z tests\test_icons.py::test_system_icon PASSED                             [ 15%]
2025-02-24T05:32:15.4808585Z tests\test_icons.py::test_platform_icon PASSED                           [ 16%]
2025-02-24T05:32:15.7167871Z tests\test_icons.py::test_bad_icon_file PASSED                           [ 16%]
2025-02-24T05:32:15.9516955Z tests\test_images.py::test_local_image PASSED                            [ 16%]
2025-02-24T05:32:16.1878923Z tests\test_images.py::test_raw_image PASSED                              [ 16%]
2025-02-24T05:32:16.4230927Z tests\test_images.py::test_bad_image_file PASSED                         [ 16%]
2025-02-24T05:32:16.6705528Z tests\test_images.py::test_buffer_image PASSED                           [ 16%]
2025-02-24T05:32:16.9099396Z tests\test_images.py::test_pil_raw_and_data_image PASSED                 [ 17%]
2025-02-24T05:32:17.1453455Z tests\test_images.py::test_bad_image_data PASSED                         [ 17%]
2025-02-24T05:32:17.7112386Z tests\test_images.py::test_save PASSED                                   [ 17%]
2025-02-24T05:32:17.8992886Z tests\test_keys.py::test_key_combinations[a-key_data0] PASSED            [ 17%]
2025-02-24T05:32:18.0879110Z tests\test_keys.py::test_key_combinations[A-key_data1] PASSED            [ 17%]
2025-02-24T05:32:18.2772727Z tests\test_keys.py::test_key_combinations[<mod 1>a-key_data2] PASSED     [ 18%]
2025-02-24T05:32:18.4810161Z tests\test_keys.py::test_key_combinations[<mod 2>a-key_data3] PASSED     [ 18%]
2025-02-24T05:32:18.6696364Z tests\test_keys.py::test_key_combinations[<mod 3>a-key_data4] PASSED     [ 18%]
2025-02-24T05:32:18.8580048Z tests\test_keys.py::test_key_combinations[<mod 1><mod 2>a-key_data5] PASSED [ 18%]
2025-02-24T05:32:19.0472721Z tests\test_keys.py::test_key_combinations[<mod 2><mod 1>a-key_data6] PASSED [ 18%]
2025-02-24T05:32:19.2357766Z tests\test_keys.py::test_key_combinations[<mod 1><mod 2><mod 3>A-key_data7] PASSED [ 18%]
2025-02-24T05:32:19.4240904Z tests\test_keys.py::test_key_combinations[1-key_data8] PASSED            [ 19%]
2025-02-24T05:32:19.6126504Z tests\test_keys.py::test_key_combinations[!-key_data9] PASSED            [ 19%]
2025-02-24T05:32:19.8008780Z tests\test_keys.py::test_key_combinations[Key.F5-key_data10] PASSED      [ 19%]
2025-02-24T05:32:19.9892014Z tests\test_keys.py::test_key_combinations[Key.HOME-key_data11] PASSED    [ 19%]
2025-02-24T05:32:20.1778295Z tests\test_keys.py::test_key_combinations[<home><mod 1>-key_data12] PASSED [ 19%]
2025-02-24T05:32:20.3658228Z tests\test_keys.py::test_key_combinations[numpad:5<mod 1>-key_data13] PASSED [ 19%]
2025-02-24T05:32:20.5542385Z tests\test_keys.py::test_key_combinations[<mod 1>;-key_data14] PASSED    [ 20%]
2025-02-24T05:32:20.7467322Z tests\test_keys.py::test_key_combinations[<mod 1> -key_data15] PASSED    [ 20%]
2025-02-24T05:32:20.9309789Z tests\test_keys.py::test_key_combinations[<mod 1>'-key_data16] PASSED    [ 20%]
2025-02-24T05:32:21.1197536Z tests\test_keys.py::test_key_combinations[<mod 1>|-key_data17] PASSED    [ 20%]
2025-02-24T05:32:21.3557194Z tests\test_paths.py::test_app_paths[config] PASSED                       [ 20%]
2025-02-24T05:32:21.6068958Z tests\test_paths.py::test_app_paths[data] PASSED                         [ 20%]
2025-02-24T05:32:21.8423608Z tests\test_paths.py::test_app_paths[cache] PASSED                        [ 21%]
2025-02-24T05:32:22.0784386Z tests\test_paths.py::test_app_paths[logs] PASSED                         [ 21%]
2025-02-24T05:32:22.4233373Z tests\test_statusicons.py::test_add_remove PASSED                        [ 21%]
2025-02-24T05:32:22.6589508Z tests\test_statusicons.py::test_unknown_status_icon PASSED               [ 21%]
2025-02-24T05:32:22.9096221Z tests\test_statusicons.py::test_activate_button_icon PASSED              [ 21%]
2025-02-24T05:32:23.1612686Z tests\test_statusicons.py::test_activate_status_menu_item PASSED         [ 21%]
2025-02-24T05:32:23.3970959Z tests\widgets\test_activityindicator.py::test_enable_noop <- build\testbed\windows\app\src\app\tests\widgets\properties.py SKIPPED [ 22%]
2025-02-24T05:32:23.6323950Z tests\widgets\test_activityindicator.py::test_focus_noop <- build\testbed\windows\app\src\app\tests\widgets\properties.py SKIPPED [ 22%]
2025-02-24T05:32:23.8673263Z tests\widgets\test_activityindicator.py::test_cleanup <- build\testbed\windows\app\src\app\tests\widgets\conftest.py SKIPPED [ 22%]
2025-02-24T05:32:24.0397502Z tests\widgets\test_activityindicator.py::test_start_stop SKIPPED (not
2025-02-24T05:32:24.1027862Z yet implemented on windows)                                              [ 22%]
2025-02-24T05:32:24.3383529Z tests\widgets\test_activityindicator.py::test_fixed_square_widget_size SKIPPED [ 22%]
2025-02-24T05:32:24.8557380Z tests\widgets\test_base.py::test_visibility PASSED                       [ 22%]
2025-02-24T05:32:25.3424756Z tests\widgets\test_base.py::test_parenting PASSED                        [ 23%]
2025-02-24T05:32:25.8448692Z tests\widgets\test_base.py::test_tab_index PASSED                        [ 23%]
2025-02-24T05:32:26.3945315Z tests\widgets\test_box.py::test_background_color <- build\testbed\windows\app\src\app\tests\widgets\properties.py PASSED [ 23%]
2025-02-24T05:32:26.8182532Z tests\widgets\test_box.py::test_background_color_reset <- build\testbed\windows\app\src\app\tests\widgets\properties.py PASSED [ 23%]
2025-02-24T05:32:27.2419969Z tests\widgets\test_box.py::test_background_color_transparent <- build\testbed\windows\app\src\app\tests\widgets\properties.py PASSED [ 23%]
2025-02-24T05:32:27.6494195Z tests\widgets\test_box.py::test_enable_noop <- build\testbed\windows\app\src\app\tests\widgets\properties.py PASSED [ 24%]
2025-02-24T05:32:28.1205869Z tests\widgets\test_box.py::test_flex_widget_size <- build\testbed\windows\app\src\app\tests\widgets\properties.py PASSED [ 24%]
2025-02-24T05:32:28.6233359Z tests\widgets\test_box.py::test_focus_noop <- build\testbed\windows\app\src\app\tests\widgets\properties.py PASSED [ 24%]
2025-02-24T05:32:28.8744485Z tests\widgets\test_box.py::test_cleanup <- build\testbed\windows\app\src\app\tests\widgets\conftest.py PASSED [ 24%]
2025-02-24T05:32:29.4246480Z tests\widgets\test_button.py::test_background_color <- build\testbed\windows\app\src\app\tests\widgets\properties.py PASSED [ 24%]
2025-02-24T05:32:29.8485722Z tests\widgets\test_button.py::test_background_color_reset <- build\testbed\windows\app\src\app\tests\widgets\properties.py PASSED [ 24%]
2025-02-24T05:32:30.3980306Z tests\widgets\test_button.py::test_color <- build\testbed\windows\app\src\app\tests\widgets\properties.py PASSED [ 25%]
2025-02-24T05:32:30.8220295Z tests\widgets\test_button.py::test_color_reset <- build\testbed\windows\app\src\app\tests\widgets\properties.py PASSED [ 25%]
2025-02-24T05:32:31.2457607Z tests\widgets\test_button.py::test_enabled <- build\testbed\windows\app\src\app\tests\widgets\properties.py PASSED [ 25%]
2025-02-24T05:32:31.6694526Z tests\widgets\test_button.py::test_flex_horizontal_widget_size <- build\testbed\windows\app\src\app\tests\widgets\properties.py PASSED [ 25%]
2025-02-24T05:32:32.1408306Z tests\widgets\test_button.py::test_font <- build\testbed\windows\app\src\app\tests\widgets\properties.py PASSED [ 25%]
2025-02-24T05:32:32.6581970Z tests\widgets\test_button.py::test_font_attrs <- build\testbed\windows\app\src\app\tests\widgets\properties.py PASSED [ 25%]
2025-02-24T05:32:33.0666500Z tests\widgets\test_button.py::test_text_width_change <- build\testbed\windows\app\src\app\tests\widgets\properties.py PASSED [ 26%]
2025-02-24T05:32:33.6161260Z tests\widgets\test_button.py::test_focus <- build\testbed\windows\app\src\app\tests\widgets\properties.py PASSED [ 26%]
2025-02-24T05:32:33.8675172Z tests\widgets\test_button.py::test_cleanup <- build\testbed\windows\app\src\app\tests\widgets\conftest.py PASSED [ 26%]
2025-02-24T05:32:35.8633071Z tests\widgets\test_button.py::test_text PASSED                           [ 26%]
2025-02-24T05:32:36.2870144Z tests\widgets\test_button.py::test_icon PASSED                           [ 26%]
2025-02-24T05:32:36.6957413Z tests\widgets\test_button.py::test_press PASSED                          [ 26%]
2025-02-24T05:32:37.1036922Z tests\widgets\test_button.py::test_background_color_transparent PASSED   [ 27%]
2025-02-24T05:32:37.6693106Z tests\widgets\test_canvas.py::test_background_color <- build\testbed\windows\app\src\app\tests\widgets\properties.py PASSED [ 27%]
2025-02-24T05:32:38.0926352Z tests\widgets\test_canvas.py::test_background_color_reset <- build\testbed\windows\app\src\app\tests\widgets\properties.py PASSED [ 27%]
2025-02-24T05:32:38.5166549Z tests\widgets\test_canvas.py::test_background_color_transparent <- build\testbed\windows\app\src\app\tests\widgets\properties.py PASSED [ 27%]
2025-02-24T05:32:38.9235398Z tests\widgets\test_canvas.py::test_enable_noop <- build\testbed\windows\app\src\app\tests\widgets\properties.py PASSED [ 27%]
2025-02-24T05:32:39.3966440Z tests\widgets\test_canvas.py::test_flex_widget_size <- build\testbed\windows\app\src\app\tests\widgets\properties.py PASSED [ 27%]
2025-02-24T05:32:39.9147253Z tests\widgets\test_canvas.py::test_focus_noop <- build\testbed\windows\app\src\app\tests\widgets\properties.py PASSED [ 28%]
2025-02-24T05:32:40.1664910Z tests\widgets\test_canvas.py::test_cleanup <- build\testbed\windows\app\src\app\tests\widgets\conftest.py PASSED [ 28%]
2025-02-24T05:32:40.6227352Z tests\widgets\test_canvas.py::test_resize PASSED                         [ 28%]
2025-02-24T05:32:41.0781049Z tests\widgets\test_canvas.py::test_press PASSED                          [ 28%]
2025-02-24T05:32:41.5335192Z tests\widgets\test_canvas.py::test_activate PASSED                       [ 28%]
2025-02-24T05:32:41.9887712Z tests\widgets\test_canvas.py::test_drag PASSED                           [ 28%]
2025-02-24T05:32:42.4437053Z tests\widgets\test_canvas.py::test_alt_press PASSED                      [ 29%]
2025-02-24T05:32:42.8990764Z tests\widgets\test_canvas.py::test_alt_drag PASSED                       [ 29%]
2025-02-24T05:32:43.3858138Z tests\widgets\test_canvas.py::test_image_data PASSED                     [ 29%]
2025-02-24T05:32:44.0996902Z tests\widgets\test_canvas.py::test_transparency PASSED                   [ 29%]
2025-02-24T05:32:44.8145004Z tests\widgets\test_canvas.py::test_paths PASSED                          [ 29%]
2025-02-24T05:32:45.5052099Z tests\widgets\test_canvas.py::test_bezier_curve PASSED                   [ 30%]
2025-02-24T05:32:46.2119222Z tests\widgets\test_canvas.py::test_quadratic_curve PASSED                [ 30%]
2025-02-24T05:32:46.9179201Z tests\widgets\test_canvas.py::test_arc PASSED                            [ 30%]
2025-02-24T05:32:47.6246500Z tests\widgets\test_canvas.py::test_ellipse PASSED                        [ 30%]
2025-02-24T05:32:48.3321275Z tests\widgets\test_canvas.py::test_ellipse_path PASSED                   [ 30%]
2025-02-24T05:32:49.0231684Z tests\widgets\test_canvas.py::test_rect PASSED                           [ 30%]
2025-02-24T05:32:49.7145893Z tests\widgets\test_canvas.py::test_fill PASSED                           [ 31%]
2025-02-24T05:32:50.4040617Z tests\widgets\test_canvas.py::test_stroke PASSED                         [ 31%]
2025-02-24T05:32:51.0958061Z tests\widgets\test_canvas.py::test_closed_path_context PASSED            [ 31%]
2025-02-24T05:32:51.7862051Z tests\widgets\test_canvas.py::test_fill_context PASSED                   [ 31%]
2025-02-24T05:32:52.4764819Z tests\widgets\test_canvas.py::test_stroke_context PASSED                 [ 31%]
2025-02-24T05:32:53.1674457Z tests\widgets\test_canvas.py::test_transforms PASSED                     [ 31%]
2025-02-24T05:32:53.9670036Z tests\widgets\test_canvas.py::test_write_text PASSED                     [ 32%]
2025-02-24T05:32:54.6587694Z tests\widgets\test_canvas.py::test_multiline_text PASSED                 [ 32%]
2025-02-24T05:32:55.3647239Z tests\widgets\test_dateinput.py::test_background_color <- build\testbed\windows\app\src\app\tests\widgets\properties.py PASSED [ 32%]
2025-02-24T05:32:55.7890522Z tests\widgets\test_dateinput.py::test_background_color_reset <- build\testbed\windows\app\src\app\tests\widgets\properties.py PASSED [ 32%]
2025-02-24T05:32:56.2129340Z tests\widgets\test_dateinput.py::test_background_color_transparent <- build\testbed\windows\app\src\app\tests\widgets\properties.py PASSED [ 32%]
2025-02-24T05:32:56.7780565Z tests\widgets\test_dateinput.py::test_color <- build\testbed\windows\app\src\app\tests\widgets\properties.py PASSED [ 32%]
2025-02-24T05:32:57.2017733Z tests\widgets\test_dateinput.py::test_color_reset <- build\testbed\windows\app\src\app\tests\widgets\properties.py PASSED [ 33%]
2025-02-24T05:32:57.6254172Z tests\widgets\test_dateinput.py::test_enabled <- build\testbed\windows\app\src\app\tests\widgets\properties.py PASSED [ 33%]
2025-02-24T05:32:58.0649948Z tests\widgets\test_dateinput.py::test_flex_horizontal_widget_size <- build\testbed\windows\app\src\app\tests\widgets\properties.py PASSED [ 33%]
2025-02-24T05:32:58.3169936Z tests\widgets\test_dateinput.py::test_cleanup <- build\testbed\windows\app\src\app\tests\widgets\conftest.py PASSED [ 33%]
2025-02-24T05:32:58.5524702Z tests\widgets\test_dateinput.py::test_init PASSED                        [ 33%]
2025-02-24T05:32:59.0855541Z tests\widgets\test_dateinput.py::test_value PASSED                       [ 33%]
2025-02-24T05:32:59.7450384Z tests\widgets\test_dateinput.py::test_change PASSED                      [ 34%]
2025-02-24T05:33:00.3100371Z tests\widgets\test_dateinput.py::test_min PASSED                         [ 34%]
2025-02-24T05:33:00.8910948Z tests\widgets\test_dateinput.py::test_max PASSED                         [ 34%]
2025-02-24T05:33:01.3933578Z tests\widgets\test_detailedlist.py::test_enable_noop <- build\testbed\windows\app\src\app\tests\widgets\properties.py PASSED [ 34%]
2025-02-24T05:33:01.8958338Z tests\widgets\test_detailedlist.py::test_flex_widget_size <- build\testbed\windows\app\src\app\tests\widgets\properties.py PASSED [ 34%]
2025-02-24T05:33:02.4453925Z tests\widgets\test_detailedlist.py::test_focus_noop <- build\testbed\windows\app\src\app\tests\widgets\properties.py PASSED [ 34%]
2025-02-24T05:33:02.6958908Z tests\widgets\test_detailedlist.py::test_cleanup <- build\testbed\windows\app\src\app\tests\widgets\conftest.py PASSED [ 35%]
2025-02-24T05:33:03.1661666Z tests\widgets\test_detailedlist.py::test_scroll PASSED                   [ 35%]
2025-02-24T05:33:03.6369624Z tests\widgets\test_detailedlist.py::test_select PASSED                   [ 35%]
2025-02-24T05:33:04.1861563Z tests\widgets\test_detailedlist.py::test_row_changes PASSED              [ 35%]
2025-02-24T05:33:04.5157475Z tests\widgets\test_detailedlist.py::test_refresh SKIPPED (This backend
2025-02-24T05:33:04.6261445Z doesn't support the refresh action)                                      [ 35%]
2025-02-24T05:33:04.9393088Z tests\widgets\test_detailedlist.py::test_actions SKIPPED (This backend
2025-02-24T05:33:05.0496469Z doesn't support primary or secondary actions)                            [ 36%]
2025-02-24T05:33:05.4573554Z tests\widgets\test_divider.py::test_enable_noop <- build\testbed\windows\app\src\app\tests\widgets\properties.py PASSED [ 36%]
2025-02-24T05:33:05.9746550Z tests\widgets\test_divider.py::test_focus_noop <- build\testbed\windows\app\src\app\tests\widgets\properties.py PASSED [ 36%]
2025-02-24T05:33:06.2262643Z tests\widgets\test_divider.py::test_cleanup <- build\testbed\windows\app\src\app\tests\widgets\conftest.py PASSED [ 36%]
2025-02-24T05:33:06.6961173Z tests\widgets\test_divider.py::test_directions PASSED                    [ 36%]
2025-02-24T05:33:07.2613869Z tests\widgets\test_imageview.py::test_background_color <- build\testbed\windows\app\src\app\tests\widgets\properties.py PASSED [ 36%]
2025-02-24T05:33:07.6851655Z tests\widgets\test_imageview.py::test_background_color_reset <- build\testbed\windows\app\src\app\tests\widgets\properties.py PASSED [ 37%]
2025-02-24T05:33:08.1093328Z tests\widgets\test_imageview.py::test_background_color_transparent <- build\testbed\windows\app\src\app\tests\widgets\properties.py PASSED [ 37%]
2025-02-24T05:33:08.5174153Z tests\widgets\test_imageview.py::test_enable_noop <- build\testbed\windows\app\src\app\tests\widgets\properties.py PASSED [ 37%]
2025-02-24T05:33:09.0347507Z tests\widgets\test_imageview.py::test_focus_noop <- build\testbed\windows\app\src\app\tests\widgets\properties.py PASSED [ 37%]
2025-02-24T05:33:09.2865112Z tests\widgets\test_imageview.py::test_cleanup <- build\testbed\windows\app\src\app\tests\widgets\conftest.py PASSED [ 37%]
2025-02-24T05:33:09.7887253Z tests\widgets\test_imageview.py::test_implicit_size PASSED               [ 37%]
2025-02-24T05:33:10.2909033Z tests\widgets\test_imageview.py::test_explicit_width PASSED              [ 38%]
2025-02-24T05:33:10.7923292Z tests\widgets\test_imageview.py::test_explicit_height PASSED             [ 38%]
2025-02-24T05:33:11.2472883Z tests\widgets\test_imageview.py::test_explicit_size PASSED               [ 38%]
2025-02-24T05:33:11.8124317Z tests\widgets\test_label.py::test_background_color <- build\testbed\windows\app\src\app\tests\widgets\properties.py PASSED [ 38%]
2025-02-24T05:33:12.2365959Z tests\widgets\test_label.py::test_background_color_reset <- build\testbed\windows\app\src\app\tests\widgets\properties.py PASSED [ 38%]
2025-02-24T05:33:12.6605522Z tests\widgets\test_label.py::test_background_color_transparent <- build\testbed\windows\app\src\app\tests\widgets\properties.py PASSED [ 38%]
2025-02-24T05:33:13.2093474Z tests\widgets\test_label.py::test_color <- build\testbed\windows\app\src\app\tests\widgets\properties.py PASSED [ 39%]
2025-02-24T05:33:13.6338913Z tests\widgets\test_label.py::test_color_reset <- build\testbed\windows\app\src\app\tests\widgets\properties.py PASSED [ 39%]
2025-02-24T05:33:14.0577372Z tests\widgets\test_label.py::test_enabled <- build\testbed\windows\app\src\app\tests\widgets\properties.py PASSED [ 39%]
2025-02-24T05:33:14.4816953Z tests\widgets\test_label.py::test_flex_horizontal_widget_size <- build\testbed\windows\app\src\app\tests\widgets\properties.py PASSED [ 39%]
2025-02-24T05:33:15.0138293Z tests\widgets\test_label.py::test_focus_noop <- build\testbed\windows\app\src\app\tests\widgets\properties.py PASSED [ 39%]
2025-02-24T05:33:15.4537653Z tests\widgets\test_label.py::test_font <- build\testbed\windows\app\src\app\tests\widgets\properties.py PASSED [ 39%]
2025-02-24T05:33:15.9722626Z tests\widgets\test_label.py::test_font_attrs <- build\testbed\windows\app\src\app\tests\widgets\properties.py PASSED [ 40%]
2025-02-24T05:33:16.5373186Z tests\widgets\test_label.py::test_text <- build\testbed\windows\app\src\app\tests\widgets\properties.py PASSED [ 40%]
2025-02-24T05:33:17.0551084Z tests\widgets\test_label.py::test_text_align <- build\testbed\windows\app\src\app\tests\widgets\properties.py PASSED [ 40%]
2025-02-24T05:33:17.4631586Z tests\widgets\test_label.py::test_text_width_change <- build\testbed\windows\app\src\app\tests\widgets\properties.py PASSED [ 40%]
2025-02-24T05:33:17.7304620Z tests\widgets\test_label.py::test_cleanup <- build\testbed\windows\app\src\app\tests\widgets\conftest.py PASSED [ 40%]
2025-02-24T05:33:18.2171623Z tests\widgets\test_label.py::test_multiline PASSED                       [ 40%]
2025-02-24T05:33:49.6803029Z tests\widgets\test_mapview.py::test_flex_widget_size <- build\testbed\windows\app\src\app\tests\widgets\properties.py PASSED [ 41%]
2025-02-24T05:33:50.5876584Z tests\widgets\test_mapview.py::test_focus <- build\testbed\windows\app\src\app\tests\widgets\properties.py PASSED [ 41%]
2025-02-24T05:33:50.8596683Z tests\widgets\test_mapview.py::test_cleanup <- build\testbed\windows\app\src\app\tests\widgets\conftest.py PASSED [ 41%]
2025-02-24T05:33:55.7429777Z tests\widgets\test_mapview.py::test_location PASSED                      [ 41%]
2025-02-24T05:34:10.8802363Z tests\widgets\test_mapview.py::test_zoom PASSED                          [ 41%]
2025-02-24T05:34:14.7740663Z tests\widgets\test_mapview.py::test_add_pins PASSED                      [ 42%]
2025-02-24T05:34:15.9905061Z tests\widgets\test_mapview.py::test_select_pin SKIPPED (Winforms MapView
2025-02-24T05:34:16.1659167Z doesn't support selecting pins)                                          [ 42%]
2025-02-24T05:34:16.7624188Z tests\widgets\test_multilinetextinput.py::test_background_color <- build\testbed\windows\app\src\app\tests\widgets\properties.py PASSED [ 42%]
2025-02-24T05:34:17.1859813Z tests\widgets\test_multilinetextinput.py::test_background_color_reset <- build\testbed\windows\app\src\app\tests\widgets\properties.py PASSED [ 42%]
2025-02-24T05:34:17.6094050Z tests\widgets\test_multilinetextinput.py::test_background_color_transparent <- build\testbed\windows\app\src\app\tests\widgets\properties.py PASSED [ 42%]
2025-02-24T05:34:18.1755871Z tests\widgets\test_multilinetextinput.py::test_color <- build\testbed\windows\app\src\app\tests\widgets\properties.py PASSED [ 42%]
2025-02-24T05:34:18.5992240Z tests\widgets\test_multilinetextinput.py::test_color_reset <- build\testbed\windows\app\src\app\tests\widgets\properties.py PASSED [ 43%]
2025-02-24T05:34:19.0392077Z tests\widgets\test_multilinetextinput.py::test_enabled <- build\testbed\windows\app\src\app\tests\widgets\properties.py PASSED [ 43%]
2025-02-24T05:34:19.5108046Z tests\widgets\test_multilinetextinput.py::test_flex_widget_size <- build\testbed\windows\app\src\app\tests\widgets\properties.py PASSED [ 43%]
2025-02-24T05:34:20.0607972Z tests\widgets\test_multilinetextinput.py::test_focus <- build\testbed\windows\app\src\app\tests\widgets\properties.py PASSED [ 43%]
2025-02-24T05:34:20.5157388Z tests\widgets\test_multilinetextinput.py::test_font <- build\testbed\windows\app\src\app\tests\widgets\properties.py PASSED [ 43%]
2025-02-24T05:34:21.0487899Z tests\widgets\test_multilinetextinput.py::test_font_attrs <- build\testbed\windows\app\src\app\tests\widgets\properties.py PASSED [ 43%]
2025-02-24T05:34:21.5041904Z tests\widgets\test_multilinetextinput.py::test_placeholder <- build\testbed\windows\app\src\app\tests\widgets\properties.py PASSED [ 44%]
2025-02-24T05:34:21.9435943Z tests\widgets\test_multilinetextinput.py::test_placeholder_color <- build\testbed\windows\app\src\app\tests\widgets\properties.py PASSED [ 44%]
2025-02-24T05:34:22.5404349Z tests\widgets\test_multilinetextinput.py::test_placeholder_focus <- build\testbed\windows\app\src\app\tests\widgets\properties.py PASSED [ 44%]
2025-02-24T05:34:22.9647960Z tests\widgets\test_multilinetextinput.py::test_readonly <- build\testbed\windows\app\src\app\tests\widgets\properties.py PASSED [ 44%]
2025-02-24T05:34:23.4981340Z tests\widgets\test_multilinetextinput.py::test_text_align <- build\testbed\windows\app\src\app\tests\widgets\properties.py PASSED [ 44%]
2025-02-24T05:34:24.9776011Z tests\widgets\test_multilinetextinput.py::test_text_value <- build\testbed\windows\app\src\app\tests\widgets\properties.py PASSED [ 44%]
2025-02-24T05:34:25.5894142Z tests\widgets\test_multilinetextinput.py::test_on_change_focus[True-] <- build\testbed\windows\app\src\app\tests\widgets\test_textinput.py PASSED [ 45%]
2025-02-24T05:34:26.2175740Z tests\widgets\test_multilinetextinput.py::test_on_change_focus[True-placeholder] <- build\testbed\windows\app\src\app\tests\widgets\test_textinput.py PASSED [ 45%]
2025-02-24T05:34:26.8296494Z tests\widgets\test_multilinetextinput.py::test_on_change_focus[False-] <- build\testbed\windows\app\src\app\tests\widgets\test_textinput.py PASSED [ 45%]
2025-02-24T05:34:27.4415297Z tests\widgets\test_multilinetextinput.py::test_on_change_focus[False-placeholder] <- build\testbed\windows\app\src\app\tests\widgets\test_textinput.py PASSED [ 45%]
2025-02-24T05:34:28.0694618Z tests\widgets\test_multilinetextinput.py::test_on_change_programmatic[True-] <- build\testbed\windows\app\src\app\tests\widgets\test_textinput.py PASSED [ 45%]
2025-02-24T05:34:28.6985299Z tests\widgets\test_multilinetextinput.py::test_on_change_programmatic[True-placeholder] <- build\testbed\windows\app\src\app\tests\widgets\test_textinput.py PASSED [ 45%]
2025-02-24T05:34:29.3275799Z tests\widgets\test_multilinetextinput.py::test_on_change_programmatic[False-] <- build\testbed\windows\app\src\app\tests\widgets\test_textinput.py PASSED [ 46%]
2025-02-24T05:34:29.9558821Z tests\widgets\test_multilinetextinput.py::test_on_change_programmatic[False-placeholder] <- build\testbed\windows\app\src\app\tests\widgets\test_textinput.py PASSED [ 46%]
2025-02-24T05:34:30.9297002Z tests\widgets\test_multilinetextinput.py::test_on_change_user <- build\testbed\windows\app\src\app\tests\widgets\test_textinput.py PASSED [ 46%]
2025-02-24T05:34:31.3221172Z tests\widgets\test_multilinetextinput.py::test_undo_redo <- build\testbed\windows\app\src\app\tests\widgets\test_textinput.py SKIPPED [ 46%]
2025-02-24T05:34:31.7616544Z tests\widgets\test_multilinetextinput.py::test_value_not_hidden <- build\testbed\windows\app\src\app\tests\widgets\test_textinput.py PASSED [ 46%]
2025-02-24T05:34:32.0133648Z tests\widgets\test_multilinetextinput.py::test_cleanup <- build\testbed\windows\app\src\app\tests\widgets\conftest.py PASSED [ 46%]
2025-02-24T05:34:32.5311650Z tests\widgets\test_multilinetextinput.py::test_scroll_position PASSED    [ 47%]
2025-02-24T05:34:33.0960495Z tests\widgets\test_numberinput.py::test_background_color <- build\testbed\windows\app\src\app\tests\widgets\properties.py PASSED [ 47%]
2025-02-24T05:34:33.5201468Z tests\widgets\test_numberinput.py::test_background_color_reset <- build\testbed\windows\app\src\app\tests\widgets\properties.py PASSED [ 47%]
2025-02-24T05:34:33.9442836Z tests\widgets\test_numberinput.py::test_background_color_transparent <- build\testbed\windows\app\src\app\tests\widgets\properties.py PASSED [ 47%]
2025-02-24T05:34:34.4940047Z tests\widgets\test_numberinput.py::test_color <- build\testbed\windows\app\src\app\tests\widgets\properties.py PASSED [ 47%]
2025-02-24T05:34:34.9336695Z tests\widgets\test_numberinput.py::test_color_reset <- build\testbed\windows\app\src\app\tests\widgets\properties.py PASSED [ 48%]
2025-02-24T05:34:35.3576848Z tests\widgets\test_numberinput.py::test_enabled <- build\testbed\windows\app\src\app\tests\widgets\properties.py PASSED [ 48%]
2025-02-24T05:34:35.7977278Z tests\widgets\test_numberinput.py::test_flex_horizontal_widget_size <- build\testbed\windows\app\src\app\tests\widgets\properties.py PASSED [ 48%]
2025-02-24T05:34:36.3463946Z tests\widgets\test_numberinput.py::test_focus <- build\testbed\windows\app\src\app\tests\widgets\properties.py PASSED [ 48%]
2025-02-24T05:34:36.7862357Z tests\widgets\test_numberinput.py::test_font <- build\testbed\windows\app\src\app\tests\widgets\properties.py PASSED [ 48%]
2025-02-24T05:34:37.3044680Z tests\widgets\test_numberinput.py::test_font_attrs <- build\testbed\windows\app\src\app\tests\widgets\properties.py PASSED [ 48%]
2025-02-24T05:34:37.7282691Z tests\widgets\test_numberinput.py::test_readonly <- build\testbed\windows\app\src\app\tests\widgets\properties.py PASSED [ 49%]
2025-02-24T05:34:38.2618273Z tests\widgets\test_numberinput.py::test_text_align <- build\testbed\windows\app\src\app\tests\widgets\properties.py PASSED [ 49%]
2025-02-24T05:34:38.5293469Z tests\widgets\test_numberinput.py::test_cleanup <- build\testbed\windows\app\src\app\tests\widgets\conftest.py PASSED [ 49%]
2025-02-24T05:34:39.3619355Z tests\widgets\test_numberinput.py::test_on_change_handler PASSED         [ 49%]
2025-02-24T05:34:40.0687364Z tests\widgets\test_numberinput.py::test_focus_value_clipping PASSED      [ 49%]
2025-02-24T05:34:40.5556374Z tests\widgets\test_numberinput.py::test_value PASSED                     [ 49%]
2025-02-24T05:34:41.5911885Z tests\widgets\test_numberinput.py::test_increment_decrement PASSED       [ 50%]
2025-02-24T05:34:41.8736219Z tests\widgets\test_numberinput.py::test_undo_redo SKIPPED (not yet
2025-02-24T05:34:41.9838423Z implemented on windows)                                                  [ 50%]
2025-02-24T05:34:42.6279801Z tests\widgets\test_optioncontainer.py::test_enable_noop <- build\testbed\windows\app\src\app\tests\widgets\properties.py PASSED [ 50%]
2025-02-24T05:34:43.3172325Z tests\widgets\test_optioncontainer.py::test_flex_widget_size <- build\testbed\windows\app\src\app\tests\widgets\properties.py PASSED [ 50%]
2025-02-24T05:34:44.0405999Z tests\widgets\test_optioncontainer.py::test_focus_noop <- build\testbed\windows\app\src\app\tests\widgets\properties.py PASSED [ 50%]
2025-02-24T05:34:44.3076034Z tests\widgets\test_optioncontainer.py::test_cleanup <- build\testbed\windows\app\src\app\tests\widgets\conftest.py PASSED [ 50%]
2025-02-24T05:34:45.1075048Z tests\widgets\test_optioncontainer.py::test_select_tab PASSED            [ 51%]
2025-02-24T05:34:45.8459951Z tests\widgets\test_optioncontainer.py::test_select_tab_overflow PASSED   [ 51%]
2025-02-24T05:34:46.5519253Z tests\widgets\test_optioncontainer.py::test_enable_tab PASSED            [ 51%]
2025-02-24T05:34:47.3211852Z tests\widgets\test_optioncontainer.py::test_change_content PASSED        [ 51%]
2025-02-24T05:34:47.8865846Z tests\widgets\test_passwordinput.py::test_background_color <- build\testbed\windows\app\src\app\tests\widgets\properties.py PASSED [ 51%]
2025-02-24T05:34:48.3260520Z tests\widgets\test_passwordinput.py::test_background_color_reset <- build\testbed\windows\app\src\app\tests\widgets\properties.py PASSED [ 51%]
2025-02-24T05:34:48.7817602Z tests\widgets\test_passwordinput.py::test_background_color_transparent <- build\testbed\windows\app\src\app\tests\widgets\properties.py PASSED [ 52%]
2025-02-24T05:34:49.3632193Z tests\widgets\test_passwordinput.py::test_color <- build\testbed\windows\app\src\app\tests\widgets\properties.py PASSED [ 52%]
2025-02-24T05:34:49.7867088Z tests\widgets\test_passwordinput.py::test_color_reset <- build\testbed\windows\app\src\app\tests\widgets\properties.py PASSED [ 52%]
2025-02-24T05:34:50.2095457Z tests\widgets\test_passwordinput.py::test_enabled <- build\testbed\windows\app\src\app\tests\widgets\properties.py PASSED [ 52%]
2025-02-24T05:34:50.6490747Z tests\widgets\test_passwordinput.py::test_flex_horizontal_widget_size <- build\testbed\windows\app\src\app\tests\widgets\properties.py PASSED [ 52%]
2025-02-24T05:34:51.1995236Z tests\widgets\test_passwordinput.py::test_focus <- build\testbed\windows\app\src\app\tests\widgets\properties.py PASSED [ 53%]
2025-02-24T05:34:51.6858655Z tests\widgets\test_passwordinput.py::test_font <- build\testbed\windows\app\src\app\tests\widgets\properties.py PASSED [ 53%]
2025-02-24T05:34:52.3928246Z tests\widgets\test_passwordinput.py::test_font_attrs <- build\testbed\windows\app\src\app\tests\widgets\properties.py PASSED [ 53%]
2025-02-24T05:34:52.8482095Z tests\widgets\test_passwordinput.py::test_placeholder <- build\testbed\windows\app\src\app\tests\widgets\properties.py PASSED [ 53%]
2025-02-24T05:34:53.2871740Z tests\widgets\test_passwordinput.py::test_placeholder_color <- build\testbed\windows\app\src\app\tests\widgets\properties.py PASSED [ 53%]
2025-02-24T05:34:53.8678126Z tests\widgets\test_passwordinput.py::test_placeholder_focus <- build\testbed\windows\app\src\app\tests\widgets\properties.py PASSED [ 53%]
2025-02-24T05:34:54.2918237Z tests\widgets\test_passwordinput.py::test_readonly <- build\testbed\windows\app\src\app\tests\widgets\properties.py PASSED [ 54%]
2025-02-24T05:34:54.8249348Z tests\widgets\test_passwordinput.py::test_text_align <- build\testbed\windows\app\src\app\tests\widgets\properties.py PASSED [ 54%]
2025-02-24T05:34:55.4525316Z tests\widgets\test_passwordinput.py::test_on_change_focus[True-] <- build\testbed\windows\app\src\app\tests\widgets\test_textinput.py PASSED [ 54%]
2025-02-24T05:34:56.0650381Z tests\widgets\test_passwordinput.py::test_on_change_focus[True-placeholder] <- build\testbed\windows\app\src\app\tests\widgets\test_textinput.py PASSED [ 54%]
2025-02-24T05:34:56.6770194Z tests\widgets\test_passwordinput.py::test_on_change_focus[False-] <- build\testbed\windows\app\src\app\tests\widgets\test_textinput.py PASSED [ 54%]
2025-02-24T05:34:57.2892666Z tests\widgets\test_passwordinput.py::test_on_change_focus[False-placeholder] <- build\testbed\windows\app\src\app\tests\widgets\test_textinput.py PASSED [ 54%]
2025-02-24T05:34:57.9172755Z tests\widgets\test_passwordinput.py::test_on_change_programmatic[True-] <- build\testbed\windows\app\src\app\tests\widgets\test_textinput.py PASSED [ 55%]
2025-02-24T05:34:58.5455522Z tests\widgets\test_passwordinput.py::test_on_change_programmatic[True-placeholder] <- build\testbed\windows\app\src\app\tests\widgets\test_textinput.py PASSED [ 55%]
2025-02-24T05:34:59.1736710Z tests\widgets\test_passwordinput.py::test_on_change_programmatic[False-] <- build\testbed\windows\app\src\app\tests\widgets\test_textinput.py PASSED [ 55%]
2025-02-24T05:34:59.8008206Z tests\widgets\test_passwordinput.py::test_on_change_programmatic[False-placeholder] <- build\testbed\windows\app\src\app\tests\widgets\test_textinput.py PASSED [ 55%]
2025-02-24T05:35:00.7899069Z tests\widgets\test_passwordinput.py::test_on_change_user <- build\testbed\windows\app\src\app\tests\widgets\test_textinput.py PASSED [ 55%]
2025-02-24T05:35:01.4488916Z tests\widgets\test_passwordinput.py::test_on_confirm <- build\testbed\windows\app\src\app\tests\widgets\test_textinput.py PASSED [ 55%]
2025-02-24T05:35:02.0452861Z tests\widgets\test_passwordinput.py::test_text_value <- build\testbed\windows\app\src\app\tests\widgets\test_textinput.py PASSED [ 56%]
2025-02-24T05:35:02.4376795Z tests\widgets\test_passwordinput.py::test_undo_redo <- build\testbed\windows\app\src\app\tests\widgets\test_textinput.py SKIPPED [ 56%]
2025-02-24T05:35:03.1128416Z tests\widgets\test_passwordinput.py::test_validation <- build\testbed\windows\app\src\app\tests\widgets\test_textinput.py PASSED [ 56%]
2025-02-24T05:35:03.3638078Z tests\widgets\test_passwordinput.py::test_cleanup <- build\testbed\windows\app\src\app\tests\widgets\conftest.py PASSED [ 56%]
2025-02-24T05:35:03.8032701Z tests\widgets\test_passwordinput.py::test_value_hidden PASSED            [ 56%]
2025-02-24T05:35:04.2429756Z tests\widgets\test_progressbar.py::test_enable_noop <- build\testbed\windows\app\src\app\tests\widgets\properties.py PASSED [ 56%]
2025-02-24T05:35:04.6809086Z tests\widgets\test_progressbar.py::test_flex_horizontal_widget_size <- build\testbed\windows\app\src\app\tests\widgets\properties.py PASSED [ 57%]
2025-02-24T05:35:05.2629599Z tests\widgets\test_progressbar.py::test_focus <- build\testbed\windows\app\src\app\tests\widgets\properties.py PASSED [ 57%]
2025-02-24T05:35:05.5146731Z tests\widgets\test_progressbar.py::test_cleanup <- build\testbed\windows\app\src\app\tests\widgets\conftest.py PASSED [ 57%]
2025-02-24T05:35:06.0169422Z tests\widgets\test_progressbar.py::test_start_stop_determinate PASSED    [ 57%]
2025-02-24T05:35:06.4719379Z tests\widgets\test_progressbar.py::test_start_stop_indeterminate PASSED  [ 57%]
2025-02-24T05:35:06.9119660Z tests\widgets\test_progressbar.py::test_animation_starts_on_max_change PASSED [ 57%]
2025-02-24T05:35:07.3509615Z tests\widgets\test_progressbar.py::test_position_change_on_max_change PASSED [ 58%]
2025-02-24T05:35:08.5601232Z tests\widgets\test_scrollcontainer.py::test_background_color <- build\testbed\windows\app\src\app\tests\widgets\properties.py PASSED [ 58%]
2025-02-24T05:35:09.6129801Z tests\widgets\test_scrollcontainer.py::test_background_color_reset <- build\testbed\windows\app\src\app\tests\widgets\properties.py PASSED [ 58%]
2025-02-24T05:35:10.6332050Z tests\widgets\test_scrollcontainer.py::test_background_color_transparent <- build\testbed\windows\app\src\app\tests\widgets\properties.py PASSED [ 58%]
2025-02-24T05:35:11.6548072Z tests\widgets\test_scrollcontainer.py::test_enable_noop <- build\testbed\windows\app\src\app\tests\widgets\properties.py PASSED [ 58%]
2025-02-24T05:35:13.3973369Z tests\widgets\test_scrollcontainer.py::test_flex_widget_size <- build\testbed\windows\app\src\app\tests\widgets\properties.py PASSED [ 59%]
2025-02-24T05:35:14.6374269Z tests\widgets\test_scrollcontainer.py::test_focus_noop <- build\testbed\windows\app\src\app\tests\widgets\properties.py PASSED [ 59%]
2025-02-24T05:35:14.9044760Z tests\widgets\test_scrollcontainer.py::test_cleanup <- build\testbed\windows\app\src\app\tests\widgets\conftest.py PASSED [ 59%]
2025-02-24T05:35:16.0819691Z tests\widgets\test_scrollcontainer.py::test_clear_content PASSED         [ 59%]
2025-02-24T05:35:17.9185557Z tests\widgets\test_scrollcontainer.py::test_margin PASSED                [ 59%]
2025-02-24T05:35:19.6464241Z tests\widgets\test_scrollcontainer.py::test_enable_horizontal_scrolling PASSED [ 59%]
2025-02-24T05:35:21.3889352Z tests\widgets\test_scrollcontainer.py::test_enable_vertical_scrolling PASSED [ 60%]
2025-02-24T05:35:22.4571290Z tests\widgets\test_scrollcontainer.py::test_vertical_scroll PASSED       [ 60%]
2025-02-24T05:35:23.6029266Z tests\widgets\test_scrollcontainer.py::test_vertical_scroll_small_content PASSED [ 60%]
2025-02-24T05:35:24.7813445Z tests\widgets\test_scrollcontainer.py::test_horizontal_scroll PASSED     [ 60%]
2025-02-24T05:35:25.9116613Z tests\widgets\test_scrollcontainer.py::test_horizontal_scroll_small_content PASSED [ 60%]
2025-02-24T05:35:27.0731144Z tests\widgets\test_scrollcontainer.py::test_scroll_both PASSED           [ 60%]
2025-02-24T05:35:28.2347806Z tests\widgets\test_scrollcontainer.py::test_manual_scroll PASSED         [ 61%]
2025-02-24T05:35:29.6005389Z tests\widgets\test_scrollcontainer.py::test_no_content PASSED            [ 61%]
2025-02-24T05:35:30.1823290Z tests\widgets\test_selection.py::test_background_color <- build\testbed\windows\app\src\app\tests\widgets\properties.py PASSED [ 61%]
2025-02-24T05:35:30.6059876Z tests\widgets\test_selection.py::test_background_color_reset <- build\testbed\windows\app\src\app\tests\widgets\properties.py PASSED [ 61%]
2025-02-24T05:35:31.0300168Z tests\widgets\test_selection.py::test_background_color_transparent <- build\testbed\windows\app\src\app\tests\widgets\properties.py PASSED [ 61%]
2025-02-24T05:35:31.5802237Z tests\widgets\test_selection.py::test_color <- build\testbed\windows\app\src\app\tests\widgets\properties.py PASSED [ 61%]
2025-02-24T05:35:32.0042208Z tests\widgets\test_selection.py::test_color_reset <- build\testbed\windows\app\src\app\tests\widgets\properties.py PASSED [ 62%]
2025-02-24T05:35:32.4281196Z tests\widgets\test_selection.py::test_enabled <- build\testbed\windows\app\src\app\tests\widgets\properties.py PASSED [ 62%]
2025-02-24T05:35:32.8670114Z tests\widgets\test_selection.py::test_flex_horizontal_widget_size <- build\testbed\windows\app\src\app\tests\widgets\properties.py PASSED [ 62%]
2025-02-24T05:35:33.3060505Z tests\widgets\test_selection.py::test_font <- build\testbed\windows\app\src\app\tests\widgets\properties.py PASSED [ 62%]
2025-02-24T05:35:33.8393893Z tests\widgets\test_selection.py::test_font_attrs <- build\testbed\windows\app\src\app\tests\widgets\properties.py PASSED [ 62%]
2025-02-24T05:35:34.2319010Z tests\widgets\test_selection.py::test_text_align <- build\testbed\windows\app\src\app\tests\widgets\properties.py XFAIL [ 62%]
2025-02-24T05:35:34.7971551Z tests\widgets\test_selection.py::test_focus <- build\testbed\windows\app\src\app\tests\widgets\properties.py PASSED [ 63%]
2025-02-24T05:35:35.0327022Z tests\widgets\test_selection.py::test_cleanup <- build\testbed\windows\app\src\app\tests\widgets\conftest.py SKIPPED [ 63%]
2025-02-24T05:35:35.5499338Z tests\widgets\test_selection.py::test_item_titles PASSED                 [ 63%]
2025-02-24T05:35:35.9733912Z tests\widgets\test_selection.py::test_selection_change PASSED            [ 63%]
2025-02-24T05:35:36.5538006Z tests\widgets\test_selection.py::test_source_changes PASSED              [ 63%]
2025-02-24T05:35:36.9464828Z tests\widgets\test_selection.py::test_resize_on_content_change XFAIL     [ 63%]
2025-02-24T05:35:37.4021980Z tests\widgets\test_slider.py::test_enabled <- build\testbed\windows\app\src\app\tests\widgets\properties.py PASSED [ 64%]
2025-02-24T05:35:37.8412263Z tests\widgets\test_slider.py::test_flex_horizontal_widget_size <- build\testbed\windows\app\src\app\tests\widgets\properties.py PASSED [ 64%]
2025-02-24T05:35:38.4071730Z tests\widgets\test_slider.py::test_focus <- build\testbed\windows\app\src\app\tests\widgets\properties.py PASSED [ 64%]
2025-02-24T05:35:38.6587148Z tests\widgets\test_slider.py::test_cleanup <- build\testbed\windows\app\src\app\tests\widgets\conftest.py PASSED [ 64%]
2025-02-24T05:35:39.0820704Z tests\widgets\test_slider.py::test_init PASSED                           [ 64%]
2025-02-24T05:35:39.3177718Z tests\widgets\test_slider.py::test_init_handlers PASSED                  [ 65%]
2025-02-24T05:35:40.2752537Z tests\widgets\test_slider.py::test_value PASSED                          [ 65%]
2025-02-24T05:35:41.2174790Z tests\widgets\test_slider.py::test_change PASSED                         [ 65%]
2025-02-24T05:35:41.7199606Z tests\widgets\test_slider.py::test_min PASSED                            [ 65%]
2025-02-24T05:35:42.2068113Z tests\widgets\test_slider.py::test_max PASSED                            [ 65%]
2025-02-24T05:35:42.6773618Z tests\widgets\test_slider.py::test_ticks PASSED                          [ 65%]
2025-02-24T05:35:43.1797557Z tests\widgets\test_slider.py::test_value_with_ticks PASSED               [ 66%]
2025-02-24T05:35:43.6514869Z tests\widgets\test_slider.py::test_range_with_ticks PASSED               [ 66%]
2025-02-24T05:35:44.0434739Z tests\widgets\test_slider.py::test_press_release[press] PASSED           [ 66%]
2025-02-24T05:35:44.4519151Z tests\widgets\test_slider.py::test_press_release[release] PASSED         [ 66%]
2025-02-24T05:35:45.0017606Z tests\widgets\test_splitcontainer.py::test_enable_noop <- build\testbed\windows\app\src\app\tests\widgets\properties.py PASSED [ 66%]
2025-02-24T05:35:45.5981125Z tests\widgets\test_splitcontainer.py::test_flex_widget_size <- build\testbed\windows\app\src\app\tests\widgets\properties.py PASSED [ 66%]
2025-02-24T05:35:46.2421301Z tests\widgets\test_splitcontainer.py::test_focus_noop <- build\testbed\windows\app\src\app\tests\widgets\properties.py PASSED [ 67%]
2025-02-24T05:35:46.4935795Z tests\widgets\test_splitcontainer.py::test_cleanup <- build\testbed\windows\app\src\app\tests\widgets\conftest.py PASSED [ 67%]
2025-02-24T05:35:47.2625928Z tests\widgets\test_splitcontainer.py::test_set_content PASSED            [ 67%]
2025-02-24T05:35:47.9843139Z tests\widgets\test_splitcontainer.py::test_set_direction PASSED          [ 67%]
2025-02-24T05:35:48.6112841Z tests\widgets\test_splitcontainer.py::test_move_splitter PASSED          [ 67%]
2025-02-24T05:35:49.1772574Z tests\widgets\test_switch.py::test_color <- build\testbed\windows\app\src\app\tests\widgets\properties.py PASSED [ 67%]
2025-02-24T05:35:49.6015502Z tests\widgets\test_switch.py::test_color_reset <- build\testbed\windows\app\src\app\tests\widgets\properties.py PASSED [ 68%]
2025-02-24T05:35:50.0411555Z tests\widgets\test_switch.py::test_enabled <- build\testbed\windows\app\src\app\tests\widgets\properties.py PASSED [ 68%]
2025-02-24T05:35:50.4805065Z tests\widgets\test_switch.py::test_flex_horizontal_widget_size <- build\testbed\windows\app\src\app\tests\widgets\properties.py PASSED [ 68%]
2025-02-24T05:35:50.9366256Z tests\widgets\test_switch.py::test_font <- build\testbed\windows\app\src\app\tests\widgets\properties.py PASSED [ 68%]
2025-02-24T05:35:51.4540310Z tests\widgets\test_switch.py::test_font_attrs <- build\testbed\windows\app\src\app\tests\widgets\properties.py PASSED [ 68%]
2025-02-24T05:35:51.8619604Z tests\widgets\test_switch.py::test_text_width_change <- build\testbed\windows\app\src\app\tests\widgets\properties.py PASSED [ 68%]
2025-02-24T05:35:52.4111330Z tests\widgets\test_switch.py::test_focus <- build\testbed\windows\app\src\app\tests\widgets\properties.py PASSED [ 69%]
2025-02-24T05:35:52.6785165Z tests\widgets\test_switch.py::test_cleanup <- build\testbed\windows\app\src\app\tests\widgets\conftest.py PASSED [ 69%]
2025-02-24T05:35:53.2435862Z tests\widgets\test_switch.py::test_text PASSED                           [ 69%]
2025-02-24T05:35:53.6674617Z tests\widgets\test_switch.py::test_press PASSED                          [ 69%]
2025-02-24T05:35:54.1226215Z tests\widgets\test_switch.py::test_change_value PASSED                   [ 69%]
2025-02-24T05:35:54.7196758Z tests\widgets\test_table.py::test_background_color <- build\testbed\windows\app\src\app\tests\widgets\properties.py PASSED [ 69%]
2025-02-24T05:35:55.1907813Z tests\widgets\test_table.py::test_background_color_reset <- build\testbed\windows\app\src\app\tests\widgets\properties.py PASSED [ 70%]
2025-02-24T05:35:55.6458845Z tests\widgets\test_table.py::test_enable_noop <- build\testbed\windows\app\src\app\tests\widgets\properties.py PASSED [ 70%]
2025-02-24T05:35:56.1643483Z tests\widgets\test_table.py::test_flex_widget_size <- build\testbed\windows\app\src\app\tests\widgets\properties.py PASSED [ 70%]
2025-02-24T05:35:56.7292353Z tests\widgets\test_table.py::test_focus_noop <- build\testbed\windows\app\src\app\tests\widgets\properties.py PASSED [ 70%]
2025-02-24T05:35:57.2161140Z tests\widgets\test_table.py::test_font <- build\testbed\windows\app\src\app\tests\widgets\properties.py PASSED [ 70%]
2025-02-24T05:35:57.4830427Z tests\widgets\test_table.py::test_cleanup <- build\testbed\windows\app\src\app\tests\widgets\conftest.py PASSED [ 71%]
2025-02-24T05:35:57.9695390Z tests\widgets\test_table.py::test_scroll PASSED                          [ 71%]
2025-02-24T05:35:58.8805912Z tests\widgets\test_table.py::test_keyboard_navigation PASSED             [ 71%]
2025-02-24T05:35:59.3666959Z tests\widgets\test_table.py::test_select PASSED                          [ 71%]
2025-02-24T05:35:59.8219062Z tests\widgets\test_table.py::test_activate PASSED                        [ 71%]
2025-02-24T05:36:00.3235038Z tests\widgets\test_table.py::test_multiselect PASSED                     [ 71%]
2025-02-24T05:36:00.8579744Z tests\widgets\test_table.py::test_row_changes PASSED                     [ 72%]
2025-02-24T05:36:01.3914420Z tests\widgets\test_table.py::test_headerless_row_changes PASSED          [ 72%]
2025-02-24T05:36:02.0350692Z tests\widgets\test_table.py::test_column_changes PASSED                  [ 72%]
2025-02-24T05:36:02.6947788Z tests\widgets\test_table.py::test_headerless_column_changes PASSED       [ 72%]
2025-02-24T05:36:03.1971980Z tests\widgets\test_table.py::test_remove_all_columns PASSED              [ 72%]
2025-02-24T05:36:03.6831373Z tests\widgets\test_table.py::test_cell_icon PASSED                       [ 72%]
2025-02-24T05:36:04.4834890Z tests\widgets\test_table.py::test_cell_widget PASSED                     [ 73%]
2025-02-24T05:36:05.0485100Z tests\widgets\test_textinput.py::test_background_color <- build\testbed\windows\app\src\app\tests\widgets\properties.py PASSED [ 73%]
2025-02-24T05:36:05.4725869Z tests\widgets\test_textinput.py::test_background_color_reset <- build\testbed\windows\app\src\app\tests\widgets\properties.py PASSED [ 73%]
2025-02-24T05:36:05.8992721Z tests\widgets\test_textinput.py::test_background_color_transparent <- build\testbed\windows\app\src\app\tests\widgets\properties.py PASSED [ 73%]
2025-02-24T05:36:06.4456902Z tests\widgets\test_textinput.py::test_color <- build\testbed\windows\app\src\app\tests\widgets\properties.py PASSED [ 73%]
2025-02-24T05:36:06.8702180Z tests\widgets\test_textinput.py::test_color_reset <- build\testbed\windows\app\src\app\tests\widgets\properties.py PASSED [ 73%]
2025-02-24T05:36:07.2940878Z tests\widgets\test_textinput.py::test_enabled <- build\testbed\windows\app\src\app\tests\widgets\properties.py PASSED [ 74%]
2025-02-24T05:36:07.7486037Z tests\widgets\test_textinput.py::test_flex_horizontal_widget_size <- build\testbed\windows\app\src\app\tests\widgets\properties.py PASSED [ 74%]
2025-02-24T05:36:08.2992015Z tests\widgets\test_textinput.py::test_focus <- build\testbed\windows\app\src\app\tests\widgets\properties.py PASSED [ 74%]
2025-02-24T05:36:08.7392398Z tests\widgets\test_textinput.py::test_font <- build\testbed\windows\app\src\app\tests\widgets\properties.py PASSED [ 74%]
2025-02-24T05:36:09.2575581Z tests\widgets\test_textinput.py::test_font_attrs <- build\testbed\windows\app\src\app\tests\widgets\properties.py PASSED [ 74%]
2025-02-24T05:36:09.7130150Z tests\widgets\test_textinput.py::test_placeholder <- build\testbed\windows\app\src\app\tests\widgets\properties.py PASSED [ 74%]
2025-02-24T05:36:10.1526273Z tests\widgets\test_textinput.py::test_placeholder_color <- build\testbed\windows\app\src\app\tests\widgets\properties.py PASSED [ 75%]
2025-02-24T05:36:10.7334758Z tests\widgets\test_textinput.py::test_placeholder_focus <- build\testbed\windows\app\src\app\tests\widgets\properties.py PASSED [ 75%]
2025-02-24T05:36:11.1574663Z tests\widgets\test_textinput.py::test_readonly <- build\testbed\windows\app\src\app\tests\widgets\properties.py PASSED [ 75%]
2025-02-24T05:36:11.6757102Z tests\widgets\test_textinput.py::test_text_align <- build\testbed\windows\app\src\app\tests\widgets\properties.py PASSED [ 75%]
2025-02-24T05:36:11.9431935Z tests\widgets\test_textinput.py::test_cleanup <- build\testbed\windows\app\src\app\tests\widgets\conftest.py PASSED [ 75%]
2025-02-24T05:36:12.3663003Z tests\widgets\test_textinput.py::test_value_not_hidden PASSED            [ 75%]
2025-02-24T05:36:13.0102456Z tests\widgets\test_textinput.py::test_on_change_programmatic[True-] PASSED [ 76%]
2025-02-24T05:36:13.6382607Z tests\widgets\test_textinput.py::test_on_change_programmatic[True-placeholder] PASSED [ 76%]
2025-02-24T05:36:14.2807636Z tests\widgets\test_textinput.py::test_on_change_programmatic[False-] PASSED [ 76%]
2025-02-24T05:36:14.9088123Z tests\widgets\test_textinput.py::test_on_change_programmatic[False-placeholder] PASSED [ 76%]
2025-02-24T05:36:15.8816241Z tests\widgets\test_textinput.py::test_on_change_user PASSED              [ 76%]
2025-02-24T05:36:16.4939942Z tests\widgets\test_textinput.py::test_on_change_focus[True-] PASSED      [ 77%]
2025-02-24T05:36:17.1209324Z tests\widgets\test_textinput.py::test_on_change_focus[True-placeholder] PASSED [ 77%]
2025-02-24T05:36:17.7490524Z tests\widgets\test_textinput.py::test_on_change_focus[False-] PASSED     [ 77%]
2025-02-24T05:36:18.3618159Z tests\widgets\test_textinput.py::test_on_change_focus[False-placeholder] PASSED [ 77%]
2025-02-24T05:36:19.0372462Z tests\widgets\test_textinput.py::test_on_confirm PASSED                  [ 77%]
2025-02-24T05:36:19.6505827Z tests\widgets\test_textinput.py::test_validation PASSED                  [ 77%]
2025-02-24T05:36:20.2308928Z tests\widgets\test_textinput.py::test_text_value PASSED                  [ 78%]
2025-02-24T05:36:20.5136501Z tests\widgets\test_textinput.py::test_undo_redo SKIPPED (Cursor
2025-02-24T05:36:20.6394634Z positioning not supported on this platform)                              [ 78%]
2025-02-24T05:36:21.2038442Z tests\widgets\test_timeinput.py::test_background_color <- build\testbed\windows\app\src\app\tests\widgets\properties.py PASSED [ 78%]
2025-02-24T05:36:21.6283144Z tests\widgets\test_timeinput.py::test_background_color_reset <- build\testbed\windows\app\src\app\tests\widgets\properties.py PASSED [ 78%]
2025-02-24T05:36:22.0523269Z tests\widgets\test_timeinput.py::test_background_color_transparent <- build\testbed\windows\app\src\app\tests\widgets\properties.py PASSED [ 78%]
2025-02-24T05:36:22.6014326Z tests\widgets\test_timeinput.py::test_color <- build\testbed\windows\app\src\app\tests\widgets\properties.py PASSED [ 78%]
2025-02-24T05:36:23.0419754Z tests\widgets\test_timeinput.py::test_color_reset <- build\testbed\windows\app\src\app\tests\widgets\properties.py PASSED [ 79%]
2025-02-24T05:36:23.4815208Z tests\widgets\test_timeinput.py::test_enabled <- build\testbed\windows\app\src\app\tests\widgets\properties.py PASSED [ 79%]
2025-02-24T05:36:23.9206156Z tests\widgets\test_timeinput.py::test_flex_horizontal_widget_size <- build\testbed\windows\app\src\app\tests\widgets\properties.py PASSED [ 79%]
2025-02-24T05:36:24.4857022Z tests\widgets\test_timeinput.py::test_max <- build\testbed\windows\app\src\app\tests\widgets\test_dateinput.py PASSED [ 79%]
2025-02-24T05:36:25.0512199Z tests\widgets\test_timeinput.py::test_min <- build\testbed\windows\app\src\app\tests\widgets\test_dateinput.py PASSED [ 79%]
2025-02-24T05:36:25.5844149Z tests\widgets\test_timeinput.py::test_value <- build\testbed\windows\app\src\app\tests\widgets\test_dateinput.py PASSED [ 79%]
2025-02-24T05:36:25.8679161Z tests\widgets\test_timeinput.py::test_cleanup <- build\testbed\windows\app\src\app\tests\widgets\conftest.py PASSED [ 80%]
2025-02-24T05:36:26.2600097Z tests\widgets\test_timeinput.py::test_init PASSED                        [ 80%]
2025-02-24T05:36:26.8249575Z tests\widgets\test_timeinput.py::test_change PASSED                      [ 80%]
2025-02-24T05:36:27.0765949Z tests\widgets\test_tree.py::test_background_color <- build\testbed\windows\app\src\app\tests\widgets\properties.py SKIPPED [ 80%]
2025-02-24T05:36:27.3117067Z tests\widgets\test_tree.py::test_background_color_reset <- build\testbed\windows\app\src\app\tests\widgets\properties.py SKIPPED [ 80%]
2025-02-24T05:36:27.5944282Z tests\widgets\test_tree.py::test_enable_noop <- build\testbed\windows\app\src\app\tests\widgets\properties.py SKIPPED [ 80%]
2025-02-24T05:36:27.8284801Z tests\widgets\test_tree.py::test_flex_widget_size <- build\testbed\windows\app\src\app\tests\widgets\properties.py SKIPPED [ 81%]
2025-02-24T05:36:28.0657349Z tests\widgets\test_tree.py::test_focus_noop <- build\testbed\windows\app\src\app\tests\widgets\properties.py SKIPPED [ 81%]
2025-02-24T05:36:28.3013456Z tests\widgets\test_tree.py::test_font <- build\testbed\windows\app\src\app\tests\widgets\properties.py SKIPPED [ 81%]
2025-02-24T05:36:28.5371479Z tests\widgets\test_tree.py::test_cleanup <- build\testbed\windows\app\src\app\tests\widgets\conftest.py SKIPPED [ 81%]
2025-02-24T05:36:28.7090955Z tests\widgets\test_tree.py::test_select SKIPPED (not yet implemented on
2025-02-24T05:36:28.7717614Z windows)                                                                 [ 81%]
2025-02-24T05:36:28.9605357Z tests\widgets\test_tree.py::test_expand_collapse SKIPPED (not yet
2025-02-24T05:36:29.0232233Z implemented on windows)                                                  [ 81%]
2025-02-24T05:36:29.1950313Z tests\widgets\test_tree.py::test_activate SKIPPED (not yet implemented
2025-02-24T05:36:29.2583638Z on windows)                                                              [ 82%]
2025-02-24T05:36:29.3847613Z tests\widgets\test_tree.py::test_multiselect SKIPPED (not yet
2025-02-24T05:36:29.4466109Z implemented on windows)                                                  [ 82%]
2025-02-24T05:36:29.6191631Z tests\widgets\test_tree.py::test_row_changes SKIPPED (not yet
2025-02-24T05:36:29.6823141Z implemented on windows)                                                  [ 82%]
2025-02-24T05:36:29.8004585Z tests\widgets\test_tree.py::test_headerless_row_changes SKIPPED (not yet
2025-02-24T05:36:29.8709184Z implemented on windows)                                                  [ 82%]
2025-02-24T05:36:30.0436245Z tests\widgets\test_tree.py::test_column_changes SKIPPED (not yet
2025-02-24T05:36:30.1062674Z implemented on windows)                                                  [ 82%]
2025-02-24T05:36:30.2332724Z tests\widgets\test_tree.py::test_headerless_column_changes SKIPPED (not
2025-02-24T05:36:30.2948485Z yet implemented on windows)                                              [ 83%]
2025-02-24T05:36:30.4673996Z tests\widgets\test_tree.py::test_cell_icon SKIPPED (not yet implemented
2025-02-24T05:36:30.5301049Z on windows)                                                              [ 83%]
2025-02-24T05:36:30.7027614Z tests\widgets\test_tree.py::test_cell_widget SKIPPED (not yet
2025-02-24T05:36:30.7661939Z implemented on windows)                                                  [ 83%]
2025-02-24T05:36:31.4470122Z tests\widgets\test_webview.py::test_flex_widget_size <- build\testbed\windows\app\src\app\tests\widgets\properties.py PASSED [ 83%]
2025-02-24T05:36:32.1663610Z tests\widgets\test_webview.py::test_focus <- build\testbed\windows\app\src\app\tests\widgets\properties.py PASSED [ 83%]
2025-02-24T05:36:32.4563245Z tests\widgets\test_webview.py::test_cleanup <- build\testbed\windows\app\src\app\tests\widgets\conftest.py PASSED [ 83%]
2025-02-24T05:36:33.5154807Z tests\widgets\test_webview.py::test_set_url PASSED                       [ 84%]
2025-02-24T05:36:34.0935524Z tests\widgets\test_webview.py::test_clear_url PASSED                     [ 84%]
2025-02-24T05:36:34.7198848Z tests\widgets\test_webview.py::test_load_empty_url PASSED                [ 84%]
2025-02-24T05:36:35.8843094Z tests\widgets\test_webview.py::test_load_url PASSED                      [ 84%]
2025-02-24T05:36:36.5103073Z tests\widgets\test_webview.py::test_static_content PASSED                [ 84%]
2025-02-24T05:36:37.0881192Z tests\widgets\test_webview.py::test_user_agent PASSED                    [ 84%]
2025-02-24T05:36:37.6810528Z tests\widgets\test_webview.py::test_evaluate_javascript PASSED           [ 85%]
2025-02-24T05:36:38.2594423Z tests\widgets\test_webview.py::test_evaluate_javascript_no_handler PASSED [ 85%]
2025-02-24T05:36:38.8197375Z tests\widgets\test_webview.py::test_evaluate_javascript_error PASSED     [ 85%]
2025-02-24T05:36:39.4160821Z tests\widgets\test_webview.py::test_evaluate_javascript_error_without_handler PASSED [ 85%]
2025-02-24T05:36:41.3766024Z tests\widgets\test_webview.py::test_dom_storage_enabled PASSED           [ 85%]
2025-02-24T05:36:42.5956987Z tests\widgets\test_webview.py::test_retrieve_cookies PASSED              [ 85%]
2025-02-24T05:36:43.0407098Z tests\window\test_dialogs.py::test_info_dialog PASSED                    [ 86%]
2025-02-24T05:36:43.5119019Z tests\window\test_dialogs.py::test_question_dialog[False] PASSED         [ 86%]
2025-02-24T05:36:43.9668629Z tests\window\test_dialogs.py::test_question_dialog[True] PASSED          [ 86%]
2025-02-24T05:36:44.4060533Z tests\window\test_dialogs.py::test_confirm_dialog[False] PASSED          [ 86%]
2025-02-24T05:36:44.8457743Z tests\window\test_dialogs.py::test_confirm_dialog[True] PASSED           [ 86%]
2025-02-24T05:36:45.3007826Z tests\window\test_dialogs.py::test_error_dialog PASSED                   [ 86%]
2025-02-24T05:36:45.7875985Z tests\window\test_dialogs.py::test_stack_trace_dialog[None] PASSED       [ 87%]
2025-02-24T05:36:46.2580774Z tests\window\test_dialogs.py::test_stack_trace_dialog[False] PASSED      [ 87%]
2025-02-24T05:36:46.7449136Z tests\window\test_dialogs.py::test_stack_trace_dialog[True] PASSED       [ 87%]
2025-02-24T05:36:47.2940435Z tests\window\test_dialogs.py::test_save_file_dialog[/path/to/file.txt-None-result0] PASSED [ 87%]
2025-02-24T05:36:47.8433418Z tests\window\test_dialogs.py::test_save_file_dialog[/path/to/file.txt-None-None] PASSED [ 87%]
2025-02-24T05:36:48.4078759Z tests\window\test_dialogs.py::test_save_file_dialog[/path/to/file.txt-file_types2-result2] PASSED [ 87%]
2025-02-24T05:36:48.9572979Z tests\window\test_dialogs.py::test_save_file_dialog[/path/to/file.txt-file_types3-None] PASSED [ 88%]
2025-02-24T05:36:49.5067149Z tests\window\test_dialogs.py::test_open_file_dialog[initial_directory0-None-False-result0] PASSED [ 88%]
2025-02-24T05:36:50.0251681Z tests\window\test_dialogs.py::test_open_file_dialog[initial_directory1-None-False-None] PASSED [ 88%]
2025-02-24T05:36:50.5591606Z tests\window\test_dialogs.py::test_open_file_dialog[None-None-False-result2] PASSED [ 88%]
2025-02-24T05:36:51.0928333Z tests\window\test_dialogs.py::test_open_file_dialog[initial_directory3-file_types3-False-result3] PASSED [ 88%]
2025-02-24T05:36:51.6422415Z tests\window\test_dialogs.py::test_open_file_dialog[initial_directory4-None-True-result4] PASSED [ 89%]
2025-02-24T05:36:52.1917361Z tests\window\test_dialogs.py::test_open_file_dialog[initial_directory5-None-True-result5] PASSED [ 89%]
2025-02-24T05:36:52.7097088Z tests\window\test_dialogs.py::test_open_file_dialog[initial_directory6-None-True-None] PASSED [ 89%]
2025-02-24T05:36:53.2750377Z tests\window\test_dialogs.py::test_open_file_dialog[None-None-True-result7] PASSED [ 89%]
2025-02-24T05:36:53.8084468Z tests\window\test_dialogs.py::test_open_file_dialog[initial_directory8-file_types8-True-result8] PASSED [ 89%]
2025-02-24T05:36:54.2795218Z tests\window\test_dialogs.py::test_select_folder_dialog[initial_directory0-False-result0] PASSED [ 89%]
2025-02-24T05:36:54.7666020Z tests\window\test_dialogs.py::test_select_folder_dialog[initial_directory1-False-None] PASSED [ 90%]
2025-02-24T05:36:55.2683177Z tests\window\test_dialogs.py::test_select_folder_dialog[None-False-result2] PASSED [ 90%]
2025-02-24T05:36:55.7549623Z tests\window\test_dialogs.py::test_select_folder_dialog[initial_directory3-True-result3] PASSED [ 90%]
2025-02-24T05:36:56.2726807Z tests\window\test_dialogs.py::test_select_folder_dialog[initial_directory4-True-result4] PASSED [ 90%]
2025-02-24T05:36:56.7436611Z tests\window\test_dialogs.py::test_select_folder_dialog[initial_directory5-True-None] PASSED [ 90%]
2025-02-24T05:36:57.0262202Z tests\window\test_window.py::test_title PASSED                           [ 90%]
2025-02-24T05:36:57.4499026Z tests\window\test_window.py::test_secondary_window[Window-second_window_kwargs0] PASSED [ 91%]
2025-02-24T05:36:57.8898792Z tests\window\test_window.py::test_secondary_window_with_args[Window-second_window_kwargs0] PASSED [ 91%]
2025-02-24T05:36:58.1886594Z tests\window\test_window.py::test_secondary_window_with_content PASSED   [ 91%]
2025-02-24T05:36:58.4870087Z tests\window\test_window.py::test_secondary_window_cleanup PASSED        [ 91%]
2025-02-24T05:36:58.9734967Z tests\window\test_window.py::test_secondary_window_toolbar[MainWindow-second_window_kwargs0] PASSED [ 91%]
2025-02-24T05:36:59.3818772Z tests\window\test_window.py::test_non_resizable[Window-second_window_kwargs0] PASSED [ 91%]
2025-02-24T05:36:59.8213824Z tests\window\test_window.py::test_non_closable[Window-second_window_kwargs0] PASSED [ 92%]
2025-02-24T05:37:00.2296420Z tests\window\test_window.py::test_non_minimizable[Window-second_window_kwargs0] PASSED [ 92%]
2025-02-24T05:37:00.7476971Z tests\window\test_window.py::test_visibility[Window-second_window_kwargs0] PASSED [ 92%]
2025-02-24T05:37:01.2185792Z tests\window\test_window.py::test_move_and_resize[Window-second_window_kwargs0] PASSED [ 92%]
2025-02-24T05:37:01.7368369Z tests\window\test_window.py::test_window_state_change[MainWindow-second_window_kwargs0-WindowState.NORMAL-WindowState.MINIMIZED] PASSED [ 92%]
2025-02-24T05:37:02.2552429Z tests\window\test_window.py::test_window_state_change[MainWindow-second_window_kwargs0-WindowState.NORMAL-WindowState.MAXIMIZED] PASSED [ 92%]
2025-02-24T05:37:02.7890937Z tests\window\test_window.py::test_window_state_change[MainWindow-second_window_kwargs0-WindowState.NORMAL-WindowState.FULLSCREEN] PASSED [ 93%]
2025-02-24T05:37:03.3228985Z tests\window\test_window.py::test_window_state_change[MainWindow-second_window_kwargs0-WindowState.NORMAL-WindowState.PRESENTATION] PASSED [ 93%]
2025-02-24T05:37:03.8568774Z tests\window\test_window.py::test_window_state_change[MainWindow-second_window_kwargs0-WindowState.NORMAL-WindowState.NORMAL] PASSED [ 93%]
2025-02-24T05:37:04.4065113Z tests\window\test_window.py::test_window_state_change[MainWindow-second_window_kwargs0-WindowState.MINIMIZED-WindowState.NORMAL] PASSED [ 93%]
2025-02-24T05:37:04.9715482Z tests\window\test_window.py::test_window_state_change[MainWindow-second_window_kwargs0-WindowState.MINIMIZED-WindowState.MAXIMIZED] PASSED [ 93%]
2025-02-24T05:37:05.5371421Z tests\window\test_window.py::test_window_state_change[MainWindow-second_window_kwargs0-WindowState.MINIMIZED-WindowState.FULLSCREEN] PASSED [ 93%]
2025-02-24T05:37:06.1027659Z tests\window\test_window.py::test_window_state_change[MainWindow-second_window_kwargs0-WindowState.MINIMIZED-WindowState.PRESENTATION] PASSED [ 94%]
2025-02-24T05:37:06.6672476Z tests\window\test_window.py::test_window_state_change[MainWindow-second_window_kwargs0-WindowState.MINIMIZED-WindowState.MINIMIZED] PASSED [ 94%]
2025-02-24T05:37:07.2008188Z tests\window\test_window.py::test_window_state_change[MainWindow-second_window_kwargs0-WindowState.MAXIMIZED-WindowState.NORMAL] PASSED [ 94%]
2025-02-24T05:37:07.7664372Z tests\window\test_window.py::test_window_state_change[MainWindow-second_window_kwargs0-WindowState.MAXIMIZED-WindowState.MINIMIZED] PASSED [ 94%]
2025-02-24T05:37:08.3322743Z tests\window\test_window.py::test_window_state_change[MainWindow-second_window_kwargs0-WindowState.MAXIMIZED-WindowState.FULLSCREEN] PASSED [ 94%]
2025-02-24T05:37:08.8975315Z tests\window\test_window.py::test_window_state_change[MainWindow-second_window_kwargs0-WindowState.MAXIMIZED-WindowState.PRESENTATION] PASSED [ 95%]
2025-02-24T05:37:09.4465163Z tests\window\test_window.py::test_window_state_change[MainWindow-second_window_kwargs0-WindowState.MAXIMIZED-WindowState.MAXIMIZED] PASSED [ 95%]
2025-02-24T05:37:10.0276268Z tests\window\test_window.py::test_window_state_change[MainWindow-second_window_kwargs0-WindowState.FULLSCREEN-WindowState.NORMAL] PASSED [ 95%]
2025-02-24T05:37:10.6397664Z tests\window\test_window.py::test_window_state_change[MainWindow-second_window_kwargs0-WindowState.FULLSCREEN-WindowState.MINIMIZED] PASSED [ 95%]
2025-02-24T05:37:11.2208480Z tests\window\test_window.py::test_window_state_change[MainWindow-second_window_kwargs0-WindowState.FULLSCREEN-WindowState.MAXIMIZED] PASSED [ 95%]
2025-02-24T05:37:11.8016908Z tests\window\test_window.py::test_window_state_change[MainWindow-second_window_kwargs0-WindowState.FULLSCREEN-WindowState.PRESENTATION] PASSED [ 95%]
2025-02-24T05:37:12.3669473Z tests\window\test_window.py::test_window_state_change[MainWindow-second_window_kwargs0-WindowState.FULLSCREEN-WindowState.FULLSCREEN] PASSED [ 96%]
2025-02-24T05:37:12.9475094Z tests\window\test_window.py::test_window_state_change[MainWindow-second_window_kwargs0-WindowState.PRESENTATION-WindowState.NORMAL] PASSED [ 96%]
2025-02-24T05:37:13.5439559Z tests\window\test_window.py::test_window_state_change[MainWindow-second_window_kwargs0-WindowState.PRESENTATION-WindowState.MINIMIZED] PASSED [ 96%]
2025-02-24T05:37:14.1247054Z tests\window\test_window.py::test_window_state_change[MainWindow-second_window_kwargs0-WindowState.PRESENTATION-WindowState.MAXIMIZED] PASSED [ 96%]
2025-02-24T05:37:14.7051159Z tests\window\test_window.py::test_window_state_change[MainWindow-second_window_kwargs0-WindowState.PRESENTATION-WindowState.FULLSCREEN] PASSED [ 96%]
2025-02-24T05:37:15.2548788Z tests\window\test_window.py::test_window_state_change[MainWindow-second_window_kwargs0-WindowState.PRESENTATION-WindowState.PRESENTATION] PASSED [ 96%]
2025-02-24T05:37:15.8037412Z tests\window\test_window.py::test_window_state_rapid_assignment[MainWindow-second_window_kwargs0-states0] PASSED [ 97%]
2025-02-24T05:37:16.3850349Z tests\window\test_window.py::test_window_state_rapid_assignment[MainWindow-second_window_kwargs0-states1] PASSED [ 97%]
2025-02-24T05:37:16.9659244Z tests\window\test_window.py::test_window_state_rapid_assignment[MainWindow-second_window_kwargs0-states2] PASSED [ 97%]
2025-02-24T05:37:17.5467330Z tests\window\test_window.py::test_window_state_rapid_assignment[MainWindow-second_window_kwargs0-states3] PASSED [ 97%]
2025-02-24T05:37:18.0171475Z tests\window\test_window.py::test_window_state_same_as_current_without_intermediate_states[Window-second_window_kwargs0-WindowState.NORMAL] PASSED [ 97%]
2025-02-24T05:37:18.5038332Z tests\window\test_window.py::test_window_state_same_as_current_without_intermediate_states[Window-second_window_kwargs0-WindowState.MINIMIZED] PASSED [ 97%]
2025-02-24T05:37:18.9748010Z tests\window\test_window.py::test_window_state_same_as_current_without_intermediate_states[Window-second_window_kwargs0-WindowState.MAXIMIZED] PASSED [ 98%]
2025-02-24T05:37:19.4454565Z tests\window\test_window.py::test_window_state_same_as_current_without_intermediate_states[Window-second_window_kwargs0-WindowState.FULLSCREEN] PASSED [ 98%]
2025-02-24T05:37:19.9158398Z tests\window\test_window.py::test_window_state_same_as_current_without_intermediate_states[Window-second_window_kwargs0-WindowState.PRESENTATION] PASSED [ 98%]
2025-02-24T05:37:20.4179804Z tests\window\test_window.py::test_window_state_content_size_increase[Window-second_window_kwargs0-WindowState.MAXIMIZED] PASSED [ 98%]
2025-02-24T05:37:20.9360454Z tests\window\test_window.py::test_window_state_content_size_increase[Window-second_window_kwargs0-WindowState.FULLSCREEN] PASSED [ 98%]
2025-02-24T05:37:21.4540199Z tests\window\test_window.py::test_window_state_content_size_increase[Window-second_window_kwargs0-WindowState.PRESENTATION] PASSED [ 98%]
2025-02-24T05:37:21.9408983Z tests\window\test_window.py::test_window_state_when_window_hidden[Window-second_window_kwargs0-WindowState.NORMAL] PASSED [ 99%]
2025-02-24T05:37:22.4269793Z tests\window\test_window.py::test_window_state_when_window_hidden[Window-second_window_kwargs0-WindowState.MAXIMIZED] PASSED [ 99%]
2025-02-24T05:37:22.8982136Z tests\window\test_window.py::test_focus_events[Window-second_window_kwargs0] PASSED [ 99%]
2025-02-24T05:37:23.3687092Z tests\window\test_window.py::test_visibility_events[Window-second_window_kwargs0] PASSED [ 99%]
2025-02-24T05:37:23.8402310Z tests\window\test_window.py::test_screen[Window-second_window_kwargs0] PASSED [ 99%]
2025-02-24T05:37:24.2402320Z tests\window\test_window.py::test_as_image PASSED                        [100%]
2025-02-24T05:37:24.2410940Z 
2025-02-24T05:37:24.2419216Z =========== 543 passed, 36 skipped, 7 xfailed in 354.45s (0:05:54) ============
2025-02-24T05:37:24.6214087Z Name    Stmts   Miss Branch BrPart   Cover   Missing
2025-02-24T05:37:24.6224431Z ----------------------------------------------------
2025-02-24T05:37:24.6235163Z TOTAL    2399      0    436      0  100.0%
2025-02-24T05:37:24.6242533Z 
2025-02-24T05:37:24.6249895Z 48 files skipped due to complete coverage.
2025-02-24T05:37:27.7114820Z 
2025-02-24T05:37:27.7142015Z [testbed] Test suite passed!
2025-02-24T05:37:27.7156993Z Saving log... started
2025-02-24T05:37:27.7168150Z 
2025-02-24T05:37:27.7625880Z Log saved to D:\a\toga\toga\testbed\logs\briefcase.2025_02_24-05_37_27.run.log
2025-02-24T05:37:27.7636822Z 
2025-02-24T05:37:27.7639293Z Saving log... done
2025-02-24T05:37:27.9195816Z Post job cleanup.
2025-02-24T05:37:28.1741300Z Post job cleanup.
2025-02-24T05:37:28.4229452Z [command]"C:\Program Files\Git\bin\git.exe" version
2025-02-24T05:37:28.4497219Z git version 2.47.1.windows.2
2025-02-24T05:37:28.4576890Z Temporarily overriding HOME='D:\a\_temp\6f013fb3-4a98-4770-8077-33269663c42f' before making global git config changes
2025-02-24T05:37:28.4578050Z Adding repository directory to the temporary git global config as a safe directory
2025-02-24T05:37:28.4587944Z [command]"C:\Program Files\Git\bin\git.exe" config --global --add safe.directory D:\a\toga\toga
2025-02-24T05:37:28.4835203Z [command]"C:\Program Files\Git\bin\git.exe" config --local --name-only --get-regexp core\.sshCommand
2025-02-24T05:37:28.5057462Z [command]"C:\Program Files\Git\bin\git.exe" submodule foreach --recursive "sh -c \"git config --local --name-only --get-regexp 'core\.sshCommand' && git config --local --unset-all 'core.sshCommand' || :\""
2025-02-24T05:37:28.9001295Z [command]"C:\Program Files\Git\bin\git.exe" config --local --name-only --get-regexp http\.https\:\/\/github\.com\/\.extraheader
2025-02-24T05:37:28.9186784Z http.https://github.com/.extraheader
2025-02-24T05:37:28.9220759Z [command]"C:\Program Files\Git\bin\git.exe" config --local --unset-all http.https://github.com/.extraheader
2025-02-24T05:37:28.9439743Z [command]"C:\Program Files\Git\bin\git.exe" submodule foreach --recursive "sh -c \"git config --local --name-only --get-regexp 'http\.https\:\/\/github\.com\/\.extraheader' && git config --local --unset-all 'http.https://github.com/.extraheader' || :\""
2025-02-24T05:37:29.3650550Z Cleaning up orphan processes
