2025-02-24T05:27:18.7433235Z Current runner version: '2.322.0'
2025-02-24T05:27:18.7457276Z ##[group]Operating System
2025-02-24T05:27:18.7458067Z Ubuntu
2025-02-24T05:27:18.7458761Z 24.04.1
2025-02-24T05:27:18.7459334Z LTS
2025-02-24T05:27:18.7459921Z ##[endgroup]
2025-02-24T05:27:18.7460711Z ##[group]Runner Image
2025-02-24T05:27:18.7461355Z Image: ubuntu-24.04
2025-02-24T05:27:18.7462006Z Version: 20250209.1.0
2025-02-24T05:27:18.7463284Z Included Software: https://github.com/actions/runner-images/blob/ubuntu24/20250209.1/images/ubuntu/Ubuntu2404-Readme.md
2025-02-24T05:27:18.7464990Z Image Release: https://github.com/actions/runner-images/releases/tag/ubuntu24%2F20250209.1
2025-02-24T05:27:18.7466136Z ##[endgroup]
2025-02-24T05:27:18.7466755Z ##[group]Runner Image Provisioner
2025-02-24T05:27:18.7467426Z 2.0.422.1
2025-02-24T05:27:18.7468031Z ##[endgroup]
2025-02-24T05:27:18.7469364Z ##[group]GITHUB_TOKEN Permissions
2025-02-24T05:27:18.7471486Z Attestations: write
2025-02-24T05:27:18.7472313Z Contents: read
2025-02-24T05:27:18.7473068Z Metadata: read
2025-02-24T05:27:18.7473621Z ##[endgroup]
2025-02-24T05:27:18.7476465Z Secret source: Actions
2025-02-24T05:27:18.7477389Z Prepare workflow directory
2025-02-24T05:27:18.7848716Z Prepare all required actions
2025-02-24T05:27:18.7886600Z Getting action download info
2025-02-24T05:27:19.0139411Z ##[group]Download immutable action package 'actions/checkout@v4.2.2'
2025-02-24T05:27:19.0140863Z Version: 4.2.2
2025-02-24T05:27:19.0141893Z Digest: sha256:ccb2698953eaebd21c7bf6268a94f9c26518a7e38e27e0b83c1fe1ad049819b1
2025-02-24T05:27:19.0143158Z Source commit SHA: 11bd71901bbe5b1630ceea73d27597364c9af683
2025-02-24T05:27:19.0144085Z ##[endgroup]
2025-02-24T05:27:19.0983896Z Download action repository 'hynek/build-and-inspect-python-package@v2.12.0' (SHA:b5076c307dc91924a82ad150cdd1533b444d3310)
2025-02-24T05:27:19.6525269Z Getting action download info
2025-02-24T05:27:19.8994367Z ##[group]Download immutable action package 'actions/setup-python@v5'
2025-02-24T05:27:19.8995885Z Version: 5.4.0
2025-02-24T05:27:19.8997363Z Digest: sha256:6003df952c8106bcd378d2ba997eef202da924317a57269dfa72449b135adb7f
2025-02-24T05:27:19.9000679Z Source commit SHA: 42375524e23c412d93fb67b49958b491fce71c38
2025-02-24T05:27:19.9001716Z ##[endgroup]
2025-02-24T05:27:20.2007788Z ##[group]Download immutable action package 'actions/cache@v4'
2025-02-24T05:27:20.2008964Z Version: 4.2.1
2025-02-24T05:27:20.2010082Z Digest: sha256:b0404c9628d43aa6855629075b28f32cadf8efc5c26198438149f78500112940
2025-02-24T05:27:20.2011831Z Source commit SHA: 0c907a75c2c80ebcb7f088228285e798b750cf8f
2025-02-24T05:27:20.2012962Z ##[endgroup]
2025-02-24T05:27:20.5162620Z ##[group]Download immutable action package 'actions/attest-build-provenance@v1'
2025-02-24T05:27:20.5163182Z Version: 1.4.4
2025-02-24T05:27:20.5163635Z Digest: sha256:d7299ad8c2a3f956532d6e8204e559d00a18d56d3620a1298c82fc122475c4a1
2025-02-24T05:27:20.5164225Z Source commit SHA: ef244123eb79f2f7a7e75d99086184180e6d0018
2025-02-24T05:27:20.5164667Z ##[endgroup]
2025-02-24T05:27:20.7763398Z ##[group]Download immutable action package 'actions/upload-artifact@v4'
2025-02-24T05:27:20.7763948Z Version: 4.6.1
2025-02-24T05:27:20.7764406Z Digest: sha256:3f6a28e7a1e0b5c8e2249e28da121a049fa5b91863b04390a46a82e4f8e2da98
2025-02-24T05:27:20.7765062Z Source commit SHA: 4cec3d8aa04e39d1a68397de0c4cd6fb9dce8ec1
2025-02-24T05:27:20.7765518Z ##[endgroup]
2025-02-24T05:27:21.1607732Z Getting action download info
2025-02-24T05:27:21.3257023Z Download action repository 'actions/attest-build-provenance@36fa7d009e22618ca7cd599486979b8150596c74' (SHA:36fa7d009e22618ca7cd599486979b8150596c74)
2025-02-24T05:27:21.8305040Z Download action repository 'actions/attest@67422f5511b7ff725f4dbd6fb9bd2cd925c65a8d' (SHA:67422f5511b7ff725f4dbd6fb9bd2cd925c65a8d)
2025-02-24T05:27:22.3747037Z Uses: beeware/.github/.github/workflows/python-package-create.yml@refs/heads/main (a66b93162808d34adf5280c28104b75f8e0d70d3)
2025-02-24T05:27:22.3748912Z ##[group] Inputs
2025-02-24T05:27:22.3749424Z   repository: beeware/toga
2025-02-24T05:27:22.3749808Z   build-subdirectory: core
2025-02-24T05:27:22.3750028Z   attest: 
2025-02-24T05:27:22.3750369Z ##[endgroup]
2025-02-24T05:27:22.3750680Z Complete job name: Package Toga (core) / Create Python Package
2025-02-24T05:27:22.4374067Z ##[group]Run echo "repo-name=$(basename "${REPO}")" | tee -a ${GITHUB_OUTPUT}
2025-02-24T05:27:22.4374683Z [36;1mecho "repo-name=$(basename "${REPO}")" | tee -a ${GITHUB_OUTPUT}[0m
2025-02-24T05:27:22.4375193Z [36;1mecho "differentiator=${DIFFERENTIATOR}" | tee -a ${GITHUB_OUTPUT}[0m
2025-02-24T05:27:22.4536389Z shell: /usr/bin/bash -e {0}
2025-02-24T05:27:22.4537010Z env:
2025-02-24T05:27:22.4537279Z   FORCE_COLOR: 1
2025-02-24T05:27:22.4537599Z   REPO: beeware/toga
2025-02-24T05:27:22.4537941Z   DIFFERENTIATOR: -core
2025-02-24T05:27:22.4538270Z ##[endgroup]
2025-02-24T05:27:22.4694083Z repo-name=toga
2025-02-24T05:27:22.4696642Z differentiator=-core
2025-02-24T05:27:22.4861170Z ##[group]Run actions/checkout@v4.2.2
2025-02-24T05:27:22.4861503Z with:
2025-02-24T05:27:22.4861754Z   repository: beeware/toga
2025-02-24T05:27:22.4862014Z   fetch-depth: 0
2025-02-24T05:27:22.4862374Z   token: ***
2025-02-24T05:27:22.4862588Z   ssh-strict: true
2025-02-24T05:27:22.4862802Z   ssh-user: git
2025-02-24T05:27:22.4863040Z   persist-credentials: true
2025-02-24T05:27:22.4863303Z   clean: true
2025-02-24T05:27:22.4863531Z   sparse-checkout-cone-mode: true
2025-02-24T05:27:22.4863810Z   fetch-tags: false
2025-02-24T05:27:22.4864029Z   show-progress: true
2025-02-24T05:27:22.4864253Z   lfs: false
2025-02-24T05:27:22.4864456Z   submodules: false
2025-02-24T05:27:22.4864681Z   set-safe-directory: true
2025-02-24T05:27:22.4864918Z env:
2025-02-24T05:27:22.4865109Z   FORCE_COLOR: 1
2025-02-24T05:27:22.4865321Z ##[endgroup]
2025-02-24T05:27:22.6567576Z Syncing repository: beeware/toga
2025-02-24T05:27:22.6569203Z ##[group]Getting Git version info
2025-02-24T05:27:22.6569887Z Working directory is '/home/runner/work/toga/toga'
2025-02-24T05:27:22.6570892Z [command]/usr/bin/git version
2025-02-24T05:27:22.6623944Z git version 2.48.1
2025-02-24T05:27:22.6651173Z ##[endgroup]
2025-02-24T05:27:22.6671799Z Temporarily overriding HOME='/home/runner/work/_temp/071e6d73-efdd-4365-93ba-11cf68a68981' before making global git config changes
2025-02-24T05:27:22.6672917Z Adding repository directory to the temporary git global config as a safe directory
2025-02-24T05:27:22.6676995Z [command]/usr/bin/git config --global --add safe.directory /home/runner/work/toga/toga
2025-02-24T05:27:22.6711565Z Deleting the contents of '/home/runner/work/toga/toga'
2025-02-24T05:27:22.6715126Z ##[group]Initializing the repository
2025-02-24T05:27:22.6719108Z [command]/usr/bin/git init /home/runner/work/toga/toga
2025-02-24T05:27:22.6783860Z hint: Using 'master' as the name for the initial branch. This default branch name
2025-02-24T05:27:22.6785327Z hint: is subject to change. To configure the initial branch name to use in all
2025-02-24T05:27:22.6786166Z hint: of your new repositories, which will suppress this warning, call:
2025-02-24T05:27:22.6786852Z hint:
2025-02-24T05:27:22.6787251Z hint: 	git config --global init.defaultBranch <name>
2025-02-24T05:27:22.6788046Z hint:
2025-02-24T05:27:22.6788857Z hint: Names commonly chosen instead of 'master' are 'main', 'trunk' and
2025-02-24T05:27:22.6789658Z hint: 'development'. The just-created branch can be renamed via this command:
2025-02-24T05:27:22.6791207Z hint:
2025-02-24T05:27:22.6791798Z hint: 	git branch -m <name>
2025-02-24T05:27:22.6792933Z Initialized empty Git repository in /home/runner/work/toga/toga/.git/
2025-02-24T05:27:22.6803230Z [command]/usr/bin/git remote add origin https://github.com/beeware/toga
2025-02-24T05:27:22.6837587Z ##[endgroup]
2025-02-24T05:27:22.6838489Z ##[group]Disabling automatic garbage collection
2025-02-24T05:27:22.6843218Z [command]/usr/bin/git config --local gc.auto 0
2025-02-24T05:27:22.6873692Z ##[endgroup]
2025-02-24T05:27:22.6874453Z ##[group]Setting up auth
2025-02-24T05:27:22.6881462Z [command]/usr/bin/git config --local --name-only --get-regexp core\.sshCommand
2025-02-24T05:27:22.6913393Z [command]/usr/bin/git submodule foreach --recursive sh -c "git config --local --name-only --get-regexp 'core\.sshCommand' && git config --local --unset-all 'core.sshCommand' || :"
2025-02-24T05:27:22.7230807Z [command]/usr/bin/git config --local --name-only --get-regexp http\.https\:\/\/github\.com\/\.extraheader
2025-02-24T05:27:22.7266820Z [command]/usr/bin/git submodule foreach --recursive sh -c "git config --local --name-only --get-regexp 'http\.https\:\/\/github\.com\/\.extraheader' && git config --local --unset-all 'http.https://github.com/.extraheader' || :"
2025-02-24T05:27:22.7515071Z [command]/usr/bin/git config --local http.https://github.com/.extraheader AUTHORIZATION: basic ***
2025-02-24T05:27:22.7554068Z ##[endgroup]
2025-02-24T05:27:22.7555184Z ##[group]Fetching the repository
2025-02-24T05:27:22.7563206Z [command]/usr/bin/git -c protocol.version=2 fetch --prune --no-recurse-submodules origin +refs/heads/*:refs/remotes/origin/* +refs/tags/*:refs/tags/*
2025-02-24T05:27:25.1817011Z From https://github.com/beeware/toga
2025-02-24T05:27:25.1818445Z  * [new branch]          main         -> origin/main
2025-02-24T05:27:25.1819713Z  * [new branch]          pre-0.5      -> origin/pre-0.5
2025-02-24T05:27:25.1821252Z  * [new tag]             0.2.6        -> 0.2.6
2025-02-24T05:27:25.1822326Z  * [new tag]             v0.0.1rc1    -> v0.0.1rc1
2025-02-24T05:27:25.1823481Z  * [new tag]             v0.0.1rc10   -> v0.0.1rc10
2025-02-24T05:27:25.1824605Z  * [new tag]             v0.0.1rc5    -> v0.0.1rc5
2025-02-24T05:27:25.1825858Z  * [new tag]             v0.0.1rc6    -> v0.0.1rc6
2025-02-24T05:27:25.1827736Z  * [new tag]             v0.1.0       -> v0.1.0
2025-02-24T05:27:25.1829080Z  * [new tag]             v0.1.1       -> v0.1.1
2025-02-24T05:27:25.1830772Z  * [new tag]             v0.1.2       -> v0.1.2
2025-02-24T05:27:25.1832319Z  * [new tag]             v0.2.0       -> v0.2.0
2025-02-24T05:27:25.1833336Z  * [new tag]             v0.2.0.dev1  -> v0.2.0.dev1
2025-02-24T05:27:25.1834780Z  * [new tag]             v0.2.1       -> v0.2.1
2025-02-24T05:27:25.1836290Z  * [new tag]             v0.2.10      -> v0.2.10
2025-02-24T05:27:25.1837638Z  * [new tag]             v0.2.11      -> v0.2.11
2025-02-24T05:27:25.1839429Z  * [new tag]             v0.2.12      -> v0.2.12
2025-02-24T05:27:25.1842394Z  * [new tag]             v0.2.13      -> v0.2.13
2025-02-24T05:27:25.1842949Z  * [new tag]             v0.2.14      -> v0.2.14
2025-02-24T05:27:25.1843429Z  * [new tag]             v0.2.15      -> v0.2.15
2025-02-24T05:27:25.1843981Z  * [new tag]             v0.2.2       -> v0.2.2
2025-02-24T05:27:25.1847325Z  * [new tag]             v0.2.3       -> v0.2.3
2025-02-24T05:27:25.1847828Z  * [new tag]             v0.2.4       -> v0.2.4
2025-02-24T05:27:25.1848607Z  * [new tag]             v0.2.5       -> v0.2.5
2025-02-24T05:27:25.1849808Z  * [new tag]             v0.2.6       -> v0.2.6
2025-02-24T05:27:25.1852486Z  * [new tag]             v0.2.7       -> v0.2.7
2025-02-24T05:27:25.1853206Z  * [new tag]             v0.2.8       -> v0.2.8
2025-02-24T05:27:25.1854240Z  * [new tag]             v0.2.9       -> v0.2.9
2025-02-24T05:27:25.1855846Z  * [new tag]             v0.3.0       -> v0.3.0
2025-02-24T05:27:25.1857911Z  * [new tag]             v0.3.0.dev1  -> v0.3.0.dev1
2025-02-24T05:27:25.1859945Z  * [new tag]             v0.3.0.dev10 -> v0.3.0.dev10
2025-02-24T05:27:25.1861940Z  * [new tag]             v0.3.0.dev11 -> v0.3.0.dev11
2025-02-24T05:27:25.1864084Z  * [new tag]             v0.3.0.dev12 -> v0.3.0.dev12
2025-02-24T05:27:25.1864729Z  * [new tag]             v0.3.0.dev13 -> v0.3.0.dev13
2025-02-24T05:27:25.1866481Z  * [new tag]             v0.3.0.dev14 -> v0.3.0.dev14
2025-02-24T05:27:25.1867473Z  * [new tag]             v0.3.0.dev15 -> v0.3.0.dev15
2025-02-24T05:27:25.1868885Z  * [new tag]             v0.3.0.dev16 -> v0.3.0.dev16
2025-02-24T05:27:25.1870166Z  * [new tag]             v0.3.0.dev17 -> v0.3.0.dev17
2025-02-24T05:27:25.1871554Z  * [new tag]             v0.3.0.dev18 -> v0.3.0.dev18
2025-02-24T05:27:25.1873838Z  * [new tag]             v0.3.0.dev19 -> v0.3.0.dev19
2025-02-24T05:27:25.1874711Z  * [new tag]             v0.3.0.dev2  -> v0.3.0.dev2
2025-02-24T05:27:25.1875787Z  * [new tag]             v0.3.0.dev20 -> v0.3.0.dev20
2025-02-24T05:27:25.1878082Z  * [new tag]             v0.3.0.dev21 -> v0.3.0.dev21
2025-02-24T05:27:25.1878816Z  * [new tag]             v0.3.0.dev22 -> v0.3.0.dev22
2025-02-24T05:27:25.1880457Z  * [new tag]             v0.3.0.dev23 -> v0.3.0.dev23
2025-02-24T05:27:25.1882277Z  * [new tag]             v0.3.0.dev24 -> v0.3.0.dev24
2025-02-24T05:27:25.1883719Z  * [new tag]             v0.3.0.dev25 -> v0.3.0.dev25
2025-02-24T05:27:25.1885617Z  * [new tag]             v0.3.0.dev26 -> v0.3.0.dev26
2025-02-24T05:27:25.1888192Z  * [new tag]             v0.3.0.dev27 -> v0.3.0.dev27
2025-02-24T05:27:25.1888957Z  * [new tag]             v0.3.0.dev28 -> v0.3.0.dev28
2025-02-24T05:27:25.1889658Z  * [new tag]             v0.3.0.dev29 -> v0.3.0.dev29
2025-02-24T05:27:25.1890899Z  * [new tag]             v0.3.0.dev3  -> v0.3.0.dev3
2025-02-24T05:27:25.1892439Z  * [new tag]             v0.3.0.dev30 -> v0.3.0.dev30
2025-02-24T05:27:25.1893578Z  * [new tag]             v0.3.0.dev32 -> v0.3.0.dev32
2025-02-24T05:27:25.1895412Z  * [new tag]             v0.3.0.dev33 -> v0.3.0.dev33
2025-02-24T05:27:25.1896635Z  * [new tag]             v0.3.0.dev34 -> v0.3.0.dev34
2025-02-24T05:27:25.1899204Z  * [new tag]             v0.3.0.dev35 -> v0.3.0.dev35
2025-02-24T05:27:25.1899741Z  * [new tag]             v0.3.0.dev36 -> v0.3.0.dev36
2025-02-24T05:27:25.1900891Z  * [new tag]             v0.3.0.dev37 -> v0.3.0.dev37
2025-02-24T05:27:25.1902405Z  * [new tag]             v0.3.0.dev38 -> v0.3.0.dev38
2025-02-24T05:27:25.1903539Z  * [new tag]             v0.3.0.dev39 -> v0.3.0.dev39
2025-02-24T05:27:25.1904678Z  * [new tag]             v0.3.0.dev4  -> v0.3.0.dev4
2025-02-24T05:27:25.1907015Z  * [new tag]             v0.3.0.dev5  -> v0.3.0.dev5
2025-02-24T05:27:25.1909581Z  * [new tag]             v0.3.0.dev6  -> v0.3.0.dev6
2025-02-24T05:27:25.1910143Z  * [new tag]             v0.3.0.dev7  -> v0.3.0.dev7
2025-02-24T05:27:25.1910878Z  * [new tag]             v0.3.0.dev8  -> v0.3.0.dev8
2025-02-24T05:27:25.1912186Z  * [new tag]             v0.3.0.dev9  -> v0.3.0.dev9
2025-02-24T05:27:25.1913893Z  * [new tag]             v0.3.0rc0    -> v0.3.0rc0
2025-02-24T05:27:25.1916874Z  * [new tag]             v0.3.1       -> v0.3.1
2025-02-24T05:27:25.1917611Z  * [new tag]             v0.4.0       -> v0.4.0
2025-02-24T05:27:25.1919306Z  * [new tag]             v0.4.1       -> v0.4.1
2025-02-24T05:27:25.1919834Z  * [new tag]             v0.4.2       -> v0.4.2
2025-02-24T05:27:25.1920918Z  * [new tag]             v0.4.3       -> v0.4.3
2025-02-24T05:27:25.1921930Z  * [new tag]             v0.4.4       -> v0.4.4
2025-02-24T05:27:25.1923389Z  * [new tag]             v0.4.5       -> v0.4.5
2025-02-24T05:27:25.1924867Z  * [new tag]             v0.4.6       -> v0.4.6
2025-02-24T05:27:25.1926374Z  * [new tag]             v0.4.7       -> v0.4.7
2025-02-24T05:27:25.1927904Z  * [new tag]             v0.4.8       -> v0.4.8
2025-02-24T05:27:25.1929536Z  * [new tag]             v0.4.9       -> v0.4.9
2025-02-24T05:27:25.1980685Z [command]/usr/bin/git branch --list --remote origin/main
2025-02-24T05:27:25.2005760Z   origin/main
2025-02-24T05:27:25.2015408Z [command]/usr/bin/git rev-parse refs/remotes/origin/main
2025-02-24T05:27:25.2037274Z 01152b56b9607a5cc1dabb9e94970cc589baff01
2025-02-24T05:27:25.2043092Z ##[endgroup]
2025-02-24T05:27:25.2043742Z ##[group]Determining the checkout info
2025-02-24T05:27:25.2045879Z ##[endgroup]
2025-02-24T05:27:25.2049086Z [command]/usr/bin/git sparse-checkout disable
2025-02-24T05:27:25.2090156Z [command]/usr/bin/git config --local --unset-all extensions.worktreeConfig
2025-02-24T05:27:25.2116912Z ##[group]Checking out the ref
2025-02-24T05:27:25.2122151Z [command]/usr/bin/git checkout --progress --force -B main refs/remotes/origin/main
2025-02-24T05:27:25.3927327Z Switched to a new branch 'main'
2025-02-24T05:27:25.3929491Z branch 'main' set up to track 'origin/main'.
2025-02-24T05:27:25.3947208Z ##[endgroup]
2025-02-24T05:27:25.3993997Z [command]/usr/bin/git log -1 --format=%H
2025-02-24T05:27:25.4018270Z 01152b56b9607a5cc1dabb9e94970cc589baff01
2025-02-24T05:27:25.4307893Z ##[group]Run hynek/build-and-inspect-python-package@v2.12.0
2025-02-24T05:27:25.4308238Z with:
2025-02-24T05:27:25.4308414Z   path: core
2025-02-24T05:27:25.4308620Z   upload-name-suffix: -toga-core
2025-02-24T05:27:25.4308872Z   skip-wheel: false
2025-02-24T05:27:25.4309057Z env:
2025-02-24T05:27:25.4309222Z   FORCE_COLOR: 1
2025-02-24T05:27:25.4309406Z ##[endgroup]
2025-02-24T05:27:25.4407597Z ##[group]Run actions/setup-python@v5
2025-02-24T05:27:25.4407868Z with:
2025-02-24T05:27:25.4408053Z   python-version: 3.x
2025-02-24T05:27:25.4408286Z   update-environment: false
2025-02-24T05:27:25.4408528Z   check-latest: false
2025-02-24T05:27:25.4408870Z   token: ***
2025-02-24T05:27:25.4409078Z   allow-prereleases: false
2025-02-24T05:27:25.4409317Z env:
2025-02-24T05:27:25.4409490Z   FORCE_COLOR: 1
2025-02-24T05:27:25.4409686Z ##[endgroup]
2025-02-24T05:27:25.6122446Z ##[group]Installed versions
2025-02-24T05:27:25.6172510Z Successfully set up CPython (3.13.2)
2025-02-24T05:27:25.6173472Z ##[endgroup]
2025-02-24T05:27:25.6274869Z ##[group]Run curl --location --silent --show-error --fail --proto '=https' --tlsv1.2 https://astral.sh/uv/install.sh | bash
2025-02-24T05:27:25.6275861Z [36;1mcurl --location --silent --show-error --fail --proto '=https' --tlsv1.2 https://astral.sh/uv/install.sh | bash[0m
2025-02-24T05:27:25.6332786Z shell: /usr/bin/bash --noprofile --norc -e -o pipefail {0}
2025-02-24T05:27:25.6333276Z env:
2025-02-24T05:27:25.6333534Z   FORCE_COLOR: 1
2025-02-24T05:27:25.6333812Z ##[endgroup]
2025-02-24T05:27:26.2823567Z downloading uv 0.6.2 x86_64-unknown-linux-gnu
2025-02-24T05:27:26.6953692Z no checksums to verify
2025-02-24T05:27:26.9995498Z installing to /home/runner/.local/bin
2025-02-24T05:27:27.0052384Z   uv
2025-02-24T05:27:27.0082951Z   uvx
2025-02-24T05:27:27.0083695Z everything's installed!
2025-02-24T05:27:27.0203189Z ##[group]Run echo "UV_CACHE_DIR=/tmp/baipp-uv_cache_dir" >>$GITHUB_ENV
2025-02-24T05:27:27.0203963Z [36;1mecho "UV_CACHE_DIR=/tmp/baipp-uv_cache_dir" >>$GITHUB_ENV[0m
2025-02-24T05:27:27.0204478Z [36;1m[0m
2025-02-24T05:27:27.0205534Z [36;1mecho "REQS_HASH=$(sha256sum /home/runner/work/_actions/hynek/build-and-inspect-python-package/v2.12.0/requirements/tools.txt | cut -d' ' -f1)" >>$GITHUB_ENV[0m
2025-02-24T05:27:27.0284879Z shell: /usr/bin/bash --noprofile --norc -e -o pipefail {0}
2025-02-24T05:27:27.0285411Z env:
2025-02-24T05:27:27.0285706Z   FORCE_COLOR: 1
2025-02-24T05:27:27.0286030Z ##[endgroup]
2025-02-24T05:27:27.0439539Z ##[group]Run actions/cache@v4
2025-02-24T05:27:27.0439763Z with:
2025-02-24T05:27:27.0439949Z   path: /tmp/baipp-uv_cache_dir
2025-02-24T05:27:27.0440527Z   key: baipp-3f90074aa1ae051ed85c628263149fee339611d3ee83927a5845d19345dcfa4f
2025-02-24T05:27:27.0440934Z   enableCrossOsArchive: false
2025-02-24T05:27:27.0441178Z   fail-on-cache-miss: false
2025-02-24T05:27:27.0441401Z   lookup-only: false
2025-02-24T05:27:27.0441599Z   save-always: false
2025-02-24T05:27:27.0441784Z env:
2025-02-24T05:27:27.0441958Z   FORCE_COLOR: 1
2025-02-24T05:27:27.0442176Z   UV_CACHE_DIR: /tmp/baipp-uv_cache_dir
2025-02-24T05:27:27.0442554Z   REQS_HASH: 3f90074aa1ae051ed85c628263149fee339611d3ee83927a5845d19345dcfa4f
2025-02-24T05:27:27.0442922Z ##[endgroup]
2025-02-24T05:27:27.4348680Z Cache hit for: baipp-3f90074aa1ae051ed85c628263149fee339611d3ee83927a5845d19345dcfa4f
2025-02-24T05:27:28.4361984Z Received 2634960 of 2634960 (100.0%), 3.6 MBs/sec
2025-02-24T05:27:28.4362682Z Cache Size: ~3 MB (2634960 B)
2025-02-24T05:27:28.4388200Z [command]/usr/bin/tar -xf /home/runner/work/_temp/ebea03dc-98f1-4c8b-a874-dc01f9e5e3f9/cache.tzst -P -C /home/runner/work/toga/toga --use-compress-program unzstd
2025-02-24T05:27:28.4650605Z Cache restored successfully
2025-02-24T05:27:28.4789624Z Cache restored from key: baipp-3f90074aa1ae051ed85c628263149fee339611d3ee83927a5845d19345dcfa4f
2025-02-24T05:27:28.4875006Z ##[group]Run unset UV_SYSTEM_PYTHON
2025-02-24T05:27:28.4875389Z [36;1munset UV_SYSTEM_PYTHON[0m
2025-02-24T05:27:28.4875699Z [36;1m[0m
2025-02-24T05:27:28.4876145Z [36;1muv venv \[0m
2025-02-24T05:27:28.4876416Z [36;1m  /tmp/baipp \[0m
2025-02-24T05:27:28.4876845Z [36;1m  --python /opt/hostedtoolcache/Python/3.13.2/x64/bin/python[0m
2025-02-24T05:27:28.4933332Z shell: /usr/bin/bash --noprofile --norc -e -o pipefail {0}
2025-02-24T05:27:28.4933809Z env:
2025-02-24T05:27:28.4934065Z   FORCE_COLOR: 1
2025-02-24T05:27:28.4934388Z   UV_CACHE_DIR: /tmp/baipp-uv_cache_dir
2025-02-24T05:27:28.4934964Z   REQS_HASH: 3f90074aa1ae051ed85c628263149fee339611d3ee83927a5845d19345dcfa4f
2025-02-24T05:27:28.4935532Z ##[endgroup]
2025-02-24T05:27:28.5752762Z Using CPython 3.13.2 interpreter at: [36m/opt/hostedtoolcache/Python/3.13.2/x64/bin/python[39m
2025-02-24T05:27:28.5753483Z Creating virtual environment at: [36m/tmp/baipp[39m
2025-02-24T05:27:28.5795395Z ##[group]Run unset UV_SYSTEM_PYTHON
2025-02-24T05:27:28.5795785Z [36;1munset UV_SYSTEM_PYTHON[0m
2025-02-24T05:27:28.5796095Z [36;1m[0m
2025-02-24T05:27:28.5796340Z [36;1muv pip sync \[0m
2025-02-24T05:27:28.5796986Z [36;1m  /home/runner/work/_actions/hynek/build-and-inspect-python-package/v2.12.0/requirements/tools.txt[0m
2025-02-24T05:27:28.5852040Z shell: /usr/bin/bash --noprofile --norc -e -o pipefail {0}
2025-02-24T05:27:28.5852530Z env:
2025-02-24T05:27:28.5852786Z   FORCE_COLOR: 1
2025-02-24T05:27:28.5853105Z   UV_CACHE_DIR: /tmp/baipp-uv_cache_dir
2025-02-24T05:27:28.5853682Z   REQS_HASH: 3f90074aa1ae051ed85c628263149fee339611d3ee83927a5845d19345dcfa4f
2025-02-24T05:27:28.5854268Z   VIRTUAL_ENV: /tmp/baipp
2025-02-24T05:27:28.5854593Z ##[endgroup]
2025-02-24T05:27:28.6440185Z [2mUsing Python 3.13.2 environment at: /tmp/baipp[0m
2025-02-24T05:27:28.6986512Z [2mResolved [1m36 packages[0m [2min 53ms[0m[0m
2025-02-24T05:27:28.7278067Z [36m[1mDownloading[0m[39m cryptography [2m(4.0MiB)[0m
2025-02-24T05:27:28.7282794Z [36m[1mDownloading[0m[39m pygments [2m(1.2MiB)[0m
2025-02-24T05:27:28.7544357Z [36m[1mDownloading[0m[39m pydantic-core [2m(1.9MiB)[0m
2025-02-24T05:27:28.8032718Z  [32m[1mDownloaded[0m[39m pydantic-core
2025-02-24T05:27:28.8717130Z  [32m[1mDownloaded[0m[39m cryptography
2025-02-24T05:27:28.9048983Z  [32m[1mDownloaded[0m[39m pygments
2025-02-24T05:27:28.9051892Z [2mPrepared [1m36 packages[0m [2min 206ms[0m[0m
2025-02-24T05:27:28.9229574Z [2mInstalled [1m36 packages[0m [2min 17ms[0m[0m
2025-02-24T05:27:28.9230610Z  [32m+[39m [1mannotated-types[0m[2m==0.7.0[0m
2025-02-24T05:27:28.9231383Z  [32m+[39m [1mattrs[0m[2m==24.3.0[0m
2025-02-24T05:27:28.9232112Z  [32m+[39m [1mcertifi[0m[2m==2024.12.14[0m
2025-02-24T05:27:28.9232810Z  [32m+[39m [1mcffi[0m[2m==1.17.1[0m
2025-02-24T05:27:28.9233563Z  [32m+[39m [1mcharset-normalizer[0m[2m==3.4.1[0m
2025-02-24T05:27:28.9234432Z  [32m+[39m [1mcheck-wheel-contents[0m[2m==0.6.1[0m
2025-02-24T05:27:28.9235191Z  [32m+[39m [1mclick[0m[2m==8.1.8[0m
2025-02-24T05:27:28.9235946Z  [32m+[39m [1mcryptography[0m[2m==44.0.0[0m
2025-02-24T05:27:28.9236693Z  [32m+[39m [1mdocutils[0m[2m==0.21.2[0m
2025-02-24T05:27:28.9237379Z  [32m+[39m [1mid[0m[2m==1.5.0[0m
2025-02-24T05:27:28.9237833Z  [32m+[39m [1midna[0m[2m==3.10[0m
2025-02-24T05:27:28.9238252Z  [32m+[39m [1mjaraco-classes[0m[2m==3.4.0[0m
2025-02-24T05:27:28.9238706Z  [32m+[39m [1mjaraco-context[0m[2m==6.0.1[0m
2025-02-24T05:27:28.9239165Z  [32m+[39m [1mjaraco-functools[0m[2m==4.1.0[0m
2025-02-24T05:27:28.9239599Z  [32m+[39m [1mjeepney[0m[2m==0.8.0[0m
2025-02-24T05:27:28.9240011Z  [32m+[39m [1mkeyring[0m[2m==25.6.0[0m
2025-02-24T05:27:28.9240645Z  [32m+[39m [1mmarkdown-it-py[0m[2m==3.0.0[0m
2025-02-24T05:27:28.9241076Z  [32m+[39m [1mmdurl[0m[2m==0.1.2[0m
2025-02-24T05:27:28.9241735Z  [32m+[39m [1mmore-itertools[0m[2m==10.6.0[0m
2025-02-24T05:27:28.9242150Z  [32m+[39m [1mnh3[0m[2m==0.2.20[0m
2025-02-24T05:27:28.9242548Z  [32m+[39m [1mpackaging[0m[2m==24.2[0m
2025-02-24T05:27:28.9242967Z  [32m+[39m [1mpycparser[0m[2m==2.22[0m
2025-02-24T05:27:28.9243531Z  [32m+[39m [1mpydantic[0m[2m==2.10.5[0m
2025-02-24T05:27:28.9243971Z  [32m+[39m [1mpydantic-core[0m[2m==2.27.2[0m
2025-02-24T05:27:28.9244420Z  [32m+[39m [1mpygments[0m[2m==2.19.1[0m
2025-02-24T05:27:28.9245201Z  [32m+[39m [1mreadme-renderer[0m[2m==44.0[0m
2025-02-24T05:27:28.9245945Z  [32m+[39m [1mrequests[0m[2m==2.32.3[0m
2025-02-24T05:27:28.9246711Z  [32m+[39m [1mrequests-toolbelt[0m[2m==1.0.0[0m
2025-02-24T05:27:28.9247425Z  [32m+[39m [1mrfc3986[0m[2m==2.0.0[0m
2025-02-24T05:27:28.9248009Z  [32m+[39m [1mrich[0m[2m==13.9.4[0m
2025-02-24T05:27:28.9248630Z  [32m+[39m [1msecretstorage[0m[2m==3.3.3[0m
2025-02-24T05:27:28.9249279Z  [32m+[39m [1mtwine[0m[2m==6.1.0[0m
2025-02-24T05:27:28.9249965Z  [32m+[39m [1mtyping-extensions[0m[2m==4.12.2[0m
2025-02-24T05:27:28.9250840Z  [32m+[39m [1murllib3[0m[2m==2.3.0[0m
2025-02-24T05:27:28.9251475Z  [32m+[39m [1mwheel[0m[2m==0.45.1[0m
2025-02-24T05:27:28.9252153Z  [32m+[39m [1mwheel-filename[0m[2m==1.4.2[0m
2025-02-24T05:27:28.9326033Z ##[group]Run echo "name=Packages-toga-core" >>${GITHUB_OUTPUT}
2025-02-24T05:27:28.9326561Z [36;1mecho "name=Packages-toga-core" >>${GITHUB_OUTPUT}[0m
2025-02-24T05:27:28.9383161Z shell: /usr/bin/bash --noprofile --norc -e -o pipefail {0}
2025-02-24T05:27:28.9383717Z env:
2025-02-24T05:27:28.9384072Z   FORCE_COLOR: 1
2025-02-24T05:27:28.9384578Z   UV_CACHE_DIR: /tmp/baipp-uv_cache_dir
2025-02-24T05:27:28.9385256Z   REQS_HASH: 3f90074aa1ae051ed85c628263149fee339611d3ee83927a5845d19345dcfa4f
2025-02-24T05:27:28.9385925Z ##[endgroup]
2025-02-24T05:27:28.9507016Z ##[group]Run unset UV_SYSTEM_PYTHON
2025-02-24T05:27:28.9507359Z [36;1munset UV_SYSTEM_PYTHON[0m
2025-02-24T05:27:28.9507653Z [36;1m[0m
2025-02-24T05:27:28.9508000Z [36;1mecho Setting SOURCE_DATE_EPOCH to $(git log -1 --pretty=%ct).[0m
2025-02-24T05:27:28.9508517Z [36;1mexport SOURCE_DATE_EPOCH=$(git log -1 --pretty=%ct)[0m
2025-02-24T05:27:28.9508902Z [36;1m[0m
2025-02-24T05:27:28.9509140Z [36;1mif [[ "false" == "true" ]]; then[0m
2025-02-24T05:27:28.9509509Z [36;1m  uv build --sdist --out-dir /tmp/baipp/dist[0m
2025-02-24T05:27:28.9509856Z [36;1melse[0m
2025-02-24T05:27:28.9510112Z [36;1m  uv build --out-dir /tmp/baipp/dist[0m
2025-02-24T05:27:28.9510689Z [36;1mfi[0m
2025-02-24T05:27:28.9510902Z [36;1m[0m
2025-02-24T05:27:28.9511246Z [36;1m# We don't need .gitignores and it litters the provenance output.[0m
2025-02-24T05:27:28.9511706Z [36;1mrm -f /tmp/baipp/dist/.gitignore[0m
2025-02-24T05:27:28.9560496Z shell: /usr/bin/bash --noprofile --norc -e -o pipefail {0}
2025-02-24T05:27:28.9560942Z env:
2025-02-24T05:27:28.9561174Z   FORCE_COLOR: 1
2025-02-24T05:27:28.9561450Z   UV_CACHE_DIR: /tmp/baipp-uv_cache_dir
2025-02-24T05:27:28.9561984Z   REQS_HASH: 3f90074aa1ae051ed85c628263149fee339611d3ee83927a5845d19345dcfa4f
2025-02-24T05:27:28.9562491Z ##[endgroup]
2025-02-24T05:27:28.9654399Z Setting SOURCE_DATE_EPOCH to 1740374826.
2025-02-24T05:27:29.0200719Z [1mBuilding source distribution...[0m
2025-02-24T05:27:29.7100012Z running egg_info
2025-02-24T05:27:29.7118605Z creating src/toga_core.egg-info
2025-02-24T05:27:29.7120174Z writing src/toga_core.egg-info/PKG-INFO
2025-02-24T05:27:29.7147587Z writing dependency_links to src/toga_core.egg-info/dependency_links.txt
2025-02-24T05:27:29.7150551Z writing entry points to src/toga_core.egg-info/entry_points.txt
2025-02-24T05:27:29.7167762Z writing requirements to src/toga_core.egg-info/requires.txt
2025-02-24T05:27:29.7169083Z writing top-level names to src/toga_core.egg-info/top_level.txt
2025-02-24T05:27:29.7170388Z writing manifest file 'src/toga_core.egg-info/SOURCES.txt'
2025-02-24T05:27:29.8870538Z adding license file 'LICENSE'
2025-02-24T05:27:29.8891956Z writing manifest file 'src/toga_core.egg-info/SOURCES.txt'
2025-02-24T05:27:30.1297411Z running sdist
2025-02-24T05:27:30.1298147Z running egg_info
2025-02-24T05:27:30.1333436Z writing src/toga_core.egg-info/PKG-INFO
2025-02-24T05:27:30.1361831Z writing dependency_links to src/toga_core.egg-info/dependency_links.txt
2025-02-24T05:27:30.1364078Z writing entry points to src/toga_core.egg-info/entry_points.txt
2025-02-24T05:27:30.1380977Z writing requirements to src/toga_core.egg-info/requires.txt
2025-02-24T05:27:30.1382435Z writing top-level names to src/toga_core.egg-info/top_level.txt
2025-02-24T05:27:30.3097568Z adding license file 'LICENSE'
2025-02-24T05:27:30.3117873Z writing manifest file 'src/toga_core.egg-info/SOURCES.txt'
2025-02-24T05:27:30.3119938Z running check
2025-02-24T05:27:30.3152948Z creating toga_core-0.4.9.dev608+g01152b56b
2025-02-24T05:27:30.3157412Z creating toga_core-0.4.9.dev608+g01152b56b/src/toga
2025-02-24T05:27:30.3159459Z creating toga_core-0.4.9.dev608+g01152b56b/src/toga/constants
2025-02-24T05:27:30.3161289Z creating toga_core-0.4.9.dev608+g01152b56b/src/toga/hardware
2025-02-24T05:27:30.3162976Z creating toga_core-0.4.9.dev608+g01152b56b/src/toga/plugins
2025-02-24T05:27:30.3164510Z creating toga_core-0.4.9.dev608+g01152b56b/src/toga/resources
2025-02-24T05:27:30.3166321Z creating toga_core-0.4.9.dev608+g01152b56b/src/toga/sources
2025-02-24T05:27:30.3167961Z creating toga_core-0.4.9.dev608+g01152b56b/src/toga/style
2025-02-24T05:27:30.3169333Z creating toga_core-0.4.9.dev608+g01152b56b/src/toga/widgets
2025-02-24T05:27:30.3170987Z creating toga_core-0.4.9.dev608+g01152b56b/src/toga/widgets/canvas
2025-02-24T05:27:30.3172348Z creating toga_core-0.4.9.dev608+g01152b56b/src/toga_core.egg-info
2025-02-24T05:27:30.3174003Z creating toga_core-0.4.9.dev608+g01152b56b/tests
2025-02-24T05:27:30.3175779Z creating toga_core-0.4.9.dev608+g01152b56b/tests/app
2025-02-24T05:27:30.3177076Z creating toga_core-0.4.9.dev608+g01152b56b/tests/command
2025-02-24T05:27:30.3178816Z creating toga_core-0.4.9.dev608+g01152b56b/tests/hardware
2025-02-24T05:27:30.3180714Z creating toga_core-0.4.9.dev608+g01152b56b/tests/resources
2025-02-24T05:27:30.3181934Z creating toga_core-0.4.9.dev608+g01152b56b/tests/sources
2025-02-24T05:27:30.3183642Z creating toga_core-0.4.9.dev608+g01152b56b/tests/statusicons
2025-02-24T05:27:30.3185133Z creating toga_core-0.4.9.dev608+g01152b56b/tests/style
2025-02-24T05:27:30.3186740Z creating toga_core-0.4.9.dev608+g01152b56b/tests/style/pack
2025-02-24T05:27:30.3188384Z creating toga_core-0.4.9.dev608+g01152b56b/tests/style/pack/layout
2025-02-24T05:27:30.3189835Z creating toga_core-0.4.9.dev608+g01152b56b/tests/testbed
2025-02-24T05:27:30.3191720Z creating toga_core-0.4.9.dev608+g01152b56b/tests/testbed/customize
2025-02-24T05:27:30.3193208Z creating toga_core-0.4.9.dev608+g01152b56b/tests/testbed/simple
2025-02-24T05:27:30.3194836Z creating toga_core-0.4.9.dev608+g01152b56b/tests/testbed/subclassed
2025-02-24T05:27:30.3196451Z creating toga_core-0.4.9.dev608+g01152b56b/tests/widgets
2025-02-24T05:27:30.3198007Z creating toga_core-0.4.9.dev608+g01152b56b/tests/widgets/canvas
2025-02-24T05:27:30.3199450Z creating toga_core-0.4.9.dev608+g01152b56b/tests/window
2025-02-24T05:27:30.3200719Z copying files to toga_core-0.4.9.dev608+g01152b56b...
2025-02-24T05:27:30.3201820Z copying CONTRIBUTING.md -> toga_core-0.4.9.dev608+g01152b56b
2025-02-24T05:27:30.3203654Z copying LICENSE -> toga_core-0.4.9.dev608+g01152b56b
2025-02-24T05:27:30.3205193Z copying README.rst -> toga_core-0.4.9.dev608+g01152b56b
2025-02-24T05:27:30.3206805Z copying pyproject.toml -> toga_core-0.4.9.dev608+g01152b56b
2025-02-24T05:27:30.3208628Z copying src/toga/__init__.py -> toga_core-0.4.9.dev608+g01152b56b/src/toga
2025-02-24T05:27:30.3210497Z copying src/toga/app.py -> toga_core-0.4.9.dev608+g01152b56b/src/toga
2025-02-24T05:27:30.3212983Z copying src/toga/colors.py -> toga_core-0.4.9.dev608+g01152b56b/src/toga
2025-02-24T05:27:30.3214313Z copying src/toga/command.py -> toga_core-0.4.9.dev608+g01152b56b/src/toga
2025-02-24T05:27:30.3215939Z copying src/toga/dialogs.py -> toga_core-0.4.9.dev608+g01152b56b/src/toga
2025-02-24T05:27:30.3217458Z copying src/toga/documents.py -> toga_core-0.4.9.dev608+g01152b56b/src/toga
2025-02-24T05:27:30.3219592Z copying src/toga/fonts.py -> toga_core-0.4.9.dev608+g01152b56b/src/toga
2025-02-24T05:27:30.3221058Z copying src/toga/handlers.py -> toga_core-0.4.9.dev608+g01152b56b/src/toga
2025-02-24T05:27:30.3223020Z copying src/toga/icons.py -> toga_core-0.4.9.dev608+g01152b56b/src/toga
2025-02-24T05:27:30.3224761Z copying src/toga/images.py -> toga_core-0.4.9.dev608+g01152b56b/src/toga
2025-02-24T05:27:30.3226517Z copying src/toga/keys.py -> toga_core-0.4.9.dev608+g01152b56b/src/toga
2025-02-24T05:27:30.3228130Z copying src/toga/paths.py -> toga_core-0.4.9.dev608+g01152b56b/src/toga
2025-02-24T05:27:30.3229750Z copying src/toga/platform.py -> toga_core-0.4.9.dev608+g01152b56b/src/toga
2025-02-24T05:27:30.3231682Z copying src/toga/py.typed -> toga_core-0.4.9.dev608+g01152b56b/src/toga
2025-02-24T05:27:30.3233473Z copying src/toga/screens.py -> toga_core-0.4.9.dev608+g01152b56b/src/toga
2025-02-24T05:27:30.3234665Z copying src/toga/statusicons.py -> toga_core-0.4.9.dev608+g01152b56b/src/toga
2025-02-24T05:27:30.3236509Z copying src/toga/types.py -> toga_core-0.4.9.dev608+g01152b56b/src/toga
2025-02-24T05:27:30.3238306Z copying src/toga/validators.py -> toga_core-0.4.9.dev608+g01152b56b/src/toga
2025-02-24T05:27:30.3239648Z copying src/toga/window.py -> toga_core-0.4.9.dev608+g01152b56b/src/toga
2025-02-24T05:27:30.3242039Z copying src/toga/constants/__init__.py -> toga_core-0.4.9.dev608+g01152b56b/src/toga/constants
2025-02-24T05:27:30.3243470Z copying src/toga/hardware/__init__.py -> toga_core-0.4.9.dev608+g01152b56b/src/toga/hardware
2025-02-24T05:27:30.3245169Z copying src/toga/hardware/camera.py -> toga_core-0.4.9.dev608+g01152b56b/src/toga/hardware
2025-02-24T05:27:30.3246609Z copying src/toga/hardware/location.py -> toga_core-0.4.9.dev608+g01152b56b/src/toga/hardware
2025-02-24T05:27:30.3248418Z copying src/toga/plugins/__init__.py -> toga_core-0.4.9.dev608+g01152b56b/src/toga/plugins
2025-02-24T05:27:30.3250055Z copying src/toga/plugins/image_formats.py -> toga_core-0.4.9.dev608+g01152b56b/src/toga/plugins
2025-02-24T05:27:30.3251636Z copying src/toga/resources/__init__.py -> toga_core-0.4.9.dev608+g01152b56b/src/toga/resources
2025-02-24T05:27:30.3252747Z copying src/toga/sources/__init__.py -> toga_core-0.4.9.dev608+g01152b56b/src/toga/sources
2025-02-24T05:27:30.3254513Z copying src/toga/sources/accessors.py -> toga_core-0.4.9.dev608+g01152b56b/src/toga/sources
2025-02-24T05:27:30.3256012Z copying src/toga/sources/base.py -> toga_core-0.4.9.dev608+g01152b56b/src/toga/sources
2025-02-24T05:27:30.3257769Z copying src/toga/sources/list_source.py -> toga_core-0.4.9.dev608+g01152b56b/src/toga/sources
2025-02-24T05:27:30.3259536Z copying src/toga/sources/tree_source.py -> toga_core-0.4.9.dev608+g01152b56b/src/toga/sources
2025-02-24T05:27:30.3261540Z copying src/toga/sources/value_source.py -> toga_core-0.4.9.dev608+g01152b56b/src/toga/sources
2025-02-24T05:27:30.3262932Z copying src/toga/style/__init__.py -> toga_core-0.4.9.dev608+g01152b56b/src/toga/style
2025-02-24T05:27:30.3264738Z copying src/toga/style/applicator.py -> toga_core-0.4.9.dev608+g01152b56b/src/toga/style
2025-02-24T05:27:30.3266318Z copying src/toga/style/mixin.py -> toga_core-0.4.9.dev608+g01152b56b/src/toga/style
2025-02-24T05:27:30.3267984Z copying src/toga/style/pack.py -> toga_core-0.4.9.dev608+g01152b56b/src/toga/style
2025-02-24T05:27:30.3270008Z copying src/toga/widgets/__init__.py -> toga_core-0.4.9.dev608+g01152b56b/src/toga/widgets
2025-02-24T05:27:30.3271995Z copying src/toga/widgets/activityindicator.py -> toga_core-0.4.9.dev608+g01152b56b/src/toga/widgets
2025-02-24T05:27:30.3273095Z copying src/toga/widgets/base.py -> toga_core-0.4.9.dev608+g01152b56b/src/toga/widgets
2025-02-24T05:27:30.3274921Z copying src/toga/widgets/box.py -> toga_core-0.4.9.dev608+g01152b56b/src/toga/widgets
2025-02-24T05:27:30.3276420Z copying src/toga/widgets/button.py -> toga_core-0.4.9.dev608+g01152b56b/src/toga/widgets
2025-02-24T05:27:30.3278308Z copying src/toga/widgets/dateinput.py -> toga_core-0.4.9.dev608+g01152b56b/src/toga/widgets
2025-02-24T05:27:30.3280179Z copying src/toga/widgets/detailedlist.py -> toga_core-0.4.9.dev608+g01152b56b/src/toga/widgets
2025-02-24T05:27:30.3281787Z copying src/toga/widgets/divider.py -> toga_core-0.4.9.dev608+g01152b56b/src/toga/widgets
2025-02-24T05:27:30.3283563Z copying src/toga/widgets/imageview.py -> toga_core-0.4.9.dev608+g01152b56b/src/toga/widgets
2025-02-24T05:27:30.3284997Z copying src/toga/widgets/label.py -> toga_core-0.4.9.dev608+g01152b56b/src/toga/widgets
2025-02-24T05:27:30.3286831Z copying src/toga/widgets/mapview.py -> toga_core-0.4.9.dev608+g01152b56b/src/toga/widgets
2025-02-24T05:27:30.3288697Z copying src/toga/widgets/multilinetextinput.py -> toga_core-0.4.9.dev608+g01152b56b/src/toga/widgets
2025-02-24T05:27:30.3290417Z copying src/toga/widgets/numberinput.py -> toga_core-0.4.9.dev608+g01152b56b/src/toga/widgets
2025-02-24T05:27:30.3291852Z copying src/toga/widgets/optioncontainer.py -> toga_core-0.4.9.dev608+g01152b56b/src/toga/widgets
2025-02-24T05:27:30.3293403Z copying src/toga/widgets/passwordinput.py -> toga_core-0.4.9.dev608+g01152b56b/src/toga/widgets
2025-02-24T05:27:30.3294601Z copying src/toga/widgets/progressbar.py -> toga_core-0.4.9.dev608+g01152b56b/src/toga/widgets
2025-02-24T05:27:30.3296410Z copying src/toga/widgets/scrollcontainer.py -> toga_core-0.4.9.dev608+g01152b56b/src/toga/widgets
2025-02-24T05:27:30.3298170Z copying src/toga/widgets/selection.py -> toga_core-0.4.9.dev608+g01152b56b/src/toga/widgets
2025-02-24T05:27:30.3299873Z copying src/toga/widgets/slider.py -> toga_core-0.4.9.dev608+g01152b56b/src/toga/widgets
2025-02-24T05:27:30.3301837Z copying src/toga/widgets/splitcontainer.py -> toga_core-0.4.9.dev608+g01152b56b/src/toga/widgets
2025-02-24T05:27:30.3303532Z copying src/toga/widgets/switch.py -> toga_core-0.4.9.dev608+g01152b56b/src/toga/widgets
2025-02-24T05:27:30.3305192Z copying src/toga/widgets/table.py -> toga_core-0.4.9.dev608+g01152b56b/src/toga/widgets
2025-02-24T05:27:30.3306935Z copying src/toga/widgets/textinput.py -> toga_core-0.4.9.dev608+g01152b56b/src/toga/widgets
2025-02-24T05:27:30.3308692Z copying src/toga/widgets/timeinput.py -> toga_core-0.4.9.dev608+g01152b56b/src/toga/widgets
2025-02-24T05:27:30.3310512Z copying src/toga/widgets/tree.py -> toga_core-0.4.9.dev608+g01152b56b/src/toga/widgets
2025-02-24T05:27:30.3312265Z copying src/toga/widgets/webview.py -> toga_core-0.4.9.dev608+g01152b56b/src/toga/widgets
2025-02-24T05:27:30.3314109Z copying src/toga/widgets/canvas/__init__.py -> toga_core-0.4.9.dev608+g01152b56b/src/toga/widgets/canvas
2025-02-24T05:27:30.3315826Z copying src/toga/widgets/canvas/canvas.py -> toga_core-0.4.9.dev608+g01152b56b/src/toga/widgets/canvas
2025-02-24T05:27:30.3317526Z copying src/toga/widgets/canvas/context.py -> toga_core-0.4.9.dev608+g01152b56b/src/toga/widgets/canvas
2025-02-24T05:27:30.3319437Z copying src/toga/widgets/canvas/drawingobject.py -> toga_core-0.4.9.dev608+g01152b56b/src/toga/widgets/canvas
2025-02-24T05:27:30.3321080Z copying src/toga/widgets/canvas/geometry.py -> toga_core-0.4.9.dev608+g01152b56b/src/toga/widgets/canvas
2025-02-24T05:27:30.3322944Z copying src/toga_core.egg-info/PKG-INFO -> toga_core-0.4.9.dev608+g01152b56b/src/toga_core.egg-info
2025-02-24T05:27:30.3324666Z copying src/toga_core.egg-info/SOURCES.txt -> toga_core-0.4.9.dev608+g01152b56b/src/toga_core.egg-info
2025-02-24T05:27:30.3326362Z copying src/toga_core.egg-info/dependency_links.txt -> toga_core-0.4.9.dev608+g01152b56b/src/toga_core.egg-info
2025-02-24T05:27:30.3327882Z copying src/toga_core.egg-info/entry_points.txt -> toga_core-0.4.9.dev608+g01152b56b/src/toga_core.egg-info
2025-02-24T05:27:30.3329652Z copying src/toga_core.egg-info/requires.txt -> toga_core-0.4.9.dev608+g01152b56b/src/toga_core.egg-info
2025-02-24T05:27:30.3331534Z copying src/toga_core.egg-info/top_level.txt -> toga_core-0.4.9.dev608+g01152b56b/src/toga_core.egg-info
2025-02-24T05:27:30.3332728Z copying tests/__init__.py -> toga_core-0.4.9.dev608+g01152b56b/tests
2025-02-24T05:27:30.3334470Z copying tests/conftest.py -> toga_core-0.4.9.dev608+g01152b56b/tests
2025-02-24T05:27:30.3335825Z copying tests/test_documents.py -> toga_core-0.4.9.dev608+g01152b56b/tests
2025-02-24T05:27:30.3337567Z copying tests/test_fonts.py -> toga_core-0.4.9.dev608+g01152b56b/tests
2025-02-24T05:27:30.3339302Z copying tests/test_handlers.py -> toga_core-0.4.9.dev608+g01152b56b/tests
2025-02-24T05:27:30.3340782Z copying tests/test_icons.py -> toga_core-0.4.9.dev608+g01152b56b/tests
2025-02-24T05:27:30.3342208Z copying tests/test_images.py -> toga_core-0.4.9.dev608+g01152b56b/tests
2025-02-24T05:27:30.3343553Z copying tests/test_import.py -> toga_core-0.4.9.dev608+g01152b56b/tests
2025-02-24T05:27:30.3345285Z copying tests/test_keys.py -> toga_core-0.4.9.dev608+g01152b56b/tests
2025-02-24T05:27:30.3346784Z copying tests/test_paths.py -> toga_core-0.4.9.dev608+g01152b56b/tests
2025-02-24T05:27:30.3348498Z copying tests/test_platform.py -> toga_core-0.4.9.dev608+g01152b56b/tests
2025-02-24T05:27:30.3350190Z copying tests/test_types.py -> toga_core-0.4.9.dev608+g01152b56b/tests
2025-02-24T05:27:30.3351960Z copying tests/test_validators.py -> toga_core-0.4.9.dev608+g01152b56b/tests
2025-02-24T05:27:30.3353776Z copying tests/utils.py -> toga_core-0.4.9.dev608+g01152b56b/tests
2025-02-24T05:27:30.3355462Z copying tests/app/__init__.py -> toga_core-0.4.9.dev608+g01152b56b/tests/app
2025-02-24T05:27:30.3356926Z copying tests/app/test_app.py -> toga_core-0.4.9.dev608+g01152b56b/tests/app
2025-02-24T05:27:30.3358915Z copying tests/app/test_background_app.py -> toga_core-0.4.9.dev608+g01152b56b/tests/app
2025-02-24T05:27:30.3360027Z copying tests/app/test_dialogs.py -> toga_core-0.4.9.dev608+g01152b56b/tests/app
2025-02-24T05:27:30.3361996Z copying tests/app/test_document_app.py -> toga_core-0.4.9.dev608+g01152b56b/tests/app
2025-02-24T05:27:30.3363994Z copying tests/app/test_documentset.py -> toga_core-0.4.9.dev608+g01152b56b/tests/app
2025-02-24T05:27:30.3365438Z copying tests/app/test_screens.py -> toga_core-0.4.9.dev608+g01152b56b/tests/app
2025-02-24T05:27:30.3367202Z copying tests/app/test_simpleapp.py -> toga_core-0.4.9.dev608+g01152b56b/tests/app
2025-02-24T05:27:30.3368878Z copying tests/app/test_widget_registry.py -> toga_core-0.4.9.dev608+g01152b56b/tests/app
2025-02-24T05:27:30.3370634Z copying tests/app/test_windowset.py -> toga_core-0.4.9.dev608+g01152b56b/tests/app
2025-02-24T05:27:30.3371929Z copying tests/command/__init__.py -> toga_core-0.4.9.dev608+g01152b56b/tests/command
2025-02-24T05:27:30.3373713Z copying tests/command/conftest.py -> toga_core-0.4.9.dev608+g01152b56b/tests/command
2025-02-24T05:27:30.3374862Z copying tests/command/test_command.py -> toga_core-0.4.9.dev608+g01152b56b/tests/command
2025-02-24T05:27:30.3376628Z copying tests/command/test_commandset.py -> toga_core-0.4.9.dev608+g01152b56b/tests/command
2025-02-24T05:27:30.3378453Z copying tests/command/test_group.py -> toga_core-0.4.9.dev608+g01152b56b/tests/command
2025-02-24T05:27:30.3380131Z copying tests/hardware/__init__.py -> toga_core-0.4.9.dev608+g01152b56b/tests/hardware
2025-02-24T05:27:30.3381849Z copying tests/hardware/test_camera.py -> toga_core-0.4.9.dev608+g01152b56b/tests/hardware
2025-02-24T05:27:30.3383085Z copying tests/hardware/test_location.py -> toga_core-0.4.9.dev608+g01152b56b/tests/hardware
2025-02-24T05:27:30.3384966Z copying tests/resources/blue.png -> toga_core-0.4.9.dev608+g01152b56b/tests/resources
2025-02-24T05:27:30.3386284Z copying tests/resources/orange.bmp -> toga_core-0.4.9.dev608+g01152b56b/tests/resources
2025-02-24T05:27:30.3388375Z copying tests/resources/orange.png -> toga_core-0.4.9.dev608+g01152b56b/tests/resources
2025-02-24T05:27:30.3389769Z copying tests/resources/photo.png -> toga_core-0.4.9.dev608+g01152b56b/tests/resources
2025-02-24T05:27:30.3398104Z copying tests/resources/red-16.png -> toga_core-0.4.9.dev608+g01152b56b/tests/resources
2025-02-24T05:27:30.3399533Z copying tests/resources/red-32.png -> toga_core-0.4.9.dev608+g01152b56b/tests/resources
2025-02-24T05:27:30.3401499Z copying tests/resources/red-72.png -> toga_core-0.4.9.dev608+g01152b56b/tests/resources
2025-02-24T05:27:30.3403055Z copying tests/resources/red.png -> toga_core-0.4.9.dev608+g01152b56b/tests/resources
2025-02-24T05:27:30.3404629Z copying tests/resources/sample-dummy.png -> toga_core-0.4.9.dev608+g01152b56b/tests/resources
2025-02-24T05:27:30.3406234Z copying tests/resources/sample.png -> toga_core-0.4.9.dev608+g01152b56b/tests/resources
2025-02-24T05:27:30.3408012Z copying tests/resources/toga.png -> toga_core-0.4.9.dev608+g01152b56b/tests/resources
2025-02-24T05:27:30.3409679Z copying tests/sources/__init__.py -> toga_core-0.4.9.dev608+g01152b56b/tests/sources
2025-02-24T05:27:30.3411600Z copying tests/sources/test_accessors.py -> toga_core-0.4.9.dev608+g01152b56b/tests/sources
2025-02-24T05:27:30.3412731Z copying tests/sources/test_list_source.py -> toga_core-0.4.9.dev608+g01152b56b/tests/sources
2025-02-24T05:27:30.3414485Z copying tests/sources/test_node.py -> toga_core-0.4.9.dev608+g01152b56b/tests/sources
2025-02-24T05:27:30.3416187Z copying tests/sources/test_row.py -> toga_core-0.4.9.dev608+g01152b56b/tests/sources
2025-02-24T05:27:30.3417919Z copying tests/sources/test_source.py -> toga_core-0.4.9.dev608+g01152b56b/tests/sources
2025-02-24T05:27:30.3419548Z copying tests/sources/test_tree_source.py -> toga_core-0.4.9.dev608+g01152b56b/tests/sources
2025-02-24T05:27:30.3421496Z copying tests/sources/test_value_source.py -> toga_core-0.4.9.dev608+g01152b56b/tests/sources
2025-02-24T05:27:30.3423099Z copying tests/statusicons/__init__.py -> toga_core-0.4.9.dev608+g01152b56b/tests/statusicons
2025-02-24T05:27:30.3424789Z copying tests/statusicons/test_menustatusicon.py -> toga_core-0.4.9.dev608+g01152b56b/tests/statusicons
2025-02-24T05:27:30.3425974Z copying tests/statusicons/test_simplestatusicon.py -> toga_core-0.4.9.dev608+g01152b56b/tests/statusicons
2025-02-24T05:27:30.3427521Z copying tests/statusicons/test_statusiconset.py -> toga_core-0.4.9.dev608+g01152b56b/tests/statusicons
2025-02-24T05:27:30.3429253Z copying tests/style/__init__.py -> toga_core-0.4.9.dev608+g01152b56b/tests/style
2025-02-24T05:27:30.3430932Z copying tests/style/test_applicator.py -> toga_core-0.4.9.dev608+g01152b56b/tests/style
2025-02-24T05:27:30.3432342Z copying tests/style/test_mixin.py -> toga_core-0.4.9.dev608+g01152b56b/tests/style
2025-02-24T05:27:30.3433590Z copying tests/style/pack/__init__.py -> toga_core-0.4.9.dev608+g01152b56b/tests/style/pack
2025-02-24T05:27:30.3435318Z copying tests/style/pack/test_aliases.py -> toga_core-0.4.9.dev608+g01152b56b/tests/style/pack
2025-02-24T05:27:30.3436879Z copying tests/style/pack/test_apply.py -> toga_core-0.4.9.dev608+g01152b56b/tests/style/pack
2025-02-24T05:27:30.3438462Z copying tests/style/pack/test_css.py -> toga_core-0.4.9.dev608+g01152b56b/tests/style/pack
2025-02-24T05:27:30.3440413Z copying tests/style/pack/test_deprecated_properties.py -> toga_core-0.4.9.dev608+g01152b56b/tests/style/pack
2025-02-24T05:27:30.3442034Z copying tests/style/pack/utils.py -> toga_core-0.4.9.dev608+g01152b56b/tests/style/pack
2025-02-24T05:27:30.3443832Z copying tests/style/pack/layout/__init__.py -> toga_core-0.4.9.dev608+g01152b56b/tests/style/pack/layout
2025-02-24T05:27:30.3445447Z copying tests/style/pack/layout/test_beeliza.py -> toga_core-0.4.9.dev608+g01152b56b/tests/style/pack/layout
2025-02-24T05:27:30.3446692Z copying tests/style/pack/layout/test_column_alignment.py -> toga_core-0.4.9.dev608+g01152b56b/tests/style/pack/layout
2025-02-24T05:27:30.3448450Z copying tests/style/pack/layout/test_fixed.py -> toga_core-0.4.9.dev608+g01152b56b/tests/style/pack/layout
2025-02-24T05:27:30.3449873Z copying tests/style/pack/layout/test_flex.py -> toga_core-0.4.9.dev608+g01152b56b/tests/style/pack/layout
2025-02-24T05:27:30.3452026Z copying tests/style/pack/layout/test_gap.py -> toga_core-0.4.9.dev608+g01152b56b/tests/style/pack/layout
2025-02-24T05:27:30.3453819Z copying tests/style/pack/layout/test_justify_content.py -> toga_core-0.4.9.dev608+g01152b56b/tests/style/pack/layout
2025-02-24T05:27:30.3456747Z copying tests/style/pack/layout/test_row_alignment.py -> toga_core-0.4.9.dev608+g01152b56b/tests/style/pack/layout
2025-02-24T05:27:30.3458565Z copying tests/style/pack/layout/test_rtl.py -> toga_core-0.4.9.dev608+g01152b56b/tests/style/pack/layout
2025-02-24T05:27:30.3459373Z copying tests/style/pack/layout/test_tutorial0.py -> toga_core-0.4.9.dev608+g01152b56b/tests/style/pack/layout
2025-02-24T05:27:30.3460760Z copying tests/style/pack/layout/test_tutorial1.py -> toga_core-0.4.9.dev608+g01152b56b/tests/style/pack/layout
2025-02-24T05:27:30.3461895Z copying tests/style/pack/layout/test_tutorial3.py -> toga_core-0.4.9.dev608+g01152b56b/tests/style/pack/layout
2025-02-24T05:27:30.3463550Z copying tests/testbed/interactive.py -> toga_core-0.4.9.dev608+g01152b56b/tests/testbed
2025-02-24T05:27:30.3465234Z copying tests/testbed/customize/sitecustomize.py -> toga_core-0.4.9.dev608+g01152b56b/tests/testbed/customize
2025-02-24T05:27:30.3466628Z copying tests/testbed/simple/__init__.py -> toga_core-0.4.9.dev608+g01152b56b/tests/testbed/simple
2025-02-24T05:27:30.3468234Z copying tests/testbed/simple/__main__.py -> toga_core-0.4.9.dev608+g01152b56b/tests/testbed/simple
2025-02-24T05:27:30.3469778Z copying tests/testbed/simple/app.py -> toga_core-0.4.9.dev608+g01152b56b/tests/testbed/simple
2025-02-24T05:27:30.3471834Z copying tests/testbed/subclassed/__init__.py -> toga_core-0.4.9.dev608+g01152b56b/tests/testbed/subclassed
2025-02-24T05:27:30.3473459Z copying tests/testbed/subclassed/__main__.py -> toga_core-0.4.9.dev608+g01152b56b/tests/testbed/subclassed
2025-02-24T05:27:30.3474650Z copying tests/testbed/subclassed/app.py -> toga_core-0.4.9.dev608+g01152b56b/tests/testbed/subclassed
2025-02-24T05:27:30.3476358Z copying tests/widgets/__init__.py -> toga_core-0.4.9.dev608+g01152b56b/tests/widgets
2025-02-24T05:27:30.3477921Z copying tests/widgets/test_activityindicator.py -> toga_core-0.4.9.dev608+g01152b56b/tests/widgets
2025-02-24T05:27:30.3479103Z copying tests/widgets/test_base.py -> toga_core-0.4.9.dev608+g01152b56b/tests/widgets
2025-02-24T05:27:30.3481367Z copying tests/widgets/test_box.py -> toga_core-0.4.9.dev608+g01152b56b/tests/widgets
2025-02-24T05:27:30.3483051Z copying tests/widgets/test_button.py -> toga_core-0.4.9.dev608+g01152b56b/tests/widgets
2025-02-24T05:27:30.3484733Z copying tests/widgets/test_dateinput.py -> toga_core-0.4.9.dev608+g01152b56b/tests/widgets
2025-02-24T05:27:30.3486429Z copying tests/widgets/test_detailedlist.py -> toga_core-0.4.9.dev608+g01152b56b/tests/widgets
2025-02-24T05:27:30.3488114Z copying tests/widgets/test_divider.py -> toga_core-0.4.9.dev608+g01152b56b/tests/widgets
2025-02-24T05:27:30.3489781Z copying tests/widgets/test_imageview.py -> toga_core-0.4.9.dev608+g01152b56b/tests/widgets
2025-02-24T05:27:30.3491682Z copying tests/widgets/test_label.py -> toga_core-0.4.9.dev608+g01152b56b/tests/widgets
2025-02-24T05:27:30.3493463Z copying tests/widgets/test_mapview.py -> toga_core-0.4.9.dev608+g01152b56b/tests/widgets
2025-02-24T05:27:30.3494759Z copying tests/widgets/test_multilinetextinput.py -> toga_core-0.4.9.dev608+g01152b56b/tests/widgets
2025-02-24T05:27:30.3496576Z copying tests/widgets/test_numberinput.py -> toga_core-0.4.9.dev608+g01152b56b/tests/widgets
2025-02-24T05:27:30.3498475Z copying tests/widgets/test_optioncontainer.py -> toga_core-0.4.9.dev608+g01152b56b/tests/widgets
2025-02-24T05:27:30.3500449Z copying tests/widgets/test_passwordinput.py -> toga_core-0.4.9.dev608+g01152b56b/tests/widgets
2025-02-24T05:27:30.3502158Z copying tests/widgets/test_progressbar.py -> toga_core-0.4.9.dev608+g01152b56b/tests/widgets
2025-02-24T05:27:30.3503971Z copying tests/widgets/test_scrollcontainer.py -> toga_core-0.4.9.dev608+g01152b56b/tests/widgets
2025-02-24T05:27:30.3505580Z copying tests/widgets/test_selection.py -> toga_core-0.4.9.dev608+g01152b56b/tests/widgets
2025-02-24T05:27:30.3507301Z copying tests/widgets/test_slider.py -> toga_core-0.4.9.dev608+g01152b56b/tests/widgets
2025-02-24T05:27:30.3509160Z copying tests/widgets/test_splitcontainer.py -> toga_core-0.4.9.dev608+g01152b56b/tests/widgets
2025-02-24T05:27:30.3510941Z copying tests/widgets/test_switch.py -> toga_core-0.4.9.dev608+g01152b56b/tests/widgets
2025-02-24T05:27:30.3512845Z copying tests/widgets/test_table.py -> toga_core-0.4.9.dev608+g01152b56b/tests/widgets
2025-02-24T05:27:30.3514545Z copying tests/widgets/test_textinput.py -> toga_core-0.4.9.dev608+g01152b56b/tests/widgets
2025-02-24T05:27:30.3516356Z copying tests/widgets/test_timeinput.py -> toga_core-0.4.9.dev608+g01152b56b/tests/widgets
2025-02-24T05:27:30.3518030Z copying tests/widgets/test_tree.py -> toga_core-0.4.9.dev608+g01152b56b/tests/widgets
2025-02-24T05:27:30.3519828Z copying tests/widgets/test_webview.py -> toga_core-0.4.9.dev608+g01152b56b/tests/widgets
2025-02-24T05:27:30.3521772Z copying tests/widgets/canvas/__init__.py -> toga_core-0.4.9.dev608+g01152b56b/tests/widgets/canvas
2025-02-24T05:27:30.3523401Z copying tests/widgets/canvas/conftest.py -> toga_core-0.4.9.dev608+g01152b56b/tests/widgets/canvas
2025-02-24T05:27:30.3524658Z copying tests/widgets/canvas/test_canvas.py -> toga_core-0.4.9.dev608+g01152b56b/tests/widgets/canvas
2025-02-24T05:27:30.3526596Z copying tests/widgets/canvas/test_context_objects.py -> toga_core-0.4.9.dev608+g01152b56b/tests/widgets/canvas
2025-02-24T05:27:30.3528385Z copying tests/widgets/canvas/test_draw_operations.py -> toga_core-0.4.9.dev608+g01152b56b/tests/widgets/canvas
2025-02-24T05:27:30.3530319Z copying tests/widgets/canvas/test_helpers.py -> toga_core-0.4.9.dev608+g01152b56b/tests/widgets/canvas
2025-02-24T05:27:30.3532024Z copying tests/window/__init__.py -> toga_core-0.4.9.dev608+g01152b56b/tests/window
2025-02-24T05:27:30.3533546Z copying tests/window/conftest.py -> toga_core-0.4.9.dev608+g01152b56b/tests/window
2025-02-24T05:27:30.3534831Z copying tests/window/test_dialogs.py -> toga_core-0.4.9.dev608+g01152b56b/tests/window
2025-02-24T05:27:30.3536631Z copying tests/window/test_document_window.py -> toga_core-0.4.9.dev608+g01152b56b/tests/window
2025-02-24T05:27:30.3538352Z copying tests/window/test_filtered_widget_registry.py -> toga_core-0.4.9.dev608+g01152b56b/tests/window
2025-02-24T05:27:30.3539715Z copying tests/window/test_main_window.py -> toga_core-0.4.9.dev608+g01152b56b/tests/window
2025-02-24T05:27:30.3541630Z copying tests/window/test_window.py -> toga_core-0.4.9.dev608+g01152b56b/tests/window
2025-02-24T05:27:30.3543805Z copying src/toga_core.egg-info/SOURCES.txt -> toga_core-0.4.9.dev608+g01152b56b/src/toga_core.egg-info
2025-02-24T05:27:30.3572876Z Writing toga_core-0.4.9.dev608+g01152b56b/setup.cfg
2025-02-24T05:27:30.3574681Z Creating tar archive
2025-02-24T05:27:30.5082329Z removing 'toga_core-0.4.9.dev608+g01152b56b' (and everything under it)
2025-02-24T05:27:30.5732545Z [1mBuilding wheel from source distribution...[0m
2025-02-24T05:27:31.0215237Z running egg_info
2025-02-24T05:27:31.0234099Z writing src/toga_core.egg-info/PKG-INFO
2025-02-24T05:27:31.0261774Z writing dependency_links to src/toga_core.egg-info/dependency_links.txt
2025-02-24T05:27:31.0264247Z writing entry points to src/toga_core.egg-info/entry_points.txt
2025-02-24T05:27:31.0281273Z writing requirements to src/toga_core.egg-info/requires.txt
2025-02-24T05:27:31.0282874Z writing top-level names to src/toga_core.egg-info/top_level.txt
2025-02-24T05:27:31.0434286Z ERROR setuptools_scm._file_finders.git listing git files failed - pretending there aren't any
2025-02-24T05:27:31.2064453Z reading manifest file 'src/toga_core.egg-info/SOURCES.txt'
2025-02-24T05:27:31.2090035Z adding license file 'LICENSE'
2025-02-24T05:27:31.2111341Z writing manifest file 'src/toga_core.egg-info/SOURCES.txt'
2025-02-24T05:27:31.3988649Z running bdist_wheel
2025-02-24T05:27:31.4072551Z running build
2025-02-24T05:27:31.4073244Z running build_py
2025-02-24T05:27:31.4091329Z creating build/lib/toga
2025-02-24T05:27:31.4093979Z copying src/toga/icons.py -> build/lib/toga
2025-02-24T05:27:31.4095912Z copying src/toga/statusicons.py -> build/lib/toga
2025-02-24T05:27:31.4097783Z copying src/toga/__init__.py -> build/lib/toga
2025-02-24T05:27:31.4099943Z copying src/toga/types.py -> build/lib/toga
2025-02-24T05:27:31.4102234Z copying src/toga/paths.py -> build/lib/toga
2025-02-24T05:27:31.4104428Z copying src/toga/colors.py -> build/lib/toga
2025-02-24T05:27:31.4106352Z copying src/toga/dialogs.py -> build/lib/toga
2025-02-24T05:27:31.4108571Z copying src/toga/screens.py -> build/lib/toga
2025-02-24T05:27:31.4110825Z copying src/toga/handlers.py -> build/lib/toga
2025-02-24T05:27:31.4113030Z copying src/toga/keys.py -> build/lib/toga
2025-02-24T05:27:31.4115056Z copying src/toga/images.py -> build/lib/toga
2025-02-24T05:27:31.4117211Z copying src/toga/platform.py -> build/lib/toga
2025-02-24T05:27:31.4119269Z copying src/toga/documents.py -> build/lib/toga
2025-02-24T05:27:31.4121728Z copying src/toga/validators.py -> build/lib/toga
2025-02-24T05:27:31.4123969Z copying src/toga/app.py -> build/lib/toga
2025-02-24T05:27:31.4126491Z copying src/toga/window.py -> build/lib/toga
2025-02-24T05:27:31.4128835Z copying src/toga/command.py -> build/lib/toga
2025-02-24T05:27:31.4131174Z copying src/toga/fonts.py -> build/lib/toga
2025-02-24T05:27:31.4133967Z creating build/lib/toga/resources
2025-02-24T05:27:31.4135943Z copying src/toga/resources/__init__.py -> build/lib/toga/resources
2025-02-24T05:27:31.4137820Z creating build/lib/toga/plugins
2025-02-24T05:27:31.4139358Z copying src/toga/plugins/image_formats.py -> build/lib/toga/plugins
2025-02-24T05:27:31.4141104Z copying src/toga/plugins/__init__.py -> build/lib/toga/plugins
2025-02-24T05:27:31.4143621Z creating build/lib/toga/constants
2025-02-24T05:27:31.4145285Z copying src/toga/constants/__init__.py -> build/lib/toga/constants
2025-02-24T05:27:31.4147758Z creating build/lib/toga/sources
2025-02-24T05:27:31.4149203Z copying src/toga/sources/tree_source.py -> build/lib/toga/sources
2025-02-24T05:27:31.4151074Z copying src/toga/sources/accessors.py -> build/lib/toga/sources
2025-02-24T05:27:31.4153332Z copying src/toga/sources/value_source.py -> build/lib/toga/sources
2025-02-24T05:27:31.4155309Z copying src/toga/sources/__init__.py -> build/lib/toga/sources
2025-02-24T05:27:31.4157358Z copying src/toga/sources/base.py -> build/lib/toga/sources
2025-02-24T05:27:31.4159534Z copying src/toga/sources/list_source.py -> build/lib/toga/sources
2025-02-24T05:27:31.4162407Z creating build/lib/toga/hardware
2025-02-24T05:27:31.4164285Z copying src/toga/hardware/__init__.py -> build/lib/toga/hardware
2025-02-24T05:27:31.4165723Z copying src/toga/hardware/location.py -> build/lib/toga/hardware
2025-02-24T05:27:31.4167899Z copying src/toga/hardware/camera.py -> build/lib/toga/hardware
2025-02-24T05:27:31.4170721Z creating build/lib/toga/style
2025-02-24T05:27:31.4172630Z copying src/toga/style/applicator.py -> build/lib/toga/style
2025-02-24T05:27:31.4174306Z copying src/toga/style/__init__.py -> build/lib/toga/style
2025-02-24T05:27:31.4176025Z copying src/toga/style/mixin.py -> build/lib/toga/style
2025-02-24T05:27:31.4177754Z copying src/toga/style/pack.py -> build/lib/toga/style
2025-02-24T05:27:31.4181959Z creating build/lib/toga/widgets
2025-02-24T05:27:31.4183427Z copying src/toga/widgets/progressbar.py -> build/lib/toga/widgets
2025-02-24T05:27:31.4185046Z copying src/toga/widgets/table.py -> build/lib/toga/widgets
2025-02-24T05:27:31.4187369Z copying src/toga/widgets/numberinput.py -> build/lib/toga/widgets
2025-02-24T05:27:31.4189502Z copying src/toga/widgets/scrollcontainer.py -> build/lib/toga/widgets
2025-02-24T05:27:31.4191901Z copying src/toga/widgets/__init__.py -> build/lib/toga/widgets
2025-02-24T05:27:31.4193904Z copying src/toga/widgets/imageview.py -> build/lib/toga/widgets
2025-02-24T05:27:31.4195988Z copying src/toga/widgets/divider.py -> build/lib/toga/widgets
2025-02-24T05:27:31.4198003Z copying src/toga/widgets/webview.py -> build/lib/toga/widgets
2025-02-24T05:27:31.4200073Z copying src/toga/widgets/base.py -> build/lib/toga/widgets
2025-02-24T05:27:31.4202492Z copying src/toga/widgets/optioncontainer.py -> build/lib/toga/widgets
2025-02-24T05:27:31.4204662Z copying src/toga/widgets/button.py -> build/lib/toga/widgets
2025-02-24T05:27:31.4206767Z copying src/toga/widgets/splitcontainer.py -> build/lib/toga/widgets
2025-02-24T05:27:31.4208945Z copying src/toga/widgets/mapview.py -> build/lib/toga/widgets
2025-02-24T05:27:31.4211118Z copying src/toga/widgets/timeinput.py -> build/lib/toga/widgets
2025-02-24T05:27:31.4213252Z copying src/toga/widgets/activityindicator.py -> build/lib/toga/widgets
2025-02-24T05:27:31.4215188Z copying src/toga/widgets/box.py -> build/lib/toga/widgets
2025-02-24T05:27:31.4217234Z copying src/toga/widgets/slider.py -> build/lib/toga/widgets
2025-02-24T05:27:31.4219375Z copying src/toga/widgets/selection.py -> build/lib/toga/widgets
2025-02-24T05:27:31.4221671Z copying src/toga/widgets/textinput.py -> build/lib/toga/widgets
2025-02-24T05:27:31.4223834Z copying src/toga/widgets/detailedlist.py -> build/lib/toga/widgets
2025-02-24T05:27:31.4225941Z copying src/toga/widgets/dateinput.py -> build/lib/toga/widgets
2025-02-24T05:27:31.4228148Z copying src/toga/widgets/tree.py -> build/lib/toga/widgets
2025-02-24T05:27:31.4230487Z copying src/toga/widgets/passwordinput.py -> build/lib/toga/widgets
2025-02-24T05:27:31.4232482Z copying src/toga/widgets/switch.py -> build/lib/toga/widgets
2025-02-24T05:27:31.4234512Z copying src/toga/widgets/label.py -> build/lib/toga/widgets
2025-02-24T05:27:31.4236633Z copying src/toga/widgets/multilinetextinput.py -> build/lib/toga/widgets
2025-02-24T05:27:31.4239350Z creating build/lib/toga/widgets/canvas
2025-02-24T05:27:31.4241468Z copying src/toga/widgets/canvas/__init__.py -> build/lib/toga/widgets/canvas
2025-02-24T05:27:31.4243195Z copying src/toga/widgets/canvas/context.py -> build/lib/toga/widgets/canvas
2025-02-24T05:27:31.4245045Z copying src/toga/widgets/canvas/canvas.py -> build/lib/toga/widgets/canvas
2025-02-24T05:27:31.4246811Z copying src/toga/widgets/canvas/geometry.py -> build/lib/toga/widgets/canvas
2025-02-24T05:27:31.4248548Z copying src/toga/widgets/canvas/drawingobject.py -> build/lib/toga/widgets/canvas
2025-02-24T05:27:31.4249696Z running egg_info
2025-02-24T05:27:31.4266909Z writing src/toga_core.egg-info/PKG-INFO
2025-02-24T05:27:31.4294715Z writing dependency_links to src/toga_core.egg-info/dependency_links.txt
2025-02-24T05:27:31.4297757Z writing entry points to src/toga_core.egg-info/entry_points.txt
2025-02-24T05:27:31.4314568Z writing requirements to src/toga_core.egg-info/requires.txt
2025-02-24T05:27:31.4316177Z writing top-level names to src/toga_core.egg-info/top_level.txt
2025-02-24T05:27:31.4410782Z ERROR setuptools_scm._file_finders.git listing git files failed - pretending there aren't any
2025-02-24T05:27:31.5701445Z reading manifest file 'src/toga_core.egg-info/SOURCES.txt'
2025-02-24T05:27:31.5722918Z adding license file 'LICENSE'
2025-02-24T05:27:31.5743555Z writing manifest file 'src/toga_core.egg-info/SOURCES.txt'
2025-02-24T05:27:31.5759462Z copying src/toga/py.typed -> build/lib/toga
2025-02-24T05:27:31.5800583Z installing to build/bdist.linux-x86_64/wheel
2025-02-24T05:27:31.5801137Z running install
2025-02-24T05:27:31.5863992Z running install_lib
2025-02-24T05:27:31.5881069Z creating build/bdist.linux-x86_64/wheel
2025-02-24T05:27:31.5883986Z creating build/bdist.linux-x86_64/wheel/toga
2025-02-24T05:27:31.5885509Z copying build/lib/toga/icons.py -> build/bdist.linux-x86_64/wheel/./toga
2025-02-24T05:27:31.5887378Z copying build/lib/toga/statusicons.py -> build/bdist.linux-x86_64/wheel/./toga
2025-02-24T05:27:31.5889016Z copying build/lib/toga/__init__.py -> build/bdist.linux-x86_64/wheel/./toga
2025-02-24T05:27:31.5890863Z copying build/lib/toga/types.py -> build/bdist.linux-x86_64/wheel/./toga
2025-02-24T05:27:31.5892554Z copying build/lib/toga/paths.py -> build/bdist.linux-x86_64/wheel/./toga
2025-02-24T05:27:31.5894202Z copying build/lib/toga/colors.py -> build/bdist.linux-x86_64/wheel/./toga
2025-02-24T05:27:31.5895828Z copying build/lib/toga/dialogs.py -> build/bdist.linux-x86_64/wheel/./toga
2025-02-24T05:27:31.5898489Z creating build/bdist.linux-x86_64/wheel/toga/resources
2025-02-24T05:27:31.5899990Z copying build/lib/toga/resources/__init__.py -> build/bdist.linux-x86_64/wheel/./toga/resources
2025-02-24T05:27:31.5901978Z copying build/lib/toga/screens.py -> build/bdist.linux-x86_64/wheel/./toga
2025-02-24T05:27:31.5903405Z copying build/lib/toga/handlers.py -> build/bdist.linux-x86_64/wheel/./toga
2025-02-24T05:27:31.5905886Z creating build/bdist.linux-x86_64/wheel/toga/plugins
2025-02-24T05:27:31.5907520Z copying build/lib/toga/plugins/image_formats.py -> build/bdist.linux-x86_64/wheel/./toga/plugins
2025-02-24T05:27:31.5909124Z copying build/lib/toga/plugins/__init__.py -> build/bdist.linux-x86_64/wheel/./toga/plugins
2025-02-24T05:27:31.5911445Z creating build/bdist.linux-x86_64/wheel/toga/constants
2025-02-24T05:27:31.5913041Z copying build/lib/toga/constants/__init__.py -> build/bdist.linux-x86_64/wheel/./toga/constants
2025-02-24T05:27:31.5914629Z copying build/lib/toga/keys.py -> build/bdist.linux-x86_64/wheel/./toga
2025-02-24T05:27:31.5916357Z copying build/lib/toga/py.typed -> build/bdist.linux-x86_64/wheel/./toga
2025-02-24T05:27:31.5917837Z copying build/lib/toga/images.py -> build/bdist.linux-x86_64/wheel/./toga
2025-02-24T05:27:31.5920490Z creating build/bdist.linux-x86_64/wheel/toga/sources
2025-02-24T05:27:31.5922017Z copying build/lib/toga/sources/tree_source.py -> build/bdist.linux-x86_64/wheel/./toga/sources
2025-02-24T05:27:31.5923801Z copying build/lib/toga/sources/accessors.py -> build/bdist.linux-x86_64/wheel/./toga/sources
2025-02-24T05:27:31.5925508Z copying build/lib/toga/sources/value_source.py -> build/bdist.linux-x86_64/wheel/./toga/sources
2025-02-24T05:27:31.5927095Z copying build/lib/toga/sources/__init__.py -> build/bdist.linux-x86_64/wheel/./toga/sources
2025-02-24T05:27:31.5928714Z copying build/lib/toga/sources/base.py -> build/bdist.linux-x86_64/wheel/./toga/sources
2025-02-24T05:27:31.5930551Z copying build/lib/toga/sources/list_source.py -> build/bdist.linux-x86_64/wheel/./toga/sources
2025-02-24T05:27:31.5932341Z copying build/lib/toga/platform.py -> build/bdist.linux-x86_64/wheel/./toga
2025-02-24T05:27:31.5933991Z copying build/lib/toga/documents.py -> build/bdist.linux-x86_64/wheel/./toga
2025-02-24T05:27:31.5936672Z creating build/bdist.linux-x86_64/wheel/toga/hardware
2025-02-24T05:27:31.5938116Z copying build/lib/toga/hardware/__init__.py -> build/bdist.linux-x86_64/wheel/./toga/hardware
2025-02-24T05:27:31.5939596Z copying build/lib/toga/hardware/location.py -> build/bdist.linux-x86_64/wheel/./toga/hardware
2025-02-24T05:27:31.5941565Z copying build/lib/toga/hardware/camera.py -> build/bdist.linux-x86_64/wheel/./toga/hardware
2025-02-24T05:27:31.5943182Z copying build/lib/toga/validators.py -> build/bdist.linux-x86_64/wheel/./toga
2025-02-24T05:27:31.5945345Z copying build/lib/toga/app.py -> build/bdist.linux-x86_64/wheel/./toga
2025-02-24T05:27:31.5947628Z copying build/lib/toga/window.py -> build/bdist.linux-x86_64/wheel/./toga
2025-02-24T05:27:31.5949487Z copying build/lib/toga/command.py -> build/bdist.linux-x86_64/wheel/./toga
2025-02-24T05:27:31.5952410Z creating build/bdist.linux-x86_64/wheel/toga/style
2025-02-24T05:27:31.5953943Z copying build/lib/toga/style/applicator.py -> build/bdist.linux-x86_64/wheel/./toga/style
2025-02-24T05:27:31.5955522Z copying build/lib/toga/style/__init__.py -> build/bdist.linux-x86_64/wheel/./toga/style
2025-02-24T05:27:31.5957317Z copying build/lib/toga/style/mixin.py -> build/bdist.linux-x86_64/wheel/./toga/style
2025-02-24T05:27:31.5958897Z copying build/lib/toga/style/pack.py -> build/bdist.linux-x86_64/wheel/./toga/style
2025-02-24T05:27:31.5962106Z creating build/bdist.linux-x86_64/wheel/toga/widgets
2025-02-24T05:27:31.5963665Z copying build/lib/toga/widgets/progressbar.py -> build/bdist.linux-x86_64/wheel/./toga/widgets
2025-02-24T05:27:31.5965184Z copying build/lib/toga/widgets/table.py -> build/bdist.linux-x86_64/wheel/./toga/widgets
2025-02-24T05:27:31.5966963Z copying build/lib/toga/widgets/numberinput.py -> build/bdist.linux-x86_64/wheel/./toga/widgets
2025-02-24T05:27:31.5968708Z copying build/lib/toga/widgets/scrollcontainer.py -> build/bdist.linux-x86_64/wheel/./toga/widgets
2025-02-24T05:27:31.5970735Z copying build/lib/toga/widgets/__init__.py -> build/bdist.linux-x86_64/wheel/./toga/widgets
2025-02-24T05:27:31.5972123Z copying build/lib/toga/widgets/imageview.py -> build/bdist.linux-x86_64/wheel/./toga/widgets
2025-02-24T05:27:31.5973796Z copying build/lib/toga/widgets/divider.py -> build/bdist.linux-x86_64/wheel/./toga/widgets
2025-02-24T05:27:31.5975508Z copying build/lib/toga/widgets/webview.py -> build/bdist.linux-x86_64/wheel/./toga/widgets
2025-02-24T05:27:31.5977210Z copying build/lib/toga/widgets/base.py -> build/bdist.linux-x86_64/wheel/./toga/widgets
2025-02-24T05:27:31.5979042Z copying build/lib/toga/widgets/optioncontainer.py -> build/bdist.linux-x86_64/wheel/./toga/widgets
2025-02-24T05:27:31.5980929Z copying build/lib/toga/widgets/button.py -> build/bdist.linux-x86_64/wheel/./toga/widgets
2025-02-24T05:27:31.5982721Z copying build/lib/toga/widgets/splitcontainer.py -> build/bdist.linux-x86_64/wheel/./toga/widgets
2025-02-24T05:27:31.5984392Z copying build/lib/toga/widgets/mapview.py -> build/bdist.linux-x86_64/wheel/./toga/widgets
2025-02-24T05:27:31.5986057Z copying build/lib/toga/widgets/timeinput.py -> build/bdist.linux-x86_64/wheel/./toga/widgets
2025-02-24T05:27:31.5987813Z copying build/lib/toga/widgets/activityindicator.py -> build/bdist.linux-x86_64/wheel/./toga/widgets
2025-02-24T05:27:31.5989330Z copying build/lib/toga/widgets/box.py -> build/bdist.linux-x86_64/wheel/./toga/widgets
2025-02-24T05:27:31.5991154Z copying build/lib/toga/widgets/slider.py -> build/bdist.linux-x86_64/wheel/./toga/widgets
2025-02-24T05:27:31.5992952Z copying build/lib/toga/widgets/selection.py -> build/bdist.linux-x86_64/wheel/./toga/widgets
2025-02-24T05:27:31.5995360Z creating build/bdist.linux-x86_64/wheel/toga/widgets/canvas
2025-02-24T05:27:31.5997052Z copying build/lib/toga/widgets/canvas/__init__.py -> build/bdist.linux-x86_64/wheel/./toga/widgets/canvas
2025-02-24T05:27:31.5998742Z copying build/lib/toga/widgets/canvas/context.py -> build/bdist.linux-x86_64/wheel/./toga/widgets/canvas
2025-02-24T05:27:31.6000845Z copying build/lib/toga/widgets/canvas/canvas.py -> build/bdist.linux-x86_64/wheel/./toga/widgets/canvas
2025-02-24T05:27:31.6002748Z copying build/lib/toga/widgets/canvas/geometry.py -> build/bdist.linux-x86_64/wheel/./toga/widgets/canvas
2025-02-24T05:27:31.6004477Z copying build/lib/toga/widgets/canvas/drawingobject.py -> build/bdist.linux-x86_64/wheel/./toga/widgets/canvas
2025-02-24T05:27:31.6006236Z copying build/lib/toga/widgets/textinput.py -> build/bdist.linux-x86_64/wheel/./toga/widgets
2025-02-24T05:27:31.6007991Z copying build/lib/toga/widgets/detailedlist.py -> build/bdist.linux-x86_64/wheel/./toga/widgets
2025-02-24T05:27:31.6009684Z copying build/lib/toga/widgets/dateinput.py -> build/bdist.linux-x86_64/wheel/./toga/widgets
2025-02-24T05:27:31.6011521Z copying build/lib/toga/widgets/tree.py -> build/bdist.linux-x86_64/wheel/./toga/widgets
2025-02-24T05:27:31.6013360Z copying build/lib/toga/widgets/passwordinput.py -> build/bdist.linux-x86_64/wheel/./toga/widgets
2025-02-24T05:27:31.6014902Z copying build/lib/toga/widgets/switch.py -> build/bdist.linux-x86_64/wheel/./toga/widgets
2025-02-24T05:27:31.6016566Z copying build/lib/toga/widgets/label.py -> build/bdist.linux-x86_64/wheel/./toga/widgets
2025-02-24T05:27:31.6018305Z copying build/lib/toga/widgets/multilinetextinput.py -> build/bdist.linux-x86_64/wheel/./toga/widgets
2025-02-24T05:27:31.6019813Z copying build/lib/toga/fonts.py -> build/bdist.linux-x86_64/wheel/./toga
2025-02-24T05:27:31.6021375Z running install_egg_info
2025-02-24T05:27:31.6039175Z Copying src/toga_core.egg-info to build/bdist.linux-x86_64/wheel/./toga_core-0.4.9.dev608+g01152b56b-py3.12.egg-info
2025-02-24T05:27:31.6047617Z running install_scripts
2025-02-24T05:27:31.6058162Z creating build/bdist.linux-x86_64/wheel/toga_core-0.4.9.dev608+g01152b56b.dist-info/WHEEL
2025-02-24T05:27:31.6063277Z creating '/tmp/baipp/dist/.tmp-xsey016t/toga_core-0.4.9.dev608+g01152b56b-py3-none-any.whl' and adding 'build/bdist.linux-x86_64/wheel' to it
2025-02-24T05:27:31.6067403Z adding 'toga/__init__.py'
2025-02-24T05:27:31.6080818Z adding 'toga/app.py'
2025-02-24T05:27:31.6083528Z adding 'toga/colors.py'
2025-02-24T05:27:31.6090819Z adding 'toga/command.py'
2025-02-24T05:27:31.6094487Z adding 'toga/dialogs.py'
2025-02-24T05:27:31.6100782Z adding 'toga/documents.py'
2025-02-24T05:27:31.6103676Z adding 'toga/fonts.py'
2025-02-24T05:27:31.6107459Z adding 'toga/handlers.py'
2025-02-24T05:27:31.6111028Z adding 'toga/icons.py'
2025-02-24T05:27:31.6114763Z adding 'toga/images.py'
2025-02-24T05:27:31.6117910Z adding 'toga/keys.py'
2025-02-24T05:27:31.6120132Z adding 'toga/paths.py'
2025-02-24T05:27:31.6123249Z adding 'toga/platform.py'
2025-02-24T05:27:31.6124572Z adding 'toga/py.typed'
2025-02-24T05:27:31.6126985Z adding 'toga/screens.py'
2025-02-24T05:27:31.6130594Z adding 'toga/statusicons.py'
2025-02-24T05:27:31.6132856Z adding 'toga/types.py'
2025-02-24T05:27:31.6137304Z adding 'toga/validators.py'
2025-02-24T05:27:31.6146577Z adding 'toga/window.py'
2025-02-24T05:27:31.6149908Z adding 'toga/constants/__init__.py'
2025-02-24T05:27:31.6152127Z adding 'toga/hardware/__init__.py'
2025-02-24T05:27:31.6154880Z adding 'toga/hardware/camera.py'
2025-02-24T05:27:31.6158084Z adding 'toga/hardware/location.py'
2025-02-24T05:27:31.6160007Z adding 'toga/plugins/__init__.py'
2025-02-24T05:27:31.6162523Z adding 'toga/plugins/image_formats.py'
2025-02-24T05:27:31.6164254Z adding 'toga/resources/__init__.py'
2025-02-24T05:27:31.6166662Z adding 'toga/sources/__init__.py'
2025-02-24T05:27:31.6169174Z adding 'toga/sources/accessors.py'
2025-02-24T05:27:31.6171902Z adding 'toga/sources/base.py'
2025-02-24T05:27:31.6175455Z adding 'toga/sources/list_source.py'
2025-02-24T05:27:31.6179982Z adding 'toga/sources/tree_source.py'
2025-02-24T05:27:31.6182249Z adding 'toga/sources/value_source.py'
2025-02-24T05:27:31.6184341Z adding 'toga/style/__init__.py'
2025-02-24T05:27:31.6186901Z adding 'toga/style/applicator.py'
2025-02-24T05:27:31.6188822Z adding 'toga/style/mixin.py'
2025-02-24T05:27:31.6198612Z adding 'toga/style/pack.py'
2025-02-24T05:27:31.6201974Z adding 'toga/widgets/__init__.py'
2025-02-24T05:27:31.6204366Z adding 'toga/widgets/activityindicator.py'
2025-02-24T05:27:31.6208686Z adding 'toga/widgets/base.py'
2025-02-24T05:27:31.6211103Z adding 'toga/widgets/box.py'
2025-02-24T05:27:31.6214130Z adding 'toga/widgets/button.py'
2025-02-24T05:27:31.6216986Z adding 'toga/widgets/dateinput.py'
2025-02-24T05:27:31.6220786Z adding 'toga/widgets/detailedlist.py'
2025-02-24T05:27:31.6223265Z adding 'toga/widgets/divider.py'
2025-02-24T05:27:31.6226144Z adding 'toga/widgets/imageview.py'
2025-02-24T05:27:31.6228245Z adding 'toga/widgets/label.py'
2025-02-24T05:27:31.6232159Z adding 'toga/widgets/mapview.py'
2025-02-24T05:27:31.6234804Z adding 'toga/widgets/multilinetextinput.py'
2025-02-24T05:27:31.6238873Z adding 'toga/widgets/numberinput.py'
2025-02-24T05:27:31.6244704Z adding 'toga/widgets/optioncontainer.py'
2025-02-24T05:27:31.6246646Z adding 'toga/widgets/passwordinput.py'
2025-02-24T05:27:31.6249359Z adding 'toga/widgets/progressbar.py'
2025-02-24T05:27:31.6253033Z adding 'toga/widgets/scrollcontainer.py'
2025-02-24T05:27:31.6256214Z adding 'toga/widgets/selection.py'
2025-02-24T05:27:31.6260627Z adding 'toga/widgets/slider.py'
2025-02-24T05:27:31.6263786Z adding 'toga/widgets/splitcontainer.py'
2025-02-24T05:27:31.6266384Z adding 'toga/widgets/switch.py'
2025-02-24T05:27:31.6270694Z adding 'toga/widgets/table.py'
2025-02-24T05:27:31.6274066Z adding 'toga/widgets/textinput.py'
2025-02-24T05:27:31.6276759Z adding 'toga/widgets/timeinput.py'
2025-02-24T05:27:31.6280944Z adding 'toga/widgets/tree.py'
2025-02-24T05:27:31.6284306Z adding 'toga/widgets/webview.py'
2025-02-24T05:27:31.6286799Z adding 'toga/widgets/canvas/__init__.py'
2025-02-24T05:27:31.6290690Z adding 'toga/widgets/canvas/canvas.py'
2025-02-24T05:27:31.6297665Z adding 'toga/widgets/canvas/context.py'
2025-02-24T05:27:31.6301541Z adding 'toga/widgets/canvas/drawingobject.py'
2025-02-24T05:27:31.6304087Z adding 'toga/widgets/canvas/geometry.py'
2025-02-24T05:27:31.6307814Z adding 'toga_core-0.4.9.dev608+g01152b56b.dist-info/LICENSE'
2025-02-24T05:27:31.6310374Z adding 'toga_core-0.4.9.dev608+g01152b56b.dist-info/METADATA'
2025-02-24T05:27:31.6311731Z adding 'toga_core-0.4.9.dev608+g01152b56b.dist-info/WHEEL'
2025-02-24T05:27:31.6313179Z adding 'toga_core-0.4.9.dev608+g01152b56b.dist-info/entry_points.txt'
2025-02-24T05:27:31.6314428Z adding 'toga_core-0.4.9.dev608+g01152b56b.dist-info/top_level.txt'
2025-02-24T05:27:31.6319054Z adding 'toga_core-0.4.9.dev608+g01152b56b.dist-info/RECORD'
2025-02-24T05:27:31.6322628Z removing build/bdist.linux-x86_64/wheel
2025-02-24T05:27:31.6739050Z Successfully built [36m[1m/tmp/baipp/dist/toga_core-0.4.9.dev608+g01152b56b.tar.gz[0m[39m
2025-02-24T05:27:31.6741852Z Successfully built [36m[1m/tmp/baipp/dist/toga_core-0.4.9.dev608+g01152b56b-py3-none-any.whl[0m[39m
2025-02-24T05:27:31.6821064Z ##[group]Run uv cache prune --ci
2025-02-24T05:27:31.6821619Z [36;1muv cache prune --ci[0m
2025-02-24T05:27:31.6878479Z shell: /usr/bin/bash --noprofile --norc -e -o pipefail {0}
2025-02-24T05:27:31.6879050Z env:
2025-02-24T05:27:31.6879295Z   FORCE_COLOR: 1
2025-02-24T05:27:31.6879528Z   UV_CACHE_DIR: /tmp/baipp-uv_cache_dir
2025-02-24T05:27:31.6879952Z   REQS_HASH: 3f90074aa1ae051ed85c628263149fee339611d3ee83927a5845d19345dcfa4f
2025-02-24T05:27:31.6880536Z ##[endgroup]
2025-02-24T05:27:31.7009684Z Pruning cache at: [36m/tmp/baipp-uv_cache_dir[39m
2025-02-24T05:27:31.7488483Z Removed 2121 files ([32m37.1MiB[39m)
2025-02-24T05:27:31.7538348Z ##[group]Run echo -e '\n### Package Contents' >> $GITHUB_STEP_SUMMARY
2025-02-24T05:27:31.7538982Z [36;1mecho -e '\n### Package Contents' >> $GITHUB_STEP_SUMMARY[0m
2025-02-24T05:27:31.7595772Z shell: /usr/bin/bash --noprofile --norc -e -o pipefail {0}
2025-02-24T05:27:31.7596313Z env:
2025-02-24T05:27:31.7596778Z   FORCE_COLOR: 1
2025-02-24T05:27:31.7597180Z   UV_CACHE_DIR: /tmp/baipp-uv_cache_dir
2025-02-24T05:27:31.7597903Z   REQS_HASH: 3f90074aa1ae051ed85c628263149fee339611d3ee83927a5845d19345dcfa4f
2025-02-24T05:27:31.7622136Z ##[endgroup]
2025-02-24T05:27:31.7728359Z ##[group]Run echo "dist=/tmp/baipp/dist" >>$GITHUB_OUTPUT
2025-02-24T05:27:31.7728808Z [36;1mecho "dist=/tmp/baipp/dist" >>$GITHUB_OUTPUT[0m
2025-02-24T05:27:31.7783187Z shell: /usr/bin/bash --noprofile --norc -e -o pipefail {0}
2025-02-24T05:27:31.7783788Z env:
2025-02-24T05:27:31.7784089Z   FORCE_COLOR: 1
2025-02-24T05:27:31.7784481Z   UV_CACHE_DIR: /tmp/baipp-uv_cache_dir
2025-02-24T05:27:31.7785267Z   REQS_HASH: 3f90074aa1ae051ed85c628263149fee339611d3ee83927a5845d19345dcfa4f
2025-02-24T05:27:31.7785972Z ##[endgroup]
2025-02-24T05:27:31.7893010Z ##[group]Run ls -l /tmp/baipp/dist
2025-02-24T05:27:31.7893317Z [36;1mls -l /tmp/baipp/dist[0m
2025-02-24T05:27:31.7941234Z shell: /usr/bin/bash --noprofile --norc -e -o pipefail {0}
2025-02-24T05:27:31.7941672Z env:
2025-02-24T05:27:31.7941901Z   FORCE_COLOR: 1
2025-02-24T05:27:31.7942186Z   UV_CACHE_DIR: /tmp/baipp-uv_cache_dir
2025-02-24T05:27:31.7942705Z   REQS_HASH: 3f90074aa1ae051ed85c628263149fee339611d3ee83927a5845d19345dcfa4f
2025-02-24T05:27:31.7943213Z ##[endgroup]
2025-02-24T05:27:31.8025976Z total 1132
2025-02-24T05:27:31.8027011Z -rw-r--r-- 1 runner docker  142837 Feb 24 05:27 toga_core-0.4.9.dev608+g01152b56b-py3-none-any.whl
2025-02-24T05:27:31.8028057Z -rw-r--r-- 1 runner docker 1015410 Feb 24 05:27 toga_core-0.4.9.dev608+g01152b56b.tar.gz
2025-02-24T05:27:31.8062464Z ##[group]Run actions/upload-artifact@v4
2025-02-24T05:27:31.8062777Z with:
2025-02-24T05:27:31.8062997Z   name: Packages-toga-core
2025-02-24T05:27:31.8063285Z   path: /tmp/baipp/dist/*
2025-02-24T05:27:31.8063560Z   if-no-files-found: warn
2025-02-24T05:27:31.8063826Z   compression-level: 6
2025-02-24T05:27:31.8064079Z   overwrite: false
2025-02-24T05:27:31.8064325Z   include-hidden-files: false
2025-02-24T05:27:31.8064763Z env:
2025-02-24T05:27:31.8064968Z   FORCE_COLOR: 1
2025-02-24T05:27:31.8065221Z   UV_CACHE_DIR: /tmp/baipp-uv_cache_dir
2025-02-24T05:27:31.8065687Z   REQS_HASH: 3f90074aa1ae051ed85c628263149fee339611d3ee83927a5845d19345dcfa4f
2025-02-24T05:27:31.8066251Z ##[endgroup]
2025-02-24T05:27:32.0227516Z With the provided path, there will be 2 files uploaded
2025-02-24T05:27:32.0233178Z Artifact name is valid!
2025-02-24T05:27:32.0234394Z Root directory input is valid!
2025-02-24T05:27:32.3249766Z Beginning upload of artifact content to blob storage
2025-02-24T05:27:33.2919591Z Uploaded bytes 1153697
2025-02-24T05:27:33.3893670Z Finished uploading artifact content to blob storage!
2025-02-24T05:27:33.3897430Z SHA256 hash of uploaded artifact zip is d34008ba4863550886a4ed779fbc934b847fd1f4448c5d8115bc3a6f4677bd79
2025-02-24T05:27:33.3899087Z Finalizing artifact upload
2025-02-24T05:27:33.5335247Z Artifact Packages-toga-core.zip successfully finalized. Artifact ID 2639028344
2025-02-24T05:27:33.5337954Z Artifact Packages-toga-core has been successfully uploaded! Final size is 1153697 bytes. Artifact ID is 2639028344
2025-02-24T05:27:33.5346133Z Artifact download URL: https://github.com/beeware/toga/actions/runs/13491433041/artifacts/2639028344
2025-02-24T05:27:33.5441658Z ##[group]Run if [[ "false" != 'true' ]]; then
2025-02-24T05:27:33.5442100Z [36;1mif [[ "false" != 'true' ]]; then[0m
2025-02-24T05:27:33.5442637Z [36;1m  /tmp/baipp/bin/check-wheel-contents /tmp/baipp/dist/*.whl[0m
2025-02-24T05:27:33.5443153Z [36;1mfi[0m
2025-02-24T05:27:33.5498093Z shell: /usr/bin/bash --noprofile --norc -e -o pipefail {0}
2025-02-24T05:27:33.5498581Z env:
2025-02-24T05:27:33.5498839Z   FORCE_COLOR: 1
2025-02-24T05:27:33.5499156Z   UV_CACHE_DIR: /tmp/baipp-uv_cache_dir
2025-02-24T05:27:33.5499724Z   REQS_HASH: 3f90074aa1ae051ed85c628263149fee339611d3ee83927a5845d19345dcfa4f
2025-02-24T05:27:33.5500406Z ##[endgroup]
2025-02-24T05:27:34.0099537Z /tmp/baipp/dist/toga_core-0.4.9.dev608+g01152b56b-py3-none-any.whl: OK
2025-02-24T05:27:34.0323787Z ##[group]Run /tmp/baipp/bin/python -m twine check --strict /tmp/baipp/dist/*
2025-02-24T05:27:34.0324277Z [36;1m/tmp/baipp/bin/python -m twine check --strict /tmp/baipp/dist/*[0m
2025-02-24T05:27:34.0379294Z shell: /usr/bin/bash --noprofile --norc -e -o pipefail {0}
2025-02-24T05:27:34.0379599Z env:
2025-02-24T05:27:34.0379760Z   FORCE_COLOR: 1
2025-02-24T05:27:34.0379962Z   UV_CACHE_DIR: /tmp/baipp-uv_cache_dir
2025-02-24T05:27:34.0380425Z   REQS_HASH: 3f90074aa1ae051ed85c628263149fee339611d3ee83927a5845d19345dcfa4f
2025-02-24T05:27:34.0380770Z ##[endgroup]
2025-02-24T05:27:34.8175673Z Checking /tmp/baipp/dist/toga_core-0.4.9.dev608+g01152b56b-py3-none-any.whl: [32mPASSED[0m
2025-02-24T05:27:34.8539802Z Checking /tmp/baipp/dist/toga_core-0.4.9.dev608+g01152b56b.tar.gz: [32mPASSED[0m
2025-02-24T05:27:34.8935703Z ##[group]Run cd /tmp/baipp/dist
2025-02-24T05:27:34.8936200Z [36;1mcd /tmp/baipp/dist[0m
2025-02-24T05:27:34.8936625Z [36;1mmkdir -p out/sdist[0m
2025-02-24T05:27:34.8937074Z [36;1mtar xf *.tar.gz -C out/sdist[0m
2025-02-24T05:27:34.8937509Z [36;1m[0m
2025-02-24T05:27:34.8937878Z [36;1mif ! command -v tree &> /dev/null; then[0m
2025-02-24T05:27:34.8938419Z [36;1m    sudo apt-get install tree[0m
2025-02-24T05:27:34.8938962Z [36;1mfi[0m
2025-02-24T05:27:34.8939271Z [36;1m[0m
2025-02-24T05:27:34.8939823Z [36;1mecho -e '\n<details><summary>SDist contents</summary>\n' >> $GITHUB_STEP_SUMMARY[0m
2025-02-24T05:27:34.8941185Z [36;1m(cd /tmp/baipp/dist/out/sdist && tree -Da --timefmt="%Y-%m-%dT%H:%M:%SZ" * | sed 's/^/    /' | tee -a $GITHUB_STEP_SUMMARY)[0m
2025-02-24T05:27:34.8942122Z [36;1mecho -e '\n</details>\n' >> $GITHUB_STEP_SUMMARY[0m
2025-02-24T05:27:34.8942659Z [36;1m[0m
2025-02-24T05:27:34.8943022Z [36;1mif [[ "false" != 'true' ]]; then[0m
2025-02-24T05:27:34.8943509Z [36;1m    mkdir -p out/wheels[0m
2025-02-24T05:27:34.8944101Z [36;1m    /tmp/baipp/bin/python -m wheel unpack --dest out/wheels *.whl[0m
2025-02-24T05:27:34.8944971Z [36;1m[0m
2025-02-24T05:27:34.8945527Z [36;1m    echo -e '\n<details><summary>Wheel contents</summary>\n' >> $GITHUB_STEP_SUMMARY[0m
2025-02-24T05:27:34.8946726Z [36;1m    (cd /tmp/baipp/dist/out/wheels && tree -a * | sed 's/^/    /' | tee -a $GITHUB_STEP_SUMMARY)[0m
2025-02-24T05:27:34.8947573Z [36;1m    echo -e '\n</details>\n' >> $GITHUB_STEP_SUMMARY[0m
2025-02-24T05:27:34.8948080Z [36;1mfi[0m
2025-02-24T05:27:34.8948383Z [36;1m[0m
2025-02-24T05:27:34.8948730Z [36;1mecho ----- Metadata Follows -----[0m
2025-02-24T05:27:34.8949406Z [36;1mecho -e '\n<details><summary>Metadata</summary>\n' >> $GITHUB_STEP_SUMMARY[0m
2025-02-24T05:27:34.8949942Z [36;1mcat out/sdist/*/PKG-INFO | sed 's/^/    /' | tee -a $GITHUB_STEP_SUMMARY[0m
2025-02-24T05:27:34.8950596Z [36;1mecho -e '\n</details>\n' >> $GITHUB_STEP_SUMMARY[0m
2025-02-24T05:27:34.8950916Z [36;1mecho ----- End of Metadata  -----[0m
2025-02-24T05:27:34.9005314Z shell: /usr/bin/bash --noprofile --norc -e -o pipefail {0}
2025-02-24T05:27:34.9005671Z env:
2025-02-24T05:27:34.9005855Z   FORCE_COLOR: 1
2025-02-24T05:27:34.9006084Z   UV_CACHE_DIR: /tmp/baipp-uv_cache_dir
2025-02-24T05:27:34.9006489Z   REQS_HASH: 3f90074aa1ae051ed85c628263149fee339611d3ee83927a5845d19345dcfa4f
2025-02-24T05:27:34.9006895Z ##[endgroup]
2025-02-24T05:27:34.9282799Z     [2025-02-24T05:27:30Z]  toga_core-0.4.9.dev608+g01152b56b
2025-02-24T05:27:34.9283880Z     ├── [2025-02-24T05:27:25Z]  CONTRIBUTING.md
2025-02-24T05:27:34.9284577Z     ├── [2025-02-24T05:27:25Z]  LICENSE
2025-02-24T05:27:34.9285206Z     ├── [2025-02-24T05:27:30Z]  PKG-INFO
2025-02-24T05:27:34.9285833Z     ├── [2025-02-24T05:27:25Z]  README.rst
2025-02-24T05:27:34.9286514Z     ├── [2025-02-24T05:27:25Z]  pyproject.toml
2025-02-24T05:27:34.9287158Z     ├── [2025-02-24T05:27:30Z]  setup.cfg
2025-02-24T05:27:34.9287785Z     ├── [2025-02-24T05:27:30Z]  src
2025-02-24T05:27:34.9288398Z     │   ├── [2025-02-24T05:27:30Z]  toga
2025-02-24T05:27:34.9289034Z     │   │   ├── [2025-02-24T05:27:25Z]  __init__.py
2025-02-24T05:27:34.9289715Z     │   │   ├── [2025-02-24T05:27:25Z]  app.py
2025-02-24T05:27:34.9290573Z     │   │   ├── [2025-02-24T05:27:25Z]  colors.py
2025-02-24T05:27:34.9291241Z     │   │   ├── [2025-02-24T05:27:25Z]  command.py
2025-02-24T05:27:34.9291906Z     │   │   ├── [2025-02-24T05:27:30Z]  constants
2025-02-24T05:27:34.9292519Z     │   │   │   └── [2025-02-24T05:27:25Z]  __init__.py
2025-02-24T05:27:34.9293156Z     │   │   ├── [2025-02-24T05:27:25Z]  dialogs.py
2025-02-24T05:27:34.9293787Z     │   │   ├── [2025-02-24T05:27:25Z]  documents.py
2025-02-24T05:27:34.9294391Z     │   │   ├── [2025-02-24T05:27:25Z]  fonts.py
2025-02-24T05:27:34.9294993Z     │   │   ├── [2025-02-24T05:27:25Z]  handlers.py
2025-02-24T05:27:34.9295595Z     │   │   ├── [2025-02-24T05:27:30Z]  hardware
2025-02-24T05:27:34.9296239Z     │   │   │   ├── [2025-02-24T05:27:25Z]  __init__.py
2025-02-24T05:27:34.9296898Z     │   │   │   ├── [2025-02-24T05:27:25Z]  camera.py
2025-02-24T05:27:34.9297555Z     │   │   │   └── [2025-02-24T05:27:25Z]  location.py
2025-02-24T05:27:34.9298177Z     │   │   ├── [2025-02-24T05:27:25Z]  icons.py
2025-02-24T05:27:34.9298792Z     │   │   ├── [2025-02-24T05:27:25Z]  images.py
2025-02-24T05:27:34.9299439Z     │   │   ├── [2025-02-24T05:27:25Z]  keys.py
2025-02-24T05:27:34.9300043Z     │   │   ├── [2025-02-24T05:27:25Z]  paths.py
2025-02-24T05:27:34.9300886Z     │   │   ├── [2025-02-24T05:27:25Z]  platform.py
2025-02-24T05:27:34.9301450Z     │   │   ├── [2025-02-24T05:27:30Z]  plugins
2025-02-24T05:27:34.9302003Z     │   │   │   ├── [2025-02-24T05:27:25Z]  __init__.py
2025-02-24T05:27:34.9302560Z     │   │   │   └── [2025-02-24T05:27:25Z]  image_formats.py
2025-02-24T05:27:34.9302896Z     │   │   ├── [2025-02-24T05:27:25Z]  py.typed
2025-02-24T05:27:34.9303209Z     │   │   ├── [2025-02-24T05:27:30Z]  resources
2025-02-24T05:27:34.9303525Z     │   │   │   └── [2025-02-24T05:27:25Z]  __init__.py
2025-02-24T05:27:34.9303842Z     │   │   ├── [2025-02-24T05:27:25Z]  screens.py
2025-02-24T05:27:34.9304551Z     │   │   ├── [2025-02-24T05:27:30Z]  sources
2025-02-24T05:27:34.9305132Z     │   │   │   ├── [2025-02-24T05:27:25Z]  __init__.py
2025-02-24T05:27:34.9305755Z     │   │   │   ├── [2025-02-24T05:27:25Z]  accessors.py
2025-02-24T05:27:34.9306535Z     │   │   │   ├── [2025-02-24T05:27:25Z]  base.py
2025-02-24T05:27:34.9307142Z     │   │   │   ├── [2025-02-24T05:27:25Z]  list_source.py
2025-02-24T05:27:34.9307650Z     │   │   │   ├── [2025-02-24T05:27:25Z]  tree_source.py
2025-02-24T05:27:34.9308026Z     │   │   │   └── [2025-02-24T05:27:25Z]  value_source.py
2025-02-24T05:27:34.9308387Z     │   │   ├── [2025-02-24T05:27:25Z]  statusicons.py
2025-02-24T05:27:34.9308706Z     │   │   ├── [2025-02-24T05:27:30Z]  style
2025-02-24T05:27:34.9309018Z     │   │   │   ├── [2025-02-24T05:27:25Z]  __init__.py
2025-02-24T05:27:34.9309348Z     │   │   │   ├── [2025-02-24T05:27:25Z]  applicator.py
2025-02-24T05:27:34.9309673Z     │   │   │   ├── [2025-02-24T05:27:25Z]  mixin.py
2025-02-24T05:27:34.9310002Z     │   │   │   └── [2025-02-24T05:27:25Z]  pack.py
2025-02-24T05:27:34.9310589Z     │   │   ├── [2025-02-24T05:27:25Z]  types.py
2025-02-24T05:27:34.9310914Z     │   │   ├── [2025-02-24T05:27:25Z]  validators.py
2025-02-24T05:27:34.9311239Z     │   │   ├── [2025-02-24T05:27:30Z]  widgets
2025-02-24T05:27:34.9311555Z     │   │   │   ├── [2025-02-24T05:27:25Z]  __init__.py
2025-02-24T05:27:34.9311894Z     │   │   │   ├── [2025-02-24T05:27:25Z]  activityindicator.py
2025-02-24T05:27:34.9312236Z     │   │   │   ├── [2025-02-24T05:27:25Z]  base.py
2025-02-24T05:27:34.9312537Z     │   │   │   ├── [2025-02-24T05:27:25Z]  box.py
2025-02-24T05:27:34.9312844Z     │   │   │   ├── [2025-02-24T05:27:25Z]  button.py
2025-02-24T05:27:34.9313147Z     │   │   │   ├── [2025-02-24T05:27:30Z]  canvas
2025-02-24T05:27:34.9313461Z     │   │   │   │   ├── [2025-02-24T05:27:25Z]  __init__.py
2025-02-24T05:27:34.9313778Z     │   │   │   │   ├── [2025-02-24T05:27:25Z]  canvas.py
2025-02-24T05:27:34.9314094Z     │   │   │   │   ├── [2025-02-24T05:27:25Z]  context.py
2025-02-24T05:27:34.9314443Z     │   │   │   │   ├── [2025-02-24T05:27:25Z]  drawingobject.py
2025-02-24T05:27:34.9314812Z     │   │   │   │   └── [2025-02-24T05:27:25Z]  geometry.py
2025-02-24T05:27:34.9315147Z     │   │   │   ├── [2025-02-24T05:27:25Z]  dateinput.py
2025-02-24T05:27:34.9315469Z     │   │   │   ├── [2025-02-24T05:27:25Z]  detailedlist.py
2025-02-24T05:27:34.9315781Z     │   │   │   ├── [2025-02-24T05:27:25Z]  divider.py
2025-02-24T05:27:34.9316092Z     │   │   │   ├── [2025-02-24T05:27:25Z]  imageview.py
2025-02-24T05:27:34.9316395Z     │   │   │   ├── [2025-02-24T05:27:25Z]  label.py
2025-02-24T05:27:34.9316698Z     │   │   │   ├── [2025-02-24T05:27:25Z]  mapview.py
2025-02-24T05:27:34.9317040Z     │   │   │   ├── [2025-02-24T05:27:25Z]  multilinetextinput.py
2025-02-24T05:27:34.9317389Z     │   │   │   ├── [2025-02-24T05:27:25Z]  numberinput.py
2025-02-24T05:27:34.9317725Z     │   │   │   ├── [2025-02-24T05:27:25Z]  optioncontainer.py
2025-02-24T05:27:34.9318416Z     │   │   │   ├── [2025-02-24T05:27:25Z]  passwordinput.py
2025-02-24T05:27:34.9319054Z     │   │   │   ├── [2025-02-24T05:27:25Z]  progressbar.py
2025-02-24T05:27:34.9319676Z     │   │   │   ├── [2025-02-24T05:27:25Z]  scrollcontainer.py
2025-02-24T05:27:34.9320729Z     │   │   │   ├── [2025-02-24T05:27:25Z]  selection.py
2025-02-24T05:27:34.9321225Z     │   │   │   ├── [2025-02-24T05:27:25Z]  slider.py
2025-02-24T05:27:34.9321588Z     │   │   │   ├── [2025-02-24T05:27:25Z]  splitcontainer.py
2025-02-24T05:27:34.9321925Z     │   │   │   ├── [2025-02-24T05:27:25Z]  switch.py
2025-02-24T05:27:34.9322248Z     │   │   │   ├── [2025-02-24T05:27:25Z]  table.py
2025-02-24T05:27:34.9322574Z     │   │   │   ├── [2025-02-24T05:27:25Z]  textinput.py
2025-02-24T05:27:34.9322904Z     │   │   │   ├── [2025-02-24T05:27:25Z]  timeinput.py
2025-02-24T05:27:34.9323223Z     │   │   │   ├── [2025-02-24T05:27:25Z]  tree.py
2025-02-24T05:27:34.9323541Z     │   │   │   └── [2025-02-24T05:27:25Z]  webview.py
2025-02-24T05:27:34.9323869Z     │   │   └── [2025-02-24T05:27:25Z]  window.py
2025-02-24T05:27:34.9324198Z     │   └── [2025-02-24T05:27:30Z]  toga_core.egg-info
2025-02-24T05:27:34.9324518Z     │       ├── [2025-02-24T05:27:30Z]  PKG-INFO
2025-02-24T05:27:34.9324842Z     │       ├── [2025-02-24T05:27:30Z]  SOURCES.txt
2025-02-24T05:27:34.9325179Z     │       ├── [2025-02-24T05:27:30Z]  dependency_links.txt
2025-02-24T05:27:34.9325518Z     │       ├── [2025-02-24T05:27:30Z]  entry_points.txt
2025-02-24T05:27:34.9325840Z     │       ├── [2025-02-24T05:27:30Z]  requires.txt
2025-02-24T05:27:34.9326159Z     │       └── [2025-02-24T05:27:30Z]  top_level.txt
2025-02-24T05:27:34.9326463Z     └── [2025-02-24T05:27:30Z]  tests
2025-02-24T05:27:34.9326766Z         ├── [2025-02-24T05:27:25Z]  __init__.py
2025-02-24T05:27:34.9327058Z         ├── [2025-02-24T05:27:30Z]  app
2025-02-24T05:27:34.9327362Z         │   ├── [2025-02-24T05:27:25Z]  __init__.py
2025-02-24T05:27:34.9327676Z         │   ├── [2025-02-24T05:27:25Z]  test_app.py
2025-02-24T05:27:34.9328037Z         │   ├── [2025-02-24T05:27:25Z]  test_background_app.py
2025-02-24T05:27:34.9328388Z         │   ├── [2025-02-24T05:27:25Z]  test_dialogs.py
2025-02-24T05:27:34.9328733Z         │   ├── [2025-02-24T05:27:25Z]  test_document_app.py
2025-02-24T05:27:34.9329092Z         │   ├── [2025-02-24T05:27:25Z]  test_documentset.py
2025-02-24T05:27:34.9329428Z         │   ├── [2025-02-24T05:27:25Z]  test_screens.py
2025-02-24T05:27:34.9329751Z         │   ├── [2025-02-24T05:27:25Z]  test_simpleapp.py
2025-02-24T05:27:34.9330089Z         │   ├── [2025-02-24T05:27:25Z]  test_widget_registry.py
2025-02-24T05:27:34.9330643Z         │   └── [2025-02-24T05:27:25Z]  test_windowset.py
2025-02-24T05:27:34.9330945Z         ├── [2025-02-24T05:27:30Z]  command
2025-02-24T05:27:34.9331235Z         │   ├── [2025-02-24T05:27:25Z]  __init__.py
2025-02-24T05:27:34.9331530Z         │   ├── [2025-02-24T05:27:25Z]  conftest.py
2025-02-24T05:27:34.9331835Z         │   ├── [2025-02-24T05:27:25Z]  test_command.py
2025-02-24T05:27:34.9332169Z         │   ├── [2025-02-24T05:27:25Z]  test_commandset.py
2025-02-24T05:27:34.9332483Z         │   └── [2025-02-24T05:27:25Z]  test_group.py
2025-02-24T05:27:34.9332782Z         ├── [2025-02-24T05:27:25Z]  conftest.py
2025-02-24T05:27:34.9333080Z         ├── [2025-02-24T05:27:30Z]  hardware
2025-02-24T05:27:34.9333370Z         │   ├── [2025-02-24T05:27:25Z]  __init__.py
2025-02-24T05:27:34.9333678Z         │   ├── [2025-02-24T05:27:25Z]  test_camera.py
2025-02-24T05:27:34.9334001Z         │   └── [2025-02-24T05:27:25Z]  test_location.py
2025-02-24T05:27:34.9334301Z         ├── [2025-02-24T05:27:30Z]  resources
2025-02-24T05:27:34.9334592Z         │   ├── [2025-02-24T05:27:25Z]  blue.png
2025-02-24T05:27:34.9334890Z         │   ├── [2025-02-24T05:27:25Z]  orange.bmp
2025-02-24T05:27:34.9335188Z         │   ├── [2025-02-24T05:27:25Z]  orange.png
2025-02-24T05:27:34.9335484Z         │   ├── [2025-02-24T05:27:25Z]  photo.png
2025-02-24T05:27:34.9335780Z         │   ├── [2025-02-24T05:27:25Z]  red-16.png
2025-02-24T05:27:34.9336236Z         │   ├── [2025-02-24T05:27:25Z]  red-32.png
2025-02-24T05:27:34.9336529Z         │   ├── [2025-02-24T05:27:25Z]  red-72.png
2025-02-24T05:27:34.9336819Z         │   ├── [2025-02-24T05:27:25Z]  red.png
2025-02-24T05:27:34.9337241Z         │   ├── [2025-02-24T05:27:25Z]  sample-dummy.png
2025-02-24T05:27:34.9337559Z         │   ├── [2025-02-24T05:27:25Z]  sample.png
2025-02-24T05:27:34.9337851Z         │   └── [2025-02-24T05:27:25Z]  toga.png
2025-02-24T05:27:34.9338140Z         ├── [2025-02-24T05:27:30Z]  sources
2025-02-24T05:27:34.9338430Z         │   ├── [2025-02-24T05:27:25Z]  __init__.py
2025-02-24T05:27:34.9338746Z         │   ├── [2025-02-24T05:27:25Z]  test_accessors.py
2025-02-24T05:27:34.9339093Z         │   ├── [2025-02-24T05:27:25Z]  test_list_source.py
2025-02-24T05:27:34.9339422Z         │   ├── [2025-02-24T05:27:25Z]  test_node.py
2025-02-24T05:27:34.9339736Z         │   ├── [2025-02-24T05:27:25Z]  test_row.py
2025-02-24T05:27:34.9340062Z         │   ├── [2025-02-24T05:27:25Z]  test_source.py
2025-02-24T05:27:34.9340659Z         │   ├── [2025-02-24T05:27:25Z]  test_tree_source.py
2025-02-24T05:27:34.9341015Z         │   └── [2025-02-24T05:27:25Z]  test_value_source.py
2025-02-24T05:27:34.9341357Z         ├── [2025-02-24T05:27:30Z]  statusicons
2025-02-24T05:27:34.9341677Z         │   ├── [2025-02-24T05:27:25Z]  __init__.py
2025-02-24T05:27:34.9342030Z         │   ├── [2025-02-24T05:27:25Z]  test_menustatusicon.py
2025-02-24T05:27:34.9342450Z         │   ├── [2025-02-24T05:27:25Z]  test_simplestatusicon.py
2025-02-24T05:27:34.9342857Z         │   └── [2025-02-24T05:27:25Z]  test_statusiconset.py
2025-02-24T05:27:34.9343262Z         ├── [2025-02-24T05:27:30Z]  style
2025-02-24T05:27:34.9343561Z         │   ├── [2025-02-24T05:27:25Z]  __init__.py
2025-02-24T05:27:34.9343869Z         │   ├── [2025-02-24T05:27:30Z]  pack
2025-02-24T05:27:34.9344183Z         │   │   ├── [2025-02-24T05:27:25Z]  __init__.py
2025-02-24T05:27:34.9344501Z         │   │   ├── [2025-02-24T05:27:30Z]  layout
2025-02-24T05:27:34.9344845Z         │   │   │   ├── [2025-02-24T05:27:25Z]  __init__.py
2025-02-24T05:27:34.9345186Z         │   │   │   ├── [2025-02-24T05:27:25Z]  test_beeliza.py
2025-02-24T05:27:34.9345580Z         │   │   │   ├── [2025-02-24T05:27:25Z]  test_column_alignment.py
2025-02-24T05:27:34.9346051Z         │   │   │   ├── [2025-02-24T05:27:25Z]  test_fixed.py
2025-02-24T05:27:34.9346406Z         │   │   │   ├── [2025-02-24T05:27:25Z]  test_flex.py
2025-02-24T05:27:34.9346736Z         │   │   │   ├── [2025-02-24T05:27:25Z]  test_gap.py
2025-02-24T05:27:34.9347114Z         │   │   │   ├── [2025-02-24T05:27:25Z]  test_justify_content.py
2025-02-24T05:27:34.9347517Z         │   │   │   ├── [2025-02-24T05:27:25Z]  test_row_alignment.py
2025-02-24T05:27:34.9347884Z         │   │   │   ├── [2025-02-24T05:27:25Z]  test_rtl.py
2025-02-24T05:27:34.9348239Z         │   │   │   ├── [2025-02-24T05:27:25Z]  test_tutorial0.py
2025-02-24T05:27:34.9348608Z         │   │   │   ├── [2025-02-24T05:27:25Z]  test_tutorial1.py
2025-02-24T05:27:34.9349140Z         │   │   │   └── [2025-02-24T05:27:25Z]  test_tutorial3.py
2025-02-24T05:27:34.9349493Z         │   │   ├── [2025-02-24T05:27:25Z]  test_aliases.py
2025-02-24T05:27:34.9349940Z         │   │   ├── [2025-02-24T05:27:25Z]  test_apply.py
2025-02-24T05:27:34.9350505Z         │   │   ├── [2025-02-24T05:27:25Z]  test_css.py
2025-02-24T05:27:34.9350968Z         │   │   ├── [2025-02-24T05:27:25Z]  test_deprecated_properties.py
2025-02-24T05:27:34.9351353Z         │   │   └── [2025-02-24T05:27:25Z]  utils.py
2025-02-24T05:27:34.9351691Z         │   ├── [2025-02-24T05:27:25Z]  test_applicator.py
2025-02-24T05:27:34.9352025Z         │   └── [2025-02-24T05:27:25Z]  test_mixin.py
2025-02-24T05:27:34.9352353Z         ├── [2025-02-24T05:27:25Z]  test_documents.py
2025-02-24T05:27:34.9352673Z         ├── [2025-02-24T05:27:25Z]  test_fonts.py
2025-02-24T05:27:34.9352994Z         ├── [2025-02-24T05:27:25Z]  test_handlers.py
2025-02-24T05:27:34.9353324Z         ├── [2025-02-24T05:27:25Z]  test_icons.py
2025-02-24T05:27:34.9353640Z         ├── [2025-02-24T05:27:25Z]  test_images.py
2025-02-24T05:27:34.9353955Z         ├── [2025-02-24T05:27:25Z]  test_import.py
2025-02-24T05:27:34.9354277Z         ├── [2025-02-24T05:27:25Z]  test_keys.py
2025-02-24T05:27:34.9354591Z         ├── [2025-02-24T05:27:25Z]  test_paths.py
2025-02-24T05:27:34.9354909Z         ├── [2025-02-24T05:27:25Z]  test_platform.py
2025-02-24T05:27:34.9355227Z         ├── [2025-02-24T05:27:25Z]  test_types.py
2025-02-24T05:27:34.9355549Z         ├── [2025-02-24T05:27:25Z]  test_validators.py
2025-02-24T05:27:34.9355865Z         ├── [2025-02-24T05:27:30Z]  testbed
2025-02-24T05:27:34.9356165Z         │   ├── [2025-02-24T05:27:30Z]  customize
2025-02-24T05:27:34.9356495Z         │   │   └── [2025-02-24T05:27:25Z]  sitecustomize.py
2025-02-24T05:27:34.9356836Z         │   ├── [2025-02-24T05:27:25Z]  interactive.py
2025-02-24T05:27:34.9357160Z         │   ├── [2025-02-24T05:27:30Z]  simple
2025-02-24T05:27:34.9357492Z         │   │   ├── [2025-02-24T05:27:25Z]  __init__.py
2025-02-24T05:27:34.9357824Z         │   │   ├── [2025-02-24T05:27:25Z]  __main__.py
2025-02-24T05:27:34.9358142Z         │   │   └── [2025-02-24T05:27:25Z]  app.py
2025-02-24T05:27:34.9358463Z         │   └── [2025-02-24T05:27:30Z]  subclassed
2025-02-24T05:27:34.9358781Z         │       ├── [2025-02-24T05:27:25Z]  __init__.py
2025-02-24T05:27:34.9359095Z         │       ├── [2025-02-24T05:27:25Z]  __main__.py
2025-02-24T05:27:34.9359405Z         │       └── [2025-02-24T05:27:25Z]  app.py
2025-02-24T05:27:34.9359709Z         ├── [2025-02-24T05:27:25Z]  utils.py
2025-02-24T05:27:34.9360009Z         ├── [2025-02-24T05:27:30Z]  widgets
2025-02-24T05:27:34.9360523Z         │   ├── [2025-02-24T05:27:25Z]  __init__.py
2025-02-24T05:27:34.9360836Z         │   ├── [2025-02-24T05:27:30Z]  canvas
2025-02-24T05:27:34.9361150Z         │   │   ├── [2025-02-24T05:27:25Z]  __init__.py
2025-02-24T05:27:34.9361473Z         │   │   ├── [2025-02-24T05:27:25Z]  conftest.py
2025-02-24T05:27:34.9361819Z         │   │   ├── [2025-02-24T05:27:25Z]  test_canvas.py
2025-02-24T05:27:34.9362187Z         │   │   ├── [2025-02-24T05:27:25Z]  test_context_objects.py
2025-02-24T05:27:34.9362594Z         │   │   ├── [2025-02-24T05:27:25Z]  test_draw_operations.py
2025-02-24T05:27:34.9362958Z         │   │   └── [2025-02-24T05:27:25Z]  test_helpers.py
2025-02-24T05:27:34.9363335Z         │   ├── [2025-02-24T05:27:25Z]  test_activityindicator.py
2025-02-24T05:27:34.9363694Z         │   ├── [2025-02-24T05:27:25Z]  test_base.py
2025-02-24T05:27:34.9364011Z         │   ├── [2025-02-24T05:27:25Z]  test_box.py
2025-02-24T05:27:34.9364335Z         │   ├── [2025-02-24T05:27:25Z]  test_button.py
2025-02-24T05:27:34.9364667Z         │   ├── [2025-02-24T05:27:25Z]  test_dateinput.py
2025-02-24T05:27:34.9365020Z         │   ├── [2025-02-24T05:27:25Z]  test_detailedlist.py
2025-02-24T05:27:34.9365362Z         │   ├── [2025-02-24T05:27:25Z]  test_divider.py
2025-02-24T05:27:34.9365849Z         │   ├── [2025-02-24T05:27:25Z]  test_imageview.py
2025-02-24T05:27:34.9366181Z         │   ├── [2025-02-24T05:27:25Z]  test_label.py
2025-02-24T05:27:34.9366509Z         │   ├── [2025-02-24T05:27:25Z]  test_mapview.py
2025-02-24T05:27:34.9366983Z         │   ├── [2025-02-24T05:27:25Z]  test_multilinetextinput.py
2025-02-24T05:27:34.9367365Z         │   ├── [2025-02-24T05:27:25Z]  test_numberinput.py
2025-02-24T05:27:34.9367735Z         │   ├── [2025-02-24T05:27:25Z]  test_optioncontainer.py
2025-02-24T05:27:34.9368119Z         │   ├── [2025-02-24T05:27:25Z]  test_passwordinput.py
2025-02-24T05:27:34.9368482Z         │   ├── [2025-02-24T05:27:25Z]  test_progressbar.py
2025-02-24T05:27:34.9368845Z         │   ├── [2025-02-24T05:27:25Z]  test_scrollcontainer.py
2025-02-24T05:27:34.9369209Z         │   ├── [2025-02-24T05:27:25Z]  test_selection.py
2025-02-24T05:27:34.9369544Z         │   ├── [2025-02-24T05:27:25Z]  test_slider.py
2025-02-24T05:27:34.9369904Z         │   ├── [2025-02-24T05:27:25Z]  test_splitcontainer.py
2025-02-24T05:27:34.9370450Z         │   ├── [2025-02-24T05:27:25Z]  test_switch.py
2025-02-24T05:27:34.9370787Z         │   ├── [2025-02-24T05:27:25Z]  test_table.py
2025-02-24T05:27:34.9371118Z         │   ├── [2025-02-24T05:27:25Z]  test_textinput.py
2025-02-24T05:27:34.9371562Z         │   ├── [2025-02-24T05:27:25Z]  test_timeinput.py
2025-02-24T05:27:34.9371985Z         │   ├── [2025-02-24T05:27:25Z]  test_tree.py
2025-02-24T05:27:34.9395973Z         │   └── [2025-02-24T05:27:25Z]  test_webview.py
2025-02-24T05:27:34.9396527Z         └── [2025-02-24T05:27:30Z]  window
2025-02-24T05:27:34.9397013Z             ├── [2025-02-24T05:27:25Z]  __init__.py
2025-02-24T05:27:34.9397380Z             ├── [2025-02-24T05:27:25Z]  conftest.py
2025-02-24T05:27:34.9397745Z             ├── [2025-02-24T05:27:25Z]  test_dialogs.py
2025-02-24T05:27:34.9398140Z             ├── [2025-02-24T05:27:25Z]  test_document_window.py
2025-02-24T05:27:34.9398585Z             ├── [2025-02-24T05:27:25Z]  test_filtered_widget_registry.py
2025-02-24T05:27:34.9399020Z             ├── [2025-02-24T05:27:25Z]  test_main_window.py
2025-02-24T05:27:34.9399390Z             └── [2025-02-24T05:27:25Z]  test_window.py
2025-02-24T05:27:34.9399668Z     
2025-02-24T05:27:34.9399876Z     29 directories, 202 files
2025-02-24T05:27:34.9932599Z Unpacking to: out/wheels/toga_core-0.4.9.dev608+g01152b56b...OK
2025-02-24T05:27:35.0024069Z     toga_core-0.4.9.dev608+g01152b56b
2025-02-24T05:27:35.0024912Z     ├── toga
2025-02-24T05:27:35.0025520Z     │   ├── __init__.py
2025-02-24T05:27:35.0025887Z     │   ├── app.py
2025-02-24T05:27:35.0026227Z     │   ├── colors.py
2025-02-24T05:27:35.0026583Z     │   ├── command.py
2025-02-24T05:27:35.0026958Z     │   ├── constants
2025-02-24T05:27:35.0027541Z     │   │   └── __init__.py
2025-02-24T05:27:35.0028155Z     │   ├── dialogs.py
2025-02-24T05:27:35.0028800Z     │   ├── documents.py
2025-02-24T05:27:35.0029474Z     │   ├── fonts.py
2025-02-24T05:27:35.0030076Z     │   ├── handlers.py
2025-02-24T05:27:35.0030909Z     │   ├── hardware
2025-02-24T05:27:35.0031462Z     │   │   ├── __init__.py
2025-02-24T05:27:35.0032042Z     │   │   ├── camera.py
2025-02-24T05:27:35.0032598Z     │   │   └── location.py
2025-02-24T05:27:35.0033134Z     │   ├── icons.py
2025-02-24T05:27:35.0033662Z     │   ├── images.py
2025-02-24T05:27:35.0034166Z     │   ├── keys.py
2025-02-24T05:27:35.0034663Z     │   ├── paths.py
2025-02-24T05:27:35.0035175Z     │   ├── platform.py
2025-02-24T05:27:35.0035699Z     │   ├── plugins
2025-02-24T05:27:35.0036204Z     │   │   ├── __init__.py
2025-02-24T05:27:35.0036778Z     │   │   └── image_formats.py
2025-02-24T05:27:35.0037347Z     │   ├── py.typed
2025-02-24T05:27:35.0037876Z     │   ├── resources
2025-02-24T05:27:35.0038463Z     │   │   └── __init__.py
2025-02-24T05:27:35.0039049Z     │   ├── screens.py
2025-02-24T05:27:35.0039550Z     │   ├── sources
2025-02-24T05:27:35.0040038Z     │   │   ├── __init__.py
2025-02-24T05:27:35.0040896Z     │   │   ├── accessors.py
2025-02-24T05:27:35.0041679Z     │   │   ├── base.py
2025-02-24T05:27:35.0042126Z     │   │   ├── list_source.py
2025-02-24T05:27:35.0042637Z     │   │   ├── tree_source.py
2025-02-24T05:27:35.0043145Z     │   │   └── value_source.py
2025-02-24T05:27:35.0043637Z     │   ├── statusicons.py
2025-02-24T05:27:35.0044275Z     │   ├── style
2025-02-24T05:27:35.0044707Z     │   │   ├── __init__.py
2025-02-24T05:27:35.0045195Z     │   │   ├── applicator.py
2025-02-24T05:27:35.0045686Z     │   │   ├── mixin.py
2025-02-24T05:27:35.0046131Z     │   │   └── pack.py
2025-02-24T05:27:35.0046573Z     │   ├── types.py
2025-02-24T05:27:35.0046997Z     │   ├── validators.py
2025-02-24T05:27:35.0047449Z     │   ├── widgets
2025-02-24T05:27:35.0047911Z     │   │   ├── __init__.py
2025-02-24T05:27:35.0048448Z     │   │   ├── activityindicator.py
2025-02-24T05:27:35.0048973Z     │   │   ├── base.py
2025-02-24T05:27:35.0049232Z     │   │   ├── box.py
2025-02-24T05:27:35.0049491Z     │   │   ├── button.py
2025-02-24T05:27:35.0049758Z     │   │   ├── canvas
2025-02-24T05:27:35.0050176Z     │   │   │   ├── __init__.py
2025-02-24T05:27:35.0050807Z     │   │   │   ├── canvas.py
2025-02-24T05:27:35.0051235Z     │   │   │   ├── context.py
2025-02-24T05:27:35.0051526Z     │   │   │   ├── drawingobject.py
2025-02-24T05:27:35.0052023Z     │   │   │   └── geometry.py
2025-02-24T05:27:35.0052468Z     │   │   ├── dateinput.py
2025-02-24T05:27:35.0052944Z     │   │   ├── detailedlist.py
2025-02-24T05:27:35.0053393Z     │   │   ├── divider.py
2025-02-24T05:27:35.0053813Z     │   │   ├── imageview.py
2025-02-24T05:27:35.0054114Z     │   │   ├── label.py
2025-02-24T05:27:35.0054375Z     │   │   ├── mapview.py
2025-02-24T05:27:35.0054667Z     │   │   ├── multilinetextinput.py
2025-02-24T05:27:35.0054984Z     │   │   ├── numberinput.py
2025-02-24T05:27:35.0055281Z     │   │   ├── optioncontainer.py
2025-02-24T05:27:35.0055596Z     │   │   ├── passwordinput.py
2025-02-24T05:27:35.0055891Z     │   │   ├── progressbar.py
2025-02-24T05:27:35.0056174Z     │   │   ├── scrollcontainer.py
2025-02-24T05:27:35.0056497Z     │   │   ├── selection.py
2025-02-24T05:27:35.0056769Z     │   │   ├── slider.py
2025-02-24T05:27:35.0057042Z     │   │   ├── splitcontainer.py
2025-02-24T05:27:35.0057325Z     │   │   ├── switch.py
2025-02-24T05:27:35.0057584Z     │   │   ├── table.py
2025-02-24T05:27:35.0057842Z     │   │   ├── textinput.py
2025-02-24T05:27:35.0058111Z     │   │   ├── timeinput.py
2025-02-24T05:27:35.0058371Z     │   │   ├── tree.py
2025-02-24T05:27:35.0058619Z     │   │   └── webview.py
2025-02-24T05:27:35.0058865Z     │   └── window.py
2025-02-24T05:27:35.0059166Z     └── toga_core-0.4.9.dev608+g01152b56b.dist-info
2025-02-24T05:27:35.0059496Z         ├── LICENSE
2025-02-24T05:27:35.0059722Z         ├── METADATA
2025-02-24T05:27:35.0059948Z         ├── RECORD
2025-02-24T05:27:35.0060160Z         ├── WHEEL
2025-02-24T05:27:35.0060603Z         ├── entry_points.txt
2025-02-24T05:27:35.0060872Z         └── top_level.txt
2025-02-24T05:27:35.0061088Z     
2025-02-24T05:27:35.0061270Z     11 directories, 73 files
2025-02-24T05:27:35.0061725Z ----- Metadata Follows -----
2025-02-24T05:27:35.0061968Z     Metadata-Version: 2.2
2025-02-24T05:27:35.0062187Z     Name: toga-core
2025-02-24T05:27:35.0062389Z     Version: 0.4.9.dev608+g01152b56b
2025-02-24T05:27:35.0062791Z     Summary: A Python native, OS native GUI toolkit.
2025-02-24T05:27:35.0063167Z     Author-email: Russell Keith-Magee <russell@keith-magee.com>
2025-02-24T05:27:35.0063557Z     Maintainer-email: BeeWare Team <team@beeware.org>
2025-02-24T05:27:35.0063853Z     License: New BSD
2025-02-24T05:27:35.0064211Z     Project-URL: Homepage, https://beeware.org/project/projects/libraries/toga/
2025-02-24T05:27:35.0064713Z     Project-URL: Funding, https://beeware.org/contributing/membership/
2025-02-24T05:27:35.0065146Z     Project-URL: Documentation, https://toga.readthedocs.io/
2025-02-24T05:27:35.0065559Z     Project-URL: Tracker, https://github.com/beeware/toga/issues
2025-02-24T05:27:35.0065951Z     Project-URL: Source, https://github.com/beeware/toga
2025-02-24T05:27:35.0066466Z     Project-URL: Changelog, https://toga.readthedocs.io/en/stable/background/project/releases.html
2025-02-24T05:27:35.0067379Z     Keywords: gui,widget,cross-platform,toga,desktop,mobile,web,macOS,cocoa,iOS,android,windows,winforms,linux,freeBSD,gtk,console,web
2025-02-24T05:27:35.0068148Z     Classifier: Development Status :: 4 - Beta
2025-02-24T05:27:35.0068462Z     Classifier: Intended Audience :: Developers
2025-02-24T05:27:35.0068787Z     Classifier: License :: OSI Approved :: BSD License
2025-02-24T05:27:35.0069125Z     Classifier: Operating System :: OS Independent
2025-02-24T05:27:35.0069457Z     Classifier: Programming Language :: Python :: 3
2025-02-24T05:27:35.0069790Z     Classifier: Programming Language :: Python :: 3.9
2025-02-24T05:27:35.0070141Z     Classifier: Programming Language :: Python :: 3.10
2025-02-24T05:27:35.0070773Z     Classifier: Programming Language :: Python :: 3.11
2025-02-24T05:27:35.0071139Z     Classifier: Programming Language :: Python :: 3.12
2025-02-24T05:27:35.0071506Z     Classifier: Programming Language :: Python :: 3.13
2025-02-24T05:27:35.0071883Z     Classifier: Programming Language :: Python :: 3 :: Only
2025-02-24T05:27:35.0072241Z     Classifier: Topic :: Software Development
2025-02-24T05:27:35.0072622Z     Classifier: Topic :: Software Development :: User Interfaces
2025-02-24T05:27:35.0073039Z     Classifier: Topic :: Software Development :: Widget Sets
2025-02-24T05:27:35.0073386Z     Requires-Python: >=3.9
2025-02-24T05:27:35.0073655Z     Description-Content-Type: text/x-rst
2025-02-24T05:27:35.0073940Z     License-File: LICENSE
2025-02-24T05:27:35.0074218Z     Requires-Dist: travertino==0.4.9.dev608+g01152b56b
2025-02-24T05:27:35.0074534Z     Provides-Extra: dev
2025-02-24T05:27:35.0074815Z     Requires-Dist: coverage[toml]==7.6.12; extra == "dev"
2025-02-24T05:27:35.0075244Z     Requires-Dist: coverage-conditional-plugin==0.9.0; extra == "dev"
2025-02-24T05:27:35.0075648Z     Requires-Dist: Pillow==11.1.0; extra == "dev"
2025-02-24T05:27:35.0075992Z     Requires-Dist: pre-commit==4.1.0; extra == "dev"
2025-02-24T05:27:35.0076332Z     Requires-Dist: pytest==8.3.4; extra == "dev"
2025-02-24T05:27:35.0076683Z     Requires-Dist: pytest-asyncio==0.25.3; extra == "dev"
2025-02-24T05:27:35.0077061Z     Requires-Dist: pytest-freezer==0.4.9; extra == "dev"
2025-02-24T05:27:35.0077429Z     Requires-Dist: setuptools-scm==8.1.0; extra == "dev"
2025-02-24T05:27:35.0077765Z     Requires-Dist: tox==4.24.1; extra == "dev"
2025-02-24T05:27:35.0078215Z     Requires-Dist: typing-extensions==4.12.2; python_version < "3.10" and extra == "dev"
2025-02-24T05:27:35.0078658Z     Provides-Extra: docs
2025-02-24T05:27:35.0078924Z     Requires-Dist: furo==2024.8.6; extra == "docs"
2025-02-24T05:27:35.0079259Z     Requires-Dist: Pillow==11.1.0; extra == "docs"
2025-02-24T05:27:35.0079593Z     Requires-Dist: pyenchant==3.2.2; extra == "docs"
2025-02-24T05:27:35.0079932Z     Requires-Dist: sphinx==8.2.1; extra == "docs"
2025-02-24T05:27:35.0080573Z     Requires-Dist: sphinx_tabs==3.4.5; extra == "docs"
2025-02-24T05:27:35.0080965Z     Requires-Dist: sphinx-autobuild==2024.10.3; extra == "docs"
2025-02-24T05:27:35.0081379Z     Requires-Dist: sphinx-csv-filter==0.4.2; extra == "docs"
2025-02-24T05:27:35.0081888Z     Requires-Dist: sphinx-copybutton==0.5.2; extra == "docs"
2025-02-24T05:27:35.0082272Z     Requires-Dist: sphinx-toolbox==3.8.3; extra == "docs"
2025-02-24T05:27:35.0082683Z     Requires-Dist: sphinxcontrib-spelling==8.0.1; extra == "docs"
2025-02-24T05:27:35.0083047Z     Dynamic: requires-dist
2025-02-24T05:27:35.0083272Z     
2025-02-24T05:27:35.0083449Z     Toga
2025-02-24T05:27:35.0083615Z     ====
2025-02-24T05:27:35.0083789Z     
2025-02-24T05:27:35.0083994Z     A Python native, OS native GUI toolkit.
2025-02-24T05:27:35.0084267Z     
2025-02-24T05:27:35.0084600Z     This package provides the core Toga API. In order to use Toga, you'll also need to
2025-02-24T05:27:35.0085136Z     install a backend that implements the core Toga API for that platform:
2025-02-24T05:27:35.0085517Z     
2025-02-24T05:27:35.0085815Z     * **Android** `toga-android <https://pypi.org/project/toga-android>`__
2025-02-24T05:27:35.0086255Z     * **iOS** `toga-iOS <https://pypi.org/project/toga-iOS>`__
2025-02-24T05:27:35.0086652Z     * **Linux** `toga-gtk <https://pypi.org/project/toga-gtk>`__
2025-02-24T05:27:35.0087065Z     * **macOS** `toga-cocoa <https://pypi.org/project/toga-cocoa>`__
2025-02-24T05:27:35.0087517Z     * **Textual** `toga-textual <https://pypi.org/project/toga-textual>`__
2025-02-24T05:27:35.0087945Z     * **Web** `toga-web <https://pypi.org/project/toga-web>`__
2025-02-24T05:27:35.0088373Z     * **Windows** `toga-winforms <https://pypi.org/project/toga-winforms>`__
2025-02-24T05:27:35.0088744Z     
2025-02-24T05:27:35.0088919Z     Minimum requirements
2025-02-24T05:27:35.0089142Z     --------------------
2025-02-24T05:27:35.0089349Z     
2025-02-24T05:27:35.0089539Z     Toga requires **Python 3.9** or newer.
2025-02-24T05:27:35.0089793Z     
2025-02-24T05:27:35.0090127Z     Each backend also has specific requirements and pre-requisites. See the `platform
2025-02-24T05:27:35.0091088Z     documentation <https://toga.readthedocs.io/en/latest/reference/platforms.html>`__ for
2025-02-24T05:27:35.0091536Z     details.
2025-02-24T05:27:35.0091718Z     
2025-02-24T05:27:35.0091883Z     Quickstart
2025-02-24T05:27:35.0092070Z     ----------
2025-02-24T05:27:35.0092255Z     
2025-02-24T05:27:35.0092552Z     To get a demonstration of the capabilities of Toga, run the following::
2025-02-24T05:27:35.0092923Z     
2025-02-24T05:27:35.0093118Z         $ python -m pip install toga-demo
2025-02-24T05:27:35.0093390Z         $ toga-demo
2025-02-24T05:27:35.0093580Z     
2025-02-24T05:27:35.0093818Z     This will pop up a GUI window with some sample widgets.
2025-02-24T05:27:35.0094128Z     
2025-02-24T05:27:35.0094293Z     Documentation
2025-02-24T05:27:35.0094491Z     -------------
2025-02-24T05:27:35.0094673Z     
2025-02-24T05:27:35.0094918Z     Documentation for Toga can be found on `Read The Docs`_.
2025-02-24T05:27:35.0095238Z     
2025-02-24T05:27:35.0095453Z     .. _Read The Docs: https://toga.readthedocs.io
2025-02-24T05:27:35.0095748Z     
2025-02-24T05:27:35.0095911Z     Community
2025-02-24T05:27:35.0096093Z     ---------
2025-02-24T05:27:35.0096274Z     
2025-02-24T05:27:35.0096568Z     Toga is part of the `BeeWare suite`_. You can talk to the community through:
2025-02-24T05:27:35.0096945Z     
2025-02-24T05:27:35.0097142Z     * `@beeware@fosstodon.org on Mastodon`_
2025-02-24T05:27:35.0097415Z     * `Discord`_
2025-02-24T05:27:35.0097635Z     * The Toga `Github Discussions forum`_
2025-02-24T05:27:35.0097894Z     
2025-02-24T05:27:35.0098176Z     We foster a welcoming and respectful community as described in our
2025-02-24T05:27:35.0098566Z     `BeeWare Community Code of Conduct`_.
2025-02-24T05:27:35.0098833Z     
2025-02-24T05:27:35.0099034Z     .. _BeeWare suite: https://beeware.org
2025-02-24T05:27:35.0099428Z     .. _@beeware@fosstodon.org on Mastodon: https://fosstodon.org/@beeware
2025-02-24T05:27:35.0099974Z     .. _Discord: https://beeware.org/bee/chat/
2025-02-24T05:27:35.0100580Z     .. _Github Discussions forum: https://github.com/beeware/toga/discussions
2025-02-24T05:27:35.0101275Z     .. _BeeWare Community Code of Conduct: https://beeware.org/community/behavior/
2025-02-24T05:27:35.0101682Z     
2025-02-24T05:27:35.0101852Z     Contributing
2025-02-24T05:27:35.0102057Z     ------------
2025-02-24T05:27:35.0102250Z     
2025-02-24T05:27:35.0102539Z     If you'd like to contribute to Toga development, our `guide for first time
2025-02-24T05:27:35.0102947Z     contributors`_ will help you get started.
2025-02-24T05:27:35.0103215Z     
2025-02-24T05:27:35.0103518Z     If you experience problems with Toga, `log them on GitHub`_. If you want to
2025-02-24T05:27:35.0104030Z     contribute code, please `fork the code`_ and `submit a pull request`_.
2025-02-24T05:27:35.0104398Z     
2025-02-24T05:27:35.0104815Z     .. _guide for first time contributors: https://toga.readthedocs.io/en/latest/how-to/contribute/index.html
2025-02-24T05:27:35.0105406Z     .. _log them on Github: https://github.com/beeware/toga/issues
2025-02-24T05:27:35.0105788Z     .. _fork the code: https://github.com/beeware/toga
2025-02-24T05:27:35.0106188Z     .. _submit a pull request: https://github.com/beeware/toga/pulls
2025-02-24T05:27:35.0106551Z ----- End of Metadata -----
2025-02-24T05:27:35.0189966Z ##[group]Run actions/upload-artifact@v4
2025-02-24T05:27:35.0190405Z with:
2025-02-24T05:27:35.0190628Z   name: Package Metadata-toga-core
2025-02-24T05:27:35.0190939Z   path: /tmp/baipp/dist/out/sdist/*/PKG-INFO
2025-02-24T05:27:35.0191259Z   if-no-files-found: warn
2025-02-24T05:27:35.0191512Z   compression-level: 6
2025-02-24T05:27:35.0191748Z   overwrite: false
2025-02-24T05:27:35.0191979Z   include-hidden-files: false
2025-02-24T05:27:35.0192225Z env:
2025-02-24T05:27:35.0192413Z   FORCE_COLOR: 1
2025-02-24T05:27:35.0192644Z   UV_CACHE_DIR: /tmp/baipp-uv_cache_dir
2025-02-24T05:27:35.0193089Z   REQS_HASH: 3f90074aa1ae051ed85c628263149fee339611d3ee83927a5845d19345dcfa4f
2025-02-24T05:27:35.0193513Z ##[endgroup]
2025-02-24T05:27:35.2330631Z With the provided path, there will be 1 file uploaded
2025-02-24T05:27:35.2337487Z Artifact name is valid!
2025-02-24T05:27:35.2339283Z Root directory input is valid!
2025-02-24T05:27:35.5119750Z Beginning upload of artifact content to blob storage
2025-02-24T05:27:35.8334076Z Uploaded bytes 2067
2025-02-24T05:27:35.9171350Z Finished uploading artifact content to blob storage!
2025-02-24T05:27:35.9175792Z SHA256 hash of uploaded artifact zip is 2d4a619246044fa2021ef5e415b8cfcb1f077a56c6298cea1ca1f6957f7f2dbe
2025-02-24T05:27:35.9177967Z Finalizing artifact upload
2025-02-24T05:27:36.0393012Z Artifact Package Metadata-toga-core.zip successfully finalized. Artifact ID 2639028453
2025-02-24T05:27:36.0395412Z Artifact Package Metadata-toga-core has been successfully uploaded! Final size is 2067 bytes. Artifact ID is 2639028453
2025-02-24T05:27:36.0403361Z Artifact download URL: https://github.com/beeware/toga/actions/runs/13491433041/artifacts/2639028453
2025-02-24T05:27:36.0494287Z ##[group]Run cat */PKG-INFO | python -c '
2025-02-24T05:27:36.0494697Z [36;1mcat */PKG-INFO | python -c '[0m
2025-02-24T05:27:36.0495072Z [36;1mimport email.parser[0m
2025-02-24T05:27:36.0495377Z [36;1mimport sys[0m
2025-02-24T05:27:36.0495640Z [36;1m[0m
2025-02-24T05:27:36.0495984Z [36;1mem = email.parser.Parser().parsestr(sys.stdin.read())[0m
2025-02-24T05:27:36.0496428Z [36;1msuffix = {[0m
2025-02-24T05:27:36.0496709Z [36;1m    "text/markdown": "md",[0m
2025-02-24T05:27:36.0497045Z [36;1m    "text/x-rst": "rst",[0m
2025-02-24T05:27:36.0497414Z [36;1m}[em["Description-Content-Type"]][0m
2025-02-24T05:27:36.0497844Z [36;1mwith open(f"PyPI-README.{suffix}", "w") as f:[0m
2025-02-24T05:27:36.0498260Z [36;1m    f.write(em.get_payload())[0m
2025-02-24T05:27:36.0498590Z [36;1m'[0m
2025-02-24T05:27:36.0554780Z shell: /usr/bin/bash --noprofile --norc -e -o pipefail {0}
2025-02-24T05:27:36.0555440Z env:
2025-02-24T05:27:36.0555695Z   FORCE_COLOR: 1
2025-02-24T05:27:36.0556048Z   UV_CACHE_DIR: /tmp/baipp-uv_cache_dir
2025-02-24T05:27:36.0556629Z   REQS_HASH: 3f90074aa1ae051ed85c628263149fee339611d3ee83927a5845d19345dcfa4f
2025-02-24T05:27:36.0557327Z ##[endgroup]
2025-02-24T05:27:36.1038665Z ##[group]Run actions/upload-artifact@v4
2025-02-24T05:27:36.1039127Z with:
2025-02-24T05:27:36.1039485Z   name: PyPI README-toga-core
2025-02-24T05:27:36.1040022Z   path: /tmp/baipp/dist/out/sdist/PyPI-README.*
2025-02-24T05:27:36.1040824Z   if-no-files-found: warn
2025-02-24T05:27:36.1054742Z   compression-level: 6
2025-02-24T05:27:36.1055150Z   overwrite: false
2025-02-24T05:27:36.1055574Z   include-hidden-files: false
2025-02-24T05:27:36.1055995Z env:
2025-02-24T05:27:36.1056276Z   FORCE_COLOR: 1
2025-02-24T05:27:36.1056621Z   UV_CACHE_DIR: /tmp/baipp-uv_cache_dir
2025-02-24T05:27:36.1057285Z   REQS_HASH: 3f90074aa1ae051ed85c628263149fee339611d3ee83927a5845d19345dcfa4f
2025-02-24T05:27:36.1057976Z ##[endgroup]
2025-02-24T05:27:36.3189493Z With the provided path, there will be 1 file uploaded
2025-02-24T05:27:36.3194997Z Artifact name is valid!
2025-02-24T05:27:36.3196294Z Root directory input is valid!
2025-02-24T05:27:36.6040926Z Beginning upload of artifact content to blob storage
2025-02-24T05:27:36.9230485Z Uploaded bytes 1121
2025-02-24T05:27:37.0061497Z Finished uploading artifact content to blob storage!
2025-02-24T05:27:37.0066125Z SHA256 hash of uploaded artifact zip is c44d7a2e0faee35f12eff6b5ba2528bb5a140136204f8450f279940a9b376518
2025-02-24T05:27:37.0068251Z Finalizing artifact upload
2025-02-24T05:27:37.1362545Z Artifact PyPI README-toga-core.zip successfully finalized. Artifact ID 2639028504
2025-02-24T05:27:37.1363880Z Artifact PyPI README-toga-core has been successfully uploaded! Final size is 1121 bytes. Artifact ID is 2639028504
2025-02-24T05:27:37.1370629Z Artifact download URL: https://github.com/beeware/toga/actions/runs/13491433041/artifacts/2639028504
2025-02-24T05:27:37.1460021Z ##[group]Run cat */PKG-INFO | python -c '
2025-02-24T05:27:37.1460743Z [36;1mcat */PKG-INFO | python -c '[0m
2025-02-24T05:27:37.1461108Z [36;1mimport email.parser[0m
2025-02-24T05:27:37.1461432Z [36;1mimport json, re, sys[0m
2025-02-24T05:27:37.1461736Z [36;1m[0m
2025-02-24T05:27:37.1462112Z [36;1mpkg_info = email.parser.Parser().parsestr(sys.stdin.read())[0m
2025-02-24T05:27:37.1462575Z [36;1m[0m
2025-02-24T05:27:37.1462818Z [36;1mversion_tokens = [][0m
2025-02-24T05:27:37.1463222Z [36;1mfor classifier in pkg_info.get_all("Classifier", []):[0m
2025-02-24T05:27:37.1463860Z [36;1m    if match := re.match(r"Programming Language :: Python :: (\d+\.\d+)$", classifier):[0m
2025-02-24T05:27:37.1464448Z [36;1m        version_tokens.append(match.group(1))[0m
2025-02-24T05:27:37.1464822Z [36;1m[0m
2025-02-24T05:27:37.1465180Z [36;1mpackage_version = pkg_info.get("Version", "0.0.0")[0m
2025-02-24T05:27:37.1465587Z [36;1m[0m
2025-02-24T05:27:37.1465880Z [36;1mprint(f"package_version={package_version}")[0m
2025-02-24T05:27:37.1466489Z [36;1mprint(f"supported_python_classifiers_json_array={json.dumps(version_tokens)}")[0m
2025-02-24T05:27:37.1467409Z [36;1mprint(f"""supported_python_classifiers_json_job_matrix_value={json.dumps({"python-version": version_tokens})}""")[0m
2025-02-24T05:27:37.1468117Z [36;1m' >> $GITHUB_OUTPUT[0m
2025-02-24T05:27:37.1523117Z shell: /usr/bin/bash --noprofile --norc -e -o pipefail {0}
2025-02-24T05:27:37.1523592Z env:
2025-02-24T05:27:37.1523845Z   FORCE_COLOR: 1
2025-02-24T05:27:37.1524159Z   UV_CACHE_DIR: /tmp/baipp-uv_cache_dir
2025-02-24T05:27:37.1524727Z   REQS_HASH: 3f90074aa1ae051ed85c628263149fee339611d3ee83927a5845d19345dcfa4f
2025-02-24T05:27:37.1525283Z ##[endgroup]
2025-02-24T05:27:37.2030584Z ##[group]Run # trim the differentiator to generate the artifact's basename
2025-02-24T05:27:37.2031204Z [36;1m# trim the differentiator to generate the artifact's basename[0m
2025-02-24T05:27:37.2031761Z [36;1mecho "basename=${BASENAME%-core}" | tee -a ${GITHUB_OUTPUT}[0m
2025-02-24T05:27:37.2081361Z shell: /usr/bin/bash -e {0}
2025-02-24T05:27:37.2081670Z env:
2025-02-24T05:27:37.2081898Z   FORCE_COLOR: 1
2025-02-24T05:27:37.2082181Z   UV_CACHE_DIR: /tmp/baipp-uv_cache_dir
2025-02-24T05:27:37.2082693Z   REQS_HASH: 3f90074aa1ae051ed85c628263149fee339611d3ee83927a5845d19345dcfa4f
2025-02-24T05:27:37.2083228Z   BASENAME: Packages-toga-core
2025-02-24T05:27:37.2083538Z ##[endgroup]
2025-02-24T05:27:37.2169140Z basename=Packages-toga
2025-02-24T05:27:37.2318332Z Post job cleanup.
2025-02-24T05:27:37.2345274Z Post job cleanup.
2025-02-24T05:27:37.3601735Z Cache hit occurred on the primary key baipp-3f90074aa1ae051ed85c628263149fee339611d3ee83927a5845d19345dcfa4f, not saving cache.
2025-02-24T05:27:37.3689651Z Post job cleanup.
2025-02-24T05:27:37.5357312Z Post job cleanup.
2025-02-24T05:27:37.6307723Z [command]/usr/bin/git version
2025-02-24T05:27:37.6347151Z git version 2.48.1
2025-02-24T05:27:37.6389656Z Temporarily overriding HOME='/home/runner/work/_temp/9ac52a20-dbd0-4c2a-8dc7-2b5c1786aaf2' before making global git config changes
2025-02-24T05:27:37.6391374Z Adding repository directory to the temporary git global config as a safe directory
2025-02-24T05:27:37.6403456Z [command]/usr/bin/git config --global --add safe.directory /home/runner/work/toga/toga
2025-02-24T05:27:37.6441435Z [command]/usr/bin/git config --local --name-only --get-regexp core\.sshCommand
2025-02-24T05:27:37.6475450Z [command]/usr/bin/git submodule foreach --recursive sh -c "git config --local --name-only --get-regexp 'core\.sshCommand' && git config --local --unset-all 'core.sshCommand' || :"
2025-02-24T05:27:37.6719598Z [command]/usr/bin/git config --local --name-only --get-regexp http\.https\:\/\/github\.com\/\.extraheader
2025-02-24T05:27:37.6742411Z http.https://github.com/.extraheader
2025-02-24T05:27:37.6755770Z [command]/usr/bin/git config --local --unset-all http.https://github.com/.extraheader
2025-02-24T05:27:37.6787776Z [command]/usr/bin/git submodule foreach --recursive sh -c "git config --local --name-only --get-regexp 'http\.https\:\/\/github\.com\/\.extraheader' && git config --local --unset-all 'http.https://github.com/.extraheader' || :"
2025-02-24T05:27:37.7143185Z Evaluate and set job outputs
2025-02-24T05:27:37.7147555Z Set output 'artifact-name'
2025-02-24T05:27:37.7149163Z Set output 'artifact-basename'
2025-02-24T05:27:37.7150557Z Cleaning up orphan processes
